2297 [main] DEBUG o.s.b.l.ClasspathLoggingApplicationListener - Application started with classpath: [file:/D:/WorkSoftware/Java/jdk1.8.0_111/jre/lib/charsets.jar, file:/D:/WorkSoftware/Java/jdk1.8.0_111/jre/lib/deploy.jar, file:/D:/WorkSoftware/Java/jdk1.8.0_111/jre/lib/ext/access-bridge-64.jar, file:/D:/WorkSoftware/Java/jdk1.8.0_111/jre/lib/ext/cldrdata.jar, file:/D:/WorkSoftware/Java/jdk1.8.0_111/jre/lib/ext/dnsns.jar, file:/D:/WorkSoftware/Java/jdk1.8.0_111/jre/lib/ext/jaccess.jar, file:/D:/WorkSoftware/Java/jdk1.8.0_111/jre/lib/ext/jfxrt.jar, file:/D:/WorkSoftware/Java/jdk1.8.0_111/jre/lib/ext/localedata.jar, file:/D:/WorkSoftware/Java/jdk1.8.0_111/jre/lib/ext/nashorn.jar, file:/D:/WorkSoftware/Java/jdk1.8.0_111/jre/lib/ext/sunec.jar, file:/D:/WorkSoftware/Java/jdk1.8.0_111/jre/lib/ext/sunjce_provider.jar, file:/D:/WorkSoftware/Java/jdk1.8.0_111/jre/lib/ext/sunmscapi.jar, file:/D:/WorkSoftware/Java/jdk1.8.0_111/jre/lib/ext/sunpkcs11.jar, file:/D:/WorkSoftware/Java/jdk1.8.0_111/jre/lib/ext/zipfs.jar, file:/D:/WorkSoftware/Java/jdk1.8.0_111/jre/lib/javaws.jar, file:/D:/WorkSoftware/Java/jdk1.8.0_111/jre/lib/jce.jar, file:/D:/WorkSoftware/Java/jdk1.8.0_111/jre/lib/jfr.jar, file:/D:/WorkSoftware/Java/jdk1.8.0_111/jre/lib/jfxswt.jar, file:/D:/WorkSoftware/Java/jdk1.8.0_111/jre/lib/jsse.jar, file:/D:/WorkSoftware/Java/jdk1.8.0_111/jre/lib/management-agent.jar, file:/D:/WorkSoftware/Java/jdk1.8.0_111/jre/lib/plugin.jar, file:/D:/WorkSoftware/Java/jdk1.8.0_111/jre/lib/resources.jar, file:/D:/WorkSoftware/Java/jdk1.8.0_111/jre/lib/rt.jar, file:/F:/ideaworkspace201603/learn-for-me/spring-cloud-eureka/target/classes/, file:/D:/mavenHome/org/springframework/boot/spring-boot/1.4.4.RELEASE/spring-boot-1.4.4.RELEASE.jar, file:/D:/mavenHome/org/springframework/spring-context/4.3.6.RELEASE/spring-context-4.3.6.RELEASE.jar, file:/D:/mavenHome/org/springframework/spring-aop/4.3.6.RELEASE/spring-aop-4.3.6.RELEASE.jar, file:/D:/mavenHome/org/springframework/spring-beans/4.3.6.RELEASE/spring-beans-4.3.6.RELEASE.jar, file:/D:/mavenHome/org/springframework/spring-expression/4.3.6.RELEASE/spring-expression-4.3.6.RELEASE.jar, file:/D:/mavenHome/org/springframework/boot/spring-boot-autoconfigure/1.4.4.RELEASE/spring-boot-autoconfigure-1.4.4.RELEASE.jar, file:/D:/mavenHome/org/ow2/asm/asm/5.0.3/asm-5.0.3.jar, file:/D:/mavenHome/org/slf4j/slf4j-api/1.7.22/slf4j-api-1.7.22.jar, file:/D:/mavenHome/org/springframework/spring-core/4.3.6.RELEASE/spring-core-4.3.6.RELEASE.jar, file:/D:/mavenHome/org/springframework/cloud/spring-cloud-starter-eureka-server/1.1.0.RELEASE/spring-cloud-starter-eureka-server-1.1.0.RELEASE.jar, file:/D:/mavenHome/org/springframework/cloud/spring-cloud-starter/1.1.0.RELEASE/spring-cloud-starter-1.1.0.RELEASE.jar, file:/D:/mavenHome/org/springframework/boot/spring-boot-starter/1.4.4.RELEASE/spring-boot-starter-1.4.4.RELEASE.jar, file:/D:/mavenHome/org/springframework/boot/spring-boot-starter-logging/1.4.4.RELEASE/spring-boot-starter-logging-1.4.4.RELEASE.jar, file:/D:/mavenHome/ch/qos/logback/logback-classic/1.1.9/logback-classic-1.1.9.jar, file:/D:/mavenHome/ch/qos/logback/logback-core/1.1.9/logback-core-1.1.9.jar, file:/D:/mavenHome/org/slf4j/jcl-over-slf4j/1.7.22/jcl-over-slf4j-1.7.22.jar, file:/D:/mavenHome/org/slf4j/jul-to-slf4j/1.7.22/jul-to-slf4j-1.7.22.jar, file:/D:/mavenHome/org/slf4j/log4j-over-slf4j/1.7.22/log4j-over-slf4j-1.7.22.jar, file:/D:/mavenHome/org/yaml/snakeyaml/1.17/snakeyaml-1.17.jar, file:/D:/mavenHome/org/springframework/cloud/spring-cloud-context/1.1.0.RELEASE/spring-cloud-context-1.1.0.RELEASE.jar, file:/D:/mavenHome/org/springframework/security/spring-security-crypto/4.1.4.RELEASE/spring-security-crypto-4.1.4.RELEASE.jar, file:/D:/mavenHome/org/springframework/cloud/spring-cloud-commons/1.1.0.RELEASE/spring-cloud-commons-1.1.0.RELEASE.jar, file:/D:/mavenHome/org/springframework/security/spring-security-rsa/1.0.1.RELEASE/spring-security-rsa-1.0.1.RELEASE.jar, file:/D:/mavenHome/org/bouncycastle/bcpkix-jdk15on/1.47/bcpkix-jdk15on-1.47.jar, file:/D:/mavenHome/org/bouncycastle/bcprov-jdk15on/1.47/bcprov-jdk15on-1.47.jar, file:/D:/mavenHome/org/springframework/cloud/spring-cloud-netflix-eureka-server/1.1.0.RELEASE/spring-cloud-netflix-eureka-server-1.1.0.RELEASE.jar, file:/D:/mavenHome/org/springframework/boot/spring-boot-starter-web/1.4.4.RELEASE/spring-boot-starter-web-1.4.4.RELEASE.jar, file:/D:/mavenHome/org/springframework/boot/spring-boot-starter-tomcat/1.4.4.RELEASE/spring-boot-starter-tomcat-1.4.4.RELEASE.jar, file:/D:/mavenHome/org/apache/tomcat/embed/tomcat-embed-core/8.5.11/tomcat-embed-core-8.5.11.jar, file:/D:/mavenHome/org/apache/tomcat/embed/tomcat-embed-el/8.5.11/tomcat-embed-el-8.5.11.jar, file:/D:/mavenHome/org/apache/tomcat/embed/tomcat-embed-websocket/8.5.11/tomcat-embed-websocket-8.5.11.jar, file:/D:/mavenHome/org/hibernate/hibernate-validator/5.2.4.Final/hibernate-validator-5.2.4.Final.jar, file:/D:/mavenHome/javax/validation/validation-api/1.1.0.Final/validation-api-1.1.0.Final.jar, file:/D:/mavenHome/org/jboss/logging/jboss-logging/3.3.0.Final/jboss-logging-3.3.0.Final.jar, file:/D:/mavenHome/com/fasterxml/classmate/1.3.3/classmate-1.3.3.jar, file:/D:/mavenHome/org/springframework/spring-web/4.3.6.RELEASE/spring-web-4.3.6.RELEASE.jar, file:/D:/mavenHome/org/springframework/spring-webmvc/4.3.6.RELEASE/spring-webmvc-4.3.6.RELEASE.jar, file:/D:/mavenHome/org/springframework/boot/spring-boot-starter-actuator/1.4.4.RELEASE/spring-boot-starter-actuator-1.4.4.RELEASE.jar, file:/D:/mavenHome/org/springframework/boot/spring-boot-actuator/1.4.4.RELEASE/spring-boot-actuator-1.4.4.RELEASE.jar, file:/D:/mavenHome/org/springframework/boot/spring-boot-starter-freemarker/1.4.4.RELEASE/spring-boot-starter-freemarker-1.4.4.RELEASE.jar, file:/D:/mavenHome/org/freemarker/freemarker/2.3.25-incubating/freemarker-2.3.25-incubating.jar, file:/D:/mavenHome/org/springframework/spring-context-support/4.3.6.RELEASE/spring-context-support-4.3.6.RELEASE.jar, file:/D:/mavenHome/org/springframework/cloud/spring-cloud-netflix-core/1.1.0.RELEASE/spring-cloud-netflix-core-1.1.0.RELEASE.jar, file:/D:/mavenHome/org/springframework/cloud/spring-cloud-netflix-eureka-client/1.1.0.RELEASE/spring-cloud-netflix-eureka-client-1.1.0.RELEASE.jar, file:/D:/mavenHome/com/netflix/eureka/eureka-client/1.4.6/eureka-client-1.4.6.jar, file:/D:/mavenHome/org/codehaus/jettison/jettison/1.3.7/jettison-1.3.7.jar, file:/D:/mavenHome/stax/stax-api/1.0.1/stax-api-1.0.1.jar, file:/D:/mavenHome/com/netflix/netflix-commons/netflix-eventbus/0.3.0/netflix-eventbus-0.3.0.jar, file:/D:/mavenHome/javax/ws/rs/jsr311-api/1.1.1/jsr311-api-1.1.1.jar, file:/D:/mavenHome/com/netflix/servo/servo-core/0.10.1/servo-core-0.10.1.jar, file:/D:/mavenHome/com/netflix/servo/servo-internal/0.10.1/servo-internal-0.10.1.jar, file:/D:/mavenHome/com/sun/jersey/jersey-core/1.19.1/jersey-core-1.19.1.jar, file:/D:/mavenHome/com/sun/jersey/jersey-client/1.19.1/jersey-client-1.19.1.jar, file:/D:/mavenHome/com/sun/jersey/contribs/jersey-apache-client4/1.19.1/jersey-apache-client4-1.19.1.jar, file:/D:/mavenHome/org/apache/httpcomponents/httpclient/4.5.2/httpclient-4.5.2.jar, file:/D:/mavenHome/org/apache/httpcomponents/httpcore/4.4.6/httpcore-4.4.6.jar, file:/D:/mavenHome/commons-codec/commons-codec/1.10/commons-codec-1.10.jar, file:/D:/mavenHome/com/google/inject/guice/4.0/guice-4.0.jar, file:/D:/mavenHome/aopalliance/aopalliance/1.0/aopalliance-1.0.jar, file:/D:/mavenHome/com/netflix/governator/governator-api/1.12.10/governator-api-1.12.10.jar, file:/D:/mavenHome/com/sun/jersey/jersey-servlet/1.19.1/jersey-servlet-1.19.1.jar, file:/D:/mavenHome/com/sun/jersey/jersey-server/1.19.1/jersey-server-1.19.1.jar, file:/D:/mavenHome/com/netflix/eureka/eureka-core/1.4.6/eureka-core-1.4.6.jar, file:/D:/mavenHome/com/amazonaws/aws-java-sdk-core/1.10.30/aws-java-sdk-core-1.10.30.jar, file:/D:/mavenHome/com/amazonaws/aws-java-sdk-ec2/1.10.30/aws-java-sdk-ec2-1.10.30.jar, file:/D:/mavenHome/com/amazonaws/aws-java-sdk-autoscaling/1.9.3/aws-java-sdk-autoscaling-1.9.3.jar, file:/D:/mavenHome/com/amazonaws/aws-java-sdk-sts/1.9.3/aws-java-sdk-sts-1.9.3.jar, file:/D:/mavenHome/com/amazonaws/aws-java-sdk-route53/1.9.3/aws-java-sdk-route53-1.9.3.jar, file:/D:/mavenHome/com/netflix/governator/governator/1.12.10/governator-1.12.10.jar, file:/D:/mavenHome/com/netflix/governator/governator-core/1.12.10/governator-core-1.12.10.jar, file:/D:/mavenHome/org/codehaus/woodstox/woodstox-core-asl/4.4.1/woodstox-core-asl-4.4.1.jar, file:/D:/mavenHome/javax/xml/stream/stax-api/1.0-2/stax-api-1.0-2.jar, file:/D:/mavenHome/com/netflix/archaius/archaius-core/0.7.4/archaius-core-0.7.4.jar, file:/D:/mavenHome/com/google/code/findbugs/jsr305/3.0.1/jsr305-3.0.1.jar, file:/D:/mavenHome/javax/inject/javax.inject/1/javax.inject-1.jar, file:/D:/mavenHome/com/fasterxml/jackson/dataformat/jackson-dataformat-xml/2.8.6/jackson-dataformat-xml-2.8.6.jar, file:/D:/mavenHome/com/fasterxml/jackson/module/jackson-module-jaxb-annotations/2.8.6/jackson-module-jaxb-annotations-2.8.6.jar, file:/D:/mavenHome/org/codehaus/woodstox/stax2-api/3.1.4/stax2-api-3.1.4.jar, file:/D:/mavenHome/com/fasterxml/woodstox/woodstox-core/5.0.3/woodstox-core-5.0.3.jar, file:/D:/mavenHome/com/thoughtworks/xstream/xstream/1.4.2/xstream-1.4.2.jar, file:/D:/mavenHome/xmlpull/xmlpull/1.1.3.1/xmlpull-1.1.3.1.jar, file:/D:/mavenHome/xpp3/xpp3_min/1.1.4c/xpp3_min-1.1.4c.jar, file:/D:/mavenHome/org/springframework/cloud/spring-cloud-starter-archaius/1.1.0.RELEASE/spring-cloud-starter-archaius-1.1.0.RELEASE.jar, file:/D:/mavenHome/commons-configuration/commons-configuration/1.8/commons-configuration-1.8.jar, file:/D:/mavenHome/commons-lang/commons-lang/2.6/commons-lang-2.6.jar, file:/D:/mavenHome/commons-logging/commons-logging/1.1.1/commons-logging-1.1.1.jar, file:/D:/mavenHome/com/fasterxml/jackson/core/jackson-annotations/2.8.6/jackson-annotations-2.8.6.jar, file:/D:/mavenHome/com/fasterxml/jackson/core/jackson-core/2.8.6/jackson-core-2.8.6.jar, file:/D:/mavenHome/com/fasterxml/jackson/core/jackson-databind/2.8.6/jackson-databind-2.8.6.jar, file:/D:/mavenHome/com/google/guava/guava/18.0/guava-18.0.jar, file:/D:/mavenHome/org/springframework/cloud/spring-cloud-starter-ribbon/1.1.0.RELEASE/spring-cloud-starter-ribbon-1.1.0.RELEASE.jar, file:/D:/mavenHome/com/netflix/ribbon/ribbon/2.1.5/ribbon-2.1.5.jar, file:/D:/mavenHome/com/netflix/ribbon/ribbon-transport/2.1.5/ribbon-transport-2.1.5.jar, file:/D:/mavenHome/io/reactivex/rxnetty-contexts/0.4.9/rxnetty-contexts-0.4.9.jar, file:/D:/mavenHome/io/reactivex/rxnetty-servo/0.4.9/rxnetty-servo-0.4.9.jar, file:/D:/mavenHome/com/netflix/hystrix/hystrix-core/1.5.2/hystrix-core-1.5.2.jar, file:/D:/mavenHome/org/hdrhistogram/HdrHistogram/2.1.7/HdrHistogram-2.1.7.jar, file:/D:/mavenHome/io/reactivex/rxnetty/0.4.9/rxnetty-0.4.9.jar, file:/D:/mavenHome/io/netty/netty-codec-http/4.0.27.Final/netty-codec-http-4.0.27.Final.jar, file:/D:/mavenHome/io/netty/netty-codec/4.0.27.Final/netty-codec-4.0.27.Final.jar, file:/D:/mavenHome/io/netty/netty-handler/4.0.27.Final/netty-handler-4.0.27.Final.jar, file:/D:/mavenHome/io/netty/netty-transport-native-epoll/4.0.27.Final/netty-transport-native-epoll-4.0.27.Final.jar, file:/D:/mavenHome/io/netty/netty-common/4.0.27.Final/netty-common-4.0.27.Final.jar, file:/D:/mavenHome/io/netty/netty-buffer/4.0.27.Final/netty-buffer-4.0.27.Final.jar, file:/D:/mavenHome/io/netty/netty-transport/4.0.27.Final/netty-transport-4.0.27.Final.jar, file:/D:/mavenHome/com/netflix/ribbon/ribbon-core/2.1.5/ribbon-core-2.1.5.jar, file:/D:/mavenHome/com/netflix/ribbon/ribbon-httpclient/2.1.5/ribbon-httpclient-2.1.5.jar, file:/D:/mavenHome/commons-collections/commons-collections/3.2.2/commons-collections-3.2.2.jar, file:/D:/mavenHome/com/netflix/netflix-commons/netflix-commons-util/0.1.1/netflix-commons-util-0.1.1.jar, file:/D:/mavenHome/com/netflix/ribbon/ribbon-loadbalancer/2.1.5/ribbon-loadbalancer-2.1.5.jar, file:/D:/mavenHome/com/netflix/netflix-commons/netflix-statistics/0.1.1/netflix-statistics-0.1.1.jar, file:/D:/mavenHome/io/reactivex/rxjava/1.1.5/rxjava-1.1.5.jar, file:/D:/mavenHome/com/netflix/ribbon/ribbon-eureka/2.1.5/ribbon-eureka-2.1.5.jar, file:/D:/WorkSoftware/JetBrains/IntelliJ%20IDEA%202016.3.2/lib/idea_rt.jar]
2300 [main] DEBUG o.s.c.e.PropertySourcesPropertyResolver - Could not find key 'context.listener.classes' in any property source
2362 [main] DEBUG o.s.core.env.StandardEnvironment - Adding [systemProperties] PropertySource with lowest search precedence
2363 [main] DEBUG o.s.core.env.StandardEnvironment - Adding [systemEnvironment] PropertySource with lowest search precedence
2364 [main] DEBUG o.s.core.env.StandardEnvironment - Initialized StandardEnvironment with PropertySources [systemProperties,systemEnvironment]
2458 [main] DEBUG o.s.c.a.ClassPathBeanDefinitionScanner - JSR-250 'javax.annotation.ManagedBean' found and supported for component scanning
2460 [main] DEBUG o.s.c.a.ClassPathBeanDefinitionScanner - JSR-330 'javax.inject.Named' annotation found and supported for component scanning
2477 [main] DEBUG o.s.c.e.PropertySourcesPropertyResolver - Could not find key 'context.initializer.classes' in any property source
2478 [main] DEBUG o.s.c.e.PropertySourcesPropertyResolver - Could not find key 'spring.config.name:application' in any property source
2478 [main] DEBUG o.s.c.e.PropertySourcesPropertyResolver - Found key 'spring.config.name' in [bootstrap] with type [String]
2478 [main] DEBUG o.s.c.e.PropertySourcesPropertyResolver - Could not find key 'vcap.application.name:bootstrap' in any property source
2478 [main] DEBUG o.s.c.e.PropertySourcesPropertyResolver - Could not find key 'vcap.application.name' in any property source
2478 [main] DEBUG o.s.c.e.PropertySourcesPropertyResolver - Could not find key 'spring.application.name:bootstrap' in any property source
2478 [main] DEBUG o.s.c.e.PropertySourcesPropertyResolver - Found key 'spring.application.name' in [defaultProperties] with type [String]
2479 [main] DEBUG o.s.c.e.PropertySourcesPropertyResolver - Could not find key 'PORT:null' in any property source
2479 [main] DEBUG o.s.c.e.PropertySourcesPropertyResolver - Could not find key 'PORT' in any property source
2479 [main] DEBUG o.s.c.e.PropertySourcesPropertyResolver - Could not find key 'server.port:null' in any property source
2479 [main] DEBUG o.s.c.e.PropertySourcesPropertyResolver - Could not find key 'server.port' in any property source
2479 [main] DEBUG o.s.c.e.PropertySourcesPropertyResolver - Could not find key 'spring.application.index:null' in any property source
2479 [main] DEBUG o.s.c.e.PropertySourcesPropertyResolver - Could not find key 'spring.application.index' in any property source
2479 [main] DEBUG o.s.c.e.PropertySourcesPropertyResolver - Could not find key 'vcap.application.instance_index:null' in any property source
2479 [main] DEBUG o.s.c.e.PropertySourcesPropertyResolver - Could not find key 'vcap.application.instance_index' in any property source
2480 [main] DEBUG o.s.c.e.PropertySourcesPropertyResolver - Could not find key 'spring.profiles.active' in any property source
2484 [main] DEBUG o.s.b.f.s.DefaultListableBeanFactory - Returning cached instance of singleton bean 'autoConfigurationReport'
2485 [main] DEBUG o.s.boot.SpringApplication - Loading source class org.springframework.cloud.bootstrap.config.PropertySourceBootstrapConfiguration,class org.springframework.cloud.bootstrap.encrypt.EncryptionBootstrapConfiguration,class org.springframework.cloud.autoconfigure.ConfigurationPropertiesRebinderAutoConfiguration,class org.springframework.boot.autoconfigure.PropertyPlaceholderAutoConfiguration
2495 [main] DEBUG o.s.c.a.ClassPathBeanDefinitionScanner - JSR-250 'javax.annotation.ManagedBean' found and supported for component scanning
2495 [main] DEBUG o.s.c.a.ClassPathBeanDefinitionScanner - JSR-330 'javax.inject.Named' annotation found and supported for component scanning
2522 [main] DEBUG o.s.b.f.s.DefaultListableBeanFactory - Returning cached instance of singleton bean 'autoConfigurationReport'
2534 [main] INFO  o.s.c.a.AnnotationConfigApplicationContext - Refreshing org.springframework.context.annotation.AnnotationConfigApplicationContext@61386958: startup date [Mon Mar 06 18:59:13 CST 2017]; root of context hierarchy
2535 [main] DEBUG o.s.c.a.AnnotationConfigApplicationContext - Bean factory for org.springframework.context.annotation.AnnotationConfigApplicationContext@61386958: org.springframework.beans.factory.support.DefaultListableBeanFactory@58cbafc2: defining beans [org.springframework.context.annotation.internalConfigurationAnnotationProcessor,org.springframework.context.annotation.internalAutowiredAnnotationProcessor,org.springframework.context.annotation.internalRequiredAnnotationProcessor,org.springframework.context.annotation.internalCommonAnnotationProcessor,org.springframework.context.event.internalEventListenerProcessor,org.springframework.context.event.internalEventListenerFactory,propertySourceBootstrapConfiguration,encryptionBootstrapConfiguration,configurationPropertiesRebinderAutoConfiguration,propertyPlaceholderAutoConfiguration]; root of factory hierarchy
2548 [main] DEBUG o.s.b.f.s.DefaultListableBeanFactory - Creating shared instance of singleton bean 'org.springframework.context.annotation.internalConfigurationAnnotationProcessor'
2548 [main] DEBUG o.s.b.f.s.DefaultListableBeanFactory - Creating instance of bean 'org.springframework.context.annotation.internalConfigurationAnnotationProcessor'
2557 [main] DEBUG o.s.b.f.s.DefaultListableBeanFactory - Eagerly caching bean 'org.springframework.context.annotation.internalConfigurationAnnotationProcessor' to allow for resolving potential circular references
2568 [main] DEBUG o.s.b.f.s.DefaultListableBeanFactory - Creating shared instance of singleton bean 'org.springframework.boot.autoconfigure.internalCachingMetadataReaderFactory'
2568 [main] DEBUG o.s.b.f.s.DefaultListableBeanFactory - Creating instance of bean 'org.springframework.boot.autoconfigure.internalCachingMetadataReaderFactory'
2569 [main] DEBUG o.s.b.f.s.DefaultListableBeanFactory - Eagerly caching bean 'org.springframework.boot.autoconfigure.internalCachingMetadataReaderFactory' to allow for resolving potential circular references
2571 [main] DEBUG o.s.b.f.s.DefaultListableBeanFactory - Finished creating instance of bean 'org.springframework.boot.autoconfigure.internalCachingMetadataReaderFactory'
2581 [main] DEBUG o.s.b.f.s.DefaultListableBeanFactory - Finished creating instance of bean 'org.springframework.context.annotation.internalConfigurationAnnotationProcessor'
2644 [main] DEBUG o.s.b.f.s.DefaultListableBeanFactory - Returning cached instance of singleton bean 'autoConfigurationReport'
2651 [main] DEBUG o.s.b.f.s.DefaultListableBeanFactory - Returning cached instance of singleton bean 'autoConfigurationReport'
2651 [main] DEBUG o.s.c.e.PropertySourcesPropertyResolver - Could not find key 'encrypt.keyStore.location' in any property source
2651 [main] DEBUG o.s.c.e.PropertySourcesPropertyResolver - Could not find key 'encrypt.key' in any property source
2651 [main] DEBUG o.s.b.f.s.DefaultListableBeanFactory - Returning cached instance of singleton bean 'autoConfigurationReport'
2654 [main] DEBUG o.s.b.f.s.DefaultListableBeanFactory - Returning cached instance of singleton bean 'autoConfigurationReport'
2703 [main] DEBUG o.s.b.f.s.DefaultListableBeanFactory - Returning cached instance of singleton bean 'autoConfigurationReport'
2705 [main] DEBUG o.s.c.a.ConfigurationClassBeanDefinitionReader - Registering bean definition for @Bean method org.springframework.cloud.bootstrap.encrypt.EncryptionBootstrapConfiguration.environmentDecryptApplicationListener()
2710 [main] DEBUG o.s.b.f.s.DefaultListableBeanFactory - Creating shared instance of singleton bean 'org.springframework.boot.autoconfigure.condition.BeanTypeRegistry'
2710 [main] DEBUG o.s.b.f.s.DefaultListableBeanFactory - Creating instance of bean 'org.springframework.boot.autoconfigure.condition.BeanTypeRegistry'
2721 [main] DEBUG o.s.b.f.s.DefaultListableBeanFactory - Eagerly caching bean 'org.springframework.boot.autoconfigure.condition.BeanTypeRegistry' to allow for resolving potential circular references
2721 [main] DEBUG o.s.b.f.s.DefaultListableBeanFactory - Finished creating instance of bean 'org.springframework.boot.autoconfigure.condition.BeanTypeRegistry'
2724 [main] DEBUG o.s.b.f.s.DefaultListableBeanFactory - Returning cached instance of singleton bean 'autoConfigurationReport'
2727 [main] DEBUG o.s.b.f.s.DefaultListableBeanFactory - Returning cached instance of singleton bean 'org.springframework.boot.autoconfigure.condition.BeanTypeRegistry'
2727 [main] DEBUG o.s.b.f.s.DefaultListableBeanFactory - Returning cached instance of singleton bean 'autoConfigurationReport'
2730 [main] DEBUG o.s.c.a.ConfigurationClassBeanDefinitionReader - Registering bean definition for @Bean method org.springframework.cloud.autoconfigure.ConfigurationPropertiesRebinderAutoConfiguration.configurationPropertiesBeans()
2732 [main] DEBUG o.s.b.f.s.DefaultListableBeanFactory - Returning cached instance of singleton bean 'org.springframework.boot.autoconfigure.condition.BeanTypeRegistry'
2733 [main] DEBUG o.s.b.f.s.DefaultListableBeanFactory - Returning cached instance of singleton bean 'autoConfigurationReport'
2733 [main] DEBUG o.s.c.a.ConfigurationClassBeanDefinitionReader - Registering bean definition for @Bean method org.springframework.cloud.autoconfigure.ConfigurationPropertiesRebinderAutoConfiguration.configurationPropertiesRebinder()
2734 [main] DEBUG o.s.b.f.s.DefaultListableBeanFactory - Returning cached instance of singleton bean 'org.springframework.boot.autoconfigure.condition.BeanTypeRegistry'
2735 [main] DEBUG o.s.b.f.s.DefaultListableBeanFactory - Returning cached instance of singleton bean 'autoConfigurationReport'
2735 [main] DEBUG o.s.c.a.ConfigurationClassBeanDefinitionReader - Registering bean definition for @Bean method org.springframework.boot.autoconfigure.PropertyPlaceholderAutoConfiguration.propertySourcesPlaceholderConfigurer()
2850 [main] DEBUG o.s.c.a.ConfigurationClassEnhancer - Successfully enhanced org.springframework.cloud.bootstrap.config.PropertySourceBootstrapConfiguration; enhanced class name is: org.springframework.cloud.bootstrap.config.PropertySourceBootstrapConfiguration$$EnhancerBySpringCGLIB$$c3e2b8b3
2850 [main] DEBUG o.s.c.a.ConfigurationClassPostProcessor - Replacing bean definition 'propertySourceBootstrapConfiguration' existing class 'org.springframework.cloud.bootstrap.config.PropertySourceBootstrapConfiguration' with enhanced class 'org.springframework.cloud.bootstrap.config.PropertySourceBootstrapConfiguration$$EnhancerBySpringCGLIB$$c3e2b8b3'
2853 [main] DEBUG o.s.c.a.ConfigurationClassEnhancer - Successfully enhanced org.springframework.cloud.bootstrap.encrypt.EncryptionBootstrapConfiguration; enhanced class name is: org.springframework.cloud.bootstrap.encrypt.EncryptionBootstrapConfiguration$$EnhancerBySpringCGLIB$$209efba3
2853 [main] DEBUG o.s.c.a.ConfigurationClassPostProcessor - Replacing bean definition 'encryptionBootstrapConfiguration' existing class 'org.springframework.cloud.bootstrap.encrypt.EncryptionBootstrapConfiguration' with enhanced class 'org.springframework.cloud.bootstrap.encrypt.EncryptionBootstrapConfiguration$$EnhancerBySpringCGLIB$$209efba3'
2859 [main] DEBUG o.s.c.a.ConfigurationClassEnhancer - Successfully enhanced org.springframework.cloud.autoconfigure.ConfigurationPropertiesRebinderAutoConfiguration; enhanced class name is: org.springframework.cloud.autoconfigure.ConfigurationPropertiesRebinderAutoConfiguration$$EnhancerBySpringCGLIB$$304f9d47
2859 [main] DEBUG o.s.c.a.ConfigurationClassPostProcessor - Replacing bean definition 'configurationPropertiesRebinderAutoConfiguration' existing class 'org.springframework.cloud.autoconfigure.ConfigurationPropertiesRebinderAutoConfiguration' with enhanced class 'org.springframework.cloud.autoconfigure.ConfigurationPropertiesRebinderAutoConfiguration$$EnhancerBySpringCGLIB$$304f9d47'
2862 [main] DEBUG o.s.c.a.ConfigurationClassEnhancer - Successfully enhanced org.springframework.boot.autoconfigure.PropertyPlaceholderAutoConfiguration; enhanced class name is: org.springframework.boot.autoconfigure.PropertyPlaceholderAutoConfiguration$$EnhancerBySpringCGLIB$$cc1242c4
2862 [main] DEBUG o.s.c.a.ConfigurationClassPostProcessor - Replacing bean definition 'propertyPlaceholderAutoConfiguration' existing class 'org.springframework.boot.autoconfigure.PropertyPlaceholderAutoConfiguration' with enhanced class 'org.springframework.boot.autoconfigure.PropertyPlaceholderAutoConfiguration$$EnhancerBySpringCGLIB$$cc1242c4'
2862 [main] DEBUG o.s.c.a.ConfigurationClassEnhancer - Successfully enhanced org.springframework.boot.autoconfigure.PropertyPlaceholderAutoConfiguration; enhanced class name is: org.springframework.boot.autoconfigure.PropertyPlaceholderAutoConfiguration$$EnhancerBySpringCGLIB$$cc1242c4
2862 [main] DEBUG o.s.c.a.ConfigurationClassPostProcessor - Replacing bean definition 'propertySourcesPlaceholderConfigurer' existing class 'org.springframework.boot.autoconfigure.PropertyPlaceholderAutoConfiguration' with enhanced class 'org.springframework.boot.autoconfigure.PropertyPlaceholderAutoConfiguration$$EnhancerBySpringCGLIB$$cc1242c4'
2863 [main] DEBUG o.s.core.env.StandardEnvironment - Removing [applicationConfigurationProperties] PropertySource
2863 [main] DEBUG o.s.core.env.StandardEnvironment - Removing [defaultProperties] PropertySource
2863 [main] DEBUG o.s.core.env.StandardEnvironment - Adding [defaultProperties] PropertySource with lowest search precedence
2864 [main] DEBUG o.s.b.f.s.DefaultListableBeanFactory - Creating shared instance of singleton bean 'propertySourcesPlaceholderConfigurer'
2864 [main] DEBUG o.s.b.f.s.DefaultListableBeanFactory - Creating instance of bean 'propertySourcesPlaceholderConfigurer'
2866 [main] DEBUG o.s.b.f.s.DefaultListableBeanFactory - Eagerly caching bean 'propertySourcesPlaceholderConfigurer' to allow for resolving potential circular references
2884 [main] DEBUG o.s.b.f.s.DefaultListableBeanFactory - Finished creating instance of bean 'propertySourcesPlaceholderConfigurer'
2884 [main] DEBUG o.s.core.env.MutablePropertySources - Adding [environmentProperties] PropertySource with lowest search precedence
2885 [main] DEBUG o.s.core.env.MutablePropertySources - Adding [localProperties] PropertySource with lowest search precedence
2886 [main] DEBUG o.s.b.f.s.DefaultListableBeanFactory - Creating shared instance of singleton bean 'org.springframework.boot.context.properties.ConfigurationPropertiesBindingPostProcessor.store'
2886 [main] DEBUG o.s.b.f.s.DefaultListableBeanFactory - Creating instance of bean 'org.springframework.boot.context.properties.ConfigurationPropertiesBindingPostProcessor.store'
2886 [main] DEBUG o.s.b.f.s.DefaultListableBeanFactory - Eagerly caching bean 'org.springframework.boot.context.properties.ConfigurationPropertiesBindingPostProcessor.store' to allow for resolving potential circular references
2889 [main] DEBUG o.s.b.f.s.DefaultListableBeanFactory - Finished creating instance of bean 'org.springframework.boot.context.properties.ConfigurationPropertiesBindingPostProcessor.store'
2892 [main] DEBUG o.s.b.f.s.DefaultListableBeanFactory - Creating shared instance of singleton bean 'org.springframework.context.annotation.internalAutowiredAnnotationProcessor'
2892 [main] DEBUG o.s.b.f.s.DefaultListableBeanFactory - Creating instance of bean 'org.springframework.context.annotation.internalAutowiredAnnotationProcessor'
2893 [main] INFO  o.s.b.f.a.AutowiredAnnotationBeanPostProcessor - JSR-330 'javax.inject.Inject' annotation found and supported for autowiring
2893 [main] DEBUG o.s.b.f.s.DefaultListableBeanFactory - Eagerly caching bean 'org.springframework.context.annotation.internalAutowiredAnnotationProcessor' to allow for resolving potential circular references
2900 [main] DEBUG o.s.b.f.s.DefaultListableBeanFactory - Finished creating instance of bean 'org.springframework.context.annotation.internalAutowiredAnnotationProcessor'
2900 [main] DEBUG o.s.b.f.s.DefaultListableBeanFactory - Creating shared instance of singleton bean 'org.springframework.context.annotation.internalRequiredAnnotationProcessor'
2900 [main] DEBUG o.s.b.f.s.DefaultListableBeanFactory - Creating instance of bean 'org.springframework.context.annotation.internalRequiredAnnotationProcessor'
2901 [main] DEBUG o.s.b.f.s.DefaultListableBeanFactory - Eagerly caching bean 'org.springframework.context.annotation.internalRequiredAnnotationProcessor' to allow for resolving potential circular references
2906 [main] DEBUG o.s.b.f.s.DefaultListableBeanFactory - Finished creating instance of bean 'org.springframework.context.annotation.internalRequiredAnnotationProcessor'
2907 [main] DEBUG o.s.b.f.s.DefaultListableBeanFactory - Creating shared instance of singleton bean 'org.springframework.context.annotation.internalCommonAnnotationProcessor'
2907 [main] DEBUG o.s.b.f.s.DefaultListableBeanFactory - Creating instance of bean 'org.springframework.context.annotation.internalCommonAnnotationProcessor'
2910 [main] DEBUG o.s.b.f.s.DefaultListableBeanFactory - Eagerly caching bean 'org.springframework.context.annotation.internalCommonAnnotationProcessor' to allow for resolving potential circular references
2917 [main] DEBUG o.s.b.f.s.DefaultListableBeanFactory - Finished creating instance of bean 'org.springframework.context.annotation.internalCommonAnnotationProcessor'
2917 [main] DEBUG o.s.b.f.s.DefaultListableBeanFactory - Creating shared instance of singleton bean 'org.springframework.boot.context.properties.ConfigurationPropertiesBindingPostProcessor'
2917 [main] DEBUG o.s.b.f.s.DefaultListableBeanFactory - Creating instance of bean 'org.springframework.boot.context.properties.ConfigurationPropertiesBindingPostProcessor'
2918 [main] DEBUG o.s.core.env.StandardEnvironment - Adding [systemProperties] PropertySource with lowest search precedence
2918 [main] DEBUG o.s.core.env.StandardEnvironment - Adding [systemEnvironment] PropertySource with lowest search precedence
2918 [main] DEBUG o.s.core.env.StandardEnvironment - Initialized StandardEnvironment with PropertySources [systemProperties,systemEnvironment]
2918 [main] DEBUG o.s.b.f.s.DefaultListableBeanFactory - Eagerly caching bean 'org.springframework.boot.context.properties.ConfigurationPropertiesBindingPostProcessor' to allow for resolving potential circular references
2927 [main] DEBUG o.s.b.f.s.DefaultListableBeanFactory - Returning cached instance of singleton bean 'org.springframework.boot.context.properties.ConfigurationPropertiesBindingPostProcessor.store'
2927 [main] DEBUG o.s.b.f.s.DefaultListableBeanFactory - Invoking afterPropertiesSet() on bean with name 'org.springframework.boot.context.properties.ConfigurationPropertiesBindingPostProcessor'
2928 [main] DEBUG o.s.b.f.s.DefaultListableBeanFactory - Returning cached instance of singleton bean 'propertySourcesPlaceholderConfigurer'
2929 [main] DEBUG o.s.b.f.s.DefaultListableBeanFactory - Finished creating instance of bean 'org.springframework.boot.context.properties.ConfigurationPropertiesBindingPostProcessor'
2929 [main] DEBUG o.s.b.f.s.DefaultListableBeanFactory - Creating shared instance of singleton bean 'configurationPropertiesBeans'
2929 [main] DEBUG o.s.b.f.s.DefaultListableBeanFactory - Creating instance of bean 'configurationPropertiesBeans'
2930 [main] DEBUG o.s.b.f.s.DefaultListableBeanFactory - Creating shared instance of singleton bean 'configurationPropertiesRebinderAutoConfiguration'
2930 [main] DEBUG o.s.b.f.s.DefaultListableBeanFactory - Creating instance of bean 'configurationPropertiesRebinderAutoConfiguration'
2935 [main] DEBUG o.s.b.f.s.DefaultListableBeanFactory - Eagerly caching bean 'configurationPropertiesRebinderAutoConfiguration' to allow for resolving potential circular references
2943 [main] INFO  o.s.c.s.PostProcessorRegistrationDelegate$BeanPostProcessorChecker - Bean 'configurationPropertiesRebinderAutoConfiguration' of type [class org.springframework.cloud.autoconfigure.ConfigurationPropertiesRebinderAutoConfiguration$$EnhancerBySpringCGLIB$$304f9d47] is not eligible for getting processed by all BeanPostProcessors (for example: not eligible for auto-proxying)
2943 [main] DEBUG o.s.b.f.s.DefaultListableBeanFactory - Finished creating instance of bean 'configurationPropertiesRebinderAutoConfiguration'
2961 [main] DEBUG o.s.b.f.s.DefaultListableBeanFactory - Returning cached instance of singleton bean 'org.springframework.boot.context.properties.ConfigurationPropertiesBindingPostProcessor.store'
2962 [main] DEBUG o.s.b.f.s.DefaultListableBeanFactory - Eagerly caching bean 'configurationPropertiesBeans' to allow for resolving potential circular references
2966 [main] DEBUG o.s.b.f.s.DefaultListableBeanFactory - Finished creating instance of bean 'configurationPropertiesBeans'
2968 [main] DEBUG o.s.c.a.AnnotationConfigApplicationContext - Unable to locate MessageSource with name 'messageSource': using default [org.springframework.context.support.DelegatingMessageSource@20f5281c]
2969 [main] DEBUG o.s.c.a.AnnotationConfigApplicationContext - Unable to locate ApplicationEventMulticaster with name 'applicationEventMulticaster': using default [org.springframework.context.event.SimpleApplicationEventMulticaster@56c4278e]
2972 [main] DEBUG o.s.b.f.s.DefaultListableBeanFactory - Pre-instantiating singletons in org.springframework.beans.factory.support.DefaultListableBeanFactory@58cbafc2: defining beans [org.springframework.context.annotation.internalConfigurationAnnotationProcessor,org.springframework.context.annotation.internalAutowiredAnnotationProcessor,org.springframework.context.annotation.internalRequiredAnnotationProcessor,org.springframework.context.annotation.internalCommonAnnotationProcessor,org.springframework.context.event.internalEventListenerProcessor,org.springframework.context.event.internalEventListenerFactory,propertySourceBootstrapConfiguration,encryptionBootstrapConfiguration,configurationPropertiesRebinderAutoConfiguration,propertyPlaceholderAutoConfiguration,org.springframework.boot.autoconfigure.internalCachingMetadataReaderFactory,spring.cloud.config-org.springframework.cloud.bootstrap.config.PropertySourceBootstrapProperties,org.springframework.boot.context.properties.ConfigurationPropertiesBindingPostProcessor,org.springframework.boot.context.properties.ConfigurationPropertiesBindingPostProcessor.store,environmentDecryptApplicationListener,encrypt-org.springframework.cloud.bootstrap.encrypt.KeyProperties,org.springframework.boot.autoconfigure.condition.BeanTypeRegistry,configurationPropertiesBeans,configurationPropertiesRebinder,propertySourcesPlaceholderConfigurer]; root of factory hierarchy
2972 [main] DEBUG o.s.b.f.s.DefaultListableBeanFactory - Returning cached instance of singleton bean 'org.springframework.context.annotation.internalConfigurationAnnotationProcessor'
2972 [main] DEBUG o.s.b.f.s.DefaultListableBeanFactory - Returning cached instance of singleton bean 'org.springframework.context.annotation.internalAutowiredAnnotationProcessor'
2972 [main] DEBUG o.s.b.f.s.DefaultListableBeanFactory - Returning cached instance of singleton bean 'org.springframework.context.annotation.internalRequiredAnnotationProcessor'
2972 [main] DEBUG o.s.b.f.s.DefaultListableBeanFactory - Returning cached instance of singleton bean 'org.springframework.context.annotation.internalCommonAnnotationProcessor'
2972 [main] DEBUG o.s.b.f.s.DefaultListableBeanFactory - Creating shared instance of singleton bean 'org.springframework.context.event.internalEventListenerProcessor'
2972 [main] DEBUG o.s.b.f.s.DefaultListableBeanFactory - Creating instance of bean 'org.springframework.context.event.internalEventListenerProcessor'
2974 [main] DEBUG o.s.b.f.s.DefaultListableBeanFactory - Eagerly caching bean 'org.springframework.context.event.internalEventListenerProcessor' to allow for resolving potential circular references
2977 [main] DEBUG o.s.b.f.s.DefaultListableBeanFactory - Finished creating instance of bean 'org.springframework.context.event.internalEventListenerProcessor'
2977 [main] DEBUG o.s.b.f.s.DefaultListableBeanFactory - Creating shared instance of singleton bean 'org.springframework.context.event.internalEventListenerFactory'
2977 [main] DEBUG o.s.b.f.s.DefaultListableBeanFactory - Creating instance of bean 'org.springframework.context.event.internalEventListenerFactory'
2977 [main] DEBUG o.s.b.f.s.DefaultListableBeanFactory - Eagerly caching bean 'org.springframework.context.event.internalEventListenerFactory' to allow for resolving potential circular references
2980 [main] DEBUG o.s.b.f.s.DefaultListableBeanFactory - Finished creating instance of bean 'org.springframework.context.event.internalEventListenerFactory'
2981 [main] DEBUG o.s.b.f.s.DefaultListableBeanFactory - Creating shared instance of singleton bean 'propertySourceBootstrapConfiguration'
2981 [main] DEBUG o.s.b.f.s.DefaultListableBeanFactory - Creating instance of bean 'propertySourceBootstrapConfiguration'
2983 [main] DEBUG o.s.b.f.a.InjectionMetadata - Registered injected element on class [org.springframework.cloud.bootstrap.config.PropertySourceBootstrapConfiguration$$EnhancerBySpringCGLIB$$c3e2b8b3]: AutowiredFieldElement for private java.util.List org.springframework.cloud.bootstrap.config.PropertySourceBootstrapConfiguration.propertySourceLocators
2983 [main] DEBUG o.s.b.f.s.DefaultListableBeanFactory - Eagerly caching bean 'propertySourceBootstrapConfiguration' to allow for resolving potential circular references
2989 [main] DEBUG o.s.b.f.a.InjectionMetadata - Processing injected element of bean 'propertySourceBootstrapConfiguration': AutowiredFieldElement for private java.util.List org.springframework.cloud.bootstrap.config.PropertySourceBootstrapConfiguration.propertySourceLocators
2995 [main] DEBUG o.s.b.f.s.DefaultListableBeanFactory - Finished creating instance of bean 'propertySourceBootstrapConfiguration'
2995 [main] DEBUG o.s.b.f.s.DefaultListableBeanFactory - Creating shared instance of singleton bean 'encryptionBootstrapConfiguration'
2995 [main] DEBUG o.s.b.f.s.DefaultListableBeanFactory - Creating instance of bean 'encryptionBootstrapConfiguration'
2996 [main] DEBUG o.s.b.f.a.InjectionMetadata - Registered injected element on class [org.springframework.cloud.bootstrap.encrypt.EncryptionBootstrapConfiguration$$EnhancerBySpringCGLIB$$209efba3]: AutowiredFieldElement for private org.springframework.security.crypto.encrypt.TextEncryptor org.springframework.cloud.bootstrap.encrypt.EncryptionBootstrapConfiguration.encryptor
2996 [main] DEBUG o.s.b.f.a.InjectionMetadata - Registered injected element on class [org.springframework.cloud.bootstrap.encrypt.EncryptionBootstrapConfiguration$$EnhancerBySpringCGLIB$$209efba3]: AutowiredFieldElement for private org.springframework.cloud.bootstrap.encrypt.KeyProperties org.springframework.cloud.bootstrap.encrypt.EncryptionBootstrapConfiguration.key
2996 [main] DEBUG o.s.b.f.s.DefaultListableBeanFactory - Eagerly caching bean 'encryptionBootstrapConfiguration' to allow for resolving potential circular references
2999 [main] DEBUG o.s.b.f.a.InjectionMetadata - Processing injected element of bean 'encryptionBootstrapConfiguration': AutowiredFieldElement for private org.springframework.security.crypto.encrypt.TextEncryptor org.springframework.cloud.bootstrap.encrypt.EncryptionBootstrapConfiguration.encryptor
3000 [main] DEBUG o.s.b.f.a.InjectionMetadata - Processing injected element of bean 'encryptionBootstrapConfiguration': AutowiredFieldElement for private org.springframework.cloud.bootstrap.encrypt.KeyProperties org.springframework.cloud.bootstrap.encrypt.EncryptionBootstrapConfiguration.key
3001 [main] DEBUG o.s.b.f.s.DefaultListableBeanFactory - Creating shared instance of singleton bean 'encrypt-org.springframework.cloud.bootstrap.encrypt.KeyProperties'
3001 [main] DEBUG o.s.b.f.s.DefaultListableBeanFactory - Creating instance of bean 'encrypt-org.springframework.cloud.bootstrap.encrypt.KeyProperties'
3002 [main] DEBUG o.s.b.f.s.DefaultListableBeanFactory - Eagerly caching bean 'encrypt-org.springframework.cloud.bootstrap.encrypt.KeyProperties' to allow for resolving potential circular references
3040 [main] DEBUG org.jboss.logging - Logging Provider: org.jboss.logging.Slf4jLoggerProvider found via system property
3042 [main] INFO  o.h.validator.internal.util.Version - HV000001: Hibernate Validator 5.2.4.Final
3070 [main] DEBUG o.h.v.i.e.r.DefaultTraversableResolver - Cannot find javax.persistence.Persistence on classpath. Assuming non JPA 2 environment. All properties will per default be traversable.
3104 [main] DEBUG o.h.v.i.engine.ConfigurationImpl - Setting custom MessageInterpolator of type org.springframework.validation.beanvalidation.LocaleContextMessageInterpolator
3104 [main] DEBUG o.h.v.i.engine.ConfigurationImpl - Setting custom ConstraintValidatorFactory of type org.springframework.validation.beanvalidation.SpringConstraintValidatorFactory
3106 [main] DEBUG o.h.v.i.engine.ConfigurationImpl - Setting custom ParameterNameProvider of type com.sun.proxy.$Proxy28
3108 [main] DEBUG o.h.v.i.xml.ValidationXmlParser - Trying to load META-INF/validation.xml for XML based Validator configuration.
3110 [main] DEBUG o.h.v.i.xml.ResourceLoaderHelper - Trying to load META-INF/validation.xml via user class loader
3111 [main] DEBUG o.h.v.i.xml.ResourceLoaderHelper - Trying to load META-INF/validation.xml via TCCL
3111 [main] DEBUG o.h.v.i.xml.ResourceLoaderHelper - Trying to load META-INF/validation.xml via Hibernate Validator's class loader
3111 [main] DEBUG o.h.v.i.xml.ValidationXmlParser - No META-INF/validation.xml found. Using annotation based configuration only.
3163 [background-preinit] DEBUG o.h.v.i.e.r.DefaultTraversableResolver - Cannot find javax.persistence.Persistence on classpath. Assuming non JPA 2 environment. All properties will per default be traversable.
3194 [main] DEBUG o.s.b.f.a.InjectionMetadata - Processing injected element of bean 'org.springframework.boot.context.properties.ConfigurationPropertiesBindingPostProcessor': AutowiredMethodElement for public void org.springframework.boot.context.properties.ConfigurationPropertiesBindingPostProcessor.setGenericConverters(java.util.List)
3197 [main] DEBUG o.s.b.f.a.InjectionMetadata - Processing injected element of bean 'org.springframework.boot.context.properties.ConfigurationPropertiesBindingPostProcessor': AutowiredMethodElement for public void org.springframework.boot.context.properties.ConfigurationPropertiesBindingPostProcessor.setConverters(java.util.List)
3201 [main] DEBUG o.s.core.env.MutablePropertySources - Adding [bootstrap] PropertySource with lowest search precedence
3201 [main] DEBUG o.s.core.env.MutablePropertySources - Adding [servletConfigInitParams] PropertySource with lowest search precedence
3201 [main] DEBUG o.s.core.env.MutablePropertySources - Adding [servletContextInitParams] PropertySource with lowest search precedence
3201 [main] DEBUG o.s.core.env.MutablePropertySources - Adding [systemProperties] PropertySource with lowest search precedence
3201 [main] DEBUG o.s.core.env.MutablePropertySources - Adding [systemEnvironment] PropertySource with lowest search precedence
3201 [main] DEBUG o.s.core.env.MutablePropertySources - Adding [random] PropertySource with lowest search precedence
3201 [main] DEBUG o.s.core.env.MutablePropertySources - Adding [springCloudClientHostInfo] PropertySource with lowest search precedence
3201 [main] DEBUG o.s.core.env.MutablePropertySources - Adding [defaultProperties] PropertySource with lowest search precedence
3201 [main] DEBUG o.s.core.env.MutablePropertySources - Adding [localProperties] PropertySource with lowest search precedence
3319 [main] DEBUG o.s.b.f.s.DefaultListableBeanFactory - Finished creating instance of bean 'encrypt-org.springframework.cloud.bootstrap.encrypt.KeyProperties'
3319 [main] DEBUG o.s.b.f.a.AutowiredAnnotationBeanPostProcessor - Autowiring by type from bean name 'encryptionBootstrapConfiguration' to bean named 'encrypt-org.springframework.cloud.bootstrap.encrypt.KeyProperties'
3320 [main] DEBUG o.s.b.f.s.DefaultListableBeanFactory - Finished creating instance of bean 'encryptionBootstrapConfiguration'
3320 [main] DEBUG o.s.b.f.s.DefaultListableBeanFactory - Returning cached instance of singleton bean 'configurationPropertiesRebinderAutoConfiguration'
3320 [main] DEBUG o.s.b.f.s.DefaultListableBeanFactory - Creating shared instance of singleton bean 'propertyPlaceholderAutoConfiguration'
3320 [main] DEBUG o.s.b.f.s.DefaultListableBeanFactory - Creating instance of bean 'propertyPlaceholderAutoConfiguration'
3322 [main] DEBUG o.s.b.f.s.DefaultListableBeanFactory - Eagerly caching bean 'propertyPlaceholderAutoConfiguration' to allow for resolving potential circular references
3324 [main] DEBUG o.s.b.f.s.DefaultListableBeanFactory - Finished creating instance of bean 'propertyPlaceholderAutoConfiguration'
3324 [main] DEBUG o.s.b.f.s.DefaultListableBeanFactory - Returning cached instance of singleton bean 'org.springframework.boot.autoconfigure.internalCachingMetadataReaderFactory'
3325 [main] DEBUG o.s.b.f.s.DefaultListableBeanFactory - Creating shared instance of singleton bean 'spring.cloud.config-org.springframework.cloud.bootstrap.config.PropertySourceBootstrapProperties'
3325 [main] DEBUG o.s.b.f.s.DefaultListableBeanFactory - Creating instance of bean 'spring.cloud.config-org.springframework.cloud.bootstrap.config.PropertySourceBootstrapProperties'
3326 [main] DEBUG o.s.b.f.s.DefaultListableBeanFactory - Eagerly caching bean 'spring.cloud.config-org.springframework.cloud.bootstrap.config.PropertySourceBootstrapProperties' to allow for resolving potential circular references
3329 [main] DEBUG o.s.core.env.MutablePropertySources - Adding [bootstrap] PropertySource with lowest search precedence
3329 [main] DEBUG o.s.core.env.MutablePropertySources - Adding [servletConfigInitParams] PropertySource with lowest search precedence
3329 [main] DEBUG o.s.core.env.MutablePropertySources - Adding [servletContextInitParams] PropertySource with lowest search precedence
3329 [main] DEBUG o.s.core.env.MutablePropertySources - Adding [systemProperties] PropertySource with lowest search precedence
3329 [main] DEBUG o.s.core.env.MutablePropertySources - Adding [systemEnvironment] PropertySource with lowest search precedence
3329 [main] DEBUG o.s.core.env.MutablePropertySources - Adding [random] PropertySource with lowest search precedence
3329 [main] DEBUG o.s.core.env.MutablePropertySources - Adding [springCloudClientHostInfo] PropertySource with lowest search precedence
3330 [main] DEBUG o.s.core.env.MutablePropertySources - Adding [defaultProperties] PropertySource with lowest search precedence
3330 [main] DEBUG o.s.core.env.MutablePropertySources - Adding [localProperties] PropertySource with lowest search precedence
3334 [main] DEBUG o.s.b.f.s.DefaultListableBeanFactory - Finished creating instance of bean 'spring.cloud.config-org.springframework.cloud.bootstrap.config.PropertySourceBootstrapProperties'
3334 [main] DEBUG o.s.b.f.s.DefaultListableBeanFactory - Returning cached instance of singleton bean 'org.springframework.boot.context.properties.ConfigurationPropertiesBindingPostProcessor'
3334 [main] DEBUG o.s.b.f.s.DefaultListableBeanFactory - Returning cached instance of singleton bean 'org.springframework.boot.context.properties.ConfigurationPropertiesBindingPostProcessor.store'
3334 [main] DEBUG o.s.b.f.s.DefaultListableBeanFactory - Creating shared instance of singleton bean 'environmentDecryptApplicationListener'
3334 [main] DEBUG o.s.b.f.s.DefaultListableBeanFactory - Creating instance of bean 'environmentDecryptApplicationListener'
3335 [main] DEBUG o.s.b.f.s.DefaultListableBeanFactory - Returning cached instance of singleton bean 'encryptionBootstrapConfiguration'
3341 [main] DEBUG o.s.b.f.s.DefaultListableBeanFactory - Eagerly caching bean 'environmentDecryptApplicationListener' to allow for resolving potential circular references
3344 [main] DEBUG o.s.b.f.s.DefaultListableBeanFactory - Finished creating instance of bean 'environmentDecryptApplicationListener'
3345 [main] DEBUG o.s.b.f.s.DefaultListableBeanFactory - Returning cached instance of singleton bean 'encrypt-org.springframework.cloud.bootstrap.encrypt.KeyProperties'
3345 [main] DEBUG o.s.b.f.s.DefaultListableBeanFactory - Returning cached instance of singleton bean 'org.springframework.boot.autoconfigure.condition.BeanTypeRegistry'
3345 [main] DEBUG o.s.b.f.s.DefaultListableBeanFactory - Returning cached instance of singleton bean 'configurationPropertiesBeans'
3345 [main] DEBUG o.s.b.f.s.DefaultListableBeanFactory - Creating shared instance of singleton bean 'configurationPropertiesRebinder'
3345 [main] DEBUG o.s.b.f.s.DefaultListableBeanFactory - Creating instance of bean 'configurationPropertiesRebinder'
3345 [main] DEBUG o.s.b.f.s.DefaultListableBeanFactory - Returning cached instance of singleton bean 'configurationPropertiesRebinderAutoConfiguration'
3346 [main] DEBUG o.s.b.f.s.DefaultListableBeanFactory - Returning cached instance of singleton bean 'configurationPropertiesBeans'
3346 [main] DEBUG o.s.b.f.s.DefaultListableBeanFactory - Returning cached instance of singleton bean 'org.springframework.boot.context.properties.ConfigurationPropertiesBindingPostProcessor'
3346 [main] DEBUG o.s.b.f.s.DefaultListableBeanFactory - Autowiring by type from bean name 'configurationPropertiesRebinder' via factory method to bean named 'configurationPropertiesBeans'
3346 [main] DEBUG o.s.b.f.s.DefaultListableBeanFactory - Autowiring by type from bean name 'configurationPropertiesRebinder' via factory method to bean named 'org.springframework.boot.context.properties.ConfigurationPropertiesBindingPostProcessor'
3351 [main] DEBUG o.s.b.f.s.DefaultListableBeanFactory - Eagerly caching bean 'configurationPropertiesRebinder' to allow for resolving potential circular references
3357 [main] DEBUG o.s.b.f.s.DefaultListableBeanFactory - Finished creating instance of bean 'configurationPropertiesRebinder'
3357 [main] DEBUG o.s.b.f.s.DefaultListableBeanFactory - Returning cached instance of singleton bean 'propertySourcesPlaceholderConfigurer'
3357 [main] DEBUG o.s.b.f.s.DefaultListableBeanFactory - Returning cached instance of singleton bean 'org.springframework.context.event.internalEventListenerFactory'
3385 [main] DEBUG o.s.b.f.s.DefaultListableBeanFactory - Returning cached instance of singleton bean 'configurationPropertiesRebinder'
3386 [main] DEBUG o.s.b.f.s.DefaultListableBeanFactory - Returning cached instance of singleton bean 'spring.cloud.config-org.springframework.cloud.bootstrap.config.PropertySourceBootstrapProperties'
3387 [main] DEBUG o.s.core.env.MutablePropertySources - Adding [bootstrap] PropertySource with lowest search precedence
3387 [main] DEBUG o.s.core.env.MutablePropertySources - Adding [servletConfigInitParams] PropertySource with lowest search precedence
3387 [main] DEBUG o.s.core.env.MutablePropertySources - Adding [servletContextInitParams] PropertySource with lowest search precedence
3387 [main] DEBUG o.s.core.env.MutablePropertySources - Adding [systemProperties] PropertySource with lowest search precedence
3387 [main] DEBUG o.s.core.env.MutablePropertySources - Adding [systemEnvironment] PropertySource with lowest search precedence
3388 [main] DEBUG o.s.core.env.MutablePropertySources - Adding [random] PropertySource with lowest search precedence
3388 [main] DEBUG o.s.core.env.MutablePropertySources - Adding [springCloudClientHostInfo] PropertySource with lowest search precedence
3388 [main] DEBUG o.s.core.env.MutablePropertySources - Adding [defaultProperties] PropertySource with lowest search precedence
3388 [main] DEBUG o.s.core.env.MutablePropertySources - Adding [localProperties] PropertySource with lowest search precedence
3390 [main] DEBUG o.s.core.env.MutablePropertySources - Adding [bootstrap] PropertySource with lowest search precedence
3390 [main] DEBUG o.s.core.env.MutablePropertySources - Adding [servletConfigInitParams] PropertySource with lowest search precedence
3390 [main] DEBUG o.s.core.env.MutablePropertySources - Adding [servletContextInitParams] PropertySource with lowest search precedence
3390 [main] DEBUG o.s.core.env.MutablePropertySources - Adding [systemProperties] PropertySource with lowest search precedence
3390 [main] DEBUG o.s.core.env.MutablePropertySources - Adding [systemEnvironment] PropertySource with lowest search precedence
3390 [main] DEBUG o.s.core.env.MutablePropertySources - Adding [random] PropertySource with lowest search precedence
3390 [main] DEBUG o.s.core.env.MutablePropertySources - Adding [springCloudClientHostInfo] PropertySource with lowest search precedence
3390 [main] DEBUG o.s.core.env.MutablePropertySources - Adding [defaultProperties] PropertySource with lowest search precedence
3390 [main] DEBUG o.s.core.env.MutablePropertySources - Adding [localProperties] PropertySource with lowest search precedence
3391 [main] DEBUG o.s.b.f.s.DefaultListableBeanFactory - Returning cached instance of singleton bean 'encrypt-org.springframework.cloud.bootstrap.encrypt.KeyProperties'
3392 [main] DEBUG o.s.core.env.MutablePropertySources - Adding [bootstrap] PropertySource with lowest search precedence
3392 [main] DEBUG o.s.core.env.MutablePropertySources - Adding [servletConfigInitParams] PropertySource with lowest search precedence
3392 [main] DEBUG o.s.core.env.MutablePropertySources - Adding [servletContextInitParams] PropertySource with lowest search precedence
3392 [main] DEBUG o.s.core.env.MutablePropertySources - Adding [systemProperties] PropertySource with lowest search precedence
3392 [main] DEBUG o.s.core.env.MutablePropertySources - Adding [systemEnvironment] PropertySource with lowest search precedence
3392 [main] DEBUG o.s.core.env.MutablePropertySources - Adding [random] PropertySource with lowest search precedence
3392 [main] DEBUG o.s.core.env.MutablePropertySources - Adding [springCloudClientHostInfo] PropertySource with lowest search precedence
3392 [main] DEBUG o.s.core.env.MutablePropertySources - Adding [defaultProperties] PropertySource with lowest search precedence
3392 [main] DEBUG o.s.core.env.MutablePropertySources - Adding [localProperties] PropertySource with lowest search precedence
3393 [main] DEBUG o.s.core.env.MutablePropertySources - Adding [bootstrap] PropertySource with lowest search precedence
3393 [main] DEBUG o.s.core.env.MutablePropertySources - Adding [servletConfigInitParams] PropertySource with lowest search precedence
3393 [main] DEBUG o.s.core.env.MutablePropertySources - Adding [servletContextInitParams] PropertySource with lowest search precedence
3394 [main] DEBUG o.s.core.env.MutablePropertySources - Adding [systemProperties] PropertySource with lowest search precedence
3394 [main] DEBUG o.s.core.env.MutablePropertySources - Adding [systemEnvironment] PropertySource with lowest search precedence
3394 [main] DEBUG o.s.core.env.MutablePropertySources - Adding [random] PropertySource with lowest search precedence
3394 [main] DEBUG o.s.core.env.MutablePropertySources - Adding [springCloudClientHostInfo] PropertySource with lowest search precedence
3394 [main] DEBUG o.s.core.env.MutablePropertySources - Adding [defaultProperties] PropertySource with lowest search precedence
3394 [main] DEBUG o.s.core.env.MutablePropertySources - Adding [localProperties] PropertySource with lowest search precedence
3396 [main] DEBUG o.s.c.a.AnnotationConfigApplicationContext - Unable to locate LifecycleProcessor with name 'lifecycleProcessor': using default [org.springframework.context.support.DefaultLifecycleProcessor@3300f4fd]
3396 [main] DEBUG o.s.b.f.s.DefaultListableBeanFactory - Returning cached instance of singleton bean 'lifecycleProcessor'
3397 [main] DEBUG o.s.b.f.s.DefaultListableBeanFactory - Returning cached instance of singleton bean 'org.springframework.boot.autoconfigure.internalCachingMetadataReaderFactory'
3397 [main] DEBUG o.s.b.f.s.DefaultListableBeanFactory - Returning cached instance of singleton bean 'org.springframework.boot.context.properties.ConfigurationPropertiesBindingPostProcessor'
3400 [main] DEBUG o.s.b.a.l.AutoConfigurationReportLoggingInitializer - 


=========================
AUTO-CONFIGURATION REPORT
=========================


Positive matches:
-----------------

   ConfigurationPropertiesRebinderAutoConfiguration matched:
      - @ConditionalOnBean (types: org.springframework.boot.context.properties.ConfigurationPropertiesBindingPostProcessor; SearchStrategy: all) found bean 'org.springframework.boot.context.properties.ConfigurationPropertiesBindingPostProcessor' (OnBeanCondition)

   ConfigurationPropertiesRebinderAutoConfiguration#configurationPropertiesBeans matched:
      - @ConditionalOnMissingBean (types: org.springframework.cloud.context.properties.ConfigurationPropertiesBeans; SearchStrategy: current) did not find any beans (OnBeanCondition)

   ConfigurationPropertiesRebinderAutoConfiguration#configurationPropertiesRebinder matched:
      - @ConditionalOnMissingBean (types: org.springframework.cloud.context.properties.ConfigurationPropertiesRebinder; SearchStrategy: current) did not find any beans (OnBeanCondition)

   EncryptionBootstrapConfiguration matched:
      - @ConditionalOnClass found required class 'org.springframework.security.crypto.encrypt.TextEncryptor' (OnClassCondition)

   PropertyPlaceholderAutoConfiguration#propertySourcesPlaceholderConfigurer matched:
      - @ConditionalOnMissingBean (types: org.springframework.context.support.PropertySourcesPlaceholderConfigurer; SearchStrategy: current) did not find any beans (OnBeanCondition)


Negative matches:
-----------------

   EncryptionBootstrapConfiguration.RsaEncryptionConfiguration:
      Did not match:
         - Keystore nor key found in Environment (EncryptionBootstrapConfiguration.KeyCondition)
      Matched:
         - @ConditionalOnClass found required class 'org.springframework.security.rsa.crypto.RsaSecretEncryptor' (OnClassCondition)

   EncryptionBootstrapConfiguration.VanillaEncryptionConfiguration:
      Did not match:
         - @ConditionalOnMissingClass found unwanted class 'org.springframework.security.rsa.crypto.RsaSecretEncryptor' (OnClassCondition)


Exclusions:
-----------

    None


Unconditional classes:
----------------------

    None



3402 [main] DEBUG o.s.c.e.PropertySourcesPropertyResolver - Could not find key 'spring.liveBeansView.mbeanDomain' in any property source
3406 [main] DEBUG o.s.core.env.StandardEnvironment - Removing [bootstrap] PropertySource
3406 [main] DEBUG o.s.w.c.s.StandardServletEnvironment - Adding [defaultProperties] PropertySource with lowest search precedence
3406 [main] DEBUG o.s.core.env.StandardEnvironment - Removing [springCloudClientHostInfo] PropertySource
3406 [main] DEBUG o.s.w.c.s.StandardServletEnvironment - Replacing [defaultProperties] PropertySource with [defaultProperties]
3406 [main] DEBUG o.s.core.env.StandardEnvironment - Replacing [defaultProperties] PropertySource with [defaultProperties]
3407 [main] DEBUG o.s.b.f.s.DefaultListableBeanFactory - Returning cached instance of singleton bean 'propertySourceBootstrapConfiguration'
3407 [main] DEBUG o.s.b.f.s.DefaultListableBeanFactory - Returning cached instance of singleton bean 'environmentDecryptApplicationListener'
3410 [main] DEBUG o.s.c.e.PropertySourcesPropertyResolver - Could not find key 'SPRING_APPLICATION_JSON:' in any property source
3410 [main] DEBUG o.s.c.e.PropertySourcesPropertyResolver - Could not find key 'SPRING_APPLICATION_JSON' in any property source
3410 [main] DEBUG o.s.c.e.PropertySourcesPropertyResolver - Could not find key 'spring.application.json:' in any property source
3410 [main] DEBUG o.s.c.e.PropertySourcesPropertyResolver - Could not find key 'spring.application.json' in any property source
4383 [main] DEBUG o.s.w.c.s.StandardServletEnvironment - Adding [springCloudClientHostInfo] PropertySource with lowest search precedence
4383 [main] DEBUG o.s.w.c.s.StandardServletEnvironment - Adding [random] PropertySource with search precedence immediately lower than [systemEnvironment]
4386 [main] DEBUG o.s.c.e.PropertySourcesPropertyResolver - Could not find key 'spring.profiles.active' in any property source
4386 [main] DEBUG o.s.c.e.PropertySourcesPropertyResolver - Could not find key 'spring.profiles.default' in any property source
4390 [main] DEBUG o.s.core.env.MutablePropertySources - Adding [applicationConfig: [profile=]] PropertySource with highest search precedence
4402 [main] DEBUG o.s.w.c.s.StandardServletEnvironment - Adding [applicationConfigurationProperties] PropertySource with search precedence immediately higher than [defaultProperties]
4412 [main] DEBUG o.s.c.e.PropertySourcesPropertyResolver - Found key 'spring.output.ansi.enabled' in [systemProperties] with type [String]
4413 [main] DEBUG o.s.c.e.PropertySourcesPropertyResolver - Could not find key 'logging.file' in any property source
4413 [main] DEBUG o.s.c.e.PropertySourcesPropertyResolver - Could not find key 'logging.path' in any property source
4413 [main] DEBUG o.s.c.e.PropertySourcesPropertyResolver - Could not find key 'debug' in any property source
4413 [main] DEBUG o.s.c.e.PropertySourcesPropertyResolver - Could not find key 'trace' in any property source
4413 [main] DEBUG o.s.c.e.PropertySourcesPropertyResolver - Could not find key 'logging.config' in any property source
4416 [main] DEBUG o.s.b.l.ClasspathLoggingApplicationListener - Application started with classpath: [file:/D:/WorkSoftware/Java/jdk1.8.0_111/jre/lib/charsets.jar, file:/D:/WorkSoftware/Java/jdk1.8.0_111/jre/lib/deploy.jar, file:/D:/WorkSoftware/Java/jdk1.8.0_111/jre/lib/ext/access-bridge-64.jar, file:/D:/WorkSoftware/Java/jdk1.8.0_111/jre/lib/ext/cldrdata.jar, file:/D:/WorkSoftware/Java/jdk1.8.0_111/jre/lib/ext/dnsns.jar, file:/D:/WorkSoftware/Java/jdk1.8.0_111/jre/lib/ext/jaccess.jar, file:/D:/WorkSoftware/Java/jdk1.8.0_111/jre/lib/ext/jfxrt.jar, file:/D:/WorkSoftware/Java/jdk1.8.0_111/jre/lib/ext/localedata.jar, file:/D:/WorkSoftware/Java/jdk1.8.0_111/jre/lib/ext/nashorn.jar, file:/D:/WorkSoftware/Java/jdk1.8.0_111/jre/lib/ext/sunec.jar, file:/D:/WorkSoftware/Java/jdk1.8.0_111/jre/lib/ext/sunjce_provider.jar, file:/D:/WorkSoftware/Java/jdk1.8.0_111/jre/lib/ext/sunmscapi.jar, file:/D:/WorkSoftware/Java/jdk1.8.0_111/jre/lib/ext/sunpkcs11.jar, file:/D:/WorkSoftware/Java/jdk1.8.0_111/jre/lib/ext/zipfs.jar, file:/D:/WorkSoftware/Java/jdk1.8.0_111/jre/lib/javaws.jar, file:/D:/WorkSoftware/Java/jdk1.8.0_111/jre/lib/jce.jar, file:/D:/WorkSoftware/Java/jdk1.8.0_111/jre/lib/jfr.jar, file:/D:/WorkSoftware/Java/jdk1.8.0_111/jre/lib/jfxswt.jar, file:/D:/WorkSoftware/Java/jdk1.8.0_111/jre/lib/jsse.jar, file:/D:/WorkSoftware/Java/jdk1.8.0_111/jre/lib/management-agent.jar, file:/D:/WorkSoftware/Java/jdk1.8.0_111/jre/lib/plugin.jar, file:/D:/WorkSoftware/Java/jdk1.8.0_111/jre/lib/resources.jar, file:/D:/WorkSoftware/Java/jdk1.8.0_111/jre/lib/rt.jar, file:/F:/ideaworkspace201603/learn-for-me/spring-cloud-eureka/target/classes/, file:/D:/mavenHome/org/springframework/boot/spring-boot/1.4.4.RELEASE/spring-boot-1.4.4.RELEASE.jar, file:/D:/mavenHome/org/springframework/spring-context/4.3.6.RELEASE/spring-context-4.3.6.RELEASE.jar, file:/D:/mavenHome/org/springframework/spring-aop/4.3.6.RELEASE/spring-aop-4.3.6.RELEASE.jar, file:/D:/mavenHome/org/springframework/spring-beans/4.3.6.RELEASE/spring-beans-4.3.6.RELEASE.jar, file:/D:/mavenHome/org/springframework/spring-expression/4.3.6.RELEASE/spring-expression-4.3.6.RELEASE.jar, file:/D:/mavenHome/org/springframework/boot/spring-boot-autoconfigure/1.4.4.RELEASE/spring-boot-autoconfigure-1.4.4.RELEASE.jar, file:/D:/mavenHome/org/ow2/asm/asm/5.0.3/asm-5.0.3.jar, file:/D:/mavenHome/org/slf4j/slf4j-api/1.7.22/slf4j-api-1.7.22.jar, file:/D:/mavenHome/org/springframework/spring-core/4.3.6.RELEASE/spring-core-4.3.6.RELEASE.jar, file:/D:/mavenHome/org/springframework/cloud/spring-cloud-starter-eureka-server/1.1.0.RELEASE/spring-cloud-starter-eureka-server-1.1.0.RELEASE.jar, file:/D:/mavenHome/org/springframework/cloud/spring-cloud-starter/1.1.0.RELEASE/spring-cloud-starter-1.1.0.RELEASE.jar, file:/D:/mavenHome/org/springframework/boot/spring-boot-starter/1.4.4.RELEASE/spring-boot-starter-1.4.4.RELEASE.jar, file:/D:/mavenHome/org/springframework/boot/spring-boot-starter-logging/1.4.4.RELEASE/spring-boot-starter-logging-1.4.4.RELEASE.jar, file:/D:/mavenHome/ch/qos/logback/logback-classic/1.1.9/logback-classic-1.1.9.jar, file:/D:/mavenHome/ch/qos/logback/logback-core/1.1.9/logback-core-1.1.9.jar, file:/D:/mavenHome/org/slf4j/jcl-over-slf4j/1.7.22/jcl-over-slf4j-1.7.22.jar, file:/D:/mavenHome/org/slf4j/jul-to-slf4j/1.7.22/jul-to-slf4j-1.7.22.jar, file:/D:/mavenHome/org/slf4j/log4j-over-slf4j/1.7.22/log4j-over-slf4j-1.7.22.jar, file:/D:/mavenHome/org/yaml/snakeyaml/1.17/snakeyaml-1.17.jar, file:/D:/mavenHome/org/springframework/cloud/spring-cloud-context/1.1.0.RELEASE/spring-cloud-context-1.1.0.RELEASE.jar, file:/D:/mavenHome/org/springframework/security/spring-security-crypto/4.1.4.RELEASE/spring-security-crypto-4.1.4.RELEASE.jar, file:/D:/mavenHome/org/springframework/cloud/spring-cloud-commons/1.1.0.RELEASE/spring-cloud-commons-1.1.0.RELEASE.jar, file:/D:/mavenHome/org/springframework/security/spring-security-rsa/1.0.1.RELEASE/spring-security-rsa-1.0.1.RELEASE.jar, file:/D:/mavenHome/org/bouncycastle/bcpkix-jdk15on/1.47/bcpkix-jdk15on-1.47.jar, file:/D:/mavenHome/org/bouncycastle/bcprov-jdk15on/1.47/bcprov-jdk15on-1.47.jar, file:/D:/mavenHome/org/springframework/cloud/spring-cloud-netflix-eureka-server/1.1.0.RELEASE/spring-cloud-netflix-eureka-server-1.1.0.RELEASE.jar, file:/D:/mavenHome/org/springframework/boot/spring-boot-starter-web/1.4.4.RELEASE/spring-boot-starter-web-1.4.4.RELEASE.jar, file:/D:/mavenHome/org/springframework/boot/spring-boot-starter-tomcat/1.4.4.RELEASE/spring-boot-starter-tomcat-1.4.4.RELEASE.jar, file:/D:/mavenHome/org/apache/tomcat/embed/tomcat-embed-core/8.5.11/tomcat-embed-core-8.5.11.jar, file:/D:/mavenHome/org/apache/tomcat/embed/tomcat-embed-el/8.5.11/tomcat-embed-el-8.5.11.jar, file:/D:/mavenHome/org/apache/tomcat/embed/tomcat-embed-websocket/8.5.11/tomcat-embed-websocket-8.5.11.jar, file:/D:/mavenHome/org/hibernate/hibernate-validator/5.2.4.Final/hibernate-validator-5.2.4.Final.jar, file:/D:/mavenHome/javax/validation/validation-api/1.1.0.Final/validation-api-1.1.0.Final.jar, file:/D:/mavenHome/org/jboss/logging/jboss-logging/3.3.0.Final/jboss-logging-3.3.0.Final.jar, file:/D:/mavenHome/com/fasterxml/classmate/1.3.3/classmate-1.3.3.jar, file:/D:/mavenHome/org/springframework/spring-web/4.3.6.RELEASE/spring-web-4.3.6.RELEASE.jar, file:/D:/mavenHome/org/springframework/spring-webmvc/4.3.6.RELEASE/spring-webmvc-4.3.6.RELEASE.jar, file:/D:/mavenHome/org/springframework/boot/spring-boot-starter-actuator/1.4.4.RELEASE/spring-boot-starter-actuator-1.4.4.RELEASE.jar, file:/D:/mavenHome/org/springframework/boot/spring-boot-actuator/1.4.4.RELEASE/spring-boot-actuator-1.4.4.RELEASE.jar, file:/D:/mavenHome/org/springframework/boot/spring-boot-starter-freemarker/1.4.4.RELEASE/spring-boot-starter-freemarker-1.4.4.RELEASE.jar, file:/D:/mavenHome/org/freemarker/freemarker/2.3.25-incubating/freemarker-2.3.25-incubating.jar, file:/D:/mavenHome/org/springframework/spring-context-support/4.3.6.RELEASE/spring-context-support-4.3.6.RELEASE.jar, file:/D:/mavenHome/org/springframework/cloud/spring-cloud-netflix-core/1.1.0.RELEASE/spring-cloud-netflix-core-1.1.0.RELEASE.jar, file:/D:/mavenHome/org/springframework/cloud/spring-cloud-netflix-eureka-client/1.1.0.RELEASE/spring-cloud-netflix-eureka-client-1.1.0.RELEASE.jar, file:/D:/mavenHome/com/netflix/eureka/eureka-client/1.4.6/eureka-client-1.4.6.jar, file:/D:/mavenHome/org/codehaus/jettison/jettison/1.3.7/jettison-1.3.7.jar, file:/D:/mavenHome/stax/stax-api/1.0.1/stax-api-1.0.1.jar, file:/D:/mavenHome/com/netflix/netflix-commons/netflix-eventbus/0.3.0/netflix-eventbus-0.3.0.jar, file:/D:/mavenHome/javax/ws/rs/jsr311-api/1.1.1/jsr311-api-1.1.1.jar, file:/D:/mavenHome/com/netflix/servo/servo-core/0.10.1/servo-core-0.10.1.jar, file:/D:/mavenHome/com/netflix/servo/servo-internal/0.10.1/servo-internal-0.10.1.jar, file:/D:/mavenHome/com/sun/jersey/jersey-core/1.19.1/jersey-core-1.19.1.jar, file:/D:/mavenHome/com/sun/jersey/jersey-client/1.19.1/jersey-client-1.19.1.jar, file:/D:/mavenHome/com/sun/jersey/contribs/jersey-apache-client4/1.19.1/jersey-apache-client4-1.19.1.jar, file:/D:/mavenHome/org/apache/httpcomponents/httpclient/4.5.2/httpclient-4.5.2.jar, file:/D:/mavenHome/org/apache/httpcomponents/httpcore/4.4.6/httpcore-4.4.6.jar, file:/D:/mavenHome/commons-codec/commons-codec/1.10/commons-codec-1.10.jar, file:/D:/mavenHome/com/google/inject/guice/4.0/guice-4.0.jar, file:/D:/mavenHome/aopalliance/aopalliance/1.0/aopalliance-1.0.jar, file:/D:/mavenHome/com/netflix/governator/governator-api/1.12.10/governator-api-1.12.10.jar, file:/D:/mavenHome/com/sun/jersey/jersey-servlet/1.19.1/jersey-servlet-1.19.1.jar, file:/D:/mavenHome/com/sun/jersey/jersey-server/1.19.1/jersey-server-1.19.1.jar, file:/D:/mavenHome/com/netflix/eureka/eureka-core/1.4.6/eureka-core-1.4.6.jar, file:/D:/mavenHome/com/amazonaws/aws-java-sdk-core/1.10.30/aws-java-sdk-core-1.10.30.jar, file:/D:/mavenHome/com/amazonaws/aws-java-sdk-ec2/1.10.30/aws-java-sdk-ec2-1.10.30.jar, file:/D:/mavenHome/com/amazonaws/aws-java-sdk-autoscaling/1.9.3/aws-java-sdk-autoscaling-1.9.3.jar, file:/D:/mavenHome/com/amazonaws/aws-java-sdk-sts/1.9.3/aws-java-sdk-sts-1.9.3.jar, file:/D:/mavenHome/com/amazonaws/aws-java-sdk-route53/1.9.3/aws-java-sdk-route53-1.9.3.jar, file:/D:/mavenHome/com/netflix/governator/governator/1.12.10/governator-1.12.10.jar, file:/D:/mavenHome/com/netflix/governator/governator-core/1.12.10/governator-core-1.12.10.jar, file:/D:/mavenHome/org/codehaus/woodstox/woodstox-core-asl/4.4.1/woodstox-core-asl-4.4.1.jar, file:/D:/mavenHome/javax/xml/stream/stax-api/1.0-2/stax-api-1.0-2.jar, file:/D:/mavenHome/com/netflix/archaius/archaius-core/0.7.4/archaius-core-0.7.4.jar, file:/D:/mavenHome/com/google/code/findbugs/jsr305/3.0.1/jsr305-3.0.1.jar, file:/D:/mavenHome/javax/inject/javax.inject/1/javax.inject-1.jar, file:/D:/mavenHome/com/fasterxml/jackson/dataformat/jackson-dataformat-xml/2.8.6/jackson-dataformat-xml-2.8.6.jar, file:/D:/mavenHome/com/fasterxml/jackson/module/jackson-module-jaxb-annotations/2.8.6/jackson-module-jaxb-annotations-2.8.6.jar, file:/D:/mavenHome/org/codehaus/woodstox/stax2-api/3.1.4/stax2-api-3.1.4.jar, file:/D:/mavenHome/com/fasterxml/woodstox/woodstox-core/5.0.3/woodstox-core-5.0.3.jar, file:/D:/mavenHome/com/thoughtworks/xstream/xstream/1.4.2/xstream-1.4.2.jar, file:/D:/mavenHome/xmlpull/xmlpull/1.1.3.1/xmlpull-1.1.3.1.jar, file:/D:/mavenHome/xpp3/xpp3_min/1.1.4c/xpp3_min-1.1.4c.jar, file:/D:/mavenHome/org/springframework/cloud/spring-cloud-starter-archaius/1.1.0.RELEASE/spring-cloud-starter-archaius-1.1.0.RELEASE.jar, file:/D:/mavenHome/commons-configuration/commons-configuration/1.8/commons-configuration-1.8.jar, file:/D:/mavenHome/commons-lang/commons-lang/2.6/commons-lang-2.6.jar, file:/D:/mavenHome/commons-logging/commons-logging/1.1.1/commons-logging-1.1.1.jar, file:/D:/mavenHome/com/fasterxml/jackson/core/jackson-annotations/2.8.6/jackson-annotations-2.8.6.jar, file:/D:/mavenHome/com/fasterxml/jackson/core/jackson-core/2.8.6/jackson-core-2.8.6.jar, file:/D:/mavenHome/com/fasterxml/jackson/core/jackson-databind/2.8.6/jackson-databind-2.8.6.jar, file:/D:/mavenHome/com/google/guava/guava/18.0/guava-18.0.jar, file:/D:/mavenHome/org/springframework/cloud/spring-cloud-starter-ribbon/1.1.0.RELEASE/spring-cloud-starter-ribbon-1.1.0.RELEASE.jar, file:/D:/mavenHome/com/netflix/ribbon/ribbon/2.1.5/ribbon-2.1.5.jar, file:/D:/mavenHome/com/netflix/ribbon/ribbon-transport/2.1.5/ribbon-transport-2.1.5.jar, file:/D:/mavenHome/io/reactivex/rxnetty-contexts/0.4.9/rxnetty-contexts-0.4.9.jar, file:/D:/mavenHome/io/reactivex/rxnetty-servo/0.4.9/rxnetty-servo-0.4.9.jar, file:/D:/mavenHome/com/netflix/hystrix/hystrix-core/1.5.2/hystrix-core-1.5.2.jar, file:/D:/mavenHome/org/hdrhistogram/HdrHistogram/2.1.7/HdrHistogram-2.1.7.jar, file:/D:/mavenHome/io/reactivex/rxnetty/0.4.9/rxnetty-0.4.9.jar, file:/D:/mavenHome/io/netty/netty-codec-http/4.0.27.Final/netty-codec-http-4.0.27.Final.jar, file:/D:/mavenHome/io/netty/netty-codec/4.0.27.Final/netty-codec-4.0.27.Final.jar, file:/D:/mavenHome/io/netty/netty-handler/4.0.27.Final/netty-handler-4.0.27.Final.jar, file:/D:/mavenHome/io/netty/netty-transport-native-epoll/4.0.27.Final/netty-transport-native-epoll-4.0.27.Final.jar, file:/D:/mavenHome/io/netty/netty-common/4.0.27.Final/netty-common-4.0.27.Final.jar, file:/D:/mavenHome/io/netty/netty-buffer/4.0.27.Final/netty-buffer-4.0.27.Final.jar, file:/D:/mavenHome/io/netty/netty-transport/4.0.27.Final/netty-transport-4.0.27.Final.jar, file:/D:/mavenHome/com/netflix/ribbon/ribbon-core/2.1.5/ribbon-core-2.1.5.jar, file:/D:/mavenHome/com/netflix/ribbon/ribbon-httpclient/2.1.5/ribbon-httpclient-2.1.5.jar, file:/D:/mavenHome/commons-collections/commons-collections/3.2.2/commons-collections-3.2.2.jar, file:/D:/mavenHome/com/netflix/netflix-commons/netflix-commons-util/0.1.1/netflix-commons-util-0.1.1.jar, file:/D:/mavenHome/com/netflix/ribbon/ribbon-loadbalancer/2.1.5/ribbon-loadbalancer-2.1.5.jar, file:/D:/mavenHome/com/netflix/netflix-commons/netflix-statistics/0.1.1/netflix-statistics-0.1.1.jar, file:/D:/mavenHome/io/reactivex/rxjava/1.1.5/rxjava-1.1.5.jar, file:/D:/mavenHome/com/netflix/ribbon/ribbon-eureka/2.1.5/ribbon-eureka-2.1.5.jar, file:/D:/WorkSoftware/JetBrains/IntelliJ%20IDEA%202016.3.2/lib/idea_rt.jar]
4416 [main] DEBUG o.s.c.e.PropertySourcesPropertyResolver - Could not find key 'context.listener.classes' in any property source
4419 [main] DEBUG o.s.c.e.PropertySourcesPropertyResolver - Could not find key 'banner.image.location' in any property source
4420 [main] DEBUG o.s.c.e.PropertySourcesPropertyResolver - Could not find key 'banner.location' in any property source
4426 [main] DEBUG o.s.w.c.s.StandardServletEnvironment - Adding [servletConfigInitParams] PropertySource with lowest search precedence
4426 [main] DEBUG o.s.w.c.s.StandardServletEnvironment - Adding [servletContextInitParams] PropertySource with lowest search precedence
4426 [main] DEBUG o.s.w.c.s.StandardServletEnvironment - Adding [systemProperties] PropertySource with lowest search precedence
4426 [main] DEBUG o.s.w.c.s.StandardServletEnvironment - Adding [systemEnvironment] PropertySource with lowest search precedence
4426 [main] DEBUG o.s.w.c.s.StandardServletEnvironment - Initialized StandardServletEnvironment with PropertySources [servletConfigInitParams,servletContextInitParams,systemProperties,systemEnvironment]
4427 [main] DEBUG o.s.c.a.ClassPathBeanDefinitionScanner - JSR-250 'javax.annotation.ManagedBean' found and supported for component scanning
4427 [main] DEBUG o.s.c.a.ClassPathBeanDefinitionScanner - JSR-330 'javax.inject.Named' annotation found and supported for component scanning
4431 [main] DEBUG o.s.w.c.s.StandardServletEnvironment - Removing [defaultProperties] PropertySource
4431 [main] DEBUG o.s.w.c.s.StandardServletEnvironment - Adding [defaultProperties] PropertySource with lowest search precedence
4432 [main] DEBUG o.s.c.e.PropertySourcesPropertyResolver - Could not find key 'spring.profiles.active' in any property source
4432 [main] DEBUG o.s.c.e.PropertySourcesPropertyResolver - Could not find key 'spring.profiles.default' in any property source
4433 [main] DEBUG o.s.c.e.PropertySourcesPropertyResolver - Could not find key 'context.initializer.classes' in any property source
4433 [main] DEBUG o.s.c.e.PropertySourcesPropertyResolver - Could not find key 'spring.config.name:application' in any property source
4433 [main] DEBUG o.s.c.e.PropertySourcesPropertyResolver - Could not find key 'spring.config.name' in any property source
4433 [main] DEBUG o.s.c.e.PropertySourcesPropertyResolver - Could not find key 'vcap.application.name:application' in any property source
4433 [main] DEBUG o.s.c.e.PropertySourcesPropertyResolver - Could not find key 'vcap.application.name' in any property source
4433 [main] DEBUG o.s.c.e.PropertySourcesPropertyResolver - Could not find key 'spring.application.name:application' in any property source
4433 [main] DEBUG o.s.c.e.PropertySourcesPropertyResolver - Could not find key 'spring.application.name' in any property source
4433 [main] DEBUG o.s.c.e.PropertySourcesPropertyResolver - Could not find key 'PORT:null' in any property source
4434 [main] DEBUG o.s.c.e.PropertySourcesPropertyResolver - Could not find key 'PORT' in any property source
4434 [main] DEBUG o.s.c.e.PropertySourcesPropertyResolver - Could not find key 'server.port:null' in any property source
4434 [main] DEBUG o.s.c.e.PropertySourcesPropertyResolver - Found key 'server.port' in [applicationConfigurationProperties] with type [String]
4434 [main] DEBUG o.s.c.e.PropertySourcesPropertyResolver - Could not find key 'spring.application.index:1111' in any property source
4434 [main] DEBUG o.s.c.e.PropertySourcesPropertyResolver - Could not find key 'spring.application.index' in any property source
4434 [main] DEBUG o.s.c.e.PropertySourcesPropertyResolver - Could not find key 'vcap.application.instance_index:1111' in any property source
4434 [main] DEBUG o.s.c.e.PropertySourcesPropertyResolver - Could not find key 'vcap.application.instance_index' in any property source
4434 [main] DEBUG o.s.c.e.PropertySourcesPropertyResolver - Could not find key 'spring.profiles.active' in any property source
4434 [main] DEBUG o.s.b.f.s.DefaultListableBeanFactory - Returning cached instance of singleton bean 'autoConfigurationReport'
4434 [main] DEBUG o.s.b.f.s.DefaultListableBeanFactory - Returning cached instance of singleton bean 'autoConfigurationReport'
4434 [main] DEBUG o.s.c.e.PropertySourcesPropertyResolver - Could not find key 'spring.profiles.active' in any property source
4435 [main] DEBUG o.s.c.e.PropertySourcesPropertyResolver - Could not find key 'spring.profiles.default' in any property source
4435 [main] INFO  com.yd.Application - No active profile set, falling back to default profiles: default
4435 [main] DEBUG o.s.boot.SpringApplication - Loading source class com.yd.Application
4435 [main] DEBUG o.s.c.a.ClassPathBeanDefinitionScanner - JSR-250 'javax.annotation.ManagedBean' found and supported for component scanning
4435 [main] DEBUG o.s.c.a.ClassPathBeanDefinitionScanner - JSR-330 'javax.inject.Named' annotation found and supported for component scanning
4453 [background-preinit] DEBUG o.h.v.i.e.r.DefaultTraversableResolver - Cannot find javax.persistence.Persistence on classpath. Assuming non JPA 2 environment. All properties will per default be traversable.
4457 [main] DEBUG o.s.b.c.c.ConfigFileApplicationListener - Loaded config file 'file:/F:/ideaworkspace201603/learn-for-me/spring-cloud-eureka/target/classes/application.properties' (classpath:/application.properties)
4457 [main] DEBUG o.s.b.c.c.ConfigFileApplicationListener - Skipped (empty) config file 'file:/F:/ideaworkspace201603/learn-for-me/spring-cloud-eureka/target/classes/application.properties' (classpath:/application.properties) for profile default
4457 [main] INFO  o.s.b.c.e.AnnotationConfigEmbeddedWebApplicationContext - Refreshing org.springframework.boot.context.embedded.AnnotationConfigEmbeddedWebApplicationContext@555cf22: startup date [Mon Mar 06 18:59:15 CST 2017]; parent: org.springframework.context.annotation.AnnotationConfigApplicationContext@61386958
4460 [main] DEBUG o.s.b.c.e.AnnotationConfigEmbeddedWebApplicationContext - Bean factory for org.springframework.boot.context.embedded.AnnotationConfigEmbeddedWebApplicationContext@555cf22: org.springframework.beans.factory.support.DefaultListableBeanFactory@56c698e3: defining beans [org.springframework.context.annotation.internalConfigurationAnnotationProcessor,org.springframework.context.annotation.internalAutowiredAnnotationProcessor,org.springframework.context.annotation.internalRequiredAnnotationProcessor,org.springframework.context.annotation.internalCommonAnnotationProcessor,org.springframework.context.event.internalEventListenerProcessor,org.springframework.context.event.internalEventListenerFactory,application]; parent: org.springframework.beans.factory.support.DefaultListableBeanFactory@58cbafc2
4462 [main] DEBUG o.s.b.f.s.DefaultListableBeanFactory - Creating shared instance of singleton bean 'org.springframework.context.annotation.internalConfigurationAnnotationProcessor'
4463 [main] DEBUG o.s.b.f.s.DefaultListableBeanFactory - Creating instance of bean 'org.springframework.context.annotation.internalConfigurationAnnotationProcessor'
4463 [main] DEBUG o.s.b.f.s.DefaultListableBeanFactory - Eagerly caching bean 'org.springframework.context.annotation.internalConfigurationAnnotationProcessor' to allow for resolving potential circular references
4463 [main] DEBUG o.s.b.f.s.DefaultListableBeanFactory - Creating shared instance of singleton bean 'org.springframework.boot.autoconfigure.internalCachingMetadataReaderFactory'
4463 [main] DEBUG o.s.b.f.s.DefaultListableBeanFactory - Creating instance of bean 'org.springframework.boot.autoconfigure.internalCachingMetadataReaderFactory'
4463 [main] DEBUG o.s.b.f.s.DefaultListableBeanFactory - Eagerly caching bean 'org.springframework.boot.autoconfigure.internalCachingMetadataReaderFactory' to allow for resolving potential circular references
4463 [main] DEBUG o.s.b.f.s.DefaultListableBeanFactory - Finished creating instance of bean 'org.springframework.boot.autoconfigure.internalCachingMetadataReaderFactory'
4466 [main] DEBUG o.s.b.f.s.DefaultListableBeanFactory - Finished creating instance of bean 'org.springframework.context.annotation.internalConfigurationAnnotationProcessor'
4468 [main] DEBUG o.s.c.a.ClassPathBeanDefinitionScanner - JSR-250 'javax.annotation.ManagedBean' found and supported for component scanning
4468 [main] DEBUG o.s.c.a.ClassPathBeanDefinitionScanner - JSR-330 'javax.inject.Named' annotation found and supported for component scanning
4470 [main] DEBUG o.s.c.i.s.PathMatchingResourcePatternResolver - Resolved classpath location [com/yd/] to resources [URL [file:/F:/ideaworkspace201603/learn-for-me/spring-cloud-eureka/target/classes/com/yd/]]
4471 [main] DEBUG o.s.c.i.s.PathMatchingResourcePatternResolver - Looking for matching resources in directory tree [F:\ideaworkspace201603\learn-for-me\spring-cloud-eureka\target\classes\com\yd]
4471 [main] DEBUG o.s.c.i.s.PathMatchingResourcePatternResolver - Searching directory [F:\ideaworkspace201603\learn-for-me\spring-cloud-eureka\target\classes\com\yd] for files matching pattern [F:/ideaworkspace201603/learn-for-me/spring-cloud-eureka/target/classes/com/yd/**/*.class]
4473 [main] DEBUG o.s.c.i.s.PathMatchingResourcePatternResolver - Resolved location pattern [classpath*:com/yd/**/*.class] to resources [file [F:\ideaworkspace201603\learn-for-me\spring-cloud-eureka\target\classes\com\yd\Application.class]]
4492 [main] DEBUG o.s.w.c.s.StandardServletEnvironment - Adding [class path resource [eureka/server.properties]] PropertySource with lowest search precedence
4527 [main] DEBUG o.s.b.f.s.DefaultListableBeanFactory - Returning cached instance of singleton bean 'autoConfigurationReport'
4528 [main] DEBUG o.s.b.f.s.DefaultListableBeanFactory - Returning cached instance of singleton bean 'autoConfigurationReport'
4532 [main] DEBUG o.s.b.f.s.DefaultListableBeanFactory - Returning cached instance of singleton bean 'autoConfigurationReport'
4532 [main] DEBUG o.s.b.f.s.DefaultListableBeanFactory - Returning cached instance of singleton bean 'autoConfigurationReport'
4535 [main] DEBUG o.s.b.f.s.DefaultListableBeanFactory - Returning cached instance of singleton bean 'autoConfigurationReport'
4539 [main] DEBUG o.s.c.e.PropertySourcesPropertyResolver - Could not find key 'spring.boot.enableautoconfiguration' in any property source
4545 [main] DEBUG o.s.c.e.PropertySourcesPropertyResolver - Found key 'java.runtime.name' in [systemProperties] with type [String]
4546 [main] DEBUG o.s.c.e.PropertySourcesPropertyResolver - Found key 'spring.output.ansi.enabled' in [systemProperties] with type [String]
4546 [main] DEBUG o.s.c.e.PropertySourcesPropertyResolver - Found key 'sun.boot.library.path' in [systemProperties] with type [String]
4546 [main] DEBUG o.s.c.e.PropertySourcesPropertyResolver - Found key 'java.vm.version' in [systemProperties] with type [String]
4546 [main] DEBUG o.s.c.e.PropertySourcesPropertyResolver - Found key 'java.vm.vendor' in [systemProperties] with type [String]
4546 [main] DEBUG o.s.c.e.PropertySourcesPropertyResolver - Found key 'java.vendor.url' in [systemProperties] with type [String]
4546 [main] DEBUG o.s.c.e.PropertySourcesPropertyResolver - Found key 'path.separator' in [systemProperties] with type [String]
4546 [main] DEBUG o.s.c.e.PropertySourcesPropertyResolver - Found key 'idea.launcher.port' in [systemProperties] with type [String]
4547 [main] DEBUG o.s.c.e.PropertySourcesPropertyResolver - Found key 'java.vm.name' in [systemProperties] with type [String]
4547 [main] DEBUG o.s.c.e.PropertySourcesPropertyResolver - Found key 'file.encoding.pkg' in [systemProperties] with type [String]
4547 [main] DEBUG o.s.c.e.PropertySourcesPropertyResolver - Found key 'user.country' in [systemProperties] with type [String]
4547 [main] DEBUG o.s.c.e.PropertySourcesPropertyResolver - Found key 'user.script' in [systemProperties] with type [String]
4547 [main] DEBUG o.s.c.e.PropertySourcesPropertyResolver - Found key 'sun.java.launcher' in [systemProperties] with type [String]
4547 [main] DEBUG o.s.c.e.PropertySourcesPropertyResolver - Found key 'sun.os.patch.level' in [systemProperties] with type [String]
4547 [main] DEBUG o.s.c.e.PropertySourcesPropertyResolver - Found key 'PID' in [systemProperties] with type [String]
4547 [main] DEBUG o.s.c.e.PropertySourcesPropertyResolver - Found key 'java.vm.specification.name' in [systemProperties] with type [String]
4547 [main] DEBUG o.s.c.e.PropertySourcesPropertyResolver - Found key 'user.dir' in [systemProperties] with type [String]
4547 [main] DEBUG o.s.c.e.PropertySourcesPropertyResolver - Found key 'java.runtime.version' in [systemProperties] with type [String]
4548 [main] DEBUG o.s.c.e.PropertySourcesPropertyResolver - Found key 'java.awt.graphicsenv' in [systemProperties] with type [String]
4548 [main] DEBUG o.s.c.e.PropertySourcesPropertyResolver - Found key 'org.jboss.logging.provider' in [systemProperties] with type [String]
4548 [main] DEBUG o.s.c.e.PropertySourcesPropertyResolver - Found key 'java.endorsed.dirs' in [systemProperties] with type [String]
4548 [main] DEBUG o.s.c.e.PropertySourcesPropertyResolver - Found key 'os.arch' in [systemProperties] with type [String]
4548 [main] DEBUG o.s.c.e.PropertySourcesPropertyResolver - Found key 'java.io.tmpdir' in [systemProperties] with type [String]
4548 [main] DEBUG o.s.c.e.PropertySourcesPropertyResolver - Found key 'line.separator' in [systemProperties] with type [String]
4548 [main] DEBUG o.s.c.e.PropertySourcesPropertyResolver - Found key 'java.vm.specification.vendor' in [systemProperties] with type [String]
4548 [main] DEBUG o.s.c.e.PropertySourcesPropertyResolver - Found key 'user.variant' in [systemProperties] with type [String]
4548 [main] DEBUG o.s.c.e.PropertySourcesPropertyResolver - Found key 'os.name' in [systemProperties] with type [String]
4548 [main] DEBUG o.s.c.e.PropertySourcesPropertyResolver - Found key 'sun.jnu.encoding' in [systemProperties] with type [String]
4548 [main] DEBUG o.s.c.e.PropertySourcesPropertyResolver - Found key 'spring.beaninfo.ignore' in [systemProperties] with type [String]
4548 [main] DEBUG o.s.c.e.PropertySourcesPropertyResolver - Found key 'java.library.path' in [systemProperties] with type [String]
4549 [main] DEBUG o.s.c.e.PropertySourcesPropertyResolver - Found key 'java.specification.name' in [systemProperties] with type [String]
4549 [main] DEBUG o.s.c.e.PropertySourcesPropertyResolver - Found key 'java.class.version' in [systemProperties] with type [String]
4549 [main] DEBUG o.s.c.e.PropertySourcesPropertyResolver - Found key 'sun.management.compiler' in [systemProperties] with type [String]
4549 [main] DEBUG o.s.c.e.PropertySourcesPropertyResolver - Found key 'os.version' in [systemProperties] with type [String]
4549 [main] DEBUG o.s.c.e.PropertySourcesPropertyResolver - Found key 'user.home' in [systemProperties] with type [String]
4549 [main] DEBUG o.s.c.e.PropertySourcesPropertyResolver - Found key 'user.timezone' in [systemProperties] with type [String]
4549 [main] DEBUG o.s.c.e.PropertySourcesPropertyResolver - Found key 'java.awt.printerjob' in [systemProperties] with type [String]
4549 [main] DEBUG o.s.c.e.PropertySourcesPropertyResolver - Found key 'file.encoding' in [systemProperties] with type [String]
4549 [main] DEBUG o.s.c.e.PropertySourcesPropertyResolver - Found key 'idea.launcher.bin.path' in [systemProperties] with type [String]
4549 [main] DEBUG o.s.c.e.PropertySourcesPropertyResolver - Found key 'java.specification.version' in [systemProperties] with type [String]
4549 [main] DEBUG o.s.c.e.PropertySourcesPropertyResolver - Found key 'java.class.path' in [systemProperties] with type [String]
4550 [main] DEBUG o.s.c.e.PropertySourcesPropertyResolver - Found key 'user.name' in [systemProperties] with type [String]
4550 [main] DEBUG o.s.c.e.PropertySourcesPropertyResolver - Found key 'java.vm.specification.version' in [systemProperties] with type [String]
4550 [main] DEBUG o.s.c.e.PropertySourcesPropertyResolver - Found key 'sun.java.command' in [systemProperties] with type [String]
4550 [main] DEBUG o.s.c.e.PropertySourcesPropertyResolver - Found key 'java.home' in [systemProperties] with type [String]
4550 [main] DEBUG o.s.c.e.PropertySourcesPropertyResolver - Found key 'sun.arch.data.model' in [systemProperties] with type [String]
4550 [main] DEBUG o.s.c.e.PropertySourcesPropertyResolver - Found key 'user.language' in [systemProperties] with type [String]
4550 [main] DEBUG o.s.c.e.PropertySourcesPropertyResolver - Found key 'java.specification.vendor' in [systemProperties] with type [String]
4550 [main] DEBUG o.s.c.e.PropertySourcesPropertyResolver - Found key 'awt.toolkit' in [systemProperties] with type [String]
4550 [main] DEBUG o.s.c.e.PropertySourcesPropertyResolver - Found key 'java.vm.info' in [systemProperties] with type [String]
4550 [main] DEBUG o.s.c.e.PropertySourcesPropertyResolver - Found key 'java.version' in [systemProperties] with type [String]
4550 [main] DEBUG o.s.c.e.PropertySourcesPropertyResolver - Found key 'java.ext.dirs' in [systemProperties] with type [String]
4550 [main] DEBUG o.s.c.e.PropertySourcesPropertyResolver - Found key 'sun.boot.class.path' in [systemProperties] with type [String]
4551 [main] DEBUG o.s.c.e.PropertySourcesPropertyResolver - Found key 'java.awt.headless' in [systemProperties] with type [String]
4551 [main] DEBUG o.s.c.e.PropertySourcesPropertyResolver - Found key 'java.vendor' in [systemProperties] with type [String]
4551 [main] DEBUG o.s.c.e.PropertySourcesPropertyResolver - Found key 'file.separator' in [systemProperties] with type [String]
4551 [main] DEBUG o.s.c.e.PropertySourcesPropertyResolver - Found key 'java.vendor.url.bug' in [systemProperties] with type [String]
4551 [main] DEBUG o.s.c.e.PropertySourcesPropertyResolver - Found key 'sun.io.unicode.encoding' in [systemProperties] with type [String]
4551 [main] DEBUG o.s.c.e.PropertySourcesPropertyResolver - Found key 'sun.cpu.endian' in [systemProperties] with type [String]
4551 [main] DEBUG o.s.c.e.PropertySourcesPropertyResolver - Found key 'sun.desktop' in [systemProperties] with type [String]
4551 [main] DEBUG o.s.c.e.PropertySourcesPropertyResolver - Found key 'sun.cpu.isalist' in [systemProperties] with type [String]
4551 [main] DEBUG o.s.c.e.PropertySourcesPropertyResolver - Found key 'LOCALAPPDATA' in [systemEnvironment] with type [String]
4551 [main] DEBUG o.s.c.e.PropertySourcesPropertyResolver - Found key 'PROCESSOR_LEVEL' in [systemEnvironment] with type [String]
4551 [main] DEBUG o.s.c.e.PropertySourcesPropertyResolver - Found key 'FP_NO_HOST_CHECK' in [systemEnvironment] with type [String]
4551 [main] DEBUG o.s.c.e.PropertySourcesPropertyResolver - Found key 'USERDOMAIN' in [systemEnvironment] with type [String]
4551 [main] DEBUG o.s.c.e.PropertySourcesPropertyResolver - Found key 'LOGONSERVER' in [systemEnvironment] with type [String]
4552 [main] DEBUG o.s.c.e.PropertySourcesPropertyResolver - Found key 'JAVA_HOME' in [systemEnvironment] with type [String]
4552 [main] DEBUG o.s.c.e.PropertySourcesPropertyResolver - Found key 'SESSIONNAME' in [systemEnvironment] with type [String]
4552 [main] DEBUG o.s.c.e.PropertySourcesPropertyResolver - Found key 'ALLUSERSPROFILE' in [systemEnvironment] with type [String]
4552 [main] DEBUG o.s.c.e.PropertySourcesPropertyResolver - Found key 'PROCESSOR_ARCHITECTURE' in [systemEnvironment] with type [String]
4552 [main] DEBUG o.s.c.e.PropertySourcesPropertyResolver - Found key 'PSModulePath' in [systemEnvironment] with type [String]
4552 [main] DEBUG o.s.c.e.PropertySourcesPropertyResolver - Found key 'SystemDrive' in [systemEnvironment] with type [String]
4552 [main] DEBUG o.s.c.e.PropertySourcesPropertyResolver - Found key 'ERLANG_HOME' in [systemEnvironment] with type [String]
4552 [main] DEBUG o.s.c.e.PropertySourcesPropertyResolver - Found key 'MAVEN_HOME' in [systemEnvironment] with type [String]
4552 [main] DEBUG o.s.c.e.PropertySourcesPropertyResolver - Found key 'APPDATA' in [systemEnvironment] with type [String]
4552 [main] DEBUG o.s.c.e.PropertySourcesPropertyResolver - Found key 'USERNAME' in [systemEnvironment] with type [String]
4552 [main] DEBUG o.s.c.e.PropertySourcesPropertyResolver - Found key 'windows_tracing_logfile' in [systemEnvironment] with type [String]
4552 [main] DEBUG o.s.c.e.PropertySourcesPropertyResolver - Found key 'ProgramFiles(x86)' in [systemEnvironment] with type [String]
4552 [main] DEBUG o.s.c.e.PropertySourcesPropertyResolver - Found key 'VBOX_MSI_INSTALL_PATH' in [systemEnvironment] with type [String]
4553 [main] DEBUG o.s.c.e.PropertySourcesPropertyResolver - Found key 'CommonProgramFiles' in [systemEnvironment] with type [String]
4553 [main] DEBUG o.s.c.e.PropertySourcesPropertyResolver - Found key 'Path' in [systemEnvironment] with type [String]
4553 [main] DEBUG o.s.c.e.PropertySourcesPropertyResolver - Found key 'PATHEXT' in [systemEnvironment] with type [String]
4553 [main] DEBUG o.s.c.e.PropertySourcesPropertyResolver - Found key 'OS' in [systemEnvironment] with type [String]
4553 [main] DEBUG o.s.c.e.PropertySourcesPropertyResolver - Found key 'windows_tracing_flags' in [systemEnvironment] with type [String]
4553 [main] DEBUG o.s.c.e.PropertySourcesPropertyResolver - Found key 'COMPUTERNAME' in [systemEnvironment] with type [String]
4553 [main] DEBUG o.s.c.e.PropertySourcesPropertyResolver - Found key 'PROCESSOR_REVISION' in [systemEnvironment] with type [String]
4553 [main] DEBUG o.s.c.e.PropertySourcesPropertyResolver - Found key 'CommonProgramW6432' in [systemEnvironment] with type [String]
4553 [main] DEBUG o.s.c.e.PropertySourcesPropertyResolver - Found key 'ComSpec' in [systemEnvironment] with type [String]
4553 [main] DEBUG o.s.c.e.PropertySourcesPropertyResolver - Found key 'ProgramData' in [systemEnvironment] with type [String]
4553 [main] DEBUG o.s.c.e.PropertySourcesPropertyResolver - Found key 'ProgramW6432' in [systemEnvironment] with type [String]
4553 [main] DEBUG o.s.c.e.PropertySourcesPropertyResolver - Found key 'RABBITMQ_SERVER' in [systemEnvironment] with type [String]
4554 [main] DEBUG o.s.c.e.PropertySourcesPropertyResolver - Found key 'HOMEPATH' in [systemEnvironment] with type [String]
4554 [main] DEBUG o.s.c.e.PropertySourcesPropertyResolver - Found key 'SystemRoot' in [systemEnvironment] with type [String]
4554 [main] DEBUG o.s.c.e.PropertySourcesPropertyResolver - Found key 'TEMP' in [systemEnvironment] with type [String]
4554 [main] DEBUG o.s.c.e.PropertySourcesPropertyResolver - Found key 'HOMEDRIVE' in [systemEnvironment] with type [String]
4554 [main] DEBUG o.s.c.e.PropertySourcesPropertyResolver - Found key 'PROCESSOR_IDENTIFIER' in [systemEnvironment] with type [String]
4554 [main] DEBUG o.s.c.e.PropertySourcesPropertyResolver - Found key 'USERPROFILE' in [systemEnvironment] with type [String]
4554 [main] DEBUG o.s.c.e.PropertySourcesPropertyResolver - Found key 'TMP' in [systemEnvironment] with type [String]
4554 [main] DEBUG o.s.c.e.PropertySourcesPropertyResolver - Found key 'CommonProgramFiles(x86)' in [systemEnvironment] with type [String]
4554 [main] DEBUG o.s.c.e.PropertySourcesPropertyResolver - Found key 'ProgramFiles' in [systemEnvironment] with type [String]
4554 [main] DEBUG o.s.c.e.PropertySourcesPropertyResolver - Found key 'PUBLIC' in [systemEnvironment] with type [String]
4554 [main] DEBUG o.s.c.e.PropertySourcesPropertyResolver - Found key 'NUMBER_OF_PROCESSORS' in [systemEnvironment] with type [String]
4555 [main] DEBUG o.s.c.e.PropertySourcesPropertyResolver - Found key 'windir' in [systemEnvironment] with type [String]
4555 [main] DEBUG o.s.c.e.PropertySourcesPropertyResolver - Found key 'DOCKER_TOOLBOX_INSTALL_PATH' in [systemEnvironment] with type [String]
4555 [main] DEBUG o.s.c.e.PropertySourcesPropertyResolver - Found key 'server.port' in [applicationConfigurationProperties] with type [String]
4555 [main] DEBUG o.s.c.e.PropertySourcesPropertyResolver - Found key 'eureka.client.serviceUrl.defaultZone' in [applicationConfigurationProperties] with type [String]
4555 [main] DEBUG o.s.c.e.PropertySourcesPropertyResolver - Found key 'eureka.server.enable-self-preservation' in [applicationConfigurationProperties] with type [String]
4555 [main] DEBUG o.s.c.e.PropertySourcesPropertyResolver - Found key 'eureka.client.register-with-eureka' in [applicationConfigurationProperties] with type [String]
4555 [main] DEBUG o.s.c.e.PropertySourcesPropertyResolver - Found key 'server.port' in [applicationConfigurationProperties] with type [String]
4555 [main] DEBUG o.s.c.e.PropertySourcesPropertyResolver - Found key 'eureka.server.eviction-interval-timer-in-ms' in [applicationConfigurationProperties] with type [String]
4555 [main] DEBUG o.s.c.e.PropertySourcesPropertyResolver - Found key 'eureka.client.fetch-registry' in [applicationConfigurationProperties] with type [String]
4555 [main] DEBUG o.s.c.e.PropertySourcesPropertyResolver - Found key 'spring.cloud.client.hostname' in [springCloudClientHostInfo] with type [String]
4556 [main] DEBUG o.s.c.e.PropertySourcesPropertyResolver - Found key 'spring.cloud.client.ipAddress' in [springCloudClientHostInfo] with type [String]
4556 [main] DEBUG o.s.c.e.PropertySourcesPropertyResolver - Found key 'spring.aop.proxyTargetClass' in [defaultProperties] with type [String]
4556 [main] DEBUG o.s.c.e.PropertySourcesPropertyResolver - Found key 'spring.http.encoding.force' in [class path resource [eureka/server.properties]] with type [String]
4565 [main] DEBUG o.s.b.f.s.DefaultListableBeanFactory - Returning cached instance of singleton bean 'org.springframework.boot.autoconfigure.internalCachingMetadataReaderFactory'
4794 [main] DEBUG o.s.b.f.s.DefaultListableBeanFactory - Returning cached instance of singleton bean 'autoConfigurationReport'
4812 [main] DEBUG o.s.c.e.PropertySourcesPropertyResolver - Could not find key 'spring.messages.basename' in any property source
4812 [main] DEBUG o.s.c.i.s.PathMatchingResourcePatternResolver - Resolved classpath location [messages.properties] to resources []
4812 [main] DEBUG o.s.b.f.s.DefaultListableBeanFactory - Returning cached instance of singleton bean 'autoConfigurationReport'
4814 [main] DEBUG o.s.b.f.s.DefaultListableBeanFactory - Returning cached instance of singleton bean 'autoConfigurationReport'
4822 [main] DEBUG o.s.b.f.s.DefaultListableBeanFactory - Returning cached instance of singleton bean 'autoConfigurationReport'
4825 [main] DEBUG o.s.b.f.s.DefaultListableBeanFactory - Returning cached instance of singleton bean 'autoConfigurationReport'
4830 [main] DEBUG o.s.b.f.s.DefaultListableBeanFactory - Returning cached instance of singleton bean 'autoConfigurationReport'
4831 [main] DEBUG o.s.b.f.s.DefaultListableBeanFactory - Returning cached instance of singleton bean 'autoConfigurationReport'
4832 [main] DEBUG o.s.b.f.s.DefaultListableBeanFactory - Returning cached instance of singleton bean 'autoConfigurationReport'
4836 [main] DEBUG o.s.b.f.s.DefaultListableBeanFactory - Returning cached instance of singleton bean 'autoConfigurationReport'
4838 [main] DEBUG o.s.b.f.s.DefaultListableBeanFactory - Returning cached instance of singleton bean 'autoConfigurationReport'
4838 [main] DEBUG o.s.b.f.s.DefaultListableBeanFactory - Returning cached instance of singleton bean 'autoConfigurationReport'
4841 [main] DEBUG o.s.b.f.s.DefaultListableBeanFactory - Returning cached instance of singleton bean 'autoConfigurationReport'
4842 [main] DEBUG o.s.b.f.s.DefaultListableBeanFactory - Returning cached instance of singleton bean 'autoConfigurationReport'
4845 [main] DEBUG o.s.b.f.s.DefaultListableBeanFactory - Returning cached instance of singleton bean 'autoConfigurationReport'
4848 [main] DEBUG o.s.b.f.s.DefaultListableBeanFactory - Returning cached instance of singleton bean 'autoConfigurationReport'
4853 [main] DEBUG o.s.b.f.s.DefaultListableBeanFactory - Returning cached instance of singleton bean 'autoConfigurationReport'
4854 [main] DEBUG o.s.b.f.s.DefaultListableBeanFactory - Returning cached instance of singleton bean 'autoConfigurationReport'
4854 [main] DEBUG o.s.b.f.s.DefaultListableBeanFactory - Returning cached instance of singleton bean 'autoConfigurationReport'
4862 [main] DEBUG o.s.b.f.s.DefaultListableBeanFactory - Returning cached instance of singleton bean 'autoConfigurationReport'
4862 [main] DEBUG o.s.b.f.s.DefaultListableBeanFactory - Returning cached instance of singleton bean 'autoConfigurationReport'
4865 [main] DEBUG o.s.b.f.s.DefaultListableBeanFactory - Returning cached instance of singleton bean 'autoConfigurationReport'
4866 [main] DEBUG o.s.b.f.s.DefaultListableBeanFactory - Returning cached instance of singleton bean 'autoConfigurationReport'
4868 [main] DEBUG o.s.b.f.s.DefaultListableBeanFactory - Returning cached instance of singleton bean 'autoConfigurationReport'
4868 [main] DEBUG o.s.b.f.s.DefaultListableBeanFactory - Returning cached instance of singleton bean 'autoConfigurationReport'
4869 [main] DEBUG o.s.b.f.s.DefaultListableBeanFactory - Returning cached instance of singleton bean 'autoConfigurationReport'
4869 [main] DEBUG o.s.b.f.s.DefaultListableBeanFactory - Returning cached instance of singleton bean 'autoConfigurationReport'
4871 [main] DEBUG o.s.b.f.s.DefaultListableBeanFactory - Returning cached instance of singleton bean 'autoConfigurationReport'
4871 [main] DEBUG o.s.b.f.s.DefaultListableBeanFactory - Returning cached instance of singleton bean 'autoConfigurationReport'
4875 [main] DEBUG o.s.b.f.s.DefaultListableBeanFactory - Returning cached instance of singleton bean 'autoConfigurationReport'
4889 [main] DEBUG o.s.b.f.s.DefaultListableBeanFactory - Returning cached instance of singleton bean 'autoConfigurationReport'
4893 [main] DEBUG o.s.b.f.s.DefaultListableBeanFactory - Returning cached instance of singleton bean 'autoConfigurationReport'
4893 [main] DEBUG o.s.b.f.s.DefaultListableBeanFactory - Returning cached instance of singleton bean 'autoConfigurationReport'
4893 [main] DEBUG o.s.b.f.s.DefaultListableBeanFactory - Returning cached instance of singleton bean 'autoConfigurationReport'
4901 [main] DEBUG o.s.c.e.PropertySourcesPropertyResolver - Found key 'java.runtime.name' in [systemProperties] with type [String]
4901 [main] DEBUG o.s.c.e.PropertySourcesPropertyResolver - Found key 'spring.output.ansi.enabled' in [systemProperties] with type [String]
4901 [main] DEBUG o.s.c.e.PropertySourcesPropertyResolver - Found key 'sun.boot.library.path' in [systemProperties] with type [String]
4901 [main] DEBUG o.s.c.e.PropertySourcesPropertyResolver - Found key 'java.vm.version' in [systemProperties] with type [String]
4901 [main] DEBUG o.s.c.e.PropertySourcesPropertyResolver - Found key 'java.vm.vendor' in [systemProperties] with type [String]
4901 [main] DEBUG o.s.c.e.PropertySourcesPropertyResolver - Found key 'java.vendor.url' in [systemProperties] with type [String]
4901 [main] DEBUG o.s.c.e.PropertySourcesPropertyResolver - Found key 'path.separator' in [systemProperties] with type [String]
4901 [main] DEBUG o.s.c.e.PropertySourcesPropertyResolver - Found key 'idea.launcher.port' in [systemProperties] with type [String]
4901 [main] DEBUG o.s.c.e.PropertySourcesPropertyResolver - Found key 'java.vm.name' in [systemProperties] with type [String]
4901 [main] DEBUG o.s.c.e.PropertySourcesPropertyResolver - Found key 'file.encoding.pkg' in [systemProperties] with type [String]
4901 [main] DEBUG o.s.c.e.PropertySourcesPropertyResolver - Found key 'user.country' in [systemProperties] with type [String]
4901 [main] DEBUG o.s.c.e.PropertySourcesPropertyResolver - Found key 'user.script' in [systemProperties] with type [String]
4901 [main] DEBUG o.s.c.e.PropertySourcesPropertyResolver - Found key 'sun.java.launcher' in [systemProperties] with type [String]
4901 [main] DEBUG o.s.c.e.PropertySourcesPropertyResolver - Found key 'sun.os.patch.level' in [systemProperties] with type [String]
4902 [main] DEBUG o.s.c.e.PropertySourcesPropertyResolver - Found key 'PID' in [systemProperties] with type [String]
4902 [main] DEBUG o.s.c.e.PropertySourcesPropertyResolver - Found key 'java.vm.specification.name' in [systemProperties] with type [String]
4902 [main] DEBUG o.s.c.e.PropertySourcesPropertyResolver - Found key 'user.dir' in [systemProperties] with type [String]
4903 [main] DEBUG o.s.c.e.PropertySourcesPropertyResolver - Found key 'java.runtime.version' in [systemProperties] with type [String]
4903 [main] DEBUG o.s.c.e.PropertySourcesPropertyResolver - Found key 'java.awt.graphicsenv' in [systemProperties] with type [String]
4903 [main] DEBUG o.s.c.e.PropertySourcesPropertyResolver - Found key 'org.jboss.logging.provider' in [systemProperties] with type [String]
4903 [main] DEBUG o.s.c.e.PropertySourcesPropertyResolver - Found key 'java.endorsed.dirs' in [systemProperties] with type [String]
4903 [main] DEBUG o.s.c.e.PropertySourcesPropertyResolver - Found key 'os.arch' in [systemProperties] with type [String]
4903 [main] DEBUG o.s.c.e.PropertySourcesPropertyResolver - Found key 'java.io.tmpdir' in [systemProperties] with type [String]
4903 [main] DEBUG o.s.c.e.PropertySourcesPropertyResolver - Found key 'line.separator' in [systemProperties] with type [String]
4903 [main] DEBUG o.s.c.e.PropertySourcesPropertyResolver - Found key 'java.vm.specification.vendor' in [systemProperties] with type [String]
4903 [main] DEBUG o.s.c.e.PropertySourcesPropertyResolver - Found key 'user.variant' in [systemProperties] with type [String]
4903 [main] DEBUG o.s.c.e.PropertySourcesPropertyResolver - Found key 'os.name' in [systemProperties] with type [String]
4903 [main] DEBUG o.s.c.e.PropertySourcesPropertyResolver - Found key 'sun.jnu.encoding' in [systemProperties] with type [String]
4903 [main] DEBUG o.s.c.e.PropertySourcesPropertyResolver - Found key 'spring.beaninfo.ignore' in [systemProperties] with type [String]
4903 [main] DEBUG o.s.c.e.PropertySourcesPropertyResolver - Found key 'java.library.path' in [systemProperties] with type [String]
4903 [main] DEBUG o.s.c.e.PropertySourcesPropertyResolver - Found key 'java.specification.name' in [systemProperties] with type [String]
4903 [main] DEBUG o.s.c.e.PropertySourcesPropertyResolver - Found key 'java.class.version' in [systemProperties] with type [String]
4903 [main] DEBUG o.s.c.e.PropertySourcesPropertyResolver - Found key 'sun.management.compiler' in [systemProperties] with type [String]
4904 [main] DEBUG o.s.c.e.PropertySourcesPropertyResolver - Found key 'os.version' in [systemProperties] with type [String]
4904 [main] DEBUG o.s.c.e.PropertySourcesPropertyResolver - Found key 'user.home' in [systemProperties] with type [String]
4904 [main] DEBUG o.s.c.e.PropertySourcesPropertyResolver - Found key 'user.timezone' in [systemProperties] with type [String]
4904 [main] DEBUG o.s.c.e.PropertySourcesPropertyResolver - Found key 'java.awt.printerjob' in [systemProperties] with type [String]
4904 [main] DEBUG o.s.c.e.PropertySourcesPropertyResolver - Found key 'file.encoding' in [systemProperties] with type [String]
4904 [main] DEBUG o.s.c.e.PropertySourcesPropertyResolver - Found key 'idea.launcher.bin.path' in [systemProperties] with type [String]
4904 [main] DEBUG o.s.c.e.PropertySourcesPropertyResolver - Found key 'java.specification.version' in [systemProperties] with type [String]
4904 [main] DEBUG o.s.c.e.PropertySourcesPropertyResolver - Found key 'java.class.path' in [systemProperties] with type [String]
4904 [main] DEBUG o.s.c.e.PropertySourcesPropertyResolver - Found key 'user.name' in [systemProperties] with type [String]
4904 [main] DEBUG o.s.c.e.PropertySourcesPropertyResolver - Found key 'java.vm.specification.version' in [systemProperties] with type [String]
4904 [main] DEBUG o.s.c.e.PropertySourcesPropertyResolver - Found key 'sun.java.command' in [systemProperties] with type [String]
4904 [main] DEBUG o.s.c.e.PropertySourcesPropertyResolver - Found key 'java.home' in [systemProperties] with type [String]
4904 [main] DEBUG o.s.c.e.PropertySourcesPropertyResolver - Found key 'sun.arch.data.model' in [systemProperties] with type [String]
4904 [main] DEBUG o.s.c.e.PropertySourcesPropertyResolver - Found key 'user.language' in [systemProperties] with type [String]
4904 [main] DEBUG o.s.c.e.PropertySourcesPropertyResolver - Found key 'java.specification.vendor' in [systemProperties] with type [String]
4904 [main] DEBUG o.s.c.e.PropertySourcesPropertyResolver - Found key 'awt.toolkit' in [systemProperties] with type [String]
4904 [main] DEBUG o.s.c.e.PropertySourcesPropertyResolver - Found key 'java.vm.info' in [systemProperties] with type [String]
4905 [main] DEBUG o.s.c.e.PropertySourcesPropertyResolver - Found key 'java.version' in [systemProperties] with type [String]
4905 [main] DEBUG o.s.c.e.PropertySourcesPropertyResolver - Found key 'java.ext.dirs' in [systemProperties] with type [String]
4905 [main] DEBUG o.s.c.e.PropertySourcesPropertyResolver - Found key 'sun.boot.class.path' in [systemProperties] with type [String]
4905 [main] DEBUG o.s.c.e.PropertySourcesPropertyResolver - Found key 'java.awt.headless' in [systemProperties] with type [String]
4905 [main] DEBUG o.s.c.e.PropertySourcesPropertyResolver - Found key 'java.vendor' in [systemProperties] with type [String]
4905 [main] DEBUG o.s.c.e.PropertySourcesPropertyResolver - Found key 'file.separator' in [systemProperties] with type [String]
4905 [main] DEBUG o.s.c.e.PropertySourcesPropertyResolver - Found key 'java.vendor.url.bug' in [systemProperties] with type [String]
4905 [main] DEBUG o.s.c.e.PropertySourcesPropertyResolver - Found key 'sun.io.unicode.encoding' in [systemProperties] with type [String]
4905 [main] DEBUG o.s.c.e.PropertySourcesPropertyResolver - Found key 'sun.cpu.endian' in [systemProperties] with type [String]
4905 [main] DEBUG o.s.c.e.PropertySourcesPropertyResolver - Found key 'sun.desktop' in [systemProperties] with type [String]
4905 [main] DEBUG o.s.c.e.PropertySourcesPropertyResolver - Found key 'sun.cpu.isalist' in [systemProperties] with type [String]
4905 [main] DEBUG o.s.c.e.PropertySourcesPropertyResolver - Found key 'LOCALAPPDATA' in [systemEnvironment] with type [String]
4905 [main] DEBUG o.s.c.e.PropertySourcesPropertyResolver - Found key 'PROCESSOR_LEVEL' in [systemEnvironment] with type [String]
4905 [main] DEBUG o.s.c.e.PropertySourcesPropertyResolver - Found key 'FP_NO_HOST_CHECK' in [systemEnvironment] with type [String]
4905 [main] DEBUG o.s.c.e.PropertySourcesPropertyResolver - Found key 'USERDOMAIN' in [systemEnvironment] with type [String]
4905 [main] DEBUG o.s.c.e.PropertySourcesPropertyResolver - Found key 'LOGONSERVER' in [systemEnvironment] with type [String]
4905 [main] DEBUG o.s.c.e.PropertySourcesPropertyResolver - Found key 'JAVA_HOME' in [systemEnvironment] with type [String]
4905 [main] DEBUG o.s.c.e.PropertySourcesPropertyResolver - Found key 'SESSIONNAME' in [systemEnvironment] with type [String]
4905 [main] DEBUG o.s.c.e.PropertySourcesPropertyResolver - Found key 'ALLUSERSPROFILE' in [systemEnvironment] with type [String]
4906 [main] DEBUG o.s.c.e.PropertySourcesPropertyResolver - Found key 'PROCESSOR_ARCHITECTURE' in [systemEnvironment] with type [String]
4906 [main] DEBUG o.s.c.e.PropertySourcesPropertyResolver - Found key 'PSModulePath' in [systemEnvironment] with type [String]
4906 [main] DEBUG o.s.c.e.PropertySourcesPropertyResolver - Found key 'SystemDrive' in [systemEnvironment] with type [String]
4906 [main] DEBUG o.s.c.e.PropertySourcesPropertyResolver - Found key 'ERLANG_HOME' in [systemEnvironment] with type [String]
4906 [main] DEBUG o.s.c.e.PropertySourcesPropertyResolver - Found key 'MAVEN_HOME' in [systemEnvironment] with type [String]
4906 [main] DEBUG o.s.c.e.PropertySourcesPropertyResolver - Found key 'APPDATA' in [systemEnvironment] with type [String]
4906 [main] DEBUG o.s.c.e.PropertySourcesPropertyResolver - Found key 'USERNAME' in [systemEnvironment] with type [String]
4906 [main] DEBUG o.s.c.e.PropertySourcesPropertyResolver - Found key 'windows_tracing_logfile' in [systemEnvironment] with type [String]
4906 [main] DEBUG o.s.c.e.PropertySourcesPropertyResolver - Found key 'ProgramFiles(x86)' in [systemEnvironment] with type [String]
4906 [main] DEBUG o.s.c.e.PropertySourcesPropertyResolver - Found key 'VBOX_MSI_INSTALL_PATH' in [systemEnvironment] with type [String]
4906 [main] DEBUG o.s.c.e.PropertySourcesPropertyResolver - Found key 'CommonProgramFiles' in [systemEnvironment] with type [String]
4906 [main] DEBUG o.s.c.e.PropertySourcesPropertyResolver - Found key 'Path' in [systemEnvironment] with type [String]
4906 [main] DEBUG o.s.c.e.PropertySourcesPropertyResolver - Found key 'PATHEXT' in [systemEnvironment] with type [String]
4906 [main] DEBUG o.s.c.e.PropertySourcesPropertyResolver - Found key 'OS' in [systemEnvironment] with type [String]
4906 [main] DEBUG o.s.c.e.PropertySourcesPropertyResolver - Found key 'windows_tracing_flags' in [systemEnvironment] with type [String]
4906 [main] DEBUG o.s.c.e.PropertySourcesPropertyResolver - Found key 'COMPUTERNAME' in [systemEnvironment] with type [String]
4906 [main] DEBUG o.s.c.e.PropertySourcesPropertyResolver - Found key 'PROCESSOR_REVISION' in [systemEnvironment] with type [String]
4906 [main] DEBUG o.s.c.e.PropertySourcesPropertyResolver - Found key 'CommonProgramW6432' in [systemEnvironment] with type [String]
4907 [main] DEBUG o.s.c.e.PropertySourcesPropertyResolver - Found key 'ComSpec' in [systemEnvironment] with type [String]
4907 [main] DEBUG o.s.c.e.PropertySourcesPropertyResolver - Found key 'ProgramData' in [systemEnvironment] with type [String]
4907 [main] DEBUG o.s.c.e.PropertySourcesPropertyResolver - Found key 'ProgramW6432' in [systemEnvironment] with type [String]
4907 [main] DEBUG o.s.c.e.PropertySourcesPropertyResolver - Found key 'RABBITMQ_SERVER' in [systemEnvironment] with type [String]
4907 [main] DEBUG o.s.c.e.PropertySourcesPropertyResolver - Found key 'HOMEPATH' in [systemEnvironment] with type [String]
4907 [main] DEBUG o.s.c.e.PropertySourcesPropertyResolver - Found key 'SystemRoot' in [systemEnvironment] with type [String]
4907 [main] DEBUG o.s.c.e.PropertySourcesPropertyResolver - Found key 'TEMP' in [systemEnvironment] with type [String]
4907 [main] DEBUG o.s.c.e.PropertySourcesPropertyResolver - Found key 'HOMEDRIVE' in [systemEnvironment] with type [String]
4907 [main] DEBUG o.s.c.e.PropertySourcesPropertyResolver - Found key 'PROCESSOR_IDENTIFIER' in [systemEnvironment] with type [String]
4907 [main] DEBUG o.s.c.e.PropertySourcesPropertyResolver - Found key 'USERPROFILE' in [systemEnvironment] with type [String]
4907 [main] DEBUG o.s.c.e.PropertySourcesPropertyResolver - Found key 'TMP' in [systemEnvironment] with type [String]
4907 [main] DEBUG o.s.c.e.PropertySourcesPropertyResolver - Found key 'CommonProgramFiles(x86)' in [systemEnvironment] with type [String]
4907 [main] DEBUG o.s.c.e.PropertySourcesPropertyResolver - Found key 'ProgramFiles' in [systemEnvironment] with type [String]
4907 [main] DEBUG o.s.c.e.PropertySourcesPropertyResolver - Found key 'PUBLIC' in [systemEnvironment] with type [String]
4907 [main] DEBUG o.s.c.e.PropertySourcesPropertyResolver - Found key 'NUMBER_OF_PROCESSORS' in [systemEnvironment] with type [String]
4907 [main] DEBUG o.s.c.e.PropertySourcesPropertyResolver - Found key 'windir' in [systemEnvironment] with type [String]
4907 [main] DEBUG o.s.c.e.PropertySourcesPropertyResolver - Found key 'DOCKER_TOOLBOX_INSTALL_PATH' in [systemEnvironment] with type [String]
4908 [main] DEBUG o.s.c.e.PropertySourcesPropertyResolver - Found key 'server.port' in [applicationConfigurationProperties] with type [String]
4908 [main] DEBUG o.s.c.e.PropertySourcesPropertyResolver - Found key 'eureka.client.serviceUrl.defaultZone' in [applicationConfigurationProperties] with type [String]
4908 [main] DEBUG o.s.c.e.PropertySourcesPropertyResolver - Found key 'eureka.server.enable-self-preservation' in [applicationConfigurationProperties] with type [String]
4908 [main] DEBUG o.s.c.e.PropertySourcesPropertyResolver - Found key 'eureka.client.register-with-eureka' in [applicationConfigurationProperties] with type [String]
4908 [main] DEBUG o.s.c.e.PropertySourcesPropertyResolver - Found key 'server.port' in [applicationConfigurationProperties] with type [String]
4908 [main] DEBUG o.s.c.e.PropertySourcesPropertyResolver - Found key 'eureka.server.eviction-interval-timer-in-ms' in [applicationConfigurationProperties] with type [String]
4908 [main] DEBUG o.s.c.e.PropertySourcesPropertyResolver - Found key 'eureka.client.fetch-registry' in [applicationConfigurationProperties] with type [String]
4908 [main] DEBUG o.s.c.e.PropertySourcesPropertyResolver - Found key 'spring.cloud.client.hostname' in [springCloudClientHostInfo] with type [String]
4908 [main] DEBUG o.s.c.e.PropertySourcesPropertyResolver - Found key 'spring.cloud.client.ipAddress' in [springCloudClientHostInfo] with type [String]
4908 [main] DEBUG o.s.c.e.PropertySourcesPropertyResolver - Found key 'spring.aop.proxyTargetClass' in [defaultProperties] with type [String]
4908 [main] DEBUG o.s.c.e.PropertySourcesPropertyResolver - Found key 'spring.http.encoding.force' in [class path resource [eureka/server.properties]] with type [String]
4914 [main] DEBUG o.s.b.f.s.DefaultListableBeanFactory - Returning cached instance of singleton bean 'autoConfigurationReport'
4919 [main] DEBUG o.s.b.f.s.DefaultListableBeanFactory - Returning cached instance of singleton bean 'autoConfigurationReport'
4923 [main] DEBUG o.s.b.f.s.DefaultListableBeanFactory - Returning cached instance of singleton bean 'autoConfigurationReport'
4924 [main] DEBUG o.s.b.f.s.DefaultListableBeanFactory - Returning cached instance of singleton bean 'autoConfigurationReport'
4925 [main] DEBUG o.s.b.f.s.DefaultListableBeanFactory - Returning cached instance of singleton bean 'autoConfigurationReport'
4925 [main] DEBUG o.s.b.f.s.DefaultListableBeanFactory - Returning cached instance of singleton bean 'autoConfigurationReport'
4938 [main] DEBUG o.s.b.f.s.DefaultListableBeanFactory - Returning cached instance of singleton bean 'autoConfigurationReport'
4938 [main] DEBUG o.s.b.f.s.DefaultListableBeanFactory - Returning cached instance of singleton bean 'autoConfigurationReport'
4939 [main] DEBUG o.s.b.f.s.DefaultListableBeanFactory - Returning cached instance of singleton bean 'autoConfigurationReport'
4939 [main] DEBUG o.s.b.f.s.DefaultListableBeanFactory - Returning cached instance of singleton bean 'autoConfigurationReport'
4941 [main] DEBUG o.s.b.f.s.DefaultListableBeanFactory - Returning cached instance of singleton bean 'autoConfigurationReport'
4946 [main] DEBUG o.s.b.f.s.DefaultListableBeanFactory - Returning cached instance of singleton bean 'autoConfigurationReport'
4946 [main] DEBUG o.s.b.f.s.DefaultListableBeanFactory - Returning cached instance of singleton bean 'autoConfigurationReport'
4948 [main] DEBUG o.s.b.f.s.DefaultListableBeanFactory - Returning cached instance of singleton bean 'autoConfigurationReport'
4948 [main] DEBUG o.s.b.f.s.DefaultListableBeanFactory - Returning cached instance of singleton bean 'autoConfigurationReport'
4951 [main] DEBUG o.s.b.f.s.DefaultListableBeanFactory - Returning cached instance of singleton bean 'autoConfigurationReport'
4965 [main] DEBUG o.s.b.f.s.DefaultListableBeanFactory - Returning cached instance of singleton bean 'autoConfigurationReport'
4968 [main] DEBUG o.s.b.f.s.DefaultListableBeanFactory - Returning cached instance of singleton bean 'autoConfigurationReport'
4970 [main] DEBUG o.s.b.f.s.DefaultListableBeanFactory - Returning cached instance of singleton bean 'autoConfigurationReport'
4971 [main] DEBUG o.s.b.f.s.DefaultListableBeanFactory - Returning cached instance of singleton bean 'autoConfigurationReport'
4972 [main] DEBUG o.s.b.f.s.DefaultListableBeanFactory - Returning cached instance of singleton bean 'autoConfigurationReport'
4973 [main] DEBUG o.s.b.f.s.DefaultListableBeanFactory - Returning cached instance of singleton bean 'autoConfigurationReport'
4974 [main] DEBUG o.s.b.f.s.DefaultListableBeanFactory - Returning cached instance of singleton bean 'autoConfigurationReport'
4976 [main] DEBUG o.s.b.f.s.DefaultListableBeanFactory - Returning cached instance of singleton bean 'autoConfigurationReport'
4978 [main] DEBUG o.s.b.f.s.DefaultListableBeanFactory - Returning cached instance of singleton bean 'autoConfigurationReport'
4978 [main] DEBUG o.s.b.f.s.DefaultListableBeanFactory - Returning cached instance of singleton bean 'autoConfigurationReport'
4979 [main] DEBUG o.s.b.f.s.DefaultListableBeanFactory - Returning cached instance of singleton bean 'autoConfigurationReport'
4981 [main] DEBUG o.s.b.f.s.DefaultListableBeanFactory - Returning cached instance of singleton bean 'autoConfigurationReport'
4988 [main] DEBUG o.s.b.f.s.DefaultListableBeanFactory - Returning cached instance of singleton bean 'autoConfigurationReport'
4990 [main] DEBUG o.s.b.f.s.DefaultListableBeanFactory - Returning cached instance of singleton bean 'autoConfigurationReport'
4992 [main] DEBUG o.s.b.f.s.DefaultListableBeanFactory - Returning cached instance of singleton bean 'autoConfigurationReport'
4993 [main] DEBUG o.s.b.f.s.DefaultListableBeanFactory - Returning cached instance of singleton bean 'autoConfigurationReport'
4994 [main] DEBUG o.s.b.f.s.DefaultListableBeanFactory - Returning cached instance of singleton bean 'autoConfigurationReport'
4994 [main] DEBUG o.s.b.f.s.DefaultListableBeanFactory - Returning cached instance of singleton bean 'autoConfigurationReport'
4995 [main] DEBUG o.s.b.f.s.DefaultListableBeanFactory - Returning cached instance of singleton bean 'autoConfigurationReport'
4996 [main] DEBUG o.s.b.f.s.DefaultListableBeanFactory - Returning cached instance of singleton bean 'autoConfigurationReport'
4998 [main] DEBUG o.s.b.f.s.DefaultListableBeanFactory - Returning cached instance of singleton bean 'autoConfigurationReport'
5001 [main] DEBUG o.s.b.f.s.DefaultListableBeanFactory - Returning cached instance of singleton bean 'autoConfigurationReport'
5001 [main] DEBUG o.s.b.f.s.DefaultListableBeanFactory - Returning cached instance of singleton bean 'autoConfigurationReport'
5002 [main] DEBUG o.s.b.f.s.DefaultListableBeanFactory - Returning cached instance of singleton bean 'autoConfigurationReport'
5003 [main] DEBUG o.s.b.f.s.DefaultListableBeanFactory - Returning cached instance of singleton bean 'autoConfigurationReport'
5003 [main] DEBUG o.s.b.f.s.DefaultListableBeanFactory - Returning cached instance of singleton bean 'autoConfigurationReport'
5004 [main] DEBUG o.s.b.f.s.DefaultListableBeanFactory - Returning cached instance of singleton bean 'autoConfigurationReport'
5005 [main] DEBUG o.s.b.f.s.DefaultListableBeanFactory - Returning cached instance of singleton bean 'autoConfigurationReport'
5008 [main] DEBUG o.s.b.f.s.DefaultListableBeanFactory - Returning cached instance of singleton bean 'autoConfigurationReport'
5009 [main] DEBUG o.s.b.f.s.DefaultListableBeanFactory - Returning cached instance of singleton bean 'autoConfigurationReport'
5009 [main] DEBUG o.s.b.f.s.DefaultListableBeanFactory - Returning cached instance of singleton bean 'autoConfigurationReport'
5014 [main] DEBUG o.s.b.f.s.DefaultListableBeanFactory - Returning cached instance of singleton bean 'autoConfigurationReport'
5015 [main] DEBUG o.s.b.f.s.DefaultListableBeanFactory - Returning cached instance of singleton bean 'autoConfigurationReport'
5015 [main] DEBUG o.s.b.f.s.DefaultListableBeanFactory - Returning cached instance of singleton bean 'autoConfigurationReport'
5017 [main] DEBUG o.s.b.f.s.DefaultListableBeanFactory - Returning cached instance of singleton bean 'autoConfigurationReport'
5017 [main] DEBUG o.s.b.f.s.DefaultListableBeanFactory - Returning cached instance of singleton bean 'autoConfigurationReport'
5018 [main] DEBUG o.s.b.f.s.DefaultListableBeanFactory - Returning cached instance of singleton bean 'autoConfigurationReport'
5019 [main] DEBUG o.s.b.f.s.DefaultListableBeanFactory - Returning cached instance of singleton bean 'autoConfigurationReport'
5019 [main] DEBUG o.s.b.f.s.DefaultListableBeanFactory - Returning cached instance of singleton bean 'autoConfigurationReport'
5020 [main] DEBUG o.s.b.f.s.DefaultListableBeanFactory - Returning cached instance of singleton bean 'autoConfigurationReport'
5021 [main] DEBUG o.s.b.f.s.DefaultListableBeanFactory - Returning cached instance of singleton bean 'autoConfigurationReport'
5021 [main] DEBUG o.s.b.f.s.DefaultListableBeanFactory - Returning cached instance of singleton bean 'autoConfigurationReport'
5022 [main] DEBUG o.s.b.f.s.DefaultListableBeanFactory - Returning cached instance of singleton bean 'autoConfigurationReport'
5024 [main] DEBUG o.s.b.f.s.DefaultListableBeanFactory - Returning cached instance of singleton bean 'autoConfigurationReport'
5025 [main] DEBUG o.s.b.f.s.DefaultListableBeanFactory - Returning cached instance of singleton bean 'autoConfigurationReport'
5026 [main] DEBUG o.s.b.f.s.DefaultListableBeanFactory - Returning cached instance of singleton bean 'autoConfigurationReport'
5027 [main] DEBUG o.s.b.f.s.DefaultListableBeanFactory - Returning cached instance of singleton bean 'autoConfigurationReport'
5028 [main] DEBUG o.s.b.f.s.DefaultListableBeanFactory - Returning cached instance of singleton bean 'autoConfigurationReport'
5036 [main] DEBUG o.s.b.f.s.DefaultListableBeanFactory - Returning cached instance of singleton bean 'autoConfigurationReport'
5038 [main] DEBUG o.s.b.f.s.DefaultListableBeanFactory - Returning cached instance of singleton bean 'autoConfigurationReport'
5039 [main] DEBUG o.s.b.f.s.DefaultListableBeanFactory - Returning cached instance of singleton bean 'autoConfigurationReport'
5041 [main] DEBUG o.s.b.f.s.DefaultListableBeanFactory - Returning cached instance of singleton bean 'autoConfigurationReport'
5042 [main] DEBUG o.s.b.f.s.DefaultListableBeanFactory - Returning cached instance of singleton bean 'autoConfigurationReport'
5043 [main] DEBUG o.s.b.f.s.DefaultListableBeanFactory - Returning cached instance of singleton bean 'autoConfigurationReport'
5044 [main] DEBUG o.s.b.f.s.DefaultListableBeanFactory - Returning cached instance of singleton bean 'autoConfigurationReport'
5046 [main] DEBUG o.s.b.f.s.DefaultListableBeanFactory - Returning cached instance of singleton bean 'autoConfigurationReport'
5046 [main] DEBUG o.s.b.f.s.DefaultListableBeanFactory - Returning cached instance of singleton bean 'autoConfigurationReport'
5047 [main] DEBUG o.s.b.f.s.DefaultListableBeanFactory - Returning cached instance of singleton bean 'autoConfigurationReport'
5051 [main] DEBUG o.s.b.f.s.DefaultListableBeanFactory - Returning cached instance of singleton bean 'autoConfigurationReport'
5054 [main] DEBUG o.s.b.f.s.DefaultListableBeanFactory - Returning cached instance of singleton bean 'autoConfigurationReport'
5055 [main] DEBUG o.s.b.f.s.DefaultListableBeanFactory - Returning cached instance of singleton bean 'autoConfigurationReport'
5056 [main] DEBUG o.s.b.f.s.DefaultListableBeanFactory - Returning cached instance of singleton bean 'autoConfigurationReport'
5058 [main] DEBUG o.s.b.f.s.DefaultListableBeanFactory - Returning cached instance of singleton bean 'autoConfigurationReport'
5058 [main] DEBUG o.s.b.f.s.DefaultListableBeanFactory - Returning cached instance of singleton bean 'autoConfigurationReport'
5059 [main] DEBUG o.s.b.f.s.DefaultListableBeanFactory - Returning cached instance of singleton bean 'autoConfigurationReport'
5060 [main] DEBUG o.s.b.f.s.DefaultListableBeanFactory - Returning cached instance of singleton bean 'autoConfigurationReport'
5061 [main] DEBUG o.s.b.f.s.DefaultListableBeanFactory - Returning cached instance of singleton bean 'autoConfigurationReport'
5064 [main] DEBUG o.s.b.f.s.DefaultListableBeanFactory - Returning cached instance of singleton bean 'autoConfigurationReport'
5064 [main] DEBUG o.s.b.f.s.DefaultListableBeanFactory - Returning cached instance of singleton bean 'autoConfigurationReport'
5069 [main] DEBUG o.s.b.f.s.DefaultListableBeanFactory - Returning cached instance of singleton bean 'autoConfigurationReport'
5069 [main] DEBUG o.s.b.f.s.DefaultListableBeanFactory - Returning cached instance of singleton bean 'autoConfigurationReport'
5071 [main] DEBUG o.s.b.f.s.DefaultListableBeanFactory - Returning cached instance of singleton bean 'autoConfigurationReport'
5074 [main] DEBUG o.s.b.f.s.DefaultListableBeanFactory - Returning cached instance of singleton bean 'autoConfigurationReport'
5074 [main] DEBUG o.s.b.f.s.DefaultListableBeanFactory - Returning cached instance of singleton bean 'autoConfigurationReport'
5076 [main] DEBUG o.s.b.f.s.DefaultListableBeanFactory - Returning cached instance of singleton bean 'autoConfigurationReport'
5079 [main] DEBUG o.s.b.f.s.DefaultListableBeanFactory - Returning cached instance of singleton bean 'autoConfigurationReport'
5080 [main] DEBUG o.s.b.f.s.DefaultListableBeanFactory - Returning cached instance of singleton bean 'autoConfigurationReport'
5080 [main] DEBUG o.s.b.f.s.DefaultListableBeanFactory - Returning cached instance of singleton bean 'autoConfigurationReport'
5080 [main] DEBUG o.s.b.f.s.DefaultListableBeanFactory - Returning cached instance of singleton bean 'autoConfigurationReport'
5081 [main] DEBUG o.s.b.f.s.DefaultListableBeanFactory - Returning cached instance of singleton bean 'autoConfigurationReport'
5085 [main] DEBUG o.s.b.f.s.DefaultListableBeanFactory - Returning cached instance of singleton bean 'autoConfigurationReport'
5087 [main] DEBUG o.s.b.f.s.DefaultListableBeanFactory - Returning cached instance of singleton bean 'autoConfigurationReport'
5087 [main] DEBUG o.s.b.f.s.DefaultListableBeanFactory - Returning cached instance of singleton bean 'autoConfigurationReport'
5089 [main] DEBUG o.s.b.f.s.DefaultListableBeanFactory - Returning cached instance of singleton bean 'autoConfigurationReport'
5092 [main] DEBUG o.s.b.f.s.DefaultListableBeanFactory - Returning cached instance of singleton bean 'autoConfigurationReport'
5094 [main] DEBUG o.s.b.f.s.DefaultListableBeanFactory - Returning cached instance of singleton bean 'autoConfigurationReport'
5095 [main] DEBUG o.s.b.f.s.DefaultListableBeanFactory - Returning cached instance of singleton bean 'autoConfigurationReport'
5099 [main] DEBUG o.s.b.f.s.DefaultListableBeanFactory - Returning cached instance of singleton bean 'autoConfigurationReport'
5100 [main] DEBUG o.s.b.f.s.DefaultListableBeanFactory - Returning cached instance of singleton bean 'autoConfigurationReport'
5100 [main] DEBUG o.s.b.f.s.DefaultListableBeanFactory - Returning cached instance of singleton bean 'autoConfigurationReport'
5101 [main] DEBUG o.s.b.f.s.DefaultListableBeanFactory - Returning cached instance of singleton bean 'autoConfigurationReport'
5102 [main] DEBUG o.s.b.f.s.DefaultListableBeanFactory - Returning cached instance of singleton bean 'autoConfigurationReport'
5104 [main] DEBUG o.s.b.f.s.DefaultListableBeanFactory - Returning cached instance of singleton bean 'autoConfigurationReport'
5104 [main] DEBUG o.s.b.f.s.DefaultListableBeanFactory - Returning cached instance of singleton bean 'autoConfigurationReport'
5105 [main] DEBUG o.s.b.f.s.DefaultListableBeanFactory - Returning cached instance of singleton bean 'autoConfigurationReport'
5113 [main] INFO  o.s.core.annotation.AnnotationUtils - Failed to introspect annotations on [class org.springframework.boot.actuate.autoconfigure.EndpointWebMvcHypermediaManagementContextConfiguration]: java.lang.ArrayStoreException: sun.reflect.annotation.TypeNotPresentExceptionProxy
5113 [main] INFO  o.s.core.annotation.AnnotationUtils - Failed to introspect annotations on [class org.springframework.boot.actuate.autoconfigure.EndpointWebMvcHypermediaManagementContextConfiguration]: java.lang.ArrayStoreException: sun.reflect.annotation.TypeNotPresentExceptionProxy
5120 [main] DEBUG o.s.b.f.s.DefaultListableBeanFactory - Returning cached instance of singleton bean 'autoConfigurationReport'
5121 [main] DEBUG o.s.b.f.s.DefaultListableBeanFactory - Returning cached instance of singleton bean 'autoConfigurationReport'
5122 [main] DEBUG o.s.b.f.s.DefaultListableBeanFactory - Returning cached instance of singleton bean 'autoConfigurationReport'
5127 [main] DEBUG o.s.b.f.s.DefaultListableBeanFactory - Returning cached instance of singleton bean 'autoConfigurationReport'
5128 [main] DEBUG o.s.b.f.s.DefaultListableBeanFactory - Returning cached instance of singleton bean 'autoConfigurationReport'
5130 [main] DEBUG o.s.b.f.s.DefaultListableBeanFactory - Returning cached instance of singleton bean 'autoConfigurationReport'
5131 [main] DEBUG o.s.b.f.s.DefaultListableBeanFactory - Returning cached instance of singleton bean 'autoConfigurationReport'
5132 [main] DEBUG o.s.b.f.s.DefaultListableBeanFactory - Returning cached instance of singleton bean 'autoConfigurationReport'
5133 [main] DEBUG o.s.b.f.s.DefaultListableBeanFactory - Returning cached instance of singleton bean 'autoConfigurationReport'
5134 [main] DEBUG o.s.b.f.s.DefaultListableBeanFactory - Returning cached instance of singleton bean 'autoConfigurationReport'
5135 [main] DEBUG o.s.b.f.s.DefaultListableBeanFactory - Returning cached instance of singleton bean 'autoConfigurationReport'
5136 [main] DEBUG o.s.b.f.s.DefaultListableBeanFactory - Returning cached instance of singleton bean 'autoConfigurationReport'
5137 [main] DEBUG o.s.b.f.s.DefaultListableBeanFactory - Returning cached instance of singleton bean 'autoConfigurationReport'
5138 [main] DEBUG o.s.b.f.s.DefaultListableBeanFactory - Returning cached instance of singleton bean 'autoConfigurationReport'
5138 [main] DEBUG o.s.b.f.s.DefaultListableBeanFactory - Returning cached instance of singleton bean 'autoConfigurationReport'
5139 [main] DEBUG o.s.b.f.s.DefaultListableBeanFactory - Returning cached instance of singleton bean 'autoConfigurationReport'
5140 [main] DEBUG o.s.b.f.s.DefaultListableBeanFactory - Returning cached instance of singleton bean 'autoConfigurationReport'
5142 [main] DEBUG o.s.b.f.s.DefaultListableBeanFactory - Returning cached instance of singleton bean 'autoConfigurationReport'
5143 [main] DEBUG o.s.b.f.s.DefaultListableBeanFactory - Returning cached instance of singleton bean 'autoConfigurationReport'
5144 [main] DEBUG o.s.b.f.s.DefaultListableBeanFactory - Returning cached instance of singleton bean 'autoConfigurationReport'
5145 [main] DEBUG o.s.b.f.s.DefaultListableBeanFactory - Returning cached instance of singleton bean 'autoConfigurationReport'
5146 [main] DEBUG o.s.b.f.s.DefaultListableBeanFactory - Returning cached instance of singleton bean 'autoConfigurationReport'
5148 [main] DEBUG o.s.b.f.s.DefaultListableBeanFactory - Returning cached instance of singleton bean 'autoConfigurationReport'
5148 [main] DEBUG o.s.b.f.s.DefaultListableBeanFactory - Returning cached instance of singleton bean 'autoConfigurationReport'
5149 [main] DEBUG o.s.b.f.s.DefaultListableBeanFactory - Returning cached instance of singleton bean 'autoConfigurationReport'
5152 [main] DEBUG o.s.b.f.s.DefaultListableBeanFactory - Returning cached instance of singleton bean 'autoConfigurationReport'
5153 [main] DEBUG o.s.b.f.s.DefaultListableBeanFactory - Returning cached instance of singleton bean 'autoConfigurationReport'
5153 [main] DEBUG o.s.b.f.s.DefaultListableBeanFactory - Returning cached instance of singleton bean 'autoConfigurationReport'
5154 [main] DEBUG o.s.b.f.s.DefaultListableBeanFactory - Returning cached instance of singleton bean 'autoConfigurationReport'
5155 [main] DEBUG o.s.b.f.s.DefaultListableBeanFactory - Returning cached instance of singleton bean 'autoConfigurationReport'
5156 [main] DEBUG o.s.b.f.s.DefaultListableBeanFactory - Returning cached instance of singleton bean 'autoConfigurationReport'
5156 [main] DEBUG o.s.b.f.s.DefaultListableBeanFactory - Returning cached instance of singleton bean 'autoConfigurationReport'
5157 [main] DEBUG o.s.b.f.s.DefaultListableBeanFactory - Returning cached instance of singleton bean 'autoConfigurationReport'
5158 [main] DEBUG o.s.b.f.s.DefaultListableBeanFactory - Returning cached instance of singleton bean 'autoConfigurationReport'
5159 [main] DEBUG o.s.b.f.s.DefaultListableBeanFactory - Returning cached instance of singleton bean 'autoConfigurationReport'
5160 [main] DEBUG o.s.b.f.s.DefaultListableBeanFactory - Returning cached instance of singleton bean 'autoConfigurationReport'
5161 [main] DEBUG o.s.b.f.s.DefaultListableBeanFactory - Returning cached instance of singleton bean 'autoConfigurationReport'
5162 [main] DEBUG o.s.b.f.s.DefaultListableBeanFactory - Returning cached instance of singleton bean 'autoConfigurationReport'
5162 [main] DEBUG o.s.b.f.s.DefaultListableBeanFactory - Returning cached instance of singleton bean 'autoConfigurationReport'
5163 [main] DEBUG o.s.b.f.s.DefaultListableBeanFactory - Returning cached instance of singleton bean 'autoConfigurationReport'
5165 [main] DEBUG o.s.b.f.s.DefaultListableBeanFactory - Returning cached instance of singleton bean 'autoConfigurationReport'
5166 [main] DEBUG o.s.b.f.s.DefaultListableBeanFactory - Returning cached instance of singleton bean 'autoConfigurationReport'
5166 [main] DEBUG o.s.b.f.s.DefaultListableBeanFactory - Returning cached instance of singleton bean 'autoConfigurationReport'
5168 [main] DEBUG o.s.b.f.s.DefaultListableBeanFactory - Returning cached instance of singleton bean 'autoConfigurationReport'
5169 [main] DEBUG o.s.b.f.s.DefaultListableBeanFactory - Returning cached instance of singleton bean 'autoConfigurationReport'
5170 [main] DEBUG o.s.b.f.s.DefaultListableBeanFactory - Returning cached instance of singleton bean 'autoConfigurationReport'
5171 [main] DEBUG o.s.b.f.s.DefaultListableBeanFactory - Returning cached instance of singleton bean 'autoConfigurationReport'
5172 [main] DEBUG o.s.b.f.s.DefaultListableBeanFactory - Returning cached instance of singleton bean 'autoConfigurationReport'
5173 [main] DEBUG o.s.b.f.s.DefaultListableBeanFactory - Returning cached instance of singleton bean 'autoConfigurationReport'
5173 [main] DEBUG o.s.b.f.s.DefaultListableBeanFactory - Returning cached instance of singleton bean 'autoConfigurationReport'
5173 [main] DEBUG o.s.b.f.s.DefaultListableBeanFactory - Returning cached instance of singleton bean 'autoConfigurationReport'
5176 [main] DEBUG o.s.b.f.s.DefaultListableBeanFactory - Returning cached instance of singleton bean 'autoConfigurationReport'
5177 [main] DEBUG o.s.b.f.s.DefaultListableBeanFactory - Returning cached instance of singleton bean 'autoConfigurationReport'
5182 [main] DEBUG o.s.b.f.s.DefaultListableBeanFactory - Returning cached instance of singleton bean 'autoConfigurationReport'
5183 [main] DEBUG o.s.b.f.s.DefaultListableBeanFactory - Returning cached instance of singleton bean 'autoConfigurationReport'
5184 [main] DEBUG o.s.b.f.s.DefaultListableBeanFactory - Returning cached instance of singleton bean 'autoConfigurationReport'
5185 [main] DEBUG o.s.b.f.s.DefaultListableBeanFactory - Returning cached instance of singleton bean 'autoConfigurationReport'
5187 [main] DEBUG o.s.b.f.s.DefaultListableBeanFactory - Returning cached instance of singleton bean 'autoConfigurationReport'
5189 [main] DEBUG o.s.b.f.s.DefaultListableBeanFactory - Returning cached instance of singleton bean 'autoConfigurationReport'
5190 [main] DEBUG o.s.b.f.s.DefaultListableBeanFactory - Returning cached instance of singleton bean 'autoConfigurationReport'
5192 [main] DEBUG o.s.b.f.s.DefaultListableBeanFactory - Returning cached instance of singleton bean 'autoConfigurationReport'
5192 [main] DEBUG o.s.b.f.s.DefaultListableBeanFactory - Returning cached instance of singleton bean 'autoConfigurationReport'
5198 [main] DEBUG o.s.b.f.s.DefaultListableBeanFactory - Returning cached instance of singleton bean 'autoConfigurationReport'
5200 [main] DEBUG o.s.b.f.s.DefaultListableBeanFactory - Returning cached instance of singleton bean 'autoConfigurationReport'
5200 [main] DEBUG o.s.b.f.s.DefaultListableBeanFactory - Returning cached instance of singleton bean 'autoConfigurationReport'
5202 [main] DEBUG o.s.b.f.s.DefaultListableBeanFactory - Returning cached instance of singleton bean 'autoConfigurationReport'
5208 [main] DEBUG o.s.b.f.s.DefaultListableBeanFactory - Returning cached instance of singleton bean 'autoConfigurationReport'
5210 [main] DEBUG o.s.b.f.s.DefaultListableBeanFactory - Returning cached instance of singleton bean 'autoConfigurationReport'
5210 [main] DEBUG o.s.b.f.s.DefaultListableBeanFactory - Returning cached instance of singleton bean 'autoConfigurationReport'
5211 [main] DEBUG o.s.b.f.s.DefaultListableBeanFactory - Returning cached instance of singleton bean 'autoConfigurationReport'
5216 [main] DEBUG o.s.b.f.s.DefaultListableBeanFactory - Returning cached instance of singleton bean 'autoConfigurationReport'
5216 [main] DEBUG o.s.b.f.s.DefaultListableBeanFactory - Returning cached instance of singleton bean 'autoConfigurationReport'
5217 [main] DEBUG o.s.b.f.s.DefaultListableBeanFactory - Returning cached instance of singleton bean 'autoConfigurationReport'
5218 [main] DEBUG o.s.b.f.s.DefaultListableBeanFactory - Returning cached instance of singleton bean 'autoConfigurationReport'
5219 [main] DEBUG o.s.b.f.s.DefaultListableBeanFactory - Returning cached instance of singleton bean 'autoConfigurationReport'
5219 [main] DEBUG o.s.b.f.s.DefaultListableBeanFactory - Returning cached instance of singleton bean 'autoConfigurationReport'
5220 [main] DEBUG o.s.b.f.s.DefaultListableBeanFactory - Returning cached instance of singleton bean 'autoConfigurationReport'
5223 [main] DEBUG o.s.b.f.s.DefaultListableBeanFactory - Returning cached instance of singleton bean 'autoConfigurationReport'
5223 [main] DEBUG o.s.b.f.s.DefaultListableBeanFactory - Returning cached instance of singleton bean 'autoConfigurationReport'
5229 [main] DEBUG o.s.b.f.s.DefaultListableBeanFactory - Returning cached instance of singleton bean 'autoConfigurationReport'
5229 [main] DEBUG o.s.b.f.s.DefaultListableBeanFactory - Returning cached instance of singleton bean 'autoConfigurationReport'
5230 [main] DEBUG o.s.b.f.s.DefaultListableBeanFactory - Returning cached instance of singleton bean 'autoConfigurationReport'
5233 [main] DEBUG o.s.c.a.ConfigurationClassBeanDefinitionReader - Registered bean definition for imported class 'org.springframework.cloud.netflix.eureka.server.EurekaServerConfiguration$EurekaServerConfigBeanConfiguration'
5233 [main] DEBUG o.s.b.f.s.DefaultListableBeanFactory - Creating shared instance of singleton bean 'org.springframework.boot.autoconfigure.condition.BeanTypeRegistry'
5233 [main] DEBUG o.s.b.f.s.DefaultListableBeanFactory - Creating instance of bean 'org.springframework.boot.autoconfigure.condition.BeanTypeRegistry'
5234 [main] DEBUG o.s.b.f.s.DefaultListableBeanFactory - Eagerly caching bean 'org.springframework.boot.autoconfigure.condition.BeanTypeRegistry' to allow for resolving potential circular references
5234 [main] DEBUG o.s.b.f.s.DefaultListableBeanFactory - Finished creating instance of bean 'org.springframework.boot.autoconfigure.condition.BeanTypeRegistry'
5235 [main] DEBUG o.s.b.f.s.DefaultListableBeanFactory - Returning cached instance of singleton bean 'org.springframework.boot.autoconfigure.condition.BeanTypeRegistry'
5235 [main] DEBUG o.s.b.f.s.DefaultListableBeanFactory - Returning cached instance of singleton bean 'autoConfigurationReport'
5235 [main] DEBUG o.s.c.a.ConfigurationClassBeanDefinitionReader - Registering bean definition for @Bean method org.springframework.cloud.netflix.eureka.server.EurekaServerConfiguration$EurekaServerConfigBeanConfiguration.eurekaServerConfig()
5235 [main] DEBUG o.s.c.a.ConfigurationClassBeanDefinitionReader - Registered bean definition for imported class 'org.springframework.cloud.netflix.eureka.server.EurekaServerInitializerConfiguration'
5236 [main] DEBUG o.s.c.a.ConfigurationClassBeanDefinitionReader - Registered bean definition for imported class 'org.springframework.cloud.netflix.eureka.server.EurekaServerConfiguration'
5237 [main] DEBUG o.s.c.a.ConfigurationClassBeanDefinitionReader - Registering bean definition for @Bean method org.springframework.cloud.netflix.eureka.server.EurekaServerConfiguration.eurekaServerFeature()
5237 [main] DEBUG o.s.b.f.s.DefaultListableBeanFactory - Returning cached instance of singleton bean 'autoConfigurationReport'
5238 [main] DEBUG o.s.c.a.ConfigurationClassBeanDefinitionReader - Registering bean definition for @Bean method org.springframework.cloud.netflix.eureka.server.EurekaServerConfiguration.eurekaController()
5238 [main] DEBUG o.s.c.a.ConfigurationClassBeanDefinitionReader - Registering bean definition for @Bean method org.springframework.cloud.netflix.eureka.server.EurekaServerConfiguration.serverCodecs()
5238 [main] DEBUG o.s.c.a.ConfigurationClassBeanDefinitionReader - Registering bean definition for @Bean method org.springframework.cloud.netflix.eureka.server.EurekaServerConfiguration.peerAwareInstanceRegistry()
5238 [main] DEBUG o.s.c.a.ConfigurationClassBeanDefinitionReader - Registering bean definition for @Bean method org.springframework.cloud.netflix.eureka.server.EurekaServerConfiguration.peerEurekaNodes()
5238 [main] DEBUG o.s.c.a.ConfigurationClassBeanDefinitionReader - Registering bean definition for @Bean method org.springframework.cloud.netflix.eureka.server.EurekaServerConfiguration.eurekaServerContext()
5239 [main] DEBUG o.s.c.a.ConfigurationClassBeanDefinitionReader - Registering bean definition for @Bean method org.springframework.cloud.netflix.eureka.server.EurekaServerConfiguration.eurekaServerBootstrap()
5239 [main] DEBUG o.s.c.a.ConfigurationClassBeanDefinitionReader - Registering bean definition for @Bean method org.springframework.cloud.netflix.eureka.server.EurekaServerConfiguration.jerseyFilterRegistration()
5239 [main] DEBUG o.s.c.a.ConfigurationClassBeanDefinitionReader - Registering bean definition for @Bean method org.springframework.cloud.netflix.eureka.server.EurekaServerConfiguration.jerseyApplication()
5239 [main] DEBUG o.s.c.a.ConfigurationClassBeanDefinitionReader - Registering bean definition for @Bean method org.springframework.cloud.netflix.eureka.server.EurekaServerConfiguration.traceFilterRegistration()
5241 [main] DEBUG o.s.b.f.s.DefaultListableBeanFactory - Returning cached instance of singleton bean 'autoConfigurationReport'
5241 [main] DEBUG o.s.b.f.s.DefaultListableBeanFactory - Returning cached instance of singleton bean 'autoConfigurationReport'
5241 [main] DEBUG o.s.b.f.s.DefaultListableBeanFactory - Returning cached instance of singleton bean 'autoConfigurationReport'
5241 [main] DEBUG o.s.c.a.ConfigurationClassBeanDefinitionReader - Registered bean definition for imported class 'org.springframework.cloud.netflix.eureka.EurekaDiscoveryClientConfiguration$EurekaHealthIndicatorConfiguration'
5243 [main] DEBUG o.s.b.f.s.DefaultListableBeanFactory - Returning cached instance of singleton bean 'org.springframework.boot.autoconfigure.condition.BeanTypeRegistry'
5245 [main] DEBUG o.s.b.f.s.DefaultListableBeanFactory - Returning cached instance of singleton bean 'org.springframework.boot.autoconfigure.condition.BeanTypeRegistry'
5245 [main] DEBUG o.s.b.f.s.DefaultListableBeanFactory - Returning cached instance of singleton bean 'autoConfigurationReport'
5245 [main] DEBUG o.s.c.a.ConfigurationClassBeanDefinitionReader - Registering bean definition for @Bean method org.springframework.cloud.netflix.eureka.EurekaDiscoveryClientConfiguration$EurekaHealthIndicatorConfiguration.eurekaHealthIndicator()
5245 [main] DEBUG o.s.b.f.s.DefaultListableBeanFactory - Returning cached instance of singleton bean 'autoConfigurationReport'
5245 [main] DEBUG o.s.c.a.ConfigurationClassBeanDefinitionReader - Registered bean definition for imported class 'org.springframework.cloud.netflix.eureka.EurekaDiscoveryClientConfiguration$EurekaClientConfigurationRefresher'
5245 [main] DEBUG o.s.c.a.ConfigurationClassBeanDefinitionReader - Registered bean definition for imported class 'org.springframework.cloud.netflix.eureka.EurekaDiscoveryClientConfiguration'
5245 [main] DEBUG o.s.c.a.ConfigurationClassBeanDefinitionReader - Registered bean definition for imported class 'org.springframework.boot.autoconfigure.PropertyPlaceholderAutoConfiguration'
5246 [main] DEBUG o.s.b.f.s.DefaultListableBeanFactory - Returning cached instance of singleton bean 'org.springframework.boot.autoconfigure.condition.BeanTypeRegistry'
5247 [main] DEBUG o.s.b.f.s.DefaultListableBeanFactory - Returning cached instance of singleton bean 'autoConfigurationReport'
5247 [main] DEBUG o.s.c.a.ConfigurationClassBeanDefinitionReader - Registering bean definition for @Bean method org.springframework.boot.autoconfigure.PropertyPlaceholderAutoConfiguration.propertySourcesPlaceholderConfigurer()
5248 [main] DEBUG o.s.b.f.s.DefaultListableBeanFactory - Returning cached instance of singleton bean 'autoConfigurationReport'
5248 [main] DEBUG o.s.b.f.s.DefaultListableBeanFactory - Returning cached instance of singleton bean 'autoConfigurationReport'
5248 [main] DEBUG o.s.c.a.ConfigurationClassBeanDefinitionReader - Registered bean definition for imported class 'org.springframework.boot.autoconfigure.jackson.JacksonAutoConfiguration$Jackson2ObjectMapperBuilderCustomizerConfiguration'
5248 [main] DEBUG o.s.c.a.ConfigurationClassBeanDefinitionReader - Registering bean definition for @Bean method org.springframework.boot.autoconfigure.jackson.JacksonAutoConfiguration$Jackson2ObjectMapperBuilderCustomizerConfiguration.standardJacksonObjectMapperBuilderCustomizer()
5248 [main] DEBUG o.s.b.f.s.DefaultListableBeanFactory - Returning cached instance of singleton bean 'autoConfigurationReport'
5248 [main] DEBUG o.s.c.a.ConfigurationClassBeanDefinitionReader - Registered bean definition for imported class 'org.springframework.boot.autoconfigure.jackson.JacksonAutoConfiguration$JacksonObjectMapperBuilderConfiguration'
5248 [main] DEBUG o.s.b.f.s.DefaultListableBeanFactory - Returning cached instance of singleton bean 'org.springframework.boot.autoconfigure.condition.BeanTypeRegistry'
5250 [main] DEBUG o.s.b.f.s.DefaultListableBeanFactory - Returning cached instance of singleton bean 'org.springframework.boot.autoconfigure.condition.BeanTypeRegistry'
5251 [main] DEBUG o.s.b.f.s.DefaultListableBeanFactory - Returning cached instance of singleton bean 'autoConfigurationReport'
5251 [main] DEBUG o.s.c.a.ConfigurationClassBeanDefinitionReader - Registering bean definition for @Bean method org.springframework.boot.autoconfigure.jackson.JacksonAutoConfiguration$JacksonObjectMapperBuilderConfiguration.jacksonObjectMapperBuilder()
5251 [main] DEBUG o.s.b.f.s.DefaultListableBeanFactory - Returning cached instance of singleton bean 'autoConfigurationReport'
5251 [main] DEBUG o.s.c.a.ConfigurationClassBeanDefinitionReader - Registered bean definition for imported class 'org.springframework.boot.autoconfigure.jackson.JacksonAutoConfiguration$JacksonObjectMapperConfiguration'
5251 [main] DEBUG o.s.b.f.s.DefaultListableBeanFactory - Returning cached instance of singleton bean 'org.springframework.boot.autoconfigure.condition.BeanTypeRegistry'
5252 [main] DEBUG o.s.b.f.s.DefaultListableBeanFactory - Returning cached instance of singleton bean 'org.springframework.boot.autoconfigure.condition.BeanTypeRegistry'
5252 [main] DEBUG o.s.b.f.s.DefaultListableBeanFactory - Returning cached instance of singleton bean 'autoConfigurationReport'
5252 [main] DEBUG o.s.c.a.ConfigurationClassBeanDefinitionReader - Registering bean definition for @Bean method org.springframework.boot.autoconfigure.jackson.JacksonAutoConfiguration$JacksonObjectMapperConfiguration.jacksonObjectMapper()
5252 [main] DEBUG o.s.c.a.ConfigurationClassBeanDefinitionReader - Registered bean definition for imported class 'org.springframework.boot.autoconfigure.jackson.JacksonAutoConfiguration'
5252 [main] DEBUG o.s.c.a.ConfigurationClassBeanDefinitionReader - Registering bean definition for @Bean method org.springframework.boot.autoconfigure.jackson.JacksonAutoConfiguration.jsonComponentModule()
5253 [main] DEBUG o.s.b.f.s.DefaultListableBeanFactory - Returning cached instance of singleton bean 'autoConfigurationReport'
5253 [main] DEBUG o.s.b.f.s.DefaultListableBeanFactory - Returning cached instance of singleton bean 'autoConfigurationReport'
5253 [main] DEBUG o.s.b.f.s.DefaultListableBeanFactory - Returning cached instance of singleton bean 'autoConfigurationReport'
5253 [main] DEBUG o.s.c.a.ConfigurationClassBeanDefinitionReader - Registered bean definition for imported class 'org.springframework.boot.autoconfigure.websocket.WebSocketAutoConfiguration$TomcatWebSocketConfiguration'
5253 [main] DEBUG o.s.b.f.s.DefaultListableBeanFactory - Returning cached instance of singleton bean 'autoConfigurationReport'
5253 [main] DEBUG o.s.b.f.s.DefaultListableBeanFactory - Returning cached instance of singleton bean 'autoConfigurationReport'
5253 [main] DEBUG o.s.c.a.ConfigurationClassBeanDefinitionReader - Registering bean definition for @Bean method org.springframework.boot.autoconfigure.websocket.WebSocketAutoConfiguration$TomcatWebSocketConfiguration.websocketContainerCustomizer()
5254 [main] DEBUG o.s.c.a.ConfigurationClassBeanDefinitionReader - Registered bean definition for imported class 'org.springframework.boot.autoconfigure.websocket.WebSocketAutoConfiguration'
5255 [main] DEBUG o.s.b.f.s.DefaultListableBeanFactory - Returning cached instance of singleton bean 'autoConfigurationReport'
5255 [main] DEBUG o.s.b.f.s.DefaultListableBeanFactory - Returning cached instance of singleton bean 'autoConfigurationReport'
5255 [main] DEBUG o.s.b.f.s.DefaultListableBeanFactory - Returning cached instance of singleton bean 'org.springframework.boot.autoconfigure.condition.BeanTypeRegistry'
5258 [main] DEBUG o.s.b.f.s.DefaultListableBeanFactory - Returning cached instance of singleton bean 'autoConfigurationReport'
5258 [main] DEBUG o.s.c.a.ConfigurationClassBeanDefinitionReader - Registered bean definition for imported class 'org.springframework.boot.autoconfigure.web.EmbeddedServletContainerAutoConfiguration$EmbeddedTomcat'
5259 [main] DEBUG o.s.c.a.ConfigurationClassBeanDefinitionReader - Registering bean definition for @Bean method org.springframework.boot.autoconfigure.web.EmbeddedServletContainerAutoConfiguration$EmbeddedTomcat.tomcatEmbeddedServletContainerFactory()
5259 [main] DEBUG o.s.c.a.ConfigurationClassBeanDefinitionReader - Registered bean definition for imported class 'org.springframework.boot.autoconfigure.web.EmbeddedServletContainerAutoConfiguration'
5264 [main] DEBUG o.s.b.f.s.DefaultListableBeanFactory - Returning cached instance of singleton bean 'autoConfigurationReport'
5264 [main] DEBUG o.s.b.f.s.DefaultListableBeanFactory - Returning cached instance of singleton bean 'autoConfigurationReport'
5264 [main] DEBUG o.s.b.f.s.DefaultListableBeanFactory - Returning cached instance of singleton bean 'autoConfigurationReport'
5264 [main] DEBUG o.s.b.f.s.DefaultListableBeanFactory - Returning cached instance of singleton bean 'autoConfigurationReport'
5265 [main] DEBUG o.s.b.f.s.DefaultListableBeanFactory - Returning cached instance of singleton bean 'autoConfigurationReport'
5266 [main] DEBUG o.s.b.f.s.DefaultListableBeanFactory - Returning cached instance of singleton bean 'autoConfigurationReport'
5266 [main] DEBUG o.s.c.a.ConfigurationClassBeanDefinitionReader - Registered bean definition for imported class 'org.springframework.boot.autoconfigure.web.DispatcherServletAutoConfiguration$DispatcherServletConfiguration'
5266 [main] DEBUG o.s.c.a.ConfigurationClassBeanDefinitionReader - Registering bean definition for @Bean method org.springframework.boot.autoconfigure.web.DispatcherServletAutoConfiguration$DispatcherServletConfiguration.dispatcherServlet()
5266 [main] DEBUG o.s.b.f.s.DefaultListableBeanFactory - Returning cached instance of singleton bean 'org.springframework.boot.autoconfigure.condition.BeanTypeRegistry'
5267 [main] DEBUG o.s.b.f.s.DefaultListableBeanFactory - Returning cached instance of singleton bean 'org.springframework.boot.autoconfigure.condition.BeanTypeRegistry'
5268 [main] DEBUG o.s.b.f.s.DefaultListableBeanFactory - Returning cached instance of singleton bean 'autoConfigurationReport'
5268 [main] DEBUG o.s.c.a.ConfigurationClassBeanDefinitionReader - Registered bean definition for imported class 'org.springframework.boot.autoconfigure.web.DispatcherServletAutoConfiguration$DispatcherServletRegistrationConfiguration'
5269 [main] DEBUG o.s.b.f.s.DefaultListableBeanFactory - Returning cached instance of singleton bean 'org.springframework.boot.autoconfigure.condition.BeanTypeRegistry'
5270 [main] DEBUG o.s.b.f.s.DefaultListableBeanFactory - Returning cached instance of singleton bean 'org.springframework.boot.autoconfigure.condition.BeanTypeRegistry'
5270 [main] DEBUG o.s.b.f.s.DefaultListableBeanFactory - Returning cached instance of singleton bean 'autoConfigurationReport'
5270 [main] DEBUG o.s.c.a.ConfigurationClassBeanDefinitionReader - Registering bean definition for @Bean method org.springframework.boot.autoconfigure.web.DispatcherServletAutoConfiguration$DispatcherServletRegistrationConfiguration.dispatcherServletRegistration()
5270 [main] DEBUG o.s.c.a.ConfigurationClassBeanDefinitionReader - Registered bean definition for imported class 'org.springframework.boot.autoconfigure.web.DispatcherServletAutoConfiguration'
5270 [main] DEBUG o.s.b.f.s.DefaultListableBeanFactory - Returning cached instance of singleton bean 'autoConfigurationReport'
5270 [main] DEBUG o.s.b.f.s.DefaultListableBeanFactory - Returning cached instance of singleton bean 'autoConfigurationReport'
5271 [main] DEBUG o.s.b.f.s.DefaultListableBeanFactory - Returning cached instance of singleton bean 'autoConfigurationReport'
5277 [main] DEBUG o.s.b.f.s.DefaultListableBeanFactory - Returning cached instance of singleton bean 'autoConfigurationReport'
5277 [main] DEBUG o.s.c.a.ConfigurationClassBeanDefinitionReader - Registered bean definition for imported class 'org.springframework.boot.autoconfigure.web.ErrorMvcAutoConfiguration$WhitelabelErrorViewConfiguration'
5277 [main] DEBUG o.s.b.f.s.DefaultListableBeanFactory - Returning cached instance of singleton bean 'autoConfigurationReport'
5278 [main] DEBUG o.s.c.a.ConfigurationClassBeanDefinitionReader - Registering bean definition for @Bean method org.springframework.boot.autoconfigure.web.ErrorMvcAutoConfiguration$WhitelabelErrorViewConfiguration.error()
5278 [main] DEBUG o.s.b.f.s.DefaultListableBeanFactory - Returning cached instance of singleton bean 'org.springframework.boot.autoconfigure.condition.BeanTypeRegistry'
5280 [main] DEBUG o.s.b.f.s.DefaultListableBeanFactory - Returning cached instance of singleton bean 'org.springframework.boot.autoconfigure.condition.BeanTypeRegistry'
5280 [main] DEBUG o.s.b.f.s.DefaultListableBeanFactory - Returning cached instance of singleton bean 'autoConfigurationReport'
5280 [main] DEBUG o.s.c.a.ConfigurationClassBeanDefinitionReader - Registering bean definition for @Bean method org.springframework.boot.autoconfigure.web.ErrorMvcAutoConfiguration$WhitelabelErrorViewConfiguration.beanNameViewResolver()
5281 [main] DEBUG o.s.c.a.ConfigurationClassBeanDefinitionReader - Registered bean definition for imported class 'org.springframework.boot.autoconfigure.web.ErrorMvcAutoConfiguration'
5281 [main] DEBUG o.s.b.f.s.DefaultListableBeanFactory - Returning cached instance of singleton bean 'org.springframework.boot.autoconfigure.condition.BeanTypeRegistry'
5282 [main] DEBUG o.s.b.f.s.DefaultListableBeanFactory - Returning cached instance of singleton bean 'autoConfigurationReport'
5282 [main] DEBUG o.s.c.a.ConfigurationClassBeanDefinitionReader - Registering bean definition for @Bean method org.springframework.boot.autoconfigure.web.ErrorMvcAutoConfiguration.errorAttributes()
5282 [main] DEBUG o.s.b.f.s.DefaultListableBeanFactory - Returning cached instance of singleton bean 'org.springframework.boot.autoconfigure.condition.BeanTypeRegistry'
5286 [main] DEBUG o.s.b.f.s.DefaultListableBeanFactory - Returning cached instance of singleton bean 'autoConfigurationReport'
5287 [main] DEBUG o.s.c.a.ConfigurationClassBeanDefinitionReader - Registering bean definition for @Bean method org.springframework.boot.autoconfigure.web.ErrorMvcAutoConfiguration.basicErrorController()
5287 [main] DEBUG o.s.c.a.ConfigurationClassBeanDefinitionReader - Registering bean definition for @Bean method org.springframework.boot.autoconfigure.web.ErrorMvcAutoConfiguration.errorPageCustomizer()
5287 [main] DEBUG o.s.b.f.s.DefaultListableBeanFactory - Returning cached instance of singleton bean 'org.springframework.boot.autoconfigure.condition.BeanTypeRegistry'
5287 [main] DEBUG o.s.b.f.s.DefaultListableBeanFactory - Returning cached instance of singleton bean 'org.springframework.boot.autoconfigure.condition.BeanTypeRegistry'
5287 [main] DEBUG o.s.b.f.s.DefaultListableBeanFactory - Returning cached instance of singleton bean 'org.springframework.boot.autoconfigure.condition.BeanTypeRegistry'
5287 [main] DEBUG o.s.b.f.s.DefaultListableBeanFactory - Returning cached instance of singleton bean 'org.springframework.boot.autoconfigure.condition.BeanTypeRegistry'
5287 [main] DEBUG o.s.b.f.s.DefaultListableBeanFactory - Returning cached instance of singleton bean 'autoConfigurationReport'
5287 [main] DEBUG o.s.b.f.s.DefaultListableBeanFactory - Returning cached instance of singleton bean 'org.springframework.boot.autoconfigure.condition.BeanTypeRegistry'
5287 [main] DEBUG o.s.b.f.s.DefaultListableBeanFactory - Returning cached instance of singleton bean 'org.springframework.boot.autoconfigure.condition.BeanTypeRegistry'
5287 [main] DEBUG o.s.b.f.s.DefaultListableBeanFactory - Returning cached instance of singleton bean 'org.springframework.boot.autoconfigure.condition.BeanTypeRegistry'
5287 [main] DEBUG o.s.b.f.s.DefaultListableBeanFactory - Returning cached instance of singleton bean 'org.springframework.boot.autoconfigure.condition.BeanTypeRegistry'
5288 [main] DEBUG o.s.b.f.s.DefaultListableBeanFactory - Returning cached instance of singleton bean 'autoConfigurationReport'
5288 [main] DEBUG o.s.c.a.ConfigurationClassBeanDefinitionReader - Registering bean definition for @Bean method org.springframework.boot.autoconfigure.web.ErrorMvcAutoConfiguration.conventionErrorViewResolver()
5288 [main] DEBUG o.s.c.a.ConfigurationClassBeanDefinitionReader - Registering bean definition for @Bean method org.springframework.boot.autoconfigure.web.ErrorMvcAutoConfiguration.preserveErrorControllerTargetClassPostProcessor()
5288 [main] DEBUG o.s.b.f.s.DefaultListableBeanFactory - Returning cached instance of singleton bean 'autoConfigurationReport'
5288 [main] DEBUG o.s.b.f.s.DefaultListableBeanFactory - Returning cached instance of singleton bean 'autoConfigurationReport'
5289 [main] DEBUG o.s.b.f.s.DefaultListableBeanFactory - Returning cached instance of singleton bean 'org.springframework.boot.autoconfigure.condition.BeanTypeRegistry'
5290 [main] DEBUG o.s.b.f.s.DefaultListableBeanFactory - Returning cached instance of singleton bean 'org.springframework.boot.autoconfigure.condition.BeanTypeRegistry'
5290 [main] DEBUG o.s.b.f.s.DefaultListableBeanFactory - Returning cached instance of singleton bean 'autoConfigurationReport'
5290 [main] DEBUG o.s.c.a.ConfigurationClassBeanDefinitionReader - Registered bean definition for imported class 'org.springframework.boot.autoconfigure.web.WebMvcAutoConfiguration$EnableWebMvcConfiguration'
5290 [main] DEBUG o.s.c.a.ConfigurationClassBeanDefinitionReader - Registering bean definition for @Bean method org.springframework.boot.autoconfigure.web.WebMvcAutoConfiguration$EnableWebMvcConfiguration.requestMappingHandlerAdapter()
5290 [main] DEBUG o.s.c.a.ConfigurationClassBeanDefinitionReader - Registering bean definition for @Bean method org.springframework.boot.autoconfigure.web.WebMvcAutoConfiguration$EnableWebMvcConfiguration.requestMappingHandlerMapping()
5291 [main] DEBUG o.s.c.a.ConfigurationClassBeanDefinitionReader - Registering bean definition for @Bean method org.springframework.boot.autoconfigure.web.WebMvcAutoConfiguration$EnableWebMvcConfiguration.mvcPathMatcher()
5291 [main] DEBUG o.s.c.a.ConfigurationClassBeanDefinitionReader - Registering bean definition for @Bean method org.springframework.boot.autoconfigure.web.WebMvcAutoConfiguration$EnableWebMvcConfiguration.mvcUrlPathHelper()
5291 [main] DEBUG o.s.c.a.ConfigurationClassBeanDefinitionReader - Registering bean definition for @Bean method org.springframework.boot.autoconfigure.web.WebMvcAutoConfiguration$EnableWebMvcConfiguration.mvcContentNegotiationManager()
5291 [main] DEBUG o.s.c.a.ConfigurationClassBeanDefinitionReader - Registering bean definition for @Bean method org.springframework.boot.autoconfigure.web.WebMvcAutoConfiguration$EnableWebMvcConfiguration.viewControllerHandlerMapping()
5291 [main] DEBUG o.s.c.a.ConfigurationClassBeanDefinitionReader - Registering bean definition for @Bean method org.springframework.boot.autoconfigure.web.WebMvcAutoConfiguration$EnableWebMvcConfiguration.beanNameHandlerMapping()
5291 [main] DEBUG o.s.c.a.ConfigurationClassBeanDefinitionReader - Registering bean definition for @Bean method org.springframework.boot.autoconfigure.web.WebMvcAutoConfiguration$EnableWebMvcConfiguration.resourceHandlerMapping()
5291 [main] DEBUG o.s.c.a.ConfigurationClassBeanDefinitionReader - Registering bean definition for @Bean method org.springframework.boot.autoconfigure.web.WebMvcAutoConfiguration$EnableWebMvcConfiguration.mvcResourceUrlProvider()
5291 [main] DEBUG o.s.c.a.ConfigurationClassBeanDefinitionReader - Registering bean definition for @Bean method org.springframework.boot.autoconfigure.web.WebMvcAutoConfiguration$EnableWebMvcConfiguration.defaultServletHandlerMapping()
5291 [main] DEBUG o.s.c.a.ConfigurationClassBeanDefinitionReader - Registering bean definition for @Bean method org.springframework.boot.autoconfigure.web.WebMvcAutoConfiguration$EnableWebMvcConfiguration.mvcConversionService()
5291 [main] DEBUG o.s.c.a.ConfigurationClassBeanDefinitionReader - Registering bean definition for @Bean method org.springframework.boot.autoconfigure.web.WebMvcAutoConfiguration$EnableWebMvcConfiguration.mvcValidator()
5291 [main] DEBUG o.s.c.a.ConfigurationClassBeanDefinitionReader - Registering bean definition for @Bean method org.springframework.boot.autoconfigure.web.WebMvcAutoConfiguration$EnableWebMvcConfiguration.mvcUriComponentsContributor()
5291 [main] DEBUG o.s.c.a.ConfigurationClassBeanDefinitionReader - Registering bean definition for @Bean method org.springframework.boot.autoconfigure.web.WebMvcAutoConfiguration$EnableWebMvcConfiguration.httpRequestHandlerAdapter()
5292 [main] DEBUG o.s.c.a.ConfigurationClassBeanDefinitionReader - Registering bean definition for @Bean method org.springframework.boot.autoconfigure.web.WebMvcAutoConfiguration$EnableWebMvcConfiguration.simpleControllerHandlerAdapter()
5292 [main] DEBUG o.s.c.a.ConfigurationClassBeanDefinitionReader - Registering bean definition for @Bean method org.springframework.boot.autoconfigure.web.WebMvcAutoConfiguration$EnableWebMvcConfiguration.handlerExceptionResolver()
5292 [main] DEBUG o.s.c.a.ConfigurationClassBeanDefinitionReader - Registering bean definition for @Bean method org.springframework.boot.autoconfigure.web.WebMvcAutoConfiguration$EnableWebMvcConfiguration.mvcViewResolver()
5292 [main] DEBUG o.s.b.f.s.DefaultListableBeanFactory - Returning cached instance of singleton bean 'autoConfigurationReport'
5292 [main] DEBUG o.s.c.a.ConfigurationClassBeanDefinitionReader - Registered bean definition for imported class 'org.springframework.boot.autoconfigure.web.WebMvcAutoConfiguration$WebMvcAutoConfigurationAdapter$FaviconConfiguration'
5292 [main] DEBUG o.s.c.a.ConfigurationClassBeanDefinitionReader - Registering bean definition for @Bean method org.springframework.boot.autoconfigure.web.WebMvcAutoConfiguration$WebMvcAutoConfigurationAdapter$FaviconConfiguration.faviconHandlerMapping()
5292 [main] DEBUG o.s.c.a.ConfigurationClassBeanDefinitionReader - Registering bean definition for @Bean method org.springframework.boot.autoconfigure.web.WebMvcAutoConfiguration$WebMvcAutoConfigurationAdapter$FaviconConfiguration.faviconRequestHandler()
5293 [main] DEBUG o.s.c.a.ConfigurationClassBeanDefinitionReader - Registered bean definition for imported class 'org.springframework.boot.autoconfigure.web.WebMvcAutoConfiguration$WebMvcAutoConfigurationAdapter'
5299 [main] DEBUG o.s.b.f.s.DefaultListableBeanFactory - Returning cached instance of singleton bean 'org.springframework.boot.autoconfigure.condition.BeanTypeRegistry'
5316 [main] DEBUG o.s.b.f.s.DefaultListableBeanFactory - Returning cached instance of singleton bean 'org.springframework.boot.autoconfigure.condition.BeanTypeRegistry'
5316 [main] DEBUG o.s.b.f.s.DefaultListableBeanFactory - Returning cached instance of singleton bean 'autoConfigurationReport'
5316 [main] DEBUG o.s.c.a.ConfigurationClassBeanDefinitionReader - Registering bean definition for @Bean method org.springframework.boot.autoconfigure.web.WebMvcAutoConfiguration$WebMvcAutoConfigurationAdapter.defaultViewResolver()
5316 [main] DEBUG o.s.b.f.s.DefaultListableBeanFactory - Returning cached instance of singleton bean 'org.springframework.boot.autoconfigure.condition.BeanTypeRegistry'
5316 [main] DEBUG o.s.b.f.s.DefaultListableBeanFactory - Returning cached instance of singleton bean 'org.springframework.boot.autoconfigure.condition.BeanTypeRegistry'
5316 [main] DEBUG o.s.b.f.s.DefaultListableBeanFactory - Returning cached instance of singleton bean 'org.springframework.boot.autoconfigure.condition.BeanTypeRegistry'
5317 [main] DEBUG o.s.b.f.s.DefaultListableBeanFactory - Returning cached instance of singleton bean 'org.springframework.boot.autoconfigure.condition.BeanTypeRegistry'
5317 [main] DEBUG o.s.b.f.s.DefaultListableBeanFactory - Returning cached instance of singleton bean 'autoConfigurationReport'
5317 [main] DEBUG o.s.b.f.s.DefaultListableBeanFactory - Returning cached instance of singleton bean 'org.springframework.boot.autoconfigure.condition.BeanTypeRegistry'
5317 [main] DEBUG o.s.b.f.s.DefaultListableBeanFactory - Returning cached instance of singleton bean 'org.springframework.boot.autoconfigure.condition.BeanTypeRegistry'
5317 [main] DEBUG o.s.b.f.s.DefaultListableBeanFactory - Returning cached instance of singleton bean 'org.springframework.boot.autoconfigure.condition.BeanTypeRegistry'
5317 [main] DEBUG o.s.b.f.s.DefaultListableBeanFactory - Returning cached instance of singleton bean 'org.springframework.boot.autoconfigure.condition.BeanTypeRegistry'
5318 [main] DEBUG o.s.b.f.s.DefaultListableBeanFactory - Returning cached instance of singleton bean 'autoConfigurationReport'
5318 [main] DEBUG o.s.b.f.s.DefaultListableBeanFactory - Returning cached instance of singleton bean 'org.springframework.boot.autoconfigure.condition.BeanTypeRegistry'
5318 [main] DEBUG o.s.b.f.s.DefaultListableBeanFactory - Returning cached instance of singleton bean 'org.springframework.boot.autoconfigure.condition.BeanTypeRegistry'
5318 [main] DEBUG o.s.b.f.s.DefaultListableBeanFactory - Returning cached instance of singleton bean 'org.springframework.boot.autoconfigure.condition.BeanTypeRegistry'
5318 [main] DEBUG o.s.b.f.s.DefaultListableBeanFactory - Returning cached instance of singleton bean 'org.springframework.boot.autoconfigure.condition.BeanTypeRegistry'
5318 [main] DEBUG o.s.b.f.s.DefaultListableBeanFactory - Returning cached instance of singleton bean 'autoConfigurationReport'
5318 [main] DEBUG o.s.c.a.ConfigurationClassBeanDefinitionReader - Registering bean definition for @Bean method org.springframework.boot.autoconfigure.web.WebMvcAutoConfiguration$WebMvcAutoConfigurationAdapter.viewResolver()
5319 [main] DEBUG o.s.b.f.s.DefaultListableBeanFactory - Returning cached instance of singleton bean 'autoConfigurationReport'
5319 [main] DEBUG o.s.b.f.s.DefaultListableBeanFactory - Returning cached instance of singleton bean 'autoConfigurationReport'
5319 [main] DEBUG o.s.c.a.ConfigurationClassBeanDefinitionReader - Registering bean definition for @Bean method org.springframework.boot.autoconfigure.web.WebMvcAutoConfiguration$WebMvcAutoConfigurationAdapter.welcomePageHandlerMapping()
5320 [main] DEBUG o.s.b.f.s.DefaultListableBeanFactory - Returning cached instance of singleton bean 'org.springframework.boot.autoconfigure.condition.BeanTypeRegistry'
5321 [main] DEBUG o.s.b.f.s.DefaultListableBeanFactory - Returning cached instance of singleton bean 'org.springframework.boot.autoconfigure.condition.BeanTypeRegistry'
5321 [main] DEBUG o.s.b.f.s.DefaultListableBeanFactory - Returning cached instance of singleton bean 'org.springframework.boot.autoconfigure.condition.BeanTypeRegistry'
5321 [main] DEBUG o.s.b.f.s.DefaultListableBeanFactory - Returning cached instance of singleton bean 'org.springframework.boot.autoconfigure.condition.BeanTypeRegistry'
5321 [main] DEBUG o.s.b.f.s.DefaultListableBeanFactory - Returning cached instance of singleton bean 'autoConfigurationReport'
5321 [main] DEBUG o.s.c.a.ConfigurationClassBeanDefinitionReader - Registering bean definition for @Bean method org.springframework.boot.autoconfigure.web.WebMvcAutoConfiguration$WebMvcAutoConfigurationAdapter.requestContextFilter()
5321 [main] DEBUG o.s.c.a.ConfigurationClassBeanDefinitionReader - Registered bean definition for imported class 'org.springframework.boot.autoconfigure.web.WebMvcAutoConfiguration'
5322 [main] DEBUG o.s.b.f.s.DefaultListableBeanFactory - Returning cached instance of singleton bean 'org.springframework.boot.autoconfigure.condition.BeanTypeRegistry'
5322 [main] DEBUG o.s.b.f.s.DefaultListableBeanFactory - Returning cached instance of singleton bean 'org.springframework.boot.autoconfigure.condition.BeanTypeRegistry'
5322 [main] DEBUG o.s.b.f.s.DefaultListableBeanFactory - Returning cached instance of singleton bean 'autoConfigurationReport'
5322 [main] DEBUG o.s.c.a.ConfigurationClassBeanDefinitionReader - Registering bean definition for @Bean method org.springframework.boot.autoconfigure.web.WebMvcAutoConfiguration.hiddenHttpMethodFilter()
5323 [main] DEBUG o.s.b.f.s.DefaultListableBeanFactory - Returning cached instance of singleton bean 'autoConfigurationReport'
5324 [main] DEBUG o.s.b.f.s.DefaultListableBeanFactory - Returning cached instance of singleton bean 'org.springframework.boot.autoconfigure.condition.BeanTypeRegistry'
5325 [main] DEBUG o.s.b.f.s.DefaultListableBeanFactory - Returning cached instance of singleton bean 'org.springframework.boot.autoconfigure.condition.BeanTypeRegistry'
5325 [main] DEBUG o.s.b.f.s.DefaultListableBeanFactory - Returning cached instance of singleton bean 'autoConfigurationReport'
5325 [main] DEBUG o.s.c.a.ConfigurationClassBeanDefinitionReader - Registering bean definition for @Bean method org.springframework.boot.autoconfigure.web.WebMvcAutoConfiguration.httpPutFormContentFilter()
5325 [main] DEBUG o.s.b.f.s.DefaultListableBeanFactory - Returning cached instance of singleton bean 'autoConfigurationReport'
5325 [main] DEBUG o.s.c.a.ConfigurationClassBeanDefinitionReader - Registered bean definition for imported class 'org.springframework.cloud.autoconfigure.RefreshAutoConfiguration'
5327 [main] DEBUG o.s.b.f.s.DefaultListableBeanFactory - Returning cached instance of singleton bean 'org.springframework.boot.autoconfigure.condition.BeanTypeRegistry'
5328 [main] DEBUG o.s.b.f.s.DefaultListableBeanFactory - Returning cached instance of singleton bean 'org.springframework.boot.autoconfigure.condition.BeanTypeRegistry'
5328 [main] DEBUG o.s.b.f.s.DefaultListableBeanFactory - Returning cached instance of singleton bean 'autoConfigurationReport'
5328 [main] DEBUG o.s.c.a.ConfigurationClassBeanDefinitionReader - Registering bean definition for @Bean method org.springframework.cloud.autoconfigure.RefreshAutoConfiguration.refreshScope()
5328 [main] DEBUG o.s.b.f.s.DefaultListableBeanFactory - Returning cached instance of singleton bean 'org.springframework.boot.autoconfigure.condition.BeanTypeRegistry'
5328 [main] DEBUG o.s.b.f.s.DefaultListableBeanFactory - Returning cached instance of singleton bean 'org.springframework.boot.autoconfigure.condition.BeanTypeRegistry'
5328 [main] DEBUG o.s.b.f.s.DefaultListableBeanFactory - Returning cached instance of singleton bean 'autoConfigurationReport'
5328 [main] DEBUG o.s.c.a.ConfigurationClassBeanDefinitionReader - Registering bean definition for @Bean method org.springframework.cloud.autoconfigure.RefreshAutoConfiguration.loggingRebinder()
5328 [main] DEBUG o.s.b.f.s.DefaultListableBeanFactory - Returning cached instance of singleton bean 'org.springframework.boot.autoconfigure.condition.BeanTypeRegistry'
5329 [main] DEBUG o.s.b.f.s.DefaultListableBeanFactory - Returning cached instance of singleton bean 'org.springframework.boot.autoconfigure.condition.BeanTypeRegistry'
5329 [main] DEBUG o.s.b.f.s.DefaultListableBeanFactory - Returning cached instance of singleton bean 'autoConfigurationReport'
5329 [main] DEBUG o.s.c.a.ConfigurationClassBeanDefinitionReader - Registering bean definition for @Bean method org.springframework.cloud.autoconfigure.RefreshAutoConfiguration.environmentManager()
5329 [main] DEBUG o.s.b.f.s.DefaultListableBeanFactory - Returning cached instance of singleton bean 'org.springframework.boot.autoconfigure.condition.BeanTypeRegistry'
5329 [main] DEBUG o.s.b.f.s.DefaultListableBeanFactory - Returning cached instance of singleton bean 'org.springframework.boot.autoconfigure.condition.BeanTypeRegistry'
5329 [main] DEBUG o.s.b.f.s.DefaultListableBeanFactory - Returning cached instance of singleton bean 'autoConfigurationReport'
5329 [main] DEBUG o.s.c.a.ConfigurationClassBeanDefinitionReader - Registering bean definition for @Bean method org.springframework.cloud.autoconfigure.RefreshAutoConfiguration.contextRefresher()
5329 [main] DEBUG o.s.b.f.s.DefaultListableBeanFactory - Returning cached instance of singleton bean 'autoConfigurationReport'
5329 [main] DEBUG o.s.b.f.s.DefaultListableBeanFactory - Returning cached instance of singleton bean 'autoConfigurationReport'
5333 [main] DEBUG o.s.b.f.s.DefaultListableBeanFactory - Returning cached instance of singleton bean 'org.springframework.boot.autoconfigure.condition.BeanTypeRegistry'
5333 [main] DEBUG o.s.b.f.s.DefaultListableBeanFactory - Returning cached instance of singleton bean 'org.springframework.boot.autoconfigure.condition.BeanTypeRegistry'
5334 [main] DEBUG o.s.b.f.s.DefaultListableBeanFactory - Returning cached instance of singleton bean 'autoConfigurationReport'
5334 [main] DEBUG o.s.c.a.ConfigurationClassBeanDefinitionReader - Registered bean definition for imported class 'org.springframework.cloud.netflix.eureka.EurekaClientAutoConfiguration$RefreshableEurekaClientConfiguration'
5334 [main] DEBUG o.s.b.f.s.DefaultListableBeanFactory - Returning cached instance of singleton bean 'org.springframework.boot.autoconfigure.condition.BeanTypeRegistry'
5334 [main] DEBUG o.s.b.f.s.DefaultListableBeanFactory - Returning cached instance of singleton bean 'autoConfigurationReport'
5337 [main] DEBUG o.s.c.a.ConfigurationClassBeanDefinitionReader - Registering bean definition for @Bean method org.springframework.cloud.netflix.eureka.EurekaClientAutoConfiguration$RefreshableEurekaClientConfiguration.eurekaClient()
5337 [main] DEBUG o.s.b.f.s.DefaultListableBeanFactory - Returning cached instance of singleton bean 'org.springframework.boot.autoconfigure.condition.BeanTypeRegistry'
5338 [main] DEBUG o.s.b.f.s.DefaultListableBeanFactory - Returning cached instance of singleton bean 'autoConfigurationReport'
5338 [main] DEBUG o.s.c.a.ConfigurationClassBeanDefinitionReader - Registering bean definition for @Bean method org.springframework.cloud.netflix.eureka.EurekaClientAutoConfiguration$RefreshableEurekaClientConfiguration.eurekaApplicationInfoManager()
5340 [main] DEBUG o.s.b.f.s.DefaultListableBeanFactory - Returning cached instance of singleton bean 'org.springframework.boot.autoconfigure.condition.BeanTypeRegistry'
5340 [main] DEBUG o.s.b.f.s.DefaultListableBeanFactory - Returning cached instance of singleton bean 'org.springframework.boot.autoconfigure.condition.BeanTypeRegistry'
5340 [main] DEBUG o.s.b.f.s.DefaultListableBeanFactory - Returning cached instance of singleton bean 'autoConfigurationReport'
5341 [main] DEBUG o.s.c.a.ConfigurationClassBeanDefinitionReader - Registered bean definition for imported class 'org.springframework.cloud.netflix.eureka.EurekaClientAutoConfiguration'
5341 [main] DEBUG o.s.c.a.ConfigurationClassBeanDefinitionReader - Registering bean definition for @Bean method org.springframework.cloud.netflix.eureka.EurekaClientAutoConfiguration.eurekaFeature()
5342 [main] DEBUG o.s.b.f.s.DefaultListableBeanFactory - Returning cached instance of singleton bean 'org.springframework.boot.autoconfigure.condition.BeanTypeRegistry'
5345 [main] DEBUG o.s.b.f.s.DefaultListableBeanFactory - Returning cached instance of singleton bean 'autoConfigurationReport'
5345 [main] DEBUG o.s.c.a.ConfigurationClassBeanDefinitionReader - Registering bean definition for @Bean method org.springframework.cloud.netflix.eureka.EurekaClientAutoConfiguration.eurekaClientConfigBean()
5345 [main] DEBUG o.s.b.f.s.DefaultListableBeanFactory - Returning cached instance of singleton bean 'org.springframework.boot.autoconfigure.condition.BeanTypeRegistry'
5346 [main] DEBUG o.s.b.f.s.DefaultListableBeanFactory - Returning cached instance of singleton bean 'autoConfigurationReport'
5346 [main] DEBUG o.s.c.a.ConfigurationClassBeanDefinitionReader - Registering bean definition for @Bean method org.springframework.cloud.netflix.eureka.EurekaClientAutoConfiguration.eurekaInstanceConfigBean()
5346 [main] DEBUG o.s.c.a.ConfigurationClassBeanDefinitionReader - Registering bean definition for @Bean method org.springframework.cloud.netflix.eureka.EurekaClientAutoConfiguration.discoveryClient()
5346 [main] DEBUG o.s.b.f.s.DefaultListableBeanFactory - Returning cached instance of singleton bean 'org.springframework.boot.autoconfigure.condition.BeanTypeRegistry'
5346 [main] DEBUG o.s.b.f.s.DefaultListableBeanFactory - Returning cached instance of singleton bean 'autoConfigurationReport'
5346 [main] DEBUG o.s.c.a.ConfigurationClassBeanDefinitionReader - Registering bean definition for @Bean method org.springframework.cloud.netflix.eureka.EurekaClientAutoConfiguration.discoveryClientOptionalArgs()
5346 [main] DEBUG o.s.b.f.s.DefaultListableBeanFactory - Returning cached instance of singleton bean 'autoConfigurationReport'
5347 [main] DEBUG o.s.b.f.s.DefaultListableBeanFactory - Returning cached instance of singleton bean 'autoConfigurationReport'
5347 [main] DEBUG o.s.b.f.s.DefaultListableBeanFactory - Returning cached instance of singleton bean 'org.springframework.boot.autoconfigure.condition.BeanTypeRegistry'
5347 [main] DEBUG o.s.b.f.s.DefaultListableBeanFactory - Returning cached instance of singleton bean 'org.springframework.boot.autoconfigure.condition.BeanTypeRegistry'
5347 [main] DEBUG o.s.b.f.s.DefaultListableBeanFactory - Returning cached instance of singleton bean 'autoConfigurationReport'
5347 [main] DEBUG o.s.b.f.s.DefaultListableBeanFactory - Returning cached instance of singleton bean 'autoConfigurationReport'
5347 [main] DEBUG o.s.b.f.s.DefaultListableBeanFactory - Returning cached instance of singleton bean 'autoConfigurationReport'
5348 [main] DEBUG o.s.c.a.ConfigurationClassBeanDefinitionReader - Registered bean definition for imported class 'org.springframework.cloud.client.CommonsClientAutoConfiguration$ActuatorConfiguration'
5348 [main] DEBUG o.s.c.a.ConfigurationClassBeanDefinitionReader - Registering bean definition for @Bean method org.springframework.cloud.client.CommonsClientAutoConfiguration$ActuatorConfiguration.featuresEndpoint()
5348 [main] DEBUG o.s.c.a.ConfigurationClassBeanDefinitionReader - Registered bean definition for imported class 'org.springframework.cloud.client.CommonsClientAutoConfiguration'
5348 [main] DEBUG o.s.b.f.s.DefaultListableBeanFactory - Returning cached instance of singleton bean 'autoConfigurationReport'
5348 [main] DEBUG o.s.c.a.ConfigurationClassBeanDefinitionReader - Registering bean definition for @Bean method org.springframework.cloud.client.CommonsClientAutoConfiguration.discoveryClientHealthIndicator()
5348 [main] DEBUG o.s.b.f.s.DefaultListableBeanFactory - Returning cached instance of singleton bean 'autoConfigurationReport'
5349 [main] DEBUG o.s.c.a.ConfigurationClassBeanDefinitionReader - Registering bean definition for @Bean method org.springframework.cloud.client.CommonsClientAutoConfiguration.discoveryCompositeHealthIndicator()
5349 [main] DEBUG o.s.c.a.ConfigurationClassBeanDefinitionReader - Registering bean definition for @Bean method org.springframework.cloud.client.CommonsClientAutoConfiguration.commonsFeatures()
5349 [main] DEBUG o.s.b.f.s.DefaultListableBeanFactory - Returning cached instance of singleton bean 'autoConfigurationReport'
5349 [main] DEBUG o.s.c.a.ConfigurationClassBeanDefinitionReader - Registered bean definition for imported class 'org.springframework.cloud.commons.util.UtilAutoConfiguration'
5349 [main] DEBUG o.s.c.a.ConfigurationClassBeanDefinitionReader - Registering bean definition for @Bean method org.springframework.cloud.commons.util.UtilAutoConfiguration.inetUtilsProperties()
5350 [main] DEBUG o.s.b.f.s.DefaultListableBeanFactory - Returning cached instance of singleton bean 'org.springframework.boot.autoconfigure.condition.BeanTypeRegistry'
5353 [main] DEBUG o.s.b.f.s.DefaultListableBeanFactory - Returning cached instance of singleton bean 'org.springframework.boot.autoconfigure.condition.BeanTypeRegistry'
5353 [main] DEBUG o.s.b.f.s.DefaultListableBeanFactory - Returning cached instance of singleton bean 'autoConfigurationReport'
5353 [main] DEBUG o.s.c.a.ConfigurationClassBeanDefinitionReader - Registering bean definition for @Bean method org.springframework.cloud.commons.util.UtilAutoConfiguration.inetUtils()
5354 [main] DEBUG o.s.b.f.s.DefaultListableBeanFactory - Returning cached instance of singleton bean 'org.springframework.boot.autoconfigure.condition.BeanTypeRegistry'
5354 [main] DEBUG o.s.b.f.s.DefaultListableBeanFactory - Returning cached instance of singleton bean 'org.springframework.boot.autoconfigure.condition.BeanTypeRegistry'
5354 [main] DEBUG o.s.b.f.s.DefaultListableBeanFactory - Returning cached instance of singleton bean 'autoConfigurationReport'
5354 [main] DEBUG o.s.c.a.ConfigurationClassBeanDefinitionReader - Registered bean definition for imported class 'org.springframework.boot.actuate.autoconfigure.AuditAutoConfiguration$AuditEventRepositoryConfiguration'
5354 [main] DEBUG o.s.c.a.ConfigurationClassBeanDefinitionReader - Registering bean definition for @Bean method org.springframework.boot.actuate.autoconfigure.AuditAutoConfiguration$AuditEventRepositoryConfiguration.auditEventRepository()
5355 [main] DEBUG o.s.c.a.ConfigurationClassBeanDefinitionReader - Registered bean definition for imported class 'org.springframework.boot.actuate.autoconfigure.AuditAutoConfiguration'
5355 [main] DEBUG o.s.b.f.s.DefaultListableBeanFactory - Returning cached instance of singleton bean 'org.springframework.boot.autoconfigure.condition.BeanTypeRegistry'
5357 [main] DEBUG o.s.b.f.s.DefaultListableBeanFactory - Returning cached instance of singleton bean 'org.springframework.boot.autoconfigure.condition.BeanTypeRegistry'
5357 [main] DEBUG o.s.b.f.s.DefaultListableBeanFactory - Returning cached instance of singleton bean 'autoConfigurationReport'
5357 [main] DEBUG o.s.c.a.ConfigurationClassBeanDefinitionReader - Registering bean definition for @Bean method org.springframework.boot.actuate.autoconfigure.AuditAutoConfiguration.auditListener()
5358 [main] DEBUG o.s.b.f.s.DefaultListableBeanFactory - Returning cached instance of singleton bean 'autoConfigurationReport'
5358 [main] DEBUG o.s.b.f.s.DefaultListableBeanFactory - Returning cached instance of singleton bean 'autoConfigurationReport'
5358 [main] DEBUG o.s.b.f.s.DefaultListableBeanFactory - Returning cached instance of singleton bean 'autoConfigurationReport'
5360 [main] DEBUG o.s.b.f.s.DefaultListableBeanFactory - Returning cached instance of singleton bean 'org.springframework.boot.autoconfigure.condition.BeanTypeRegistry'
5362 [main] DEBUG o.s.b.f.s.DefaultListableBeanFactory - Returning cached instance of singleton bean 'org.springframework.boot.autoconfigure.condition.BeanTypeRegistry'
5362 [main] DEBUG o.s.b.f.s.DefaultListableBeanFactory - Returning cached instance of singleton bean 'autoConfigurationReport'
5363 [main] DEBUG o.s.b.f.s.DefaultListableBeanFactory - Returning cached instance of singleton bean 'org.springframework.boot.autoconfigure.condition.BeanTypeRegistry'
5363 [main] DEBUG o.s.b.f.s.DefaultListableBeanFactory - Returning cached instance of singleton bean 'org.springframework.boot.autoconfigure.condition.BeanTypeRegistry'
5363 [main] DEBUG o.s.b.f.s.DefaultListableBeanFactory - Returning cached instance of singleton bean 'autoConfigurationReport'
5363 [main] DEBUG o.s.c.a.ConfigurationClassBeanDefinitionReader - Registered bean definition for imported class 'org.springframework.boot.autoconfigure.info.ProjectInfoAutoConfiguration'
5364 [main] DEBUG o.s.b.f.s.DefaultListableBeanFactory - Returning cached instance of singleton bean 'autoConfigurationReport'
5365 [main] DEBUG o.s.c.e.PropertySourcesPropertyResolver - Could not find key 'spring.info.build.location:classpath:META-INF/build-info.properties' in any property source
5365 [main] DEBUG o.s.c.e.PropertySourcesPropertyResolver - Could not find key 'spring.info.build.location' in any property source
5366 [main] DEBUG o.s.b.f.s.DefaultListableBeanFactory - Returning cached instance of singleton bean 'autoConfigurationReport'
5367 [main] DEBUG o.s.c.a.ConfigurationClassBeanDefinitionReader - Registered bean definition for imported class 'org.springframework.boot.actuate.autoconfigure.InfoContributorAutoConfiguration'
5368 [main] DEBUG o.s.b.f.s.DefaultListableBeanFactory - Returning cached instance of singleton bean 'autoConfigurationReport'
5368 [main] DEBUG o.s.c.a.ConfigurationClassBeanDefinitionReader - Registering bean definition for @Bean method org.springframework.boot.actuate.autoconfigure.InfoContributorAutoConfiguration.envInfoContributor()
5368 [main] DEBUG o.s.b.f.s.DefaultListableBeanFactory - Returning cached instance of singleton bean 'autoConfigurationReport'
5369 [main] DEBUG o.s.b.f.s.DefaultListableBeanFactory - Returning cached instance of singleton bean 'org.springframework.boot.autoconfigure.condition.BeanTypeRegistry'
5372 [main] DEBUG o.s.b.f.s.DefaultListableBeanFactory - Returning cached instance of singleton bean 'org.springframework.boot.autoconfigure.condition.BeanTypeRegistry'
5372 [main] DEBUG o.s.b.f.s.DefaultListableBeanFactory - Returning cached instance of singleton bean 'autoConfigurationReport'
5373 [main] DEBUG o.s.b.f.s.DefaultListableBeanFactory - Returning cached instance of singleton bean 'autoConfigurationReport'
5373 [main] DEBUG o.s.b.f.s.DefaultListableBeanFactory - Returning cached instance of singleton bean 'org.springframework.boot.autoconfigure.condition.BeanTypeRegistry'
5373 [main] DEBUG o.s.b.f.s.DefaultListableBeanFactory - Returning cached instance of singleton bean 'org.springframework.boot.autoconfigure.condition.BeanTypeRegistry'
5373 [main] DEBUG o.s.b.f.s.DefaultListableBeanFactory - Returning cached instance of singleton bean 'autoConfigurationReport'
5374 [main] DEBUG o.s.b.f.s.DefaultListableBeanFactory - Returning cached instance of singleton bean 'autoConfigurationReport'
5377 [main] DEBUG o.s.b.f.s.DefaultListableBeanFactory - Returning cached instance of singleton bean 'org.springframework.boot.autoconfigure.condition.BeanTypeRegistry'
5377 [main] DEBUG o.s.b.f.s.DefaultListableBeanFactory - Returning cached instance of singleton bean 'org.springframework.boot.autoconfigure.condition.BeanTypeRegistry'
5377 [main] DEBUG o.s.b.f.s.DefaultListableBeanFactory - Returning cached instance of singleton bean 'autoConfigurationReport'
5378 [main] DEBUG o.s.b.f.s.DefaultListableBeanFactory - Returning cached instance of singleton bean 'autoConfigurationReport'
5378 [main] DEBUG o.s.c.a.ConfigurationClassBeanDefinitionReader - Registered bean definition for imported class 'org.springframework.boot.actuate.autoconfigure.HealthIndicatorAutoConfiguration$DiskSpaceHealthIndicatorConfiguration'
5378 [main] DEBUG o.s.b.f.s.DefaultListableBeanFactory - Returning cached instance of singleton bean 'autoConfigurationReport'
5378 [main] DEBUG o.s.c.a.ConfigurationClassBeanDefinitionReader - Registering bean definition for @Bean method org.springframework.boot.actuate.autoconfigure.HealthIndicatorAutoConfiguration$DiskSpaceHealthIndicatorConfiguration.diskSpaceHealthIndicator()
5378 [main] DEBUG o.s.c.a.ConfigurationClassBeanDefinitionReader - Registering bean definition for @Bean method org.springframework.boot.actuate.autoconfigure.HealthIndicatorAutoConfiguration$DiskSpaceHealthIndicatorConfiguration.diskSpaceHealthIndicatorProperties()
5380 [main] DEBUG o.s.b.f.s.DefaultListableBeanFactory - Returning cached instance of singleton bean 'autoConfigurationReport'
5381 [main] DEBUG o.s.b.f.s.DefaultListableBeanFactory - Returning cached instance of singleton bean 'autoConfigurationReport'
5382 [main] DEBUG o.s.b.f.s.DefaultListableBeanFactory - Returning cached instance of singleton bean 'autoConfigurationReport'
5383 [main] DEBUG o.s.b.f.s.DefaultListableBeanFactory - Returning cached instance of singleton bean 'autoConfigurationReport'
5384 [main] DEBUG o.s.b.f.s.DefaultListableBeanFactory - Returning cached instance of singleton bean 'autoConfigurationReport'
5384 [main] DEBUG o.s.b.f.s.DefaultListableBeanFactory - Returning cached instance of singleton bean 'autoConfigurationReport'
5393 [main] DEBUG o.s.c.a.ConfigurationClassBeanDefinitionReader - Registered bean definition for imported class 'org.springframework.boot.actuate.autoconfigure.HealthIndicatorAutoConfiguration'
5393 [main] DEBUG o.s.b.f.s.DefaultListableBeanFactory - Returning cached instance of singleton bean 'org.springframework.boot.autoconfigure.condition.BeanTypeRegistry'
5395 [main] DEBUG o.s.b.f.s.DefaultListableBeanFactory - Returning cached instance of singleton bean 'org.springframework.boot.autoconfigure.condition.BeanTypeRegistry'
5395 [main] DEBUG o.s.b.f.s.DefaultListableBeanFactory - Returning cached instance of singleton bean 'autoConfigurationReport'
5395 [main] DEBUG o.s.c.a.ConfigurationClassBeanDefinitionReader - Registering bean definition for @Bean method org.springframework.boot.actuate.autoconfigure.HealthIndicatorAutoConfiguration.healthAggregator()
5395 [main] DEBUG o.s.b.f.s.DefaultListableBeanFactory - Returning cached instance of singleton bean 'org.springframework.boot.autoconfigure.condition.BeanTypeRegistry'
5396 [main] DEBUG o.s.b.f.s.DefaultListableBeanFactory - Returning cached instance of singleton bean 'org.springframework.boot.autoconfigure.condition.BeanTypeRegistry'
5397 [main] DEBUG o.s.b.f.s.DefaultListableBeanFactory - Returning cached instance of singleton bean 'autoConfigurationReport'
5398 [main] DEBUG o.s.b.f.s.DefaultListableBeanFactory - Returning cached instance of singleton bean 'autoConfigurationReport'
5399 [main] DEBUG o.s.b.f.s.DefaultListableBeanFactory - Returning cached instance of singleton bean 'autoConfigurationReport'
5399 [main] DEBUG o.s.b.f.s.DefaultListableBeanFactory - Returning cached instance of singleton bean 'autoConfigurationReport'
5399 [main] DEBUG o.s.b.f.s.DefaultListableBeanFactory - Returning cached instance of singleton bean 'autoConfigurationReport'
5400 [main] DEBUG o.s.b.f.s.DefaultListableBeanFactory - Returning cached instance of singleton bean 'autoConfigurationReport'
5400 [main] DEBUG o.s.b.f.s.DefaultListableBeanFactory - Returning cached instance of singleton bean 'org.springframework.boot.autoconfigure.condition.BeanTypeRegistry'
5400 [main] DEBUG o.s.b.f.s.DefaultListableBeanFactory - Returning cached instance of singleton bean 'org.springframework.boot.autoconfigure.condition.BeanTypeRegistry'
5400 [main] DEBUG o.s.b.f.s.DefaultListableBeanFactory - Returning cached instance of singleton bean 'autoConfigurationReport'
5400 [main] DEBUG o.s.b.f.s.DefaultListableBeanFactory - Returning cached instance of singleton bean 'autoConfigurationReport'
5400 [main] DEBUG o.s.c.a.ConfigurationClassBeanDefinitionReader - Registered bean definition for imported class 'org.springframework.cloud.netflix.metrics.MetricsInterceptorConfiguration$MetricsWebResourceConfiguration'
5401 [main] DEBUG o.s.c.a.ConfigurationClassBeanDefinitionReader - Registering bean definition for @Bean method org.springframework.cloud.netflix.metrics.MetricsInterceptorConfiguration$MetricsWebResourceConfiguration.servoMonitoringWebResourceInterceptor()
5401 [main] DEBUG o.s.c.a.ConfigurationClassBeanDefinitionReader - Registered bean definition for imported class 'org.springframework.cloud.netflix.metrics.MetricsInterceptorConfiguration'
5402 [main] DEBUG o.s.c.a.ConfigurationClassBeanDefinitionReader - Registered bean definition for imported class 'org.springframework.cloud.netflix.metrics.servo.ServoMetricsAutoConfiguration'
5406 [main] DEBUG o.s.b.f.s.DefaultListableBeanFactory - Returning cached instance of singleton bean 'org.springframework.boot.autoconfigure.condition.BeanTypeRegistry'
5407 [main] DEBUG o.s.b.f.s.DefaultListableBeanFactory - Returning cached instance of singleton bean 'org.springframework.boot.autoconfigure.condition.BeanTypeRegistry'
5408 [main] DEBUG o.s.b.f.s.DefaultListableBeanFactory - Returning cached instance of singleton bean 'autoConfigurationReport'
5408 [main] DEBUG o.s.c.a.ConfigurationClassBeanDefinitionReader - Registering bean definition for @Bean method org.springframework.cloud.netflix.metrics.servo.ServoMetricsAutoConfiguration.servoMetricsConfig()
5408 [main] DEBUG o.s.b.f.s.DefaultListableBeanFactory - Returning cached instance of singleton bean 'org.springframework.boot.autoconfigure.condition.BeanTypeRegistry'
5408 [main] DEBUG o.s.b.f.s.DefaultListableBeanFactory - Returning cached instance of singleton bean 'org.springframework.boot.autoconfigure.condition.BeanTypeRegistry'
5408 [main] DEBUG o.s.b.f.s.DefaultListableBeanFactory - Returning cached instance of singleton bean 'autoConfigurationReport'
5408 [main] DEBUG o.s.c.a.ConfigurationClassBeanDefinitionReader - Registering bean definition for @Bean method org.springframework.cloud.netflix.metrics.servo.ServoMetricsAutoConfiguration.servoMetricNaming()
5408 [main] DEBUG o.s.b.f.s.DefaultListableBeanFactory - Returning cached instance of singleton bean 'org.springframework.boot.autoconfigure.condition.BeanTypeRegistry'
5408 [main] DEBUG o.s.b.f.s.DefaultListableBeanFactory - Returning cached instance of singleton bean 'org.springframework.boot.autoconfigure.condition.BeanTypeRegistry'
5408 [main] DEBUG o.s.b.f.s.DefaultListableBeanFactory - Returning cached instance of singleton bean 'autoConfigurationReport'
5408 [main] DEBUG o.s.c.a.ConfigurationClassBeanDefinitionReader - Registering bean definition for @Bean method org.springframework.cloud.netflix.metrics.servo.ServoMetricsAutoConfiguration.monitorRegistry()
5409 [main] DEBUG o.s.c.a.ConfigurationClassBeanDefinitionReader - Registering bean definition for @Bean method org.springframework.cloud.netflix.metrics.servo.ServoMetricsAutoConfiguration.monitorCache()
5409 [main] DEBUG o.s.c.a.ConfigurationClassBeanDefinitionReader - Registering bean definition for @Bean method org.springframework.cloud.netflix.metrics.servo.ServoMetricsAutoConfiguration.servoMetricReader()
5409 [main] DEBUG o.s.c.a.ConfigurationClassBeanDefinitionReader - Registering bean definition for @Bean method org.springframework.cloud.netflix.metrics.servo.ServoMetricsAutoConfiguration.servoPublicMetrics()
5409 [main] DEBUG o.s.b.f.s.DefaultListableBeanFactory - Returning cached instance of singleton bean 'org.springframework.boot.autoconfigure.condition.BeanTypeRegistry'
5409 [main] DEBUG o.s.b.f.s.DefaultListableBeanFactory - Returning cached instance of singleton bean 'org.springframework.boot.autoconfigure.condition.BeanTypeRegistry'
5409 [main] DEBUG o.s.b.f.s.DefaultListableBeanFactory - Returning cached instance of singleton bean 'org.springframework.boot.autoconfigure.condition.BeanTypeRegistry'
5409 [main] DEBUG o.s.b.f.s.DefaultListableBeanFactory - Returning cached instance of singleton bean 'org.springframework.boot.autoconfigure.condition.BeanTypeRegistry'
5409 [main] DEBUG o.s.b.f.s.DefaultListableBeanFactory - Returning cached instance of singleton bean 'autoConfigurationReport'
5409 [main] DEBUG o.s.c.a.ConfigurationClassBeanDefinitionReader - Registering bean definition for @Bean method org.springframework.cloud.netflix.metrics.servo.ServoMetricsAutoConfiguration.servoMetricServices()
5409 [main] DEBUG o.s.c.a.ConfigurationClassBeanDefinitionReader - Registering bean definition for @Bean method org.springframework.cloud.netflix.metrics.servo.ServoMetricsAutoConfiguration.defaultMetricsTagProvider()
5409 [main] DEBUG o.s.b.f.s.DefaultListableBeanFactory - Returning cached instance of singleton bean 'autoConfigurationReport'
5410 [main] DEBUG o.s.b.f.s.DefaultListableBeanFactory - Returning cached instance of singleton bean 'org.springframework.boot.autoconfigure.condition.BeanTypeRegistry'
5410 [main] DEBUG o.s.b.f.s.DefaultListableBeanFactory - Returning cached instance of singleton bean 'org.springframework.boot.autoconfigure.condition.BeanTypeRegistry'
5410 [main] DEBUG o.s.b.f.s.DefaultListableBeanFactory - Returning cached instance of singleton bean 'autoConfigurationReport'
5410 [main] DEBUG o.s.c.a.ConfigurationClassBeanDefinitionReader - Registered bean definition for imported class 'org.springframework.boot.actuate.autoconfigure.MetricRepositoryAutoConfiguration'
5410 [main] DEBUG o.s.b.f.s.DefaultListableBeanFactory - Returning cached instance of singleton bean 'autoConfigurationReport'
5410 [main] DEBUG o.s.b.f.s.DefaultListableBeanFactory - Returning cached instance of singleton bean 'autoConfigurationReport'
5411 [main] DEBUG o.s.c.a.ConfigurationClassBeanDefinitionReader - Registered bean definition for imported class 'org.springframework.boot.autoconfigure.jmx.JmxAutoConfiguration'
5411 [main] DEBUG o.s.b.f.s.DefaultListableBeanFactory - Returning cached instance of singleton bean 'org.springframework.boot.autoconfigure.condition.BeanTypeRegistry'
5411 [main] DEBUG o.s.b.f.s.DefaultListableBeanFactory - Returning cached instance of singleton bean 'autoConfigurationReport'
5412 [main] DEBUG o.s.c.a.ConfigurationClassBeanDefinitionReader - Registering bean definition for @Bean method org.springframework.boot.autoconfigure.jmx.JmxAutoConfiguration.mbeanExporter()
5412 [main] DEBUG o.s.b.f.s.DefaultListableBeanFactory - Returning cached instance of singleton bean 'org.springframework.boot.autoconfigure.condition.BeanTypeRegistry'
5413 [main] DEBUG o.s.b.f.s.DefaultListableBeanFactory - Returning cached instance of singleton bean 'autoConfigurationReport'
5414 [main] DEBUG o.s.c.a.ConfigurationClassBeanDefinitionReader - Registering bean definition for @Bean method org.springframework.boot.autoconfigure.jmx.JmxAutoConfiguration.objectNamingStrategy()
5414 [main] DEBUG o.s.b.f.s.DefaultListableBeanFactory - Returning cached instance of singleton bean 'org.springframework.boot.autoconfigure.condition.BeanTypeRegistry'
5414 [main] DEBUG o.s.b.f.s.DefaultListableBeanFactory - Returning cached instance of singleton bean 'org.springframework.boot.autoconfigure.condition.BeanTypeRegistry'
5414 [main] DEBUG o.s.b.f.s.DefaultListableBeanFactory - Returning cached instance of singleton bean 'autoConfigurationReport'
5414 [main] DEBUG o.s.c.a.ConfigurationClassBeanDefinitionReader - Registering bean definition for @Bean method org.springframework.boot.autoconfigure.jmx.JmxAutoConfiguration.mbeanServer()
5414 [main] DEBUG o.s.b.f.s.DefaultListableBeanFactory - Returning cached instance of singleton bean 'autoConfigurationReport'
5414 [main] DEBUG o.s.b.f.s.DefaultListableBeanFactory - Returning cached instance of singleton bean 'org.springframework.boot.autoconfigure.condition.BeanTypeRegistry'
5414 [main] DEBUG o.s.b.f.s.DefaultListableBeanFactory - Returning cached instance of singleton bean 'org.springframework.boot.autoconfigure.condition.BeanTypeRegistry'
5414 [main] DEBUG o.s.b.f.s.DefaultListableBeanFactory - Returning cached instance of singleton bean 'autoConfigurationReport'
5415 [main] DEBUG o.s.b.f.s.DefaultListableBeanFactory - Returning cached instance of singleton bean 'autoConfigurationReport'
5415 [main] DEBUG o.s.b.f.s.DefaultListableBeanFactory - Returning cached instance of singleton bean 'autoConfigurationReport'
5415 [main] DEBUG o.s.c.a.ConfigurationClassBeanDefinitionReader - Registered bean definition for imported class 'org.springframework.boot.actuate.autoconfigure.PublicMetricsAutoConfiguration$TomcatMetricsConfiguration'
5416 [main] DEBUG o.s.b.f.s.DefaultListableBeanFactory - Returning cached instance of singleton bean 'org.springframework.boot.autoconfigure.condition.BeanTypeRegistry'
5416 [main] DEBUG o.s.b.f.s.DefaultListableBeanFactory - Returning cached instance of singleton bean 'org.springframework.boot.autoconfigure.condition.BeanTypeRegistry'
5416 [main] DEBUG o.s.b.f.s.DefaultListableBeanFactory - Returning cached instance of singleton bean 'autoConfigurationReport'
5416 [main] DEBUG o.s.c.a.ConfigurationClassBeanDefinitionReader - Registering bean definition for @Bean method org.springframework.boot.actuate.autoconfigure.PublicMetricsAutoConfiguration$TomcatMetricsConfiguration.tomcatPublicMetrics()
5416 [main] DEBUG o.s.b.f.s.DefaultListableBeanFactory - Returning cached instance of singleton bean 'autoConfigurationReport'
5416 [main] DEBUG o.s.b.f.s.DefaultListableBeanFactory - Returning cached instance of singleton bean 'org.springframework.boot.autoconfigure.condition.BeanTypeRegistry'
5417 [main] DEBUG o.s.b.f.s.DefaultListableBeanFactory - Returning cached instance of singleton bean 'org.springframework.boot.autoconfigure.condition.BeanTypeRegistry'
5417 [main] DEBUG o.s.b.f.s.DefaultListableBeanFactory - Returning cached instance of singleton bean 'autoConfigurationReport'
5417 [main] DEBUG o.s.c.a.ConfigurationClassBeanDefinitionReader - Registered bean definition for imported class 'org.springframework.boot.actuate.autoconfigure.PublicMetricsAutoConfiguration'
5418 [main] DEBUG o.s.c.a.ConfigurationClassBeanDefinitionReader - Registering bean definition for @Bean method org.springframework.boot.actuate.autoconfigure.PublicMetricsAutoConfiguration.systemPublicMetrics()
5418 [main] DEBUG o.s.c.a.ConfigurationClassBeanDefinitionReader - Registering bean definition for @Bean method org.springframework.boot.actuate.autoconfigure.PublicMetricsAutoConfiguration.metricReaderPublicMetrics()
5418 [main] DEBUG o.s.b.f.s.DefaultListableBeanFactory - Returning cached instance of singleton bean 'org.springframework.boot.autoconfigure.condition.BeanTypeRegistry'
5419 [main] DEBUG o.s.b.f.s.DefaultListableBeanFactory - Returning cached instance of singleton bean 'org.springframework.boot.autoconfigure.condition.BeanTypeRegistry'
5419 [main] DEBUG o.s.b.f.s.DefaultListableBeanFactory - Returning cached instance of singleton bean 'autoConfigurationReport'
5420 [main] DEBUG o.s.b.f.s.DefaultListableBeanFactory - Returning cached instance of singleton bean 'autoConfigurationReport'
5420 [main] DEBUG o.s.c.a.ConfigurationClassBeanDefinitionReader - Registered bean definition for imported class 'org.springframework.boot.actuate.autoconfigure.EndpointAutoConfiguration$RequestMappingEndpointConfiguration'
5421 [main] DEBUG o.s.b.f.s.DefaultListableBeanFactory - Returning cached instance of singleton bean 'org.springframework.boot.autoconfigure.condition.BeanTypeRegistry'
5422 [main] DEBUG o.s.b.f.s.DefaultListableBeanFactory - Returning cached instance of singleton bean 'org.springframework.boot.autoconfigure.condition.BeanTypeRegistry'
5422 [main] DEBUG o.s.b.f.s.DefaultListableBeanFactory - Returning cached instance of singleton bean 'autoConfigurationReport'
5422 [main] DEBUG o.s.c.a.ConfigurationClassBeanDefinitionReader - Registering bean definition for @Bean method org.springframework.boot.actuate.autoconfigure.EndpointAutoConfiguration$RequestMappingEndpointConfiguration.requestMappingEndpoint()
5423 [main] DEBUG o.s.c.a.ConfigurationClassBeanDefinitionReader - Registered bean definition for imported class 'org.springframework.boot.actuate.autoconfigure.EndpointAutoConfiguration'
5427 [main] DEBUG o.s.b.f.s.DefaultListableBeanFactory - Returning cached instance of singleton bean 'org.springframework.boot.autoconfigure.condition.BeanTypeRegistry'
5427 [main] DEBUG o.s.b.f.s.DefaultListableBeanFactory - Returning cached instance of singleton bean 'org.springframework.boot.autoconfigure.condition.BeanTypeRegistry'
5427 [main] DEBUG o.s.b.f.s.DefaultListableBeanFactory - Returning cached instance of singleton bean 'autoConfigurationReport'
5427 [main] DEBUG o.s.c.a.ConfigurationClassBeanDefinitionReader - Registering bean definition for @Bean method org.springframework.boot.actuate.autoconfigure.EndpointAutoConfiguration.environmentEndpoint()
5427 [main] DEBUG o.s.b.f.s.DefaultListableBeanFactory - Returning cached instance of singleton bean 'org.springframework.boot.autoconfigure.condition.BeanTypeRegistry'
5428 [main] DEBUG o.s.b.f.s.DefaultListableBeanFactory - Returning cached instance of singleton bean 'org.springframework.boot.autoconfigure.condition.BeanTypeRegistry'
5428 [main] DEBUG o.s.b.f.s.DefaultListableBeanFactory - Returning cached instance of singleton bean 'autoConfigurationReport'
5428 [main] DEBUG o.s.c.a.ConfigurationClassBeanDefinitionReader - Registering bean definition for @Bean method org.springframework.boot.actuate.autoconfigure.EndpointAutoConfiguration.healthEndpoint()
5428 [main] DEBUG o.s.b.f.s.DefaultListableBeanFactory - Returning cached instance of singleton bean 'org.springframework.boot.autoconfigure.condition.BeanTypeRegistry'
5428 [main] DEBUG o.s.b.f.s.DefaultListableBeanFactory - Returning cached instance of singleton bean 'org.springframework.boot.autoconfigure.condition.BeanTypeRegistry'
5428 [main] DEBUG o.s.b.f.s.DefaultListableBeanFactory - Returning cached instance of singleton bean 'autoConfigurationReport'
5428 [main] DEBUG o.s.c.a.ConfigurationClassBeanDefinitionReader - Registering bean definition for @Bean method org.springframework.boot.actuate.autoconfigure.EndpointAutoConfiguration.beansEndpoint()
5428 [main] DEBUG o.s.b.f.s.DefaultListableBeanFactory - Returning cached instance of singleton bean 'org.springframework.boot.autoconfigure.condition.BeanTypeRegistry'
5429 [main] DEBUG o.s.b.f.s.DefaultListableBeanFactory - Returning cached instance of singleton bean 'org.springframework.boot.autoconfigure.condition.BeanTypeRegistry'
5429 [main] DEBUG o.s.b.f.s.DefaultListableBeanFactory - Returning cached instance of singleton bean 'autoConfigurationReport'
5429 [main] DEBUG o.s.c.a.ConfigurationClassBeanDefinitionReader - Registering bean definition for @Bean method org.springframework.boot.actuate.autoconfigure.EndpointAutoConfiguration.infoEndpoint()
5429 [main] DEBUG o.s.b.f.s.DefaultListableBeanFactory - Returning cached instance of singleton bean 'org.springframework.boot.autoconfigure.condition.BeanTypeRegistry'
5429 [main] DEBUG o.s.b.f.s.DefaultListableBeanFactory - Returning cached instance of singleton bean 'org.springframework.boot.autoconfigure.condition.BeanTypeRegistry'
5429 [main] DEBUG o.s.b.f.s.DefaultListableBeanFactory - Returning cached instance of singleton bean 'autoConfigurationReport'
5429 [main] DEBUG o.s.c.a.ConfigurationClassBeanDefinitionReader - Registering bean definition for @Bean method org.springframework.boot.actuate.autoconfigure.EndpointAutoConfiguration.metricsEndpoint()
5430 [main] DEBUG o.s.b.f.s.DefaultListableBeanFactory - Returning cached instance of singleton bean 'org.springframework.boot.autoconfigure.condition.BeanTypeRegistry'
5430 [main] DEBUG o.s.b.f.s.DefaultListableBeanFactory - Returning cached instance of singleton bean 'org.springframework.boot.autoconfigure.condition.BeanTypeRegistry'
5430 [main] DEBUG o.s.b.f.s.DefaultListableBeanFactory - Returning cached instance of singleton bean 'autoConfigurationReport'
5430 [main] DEBUG o.s.c.a.ConfigurationClassBeanDefinitionReader - Registering bean definition for @Bean method org.springframework.boot.actuate.autoconfigure.EndpointAutoConfiguration.traceEndpoint()
5430 [main] DEBUG o.s.b.f.s.DefaultListableBeanFactory - Returning cached instance of singleton bean 'org.springframework.boot.autoconfigure.condition.BeanTypeRegistry'
5430 [main] DEBUG o.s.b.f.s.DefaultListableBeanFactory - Returning cached instance of singleton bean 'org.springframework.boot.autoconfigure.condition.BeanTypeRegistry'
5430 [main] DEBUG o.s.b.f.s.DefaultListableBeanFactory - Returning cached instance of singleton bean 'autoConfigurationReport'
5431 [main] DEBUG o.s.c.a.ConfigurationClassBeanDefinitionReader - Registering bean definition for @Bean method org.springframework.boot.actuate.autoconfigure.EndpointAutoConfiguration.dumpEndpoint()
5431 [main] DEBUG o.s.b.f.s.DefaultListableBeanFactory - Returning cached instance of singleton bean 'org.springframework.boot.autoconfigure.condition.BeanTypeRegistry'
5431 [main] DEBUG o.s.b.f.s.DefaultListableBeanFactory - Returning cached instance of singleton bean 'org.springframework.boot.autoconfigure.condition.BeanTypeRegistry'
5431 [main] DEBUG o.s.b.f.s.DefaultListableBeanFactory - Returning cached instance of singleton bean 'org.springframework.boot.autoconfigure.condition.BeanTypeRegistry'
5431 [main] DEBUG o.s.b.f.s.DefaultListableBeanFactory - Returning cached instance of singleton bean 'autoConfigurationReport'
5431 [main] DEBUG o.s.b.f.s.DefaultListableBeanFactory - Returning cached instance of singleton bean 'org.springframework.boot.autoconfigure.condition.BeanTypeRegistry'
5431 [main] DEBUG o.s.b.f.s.DefaultListableBeanFactory - Returning cached instance of singleton bean 'org.springframework.boot.autoconfigure.condition.BeanTypeRegistry'
5431 [main] DEBUG o.s.b.f.s.DefaultListableBeanFactory - Returning cached instance of singleton bean 'org.springframework.boot.autoconfigure.condition.BeanTypeRegistry'
5432 [main] DEBUG o.s.b.f.s.DefaultListableBeanFactory - Returning cached instance of singleton bean 'autoConfigurationReport'
5432 [main] DEBUG o.s.c.a.ConfigurationClassBeanDefinitionReader - Registering bean definition for @Bean method org.springframework.boot.actuate.autoconfigure.EndpointAutoConfiguration.autoConfigurationReportEndpoint()
5432 [main] DEBUG o.s.b.f.s.DefaultListableBeanFactory - Returning cached instance of singleton bean 'org.springframework.boot.autoconfigure.condition.BeanTypeRegistry'
5432 [main] DEBUG o.s.b.f.s.DefaultListableBeanFactory - Returning cached instance of singleton bean 'org.springframework.boot.autoconfigure.condition.BeanTypeRegistry'
5432 [main] DEBUG o.s.b.f.s.DefaultListableBeanFactory - Returning cached instance of singleton bean 'autoConfigurationReport'
5432 [main] DEBUG o.s.c.a.ConfigurationClassBeanDefinitionReader - Registering bean definition for @Bean method org.springframework.boot.actuate.autoconfigure.EndpointAutoConfiguration.shutdownEndpoint()
5432 [main] DEBUG o.s.b.f.s.DefaultListableBeanFactory - Returning cached instance of singleton bean 'org.springframework.boot.autoconfigure.condition.BeanTypeRegistry'
5432 [main] DEBUG o.s.b.f.s.DefaultListableBeanFactory - Returning cached instance of singleton bean 'org.springframework.boot.autoconfigure.condition.BeanTypeRegistry'
5433 [main] DEBUG o.s.b.f.s.DefaultListableBeanFactory - Returning cached instance of singleton bean 'autoConfigurationReport'
5433 [main] DEBUG o.s.c.a.ConfigurationClassBeanDefinitionReader - Registering bean definition for @Bean method org.springframework.boot.actuate.autoconfigure.EndpointAutoConfiguration.configurationPropertiesReportEndpoint()
5434 [main] DEBUG o.s.b.f.s.DefaultListableBeanFactory - Returning cached instance of singleton bean 'autoConfigurationReport'
5434 [main] DEBUG o.s.c.a.ConfigurationClassBeanDefinitionReader - Registered bean definition for imported class 'org.springframework.boot.actuate.autoconfigure.EndpointMBeanExportAutoConfiguration'
5434 [main] DEBUG o.s.c.a.ConfigurationClassBeanDefinitionReader - Registering bean definition for @Bean method org.springframework.boot.actuate.autoconfigure.EndpointMBeanExportAutoConfiguration.endpointMBeanExporter()
5434 [main] DEBUG o.s.b.f.s.DefaultListableBeanFactory - Returning cached instance of singleton bean 'org.springframework.boot.autoconfigure.condition.BeanTypeRegistry'
5437 [main] DEBUG o.s.b.f.s.DefaultListableBeanFactory - Returning cached instance of singleton bean 'org.springframework.boot.autoconfigure.condition.BeanTypeRegistry'
5437 [main] DEBUG o.s.b.f.s.DefaultListableBeanFactory - Returning cached instance of singleton bean 'autoConfigurationReport'
5438 [main] DEBUG o.s.b.f.s.DefaultListableBeanFactory - Returning cached instance of singleton bean 'autoConfigurationReport'
5438 [main] DEBUG o.s.c.a.ConfigurationClassBeanDefinitionReader - Registered bean definition for imported class 'org.springframework.boot.autoconfigure.web.ServerPropertiesAutoConfiguration'
5440 [main] DEBUG o.s.b.f.s.DefaultListableBeanFactory - Returning cached instance of singleton bean 'org.springframework.boot.autoconfigure.condition.BeanTypeRegistry'
5440 [main] DEBUG o.s.b.f.s.DefaultListableBeanFactory - Returning cached instance of singleton bean 'autoConfigurationReport'
5440 [main] DEBUG o.s.c.a.ConfigurationClassBeanDefinitionReader - Registering bean definition for @Bean method org.springframework.boot.autoconfigure.web.ServerPropertiesAutoConfiguration.serverProperties()
5441 [main] DEBUG o.s.c.a.ConfigurationClassBeanDefinitionReader - Registering bean definition for @Bean method org.springframework.boot.autoconfigure.web.ServerPropertiesAutoConfiguration.duplicateServerPropertiesDetector()
5441 [main] DEBUG o.s.c.a.ConfigurationClassBeanDefinitionReader - Registered bean definition for imported class 'org.springframework.boot.actuate.autoconfigure.ManagementServerPropertiesAutoConfiguration'
5442 [main] DEBUG o.s.b.f.s.DefaultListableBeanFactory - Returning cached instance of singleton bean 'org.springframework.boot.autoconfigure.condition.BeanTypeRegistry'
5443 [main] DEBUG o.s.b.f.s.DefaultListableBeanFactory - Returning cached instance of singleton bean 'org.springframework.boot.autoconfigure.condition.BeanTypeRegistry'
5443 [main] DEBUG o.s.b.f.s.DefaultListableBeanFactory - Returning cached instance of singleton bean 'autoConfigurationReport'
5443 [main] DEBUG o.s.c.a.ConfigurationClassBeanDefinitionReader - Registering bean definition for @Bean method org.springframework.boot.actuate.autoconfigure.ManagementServerPropertiesAutoConfiguration.managementServerProperties()
5444 [main] DEBUG o.s.b.f.s.DefaultListableBeanFactory - Returning cached instance of singleton bean 'autoConfigurationReport'
5444 [main] DEBUG o.s.b.f.s.DefaultListableBeanFactory - Returning cached instance of singleton bean 'autoConfigurationReport'
5444 [main] DEBUG o.s.b.f.s.DefaultListableBeanFactory - Returning cached instance of singleton bean 'org.springframework.boot.autoconfigure.condition.BeanTypeRegistry'
5444 [main] DEBUG o.s.b.f.s.DefaultListableBeanFactory - Returning cached instance of singleton bean 'org.springframework.boot.autoconfigure.condition.BeanTypeRegistry'
5444 [main] DEBUG o.s.b.f.s.DefaultListableBeanFactory - Returning cached instance of singleton bean 'autoConfigurationReport'
5444 [main] DEBUG o.s.b.f.s.DefaultListableBeanFactory - Returning cached instance of singleton bean 'autoConfigurationReport'
5444 [main] DEBUG o.s.b.f.s.DefaultListableBeanFactory - Returning cached instance of singleton bean 'autoConfigurationReport'
5444 [main] DEBUG o.s.c.a.ConfigurationClassBeanDefinitionReader - Registered bean definition for imported class 'org.springframework.boot.autoconfigure.web.HttpMessageConvertersAutoConfiguration$StringHttpMessageConverterConfiguration'
5445 [main] DEBUG o.s.b.f.s.DefaultListableBeanFactory - Returning cached instance of singleton bean 'org.springframework.boot.autoconfigure.condition.BeanTypeRegistry'
5445 [main] DEBUG o.s.b.f.s.DefaultListableBeanFactory - Returning cached instance of singleton bean 'org.springframework.boot.autoconfigure.condition.BeanTypeRegistry'
5445 [main] DEBUG o.s.b.f.s.DefaultListableBeanFactory - Returning cached instance of singleton bean 'autoConfigurationReport'
5445 [main] DEBUG o.s.c.a.ConfigurationClassBeanDefinitionReader - Registering bean definition for @Bean method org.springframework.boot.autoconfigure.web.HttpMessageConvertersAutoConfiguration$StringHttpMessageConverterConfiguration.stringHttpMessageConverter()
5446 [main] DEBUG o.s.b.f.s.DefaultListableBeanFactory - Returning cached instance of singleton bean 'autoConfigurationReport'
5447 [main] DEBUG o.s.b.f.s.DefaultListableBeanFactory - Returning cached instance of singleton bean 'org.springframework.boot.autoconfigure.condition.BeanTypeRegistry'
5447 [main] DEBUG o.s.b.f.s.DefaultListableBeanFactory - Returning cached instance of singleton bean 'org.springframework.boot.autoconfigure.condition.BeanTypeRegistry'
5447 [main] DEBUG o.s.b.f.s.DefaultListableBeanFactory - Returning cached instance of singleton bean 'autoConfigurationReport'
5447 [main] DEBUG o.s.c.a.ConfigurationClassBeanDefinitionReader - Registered bean definition for imported class 'org.springframework.boot.autoconfigure.web.JacksonHttpMessageConvertersConfiguration$MappingJackson2XmlHttpMessageConverterConfiguration'
5448 [main] DEBUG o.s.b.f.s.DefaultListableBeanFactory - Returning cached instance of singleton bean 'org.springframework.boot.autoconfigure.condition.BeanTypeRegistry'
5448 [main] DEBUG o.s.b.f.s.DefaultListableBeanFactory - Returning cached instance of singleton bean 'org.springframework.boot.autoconfigure.condition.BeanTypeRegistry'
5448 [main] DEBUG o.s.b.f.s.DefaultListableBeanFactory - Returning cached instance of singleton bean 'autoConfigurationReport'
5448 [main] DEBUG o.s.c.a.ConfigurationClassBeanDefinitionReader - Registering bean definition for @Bean method org.springframework.boot.autoconfigure.web.JacksonHttpMessageConvertersConfiguration$MappingJackson2XmlHttpMessageConverterConfiguration.mappingJackson2XmlHttpMessageConverter()
5448 [main] DEBUG o.s.b.f.s.DefaultListableBeanFactory - Returning cached instance of singleton bean 'autoConfigurationReport'
5449 [main] DEBUG o.s.b.f.s.DefaultListableBeanFactory - Returning cached instance of singleton bean 'autoConfigurationReport'
5449 [main] DEBUG o.s.b.f.s.DefaultListableBeanFactory - Returning cached instance of singleton bean 'org.springframework.boot.autoconfigure.condition.BeanTypeRegistry'
5449 [main] DEBUG o.s.b.f.s.DefaultListableBeanFactory - Returning cached instance of singleton bean 'org.springframework.boot.autoconfigure.condition.BeanTypeRegistry'
5450 [main] DEBUG o.s.b.f.s.DefaultListableBeanFactory - Returning cached instance of singleton bean 'autoConfigurationReport'
5450 [main] DEBUG o.s.c.a.ConfigurationClassBeanDefinitionReader - Registered bean definition for imported class 'org.springframework.boot.autoconfigure.web.JacksonHttpMessageConvertersConfiguration$MappingJackson2HttpMessageConverterConfiguration'
5450 [main] DEBUG o.s.b.f.s.DefaultListableBeanFactory - Returning cached instance of singleton bean 'org.springframework.boot.autoconfigure.condition.BeanTypeRegistry'
5450 [main] DEBUG o.s.b.f.s.DefaultListableBeanFactory - Returning cached instance of singleton bean 'org.springframework.boot.autoconfigure.condition.BeanTypeRegistry'
5451 [main] DEBUG o.s.b.f.s.DefaultListableBeanFactory - Returning cached instance of singleton bean 'autoConfigurationReport'
5452 [main] DEBUG o.s.c.a.ConfigurationClassBeanDefinitionReader - Registering bean definition for @Bean method org.springframework.boot.autoconfigure.web.JacksonHttpMessageConvertersConfiguration$MappingJackson2HttpMessageConverterConfiguration.mappingJackson2HttpMessageConverter()
5452 [main] DEBUG o.s.c.a.ConfigurationClassBeanDefinitionReader - Registered bean definition for imported class 'org.springframework.boot.autoconfigure.web.JacksonHttpMessageConvertersConfiguration'
5453 [main] DEBUG o.s.c.a.ConfigurationClassBeanDefinitionReader - Registered bean definition for imported class 'org.springframework.boot.autoconfigure.web.HttpMessageConvertersAutoConfiguration'
5454 [main] DEBUG o.s.b.f.s.DefaultListableBeanFactory - Returning cached instance of singleton bean 'org.springframework.boot.autoconfigure.condition.BeanTypeRegistry'
5455 [main] DEBUG o.s.b.f.s.DefaultListableBeanFactory - Returning cached instance of singleton bean 'org.springframework.boot.autoconfigure.condition.BeanTypeRegistry'
5455 [main] DEBUG o.s.b.f.s.DefaultListableBeanFactory - Returning cached instance of singleton bean 'autoConfigurationReport'
5455 [main] DEBUG o.s.c.a.ConfigurationClassBeanDefinitionReader - Registering bean definition for @Bean method org.springframework.boot.autoconfigure.web.HttpMessageConvertersAutoConfiguration.messageConverters()
5456 [main] DEBUG o.s.b.f.s.DefaultListableBeanFactory - Returning cached instance of singleton bean 'autoConfigurationReport'
5456 [main] DEBUG o.s.b.f.s.DefaultListableBeanFactory - Returning cached instance of singleton bean 'autoConfigurationReport'
5457 [main] DEBUG o.s.c.e.PropertySourcesPropertyResolver - Found key 'server.port' in [applicationConfigurationProperties] with type [String]
5462 [main] DEBUG o.s.b.f.s.DefaultListableBeanFactory - Returning cached instance of singleton bean 'autoConfigurationReport'
5462 [main] DEBUG o.s.c.a.ConfigurationClassBeanDefinitionReader - Registered bean definition for imported class 'org.springframework.boot.actuate.autoconfigure.EndpointWebMvcManagementContextConfiguration'
5470 [main] DEBUG o.s.b.f.s.DefaultListableBeanFactory - Returning cached instance of singleton bean 'org.springframework.boot.autoconfigure.condition.BeanTypeRegistry'
5470 [main] DEBUG o.s.b.f.s.DefaultListableBeanFactory - Returning cached instance of singleton bean 'org.springframework.boot.autoconfigure.condition.BeanTypeRegistry'
5470 [main] DEBUG o.s.b.f.s.DefaultListableBeanFactory - Returning cached instance of singleton bean 'autoConfigurationReport'
5470 [main] DEBUG o.s.c.a.ConfigurationClassBeanDefinitionReader - Registering bean definition for @Bean method org.springframework.boot.actuate.autoconfigure.EndpointWebMvcManagementContextConfiguration.endpointHandlerMapping()
5470 [main] DEBUG o.s.b.f.s.DefaultListableBeanFactory - Returning cached instance of singleton bean 'org.springframework.boot.autoconfigure.condition.BeanTypeRegistry'
5471 [main] DEBUG o.s.b.f.s.DefaultListableBeanFactory - Returning cached instance of singleton bean 'org.springframework.boot.autoconfigure.condition.BeanTypeRegistry'
5471 [main] DEBUG o.s.b.f.s.DefaultListableBeanFactory - Returning cached instance of singleton bean 'autoConfigurationReport'
5471 [main] DEBUG o.s.c.a.ConfigurationClassBeanDefinitionReader - Registering bean definition for @Bean method org.springframework.boot.actuate.autoconfigure.EndpointWebMvcManagementContextConfiguration.mvcEndpoints()
5471 [main] DEBUG o.s.b.f.s.DefaultListableBeanFactory - Returning cached instance of singleton bean 'org.springframework.boot.autoconfigure.condition.BeanTypeRegistry'
5471 [main] DEBUG o.s.b.f.s.DefaultListableBeanFactory - Returning cached instance of singleton bean 'org.springframework.boot.autoconfigure.condition.BeanTypeRegistry'
5471 [main] DEBUG o.s.b.f.s.DefaultListableBeanFactory - Returning cached instance of singleton bean 'autoConfigurationReport'
5479 [main] DEBUG o.s.b.f.s.DefaultListableBeanFactory - Returning cached instance of singleton bean 'autoConfigurationReport'
5479 [main] DEBUG o.s.c.a.ConfigurationClassBeanDefinitionReader - Registering bean definition for @Bean method org.springframework.boot.actuate.autoconfigure.EndpointWebMvcManagementContextConfiguration.environmentMvcEndpoint()
5479 [main] DEBUG o.s.b.f.s.DefaultListableBeanFactory - Returning cached instance of singleton bean 'org.springframework.boot.autoconfigure.condition.BeanTypeRegistry'
5479 [main] DEBUG o.s.b.f.s.DefaultListableBeanFactory - Returning cached instance of singleton bean 'org.springframework.boot.autoconfigure.condition.BeanTypeRegistry'
5479 [main] DEBUG o.s.b.f.s.DefaultListableBeanFactory - Returning cached instance of singleton bean 'autoConfigurationReport'
5480 [main] DEBUG o.s.b.f.s.DefaultListableBeanFactory - Returning cached instance of singleton bean 'autoConfigurationReport'
5480 [main] DEBUG o.s.c.a.ConfigurationClassBeanDefinitionReader - Registering bean definition for @Bean method org.springframework.boot.actuate.autoconfigure.EndpointWebMvcManagementContextConfiguration.heapdumpMvcEndpoint()
5480 [main] DEBUG o.s.b.f.s.DefaultListableBeanFactory - Returning cached instance of singleton bean 'org.springframework.boot.autoconfigure.condition.BeanTypeRegistry'
5480 [main] DEBUG o.s.b.f.s.DefaultListableBeanFactory - Returning cached instance of singleton bean 'org.springframework.boot.autoconfigure.condition.BeanTypeRegistry'
5480 [main] DEBUG o.s.b.f.s.DefaultListableBeanFactory - Returning cached instance of singleton bean 'autoConfigurationReport'
5481 [main] DEBUG o.s.b.f.s.DefaultListableBeanFactory - Returning cached instance of singleton bean 'autoConfigurationReport'
5481 [main] DEBUG o.s.c.a.ConfigurationClassBeanDefinitionReader - Registering bean definition for @Bean method org.springframework.boot.actuate.autoconfigure.EndpointWebMvcManagementContextConfiguration.healthMvcEndpoint()
5481 [main] DEBUG o.s.b.f.s.DefaultListableBeanFactory - Returning cached instance of singleton bean 'org.springframework.boot.autoconfigure.condition.BeanTypeRegistry'
5481 [main] DEBUG o.s.b.f.s.DefaultListableBeanFactory - Returning cached instance of singleton bean 'org.springframework.boot.autoconfigure.condition.BeanTypeRegistry'
5481 [main] DEBUG o.s.b.f.s.DefaultListableBeanFactory - Returning cached instance of singleton bean 'autoConfigurationReport'
5482 [main] DEBUG o.s.b.f.s.DefaultListableBeanFactory - Returning cached instance of singleton bean 'autoConfigurationReport'
5482 [main] DEBUG o.s.c.a.ConfigurationClassBeanDefinitionReader - Registering bean definition for @Bean method org.springframework.boot.actuate.autoconfigure.EndpointWebMvcManagementContextConfiguration.metricsMvcEndpoint()
5483 [main] DEBUG o.s.c.e.PropertySourcesPropertyResolver - Could not find key 'logging.file:' in any property source
5483 [main] DEBUG o.s.c.e.PropertySourcesPropertyResolver - Could not find key 'logging.file' in any property source
5483 [main] DEBUG o.s.c.e.PropertySourcesPropertyResolver - Could not find key 'logging.path:' in any property source
5483 [main] DEBUG o.s.c.e.PropertySourcesPropertyResolver - Could not find key 'logging.path' in any property source
5483 [main] DEBUG o.s.b.f.s.DefaultListableBeanFactory - Returning cached instance of singleton bean 'autoConfigurationReport'
5483 [main] DEBUG o.s.b.f.s.DefaultListableBeanFactory - Returning cached instance of singleton bean 'org.springframework.boot.autoconfigure.condition.BeanTypeRegistry'
5484 [main] DEBUG o.s.b.f.s.DefaultListableBeanFactory - Returning cached instance of singleton bean 'org.springframework.boot.autoconfigure.condition.BeanTypeRegistry'
5484 [main] DEBUG o.s.b.f.s.DefaultListableBeanFactory - Returning cached instance of singleton bean 'autoConfigurationReport'
5484 [main] DEBUG o.s.b.f.s.DefaultListableBeanFactory - Returning cached instance of singleton bean 'autoConfigurationReport'
5485 [main] DEBUG o.s.c.a.ConfigurationClassBeanDefinitionReader - Registered bean definition for imported class 'org.springframework.boot.actuate.autoconfigure.EndpointWebMvcAutoConfiguration$EndpointWebMvcConfiguration'
5485 [main] DEBUG o.s.b.f.s.DefaultListableBeanFactory - Returning cached instance of singleton bean 'autoConfigurationReport'
5485 [main] DEBUG o.s.c.a.ConfigurationClassBeanDefinitionReader - Registered bean definition for imported class 'org.springframework.boot.actuate.autoconfigure.EndpointWebMvcAutoConfiguration$ApplicationContextFilterConfiguration'
5485 [main] DEBUG o.s.c.a.ConfigurationClassBeanDefinitionReader - Registering bean definition for @Bean method org.springframework.boot.actuate.autoconfigure.EndpointWebMvcAutoConfiguration$ApplicationContextFilterConfiguration.applicationContextIdFilter()
5486 [main] DEBUG o.s.c.a.ConfigurationClassBeanDefinitionReader - Registered bean definition for imported class 'org.springframework.boot.actuate.autoconfigure.EndpointWebMvcAutoConfiguration'
5486 [main] DEBUG o.s.c.a.ConfigurationClassBeanDefinitionReader - Registering bean definition for @Bean method org.springframework.boot.actuate.autoconfigure.EndpointWebMvcAutoConfiguration.managementContextResolver()
5486 [main] DEBUG o.s.c.a.ConfigurationClassBeanDefinitionReader - Registering bean definition for @Bean method org.springframework.boot.actuate.autoconfigure.EndpointWebMvcAutoConfiguration.managementServletContext()
5486 [main] DEBUG o.s.b.f.s.DefaultListableBeanFactory - Returning cached instance of singleton bean 'autoConfigurationReport'
5487 [main] DEBUG o.s.c.a.ConfigurationClassBeanDefinitionReader - Registered bean definition for imported class 'org.springframework.boot.actuate.autoconfigure.MetricExportAutoConfiguration$MetricExportPropertiesConfiguration'
5488 [main] DEBUG o.s.b.f.s.DefaultListableBeanFactory - Returning cached instance of singleton bean 'org.springframework.boot.autoconfigure.condition.BeanTypeRegistry'
5493 [main] DEBUG o.s.b.f.s.DefaultListableBeanFactory - Returning cached instance of singleton bean 'org.springframework.boot.autoconfigure.condition.BeanTypeRegistry'
5493 [main] DEBUG o.s.b.f.s.DefaultListableBeanFactory - Returning cached instance of singleton bean 'autoConfigurationReport'
5493 [main] DEBUG o.s.c.a.ConfigurationClassBeanDefinitionReader - Registering bean definition for @Bean method org.springframework.boot.actuate.autoconfigure.MetricExportAutoConfiguration$MetricExportPropertiesConfiguration.spring.metrics.export-org.springframework.boot.actuate.metrics.export.MetricExportProperties()
5493 [main] DEBUG o.s.c.a.ConfigurationClassBeanDefinitionReader - Registered bean definition for imported class 'org.springframework.boot.actuate.autoconfigure.MetricExportAutoConfiguration$StatsdConfiguration'
5493 [main] DEBUG o.s.b.f.s.DefaultListableBeanFactory - Returning cached instance of singleton bean 'autoConfigurationReport'
5494 [main] DEBUG o.s.c.a.ConfigurationClassBeanDefinitionReader - Registered bean definition for imported class 'org.springframework.scheduling.annotation.SchedulingConfiguration'
5494 [main] DEBUG o.s.c.a.ConfigurationClassBeanDefinitionReader - Registering bean definition for @Bean method org.springframework.scheduling.annotation.SchedulingConfiguration.org.springframework.context.annotation.internalScheduledAnnotationProcessor()
5494 [main] DEBUG o.s.c.a.ConfigurationClassBeanDefinitionReader - Registered bean definition for imported class 'org.springframework.boot.actuate.autoconfigure.MetricExportAutoConfiguration'
5494 [main] DEBUG o.s.b.f.s.DefaultListableBeanFactory - Returning cached instance of singleton bean 'autoConfigurationReport'
5494 [main] DEBUG o.s.c.a.ConfigurationClassBeanDefinitionReader - Registering bean definition for @Bean method org.springframework.boot.actuate.autoconfigure.MetricExportAutoConfiguration.metricWritersMetricExporter()
5494 [main] DEBUG o.s.b.f.s.DefaultListableBeanFactory - Returning cached instance of singleton bean 'autoConfigurationReport'
5495 [main] DEBUG o.s.b.f.s.DefaultListableBeanFactory - Returning cached instance of singleton bean 'autoConfigurationReport'
5495 [main] DEBUG o.s.b.f.s.DefaultListableBeanFactory - Returning cached instance of singleton bean 'org.springframework.boot.autoconfigure.condition.BeanTypeRegistry'
5498 [main] DEBUG o.s.b.f.s.DefaultListableBeanFactory - Returning cached instance of singleton bean 'org.springframework.boot.autoconfigure.condition.BeanTypeRegistry'
5498 [main] DEBUG o.s.b.f.s.DefaultListableBeanFactory - Returning cached instance of singleton bean 'org.springframework.boot.autoconfigure.condition.BeanTypeRegistry'
5498 [main] DEBUG o.s.b.f.s.DefaultListableBeanFactory - Returning cached instance of singleton bean 'org.springframework.boot.autoconfigure.condition.BeanTypeRegistry'
5498 [main] DEBUG o.s.b.f.s.DefaultListableBeanFactory - Returning cached instance of singleton bean 'autoConfigurationReport'
5498 [main] DEBUG o.s.c.a.ConfigurationClassBeanDefinitionReader - Registered bean definition for imported class 'org.springframework.boot.actuate.autoconfigure.MetricFilterAutoConfiguration'
5498 [main] DEBUG o.s.c.a.ConfigurationClassBeanDefinitionReader - Registering bean definition for @Bean method org.springframework.boot.actuate.autoconfigure.MetricFilterAutoConfiguration.metricsFilter()
5499 [main] DEBUG o.s.c.a.ConfigurationClassBeanDefinitionReader - Registered bean definition for imported class 'org.springframework.boot.actuate.autoconfigure.TraceRepositoryAutoConfiguration'
5499 [main] DEBUG o.s.b.f.s.DefaultListableBeanFactory - Returning cached instance of singleton bean 'org.springframework.boot.autoconfigure.condition.BeanTypeRegistry'
5501 [main] DEBUG o.s.b.f.s.DefaultListableBeanFactory - Returning cached instance of singleton bean 'org.springframework.boot.autoconfigure.condition.BeanTypeRegistry'
5501 [main] DEBUG o.s.b.f.s.DefaultListableBeanFactory - Returning cached instance of singleton bean 'autoConfigurationReport'
5501 [main] DEBUG o.s.c.a.ConfigurationClassBeanDefinitionReader - Registering bean definition for @Bean method org.springframework.boot.actuate.autoconfigure.TraceRepositoryAutoConfiguration.traceRepository()
5501 [main] DEBUG o.s.b.f.s.DefaultListableBeanFactory - Returning cached instance of singleton bean 'autoConfigurationReport'
5502 [main] DEBUG o.s.c.a.ConfigurationClassBeanDefinitionReader - Registered bean definition for imported class 'org.springframework.boot.actuate.autoconfigure.TraceWebFilterAutoConfiguration'
5503 [main] DEBUG o.s.b.f.s.DefaultListableBeanFactory - Returning cached instance of singleton bean 'org.springframework.boot.autoconfigure.condition.BeanTypeRegistry'
5504 [main] DEBUG o.s.b.f.s.DefaultListableBeanFactory - Returning cached instance of singleton bean 'org.springframework.boot.autoconfigure.condition.BeanTypeRegistry'
5504 [main] DEBUG o.s.b.f.s.DefaultListableBeanFactory - Returning cached instance of singleton bean 'autoConfigurationReport'
5504 [main] DEBUG o.s.c.a.ConfigurationClassBeanDefinitionReader - Registering bean definition for @Bean method org.springframework.boot.actuate.autoconfigure.TraceWebFilterAutoConfiguration.webRequestLoggingFilter()
5505 [main] DEBUG o.s.c.a.ConfigurationClassBeanDefinitionReader - Registered bean definition for imported class 'org.springframework.boot.autoconfigure.context.ConfigurationPropertiesAutoConfiguration'
5505 [main] DEBUG o.s.b.f.s.DefaultListableBeanFactory - Returning cached instance of singleton bean 'autoConfigurationReport'
5505 [main] DEBUG o.s.b.f.s.DefaultListableBeanFactory - Returning cached instance of singleton bean 'autoConfigurationReport'
5505 [main] DEBUG o.s.b.f.s.DefaultListableBeanFactory - Returning cached instance of singleton bean 'autoConfigurationReport'
5505 [main] DEBUG o.s.c.a.ConfigurationClassBeanDefinitionReader - Registered bean definition for imported class 'org.springframework.boot.autoconfigure.freemarker.FreeMarkerAutoConfiguration$FreeMarkerWebConfiguration'
5506 [main] DEBUG o.s.b.f.s.DefaultListableBeanFactory - Returning cached instance of singleton bean 'org.springframework.boot.autoconfigure.condition.BeanTypeRegistry'
5508 [main] DEBUG o.s.b.f.s.DefaultListableBeanFactory - Returning cached instance of singleton bean 'org.springframework.boot.autoconfigure.condition.BeanTypeRegistry'
5508 [main] DEBUG o.s.b.f.s.DefaultListableBeanFactory - Returning cached instance of singleton bean 'autoConfigurationReport'
5508 [main] DEBUG o.s.c.a.ConfigurationClassBeanDefinitionReader - Registering bean definition for @Bean method org.springframework.boot.autoconfigure.freemarker.FreeMarkerAutoConfiguration$FreeMarkerWebConfiguration.freeMarkerConfigurer()
5508 [main] DEBUG o.s.c.a.ConfigurationClassBeanDefinitionReader - Registering bean definition for @Bean method org.springframework.boot.autoconfigure.freemarker.FreeMarkerAutoConfiguration$FreeMarkerWebConfiguration.freeMarkerConfiguration()
5508 [main] DEBUG o.s.b.f.s.DefaultListableBeanFactory - Returning cached instance of singleton bean 'autoConfigurationReport'
5509 [main] DEBUG o.s.b.f.s.DefaultListableBeanFactory - Returning cached instance of singleton bean 'autoConfigurationReport'
5509 [main] DEBUG o.s.c.a.ConfigurationClassBeanDefinitionReader - Registering bean definition for @Bean method org.springframework.boot.autoconfigure.freemarker.FreeMarkerAutoConfiguration$FreeMarkerWebConfiguration.freeMarkerViewResolver()
5511 [main] DEBUG o.s.b.f.s.DefaultListableBeanFactory - Returning cached instance of singleton bean 'org.springframework.boot.autoconfigure.condition.BeanTypeRegistry'
5511 [main] DEBUG o.s.b.f.s.DefaultListableBeanFactory - Returning cached instance of singleton bean 'org.springframework.boot.autoconfigure.condition.BeanTypeRegistry'
5511 [main] DEBUG o.s.b.f.s.DefaultListableBeanFactory - Returning cached instance of singleton bean 'autoConfigurationReport'
5511 [main] DEBUG o.s.c.e.PropertySourcesPropertyResolver - Found key 'java.runtime.name' in [systemProperties] with type [String]
5511 [main] DEBUG o.s.c.e.PropertySourcesPropertyResolver - Found key 'spring.output.ansi.enabled' in [systemProperties] with type [String]
5511 [main] DEBUG o.s.c.e.PropertySourcesPropertyResolver - Found key 'sun.boot.library.path' in [systemProperties] with type [String]
5512 [main] DEBUG o.s.c.e.PropertySourcesPropertyResolver - Found key 'java.vm.version' in [systemProperties] with type [String]
5512 [main] DEBUG o.s.c.e.PropertySourcesPropertyResolver - Found key 'java.vm.vendor' in [systemProperties] with type [String]
5512 [main] DEBUG o.s.c.e.PropertySourcesPropertyResolver - Found key 'java.vendor.url' in [systemProperties] with type [String]
5512 [main] DEBUG o.s.c.e.PropertySourcesPropertyResolver - Found key 'path.separator' in [systemProperties] with type [String]
5512 [main] DEBUG o.s.c.e.PropertySourcesPropertyResolver - Found key 'idea.launcher.port' in [systemProperties] with type [String]
5512 [main] DEBUG o.s.c.e.PropertySourcesPropertyResolver - Found key 'java.vm.name' in [systemProperties] with type [String]
5512 [main] DEBUG o.s.c.e.PropertySourcesPropertyResolver - Found key 'file.encoding.pkg' in [systemProperties] with type [String]
5512 [main] DEBUG o.s.c.e.PropertySourcesPropertyResolver - Found key 'user.country' in [systemProperties] with type [String]
5512 [main] DEBUG o.s.c.e.PropertySourcesPropertyResolver - Found key 'user.script' in [systemProperties] with type [String]
5512 [main] DEBUG o.s.c.e.PropertySourcesPropertyResolver - Found key 'sun.java.launcher' in [systemProperties] with type [String]
5512 [main] DEBUG o.s.c.e.PropertySourcesPropertyResolver - Found key 'sun.os.patch.level' in [systemProperties] with type [String]
5512 [main] DEBUG o.s.c.e.PropertySourcesPropertyResolver - Found key 'PID' in [systemProperties] with type [String]
5512 [main] DEBUG o.s.c.e.PropertySourcesPropertyResolver - Found key 'java.vm.specification.name' in [systemProperties] with type [String]
5512 [main] DEBUG o.s.c.e.PropertySourcesPropertyResolver - Found key 'user.dir' in [systemProperties] with type [String]
5512 [main] DEBUG o.s.c.e.PropertySourcesPropertyResolver - Found key 'java.runtime.version' in [systemProperties] with type [String]
5512 [main] DEBUG o.s.c.e.PropertySourcesPropertyResolver - Found key 'java.awt.graphicsenv' in [systemProperties] with type [String]
5512 [main] DEBUG o.s.c.e.PropertySourcesPropertyResolver - Found key 'org.jboss.logging.provider' in [systemProperties] with type [String]
5512 [main] DEBUG o.s.c.e.PropertySourcesPropertyResolver - Found key 'java.endorsed.dirs' in [systemProperties] with type [String]
5512 [main] DEBUG o.s.c.e.PropertySourcesPropertyResolver - Found key 'os.arch' in [systemProperties] with type [String]
5512 [main] DEBUG o.s.c.e.PropertySourcesPropertyResolver - Found key 'java.io.tmpdir' in [systemProperties] with type [String]
5512 [main] DEBUG o.s.c.e.PropertySourcesPropertyResolver - Found key 'line.separator' in [systemProperties] with type [String]
5512 [main] DEBUG o.s.c.e.PropertySourcesPropertyResolver - Found key 'java.vm.specification.vendor' in [systemProperties] with type [String]
5512 [main] DEBUG o.s.c.e.PropertySourcesPropertyResolver - Found key 'user.variant' in [systemProperties] with type [String]
5512 [main] DEBUG o.s.c.e.PropertySourcesPropertyResolver - Found key 'os.name' in [systemProperties] with type [String]
5512 [main] DEBUG o.s.c.e.PropertySourcesPropertyResolver - Found key 'sun.jnu.encoding' in [systemProperties] with type [String]
5513 [main] DEBUG o.s.c.e.PropertySourcesPropertyResolver - Found key 'spring.beaninfo.ignore' in [systemProperties] with type [String]
5513 [main] DEBUG o.s.c.e.PropertySourcesPropertyResolver - Found key 'java.library.path' in [systemProperties] with type [String]
5513 [main] DEBUG o.s.c.e.PropertySourcesPropertyResolver - Found key 'java.specification.name' in [systemProperties] with type [String]
5513 [main] DEBUG o.s.c.e.PropertySourcesPropertyResolver - Found key 'java.class.version' in [systemProperties] with type [String]
5513 [main] DEBUG o.s.c.e.PropertySourcesPropertyResolver - Found key 'sun.management.compiler' in [systemProperties] with type [String]
5513 [main] DEBUG o.s.c.e.PropertySourcesPropertyResolver - Found key 'os.version' in [systemProperties] with type [String]
5513 [main] DEBUG o.s.c.e.PropertySourcesPropertyResolver - Found key 'user.home' in [systemProperties] with type [String]
5513 [main] DEBUG o.s.c.e.PropertySourcesPropertyResolver - Found key 'user.timezone' in [systemProperties] with type [String]
5513 [main] DEBUG o.s.c.e.PropertySourcesPropertyResolver - Found key 'java.awt.printerjob' in [systemProperties] with type [String]
5513 [main] DEBUG o.s.c.e.PropertySourcesPropertyResolver - Found key 'file.encoding' in [systemProperties] with type [String]
5513 [main] DEBUG o.s.c.e.PropertySourcesPropertyResolver - Found key 'idea.launcher.bin.path' in [systemProperties] with type [String]
5513 [main] DEBUG o.s.c.e.PropertySourcesPropertyResolver - Found key 'java.specification.version' in [systemProperties] with type [String]
5513 [main] DEBUG o.s.c.e.PropertySourcesPropertyResolver - Found key 'java.class.path' in [systemProperties] with type [String]
5513 [main] DEBUG o.s.c.e.PropertySourcesPropertyResolver - Found key 'user.name' in [systemProperties] with type [String]
5513 [main] DEBUG o.s.c.e.PropertySourcesPropertyResolver - Found key 'java.vm.specification.version' in [systemProperties] with type [String]
5513 [main] DEBUG o.s.c.e.PropertySourcesPropertyResolver - Found key 'sun.java.command' in [systemProperties] with type [String]
5513 [main] DEBUG o.s.c.e.PropertySourcesPropertyResolver - Found key 'java.home' in [systemProperties] with type [String]
5513 [main] DEBUG o.s.c.e.PropertySourcesPropertyResolver - Found key 'sun.arch.data.model' in [systemProperties] with type [String]
5513 [main] DEBUG o.s.c.e.PropertySourcesPropertyResolver - Found key 'user.language' in [systemProperties] with type [String]
5513 [main] DEBUG o.s.c.e.PropertySourcesPropertyResolver - Found key 'java.specification.vendor' in [systemProperties] with type [String]
5513 [main] DEBUG o.s.c.e.PropertySourcesPropertyResolver - Found key 'awt.toolkit' in [systemProperties] with type [String]
5513 [main] DEBUG o.s.c.e.PropertySourcesPropertyResolver - Found key 'java.vm.info' in [systemProperties] with type [String]
5513 [main] DEBUG o.s.c.e.PropertySourcesPropertyResolver - Found key 'java.version' in [systemProperties] with type [String]
5513 [main] DEBUG o.s.c.e.PropertySourcesPropertyResolver - Found key 'java.ext.dirs' in [systemProperties] with type [String]
5513 [main] DEBUG o.s.c.e.PropertySourcesPropertyResolver - Found key 'sun.boot.class.path' in [systemProperties] with type [String]
5513 [main] DEBUG o.s.c.e.PropertySourcesPropertyResolver - Found key 'java.awt.headless' in [systemProperties] with type [String]
5513 [main] DEBUG o.s.c.e.PropertySourcesPropertyResolver - Found key 'java.vendor' in [systemProperties] with type [String]
5513 [main] DEBUG o.s.c.e.PropertySourcesPropertyResolver - Found key 'file.separator' in [systemProperties] with type [String]
5514 [main] DEBUG o.s.c.e.PropertySourcesPropertyResolver - Found key 'java.vendor.url.bug' in [systemProperties] with type [String]
5514 [main] DEBUG o.s.c.e.PropertySourcesPropertyResolver - Found key 'sun.io.unicode.encoding' in [systemProperties] with type [String]
5514 [main] DEBUG o.s.c.e.PropertySourcesPropertyResolver - Found key 'sun.cpu.endian' in [systemProperties] with type [String]
5514 [main] DEBUG o.s.c.e.PropertySourcesPropertyResolver - Found key 'sun.desktop' in [systemProperties] with type [String]
5514 [main] DEBUG o.s.c.e.PropertySourcesPropertyResolver - Found key 'sun.cpu.isalist' in [systemProperties] with type [String]
5514 [main] DEBUG o.s.c.e.PropertySourcesPropertyResolver - Found key 'LOCALAPPDATA' in [systemEnvironment] with type [String]
5514 [main] DEBUG o.s.c.e.PropertySourcesPropertyResolver - Found key 'PROCESSOR_LEVEL' in [systemEnvironment] with type [String]
5514 [main] DEBUG o.s.c.e.PropertySourcesPropertyResolver - Found key 'FP_NO_HOST_CHECK' in [systemEnvironment] with type [String]
5514 [main] DEBUG o.s.c.e.PropertySourcesPropertyResolver - Found key 'USERDOMAIN' in [systemEnvironment] with type [String]
5514 [main] DEBUG o.s.c.e.PropertySourcesPropertyResolver - Found key 'LOGONSERVER' in [systemEnvironment] with type [String]
5514 [main] DEBUG o.s.c.e.PropertySourcesPropertyResolver - Found key 'JAVA_HOME' in [systemEnvironment] with type [String]
5514 [main] DEBUG o.s.c.e.PropertySourcesPropertyResolver - Found key 'SESSIONNAME' in [systemEnvironment] with type [String]
5514 [main] DEBUG o.s.c.e.PropertySourcesPropertyResolver - Found key 'ALLUSERSPROFILE' in [systemEnvironment] with type [String]
5514 [main] DEBUG o.s.c.e.PropertySourcesPropertyResolver - Found key 'PROCESSOR_ARCHITECTURE' in [systemEnvironment] with type [String]
5514 [main] DEBUG o.s.c.e.PropertySourcesPropertyResolver - Found key 'PSModulePath' in [systemEnvironment] with type [String]
5514 [main] DEBUG o.s.c.e.PropertySourcesPropertyResolver - Found key 'SystemDrive' in [systemEnvironment] with type [String]
5514 [main] DEBUG o.s.c.e.PropertySourcesPropertyResolver - Found key 'ERLANG_HOME' in [systemEnvironment] with type [String]
5514 [main] DEBUG o.s.c.e.PropertySourcesPropertyResolver - Found key 'MAVEN_HOME' in [systemEnvironment] with type [String]
5514 [main] DEBUG o.s.c.e.PropertySourcesPropertyResolver - Found key 'APPDATA' in [systemEnvironment] with type [String]
5514 [main] DEBUG o.s.c.e.PropertySourcesPropertyResolver - Found key 'USERNAME' in [systemEnvironment] with type [String]
5514 [main] DEBUG o.s.c.e.PropertySourcesPropertyResolver - Found key 'windows_tracing_logfile' in [systemEnvironment] with type [String]
5514 [main] DEBUG o.s.c.e.PropertySourcesPropertyResolver - Found key 'ProgramFiles(x86)' in [systemEnvironment] with type [String]
5514 [main] DEBUG o.s.c.e.PropertySourcesPropertyResolver - Found key 'VBOX_MSI_INSTALL_PATH' in [systemEnvironment] with type [String]
5514 [main] DEBUG o.s.c.e.PropertySourcesPropertyResolver - Found key 'CommonProgramFiles' in [systemEnvironment] with type [String]
5514 [main] DEBUG o.s.c.e.PropertySourcesPropertyResolver - Found key 'Path' in [systemEnvironment] with type [String]
5514 [main] DEBUG o.s.c.e.PropertySourcesPropertyResolver - Found key 'PATHEXT' in [systemEnvironment] with type [String]
5514 [main] DEBUG o.s.c.e.PropertySourcesPropertyResolver - Found key 'OS' in [systemEnvironment] with type [String]
5514 [main] DEBUG o.s.c.e.PropertySourcesPropertyResolver - Found key 'windows_tracing_flags' in [systemEnvironment] with type [String]
5514 [main] DEBUG o.s.c.e.PropertySourcesPropertyResolver - Found key 'COMPUTERNAME' in [systemEnvironment] with type [String]
5515 [main] DEBUG o.s.c.e.PropertySourcesPropertyResolver - Found key 'PROCESSOR_REVISION' in [systemEnvironment] with type [String]
5515 [main] DEBUG o.s.c.e.PropertySourcesPropertyResolver - Found key 'CommonProgramW6432' in [systemEnvironment] with type [String]
5515 [main] DEBUG o.s.c.e.PropertySourcesPropertyResolver - Found key 'ComSpec' in [systemEnvironment] with type [String]
5515 [main] DEBUG o.s.c.e.PropertySourcesPropertyResolver - Found key 'ProgramData' in [systemEnvironment] with type [String]
5515 [main] DEBUG o.s.c.e.PropertySourcesPropertyResolver - Found key 'ProgramW6432' in [systemEnvironment] with type [String]
5515 [main] DEBUG o.s.c.e.PropertySourcesPropertyResolver - Found key 'RABBITMQ_SERVER' in [systemEnvironment] with type [String]
5515 [main] DEBUG o.s.c.e.PropertySourcesPropertyResolver - Found key 'HOMEPATH' in [systemEnvironment] with type [String]
5515 [main] DEBUG o.s.c.e.PropertySourcesPropertyResolver - Found key 'SystemRoot' in [systemEnvironment] with type [String]
5515 [main] DEBUG o.s.c.e.PropertySourcesPropertyResolver - Found key 'TEMP' in [systemEnvironment] with type [String]
5515 [main] DEBUG o.s.c.e.PropertySourcesPropertyResolver - Found key 'HOMEDRIVE' in [systemEnvironment] with type [String]
5515 [main] DEBUG o.s.c.e.PropertySourcesPropertyResolver - Found key 'PROCESSOR_IDENTIFIER' in [systemEnvironment] with type [String]
5515 [main] DEBUG o.s.c.e.PropertySourcesPropertyResolver - Found key 'USERPROFILE' in [systemEnvironment] with type [String]
5515 [main] DEBUG o.s.c.e.PropertySourcesPropertyResolver - Found key 'TMP' in [systemEnvironment] with type [String]
5515 [main] DEBUG o.s.c.e.PropertySourcesPropertyResolver - Found key 'CommonProgramFiles(x86)' in [systemEnvironment] with type [String]
5515 [main] DEBUG o.s.c.e.PropertySourcesPropertyResolver - Found key 'ProgramFiles' in [systemEnvironment] with type [String]
5515 [main] DEBUG o.s.c.e.PropertySourcesPropertyResolver - Found key 'PUBLIC' in [systemEnvironment] with type [String]
5515 [main] DEBUG o.s.c.e.PropertySourcesPropertyResolver - Found key 'NUMBER_OF_PROCESSORS' in [systemEnvironment] with type [String]
5515 [main] DEBUG o.s.c.e.PropertySourcesPropertyResolver - Found key 'windir' in [systemEnvironment] with type [String]
5515 [main] DEBUG o.s.c.e.PropertySourcesPropertyResolver - Found key 'DOCKER_TOOLBOX_INSTALL_PATH' in [systemEnvironment] with type [String]
5515 [main] DEBUG o.s.c.e.PropertySourcesPropertyResolver - Found key 'server.port' in [applicationConfigurationProperties] with type [String]
5515 [main] DEBUG o.s.c.e.PropertySourcesPropertyResolver - Found key 'eureka.client.serviceUrl.defaultZone' in [applicationConfigurationProperties] with type [String]
5515 [main] DEBUG o.s.c.e.PropertySourcesPropertyResolver - Found key 'eureka.server.enable-self-preservation' in [applicationConfigurationProperties] with type [String]
5515 [main] DEBUG o.s.c.e.PropertySourcesPropertyResolver - Found key 'eureka.client.register-with-eureka' in [applicationConfigurationProperties] with type [String]
5515 [main] DEBUG o.s.c.e.PropertySourcesPropertyResolver - Found key 'server.port' in [applicationConfigurationProperties] with type [String]
5515 [main] DEBUG o.s.c.e.PropertySourcesPropertyResolver - Found key 'eureka.server.eviction-interval-timer-in-ms' in [applicationConfigurationProperties] with type [String]
5515 [main] DEBUG o.s.c.e.PropertySourcesPropertyResolver - Found key 'eureka.client.fetch-registry' in [applicationConfigurationProperties] with type [String]
5515 [main] DEBUG o.s.c.e.PropertySourcesPropertyResolver - Found key 'spring.cloud.client.hostname' in [springCloudClientHostInfo] with type [String]
5515 [main] DEBUG o.s.c.e.PropertySourcesPropertyResolver - Found key 'spring.cloud.client.ipAddress' in [springCloudClientHostInfo] with type [String]
5515 [main] DEBUG o.s.c.e.PropertySourcesPropertyResolver - Found key 'spring.aop.proxyTargetClass' in [defaultProperties] with type [String]
5516 [main] DEBUG o.s.c.e.PropertySourcesPropertyResolver - Found key 'spring.http.encoding.force' in [class path resource [eureka/server.properties]] with type [String]
5522 [main] DEBUG o.s.b.f.s.DefaultListableBeanFactory - Returning cached instance of singleton bean 'autoConfigurationReport'
5522 [main] DEBUG o.s.c.a.ConfigurationClassBeanDefinitionReader - Registered bean definition for imported class 'org.springframework.boot.autoconfigure.freemarker.FreeMarkerAutoConfiguration'
5523 [main] DEBUG o.s.b.f.s.DefaultListableBeanFactory - Returning cached instance of singleton bean 'autoConfigurationReport'
5523 [main] DEBUG o.s.b.f.s.DefaultListableBeanFactory - Returning cached instance of singleton bean 'autoConfigurationReport'
5524 [main] DEBUG o.s.b.f.s.DefaultListableBeanFactory - Returning cached instance of singleton bean 'autoConfigurationReport'
5524 [main] DEBUG o.s.c.a.ConfigurationClassBeanDefinitionReader - Registered bean definition for imported class 'org.springframework.boot.autoconfigure.web.HttpEncodingAutoConfiguration'
5524 [main] DEBUG o.s.b.f.s.DefaultListableBeanFactory - Returning cached instance of singleton bean 'org.springframework.boot.autoconfigure.condition.BeanTypeRegistry'
5526 [main] DEBUG o.s.b.f.s.DefaultListableBeanFactory - Returning cached instance of singleton bean 'org.springframework.boot.autoconfigure.condition.BeanTypeRegistry'
5526 [main] DEBUG o.s.b.f.s.DefaultListableBeanFactory - Returning cached instance of singleton bean 'autoConfigurationReport'
5526 [main] DEBUG o.s.c.a.ConfigurationClassBeanDefinitionReader - Registering bean definition for @Bean method org.springframework.boot.autoconfigure.web.HttpEncodingAutoConfiguration.characterEncodingFilter()
5526 [main] DEBUG o.s.c.a.ConfigurationClassBeanDefinitionReader - Registering bean definition for @Bean method org.springframework.boot.autoconfigure.web.HttpEncodingAutoConfiguration.localeCharsetMappingsCustomizer()
5526 [main] DEBUG o.s.b.f.s.DefaultListableBeanFactory - Returning cached instance of singleton bean 'autoConfigurationReport'
5526 [main] DEBUG o.s.b.f.s.DefaultListableBeanFactory - Returning cached instance of singleton bean 'autoConfigurationReport'
5527 [main] DEBUG o.s.c.a.ConfigurationClassBeanDefinitionReader - Registered bean definition for imported class 'org.springframework.boot.autoconfigure.web.MultipartAutoConfiguration'
5527 [main] DEBUG o.s.b.f.s.DefaultListableBeanFactory - Returning cached instance of singleton bean 'org.springframework.boot.autoconfigure.condition.BeanTypeRegistry'
5528 [main] DEBUG o.s.b.f.s.DefaultListableBeanFactory - Returning cached instance of singleton bean 'org.springframework.boot.autoconfigure.condition.BeanTypeRegistry'
5529 [main] DEBUG o.s.b.f.s.DefaultListableBeanFactory - Returning cached instance of singleton bean 'autoConfigurationReport'
5529 [main] DEBUG o.s.c.a.ConfigurationClassBeanDefinitionReader - Registering bean definition for @Bean method org.springframework.boot.autoconfigure.web.MultipartAutoConfiguration.multipartConfigElement()
5529 [main] DEBUG o.s.b.f.s.DefaultListableBeanFactory - Returning cached instance of singleton bean 'org.springframework.boot.autoconfigure.condition.BeanTypeRegistry'
5529 [main] DEBUG o.s.b.f.s.DefaultListableBeanFactory - Returning cached instance of singleton bean 'org.springframework.boot.autoconfigure.condition.BeanTypeRegistry'
5529 [main] DEBUG o.s.b.f.s.DefaultListableBeanFactory - Returning cached instance of singleton bean 'autoConfigurationReport'
5529 [main] DEBUG o.s.c.a.ConfigurationClassBeanDefinitionReader - Registering bean definition for @Bean method org.springframework.boot.autoconfigure.web.MultipartAutoConfiguration.multipartResolver()
5530 [main] DEBUG o.s.b.f.s.DefaultListableBeanFactory - Returning cached instance of singleton bean 'autoConfigurationReport'
5530 [main] DEBUG o.s.c.a.ConfigurationClassBeanDefinitionReader - Registered bean definition for imported class 'org.springframework.boot.autoconfigure.web.WebClientAutoConfiguration$RestTemplateConfiguration'
5531 [main] DEBUG o.s.b.f.s.DefaultListableBeanFactory - Returning cached instance of singleton bean 'org.springframework.boot.autoconfigure.condition.BeanTypeRegistry'
5531 [main] DEBUG o.s.b.f.s.DefaultListableBeanFactory - Returning cached instance of singleton bean 'org.springframework.boot.autoconfigure.condition.BeanTypeRegistry'
5532 [main] DEBUG o.s.b.f.s.DefaultListableBeanFactory - Returning cached instance of singleton bean 'autoConfigurationReport'
5532 [main] DEBUG o.s.c.a.ConfigurationClassBeanDefinitionReader - Registering bean definition for @Bean method org.springframework.boot.autoconfigure.web.WebClientAutoConfiguration$RestTemplateConfiguration.restTemplateBuilder()
5532 [main] DEBUG o.s.c.a.ConfigurationClassBeanDefinitionReader - Registered bean definition for imported class 'org.springframework.boot.autoconfigure.web.WebClientAutoConfiguration'
5532 [main] DEBUG o.s.b.f.s.DefaultListableBeanFactory - Returning cached instance of singleton bean 'org.springframework.boot.autoconfigure.condition.BeanTypeRegistry'
5533 [main] DEBUG o.s.b.f.s.DefaultListableBeanFactory - Returning cached instance of singleton bean 'org.springframework.boot.autoconfigure.condition.BeanTypeRegistry'
5533 [main] DEBUG o.s.b.f.s.DefaultListableBeanFactory - Returning cached instance of singleton bean 'autoConfigurationReport'
5533 [main] DEBUG o.s.c.a.ConfigurationClassBeanDefinitionReader - Registered bean definition for imported class 'org.springframework.cloud.autoconfigure.ConfigurationPropertiesRebinderAutoConfiguration'
5533 [main] DEBUG o.s.b.f.s.DefaultListableBeanFactory - Returning cached instance of singleton bean 'org.springframework.boot.autoconfigure.condition.BeanTypeRegistry'
5533 [main] DEBUG o.s.b.f.s.DefaultListableBeanFactory - Returning cached instance of singleton bean 'autoConfigurationReport'
5534 [main] DEBUG o.s.c.a.ConfigurationClassBeanDefinitionReader - Registering bean definition for @Bean method org.springframework.cloud.autoconfigure.ConfigurationPropertiesRebinderAutoConfiguration.configurationPropertiesBeans()
5534 [main] DEBUG o.s.b.f.s.DefaultListableBeanFactory - Returning cached instance of singleton bean 'org.springframework.boot.autoconfigure.condition.BeanTypeRegistry'
5534 [main] DEBUG o.s.b.f.s.DefaultListableBeanFactory - Returning cached instance of singleton bean 'autoConfigurationReport'
5534 [main] DEBUG o.s.c.a.ConfigurationClassBeanDefinitionReader - Registering bean definition for @Bean method org.springframework.cloud.autoconfigure.ConfigurationPropertiesRebinderAutoConfiguration.configurationPropertiesRebinder()
5534 [main] DEBUG o.s.b.f.s.DefaultListableBeanFactory - Returning cached instance of singleton bean 'autoConfigurationReport'
5535 [main] DEBUG o.s.b.f.s.DefaultListableBeanFactory - Returning cached instance of singleton bean 'autoConfigurationReport'
5535 [main] DEBUG o.s.b.f.s.DefaultListableBeanFactory - Returning cached instance of singleton bean 'org.springframework.boot.autoconfigure.condition.BeanTypeRegistry'
5535 [main] DEBUG o.s.b.f.s.DefaultListableBeanFactory - Returning cached instance of singleton bean 'org.springframework.boot.autoconfigure.condition.BeanTypeRegistry'
5535 [main] DEBUG o.s.b.f.s.DefaultListableBeanFactory - Returning cached instance of singleton bean 'autoConfigurationReport'
5535 [main] DEBUG o.s.c.a.ConfigurationClassBeanDefinitionReader - Registered bean definition for imported class 'org.springframework.cloud.autoconfigure.RefreshEndpointAutoConfiguration$RefreshEndpointConfiguration'
5537 [main] DEBUG o.s.b.f.s.DefaultListableBeanFactory - Returning cached instance of singleton bean 'org.springframework.boot.autoconfigure.condition.BeanTypeRegistry'
5537 [main] DEBUG o.s.b.f.s.DefaultListableBeanFactory - Returning cached instance of singleton bean 'org.springframework.boot.autoconfigure.condition.BeanTypeRegistry'
5537 [main] DEBUG o.s.b.f.s.DefaultListableBeanFactory - Returning cached instance of singleton bean 'autoConfigurationReport'
5537 [main] DEBUG o.s.c.a.ConfigurationClassBeanDefinitionReader - Registering bean definition for @Bean method org.springframework.cloud.autoconfigure.RefreshEndpointAutoConfiguration$RefreshEndpointConfiguration.refreshEndpoint()
5537 [main] DEBUG o.s.c.a.ConfigurationClassBeanDefinitionReader - Registering bean definition for @Bean method org.springframework.cloud.autoconfigure.RefreshEndpointAutoConfiguration$RefreshEndpointConfiguration.refreshEventListener()
5538 [main] DEBUG o.s.b.f.s.DefaultListableBeanFactory - Returning cached instance of singleton bean 'autoConfigurationReport'
5538 [main] DEBUG o.s.c.a.ConfigurationClassBeanDefinitionReader - Registered bean definition for imported class 'org.springframework.cloud.autoconfigure.RefreshEndpointAutoConfiguration$RestartEndpointWithoutIntegration'
5540 [main] DEBUG o.s.b.f.s.DefaultListableBeanFactory - Returning cached instance of singleton bean 'org.springframework.boot.autoconfigure.condition.BeanTypeRegistry'
5540 [main] DEBUG o.s.b.f.s.DefaultListableBeanFactory - Returning cached instance of singleton bean 'org.springframework.boot.autoconfigure.condition.BeanTypeRegistry'
5540 [main] DEBUG o.s.b.f.s.DefaultListableBeanFactory - Returning cached instance of singleton bean 'autoConfigurationReport'
5540 [main] DEBUG o.s.c.a.ConfigurationClassBeanDefinitionReader - Registering bean definition for @Bean method org.springframework.cloud.autoconfigure.RefreshEndpointAutoConfiguration$RestartEndpointWithoutIntegration.restartEndpoint()
5541 [main] DEBUG o.s.c.a.ConfigurationClassBeanDefinitionReader - Registered bean definition for imported class 'org.springframework.cloud.autoconfigure.RefreshEndpointAutoConfiguration'
5541 [main] DEBUG o.s.b.f.s.DefaultListableBeanFactory - Returning cached instance of singleton bean 'autoConfigurationReport'
5543 [main] DEBUG o.s.b.f.s.DefaultListableBeanFactory - Returning cached instance of singleton bean 'org.springframework.boot.autoconfigure.condition.BeanTypeRegistry'
5543 [main] DEBUG o.s.b.f.s.DefaultListableBeanFactory - Returning cached instance of singleton bean 'org.springframework.boot.autoconfigure.condition.BeanTypeRegistry'
5543 [main] DEBUG o.s.b.f.s.DefaultListableBeanFactory - Returning cached instance of singleton bean 'autoConfigurationReport'
5544 [main] DEBUG o.s.b.f.s.DefaultListableBeanFactory - Returning cached instance of singleton bean 'autoConfigurationReport'
5544 [main] DEBUG o.s.c.a.ConfigurationClassBeanDefinitionReader - Registering bean definition for @Bean method org.springframework.cloud.autoconfigure.RefreshEndpointAutoConfiguration.refreshScopeHealthIndicator()
5544 [main] DEBUG o.s.c.a.ConfigurationClassBeanDefinitionReader - Registering bean definition for @Bean method org.springframework.cloud.autoconfigure.RefreshEndpointAutoConfiguration.pauseEndpoint()
5544 [main] DEBUG o.s.c.a.ConfigurationClassBeanDefinitionReader - Registering bean definition for @Bean method org.springframework.cloud.autoconfigure.RefreshEndpointAutoConfiguration.resumeEndpoint()
5544 [main] DEBUG o.s.b.f.s.DefaultListableBeanFactory - Returning cached instance of singleton bean 'autoConfigurationReport'
5544 [main] DEBUG o.s.b.f.s.DefaultListableBeanFactory - Returning cached instance of singleton bean 'autoConfigurationReport'
5544 [main] DEBUG o.s.b.f.s.DefaultListableBeanFactory - Returning cached instance of singleton bean 'org.springframework.boot.autoconfigure.condition.BeanTypeRegistry'
5545 [main] DEBUG o.s.b.f.s.DefaultListableBeanFactory - Returning cached instance of singleton bean 'org.springframework.boot.autoconfigure.condition.BeanTypeRegistry'
5545 [main] DEBUG o.s.b.f.s.DefaultListableBeanFactory - Returning cached instance of singleton bean 'autoConfigurationReport'
5545 [main] DEBUG o.s.c.a.ConfigurationClassBeanDefinitionReader - Registered bean definition for imported class 'org.springframework.cloud.autoconfigure.LifecycleMvcEndpointAutoConfiguration'
5545 [main] DEBUG o.s.b.f.s.DefaultListableBeanFactory - Returning cached instance of singleton bean 'autoConfigurationReport'
5545 [main] DEBUG o.s.b.f.s.DefaultListableBeanFactory - Returning cached instance of singleton bean 'org.springframework.boot.autoconfigure.condition.BeanTypeRegistry'
5546 [main] DEBUG o.s.b.f.s.DefaultListableBeanFactory - Returning cached instance of singleton bean 'org.springframework.boot.autoconfigure.condition.BeanTypeRegistry'
5546 [main] DEBUG o.s.b.f.s.DefaultListableBeanFactory - Returning cached instance of singleton bean 'autoConfigurationReport'
5546 [main] DEBUG o.s.c.a.ConfigurationClassBeanDefinitionReader - Registering bean definition for @Bean method org.springframework.cloud.autoconfigure.LifecycleMvcEndpointAutoConfiguration.environmentManagerEndpoint()
5546 [main] DEBUG o.s.b.f.s.DefaultListableBeanFactory - Returning cached instance of singleton bean 'org.springframework.boot.autoconfigure.condition.BeanTypeRegistry'
5548 [main] DEBUG o.s.b.f.s.DefaultListableBeanFactory - Returning cached instance of singleton bean 'org.springframework.boot.autoconfigure.condition.BeanTypeRegistry'
5548 [main] DEBUG o.s.b.f.s.DefaultListableBeanFactory - Returning cached instance of singleton bean 'autoConfigurationReport'
5548 [main] DEBUG o.s.c.a.ConfigurationClassBeanDefinitionReader - Registering bean definition for @Bean method org.springframework.cloud.autoconfigure.LifecycleMvcEndpointAutoConfiguration.refreshMvcEndpoint()
5548 [main] DEBUG o.s.c.a.ConfigurationClassBeanDefinitionReader - Registering bean definition for @Bean method org.springframework.cloud.autoconfigure.LifecycleMvcEndpointAutoConfiguration.restartMvcEndpoint()
5548 [main] DEBUG o.s.b.f.s.DefaultListableBeanFactory - Returning cached instance of singleton bean 'org.springframework.boot.autoconfigure.condition.BeanTypeRegistry'
5548 [main] DEBUG o.s.b.f.s.DefaultListableBeanFactory - Returning cached instance of singleton bean 'org.springframework.boot.autoconfigure.condition.BeanTypeRegistry'
5548 [main] DEBUG o.s.b.f.s.DefaultListableBeanFactory - Returning cached instance of singleton bean 'autoConfigurationReport'
5549 [main] DEBUG o.s.c.a.ConfigurationClassBeanDefinitionReader - Registering bean definition for @Bean method org.springframework.cloud.autoconfigure.LifecycleMvcEndpointAutoConfiguration.pauseMvcEndpoint()
5549 [main] DEBUG o.s.b.f.s.DefaultListableBeanFactory - Returning cached instance of singleton bean 'org.springframework.boot.autoconfigure.condition.BeanTypeRegistry'
5549 [main] DEBUG o.s.b.f.s.DefaultListableBeanFactory - Returning cached instance of singleton bean 'org.springframework.boot.autoconfigure.condition.BeanTypeRegistry'
5549 [main] DEBUG o.s.b.f.s.DefaultListableBeanFactory - Returning cached instance of singleton bean 'autoConfigurationReport'
5549 [main] DEBUG o.s.c.a.ConfigurationClassBeanDefinitionReader - Registering bean definition for @Bean method org.springframework.cloud.autoconfigure.LifecycleMvcEndpointAutoConfiguration.resumeMvcEndpoint()
5549 [main] DEBUG o.s.b.f.s.DefaultListableBeanFactory - Returning cached instance of singleton bean 'org.springframework.boot.autoconfigure.condition.BeanTypeRegistry'
5550 [main] DEBUG o.s.b.f.s.DefaultListableBeanFactory - Returning cached instance of singleton bean 'org.springframework.boot.autoconfigure.condition.BeanTypeRegistry'
5550 [main] DEBUG o.s.b.f.s.DefaultListableBeanFactory - Returning cached instance of singleton bean 'autoConfigurationReport'
5551 [main] DEBUG o.s.b.f.s.DefaultListableBeanFactory - Returning cached instance of singleton bean 'org.springframework.boot.autoconfigure.condition.BeanTypeRegistry'
5551 [main] DEBUG o.s.b.f.s.DefaultListableBeanFactory - Returning cached instance of singleton bean 'org.springframework.boot.autoconfigure.condition.BeanTypeRegistry'
5551 [main] DEBUG o.s.b.f.s.DefaultListableBeanFactory - Returning cached instance of singleton bean 'autoConfigurationReport'
5551 [main] DEBUG o.s.b.f.s.DefaultListableBeanFactory - Returning cached instance of singleton bean 'autoConfigurationReport'
5552 [main] DEBUG o.s.c.a.ConfigurationClassBeanDefinitionReader - Registered bean definition for imported class 'org.springframework.cloud.netflix.ribbon.RibbonAutoConfiguration'
5552 [main] DEBUG o.s.c.a.ConfigurationClassBeanDefinitionReader - Registering bean definition for @Bean method org.springframework.cloud.netflix.ribbon.RibbonAutoConfiguration.ribbonFeature()
5552 [main] DEBUG o.s.c.a.ConfigurationClassBeanDefinitionReader - Registering bean definition for @Bean method org.springframework.cloud.netflix.ribbon.RibbonAutoConfiguration.springClientFactory()
5552 [main] DEBUG o.s.b.f.s.DefaultListableBeanFactory - Returning cached instance of singleton bean 'org.springframework.boot.autoconfigure.condition.BeanTypeRegistry'
5554 [main] DEBUG o.s.b.f.s.DefaultListableBeanFactory - Returning cached instance of singleton bean 'org.springframework.boot.autoconfigure.condition.BeanTypeRegistry'
5554 [main] DEBUG o.s.b.f.s.DefaultListableBeanFactory - Returning cached instance of singleton bean 'autoConfigurationReport'
5554 [main] DEBUG o.s.c.a.ConfigurationClassBeanDefinitionReader - Registering bean definition for @Bean method org.springframework.cloud.netflix.ribbon.RibbonAutoConfiguration.loadBalancerClient()
5555 [main] DEBUG o.s.b.f.s.DefaultListableBeanFactory - Returning cached instance of singleton bean 'autoConfigurationReport'
5555 [main] DEBUG o.s.b.f.s.DefaultListableBeanFactory - Returning cached instance of singleton bean 'org.springframework.boot.autoconfigure.condition.BeanTypeRegistry'
5555 [main] DEBUG o.s.b.f.s.DefaultListableBeanFactory - Returning cached instance of singleton bean 'org.springframework.boot.autoconfigure.condition.BeanTypeRegistry'
5556 [main] DEBUG o.s.b.f.s.DefaultListableBeanFactory - Returning cached instance of singleton bean 'autoConfigurationReport'
5556 [main] DEBUG o.s.c.a.ConfigurationClassBeanDefinitionReader - Registered bean definition for imported class 'org.springframework.cloud.client.loadbalancer.LoadBalancerAutoConfiguration'
5556 [main] DEBUG o.s.c.a.ConfigurationClassBeanDefinitionReader - Registering bean definition for @Bean method org.springframework.cloud.client.loadbalancer.LoadBalancerAutoConfiguration.loadBalancedRestTemplateInitializer()
5557 [main] DEBUG o.s.b.f.s.DefaultListableBeanFactory - Returning cached instance of singleton bean 'org.springframework.boot.autoconfigure.condition.BeanTypeRegistry'
5558 [main] DEBUG o.s.b.f.s.DefaultListableBeanFactory - Returning cached instance of singleton bean 'org.springframework.boot.autoconfigure.condition.BeanTypeRegistry'
5558 [main] DEBUG o.s.b.f.s.DefaultListableBeanFactory - Returning cached instance of singleton bean 'autoConfigurationReport'
5558 [main] DEBUG o.s.c.a.ConfigurationClassBeanDefinitionReader - Registering bean definition for @Bean method org.springframework.cloud.client.loadbalancer.LoadBalancerAutoConfiguration.restTemplateCustomizer()
5558 [main] DEBUG o.s.c.a.ConfigurationClassBeanDefinitionReader - Registering bean definition for @Bean method org.springframework.cloud.client.loadbalancer.LoadBalancerAutoConfiguration.ribbonInterceptor()
5558 [main] DEBUG o.s.b.f.s.DefaultListableBeanFactory - Returning cached instance of singleton bean 'autoConfigurationReport'
5558 [main] DEBUG o.s.b.f.s.DefaultListableBeanFactory - Returning cached instance of singleton bean 'autoConfigurationReport'
5559 [main] DEBUG o.s.b.f.s.DefaultListableBeanFactory - Returning cached instance of singleton bean 'autoConfigurationReport'
5559 [main] DEBUG o.s.c.a.ConfigurationClassBeanDefinitionReader - Registered bean definition for imported class 'org.springframework.cloud.netflix.archaius.ArchaiusAutoConfiguration$PropagateEventsConfiguration'
5559 [main] DEBUG o.s.b.f.s.DefaultListableBeanFactory - Returning cached instance of singleton bean 'autoConfigurationReport'
5559 [main] DEBUG o.s.c.a.ConfigurationClassBeanDefinitionReader - Registered bean definition for imported class 'org.springframework.cloud.netflix.archaius.ArchaiusAutoConfiguration$ArchaiusEndpointConfiguration'
5559 [main] DEBUG o.s.c.a.ConfigurationClassBeanDefinitionReader - Registering bean definition for @Bean method org.springframework.cloud.netflix.archaius.ArchaiusAutoConfiguration$ArchaiusEndpointConfiguration.archaiusEndpoint()
5559 [main] DEBUG o.s.c.a.ConfigurationClassBeanDefinitionReader - Registered bean definition for imported class 'org.springframework.cloud.netflix.archaius.ArchaiusAutoConfiguration'
5559 [main] DEBUG o.s.c.a.ConfigurationClassBeanDefinitionReader - Registering bean definition for @Bean method org.springframework.cloud.netflix.archaius.ArchaiusAutoConfiguration.configurableEnvironmentConfiguration()
5559 [main] DEBUG o.s.b.f.s.DefaultListableBeanFactory - Returning cached instance of singleton bean 'autoConfigurationReport'
5559 [main] DEBUG o.s.c.a.ConfigurationClassBeanDefinitionReader - Registered bean definition for imported class 'org.springframework.cloud.netflix.hystrix.HystrixAutoConfiguration'
5560 [main] DEBUG o.s.b.f.s.DefaultListableBeanFactory - Returning cached instance of singleton bean 'autoConfigurationReport'
5560 [main] DEBUG o.s.c.a.ConfigurationClassBeanDefinitionReader - Registering bean definition for @Bean method org.springframework.cloud.netflix.hystrix.HystrixAutoConfiguration.hystrixHealthIndicator()
5560 [main] DEBUG o.s.b.f.s.DefaultListableBeanFactory - Returning cached instance of singleton bean 'autoConfigurationReport'
5560 [main] DEBUG o.s.b.f.s.DefaultListableBeanFactory - Returning cached instance of singleton bean 'autoConfigurationReport'
5560 [main] DEBUG o.s.b.f.s.DefaultListableBeanFactory - Returning cached instance of singleton bean 'org.springframework.boot.autoconfigure.condition.BeanTypeRegistry'
5580 [main] DEBUG o.s.b.f.s.DefaultListableBeanFactory - Returning cached instance of singleton bean 'org.springframework.boot.autoconfigure.condition.BeanTypeRegistry'
5580 [main] DEBUG o.s.b.f.s.DefaultListableBeanFactory - Returning cached instance of singleton bean 'autoConfigurationReport'
5580 [main] DEBUG o.s.c.a.ConfigurationClassBeanDefinitionReader - Registered bean definition for imported class 'org.springframework.cloud.netflix.ribbon.eureka.RibbonEurekaAutoConfiguration'
5580 [main] DEBUG o.s.b.f.s.DefaultListableBeanFactory - Returning cached instance of singleton bean 'autoConfigurationReport'
5580 [main] DEBUG o.s.b.f.s.DefaultListableBeanFactory - Returning cached instance of singleton bean 'autoConfigurationReport'
5581 [main] DEBUG o.s.b.f.s.DefaultListableBeanFactory - Returning cached instance of singleton bean 'autoConfigurationReport'
5581 [main] DEBUG o.s.c.a.ConfigurationClassBeanDefinitionReader - Registered bean definition for imported class 'org.springframework.cloud.netflix.rx.RxJavaAutoConfiguration$RxJavaReturnValueHandlerConfig'
5581 [main] DEBUG o.s.c.a.ConfigurationClassBeanDefinitionReader - Registering bean definition for @Bean method org.springframework.cloud.netflix.rx.RxJavaAutoConfiguration$RxJavaReturnValueHandlerConfig.singleReturnValueHandler()
5581 [main] DEBUG o.s.c.a.ConfigurationClassBeanDefinitionReader - Registering bean definition for @Bean method org.springframework.cloud.netflix.rx.RxJavaAutoConfiguration$RxJavaReturnValueHandlerConfig.observableMVCConfiguration()
5581 [main] DEBUG o.s.c.a.ConfigurationClassBeanDefinitionReader - Registering bean definition for @Bean method org.springframework.cloud.netflix.rx.RxJavaAutoConfiguration$RxJavaReturnValueHandlerConfig.rxFeature()
5581 [main] DEBUG o.s.c.a.ConfigurationClassBeanDefinitionReader - Registered bean definition for imported class 'org.springframework.cloud.netflix.rx.RxJavaAutoConfiguration'
5593 [main] DEBUG o.s.b.f.s.DefaultListableBeanFactory - Creating shared instance of singleton bean 'refreshScope'
5593 [main] DEBUG o.s.b.f.s.DefaultListableBeanFactory - Creating instance of bean 'refreshScope'
5595 [main] DEBUG o.s.b.f.s.DefaultListableBeanFactory - Eagerly caching bean 'refreshScope' to allow for resolving potential circular references
5595 [main] DEBUG o.s.b.f.s.DefaultListableBeanFactory - Finished creating instance of bean 'refreshScope'
5596 [main] WARN  o.s.c.a.ConfigurationClassPostProcessor - Cannot enhance @Configuration bean definition 'refreshScope' since its singleton instance has been created too early. The typical cause is a non-static @Bean method with a BeanDefinitionRegistryPostProcessor return type: Consider declaring such methods as 'static'.
5598 [main] DEBUG o.s.c.a.ConfigurationClassEnhancer - Successfully enhanced com.yd.Application; enhanced class name is: com.yd.Application$$EnhancerBySpringCGLIB$$875ad1c9
5599 [main] DEBUG o.s.c.a.ConfigurationClassPostProcessor - Replacing bean definition 'application' existing class 'com.yd.Application' with enhanced class 'com.yd.Application$$EnhancerBySpringCGLIB$$875ad1c9'
5601 [main] DEBUG o.s.c.a.ConfigurationClassEnhancer - Successfully enhanced org.springframework.cloud.netflix.eureka.server.EurekaServerConfiguration$EurekaServerConfigBeanConfiguration; enhanced class name is: org.springframework.cloud.netflix.eureka.server.EurekaServerConfiguration$EurekaServerConfigBeanConfiguration$$EnhancerBySpringCGLIB$$a94c807b
5602 [main] DEBUG o.s.c.a.ConfigurationClassPostProcessor - Replacing bean definition 'org.springframework.cloud.netflix.eureka.server.EurekaServerConfiguration$EurekaServerConfigBeanConfiguration' existing class 'org.springframework.cloud.netflix.eureka.server.EurekaServerConfiguration$EurekaServerConfigBeanConfiguration' with enhanced class 'org.springframework.cloud.netflix.eureka.server.EurekaServerConfiguration$EurekaServerConfigBeanConfiguration$$EnhancerBySpringCGLIB$$a94c807b'
5604 [main] DEBUG o.s.c.a.ConfigurationClassEnhancer - Successfully enhanced org.springframework.cloud.netflix.eureka.server.EurekaServerInitializerConfiguration; enhanced class name is: org.springframework.cloud.netflix.eureka.server.EurekaServerInitializerConfiguration$$EnhancerBySpringCGLIB$$a1eabb11
5604 [main] DEBUG o.s.c.a.ConfigurationClassPostProcessor - Replacing bean definition 'org.springframework.cloud.netflix.eureka.server.EurekaServerInitializerConfiguration' existing class 'org.springframework.cloud.netflix.eureka.server.EurekaServerInitializerConfiguration' with enhanced class 'org.springframework.cloud.netflix.eureka.server.EurekaServerInitializerConfiguration$$EnhancerBySpringCGLIB$$a1eabb11'
5610 [main] DEBUG o.s.c.a.ConfigurationClassEnhancer - Successfully enhanced org.springframework.cloud.netflix.eureka.server.EurekaServerConfiguration; enhanced class name is: org.springframework.cloud.netflix.eureka.server.EurekaServerConfiguration$$EnhancerBySpringCGLIB$$f9e40e77
5610 [main] DEBUG o.s.c.a.ConfigurationClassPostProcessor - Replacing bean definition 'org.springframework.cloud.netflix.eureka.server.EurekaServerConfiguration' existing class 'org.springframework.cloud.netflix.eureka.server.EurekaServerConfiguration' with enhanced class 'org.springframework.cloud.netflix.eureka.server.EurekaServerConfiguration$$EnhancerBySpringCGLIB$$f9e40e77'
5613 [main] DEBUG o.s.c.a.ConfigurationClassEnhancer - Successfully enhanced org.springframework.cloud.netflix.eureka.EurekaDiscoveryClientConfiguration$EurekaHealthIndicatorConfiguration; enhanced class name is: org.springframework.cloud.netflix.eureka.EurekaDiscoveryClientConfiguration$EurekaHealthIndicatorConfiguration$$EnhancerBySpringCGLIB$$7f225042
5613 [main] DEBUG o.s.c.a.ConfigurationClassPostProcessor - Replacing bean definition 'org.springframework.cloud.netflix.eureka.EurekaDiscoveryClientConfiguration$EurekaHealthIndicatorConfiguration' existing class 'org.springframework.cloud.netflix.eureka.EurekaDiscoveryClientConfiguration$EurekaHealthIndicatorConfiguration' with enhanced class 'org.springframework.cloud.netflix.eureka.EurekaDiscoveryClientConfiguration$EurekaHealthIndicatorConfiguration$$EnhancerBySpringCGLIB$$7f225042'
5616 [main] DEBUG o.s.c.a.ConfigurationClassEnhancer - Successfully enhanced org.springframework.cloud.netflix.eureka.EurekaDiscoveryClientConfiguration$EurekaClientConfigurationRefresher; enhanced class name is: org.springframework.cloud.netflix.eureka.EurekaDiscoveryClientConfiguration$EurekaClientConfigurationRefresher$$EnhancerBySpringCGLIB$$d9be8efc
5616 [main] DEBUG o.s.c.a.ConfigurationClassPostProcessor - Replacing bean definition 'org.springframework.cloud.netflix.eureka.EurekaDiscoveryClientConfiguration$EurekaClientConfigurationRefresher' existing class 'org.springframework.cloud.netflix.eureka.EurekaDiscoveryClientConfiguration$EurekaClientConfigurationRefresher' with enhanced class 'org.springframework.cloud.netflix.eureka.EurekaDiscoveryClientConfiguration$EurekaClientConfigurationRefresher$$EnhancerBySpringCGLIB$$d9be8efc'
5619 [main] DEBUG o.s.c.a.ConfigurationClassEnhancer - Successfully enhanced org.springframework.cloud.netflix.eureka.EurekaDiscoveryClientConfiguration; enhanced class name is: org.springframework.cloud.netflix.eureka.EurekaDiscoveryClientConfiguration$$EnhancerBySpringCGLIB$$31c787fc
5619 [main] DEBUG o.s.c.a.ConfigurationClassPostProcessor - Replacing bean definition 'org.springframework.cloud.netflix.eureka.EurekaDiscoveryClientConfiguration' existing class 'org.springframework.cloud.netflix.eureka.EurekaDiscoveryClientConfiguration' with enhanced class 'org.springframework.cloud.netflix.eureka.EurekaDiscoveryClientConfiguration$$EnhancerBySpringCGLIB$$31c787fc'
5619 [main] DEBUG o.s.c.a.ConfigurationClassEnhancer - Successfully enhanced org.springframework.boot.autoconfigure.PropertyPlaceholderAutoConfiguration; enhanced class name is: org.springframework.boot.autoconfigure.PropertyPlaceholderAutoConfiguration$$EnhancerBySpringCGLIB$$cc1242c4
5619 [main] DEBUG o.s.c.a.ConfigurationClassPostProcessor - Replacing bean definition 'org.springframework.boot.autoconfigure.PropertyPlaceholderAutoConfiguration' existing class 'org.springframework.boot.autoconfigure.PropertyPlaceholderAutoConfiguration' with enhanced class 'org.springframework.boot.autoconfigure.PropertyPlaceholderAutoConfiguration$$EnhancerBySpringCGLIB$$cc1242c4'
5619 [main] DEBUG o.s.c.a.ConfigurationClassEnhancer - Successfully enhanced org.springframework.boot.autoconfigure.PropertyPlaceholderAutoConfiguration; enhanced class name is: org.springframework.boot.autoconfigure.PropertyPlaceholderAutoConfiguration$$EnhancerBySpringCGLIB$$cc1242c4
5619 [main] DEBUG o.s.c.a.ConfigurationClassPostProcessor - Replacing bean definition 'propertySourcesPlaceholderConfigurer' existing class 'org.springframework.boot.autoconfigure.PropertyPlaceholderAutoConfiguration' with enhanced class 'org.springframework.boot.autoconfigure.PropertyPlaceholderAutoConfiguration$$EnhancerBySpringCGLIB$$cc1242c4'
5621 [main] DEBUG o.s.c.a.ConfigurationClassEnhancer - Successfully enhanced org.springframework.boot.autoconfigure.jackson.JacksonAutoConfiguration$Jackson2ObjectMapperBuilderCustomizerConfiguration; enhanced class name is: org.springframework.boot.autoconfigure.jackson.JacksonAutoConfiguration$Jackson2ObjectMapperBuilderCustomizerConfiguration$$EnhancerBySpringCGLIB$$dd2cc1e3
5621 [main] DEBUG o.s.c.a.ConfigurationClassPostProcessor - Replacing bean definition 'org.springframework.boot.autoconfigure.jackson.JacksonAutoConfiguration$Jackson2ObjectMapperBuilderCustomizerConfiguration' existing class 'org.springframework.boot.autoconfigure.jackson.JacksonAutoConfiguration$Jackson2ObjectMapperBuilderCustomizerConfiguration' with enhanced class 'org.springframework.boot.autoconfigure.jackson.JacksonAutoConfiguration$Jackson2ObjectMapperBuilderCustomizerConfiguration$$EnhancerBySpringCGLIB$$dd2cc1e3'
5624 [main] DEBUG o.s.c.a.ConfigurationClassEnhancer - Successfully enhanced org.springframework.boot.autoconfigure.jackson.JacksonAutoConfiguration$JacksonObjectMapperBuilderConfiguration; enhanced class name is: org.springframework.boot.autoconfigure.jackson.JacksonAutoConfiguration$JacksonObjectMapperBuilderConfiguration$$EnhancerBySpringCGLIB$$2215dbf4
5624 [main] DEBUG o.s.c.a.ConfigurationClassPostProcessor - Replacing bean definition 'org.springframework.boot.autoconfigure.jackson.JacksonAutoConfiguration$JacksonObjectMapperBuilderConfiguration' existing class 'org.springframework.boot.autoconfigure.jackson.JacksonAutoConfiguration$JacksonObjectMapperBuilderConfiguration' with enhanced class 'org.springframework.boot.autoconfigure.jackson.JacksonAutoConfiguration$JacksonObjectMapperBuilderConfiguration$$EnhancerBySpringCGLIB$$2215dbf4'
5627 [main] DEBUG o.s.c.a.ConfigurationClassEnhancer - Successfully enhanced org.springframework.boot.autoconfigure.jackson.JacksonAutoConfiguration$JacksonObjectMapperConfiguration; enhanced class name is: org.springframework.boot.autoconfigure.jackson.JacksonAutoConfiguration$JacksonObjectMapperConfiguration$$EnhancerBySpringCGLIB$$6fc919db
5627 [main] DEBUG o.s.c.a.ConfigurationClassPostProcessor - Replacing bean definition 'org.springframework.boot.autoconfigure.jackson.JacksonAutoConfiguration$JacksonObjectMapperConfiguration' existing class 'org.springframework.boot.autoconfigure.jackson.JacksonAutoConfiguration$JacksonObjectMapperConfiguration' with enhanced class 'org.springframework.boot.autoconfigure.jackson.JacksonAutoConfiguration$JacksonObjectMapperConfiguration$$EnhancerBySpringCGLIB$$6fc919db'
5629 [main] DEBUG o.s.c.a.ConfigurationClassEnhancer - Successfully enhanced org.springframework.boot.autoconfigure.jackson.JacksonAutoConfiguration; enhanced class name is: org.springframework.boot.autoconfigure.jackson.JacksonAutoConfiguration$$EnhancerBySpringCGLIB$$51d4b76a
5629 [main] DEBUG o.s.c.a.ConfigurationClassPostProcessor - Replacing bean definition 'org.springframework.boot.autoconfigure.jackson.JacksonAutoConfiguration' existing class 'org.springframework.boot.autoconfigure.jackson.JacksonAutoConfiguration' with enhanced class 'org.springframework.boot.autoconfigure.jackson.JacksonAutoConfiguration$$EnhancerBySpringCGLIB$$51d4b76a'
5633 [main] DEBUG o.s.c.a.ConfigurationClassEnhancer - Successfully enhanced org.springframework.boot.autoconfigure.websocket.WebSocketAutoConfiguration$TomcatWebSocketConfiguration; enhanced class name is: org.springframework.boot.autoconfigure.websocket.WebSocketAutoConfiguration$TomcatWebSocketConfiguration$$EnhancerBySpringCGLIB$$43081a73
5633 [main] DEBUG o.s.c.a.ConfigurationClassPostProcessor - Replacing bean definition 'org.springframework.boot.autoconfigure.websocket.WebSocketAutoConfiguration$TomcatWebSocketConfiguration' existing class 'org.springframework.boot.autoconfigure.websocket.WebSocketAutoConfiguration$TomcatWebSocketConfiguration' with enhanced class 'org.springframework.boot.autoconfigure.websocket.WebSocketAutoConfiguration$TomcatWebSocketConfiguration$$EnhancerBySpringCGLIB$$43081a73'
5635 [main] DEBUG o.s.c.a.ConfigurationClassEnhancer - Successfully enhanced org.springframework.boot.autoconfigure.websocket.WebSocketAutoConfiguration; enhanced class name is: org.springframework.boot.autoconfigure.websocket.WebSocketAutoConfiguration$$EnhancerBySpringCGLIB$$26e62ea2
5635 [main] DEBUG o.s.c.a.ConfigurationClassPostProcessor - Replacing bean definition 'org.springframework.boot.autoconfigure.websocket.WebSocketAutoConfiguration' existing class 'org.springframework.boot.autoconfigure.websocket.WebSocketAutoConfiguration' with enhanced class 'org.springframework.boot.autoconfigure.websocket.WebSocketAutoConfiguration$$EnhancerBySpringCGLIB$$26e62ea2'
5637 [main] DEBUG o.s.c.a.ConfigurationClassEnhancer - Successfully enhanced org.springframework.boot.autoconfigure.web.EmbeddedServletContainerAutoConfiguration$EmbeddedTomcat; enhanced class name is: org.springframework.boot.autoconfigure.web.EmbeddedServletContainerAutoConfiguration$EmbeddedTomcat$$EnhancerBySpringCGLIB$$c7b8dd66
5637 [main] DEBUG o.s.c.a.ConfigurationClassPostProcessor - Replacing bean definition 'org.springframework.boot.autoconfigure.web.EmbeddedServletContainerAutoConfiguration$EmbeddedTomcat' existing class 'org.springframework.boot.autoconfigure.web.EmbeddedServletContainerAutoConfiguration$EmbeddedTomcat' with enhanced class 'org.springframework.boot.autoconfigure.web.EmbeddedServletContainerAutoConfiguration$EmbeddedTomcat$$EnhancerBySpringCGLIB$$c7b8dd66'
5639 [main] DEBUG o.s.c.a.ConfigurationClassEnhancer - Successfully enhanced org.springframework.boot.autoconfigure.web.EmbeddedServletContainerAutoConfiguration; enhanced class name is: org.springframework.boot.autoconfigure.web.EmbeddedServletContainerAutoConfiguration$$EnhancerBySpringCGLIB$$80a26a8a
5639 [main] DEBUG o.s.c.a.ConfigurationClassPostProcessor - Replacing bean definition 'org.springframework.boot.autoconfigure.web.EmbeddedServletContainerAutoConfiguration' existing class 'org.springframework.boot.autoconfigure.web.EmbeddedServletContainerAutoConfiguration' with enhanced class 'org.springframework.boot.autoconfigure.web.EmbeddedServletContainerAutoConfiguration$$EnhancerBySpringCGLIB$$80a26a8a'
5641 [main] DEBUG o.s.c.a.ConfigurationClassEnhancer - Successfully enhanced org.springframework.boot.autoconfigure.web.DispatcherServletAutoConfiguration$DispatcherServletConfiguration; enhanced class name is: org.springframework.boot.autoconfigure.web.DispatcherServletAutoConfiguration$DispatcherServletConfiguration$$EnhancerBySpringCGLIB$$ba9b499c
5642 [main] DEBUG o.s.c.a.ConfigurationClassPostProcessor - Replacing bean definition 'org.springframework.boot.autoconfigure.web.DispatcherServletAutoConfiguration$DispatcherServletConfiguration' existing class 'org.springframework.boot.autoconfigure.web.DispatcherServletAutoConfiguration$DispatcherServletConfiguration' with enhanced class 'org.springframework.boot.autoconfigure.web.DispatcherServletAutoConfiguration$DispatcherServletConfiguration$$EnhancerBySpringCGLIB$$ba9b499c'
5644 [main] DEBUG o.s.c.a.ConfigurationClassEnhancer - Successfully enhanced org.springframework.boot.autoconfigure.web.DispatcherServletAutoConfiguration$DispatcherServletRegistrationConfiguration; enhanced class name is: org.springframework.boot.autoconfigure.web.DispatcherServletAutoConfiguration$DispatcherServletRegistrationConfiguration$$EnhancerBySpringCGLIB$$358ad8c3
5644 [main] DEBUG o.s.c.a.ConfigurationClassPostProcessor - Replacing bean definition 'org.springframework.boot.autoconfigure.web.DispatcherServletAutoConfiguration$DispatcherServletRegistrationConfiguration' existing class 'org.springframework.boot.autoconfigure.web.DispatcherServletAutoConfiguration$DispatcherServletRegistrationConfiguration' with enhanced class 'org.springframework.boot.autoconfigure.web.DispatcherServletAutoConfiguration$DispatcherServletRegistrationConfiguration$$EnhancerBySpringCGLIB$$358ad8c3'
5646 [main] DEBUG o.s.c.a.ConfigurationClassEnhancer - Successfully enhanced org.springframework.boot.autoconfigure.web.DispatcherServletAutoConfiguration; enhanced class name is: org.springframework.boot.autoconfigure.web.DispatcherServletAutoConfiguration$$EnhancerBySpringCGLIB$$9a9dc9e
5646 [main] DEBUG o.s.c.a.ConfigurationClassPostProcessor - Replacing bean definition 'org.springframework.boot.autoconfigure.web.DispatcherServletAutoConfiguration' existing class 'org.springframework.boot.autoconfigure.web.DispatcherServletAutoConfiguration' with enhanced class 'org.springframework.boot.autoconfigure.web.DispatcherServletAutoConfiguration$$EnhancerBySpringCGLIB$$9a9dc9e'
5648 [main] DEBUG o.s.c.a.ConfigurationClassEnhancer - Successfully enhanced org.springframework.boot.autoconfigure.web.ErrorMvcAutoConfiguration$WhitelabelErrorViewConfiguration; enhanced class name is: org.springframework.boot.autoconfigure.web.ErrorMvcAutoConfiguration$WhitelabelErrorViewConfiguration$$EnhancerBySpringCGLIB$$5a7d0bb8
5648 [main] DEBUG o.s.c.a.ConfigurationClassPostProcessor - Replacing bean definition 'org.springframework.boot.autoconfigure.web.ErrorMvcAutoConfiguration$WhitelabelErrorViewConfiguration' existing class 'org.springframework.boot.autoconfigure.web.ErrorMvcAutoConfiguration$WhitelabelErrorViewConfiguration' with enhanced class 'org.springframework.boot.autoconfigure.web.ErrorMvcAutoConfiguration$WhitelabelErrorViewConfiguration$$EnhancerBySpringCGLIB$$5a7d0bb8'
5651 [main] DEBUG o.s.c.a.ConfigurationClassEnhancer - Successfully enhanced org.springframework.boot.autoconfigure.web.ErrorMvcAutoConfiguration; enhanced class name is: org.springframework.boot.autoconfigure.web.ErrorMvcAutoConfiguration$$EnhancerBySpringCGLIB$$ca30a43e
5651 [main] DEBUG o.s.c.a.ConfigurationClassPostProcessor - Replacing bean definition 'org.springframework.boot.autoconfigure.web.ErrorMvcAutoConfiguration' existing class 'org.springframework.boot.autoconfigure.web.ErrorMvcAutoConfiguration' with enhanced class 'org.springframework.boot.autoconfigure.web.ErrorMvcAutoConfiguration$$EnhancerBySpringCGLIB$$ca30a43e'
5652 [main] DEBUG o.s.c.a.ConfigurationClassEnhancer - Successfully enhanced org.springframework.boot.autoconfigure.web.ErrorMvcAutoConfiguration; enhanced class name is: org.springframework.boot.autoconfigure.web.ErrorMvcAutoConfiguration$$EnhancerBySpringCGLIB$$ca30a43e
5652 [main] DEBUG o.s.c.a.ConfigurationClassPostProcessor - Replacing bean definition 'preserveErrorControllerTargetClassPostProcessor' existing class 'org.springframework.boot.autoconfigure.web.ErrorMvcAutoConfiguration' with enhanced class 'org.springframework.boot.autoconfigure.web.ErrorMvcAutoConfiguration$$EnhancerBySpringCGLIB$$ca30a43e'
5659 [main] DEBUG o.s.c.a.ConfigurationClassEnhancer - Successfully enhanced org.springframework.boot.autoconfigure.web.WebMvcAutoConfiguration$EnableWebMvcConfiguration; enhanced class name is: org.springframework.boot.autoconfigure.web.WebMvcAutoConfiguration$EnableWebMvcConfiguration$$EnhancerBySpringCGLIB$$6b633c53
5659 [main] DEBUG o.s.c.a.ConfigurationClassPostProcessor - Replacing bean definition 'org.springframework.boot.autoconfigure.web.WebMvcAutoConfiguration$EnableWebMvcConfiguration' existing class 'org.springframework.boot.autoconfigure.web.WebMvcAutoConfiguration$EnableWebMvcConfiguration' with enhanced class 'org.springframework.boot.autoconfigure.web.WebMvcAutoConfiguration$EnableWebMvcConfiguration$$EnhancerBySpringCGLIB$$6b633c53'
5661 [main] DEBUG o.s.c.a.ConfigurationClassEnhancer - Successfully enhanced org.springframework.boot.autoconfigure.web.WebMvcAutoConfiguration$WebMvcAutoConfigurationAdapter$FaviconConfiguration; enhanced class name is: org.springframework.boot.autoconfigure.web.WebMvcAutoConfiguration$WebMvcAutoConfigurationAdapter$FaviconConfiguration$$EnhancerBySpringCGLIB$$4c52c63e
5661 [main] DEBUG o.s.c.a.ConfigurationClassPostProcessor - Replacing bean definition 'org.springframework.boot.autoconfigure.web.WebMvcAutoConfiguration$WebMvcAutoConfigurationAdapter$FaviconConfiguration' existing class 'org.springframework.boot.autoconfigure.web.WebMvcAutoConfiguration$WebMvcAutoConfigurationAdapter$FaviconConfiguration' with enhanced class 'org.springframework.boot.autoconfigure.web.WebMvcAutoConfiguration$WebMvcAutoConfigurationAdapter$FaviconConfiguration$$EnhancerBySpringCGLIB$$4c52c63e'
5666 [main] DEBUG o.s.c.a.ConfigurationClassEnhancer - Successfully enhanced org.springframework.boot.autoconfigure.web.WebMvcAutoConfiguration$WebMvcAutoConfigurationAdapter; enhanced class name is: org.springframework.boot.autoconfigure.web.WebMvcAutoConfiguration$WebMvcAutoConfigurationAdapter$$EnhancerBySpringCGLIB$$ff38f1c6
5666 [main] DEBUG o.s.c.a.ConfigurationClassPostProcessor - Replacing bean definition 'org.springframework.boot.autoconfigure.web.WebMvcAutoConfiguration$WebMvcAutoConfigurationAdapter' existing class 'org.springframework.boot.autoconfigure.web.WebMvcAutoConfiguration$WebMvcAutoConfigurationAdapter' with enhanced class 'org.springframework.boot.autoconfigure.web.WebMvcAutoConfiguration$WebMvcAutoConfigurationAdapter$$EnhancerBySpringCGLIB$$ff38f1c6'
5666 [main] DEBUG o.s.c.a.ConfigurationClassEnhancer - Successfully enhanced org.springframework.boot.autoconfigure.web.WebMvcAutoConfiguration$WebMvcAutoConfigurationAdapter; enhanced class name is: org.springframework.boot.autoconfigure.web.WebMvcAutoConfiguration$WebMvcAutoConfigurationAdapter$$EnhancerBySpringCGLIB$$ff38f1c6
5666 [main] DEBUG o.s.c.a.ConfigurationClassPostProcessor - Replacing bean definition 'requestContextFilter' existing class 'org.springframework.boot.autoconfigure.web.WebMvcAutoConfiguration$WebMvcAutoConfigurationAdapter' with enhanced class 'org.springframework.boot.autoconfigure.web.WebMvcAutoConfiguration$WebMvcAutoConfigurationAdapter$$EnhancerBySpringCGLIB$$ff38f1c6'
5668 [main] DEBUG o.s.c.a.ConfigurationClassEnhancer - Successfully enhanced org.springframework.boot.autoconfigure.web.WebMvcAutoConfiguration; enhanced class name is: org.springframework.boot.autoconfigure.web.WebMvcAutoConfiguration$$EnhancerBySpringCGLIB$$8372838a
5668 [main] DEBUG o.s.c.a.ConfigurationClassPostProcessor - Replacing bean definition 'org.springframework.boot.autoconfigure.web.WebMvcAutoConfiguration' existing class 'org.springframework.boot.autoconfigure.web.WebMvcAutoConfiguration' with enhanced class 'org.springframework.boot.autoconfigure.web.WebMvcAutoConfiguration$$EnhancerBySpringCGLIB$$8372838a'
5671 [main] DEBUG o.s.c.a.ConfigurationClassEnhancer - Successfully enhanced org.springframework.cloud.autoconfigure.RefreshAutoConfiguration; enhanced class name is: org.springframework.cloud.autoconfigure.RefreshAutoConfiguration$$EnhancerBySpringCGLIB$$d15c5df2
5671 [main] DEBUG o.s.c.a.ConfigurationClassPostProcessor - Replacing bean definition 'org.springframework.cloud.autoconfigure.RefreshAutoConfiguration' existing class 'org.springframework.cloud.autoconfigure.RefreshAutoConfiguration' with enhanced class 'org.springframework.cloud.autoconfigure.RefreshAutoConfiguration$$EnhancerBySpringCGLIB$$d15c5df2'
5671 [main] DEBUG o.s.c.a.ConfigurationClassEnhancer - Successfully enhanced org.springframework.cloud.autoconfigure.RefreshAutoConfiguration; enhanced class name is: org.springframework.cloud.autoconfigure.RefreshAutoConfiguration$$EnhancerBySpringCGLIB$$d15c5df2
5671 [main] DEBUG o.s.c.a.ConfigurationClassPostProcessor - Replacing bean definition 'refreshScope' existing class 'org.springframework.cloud.autoconfigure.RefreshAutoConfiguration' with enhanced class 'org.springframework.cloud.autoconfigure.RefreshAutoConfiguration$$EnhancerBySpringCGLIB$$d15c5df2'
5671 [main] DEBUG o.s.c.a.ConfigurationClassEnhancer - Successfully enhanced org.springframework.cloud.autoconfigure.RefreshAutoConfiguration; enhanced class name is: org.springframework.cloud.autoconfigure.RefreshAutoConfiguration$$EnhancerBySpringCGLIB$$d15c5df2
5671 [main] DEBUG o.s.c.a.ConfigurationClassPostProcessor - Replacing bean definition 'loggingRebinder' existing class 'org.springframework.cloud.autoconfigure.RefreshAutoConfiguration' with enhanced class 'org.springframework.cloud.autoconfigure.RefreshAutoConfiguration$$EnhancerBySpringCGLIB$$d15c5df2'
5674 [main] DEBUG o.s.c.a.ConfigurationClassEnhancer - Successfully enhanced org.springframework.cloud.netflix.eureka.EurekaClientAutoConfiguration$RefreshableEurekaClientConfiguration; enhanced class name is: org.springframework.cloud.netflix.eureka.EurekaClientAutoConfiguration$RefreshableEurekaClientConfiguration$$EnhancerBySpringCGLIB$$37b89666
5674 [main] DEBUG o.s.c.a.ConfigurationClassPostProcessor - Replacing bean definition 'org.springframework.cloud.netflix.eureka.EurekaClientAutoConfiguration$RefreshableEurekaClientConfiguration' existing class 'org.springframework.cloud.netflix.eureka.EurekaClientAutoConfiguration$RefreshableEurekaClientConfiguration' with enhanced class 'org.springframework.cloud.netflix.eureka.EurekaClientAutoConfiguration$RefreshableEurekaClientConfiguration$$EnhancerBySpringCGLIB$$37b89666'
5676 [main] DEBUG o.s.c.a.ConfigurationClassEnhancer - Successfully enhanced org.springframework.cloud.netflix.eureka.EurekaClientAutoConfiguration; enhanced class name is: org.springframework.cloud.netflix.eureka.EurekaClientAutoConfiguration$$EnhancerBySpringCGLIB$$c62ae619
5677 [main] DEBUG o.s.c.a.ConfigurationClassPostProcessor - Replacing bean definition 'org.springframework.cloud.netflix.eureka.EurekaClientAutoConfiguration' existing class 'org.springframework.cloud.netflix.eureka.EurekaClientAutoConfiguration' with enhanced class 'org.springframework.cloud.netflix.eureka.EurekaClientAutoConfiguration$$EnhancerBySpringCGLIB$$c62ae619'
5678 [main] DEBUG o.s.c.a.ConfigurationClassEnhancer - Successfully enhanced org.springframework.cloud.client.CommonsClientAutoConfiguration$ActuatorConfiguration; enhanced class name is: org.springframework.cloud.client.CommonsClientAutoConfiguration$ActuatorConfiguration$$EnhancerBySpringCGLIB$$f62769df
5678 [main] DEBUG o.s.c.a.ConfigurationClassPostProcessor - Replacing bean definition 'org.springframework.cloud.client.CommonsClientAutoConfiguration$ActuatorConfiguration' existing class 'org.springframework.cloud.client.CommonsClientAutoConfiguration$ActuatorConfiguration' with enhanced class 'org.springframework.cloud.client.CommonsClientAutoConfiguration$ActuatorConfiguration$$EnhancerBySpringCGLIB$$f62769df'
5680 [main] DEBUG o.s.c.a.ConfigurationClassEnhancer - Successfully enhanced org.springframework.cloud.client.CommonsClientAutoConfiguration; enhanced class name is: org.springframework.cloud.client.CommonsClientAutoConfiguration$$EnhancerBySpringCGLIB$$33cc7d46
5680 [main] DEBUG o.s.c.a.ConfigurationClassPostProcessor - Replacing bean definition 'org.springframework.cloud.client.CommonsClientAutoConfiguration' existing class 'org.springframework.cloud.client.CommonsClientAutoConfiguration' with enhanced class 'org.springframework.cloud.client.CommonsClientAutoConfiguration$$EnhancerBySpringCGLIB$$33cc7d46'
5682 [main] DEBUG o.s.c.a.ConfigurationClassEnhancer - Successfully enhanced org.springframework.cloud.commons.util.UtilAutoConfiguration; enhanced class name is: org.springframework.cloud.commons.util.UtilAutoConfiguration$$EnhancerBySpringCGLIB$$dbe363ce
5682 [main] DEBUG o.s.c.a.ConfigurationClassPostProcessor - Replacing bean definition 'org.springframework.cloud.commons.util.UtilAutoConfiguration' existing class 'org.springframework.cloud.commons.util.UtilAutoConfiguration' with enhanced class 'org.springframework.cloud.commons.util.UtilAutoConfiguration$$EnhancerBySpringCGLIB$$dbe363ce'
5685 [main] DEBUG o.s.c.a.ConfigurationClassEnhancer - Successfully enhanced org.springframework.boot.actuate.autoconfigure.AuditAutoConfiguration; enhanced class name is: org.springframework.boot.actuate.autoconfigure.AuditAutoConfiguration$$EnhancerBySpringCGLIB$$b7809026
5685 [main] DEBUG o.s.c.a.ConfigurationClassPostProcessor - Replacing bean definition 'org.springframework.boot.actuate.autoconfigure.AuditAutoConfiguration' existing class 'org.springframework.boot.actuate.autoconfigure.AuditAutoConfiguration' with enhanced class 'org.springframework.boot.actuate.autoconfigure.AuditAutoConfiguration$$EnhancerBySpringCGLIB$$b7809026'
5688 [main] DEBUG o.s.c.a.ConfigurationClassEnhancer - Successfully enhanced org.springframework.boot.autoconfigure.info.ProjectInfoAutoConfiguration; enhanced class name is: org.springframework.boot.autoconfigure.info.ProjectInfoAutoConfiguration$$EnhancerBySpringCGLIB$$502fa763
5688 [main] DEBUG o.s.c.a.ConfigurationClassPostProcessor - Replacing bean definition 'org.springframework.boot.autoconfigure.info.ProjectInfoAutoConfiguration' existing class 'org.springframework.boot.autoconfigure.info.ProjectInfoAutoConfiguration' with enhanced class 'org.springframework.boot.autoconfigure.info.ProjectInfoAutoConfiguration$$EnhancerBySpringCGLIB$$502fa763'
5693 [main] DEBUG o.s.c.a.ConfigurationClassEnhancer - Successfully enhanced org.springframework.boot.actuate.autoconfigure.InfoContributorAutoConfiguration; enhanced class name is: org.springframework.boot.actuate.autoconfigure.InfoContributorAutoConfiguration$$EnhancerBySpringCGLIB$$bd9c64f4
5693 [main] DEBUG o.s.c.a.ConfigurationClassPostProcessor - Replacing bean definition 'org.springframework.boot.actuate.autoconfigure.InfoContributorAutoConfiguration' existing class 'org.springframework.boot.actuate.autoconfigure.InfoContributorAutoConfiguration' with enhanced class 'org.springframework.boot.actuate.autoconfigure.InfoContributorAutoConfiguration$$EnhancerBySpringCGLIB$$bd9c64f4'
5695 [main] DEBUG o.s.c.a.ConfigurationClassEnhancer - Successfully enhanced org.springframework.boot.actuate.autoconfigure.HealthIndicatorAutoConfiguration$DiskSpaceHealthIndicatorConfiguration; enhanced class name is: org.springframework.boot.actuate.autoconfigure.HealthIndicatorAutoConfiguration$DiskSpaceHealthIndicatorConfiguration$$EnhancerBySpringCGLIB$$b95f05d6
5695 [main] DEBUG o.s.c.a.ConfigurationClassPostProcessor - Replacing bean definition 'org.springframework.boot.actuate.autoconfigure.HealthIndicatorAutoConfiguration$DiskSpaceHealthIndicatorConfiguration' existing class 'org.springframework.boot.actuate.autoconfigure.HealthIndicatorAutoConfiguration$DiskSpaceHealthIndicatorConfiguration' with enhanced class 'org.springframework.boot.actuate.autoconfigure.HealthIndicatorAutoConfiguration$DiskSpaceHealthIndicatorConfiguration$$EnhancerBySpringCGLIB$$b95f05d6'
5697 [main] DEBUG o.s.c.a.ConfigurationClassEnhancer - Successfully enhanced org.springframework.boot.actuate.autoconfigure.HealthIndicatorAutoConfiguration; enhanced class name is: org.springframework.boot.actuate.autoconfigure.HealthIndicatorAutoConfiguration$$EnhancerBySpringCGLIB$$d2f3bf2e
5697 [main] DEBUG o.s.c.a.ConfigurationClassPostProcessor - Replacing bean definition 'org.springframework.boot.actuate.autoconfigure.HealthIndicatorAutoConfiguration' existing class 'org.springframework.boot.actuate.autoconfigure.HealthIndicatorAutoConfiguration' with enhanced class 'org.springframework.boot.actuate.autoconfigure.HealthIndicatorAutoConfiguration$$EnhancerBySpringCGLIB$$d2f3bf2e'
5699 [main] DEBUG o.s.c.a.ConfigurationClassEnhancer - Successfully enhanced org.springframework.cloud.netflix.metrics.MetricsInterceptorConfiguration$MetricsWebResourceConfiguration; enhanced class name is: org.springframework.cloud.netflix.metrics.MetricsInterceptorConfiguration$MetricsWebResourceConfiguration$$EnhancerBySpringCGLIB$$dd8d6f8f
5699 [main] DEBUG o.s.c.a.ConfigurationClassPostProcessor - Replacing bean definition 'org.springframework.cloud.netflix.metrics.MetricsInterceptorConfiguration$MetricsWebResourceConfiguration' existing class 'org.springframework.cloud.netflix.metrics.MetricsInterceptorConfiguration$MetricsWebResourceConfiguration' with enhanced class 'org.springframework.cloud.netflix.metrics.MetricsInterceptorConfiguration$MetricsWebResourceConfiguration$$EnhancerBySpringCGLIB$$dd8d6f8f'
5701 [main] DEBUG o.s.c.a.ConfigurationClassEnhancer - Successfully enhanced org.springframework.cloud.netflix.metrics.MetricsInterceptorConfiguration; enhanced class name is: org.springframework.cloud.netflix.metrics.MetricsInterceptorConfiguration$$EnhancerBySpringCGLIB$$5d06c7c
5701 [main] DEBUG o.s.c.a.ConfigurationClassPostProcessor - Replacing bean definition 'org.springframework.cloud.netflix.metrics.MetricsInterceptorConfiguration' existing class 'org.springframework.cloud.netflix.metrics.MetricsInterceptorConfiguration' with enhanced class 'org.springframework.cloud.netflix.metrics.MetricsInterceptorConfiguration$$EnhancerBySpringCGLIB$$5d06c7c'
5707 [main] DEBUG o.s.c.a.ConfigurationClassEnhancer - Successfully enhanced org.springframework.cloud.netflix.metrics.servo.ServoMetricsAutoConfiguration; enhanced class name is: org.springframework.cloud.netflix.metrics.servo.ServoMetricsAutoConfiguration$$EnhancerBySpringCGLIB$$ab6a8f0
5707 [main] DEBUG o.s.c.a.ConfigurationClassPostProcessor - Replacing bean definition 'org.springframework.cloud.netflix.metrics.servo.ServoMetricsAutoConfiguration' existing class 'org.springframework.cloud.netflix.metrics.servo.ServoMetricsAutoConfiguration' with enhanced class 'org.springframework.cloud.netflix.metrics.servo.ServoMetricsAutoConfiguration$$EnhancerBySpringCGLIB$$ab6a8f0'
5709 [main] DEBUG o.s.c.a.ConfigurationClassEnhancer - Successfully enhanced org.springframework.boot.actuate.autoconfigure.MetricRepositoryAutoConfiguration; enhanced class name is: org.springframework.boot.actuate.autoconfigure.MetricRepositoryAutoConfiguration$$EnhancerBySpringCGLIB$$2433aaf1
5709 [main] DEBUG o.s.c.a.ConfigurationClassPostProcessor - Replacing bean definition 'org.springframework.boot.actuate.autoconfigure.MetricRepositoryAutoConfiguration' existing class 'org.springframework.boot.actuate.autoconfigure.MetricRepositoryAutoConfiguration' with enhanced class 'org.springframework.boot.actuate.autoconfigure.MetricRepositoryAutoConfiguration$$EnhancerBySpringCGLIB$$2433aaf1'
5712 [main] DEBUG o.s.c.a.ConfigurationClassEnhancer - Successfully enhanced org.springframework.boot.autoconfigure.jmx.JmxAutoConfiguration; enhanced class name is: org.springframework.boot.autoconfigure.jmx.JmxAutoConfiguration$$EnhancerBySpringCGLIB$$93a10966
5712 [main] DEBUG o.s.c.a.ConfigurationClassPostProcessor - Replacing bean definition 'org.springframework.boot.autoconfigure.jmx.JmxAutoConfiguration' existing class 'org.springframework.boot.autoconfigure.jmx.JmxAutoConfiguration' with enhanced class 'org.springframework.boot.autoconfigure.jmx.JmxAutoConfiguration$$EnhancerBySpringCGLIB$$93a10966'
5713 [main] DEBUG o.s.c.a.ConfigurationClassEnhancer - Successfully enhanced org.springframework.boot.actuate.autoconfigure.PublicMetricsAutoConfiguration$TomcatMetricsConfiguration; enhanced class name is: org.springframework.boot.actuate.autoconfigure.PublicMetricsAutoConfiguration$TomcatMetricsConfiguration$$EnhancerBySpringCGLIB$$32299472
5714 [main] DEBUG o.s.c.a.ConfigurationClassPostProcessor - Replacing bean definition 'org.springframework.boot.actuate.autoconfigure.PublicMetricsAutoConfiguration$TomcatMetricsConfiguration' existing class 'org.springframework.boot.actuate.autoconfigure.PublicMetricsAutoConfiguration$TomcatMetricsConfiguration' with enhanced class 'org.springframework.boot.actuate.autoconfigure.PublicMetricsAutoConfiguration$TomcatMetricsConfiguration$$EnhancerBySpringCGLIB$$32299472'
5716 [main] DEBUG o.s.c.a.ConfigurationClassEnhancer - Successfully enhanced org.springframework.boot.actuate.autoconfigure.PublicMetricsAutoConfiguration; enhanced class name is: org.springframework.boot.actuate.autoconfigure.PublicMetricsAutoConfiguration$$EnhancerBySpringCGLIB$$d630ffe7
5716 [main] DEBUG o.s.c.a.ConfigurationClassPostProcessor - Replacing bean definition 'org.springframework.boot.actuate.autoconfigure.PublicMetricsAutoConfiguration' existing class 'org.springframework.boot.actuate.autoconfigure.PublicMetricsAutoConfiguration' with enhanced class 'org.springframework.boot.actuate.autoconfigure.PublicMetricsAutoConfiguration$$EnhancerBySpringCGLIB$$d630ffe7'
5718 [main] DEBUG o.s.c.a.ConfigurationClassEnhancer - Successfully enhanced org.springframework.boot.actuate.autoconfigure.EndpointAutoConfiguration$RequestMappingEndpointConfiguration; enhanced class name is: org.springframework.boot.actuate.autoconfigure.EndpointAutoConfiguration$RequestMappingEndpointConfiguration$$EnhancerBySpringCGLIB$$dd796f54
5718 [main] DEBUG o.s.c.a.ConfigurationClassPostProcessor - Replacing bean definition 'org.springframework.boot.actuate.autoconfigure.EndpointAutoConfiguration$RequestMappingEndpointConfiguration' existing class 'org.springframework.boot.actuate.autoconfigure.EndpointAutoConfiguration$RequestMappingEndpointConfiguration' with enhanced class 'org.springframework.boot.actuate.autoconfigure.EndpointAutoConfiguration$RequestMappingEndpointConfiguration$$EnhancerBySpringCGLIB$$dd796f54'
5724 [main] DEBUG o.s.c.a.ConfigurationClassEnhancer - Successfully enhanced org.springframework.boot.actuate.autoconfigure.EndpointAutoConfiguration; enhanced class name is: org.springframework.boot.actuate.autoconfigure.EndpointAutoConfiguration$$EnhancerBySpringCGLIB$$223ed476
5724 [main] DEBUG o.s.c.a.ConfigurationClassPostProcessor - Replacing bean definition 'org.springframework.boot.actuate.autoconfigure.EndpointAutoConfiguration' existing class 'org.springframework.boot.actuate.autoconfigure.EndpointAutoConfiguration' with enhanced class 'org.springframework.boot.actuate.autoconfigure.EndpointAutoConfiguration$$EnhancerBySpringCGLIB$$223ed476'
5728 [main] DEBUG o.s.c.a.ConfigurationClassEnhancer - Successfully enhanced org.springframework.boot.actuate.autoconfigure.EndpointMBeanExportAutoConfiguration; enhanced class name is: org.springframework.boot.actuate.autoconfigure.EndpointMBeanExportAutoConfiguration$$EnhancerBySpringCGLIB$$fddfccc5
5728 [main] DEBUG o.s.c.a.ConfigurationClassPostProcessor - Replacing bean definition 'org.springframework.boot.actuate.autoconfigure.EndpointMBeanExportAutoConfiguration' existing class 'org.springframework.boot.actuate.autoconfigure.EndpointMBeanExportAutoConfiguration' with enhanced class 'org.springframework.boot.actuate.autoconfigure.EndpointMBeanExportAutoConfiguration$$EnhancerBySpringCGLIB$$fddfccc5'
5732 [main] DEBUG o.s.c.a.ConfigurationClassEnhancer - Successfully enhanced org.springframework.boot.autoconfigure.web.ServerPropertiesAutoConfiguration; enhanced class name is: org.springframework.boot.autoconfigure.web.ServerPropertiesAutoConfiguration$$EnhancerBySpringCGLIB$$ca8b161a
5732 [main] DEBUG o.s.c.a.ConfigurationClassPostProcessor - Replacing bean definition 'org.springframework.boot.autoconfigure.web.ServerPropertiesAutoConfiguration' existing class 'org.springframework.boot.autoconfigure.web.ServerPropertiesAutoConfiguration' with enhanced class 'org.springframework.boot.autoconfigure.web.ServerPropertiesAutoConfiguration$$EnhancerBySpringCGLIB$$ca8b161a'
5736 [main] DEBUG o.s.c.a.ConfigurationClassEnhancer - Successfully enhanced org.springframework.boot.actuate.autoconfigure.ManagementServerPropertiesAutoConfiguration; enhanced class name is: org.springframework.boot.actuate.autoconfigure.ManagementServerPropertiesAutoConfiguration$$EnhancerBySpringCGLIB$$fcefeb92
5736 [main] DEBUG o.s.c.a.ConfigurationClassPostProcessor - Replacing bean definition 'org.springframework.boot.actuate.autoconfigure.ManagementServerPropertiesAutoConfiguration' existing class 'org.springframework.boot.actuate.autoconfigure.ManagementServerPropertiesAutoConfiguration' with enhanced class 'org.springframework.boot.actuate.autoconfigure.ManagementServerPropertiesAutoConfiguration$$EnhancerBySpringCGLIB$$fcefeb92'
5738 [main] DEBUG o.s.c.a.ConfigurationClassEnhancer - Successfully enhanced org.springframework.boot.autoconfigure.web.HttpMessageConvertersAutoConfiguration$StringHttpMessageConverterConfiguration; enhanced class name is: org.springframework.boot.autoconfigure.web.HttpMessageConvertersAutoConfiguration$StringHttpMessageConverterConfiguration$$EnhancerBySpringCGLIB$$6163c34a
5738 [main] DEBUG o.s.c.a.ConfigurationClassPostProcessor - Replacing bean definition 'org.springframework.boot.autoconfigure.web.HttpMessageConvertersAutoConfiguration$StringHttpMessageConverterConfiguration' existing class 'org.springframework.boot.autoconfigure.web.HttpMessageConvertersAutoConfiguration$StringHttpMessageConverterConfiguration' with enhanced class 'org.springframework.boot.autoconfigure.web.HttpMessageConvertersAutoConfiguration$StringHttpMessageConverterConfiguration$$EnhancerBySpringCGLIB$$6163c34a'
5740 [main] DEBUG o.s.c.a.ConfigurationClassEnhancer - Successfully enhanced org.springframework.boot.autoconfigure.web.JacksonHttpMessageConvertersConfiguration$MappingJackson2XmlHttpMessageConverterConfiguration; enhanced class name is: org.springframework.boot.autoconfigure.web.JacksonHttpMessageConvertersConfiguration$MappingJackson2XmlHttpMessageConverterConfiguration$$EnhancerBySpringCGLIB$$d16c6b47
5740 [main] DEBUG o.s.c.a.ConfigurationClassPostProcessor - Replacing bean definition 'org.springframework.boot.autoconfigure.web.JacksonHttpMessageConvertersConfiguration$MappingJackson2XmlHttpMessageConverterConfiguration' existing class 'org.springframework.boot.autoconfigure.web.JacksonHttpMessageConvertersConfiguration$MappingJackson2XmlHttpMessageConverterConfiguration' with enhanced class 'org.springframework.boot.autoconfigure.web.JacksonHttpMessageConvertersConfiguration$MappingJackson2XmlHttpMessageConverterConfiguration$$EnhancerBySpringCGLIB$$d16c6b47'
5742 [main] DEBUG o.s.c.a.ConfigurationClassEnhancer - Successfully enhanced org.springframework.boot.autoconfigure.web.JacksonHttpMessageConvertersConfiguration$MappingJackson2HttpMessageConverterConfiguration; enhanced class name is: org.springframework.boot.autoconfigure.web.JacksonHttpMessageConvertersConfiguration$MappingJackson2HttpMessageConverterConfiguration$$EnhancerBySpringCGLIB$$ef71ed4a
5743 [main] DEBUG o.s.c.a.ConfigurationClassPostProcessor - Replacing bean definition 'org.springframework.boot.autoconfigure.web.JacksonHttpMessageConvertersConfiguration$MappingJackson2HttpMessageConverterConfiguration' existing class 'org.springframework.boot.autoconfigure.web.JacksonHttpMessageConvertersConfiguration$MappingJackson2HttpMessageConverterConfiguration' with enhanced class 'org.springframework.boot.autoconfigure.web.JacksonHttpMessageConvertersConfiguration$MappingJackson2HttpMessageConverterConfiguration$$EnhancerBySpringCGLIB$$ef71ed4a'
5744 [main] DEBUG o.s.c.a.ConfigurationClassEnhancer - Successfully enhanced org.springframework.boot.autoconfigure.web.JacksonHttpMessageConvertersConfiguration; enhanced class name is: org.springframework.boot.autoconfigure.web.JacksonHttpMessageConvertersConfiguration$$EnhancerBySpringCGLIB$$825f85c0
5744 [main] DEBUG o.s.c.a.ConfigurationClassPostProcessor - Replacing bean definition 'org.springframework.boot.autoconfigure.web.JacksonHttpMessageConvertersConfiguration' existing class 'org.springframework.boot.autoconfigure.web.JacksonHttpMessageConvertersConfiguration' with enhanced class 'org.springframework.boot.autoconfigure.web.JacksonHttpMessageConvertersConfiguration$$EnhancerBySpringCGLIB$$825f85c0'
5746 [main] DEBUG o.s.c.a.ConfigurationClassEnhancer - Successfully enhanced org.springframework.boot.autoconfigure.web.HttpMessageConvertersAutoConfiguration; enhanced class name is: org.springframework.boot.autoconfigure.web.HttpMessageConvertersAutoConfiguration$$EnhancerBySpringCGLIB$$a4edb8aa
5746 [main] DEBUG o.s.c.a.ConfigurationClassPostProcessor - Replacing bean definition 'org.springframework.boot.autoconfigure.web.HttpMessageConvertersAutoConfiguration' existing class 'org.springframework.boot.autoconfigure.web.HttpMessageConvertersAutoConfiguration' with enhanced class 'org.springframework.boot.autoconfigure.web.HttpMessageConvertersAutoConfiguration$$EnhancerBySpringCGLIB$$a4edb8aa'
5751 [main] DEBUG o.s.c.a.ConfigurationClassEnhancer - Successfully enhanced org.springframework.boot.actuate.autoconfigure.EndpointWebMvcManagementContextConfiguration; enhanced class name is: org.springframework.boot.actuate.autoconfigure.EndpointWebMvcManagementContextConfiguration$$EnhancerBySpringCGLIB$$f209ac3f
5751 [main] DEBUG o.s.c.a.ConfigurationClassPostProcessor - Replacing bean definition 'org.springframework.boot.actuate.autoconfigure.EndpointWebMvcManagementContextConfiguration' existing class 'org.springframework.boot.actuate.autoconfigure.EndpointWebMvcManagementContextConfiguration' with enhanced class 'org.springframework.boot.actuate.autoconfigure.EndpointWebMvcManagementContextConfiguration$$EnhancerBySpringCGLIB$$f209ac3f'
5753 [main] DEBUG o.s.c.a.ConfigurationClassEnhancer - Successfully enhanced org.springframework.boot.actuate.autoconfigure.EndpointWebMvcAutoConfiguration$EndpointWebMvcConfiguration; enhanced class name is: org.springframework.boot.actuate.autoconfigure.EndpointWebMvcAutoConfiguration$EndpointWebMvcConfiguration$$EnhancerBySpringCGLIB$$fc398ae7
5753 [main] DEBUG o.s.c.a.ConfigurationClassPostProcessor - Replacing bean definition 'org.springframework.boot.actuate.autoconfigure.EndpointWebMvcAutoConfiguration$EndpointWebMvcConfiguration' existing class 'org.springframework.boot.actuate.autoconfigure.EndpointWebMvcAutoConfiguration$EndpointWebMvcConfiguration' with enhanced class 'org.springframework.boot.actuate.autoconfigure.EndpointWebMvcAutoConfiguration$EndpointWebMvcConfiguration$$EnhancerBySpringCGLIB$$fc398ae7'
5755 [main] DEBUG o.s.c.a.ConfigurationClassEnhancer - Successfully enhanced org.springframework.boot.actuate.autoconfigure.EndpointWebMvcAutoConfiguration$ApplicationContextFilterConfiguration; enhanced class name is: org.springframework.boot.actuate.autoconfigure.EndpointWebMvcAutoConfiguration$ApplicationContextFilterConfiguration$$EnhancerBySpringCGLIB$$68c367eb
5755 [main] DEBUG o.s.c.a.ConfigurationClassPostProcessor - Replacing bean definition 'org.springframework.boot.actuate.autoconfigure.EndpointWebMvcAutoConfiguration$ApplicationContextFilterConfiguration' existing class 'org.springframework.boot.actuate.autoconfigure.EndpointWebMvcAutoConfiguration$ApplicationContextFilterConfiguration' with enhanced class 'org.springframework.boot.actuate.autoconfigure.EndpointWebMvcAutoConfiguration$ApplicationContextFilterConfiguration$$EnhancerBySpringCGLIB$$68c367eb'
5757 [main] DEBUG o.s.c.a.ConfigurationClassEnhancer - Successfully enhanced org.springframework.boot.actuate.autoconfigure.EndpointWebMvcAutoConfiguration; enhanced class name is: org.springframework.boot.actuate.autoconfigure.EndpointWebMvcAutoConfiguration$$EnhancerBySpringCGLIB$$c6d76670
5758 [main] DEBUG o.s.c.a.ConfigurationClassPostProcessor - Replacing bean definition 'org.springframework.boot.actuate.autoconfigure.EndpointWebMvcAutoConfiguration' existing class 'org.springframework.boot.actuate.autoconfigure.EndpointWebMvcAutoConfiguration' with enhanced class 'org.springframework.boot.actuate.autoconfigure.EndpointWebMvcAutoConfiguration$$EnhancerBySpringCGLIB$$c6d76670'
5760 [main] DEBUG o.s.c.a.ConfigurationClassEnhancer - Successfully enhanced org.springframework.boot.actuate.autoconfigure.MetricExportAutoConfiguration$MetricExportPropertiesConfiguration; enhanced class name is: org.springframework.boot.actuate.autoconfigure.MetricExportAutoConfiguration$MetricExportPropertiesConfiguration$$EnhancerBySpringCGLIB$$42fbd02
5760 [main] DEBUG o.s.c.a.ConfigurationClassPostProcessor - Replacing bean definition 'org.springframework.boot.actuate.autoconfigure.MetricExportAutoConfiguration$MetricExportPropertiesConfiguration' existing class 'org.springframework.boot.actuate.autoconfigure.MetricExportAutoConfiguration$MetricExportPropertiesConfiguration' with enhanced class 'org.springframework.boot.actuate.autoconfigure.MetricExportAutoConfiguration$MetricExportPropertiesConfiguration$$EnhancerBySpringCGLIB$$42fbd02'
5764 [main] DEBUG o.s.c.a.ConfigurationClassEnhancer - Successfully enhanced org.springframework.boot.actuate.autoconfigure.MetricExportAutoConfiguration$StatsdConfiguration; enhanced class name is: org.springframework.boot.actuate.autoconfigure.MetricExportAutoConfiguration$StatsdConfiguration$$EnhancerBySpringCGLIB$$59df6e34
5764 [main] DEBUG o.s.c.a.ConfigurationClassPostProcessor - Replacing bean definition 'org.springframework.boot.actuate.autoconfigure.MetricExportAutoConfiguration$StatsdConfiguration' existing class 'org.springframework.boot.actuate.autoconfigure.MetricExportAutoConfiguration$StatsdConfiguration' with enhanced class 'org.springframework.boot.actuate.autoconfigure.MetricExportAutoConfiguration$StatsdConfiguration$$EnhancerBySpringCGLIB$$59df6e34'
5767 [main] DEBUG o.s.c.a.ConfigurationClassEnhancer - Successfully enhanced org.springframework.scheduling.annotation.SchedulingConfiguration; enhanced class name is: org.springframework.scheduling.annotation.SchedulingConfiguration$$EnhancerBySpringCGLIB$$b58450c5
5767 [main] DEBUG o.s.c.a.ConfigurationClassPostProcessor - Replacing bean definition 'org.springframework.scheduling.annotation.SchedulingConfiguration' existing class 'org.springframework.scheduling.annotation.SchedulingConfiguration' with enhanced class 'org.springframework.scheduling.annotation.SchedulingConfiguration$$EnhancerBySpringCGLIB$$b58450c5'
5769 [main] DEBUG o.s.c.a.ConfigurationClassEnhancer - Successfully enhanced org.springframework.boot.actuate.autoconfigure.MetricExportAutoConfiguration; enhanced class name is: org.springframework.boot.actuate.autoconfigure.MetricExportAutoConfiguration$$EnhancerBySpringCGLIB$$5c1edb07
5769 [main] DEBUG o.s.c.a.ConfigurationClassPostProcessor - Replacing bean definition 'org.springframework.boot.actuate.autoconfigure.MetricExportAutoConfiguration' existing class 'org.springframework.boot.actuate.autoconfigure.MetricExportAutoConfiguration' with enhanced class 'org.springframework.boot.actuate.autoconfigure.MetricExportAutoConfiguration$$EnhancerBySpringCGLIB$$5c1edb07'
5770 [main] DEBUG o.s.c.a.ConfigurationClassEnhancer - Successfully enhanced org.springframework.boot.actuate.autoconfigure.MetricFilterAutoConfiguration; enhanced class name is: org.springframework.boot.actuate.autoconfigure.MetricFilterAutoConfiguration$$EnhancerBySpringCGLIB$$3085ef43
5770 [main] DEBUG o.s.c.a.ConfigurationClassPostProcessor - Replacing bean definition 'org.springframework.boot.actuate.autoconfigure.MetricFilterAutoConfiguration' existing class 'org.springframework.boot.actuate.autoconfigure.MetricFilterAutoConfiguration' with enhanced class 'org.springframework.boot.actuate.autoconfigure.MetricFilterAutoConfiguration$$EnhancerBySpringCGLIB$$3085ef43'
5772 [main] DEBUG o.s.c.a.ConfigurationClassEnhancer - Successfully enhanced org.springframework.boot.actuate.autoconfigure.TraceRepositoryAutoConfiguration; enhanced class name is: org.springframework.boot.actuate.autoconfigure.TraceRepositoryAutoConfiguration$$EnhancerBySpringCGLIB$$69827fd2
5772 [main] DEBUG o.s.c.a.ConfigurationClassPostProcessor - Replacing bean definition 'org.springframework.boot.actuate.autoconfigure.TraceRepositoryAutoConfiguration' existing class 'org.springframework.boot.actuate.autoconfigure.TraceRepositoryAutoConfiguration' with enhanced class 'org.springframework.boot.actuate.autoconfigure.TraceRepositoryAutoConfiguration$$EnhancerBySpringCGLIB$$69827fd2'
5775 [main] DEBUG o.s.c.a.ConfigurationClassEnhancer - Successfully enhanced org.springframework.boot.actuate.autoconfigure.TraceWebFilterAutoConfiguration; enhanced class name is: org.springframework.boot.actuate.autoconfigure.TraceWebFilterAutoConfiguration$$EnhancerBySpringCGLIB$$c9dc424
5775 [main] DEBUG o.s.c.a.ConfigurationClassPostProcessor - Replacing bean definition 'org.springframework.boot.actuate.autoconfigure.TraceWebFilterAutoConfiguration' existing class 'org.springframework.boot.actuate.autoconfigure.TraceWebFilterAutoConfiguration' with enhanced class 'org.springframework.boot.actuate.autoconfigure.TraceWebFilterAutoConfiguration$$EnhancerBySpringCGLIB$$c9dc424'
5776 [main] DEBUG o.s.c.a.ConfigurationClassEnhancer - Successfully enhanced org.springframework.boot.autoconfigure.context.ConfigurationPropertiesAutoConfiguration; enhanced class name is: org.springframework.boot.autoconfigure.context.ConfigurationPropertiesAutoConfiguration$$EnhancerBySpringCGLIB$$3bf2598
5776 [main] DEBUG o.s.c.a.ConfigurationClassPostProcessor - Replacing bean definition 'org.springframework.boot.autoconfigure.context.ConfigurationPropertiesAutoConfiguration' existing class 'org.springframework.boot.autoconfigure.context.ConfigurationPropertiesAutoConfiguration' with enhanced class 'org.springframework.boot.autoconfigure.context.ConfigurationPropertiesAutoConfiguration$$EnhancerBySpringCGLIB$$3bf2598'
5779 [main] DEBUG o.s.c.a.ConfigurationClassEnhancer - Successfully enhanced org.springframework.boot.autoconfigure.freemarker.FreeMarkerAutoConfiguration$FreeMarkerWebConfiguration; enhanced class name is: org.springframework.boot.autoconfigure.freemarker.FreeMarkerAutoConfiguration$FreeMarkerWebConfiguration$$EnhancerBySpringCGLIB$$25898816
5779 [main] DEBUG o.s.c.a.ConfigurationClassPostProcessor - Replacing bean definition 'org.springframework.boot.autoconfigure.freemarker.FreeMarkerAutoConfiguration$FreeMarkerWebConfiguration' existing class 'org.springframework.boot.autoconfigure.freemarker.FreeMarkerAutoConfiguration$FreeMarkerWebConfiguration' with enhanced class 'org.springframework.boot.autoconfigure.freemarker.FreeMarkerAutoConfiguration$FreeMarkerWebConfiguration$$EnhancerBySpringCGLIB$$25898816'
5782 [main] DEBUG o.s.c.a.ConfigurationClassEnhancer - Successfully enhanced org.springframework.boot.autoconfigure.freemarker.FreeMarkerAutoConfiguration; enhanced class name is: org.springframework.boot.autoconfigure.freemarker.FreeMarkerAutoConfiguration$$EnhancerBySpringCGLIB$$9ab6ccd4
5782 [main] DEBUG o.s.c.a.ConfigurationClassPostProcessor - Replacing bean definition 'org.springframework.boot.autoconfigure.freemarker.FreeMarkerAutoConfiguration' existing class 'org.springframework.boot.autoconfigure.freemarker.FreeMarkerAutoConfiguration' with enhanced class 'org.springframework.boot.autoconfigure.freemarker.FreeMarkerAutoConfiguration$$EnhancerBySpringCGLIB$$9ab6ccd4'
5784 [main] DEBUG o.s.c.a.ConfigurationClassEnhancer - Successfully enhanced org.springframework.boot.autoconfigure.web.HttpEncodingAutoConfiguration; enhanced class name is: org.springframework.boot.autoconfigure.web.HttpEncodingAutoConfiguration$$EnhancerBySpringCGLIB$$eb2200f5
5784 [main] DEBUG o.s.c.a.ConfigurationClassPostProcessor - Replacing bean definition 'org.springframework.boot.autoconfigure.web.HttpEncodingAutoConfiguration' existing class 'org.springframework.boot.autoconfigure.web.HttpEncodingAutoConfiguration' with enhanced class 'org.springframework.boot.autoconfigure.web.HttpEncodingAutoConfiguration$$EnhancerBySpringCGLIB$$eb2200f5'
5786 [main] DEBUG o.s.c.a.ConfigurationClassEnhancer - Successfully enhanced org.springframework.boot.autoconfigure.web.MultipartAutoConfiguration; enhanced class name is: org.springframework.boot.autoconfigure.web.MultipartAutoConfiguration$$EnhancerBySpringCGLIB$$cee34d90
5786 [main] DEBUG o.s.c.a.ConfigurationClassPostProcessor - Replacing bean definition 'org.springframework.boot.autoconfigure.web.MultipartAutoConfiguration' existing class 'org.springframework.boot.autoconfigure.web.MultipartAutoConfiguration' with enhanced class 'org.springframework.boot.autoconfigure.web.MultipartAutoConfiguration$$EnhancerBySpringCGLIB$$cee34d90'
5788 [main] DEBUG o.s.c.a.ConfigurationClassEnhancer - Successfully enhanced org.springframework.boot.autoconfigure.web.WebClientAutoConfiguration$RestTemplateConfiguration; enhanced class name is: org.springframework.boot.autoconfigure.web.WebClientAutoConfiguration$RestTemplateConfiguration$$EnhancerBySpringCGLIB$$1b651161
5788 [main] DEBUG o.s.c.a.ConfigurationClassPostProcessor - Replacing bean definition 'org.springframework.boot.autoconfigure.web.WebClientAutoConfiguration$RestTemplateConfiguration' existing class 'org.springframework.boot.autoconfigure.web.WebClientAutoConfiguration$RestTemplateConfiguration' with enhanced class 'org.springframework.boot.autoconfigure.web.WebClientAutoConfiguration$RestTemplateConfiguration$$EnhancerBySpringCGLIB$$1b651161'
5790 [main] DEBUG o.s.c.a.ConfigurationClassEnhancer - Successfully enhanced org.springframework.boot.autoconfigure.web.WebClientAutoConfiguration; enhanced class name is: org.springframework.boot.autoconfigure.web.WebClientAutoConfiguration$$EnhancerBySpringCGLIB$$24d4befd
5790 [main] DEBUG o.s.c.a.ConfigurationClassPostProcessor - Replacing bean definition 'org.springframework.boot.autoconfigure.web.WebClientAutoConfiguration' existing class 'org.springframework.boot.autoconfigure.web.WebClientAutoConfiguration' with enhanced class 'org.springframework.boot.autoconfigure.web.WebClientAutoConfiguration$$EnhancerBySpringCGLIB$$24d4befd'
5790 [main] DEBUG o.s.c.a.ConfigurationClassEnhancer - Successfully enhanced org.springframework.cloud.autoconfigure.ConfigurationPropertiesRebinderAutoConfiguration; enhanced class name is: org.springframework.cloud.autoconfigure.ConfigurationPropertiesRebinderAutoConfiguration$$EnhancerBySpringCGLIB$$304f9d47
5790 [main] DEBUG o.s.c.a.ConfigurationClassPostProcessor - Replacing bean definition 'org.springframework.cloud.autoconfigure.ConfigurationPropertiesRebinderAutoConfiguration' existing class 'org.springframework.cloud.autoconfigure.ConfigurationPropertiesRebinderAutoConfiguration' with enhanced class 'org.springframework.cloud.autoconfigure.ConfigurationPropertiesRebinderAutoConfiguration$$EnhancerBySpringCGLIB$$304f9d47'
5793 [main] DEBUG o.s.c.a.ConfigurationClassEnhancer - Successfully enhanced org.springframework.cloud.autoconfigure.RefreshEndpointAutoConfiguration$RefreshEndpointConfiguration; enhanced class name is: org.springframework.cloud.autoconfigure.RefreshEndpointAutoConfiguration$RefreshEndpointConfiguration$$EnhancerBySpringCGLIB$$9c8131ab
5793 [main] DEBUG o.s.c.a.ConfigurationClassPostProcessor - Replacing bean definition 'org.springframework.cloud.autoconfigure.RefreshEndpointAutoConfiguration$RefreshEndpointConfiguration' existing class 'org.springframework.cloud.autoconfigure.RefreshEndpointAutoConfiguration$RefreshEndpointConfiguration' with enhanced class 'org.springframework.cloud.autoconfigure.RefreshEndpointAutoConfiguration$RefreshEndpointConfiguration$$EnhancerBySpringCGLIB$$9c8131ab'
5796 [main] DEBUG o.s.c.a.ConfigurationClassEnhancer - Successfully enhanced org.springframework.cloud.autoconfigure.RefreshEndpointAutoConfiguration; enhanced class name is: org.springframework.cloud.autoconfigure.RefreshEndpointAutoConfiguration$$EnhancerBySpringCGLIB$$d9ae9f3d
5796 [main] DEBUG o.s.c.a.ConfigurationClassPostProcessor - Replacing bean definition 'org.springframework.cloud.autoconfigure.RefreshEndpointAutoConfiguration' existing class 'org.springframework.cloud.autoconfigure.RefreshEndpointAutoConfiguration' with enhanced class 'org.springframework.cloud.autoconfigure.RefreshEndpointAutoConfiguration$$EnhancerBySpringCGLIB$$d9ae9f3d'
5799 [main] DEBUG o.s.c.a.ConfigurationClassEnhancer - Successfully enhanced org.springframework.cloud.autoconfigure.LifecycleMvcEndpointAutoConfiguration; enhanced class name is: org.springframework.cloud.autoconfigure.LifecycleMvcEndpointAutoConfiguration$$EnhancerBySpringCGLIB$$c4d608ba
5799 [main] DEBUG o.s.c.a.ConfigurationClassPostProcessor - Replacing bean definition 'org.springframework.cloud.autoconfigure.LifecycleMvcEndpointAutoConfiguration' existing class 'org.springframework.cloud.autoconfigure.LifecycleMvcEndpointAutoConfiguration' with enhanced class 'org.springframework.cloud.autoconfigure.LifecycleMvcEndpointAutoConfiguration$$EnhancerBySpringCGLIB$$c4d608ba'
5802 [main] DEBUG o.s.c.a.ConfigurationClassEnhancer - Successfully enhanced org.springframework.cloud.netflix.ribbon.RibbonAutoConfiguration; enhanced class name is: org.springframework.cloud.netflix.ribbon.RibbonAutoConfiguration$$EnhancerBySpringCGLIB$$1181fa24
5802 [main] DEBUG o.s.c.a.ConfigurationClassPostProcessor - Replacing bean definition 'org.springframework.cloud.netflix.ribbon.RibbonAutoConfiguration' existing class 'org.springframework.cloud.netflix.ribbon.RibbonAutoConfiguration' with enhanced class 'org.springframework.cloud.netflix.ribbon.RibbonAutoConfiguration$$EnhancerBySpringCGLIB$$1181fa24'
5804 [main] DEBUG o.s.c.a.ConfigurationClassEnhancer - Successfully enhanced org.springframework.cloud.client.loadbalancer.LoadBalancerAutoConfiguration; enhanced class name is: org.springframework.cloud.client.loadbalancer.LoadBalancerAutoConfiguration$$EnhancerBySpringCGLIB$$f200ba8b
5804 [main] DEBUG o.s.c.a.ConfigurationClassPostProcessor - Replacing bean definition 'org.springframework.cloud.client.loadbalancer.LoadBalancerAutoConfiguration' existing class 'org.springframework.cloud.client.loadbalancer.LoadBalancerAutoConfiguration' with enhanced class 'org.springframework.cloud.client.loadbalancer.LoadBalancerAutoConfiguration$$EnhancerBySpringCGLIB$$f200ba8b'
5809 [main] DEBUG o.s.c.a.ConfigurationClassEnhancer - Successfully enhanced org.springframework.cloud.netflix.archaius.ArchaiusAutoConfiguration$PropagateEventsConfiguration; enhanced class name is: org.springframework.cloud.netflix.archaius.ArchaiusAutoConfiguration$PropagateEventsConfiguration$$EnhancerBySpringCGLIB$$73bf7fd2
5809 [main] DEBUG o.s.c.a.ConfigurationClassPostProcessor - Replacing bean definition 'org.springframework.cloud.netflix.archaius.ArchaiusAutoConfiguration$PropagateEventsConfiguration' existing class 'org.springframework.cloud.netflix.archaius.ArchaiusAutoConfiguration$PropagateEventsConfiguration' with enhanced class 'org.springframework.cloud.netflix.archaius.ArchaiusAutoConfiguration$PropagateEventsConfiguration$$EnhancerBySpringCGLIB$$73bf7fd2'
5810 [main] DEBUG o.s.c.a.ConfigurationClassEnhancer - Successfully enhanced org.springframework.cloud.netflix.archaius.ArchaiusAutoConfiguration$ArchaiusEndpointConfiguration; enhanced class name is: org.springframework.cloud.netflix.archaius.ArchaiusAutoConfiguration$ArchaiusEndpointConfiguration$$EnhancerBySpringCGLIB$$4eac76a5
5811 [main] DEBUG o.s.c.a.ConfigurationClassPostProcessor - Replacing bean definition 'org.springframework.cloud.netflix.archaius.ArchaiusAutoConfiguration$ArchaiusEndpointConfiguration' existing class 'org.springframework.cloud.netflix.archaius.ArchaiusAutoConfiguration$ArchaiusEndpointConfiguration' with enhanced class 'org.springframework.cloud.netflix.archaius.ArchaiusAutoConfiguration$ArchaiusEndpointConfiguration$$EnhancerBySpringCGLIB$$4eac76a5'
5814 [main] DEBUG o.s.c.a.ConfigurationClassEnhancer - Successfully enhanced org.springframework.cloud.netflix.archaius.ArchaiusAutoConfiguration; enhanced class name is: org.springframework.cloud.netflix.archaius.ArchaiusAutoConfiguration$$EnhancerBySpringCGLIB$$fd7db64
5814 [main] DEBUG o.s.c.a.ConfigurationClassPostProcessor - Replacing bean definition 'org.springframework.cloud.netflix.archaius.ArchaiusAutoConfiguration' existing class 'org.springframework.cloud.netflix.archaius.ArchaiusAutoConfiguration' with enhanced class 'org.springframework.cloud.netflix.archaius.ArchaiusAutoConfiguration$$EnhancerBySpringCGLIB$$fd7db64'
5816 [main] DEBUG o.s.c.a.ConfigurationClassEnhancer - Successfully enhanced org.springframework.cloud.netflix.hystrix.HystrixAutoConfiguration; enhanced class name is: org.springframework.cloud.netflix.hystrix.HystrixAutoConfiguration$$EnhancerBySpringCGLIB$$c3a3fbe2
5816 [main] DEBUG o.s.c.a.ConfigurationClassPostProcessor - Replacing bean definition 'org.springframework.cloud.netflix.hystrix.HystrixAutoConfiguration' existing class 'org.springframework.cloud.netflix.hystrix.HystrixAutoConfiguration' with enhanced class 'org.springframework.cloud.netflix.hystrix.HystrixAutoConfiguration$$EnhancerBySpringCGLIB$$c3a3fbe2'
5818 [main] DEBUG o.s.c.a.ConfigurationClassEnhancer - Successfully enhanced org.springframework.cloud.netflix.ribbon.eureka.RibbonEurekaAutoConfiguration; enhanced class name is: org.springframework.cloud.netflix.ribbon.eureka.RibbonEurekaAutoConfiguration$$EnhancerBySpringCGLIB$$e73fe6ee
5818 [main] DEBUG o.s.c.a.ConfigurationClassPostProcessor - Replacing bean definition 'org.springframework.cloud.netflix.ribbon.eureka.RibbonEurekaAutoConfiguration' existing class 'org.springframework.cloud.netflix.ribbon.eureka.RibbonEurekaAutoConfiguration' with enhanced class 'org.springframework.cloud.netflix.ribbon.eureka.RibbonEurekaAutoConfiguration$$EnhancerBySpringCGLIB$$e73fe6ee'
5821 [main] DEBUG o.s.c.a.ConfigurationClassEnhancer - Successfully enhanced org.springframework.cloud.netflix.rx.RxJavaAutoConfiguration$RxJavaReturnValueHandlerConfig; enhanced class name is: org.springframework.cloud.netflix.rx.RxJavaAutoConfiguration$RxJavaReturnValueHandlerConfig$$EnhancerBySpringCGLIB$$71fdfd73
5821 [main] DEBUG o.s.c.a.ConfigurationClassPostProcessor - Replacing bean definition 'org.springframework.cloud.netflix.rx.RxJavaAutoConfiguration$RxJavaReturnValueHandlerConfig' existing class 'org.springframework.cloud.netflix.rx.RxJavaAutoConfiguration$RxJavaReturnValueHandlerConfig' with enhanced class 'org.springframework.cloud.netflix.rx.RxJavaAutoConfiguration$RxJavaReturnValueHandlerConfig$$EnhancerBySpringCGLIB$$71fdfd73'
5822 [main] DEBUG o.s.c.a.ConfigurationClassEnhancer - Successfully enhanced org.springframework.cloud.netflix.rx.RxJavaAutoConfiguration; enhanced class name is: org.springframework.cloud.netflix.rx.RxJavaAutoConfiguration$$EnhancerBySpringCGLIB$$e2dbf0e2
5822 [main] DEBUG o.s.c.a.ConfigurationClassPostProcessor - Replacing bean definition 'org.springframework.cloud.netflix.rx.RxJavaAutoConfiguration' existing class 'org.springframework.cloud.netflix.rx.RxJavaAutoConfiguration' with enhanced class 'org.springframework.cloud.netflix.rx.RxJavaAutoConfiguration$$EnhancerBySpringCGLIB$$e2dbf0e2'
5822 [main] DEBUG o.s.b.f.s.DefaultListableBeanFactory - Registering scope 'refresh' with implementation [org.springframework.cloud.context.scope.refresh.RefreshScope@621f89b8]
5823 [main] DEBUG o.s.c.context.scope.GenericScope - Generating bean factory id from names: [application, applicationContextIdFilter, archaiusEndpoint, auditEventRepository, auditListener, autoConfigurationReportEndpoint, basicErrorController, beanNameHandlerMapping, beanNameViewResolver, beansEndpoint, characterEncodingFilter, commonsFeatures, configurableEnvironmentConfiguration, configurationPropertiesBeans, configurationPropertiesRebinder, configurationPropertiesReportEndpoint, contextRefresher, conventionErrorViewResolver, default.org.springframework.cloud.netflix.ribbon.RibbonAutoConfiguration.RibbonClientSpecification, default.org.springframework.cloud.netflix.ribbon.eureka.RibbonEurekaAutoConfiguration.RibbonClientSpecification, defaultMetricsTagProvider, defaultServletHandlerMapping, defaultViewResolver, discoveryClient, discoveryClientHealthIndicator, discoveryClientOptionalArgs, discoveryCompositeHealthIndicator, diskSpaceHealthIndicator, diskSpaceHealthIndicatorProperties, dispatcherServlet, dispatcherServletRegistration, dumpEndpoint, duplicateServerPropertiesDetector, embeddedServletContainerCustomizerBeanPostProcessor, endpointHandlerMapping, endpointMBeanExporter, endpoints-org.springframework.boot.actuate.endpoint.EndpointProperties, endpoints.cors-org.springframework.boot.actuate.autoconfigure.EndpointCorsProperties, endpoints.health-org.springframework.boot.actuate.autoconfigure.HealthMvcEndpointProperties, endpoints.jmx-org.springframework.boot.actuate.autoconfigure.EndpointMBeanExportProperties, endpoints.metrics.filter-org.springframework.boot.actuate.autoconfigure.MetricFilterProperties, envInfoContributor, environmentEndpoint, environmentManager, environmentManagerEndpoint, environmentMvcEndpoint, error, errorAttributes, errorPageCustomizer, errorPageRegistrarBeanPostProcessor, eureka.dashboard-org.springframework.cloud.netflix.eureka.server.EurekaDashboardProperties, eurekaApplicationInfoManager, eurekaClient, eurekaClientConfigBean, eurekaController, eurekaFeature, eurekaHealthIndicator, eurekaInstanceConfigBean, eurekaServerBootstrap, eurekaServerConfig, eurekaServerContext, eurekaServerFeature, faviconHandlerMapping, faviconRequestHandler, featuresEndpoint, freeMarkerConfiguration, freeMarkerConfigurer, freeMarkerViewResolver, handlerExceptionResolver, healthAggregator, healthEndpoint, healthMvcEndpoint, heapdumpMvcEndpoint, hiddenHttpMethodFilter, httpPutFormContentFilter, httpRequestHandlerAdapter, hystrixHealthIndicator, inetUtils, inetUtilsProperties, infoEndpoint, jacksonObjectMapper, jacksonObjectMapperBuilder, jerseyApplication, jerseyFilterRegistration, jsonComponentModule, loadBalancedRestTemplateInitializer, loadBalancerClient, localeCharsetMappingsCustomizer, loggingRebinder, management.health.status-org.springframework.boot.actuate.autoconfigure.HealthIndicatorProperties, management.info-org.springframework.boot.actuate.autoconfigure.InfoContributorProperties, management.trace-org.springframework.boot.actuate.trace.TraceProperties, managementContextResolver, managementServerProperties, managementServletContext, mappingJackson2HttpMessageConverter, mappingJackson2XmlHttpMessageConverter, mbeanExporter, mbeanServer, messageConverters, metricReaderPublicMetrics, metricWritersMetricExporter, metricsEndpoint, metricsFilter, metricsMvcEndpoint, monitorCache, monitorRegistry, multipartConfigElement, multipartResolver, mvcContentNegotiationManager, mvcConversionService, mvcEndpoints, mvcPathMatcher, mvcResourceUrlProvider, mvcUriComponentsContributor, mvcUrlPathHelper, mvcValidator, mvcViewResolver, objectNamingStrategy, observableMVCConfiguration, org.springframework.boot.actuate.autoconfigure.AuditAutoConfiguration, org.springframework.boot.actuate.autoconfigure.AuditAutoConfiguration$AuditEventRepositoryConfiguration, org.springframework.boot.actuate.autoconfigure.EndpointAutoConfiguration, org.springframework.boot.actuate.autoconfigure.EndpointAutoConfiguration$RequestMappingEndpointConfiguration, org.springframework.boot.actuate.autoconfigure.EndpointMBeanExportAutoConfiguration, org.springframework.boot.actuate.autoconfigure.EndpointWebMvcAutoConfiguration, org.springframework.boot.actuate.autoconfigure.EndpointWebMvcAutoConfiguration$ApplicationContextFilterConfiguration, org.springframework.boot.actuate.autoconfigure.EndpointWebMvcAutoConfiguration$EndpointWebMvcConfiguration, org.springframework.boot.actuate.autoconfigure.EndpointWebMvcManagementContextConfiguration, org.springframework.boot.actuate.autoconfigure.HealthIndicatorAutoConfiguration, org.springframework.boot.actuate.autoconfigure.HealthIndicatorAutoConfiguration$DiskSpaceHealthIndicatorConfiguration, org.springframework.boot.actuate.autoconfigure.InfoContributorAutoConfiguration, org.springframework.boot.actuate.autoconfigure.ManagementServerPropertiesAutoConfiguration, org.springframework.boot.actuate.autoconfigure.MetricExportAutoConfiguration, org.springframework.boot.actuate.autoconfigure.MetricExportAutoConfiguration$MetricExportPropertiesConfiguration, org.springframework.boot.actuate.autoconfigure.MetricExportAutoConfiguration$StatsdConfiguration, org.springframework.boot.actuate.autoconfigure.MetricFilterAutoConfiguration, org.springframework.boot.actuate.autoconfigure.MetricRepositoryAutoConfiguration, org.springframework.boot.actuate.autoconfigure.PublicMetricsAutoConfiguration, org.springframework.boot.actuate.autoconfigure.PublicMetricsAutoConfiguration$TomcatMetricsConfiguration, org.springframework.boot.actuate.autoconfigure.TraceRepositoryAutoConfiguration, org.springframework.boot.actuate.autoconfigure.TraceWebFilterAutoConfiguration, org.springframework.boot.autoconfigure.AutoConfigurationPackages, org.springframework.boot.autoconfigure.PropertyPlaceholderAutoConfiguration, org.springframework.boot.autoconfigure.condition.BeanTypeRegistry, org.springframework.boot.autoconfigure.context.ConfigurationPropertiesAutoConfiguration, org.springframework.boot.autoconfigure.freemarker.FreeMarkerAutoConfiguration, org.springframework.boot.autoconfigure.freemarker.FreeMarkerAutoConfiguration$FreeMarkerWebConfiguration, org.springframework.boot.autoconfigure.info.ProjectInfoAutoConfiguration, org.springframework.boot.autoconfigure.internalCachingMetadataReaderFactory, org.springframework.boot.autoconfigure.jackson.JacksonAutoConfiguration, org.springframework.boot.autoconfigure.jackson.JacksonAutoConfiguration$Jackson2ObjectMapperBuilderCustomizerConfiguration, org.springframework.boot.autoconfigure.jackson.JacksonAutoConfiguration$JacksonObjectMapperBuilderConfiguration, org.springframework.boot.autoconfigure.jackson.JacksonAutoConfiguration$JacksonObjectMapperConfiguration, org.springframework.boot.autoconfigure.jmx.JmxAutoConfiguration, org.springframework.boot.autoconfigure.web.DispatcherServletAutoConfiguration, org.springframework.boot.autoconfigure.web.DispatcherServletAutoConfiguration$DispatcherServletConfiguration, org.springframework.boot.autoconfigure.web.DispatcherServletAutoConfiguration$DispatcherServletRegistrationConfiguration, org.springframework.boot.autoconfigure.web.EmbeddedServletContainerAutoConfiguration, org.springframework.boot.autoconfigure.web.EmbeddedServletContainerAutoConfiguration$EmbeddedTomcat, org.springframework.boot.autoconfigure.web.ErrorMvcAutoConfiguration, org.springframework.boot.autoconfigure.web.ErrorMvcAutoConfiguration$WhitelabelErrorViewConfiguration, org.springframework.boot.autoconfigure.web.HttpEncodingAutoConfiguration, org.springframework.boot.autoconfigure.web.HttpMessageConvertersAutoConfiguration, org.springframework.boot.autoconfigure.web.HttpMessageConvertersAutoConfiguration$StringHttpMessageConverterConfiguration, org.springframework.boot.autoconfigure.web.JacksonHttpMessageConvertersConfiguration, org.springframework.boot.autoconfigure.web.JacksonHttpMessageConvertersConfiguration$MappingJackson2HttpMessageConverterConfiguration, org.springframework.boot.autoconfigure.web.JacksonHttpMessageConvertersConfiguration$MappingJackson2XmlHttpMessageConverterConfiguration, org.springframework.boot.autoconfigure.web.MultipartAutoConfiguration, org.springframework.boot.autoconfigure.web.ServerPropertiesAutoConfiguration, org.springframework.boot.autoconfigure.web.WebClientAutoConfiguration, org.springframework.boot.autoconfigure.web.WebClientAutoConfiguration$RestTemplateConfiguration, org.springframework.boot.autoconfigure.web.WebMvcAutoConfiguration, org.springframework.boot.autoconfigure.web.WebMvcAutoConfiguration$EnableWebMvcConfiguration, org.springframework.boot.autoconfigure.web.WebMvcAutoConfiguration$WebMvcAutoConfigurationAdapter, org.springframework.boot.autoconfigure.web.WebMvcAutoConfiguration$WebMvcAutoConfigurationAdapter$FaviconConfiguration, org.springframework.boot.autoconfigure.websocket.WebSocketAutoConfiguration, org.springframework.boot.autoconfigure.websocket.WebSocketAutoConfiguration$TomcatWebSocketConfiguration, org.springframework.boot.context.properties.ConfigurationPropertiesBindingPostProcessor, org.springframework.boot.context.properties.ConfigurationPropertiesBindingPostProcessor.store, org.springframework.cloud.autoconfigure.ConfigurationPropertiesRebinderAutoConfiguration, org.springframework.cloud.autoconfigure.LifecycleMvcEndpointAutoConfiguration, org.springframework.cloud.autoconfigure.RefreshAutoConfiguration, org.springframework.cloud.autoconfigure.RefreshEndpointAutoConfiguration, org.springframework.cloud.autoconfigure.RefreshEndpointAutoConfiguration$RefreshEndpointConfiguration, org.springframework.cloud.autoconfigure.RefreshEndpointAutoConfiguration$RestartEndpointWithoutIntegration, org.springframework.cloud.client.CommonsClientAutoConfiguration, org.springframework.cloud.client.CommonsClientAutoConfiguration$ActuatorConfiguration, org.springframework.cloud.client.loadbalancer.LoadBalancerAutoConfiguration, org.springframework.cloud.commons.util.UtilAutoConfiguration, org.springframework.cloud.netflix.archaius.ArchaiusAutoConfiguration, org.springframework.cloud.netflix.archaius.ArchaiusAutoConfiguration$ArchaiusEndpointConfiguration, org.springframework.cloud.netflix.archaius.ArchaiusAutoConfiguration$PropagateEventsConfiguration, org.springframework.cloud.netflix.eureka.EurekaClientAutoConfiguration, org.springframework.cloud.netflix.eureka.EurekaClientAutoConfiguration$RefreshableEurekaClientConfiguration, org.springframework.cloud.netflix.eureka.EurekaDiscoveryClientConfiguration, org.springframework.cloud.netflix.eureka.EurekaDiscoveryClientConfiguration$EurekaClientConfigurationRefresher, org.springframework.cloud.netflix.eureka.EurekaDiscoveryClientConfiguration$EurekaHealthIndicatorConfiguration, org.springframework.cloud.netflix.eureka.server.EurekaServerConfiguration, org.springframework.cloud.netflix.eureka.server.EurekaServerConfiguration$EurekaServerConfigBeanConfiguration, org.springframework.cloud.netflix.eureka.server.EurekaServerInitializerConfiguration, org.springframework.cloud.netflix.hystrix.HystrixAutoConfiguration, org.springframework.cloud.netflix.metrics.MetricsInterceptorConfiguration, org.springframework.cloud.netflix.metrics.MetricsInterceptorConfiguration$MetricsWebResourceConfiguration, org.springframework.cloud.netflix.metrics.servo.ServoMetricsAutoConfiguration, org.springframework.cloud.netflix.ribbon.RibbonAutoConfiguration, org.springframework.cloud.netflix.ribbon.eureka.RibbonEurekaAutoConfiguration, org.springframework.cloud.netflix.rx.RxJavaAutoConfiguration, org.springframework.cloud.netflix.rx.RxJavaAutoConfiguration$RxJavaReturnValueHandlerConfig, org.springframework.context.annotation.internalAutowiredAnnotationProcessor, org.springframework.context.annotation.internalCommonAnnotationProcessor, org.springframework.context.annotation.internalConfigurationAnnotationProcessor, org.springframework.context.annotation.internalRequiredAnnotationProcessor, org.springframework.context.annotation.internalScheduledAnnotationProcessor, org.springframework.context.event.internalEventListenerFactory, org.springframework.context.event.internalEventListenerProcessor, org.springframework.scheduling.annotation.SchedulingConfiguration, pauseEndpoint, pauseMvcEndpoint, peerAwareInstanceRegistry, peerEurekaNodes, preserveErrorControllerTargetClassPostProcessor, propertySourcesPlaceholderConfigurer, refreshEndpoint, refreshEventListener, refreshMvcEndpoint, refreshScope, refreshScopeHealthIndicator, requestContextFilter, requestMappingEndpoint, requestMappingHandlerAdapter, requestMappingHandlerMapping, resourceHandlerMapping, restTemplateBuilder, restTemplateCustomizer, restartEndpoint, restartMvcEndpoint, resumeEndpoint, resumeMvcEndpoint, ribbonFeature, ribbonInterceptor, rxFeature, scopedTarget.eurekaApplicationInfoManager, scopedTarget.eurekaClient, serverCodecs, serverProperties, servoMetricNaming, servoMetricReader, servoMetricServices, servoMetricsConfig, servoMonitoringWebResourceInterceptor, servoPublicMetrics, shutdownEndpoint, simpleControllerHandlerAdapter, singleReturnValueHandler, spring.freemarker-org.springframework.boot.autoconfigure.freemarker.FreeMarkerProperties, spring.http.encoding-org.springframework.boot.autoconfigure.web.HttpEncodingProperties, spring.http.multipart-org.springframework.boot.autoconfigure.web.MultipartProperties, spring.info-org.springframework.boot.autoconfigure.info.ProjectInfoProperties, spring.jackson-org.springframework.boot.autoconfigure.jackson.JacksonProperties, spring.metrics.export-org.springframework.boot.actuate.metrics.export.MetricExportProperties, spring.mvc-org.springframework.boot.autoconfigure.web.WebMvcProperties, spring.resources-org.springframework.boot.autoconfigure.web.ResourceProperties, springClientFactory, standardJacksonObjectMapperBuilderCustomizer, stringHttpMessageConverter, systemPublicMetrics, tomcatEmbeddedServletContainerFactory, tomcatPublicMetrics, traceEndpoint, traceFilterRegistration, traceRepository, viewControllerHandlerMapping, viewResolver, webRequestLoggingFilter, websocketContainerCustomizer, welcomePageHandlerMapping]
5836 [main] INFO  o.s.c.context.scope.GenericScope - BeanFactory id=9d1739f2-fcaa-3f31-83e6-ba8acdc1b351
5836 [main] DEBUG o.s.w.c.s.StandardServletEnvironment - Adding [applicationConfig: [classpath:/application.properties]] PropertySource with search precedence immediately lower than [applicationConfigurationProperties]
5836 [main] DEBUG o.s.w.c.s.StandardServletEnvironment - Removing [applicationConfigurationProperties] PropertySource
5836 [main] DEBUG o.s.w.c.s.StandardServletEnvironment - Removing [defaultProperties] PropertySource
5836 [main] DEBUG o.s.w.c.s.StandardServletEnvironment - Adding [defaultProperties] PropertySource with lowest search precedence
5838 [main] DEBUG o.s.b.f.s.DefaultListableBeanFactory - Creating shared instance of singleton bean 'propertySourcesPlaceholderConfigurer'
5838 [main] DEBUG o.s.b.f.s.DefaultListableBeanFactory - Creating instance of bean 'propertySourcesPlaceholderConfigurer'
5838 [main] DEBUG o.s.b.f.s.DefaultListableBeanFactory - Eagerly caching bean 'propertySourcesPlaceholderConfigurer' to allow for resolving potential circular references
5859 [main] DEBUG o.s.b.f.s.DefaultListableBeanFactory - Finished creating instance of bean 'propertySourcesPlaceholderConfigurer'
5859 [main] DEBUG o.s.core.env.MutablePropertySources - Adding [environmentProperties] PropertySource with lowest search precedence
5859 [main] DEBUG o.s.core.env.MutablePropertySources - Adding [localProperties] PropertySource with lowest search precedence
5861 [main] DEBUG o.s.b.f.s.DefaultListableBeanFactory - Creating shared instance of singleton bean 'org.springframework.boot.context.properties.ConfigurationPropertiesBindingPostProcessor.store'
5861 [main] DEBUG o.s.b.f.s.DefaultListableBeanFactory - Creating instance of bean 'org.springframework.boot.context.properties.ConfigurationPropertiesBindingPostProcessor.store'
5861 [main] DEBUG o.s.b.f.s.DefaultListableBeanFactory - Eagerly caching bean 'org.springframework.boot.context.properties.ConfigurationPropertiesBindingPostProcessor.store' to allow for resolving potential circular references
5864 [main] DEBUG o.s.b.f.s.DefaultListableBeanFactory - Finished creating instance of bean 'org.springframework.boot.context.properties.ConfigurationPropertiesBindingPostProcessor.store'
5864 [main] DEBUG o.s.b.f.s.DefaultListableBeanFactory - Creating shared instance of singleton bean 'preserveErrorControllerTargetClassPostProcessor'
5864 [main] DEBUG o.s.b.f.s.DefaultListableBeanFactory - Creating instance of bean 'preserveErrorControllerTargetClassPostProcessor'
5864 [main] DEBUG o.s.b.f.s.DefaultListableBeanFactory - Eagerly caching bean 'preserveErrorControllerTargetClassPostProcessor' to allow for resolving potential circular references
5867 [main] DEBUG o.s.b.f.s.DefaultListableBeanFactory - Finished creating instance of bean 'preserveErrorControllerTargetClassPostProcessor'
5887 [main] DEBUG o.s.b.f.s.DefaultListableBeanFactory - Creating shared instance of singleton bean 'org.springframework.context.annotation.internalAutowiredAnnotationProcessor'
5887 [main] DEBUG o.s.b.f.s.DefaultListableBeanFactory - Creating instance of bean 'org.springframework.context.annotation.internalAutowiredAnnotationProcessor'
5888 [main] INFO  o.s.b.f.a.AutowiredAnnotationBeanPostProcessor - JSR-330 'javax.inject.Inject' annotation found and supported for autowiring
5888 [main] DEBUG o.s.b.f.s.DefaultListableBeanFactory - Eagerly caching bean 'org.springframework.context.annotation.internalAutowiredAnnotationProcessor' to allow for resolving potential circular references
5896 [main] DEBUG o.s.b.f.s.DefaultListableBeanFactory - Finished creating instance of bean 'org.springframework.context.annotation.internalAutowiredAnnotationProcessor'
5896 [main] DEBUG o.s.b.f.s.DefaultListableBeanFactory - Creating shared instance of singleton bean 'org.springframework.context.annotation.internalRequiredAnnotationProcessor'
5896 [main] DEBUG o.s.b.f.s.DefaultListableBeanFactory - Creating instance of bean 'org.springframework.context.annotation.internalRequiredAnnotationProcessor'
5896 [main] DEBUG o.s.b.f.s.DefaultListableBeanFactory - Eagerly caching bean 'org.springframework.context.annotation.internalRequiredAnnotationProcessor' to allow for resolving potential circular references
5902 [main] DEBUG o.s.b.f.s.DefaultListableBeanFactory - Finished creating instance of bean 'org.springframework.context.annotation.internalRequiredAnnotationProcessor'
5902 [main] DEBUG o.s.b.f.s.DefaultListableBeanFactory - Creating shared instance of singleton bean 'org.springframework.context.annotation.internalCommonAnnotationProcessor'
5902 [main] DEBUG o.s.b.f.s.DefaultListableBeanFactory - Creating instance of bean 'org.springframework.context.annotation.internalCommonAnnotationProcessor'
5902 [main] DEBUG o.s.b.f.s.DefaultListableBeanFactory - Eagerly caching bean 'org.springframework.context.annotation.internalCommonAnnotationProcessor' to allow for resolving potential circular references
5910 [main] DEBUG o.s.b.f.s.DefaultListableBeanFactory - Finished creating instance of bean 'org.springframework.context.annotation.internalCommonAnnotationProcessor'
5910 [main] DEBUG o.s.b.f.s.DefaultListableBeanFactory - Creating shared instance of singleton bean 'org.springframework.boot.context.properties.ConfigurationPropertiesBindingPostProcessor'
5910 [main] DEBUG o.s.b.f.s.DefaultListableBeanFactory - Creating instance of bean 'org.springframework.boot.context.properties.ConfigurationPropertiesBindingPostProcessor'
5910 [main] DEBUG o.s.core.env.StandardEnvironment - Adding [systemProperties] PropertySource with lowest search precedence
5910 [main] DEBUG o.s.core.env.StandardEnvironment - Adding [systemEnvironment] PropertySource with lowest search precedence
5910 [main] DEBUG o.s.core.env.StandardEnvironment - Initialized StandardEnvironment with PropertySources [systemProperties,systemEnvironment]
5910 [main] DEBUG o.s.b.f.s.DefaultListableBeanFactory - Eagerly caching bean 'org.springframework.boot.context.properties.ConfigurationPropertiesBindingPostProcessor' to allow for resolving potential circular references
5918 [main] DEBUG o.s.b.f.s.DefaultListableBeanFactory - Returning cached instance of singleton bean 'org.springframework.boot.context.properties.ConfigurationPropertiesBindingPostProcessor.store'
5919 [main] DEBUG o.s.b.f.s.DefaultListableBeanFactory - Invoking afterPropertiesSet() on bean with name 'org.springframework.boot.context.properties.ConfigurationPropertiesBindingPostProcessor'
5920 [main] DEBUG o.s.b.f.s.DefaultListableBeanFactory - Returning cached instance of singleton bean 'propertySourcesPlaceholderConfigurer'
5920 [main] DEBUG o.s.b.f.s.DefaultListableBeanFactory - Finished creating instance of bean 'org.springframework.boot.context.properties.ConfigurationPropertiesBindingPostProcessor'
5921 [main] DEBUG o.s.b.f.s.DefaultListableBeanFactory - Creating shared instance of singleton bean 'org.springframework.context.annotation.internalScheduledAnnotationProcessor'
5921 [main] DEBUG o.s.b.f.s.DefaultListableBeanFactory - Creating instance of bean 'org.springframework.context.annotation.internalScheduledAnnotationProcessor'
5921 [main] DEBUG o.s.b.f.s.DefaultListableBeanFactory - Creating shared instance of singleton bean 'org.springframework.scheduling.annotation.SchedulingConfiguration'
5921 [main] DEBUG o.s.b.f.s.DefaultListableBeanFactory - Creating instance of bean 'org.springframework.scheduling.annotation.SchedulingConfiguration'
5921 [main] DEBUG o.s.b.f.s.DefaultListableBeanFactory - Eagerly caching bean 'org.springframework.scheduling.annotation.SchedulingConfiguration' to allow for resolving potential circular references
5925 [main] DEBUG o.s.b.f.s.DefaultListableBeanFactory - Finished creating instance of bean 'org.springframework.scheduling.annotation.SchedulingConfiguration'
5932 [main] DEBUG o.s.b.f.s.DefaultListableBeanFactory - Eagerly caching bean 'org.springframework.context.annotation.internalScheduledAnnotationProcessor' to allow for resolving potential circular references
5939 [main] DEBUG o.s.b.f.s.DefaultListableBeanFactory - Finished creating instance of bean 'org.springframework.context.annotation.internalScheduledAnnotationProcessor'
5939 [main] DEBUG o.s.b.f.s.DefaultListableBeanFactory - Creating shared instance of singleton bean 'embeddedServletContainerCustomizerBeanPostProcessor'
5939 [main] DEBUG o.s.b.f.s.DefaultListableBeanFactory - Creating instance of bean 'embeddedServletContainerCustomizerBeanPostProcessor'
5939 [main] DEBUG o.s.b.f.s.DefaultListableBeanFactory - Eagerly caching bean 'embeddedServletContainerCustomizerBeanPostProcessor' to allow for resolving potential circular references
5943 [main] DEBUG o.s.b.f.s.DefaultListableBeanFactory - Finished creating instance of bean 'embeddedServletContainerCustomizerBeanPostProcessor'
5943 [main] DEBUG o.s.b.f.s.DefaultListableBeanFactory - Creating shared instance of singleton bean 'errorPageRegistrarBeanPostProcessor'
5943 [main] DEBUG o.s.b.f.s.DefaultListableBeanFactory - Creating instance of bean 'errorPageRegistrarBeanPostProcessor'
5944 [main] DEBUG o.s.b.f.s.DefaultListableBeanFactory - Eagerly caching bean 'errorPageRegistrarBeanPostProcessor' to allow for resolving potential circular references
5947 [main] DEBUG o.s.b.f.s.DefaultListableBeanFactory - Finished creating instance of bean 'errorPageRegistrarBeanPostProcessor'
5947 [main] DEBUG o.s.b.f.s.DefaultListableBeanFactory - Creating shared instance of singleton bean 'configurationPropertiesBeans'
5947 [main] DEBUG o.s.b.f.s.DefaultListableBeanFactory - Creating instance of bean 'configurationPropertiesBeans'
5947 [main] DEBUG o.s.b.f.s.DefaultListableBeanFactory - Creating shared instance of singleton bean 'org.springframework.cloud.autoconfigure.ConfigurationPropertiesRebinderAutoConfiguration'
5947 [main] DEBUG o.s.b.f.s.DefaultListableBeanFactory - Creating instance of bean 'org.springframework.cloud.autoconfigure.ConfigurationPropertiesRebinderAutoConfiguration'
5947 [main] DEBUG o.s.b.f.s.DefaultListableBeanFactory - Eagerly caching bean 'org.springframework.cloud.autoconfigure.ConfigurationPropertiesRebinderAutoConfiguration' to allow for resolving potential circular references
5952 [main] INFO  o.s.c.s.PostProcessorRegistrationDelegate$BeanPostProcessorChecker - Bean 'org.springframework.cloud.autoconfigure.ConfigurationPropertiesRebinderAutoConfiguration' of type [class org.springframework.cloud.autoconfigure.ConfigurationPropertiesRebinderAutoConfiguration$$EnhancerBySpringCGLIB$$304f9d47] is not eligible for getting processed by all BeanPostProcessors (for example: not eligible for auto-proxying)
5952 [main] DEBUG o.s.b.f.s.DefaultListableBeanFactory - Finished creating instance of bean 'org.springframework.cloud.autoconfigure.ConfigurationPropertiesRebinderAutoConfiguration'
5952 [main] DEBUG o.s.b.f.s.DefaultListableBeanFactory - Returning cached instance of singleton bean 'org.springframework.boot.context.properties.ConfigurationPropertiesBindingPostProcessor.store'
5952 [main] DEBUG o.s.b.f.s.DefaultListableBeanFactory - Eagerly caching bean 'configurationPropertiesBeans' to allow for resolving potential circular references
5955 [main] DEBUG o.s.b.f.s.DefaultListableBeanFactory - Returning cached instance of singleton bean 'configurationPropertiesBeans'
5955 [main] DEBUG o.s.b.f.s.DefaultListableBeanFactory - Finished creating instance of bean 'configurationPropertiesBeans'
5955 [main] DEBUG o.s.b.c.e.AnnotationConfigEmbeddedWebApplicationContext - Unable to locate MessageSource with name 'messageSource': using default [org.springframework.context.support.DelegatingMessageSource@6e106680]
5955 [main] DEBUG o.s.b.c.e.AnnotationConfigEmbeddedWebApplicationContext - Unable to locate ApplicationEventMulticaster with name 'applicationEventMulticaster': using default [org.springframework.context.event.SimpleApplicationEventMulticaster@576c5536]
5957 [main] DEBUG o.s.u.c.s.UiApplicationContextUtils - Unable to locate ThemeSource with name 'themeSource': using default [org.springframework.ui.context.support.ResourceBundleThemeSource@7e75bf2d]
5958 [main] DEBUG o.s.b.f.s.DefaultListableBeanFactory - Creating shared instance of singleton bean 'tomcatEmbeddedServletContainerFactory'
5958 [main] DEBUG o.s.b.f.s.DefaultListableBeanFactory - Creating instance of bean 'tomcatEmbeddedServletContainerFactory'
5958 [main] DEBUG o.s.b.f.s.DefaultListableBeanFactory - Creating shared instance of singleton bean 'org.springframework.boot.autoconfigure.web.EmbeddedServletContainerAutoConfiguration$EmbeddedTomcat'
5958 [main] DEBUG o.s.b.f.s.DefaultListableBeanFactory - Creating instance of bean 'org.springframework.boot.autoconfigure.web.EmbeddedServletContainerAutoConfiguration$EmbeddedTomcat'
5959 [main] DEBUG o.s.b.f.s.DefaultListableBeanFactory - Eagerly caching bean 'org.springframework.boot.autoconfigure.web.EmbeddedServletContainerAutoConfiguration$EmbeddedTomcat' to allow for resolving potential circular references
5962 [main] DEBUG o.s.b.f.s.DefaultListableBeanFactory - Finished creating instance of bean 'org.springframework.boot.autoconfigure.web.EmbeddedServletContainerAutoConfiguration$EmbeddedTomcat'
5986 [main] DEBUG o.s.b.f.s.DefaultListableBeanFactory - Eagerly caching bean 'tomcatEmbeddedServletContainerFactory' to allow for resolving potential circular references
5997 [main] DEBUG o.s.b.f.s.DefaultListableBeanFactory - Creating shared instance of singleton bean 'websocketContainerCustomizer'
5997 [main] DEBUG o.s.b.f.s.DefaultListableBeanFactory - Creating instance of bean 'websocketContainerCustomizer'
5997 [main] DEBUG o.s.b.f.s.DefaultListableBeanFactory - Creating shared instance of singleton bean 'org.springframework.boot.autoconfigure.websocket.WebSocketAutoConfiguration$TomcatWebSocketConfiguration'
5997 [main] DEBUG o.s.b.f.s.DefaultListableBeanFactory - Creating instance of bean 'org.springframework.boot.autoconfigure.websocket.WebSocketAutoConfiguration$TomcatWebSocketConfiguration'
5998 [main] DEBUG o.s.b.f.s.DefaultListableBeanFactory - Eagerly caching bean 'org.springframework.boot.autoconfigure.websocket.WebSocketAutoConfiguration$TomcatWebSocketConfiguration' to allow for resolving potential circular references
6001 [main] DEBUG o.s.b.f.s.DefaultListableBeanFactory - Finished creating instance of bean 'org.springframework.boot.autoconfigure.websocket.WebSocketAutoConfiguration$TomcatWebSocketConfiguration'
6005 [main] DEBUG o.s.b.f.s.DefaultListableBeanFactory - Eagerly caching bean 'websocketContainerCustomizer' to allow for resolving potential circular references
6009 [main] DEBUG o.s.b.f.s.DefaultListableBeanFactory - Finished creating instance of bean 'websocketContainerCustomizer'
6011 [main] DEBUG o.s.b.f.s.DefaultListableBeanFactory - Creating shared instance of singleton bean 'serverProperties'
6011 [main] DEBUG o.s.b.f.s.DefaultListableBeanFactory - Creating instance of bean 'serverProperties'
6011 [main] DEBUG o.s.b.f.s.DefaultListableBeanFactory - Creating shared instance of singleton bean 'org.springframework.boot.autoconfigure.web.ServerPropertiesAutoConfiguration'
6011 [main] DEBUG o.s.b.f.s.DefaultListableBeanFactory - Creating instance of bean 'org.springframework.boot.autoconfigure.web.ServerPropertiesAutoConfiguration'
6011 [main] DEBUG o.s.b.f.s.DefaultListableBeanFactory - Eagerly caching bean 'org.springframework.boot.autoconfigure.web.ServerPropertiesAutoConfiguration' to allow for resolving potential circular references
6015 [main] DEBUG o.s.b.f.s.DefaultListableBeanFactory - Finished creating instance of bean 'org.springframework.boot.autoconfigure.web.ServerPropertiesAutoConfiguration'
6028 [main] DEBUG o.s.b.f.s.DefaultListableBeanFactory - Eagerly caching bean 'serverProperties' to allow for resolving potential circular references
6034 [main] DEBUG o.h.v.i.e.r.DefaultTraversableResolver - Cannot find javax.persistence.Persistence on classpath. Assuming non JPA 2 environment. All properties will per default be traversable.
6034 [main] DEBUG o.h.v.i.engine.ConfigurationImpl - Setting custom MessageInterpolator of type org.springframework.validation.beanvalidation.LocaleContextMessageInterpolator
6034 [main] DEBUG o.h.v.i.engine.ConfigurationImpl - Setting custom ConstraintValidatorFactory of type org.springframework.validation.beanvalidation.SpringConstraintValidatorFactory
6034 [main] DEBUG o.h.v.i.engine.ConfigurationImpl - Setting custom ParameterNameProvider of type com.sun.proxy.$Proxy28
6035 [main] DEBUG o.h.v.i.xml.ValidationXmlParser - Trying to load META-INF/validation.xml for XML based Validator configuration.
6035 [main] DEBUG o.h.v.i.xml.ResourceLoaderHelper - Trying to load META-INF/validation.xml via user class loader
6035 [main] DEBUG o.h.v.i.xml.ResourceLoaderHelper - Trying to load META-INF/validation.xml via TCCL
6035 [main] DEBUG o.h.v.i.xml.ResourceLoaderHelper - Trying to load META-INF/validation.xml via Hibernate Validator's class loader
6036 [main] DEBUG o.h.v.i.xml.ValidationXmlParser - No META-INF/validation.xml found. Using annotation based configuration only.
6039 [main] DEBUG o.s.b.f.a.InjectionMetadata - Processing injected element of bean 'org.springframework.boot.context.properties.ConfigurationPropertiesBindingPostProcessor': AutowiredMethodElement for public void org.springframework.boot.context.properties.ConfigurationPropertiesBindingPostProcessor.setGenericConverters(java.util.List)
6042 [main] DEBUG o.s.b.f.a.InjectionMetadata - Processing injected element of bean 'org.springframework.boot.context.properties.ConfigurationPropertiesBindingPostProcessor': AutowiredMethodElement for public void org.springframework.boot.context.properties.ConfigurationPropertiesBindingPostProcessor.setConverters(java.util.List)
6046 [main] DEBUG o.s.core.env.MutablePropertySources - Adding [servletConfigInitParams] PropertySource with lowest search precedence
6046 [main] DEBUG o.s.core.env.MutablePropertySources - Adding [servletContextInitParams] PropertySource with lowest search precedence
6046 [main] DEBUG o.s.core.env.MutablePropertySources - Adding [systemProperties] PropertySource with lowest search precedence
6046 [main] DEBUG o.s.core.env.MutablePropertySources - Adding [systemEnvironment] PropertySource with lowest search precedence
6046 [main] DEBUG o.s.core.env.MutablePropertySources - Adding [random] PropertySource with lowest search precedence
6046 [main] DEBUG o.s.core.env.MutablePropertySources - Adding [applicationConfig: [classpath:/application.properties]] PropertySource with lowest search precedence
6046 [main] DEBUG o.s.core.env.MutablePropertySources - Adding [springCloudClientHostInfo] PropertySource with lowest search precedence
6046 [main] DEBUG o.s.core.env.MutablePropertySources - Adding [class path resource [eureka/server.properties]] PropertySource with lowest search precedence
6046 [main] DEBUG o.s.core.env.MutablePropertySources - Adding [defaultProperties] PropertySource with lowest search precedence
6046 [main] DEBUG o.s.core.env.MutablePropertySources - Adding [localProperties] PropertySource with lowest search precedence
6048 [main] DEBUG o.s.core.env.MutablePropertySources - Adding [servletConfigInitParams] PropertySource with lowest search precedence
6048 [main] DEBUG o.s.core.env.MutablePropertySources - Adding [servletContextInitParams] PropertySource with lowest search precedence
6048 [main] DEBUG o.s.core.env.MutablePropertySources - Adding [systemProperties] PropertySource with lowest search precedence
6048 [main] DEBUG o.s.core.env.MutablePropertySources - Adding [systemEnvironment] PropertySource with lowest search precedence
6048 [main] DEBUG o.s.core.env.MutablePropertySources - Adding [random] PropertySource with lowest search precedence
6048 [main] DEBUG o.s.core.env.MutablePropertySources - Adding [applicationConfig: [classpath:/application.properties]] PropertySource with lowest search precedence
6048 [main] DEBUG o.s.core.env.MutablePropertySources - Adding [springCloudClientHostInfo] PropertySource with lowest search precedence
6048 [main] DEBUG o.s.core.env.MutablePropertySources - Adding [class path resource [eureka/server.properties]] PropertySource with lowest search precedence
6048 [main] DEBUG o.s.core.env.MutablePropertySources - Adding [defaultProperties] PropertySource with lowest search precedence
6048 [main] DEBUG o.s.core.env.MutablePropertySources - Adding [localProperties] PropertySource with lowest search precedence
6048 [main] DEBUG o.s.c.e.PropertySourcesPropertyResolver - Found key 'server.port' in [applicationConfig: [classpath:/application.properties]] with type [String]
6102 [main] DEBUG o.s.b.f.s.DefaultListableBeanFactory - Creating instance of bean 'org.hibernate.validator.internal.constraintvalidators.bv.NotNullValidator'
6105 [main] DEBUG o.s.b.f.s.DefaultListableBeanFactory - Finished creating instance of bean 'org.hibernate.validator.internal.constraintvalidators.bv.NotNullValidator'
6110 [main] DEBUG o.s.b.f.s.DefaultListableBeanFactory - Finished creating instance of bean 'serverProperties'
6110 [main] DEBUG o.s.b.f.s.DefaultListableBeanFactory - Creating shared instance of singleton bean 'duplicateServerPropertiesDetector'
6110 [main] DEBUG o.s.b.f.s.DefaultListableBeanFactory - Creating instance of bean 'duplicateServerPropertiesDetector'
6110 [main] DEBUG o.s.b.f.s.DefaultListableBeanFactory - Returning cached instance of singleton bean 'org.springframework.boot.autoconfigure.web.ServerPropertiesAutoConfiguration'
6111 [main] DEBUG o.s.b.f.s.DefaultListableBeanFactory - Eagerly caching bean 'duplicateServerPropertiesDetector' to allow for resolving potential circular references
6114 [main] DEBUG o.s.b.f.s.DefaultListableBeanFactory - Finished creating instance of bean 'duplicateServerPropertiesDetector'
6114 [main] DEBUG o.s.b.f.s.DefaultListableBeanFactory - Creating shared instance of singleton bean 'localeCharsetMappingsCustomizer'
6114 [main] DEBUG o.s.b.f.s.DefaultListableBeanFactory - Creating instance of bean 'localeCharsetMappingsCustomizer'
6114 [main] DEBUG o.s.b.f.s.DefaultListableBeanFactory - Creating shared instance of singleton bean 'org.springframework.boot.autoconfigure.web.HttpEncodingAutoConfiguration'
6114 [main] DEBUG o.s.b.f.s.DefaultListableBeanFactory - Creating instance of bean 'org.springframework.boot.autoconfigure.web.HttpEncodingAutoConfiguration'
6115 [main] DEBUG o.s.c.LocalVariableTableParameterNameDiscoverer - Cannot find '.class' file for class [class org.springframework.boot.autoconfigure.web.HttpEncodingAutoConfiguration$$EnhancerBySpringCGLIB$$eb2200f5] - unable to determine constructor/method parameter names
6117 [main] DEBUG o.s.b.f.s.DefaultListableBeanFactory - Creating shared instance of singleton bean 'spring.http.encoding-org.springframework.boot.autoconfigure.web.HttpEncodingProperties'
6117 [main] DEBUG o.s.b.f.s.DefaultListableBeanFactory - Creating instance of bean 'spring.http.encoding-org.springframework.boot.autoconfigure.web.HttpEncodingProperties'
6118 [main] DEBUG o.s.b.f.s.DefaultListableBeanFactory - Eagerly caching bean 'spring.http.encoding-org.springframework.boot.autoconfigure.web.HttpEncodingProperties' to allow for resolving potential circular references
6120 [main] DEBUG o.s.core.env.MutablePropertySources - Adding [servletConfigInitParams] PropertySource with lowest search precedence
6120 [main] DEBUG o.s.core.env.MutablePropertySources - Adding [servletContextInitParams] PropertySource with lowest search precedence
6120 [main] DEBUG o.s.core.env.MutablePropertySources - Adding [systemProperties] PropertySource with lowest search precedence
6120 [main] DEBUG o.s.core.env.MutablePropertySources - Adding [systemEnvironment] PropertySource with lowest search precedence
6120 [main] DEBUG o.s.core.env.MutablePropertySources - Adding [random] PropertySource with lowest search precedence
6120 [main] DEBUG o.s.core.env.MutablePropertySources - Adding [applicationConfig: [classpath:/application.properties]] PropertySource with lowest search precedence
6120 [main] DEBUG o.s.core.env.MutablePropertySources - Adding [springCloudClientHostInfo] PropertySource with lowest search precedence
6120 [main] DEBUG o.s.core.env.MutablePropertySources - Adding [class path resource [eureka/server.properties]] PropertySource with lowest search precedence
6120 [main] DEBUG o.s.core.env.MutablePropertySources - Adding [defaultProperties] PropertySource with lowest search precedence
6120 [main] DEBUG o.s.core.env.MutablePropertySources - Adding [localProperties] PropertySource with lowest search precedence
6122 [main] DEBUG o.s.core.env.MutablePropertySources - Adding [servletConfigInitParams] PropertySource with lowest search precedence
6122 [main] DEBUG o.s.core.env.MutablePropertySources - Adding [servletContextInitParams] PropertySource with lowest search precedence
6122 [main] DEBUG o.s.core.env.MutablePropertySources - Adding [systemProperties] PropertySource with lowest search precedence
6122 [main] DEBUG o.s.core.env.MutablePropertySources - Adding [systemEnvironment] PropertySource with lowest search precedence
6122 [main] DEBUG o.s.core.env.MutablePropertySources - Adding [random] PropertySource with lowest search precedence
6122 [main] DEBUG o.s.core.env.MutablePropertySources - Adding [applicationConfig: [classpath:/application.properties]] PropertySource with lowest search precedence
6122 [main] DEBUG o.s.core.env.MutablePropertySources - Adding [springCloudClientHostInfo] PropertySource with lowest search precedence
6122 [main] DEBUG o.s.core.env.MutablePropertySources - Adding [class path resource [eureka/server.properties]] PropertySource with lowest search precedence
6122 [main] DEBUG o.s.core.env.MutablePropertySources - Adding [defaultProperties] PropertySource with lowest search precedence
6122 [main] DEBUG o.s.core.env.MutablePropertySources - Adding [localProperties] PropertySource with lowest search precedence
6122 [main] DEBUG o.s.c.e.PropertySourcesPropertyResolver - Found key 'spring.http.encoding.force' in [class path resource [eureka/server.properties]] with type [String]
6127 [main] DEBUG o.s.b.f.s.DefaultListableBeanFactory - Finished creating instance of bean 'spring.http.encoding-org.springframework.boot.autoconfigure.web.HttpEncodingProperties'
6128 [main] DEBUG o.s.b.f.s.DefaultListableBeanFactory - Autowiring by type from bean name 'org.springframework.boot.autoconfigure.web.HttpEncodingAutoConfiguration' via constructor to bean named 'spring.http.encoding-org.springframework.boot.autoconfigure.web.HttpEncodingProperties'
6128 [main] DEBUG o.s.b.f.s.DefaultListableBeanFactory - Eagerly caching bean 'org.springframework.boot.autoconfigure.web.HttpEncodingAutoConfiguration' to allow for resolving potential circular references
6131 [main] DEBUG o.s.b.f.s.DefaultListableBeanFactory - Finished creating instance of bean 'org.springframework.boot.autoconfigure.web.HttpEncodingAutoConfiguration'
6135 [main] DEBUG o.s.b.f.s.DefaultListableBeanFactory - Eagerly caching bean 'localeCharsetMappingsCustomizer' to allow for resolving potential circular references
6138 [main] DEBUG o.s.b.f.s.DefaultListableBeanFactory - Finished creating instance of bean 'localeCharsetMappingsCustomizer'
6145 [main] DEBUG o.s.b.f.s.DefaultListableBeanFactory - Creating shared instance of singleton bean 'errorPageCustomizer'
6145 [main] DEBUG o.s.b.f.s.DefaultListableBeanFactory - Creating instance of bean 'errorPageCustomizer'
6145 [main] DEBUG o.s.b.f.s.DefaultListableBeanFactory - Creating shared instance of singleton bean 'org.springframework.boot.autoconfigure.web.ErrorMvcAutoConfiguration'
6145 [main] DEBUG o.s.b.f.s.DefaultListableBeanFactory - Creating instance of bean 'org.springframework.boot.autoconfigure.web.ErrorMvcAutoConfiguration'
6146 [main] DEBUG o.s.c.LocalVariableTableParameterNameDiscoverer - Cannot find '.class' file for class [class org.springframework.boot.autoconfigure.web.ErrorMvcAutoConfiguration$$EnhancerBySpringCGLIB$$ca30a43e] - unable to determine constructor/method parameter names
6149 [main] DEBUG o.s.b.f.s.DefaultListableBeanFactory - Returning cached instance of singleton bean 'serverProperties'
6150 [main] DEBUG o.s.b.f.s.DefaultListableBeanFactory - Creating shared instance of singleton bean 'spring.resources-org.springframework.boot.autoconfigure.web.ResourceProperties'
6150 [main] DEBUG o.s.b.f.s.DefaultListableBeanFactory - Creating instance of bean 'spring.resources-org.springframework.boot.autoconfigure.web.ResourceProperties'
6150 [main] DEBUG o.s.b.f.s.DefaultListableBeanFactory - Eagerly caching bean 'spring.resources-org.springframework.boot.autoconfigure.web.ResourceProperties' to allow for resolving potential circular references
6153 [main] DEBUG o.s.core.env.MutablePropertySources - Adding [servletConfigInitParams] PropertySource with lowest search precedence
6153 [main] DEBUG o.s.core.env.MutablePropertySources - Adding [servletContextInitParams] PropertySource with lowest search precedence
6153 [main] DEBUG o.s.core.env.MutablePropertySources - Adding [systemProperties] PropertySource with lowest search precedence
6153 [main] DEBUG o.s.core.env.MutablePropertySources - Adding [systemEnvironment] PropertySource with lowest search precedence
6153 [main] DEBUG o.s.core.env.MutablePropertySources - Adding [random] PropertySource with lowest search precedence
6153 [main] DEBUG o.s.core.env.MutablePropertySources - Adding [applicationConfig: [classpath:/application.properties]] PropertySource with lowest search precedence
6153 [main] DEBUG o.s.core.env.MutablePropertySources - Adding [springCloudClientHostInfo] PropertySource with lowest search precedence
6153 [main] DEBUG o.s.core.env.MutablePropertySources - Adding [class path resource [eureka/server.properties]] PropertySource with lowest search precedence
6153 [main] DEBUG o.s.core.env.MutablePropertySources - Adding [defaultProperties] PropertySource with lowest search precedence
6153 [main] DEBUG o.s.core.env.MutablePropertySources - Adding [localProperties] PropertySource with lowest search precedence
6158 [main] DEBUG o.s.b.f.s.DefaultListableBeanFactory - Finished creating instance of bean 'spring.resources-org.springframework.boot.autoconfigure.web.ResourceProperties'
6158 [main] DEBUG o.s.b.f.s.DefaultListableBeanFactory - Autowiring by type from bean name 'org.springframework.boot.autoconfigure.web.ErrorMvcAutoConfiguration' via constructor to bean named 'org.springframework.boot.context.embedded.AnnotationConfigEmbeddedWebApplicationContext@555cf22'
6158 [main] DEBUG o.s.b.f.s.DefaultListableBeanFactory - Autowiring by type from bean name 'org.springframework.boot.autoconfigure.web.ErrorMvcAutoConfiguration' via constructor to bean named 'serverProperties'
6158 [main] DEBUG o.s.b.f.s.DefaultListableBeanFactory - Autowiring by type from bean name 'org.springframework.boot.autoconfigure.web.ErrorMvcAutoConfiguration' via constructor to bean named 'spring.resources-org.springframework.boot.autoconfigure.web.ResourceProperties'
6158 [main] DEBUG o.s.b.f.a.InjectionMetadata - Registered injected element on class [org.springframework.boot.autoconfigure.web.ErrorMvcAutoConfiguration$$EnhancerBySpringCGLIB$$ca30a43e]: AutowiredFieldElement for private java.util.List org.springframework.boot.autoconfigure.web.ErrorMvcAutoConfiguration.errorViewResolvers
6158 [main] DEBUG o.s.b.f.s.DefaultListableBeanFactory - Eagerly caching bean 'org.springframework.boot.autoconfigure.web.ErrorMvcAutoConfiguration' to allow for resolving potential circular references
6161 [main] DEBUG o.s.b.f.a.InjectionMetadata - Processing injected element of bean 'org.springframework.boot.autoconfigure.web.ErrorMvcAutoConfiguration': AutowiredFieldElement for private java.util.List org.springframework.boot.autoconfigure.web.ErrorMvcAutoConfiguration.errorViewResolvers
6163 [main] DEBUG o.s.b.f.s.DefaultListableBeanFactory - Creating shared instance of singleton bean 'conventionErrorViewResolver'
6163 [main] DEBUG o.s.b.f.s.DefaultListableBeanFactory - Creating instance of bean 'conventionErrorViewResolver'
6164 [main] DEBUG o.s.b.f.s.DefaultListableBeanFactory - Returning eagerly cached instance of singleton bean 'org.springframework.boot.autoconfigure.web.ErrorMvcAutoConfiguration' that is not fully initialized yet - a consequence of a circular reference
6175 [main] DEBUG o.s.b.f.s.DefaultListableBeanFactory - Eagerly caching bean 'conventionErrorViewResolver' to allow for resolving potential circular references
6178 [main] DEBUG o.s.b.f.s.DefaultListableBeanFactory - Finished creating instance of bean 'conventionErrorViewResolver'
6187 [main] DEBUG o.s.b.f.a.AutowiredAnnotationBeanPostProcessor - Autowiring by type from bean name 'org.springframework.boot.autoconfigure.web.ErrorMvcAutoConfiguration' to bean named 'conventionErrorViewResolver'
6188 [main] DEBUG o.s.b.f.s.DefaultListableBeanFactory - Finished creating instance of bean 'org.springframework.boot.autoconfigure.web.ErrorMvcAutoConfiguration'
6189 [main] DEBUG o.s.b.f.s.DefaultListableBeanFactory - Eagerly caching bean 'errorPageCustomizer' to allow for resolving potential circular references
6192 [main] DEBUG o.s.b.f.s.DefaultListableBeanFactory - Finished creating instance of bean 'errorPageCustomizer'
6193 [main] DEBUG o.s.b.f.s.DefaultListableBeanFactory - Finished creating instance of bean 'tomcatEmbeddedServletContainerFactory'
6824 [main] DEBUG o.s.b.c.e.t.TomcatEmbeddedServletContainerFactory - Code archive: D:\mavenHome\org\springframework\boot\spring-boot\1.4.4.RELEASE\spring-boot-1.4.4.RELEASE.jar
6824 [main] DEBUG o.s.b.c.e.t.TomcatEmbeddedServletContainerFactory - Code archive: D:\mavenHome\org\springframework\boot\spring-boot\1.4.4.RELEASE\spring-boot-1.4.4.RELEASE.jar
6824 [main] DEBUG o.s.b.c.e.t.TomcatEmbeddedServletContainerFactory - None of the document roots [src/main/webapp, public, static] point to a directory and will be ignored.
6872 [main] INFO  o.s.b.c.e.t.TomcatEmbeddedServletContainer - Tomcat initialized with port(s): 1111 (http)
6884 [main] INFO  o.a.catalina.core.StandardService - Starting service Tomcat
6885 [main] INFO  o.a.catalina.core.StandardEngine - Starting Servlet Engine: Apache Tomcat/8.5.11
7038 [localhost-startStop-1] INFO  o.a.c.c.C.[Tomcat].[localhost].[/] - Initializing Spring embedded WebApplicationContext
7038 [localhost-startStop-1] DEBUG o.s.web.context.ContextLoader - Published root WebApplicationContext as ServletContext attribute with name [org.springframework.web.context.WebApplicationContext.ROOT]
7038 [localhost-startStop-1] INFO  o.s.web.context.ContextLoader - Root WebApplicationContext: initialization completed in 2581 ms
7040 [localhost-startStop-1] DEBUG o.s.b.f.s.DefaultListableBeanFactory - Registering scope 'request' with implementation [org.springframework.web.context.request.RequestScope@5fd94f93]
7041 [localhost-startStop-1] DEBUG o.s.b.f.s.DefaultListableBeanFactory - Registering scope 'session' with implementation [org.springframework.web.context.request.SessionScope@2a9cd622]
7041 [localhost-startStop-1] DEBUG o.s.b.f.s.DefaultListableBeanFactory - Registering scope 'globalSession' with implementation [org.springframework.web.context.request.SessionScope@3f2ca135]
7041 [localhost-startStop-1] DEBUG o.s.b.f.s.DefaultListableBeanFactory - Registering scope 'application' with implementation [org.springframework.web.context.support.ServletContextScope@56f5275c]
7049 [localhost-startStop-1] DEBUG o.s.b.f.s.DefaultListableBeanFactory - Creating shared instance of singleton bean 'jerseyFilterRegistration'
7049 [localhost-startStop-1] DEBUG o.s.b.f.s.DefaultListableBeanFactory - Creating instance of bean 'jerseyFilterRegistration'
7049 [localhost-startStop-1] DEBUG o.s.b.f.s.DefaultListableBeanFactory - Creating shared instance of singleton bean 'org.springframework.cloud.netflix.eureka.server.EurekaServerConfiguration'
7049 [localhost-startStop-1] DEBUG o.s.b.f.s.DefaultListableBeanFactory - Creating instance of bean 'org.springframework.cloud.netflix.eureka.server.EurekaServerConfiguration'
7052 [localhost-startStop-1] DEBUG o.s.b.f.a.InjectionMetadata - Registered injected element on class [org.springframework.cloud.netflix.eureka.server.EurekaServerConfiguration$$EnhancerBySpringCGLIB$$f9e40e77]: AutowiredFieldElement for private com.netflix.appinfo.ApplicationInfoManager org.springframework.cloud.netflix.eureka.server.EurekaServerConfiguration.applicationInfoManager
7052 [localhost-startStop-1] DEBUG o.s.b.f.a.InjectionMetadata - Registered injected element on class [org.springframework.cloud.netflix.eureka.server.EurekaServerConfiguration$$EnhancerBySpringCGLIB$$f9e40e77]: AutowiredFieldElement for private com.netflix.eureka.EurekaServerConfig org.springframework.cloud.netflix.eureka.server.EurekaServerConfiguration.eurekaServerConfig
7052 [localhost-startStop-1] DEBUG o.s.b.f.a.InjectionMetadata - Registered injected element on class [org.springframework.cloud.netflix.eureka.server.EurekaServerConfiguration$$EnhancerBySpringCGLIB$$f9e40e77]: AutowiredFieldElement for private com.netflix.discovery.EurekaClientConfig org.springframework.cloud.netflix.eureka.server.EurekaServerConfiguration.eurekaClientConfig
7052 [localhost-startStop-1] DEBUG o.s.b.f.a.InjectionMetadata - Registered injected element on class [org.springframework.cloud.netflix.eureka.server.EurekaServerConfiguration$$EnhancerBySpringCGLIB$$f9e40e77]: AutowiredFieldElement for private com.netflix.discovery.EurekaClient org.springframework.cloud.netflix.eureka.server.EurekaServerConfiguration.eurekaClient
7052 [localhost-startStop-1] DEBUG o.s.b.f.a.InjectionMetadata - Registered injected element on class [org.springframework.cloud.netflix.eureka.server.EurekaServerConfiguration$$EnhancerBySpringCGLIB$$f9e40e77]: AutowiredFieldElement for private int org.springframework.cloud.netflix.eureka.server.EurekaServerConfiguration.expectedNumberOfRenewsPerMin
7052 [localhost-startStop-1] DEBUG o.s.b.f.a.InjectionMetadata - Registered injected element on class [org.springframework.cloud.netflix.eureka.server.EurekaServerConfiguration$$EnhancerBySpringCGLIB$$f9e40e77]: AutowiredFieldElement for private int org.springframework.cloud.netflix.eureka.server.EurekaServerConfiguration.defaultOpenForTrafficCount
7052 [localhost-startStop-1] DEBUG o.s.b.f.s.DefaultListableBeanFactory - Eagerly caching bean 'org.springframework.cloud.netflix.eureka.server.EurekaServerConfiguration' to allow for resolving potential circular references
7060 [localhost-startStop-1] DEBUG o.s.b.f.a.InjectionMetadata - Processing injected element of bean 'org.springframework.cloud.netflix.eureka.server.EurekaServerConfiguration': AutowiredFieldElement for private com.netflix.appinfo.ApplicationInfoManager org.springframework.cloud.netflix.eureka.server.EurekaServerConfiguration.applicationInfoManager
7062 [localhost-startStop-1] DEBUG o.s.b.f.s.DefaultListableBeanFactory - Creating shared instance of singleton bean 'eurekaApplicationInfoManager'
7062 [localhost-startStop-1] DEBUG o.s.b.f.s.DefaultListableBeanFactory - Creating instance of bean 'eurekaApplicationInfoManager'
7063 [localhost-startStop-1] DEBUG o.s.b.f.s.DefaultListableBeanFactory - Eagerly caching bean 'eurekaApplicationInfoManager' to allow for resolving potential circular references
7079 [localhost-startStop-1] DEBUG o.s.aop.framework.CglibAopProxy - Creating CGLIB proxy: target source is SimpleBeanTargetSource for target bean 'scopedTarget.eurekaApplicationInfoManager' of type [com.netflix.appinfo.ApplicationInfoManager]
7091 [localhost-startStop-1] DEBUG o.s.aop.framework.CglibAopProxy - Unable to apply any optimisations to advised method: public com.netflix.appinfo.InstanceInfo com.netflix.appinfo.ApplicationInfoManager.getInfo()
7091 [localhost-startStop-1] DEBUG o.s.aop.framework.CglibAopProxy - Unable to apply any optimisations to advised method: public void com.netflix.appinfo.ApplicationInfoManager.initComponent(com.netflix.appinfo.EurekaInstanceConfig)
7091 [localhost-startStop-1] DEBUG o.s.aop.framework.CglibAopProxy - Unable to apply any optimisations to advised method: public com.netflix.appinfo.EurekaInstanceConfig com.netflix.appinfo.ApplicationInfoManager.getEurekaInstanceConfig()
7091 [localhost-startStop-1] DEBUG o.s.aop.framework.CglibAopProxy - Unable to apply any optimisations to advised method: public void com.netflix.appinfo.ApplicationInfoManager.registerAppMetadata(java.util.Map)
7091 [localhost-startStop-1] DEBUG o.s.aop.framework.CglibAopProxy - Unable to apply any optimisations to advised method: public void com.netflix.appinfo.ApplicationInfoManager.registerStatusChangeListener(com.netflix.appinfo.ApplicationInfoManager$StatusChangeListener)
7091 [localhost-startStop-1] DEBUG o.s.aop.framework.CglibAopProxy - Unable to apply any optimisations to advised method: public void com.netflix.appinfo.ApplicationInfoManager.unregisterStatusChangeListener(java.lang.String)
7091 [localhost-startStop-1] DEBUG o.s.aop.framework.CglibAopProxy - Unable to apply any optimisations to advised method: public void com.netflix.appinfo.ApplicationInfoManager.refreshDataCenterInfoIfRequired()
7091 [localhost-startStop-1] DEBUG o.s.aop.framework.CglibAopProxy - Unable to apply any optimisations to advised method: public void com.netflix.appinfo.ApplicationInfoManager.refreshLeaseInfoIfRequired()
7091 [localhost-startStop-1] DEBUG o.s.aop.framework.CglibAopProxy - Unable to apply any optimisations to advised method: public synchronized void com.netflix.appinfo.ApplicationInfoManager.setInstanceStatus(com.netflix.appinfo.InstanceInfo$InstanceStatus)
7091 [localhost-startStop-1] DEBUG o.s.aop.framework.CglibAopProxy - Found 'equals' method: public boolean java.lang.Object.equals(java.lang.Object)
7091 [localhost-startStop-1] DEBUG o.s.aop.framework.CglibAopProxy - Unable to apply any optimisations to advised method: public java.lang.String java.lang.Object.toString()
7091 [localhost-startStop-1] DEBUG o.s.aop.framework.CglibAopProxy - Found 'hashCode' method: public native int java.lang.Object.hashCode()
7091 [localhost-startStop-1] DEBUG o.s.aop.framework.CglibAopProxy - Unable to apply any optimisations to advised method: protected native java.lang.Object java.lang.Object.clone() throws java.lang.CloneNotSupportedException
7091 [localhost-startStop-1] DEBUG o.s.aop.framework.CglibAopProxy - Unable to apply any optimisations to advised method: public abstract java.lang.Object org.springframework.aop.scope.ScopedObject.getTargetObject()
7091 [localhost-startStop-1] DEBUG o.s.aop.framework.CglibAopProxy - Unable to apply any optimisations to advised method: public abstract void org.springframework.aop.scope.ScopedObject.removeFromScope()
7091 [localhost-startStop-1] DEBUG o.s.aop.framework.CglibAopProxy - Method is declared on Advised interface: public abstract int org.springframework.aop.framework.Advised.indexOf(org.springframework.aop.Advisor)
7091 [localhost-startStop-1] DEBUG o.s.aop.framework.CglibAopProxy - Method is declared on Advised interface: public abstract int org.springframework.aop.framework.Advised.indexOf(org.aopalliance.aop.Advice)
7091 [localhost-startStop-1] DEBUG o.s.aop.framework.CglibAopProxy - Method is declared on Advised interface: public abstract boolean org.springframework.aop.framework.Advised.isFrozen()
7091 [localhost-startStop-1] DEBUG o.s.aop.framework.CglibAopProxy - Method is declared on Advised interface: public abstract void org.springframework.aop.framework.Advised.setTargetSource(org.springframework.aop.TargetSource)
7091 [localhost-startStop-1] DEBUG o.s.aop.framework.CglibAopProxy - Method is declared on Advised interface: public abstract org.springframework.aop.TargetSource org.springframework.aop.framework.Advised.getTargetSource()
7091 [localhost-startStop-1] DEBUG o.s.aop.framework.CglibAopProxy - Method is declared on Advised interface: public abstract void org.springframework.aop.framework.Advised.setPreFiltered(boolean)
7091 [localhost-startStop-1] DEBUG o.s.aop.framework.CglibAopProxy - Method is declared on Advised interface: public abstract boolean org.springframework.aop.framework.Advised.isPreFiltered()
7091 [localhost-startStop-1] DEBUG o.s.aop.framework.CglibAopProxy - Method is declared on Advised interface: public abstract org.springframework.aop.Advisor[] org.springframework.aop.framework.Advised.getAdvisors()
7091 [localhost-startStop-1] DEBUG o.s.aop.framework.CglibAopProxy - Method is declared on Advised interface: public abstract void org.springframework.aop.framework.Advised.addAdvice(org.aopalliance.aop.Advice) throws org.springframework.aop.framework.AopConfigException
7091 [localhost-startStop-1] DEBUG o.s.aop.framework.CglibAopProxy - Method is declared on Advised interface: public abstract void org.springframework.aop.framework.Advised.addAdvice(int,org.aopalliance.aop.Advice) throws org.springframework.aop.framework.AopConfigException
7091 [localhost-startStop-1] DEBUG o.s.aop.framework.CglibAopProxy - Method is declared on Advised interface: public abstract void org.springframework.aop.framework.Advised.setExposeProxy(boolean)
7091 [localhost-startStop-1] DEBUG o.s.aop.framework.CglibAopProxy - Method is declared on Advised interface: public abstract boolean org.springframework.aop.framework.Advised.isExposeProxy()
7091 [localhost-startStop-1] DEBUG o.s.aop.framework.CglibAopProxy - Method is declared on Advised interface: public abstract boolean org.springframework.aop.framework.Advised.isProxyTargetClass()
7091 [localhost-startStop-1] DEBUG o.s.aop.framework.CglibAopProxy - Method is declared on Advised interface: public abstract void org.springframework.aop.framework.Advised.addAdvisor(org.springframework.aop.Advisor) throws org.springframework.aop.framework.AopConfigException
7091 [localhost-startStop-1] DEBUG o.s.aop.framework.CglibAopProxy - Method is declared on Advised interface: public abstract void org.springframework.aop.framework.Advised.addAdvisor(int,org.springframework.aop.Advisor) throws org.springframework.aop.framework.AopConfigException
7091 [localhost-startStop-1] DEBUG o.s.aop.framework.CglibAopProxy - Method is declared on Advised interface: public abstract boolean org.springframework.aop.framework.Advised.removeAdvisor(org.springframework.aop.Advisor)
7091 [localhost-startStop-1] DEBUG o.s.aop.framework.CglibAopProxy - Method is declared on Advised interface: public abstract void org.springframework.aop.framework.Advised.removeAdvisor(int) throws org.springframework.aop.framework.AopConfigException
7091 [localhost-startStop-1] DEBUG o.s.aop.framework.CglibAopProxy - Method is declared on Advised interface: public abstract boolean org.springframework.aop.framework.Advised.replaceAdvisor(org.springframework.aop.Advisor,org.springframework.aop.Advisor) throws org.springframework.aop.framework.AopConfigException
7091 [localhost-startStop-1] DEBUG o.s.aop.framework.CglibAopProxy - Method is declared on Advised interface: public abstract boolean org.springframework.aop.framework.Advised.removeAdvice(org.aopalliance.aop.Advice)
7091 [localhost-startStop-1] DEBUG o.s.aop.framework.CglibAopProxy - Method is declared on Advised interface: public abstract java.lang.Class[] org.springframework.aop.framework.Advised.getProxiedInterfaces()
7092 [localhost-startStop-1] DEBUG o.s.aop.framework.CglibAopProxy - Method is declared on Advised interface: public abstract boolean org.springframework.aop.framework.Advised.isInterfaceProxied(java.lang.Class)
7092 [localhost-startStop-1] DEBUG o.s.aop.framework.CglibAopProxy - Method is declared on Advised interface: public abstract java.lang.String org.springframework.aop.framework.Advised.toProxyConfigString()
7092 [localhost-startStop-1] DEBUG o.s.aop.framework.CglibAopProxy - Method is declared on Advised interface: public abstract java.lang.Class org.springframework.aop.TargetClassAware.getTargetClass()
7105 [localhost-startStop-1] DEBUG o.s.b.f.s.DefaultListableBeanFactory - Finished creating instance of bean 'eurekaApplicationInfoManager'
7105 [localhost-startStop-1] DEBUG o.s.b.f.a.AutowiredAnnotationBeanPostProcessor - Autowiring by type from bean name 'org.springframework.cloud.netflix.eureka.server.EurekaServerConfiguration' to bean named 'eurekaApplicationInfoManager'
7105 [localhost-startStop-1] DEBUG o.s.b.f.a.InjectionMetadata - Processing injected element of bean 'org.springframework.cloud.netflix.eureka.server.EurekaServerConfiguration': AutowiredFieldElement for private com.netflix.eureka.EurekaServerConfig org.springframework.cloud.netflix.eureka.server.EurekaServerConfiguration.eurekaServerConfig
7107 [localhost-startStop-1] DEBUG o.s.b.f.s.DefaultListableBeanFactory - Creating shared instance of singleton bean 'eurekaServerConfig'
7107 [localhost-startStop-1] DEBUG o.s.b.f.s.DefaultListableBeanFactory - Creating instance of bean 'eurekaServerConfig'
7107 [localhost-startStop-1] DEBUG o.s.b.f.s.DefaultListableBeanFactory - Creating shared instance of singleton bean 'org.springframework.cloud.netflix.eureka.server.EurekaServerConfiguration$EurekaServerConfigBeanConfiguration'
7107 [localhost-startStop-1] DEBUG o.s.b.f.s.DefaultListableBeanFactory - Creating instance of bean 'org.springframework.cloud.netflix.eureka.server.EurekaServerConfiguration$EurekaServerConfigBeanConfiguration'
7107 [localhost-startStop-1] DEBUG o.s.b.f.s.DefaultListableBeanFactory - Eagerly caching bean 'org.springframework.cloud.netflix.eureka.server.EurekaServerConfiguration$EurekaServerConfigBeanConfiguration' to allow for resolving potential circular references
7112 [localhost-startStop-1] DEBUG o.s.b.f.s.DefaultListableBeanFactory - Finished creating instance of bean 'org.springframework.cloud.netflix.eureka.server.EurekaServerConfiguration$EurekaServerConfigBeanConfiguration'
7114 [localhost-startStop-1] DEBUG o.s.b.f.s.DefaultListableBeanFactory - Creating shared instance of singleton bean 'eurekaClientConfigBean'
7114 [localhost-startStop-1] DEBUG o.s.b.f.s.DefaultListableBeanFactory - Creating instance of bean 'eurekaClientConfigBean'
7114 [localhost-startStop-1] DEBUG o.s.b.f.s.DefaultListableBeanFactory - Creating shared instance of singleton bean 'org.springframework.cloud.netflix.eureka.EurekaClientAutoConfiguration'
7114 [localhost-startStop-1] DEBUG o.s.b.f.s.DefaultListableBeanFactory - Creating instance of bean 'org.springframework.cloud.netflix.eureka.EurekaClientAutoConfiguration'
7115 [localhost-startStop-1] DEBUG o.s.b.f.a.InjectionMetadata - Registered injected element on class [org.springframework.cloud.netflix.eureka.EurekaClientAutoConfiguration$$EnhancerBySpringCGLIB$$c62ae619]: AutowiredFieldElement for int org.springframework.cloud.netflix.eureka.EurekaClientAutoConfiguration.nonSecurePort
7115 [localhost-startStop-1] DEBUG o.s.b.f.a.InjectionMetadata - Registered injected element on class [org.springframework.cloud.netflix.eureka.EurekaClientAutoConfiguration$$EnhancerBySpringCGLIB$$c62ae619]: AutowiredFieldElement for int org.springframework.cloud.netflix.eureka.EurekaClientAutoConfiguration.managementPort
7115 [localhost-startStop-1] DEBUG o.s.b.f.a.InjectionMetadata - Registered injected element on class [org.springframework.cloud.netflix.eureka.EurekaClientAutoConfiguration$$EnhancerBySpringCGLIB$$c62ae619]: AutowiredFieldElement for java.lang.String org.springframework.cloud.netflix.eureka.EurekaClientAutoConfiguration.hostname
7115 [localhost-startStop-1] DEBUG o.s.b.f.a.InjectionMetadata - Registered injected element on class [org.springframework.cloud.netflix.eureka.EurekaClientAutoConfiguration$$EnhancerBySpringCGLIB$$c62ae619]: AutowiredFieldElement for org.springframework.core.env.ConfigurableEnvironment org.springframework.cloud.netflix.eureka.EurekaClientAutoConfiguration.env
7115 [localhost-startStop-1] DEBUG o.s.b.f.s.DefaultListableBeanFactory - Eagerly caching bean 'org.springframework.cloud.netflix.eureka.EurekaClientAutoConfiguration' to allow for resolving potential circular references
7119 [localhost-startStop-1] DEBUG o.s.b.f.a.InjectionMetadata - Processing injected element of bean 'org.springframework.cloud.netflix.eureka.EurekaClientAutoConfiguration': AutowiredFieldElement for int org.springframework.cloud.netflix.eureka.EurekaClientAutoConfiguration.nonSecurePort
7119 [localhost-startStop-1] DEBUG o.s.c.e.PropertySourcesPropertyResolver - Could not find key 'PORT:8080' in any property source
7119 [localhost-startStop-1] DEBUG o.s.c.e.PropertySourcesPropertyResolver - Could not find key 'PORT:8080' in any property source
7119 [localhost-startStop-1] DEBUG o.s.c.e.PropertySourcesPropertyResolver - Could not find key 'PORT' in any property source
7119 [localhost-startStop-1] DEBUG o.s.c.e.PropertySourcesPropertyResolver - Could not find key 'PORT' in any property source
7119 [localhost-startStop-1] DEBUG o.s.c.e.PropertySourcesPropertyResolver - Could not find key 'SERVER_PORT:8080' in any property source
7119 [localhost-startStop-1] DEBUG o.s.c.e.PropertySourcesPropertyResolver - Could not find key 'SERVER_PORT:8080' in any property source
7119 [localhost-startStop-1] DEBUG o.s.c.e.PropertySourcesPropertyResolver - Could not find key 'SERVER_PORT' in any property source
7119 [localhost-startStop-1] DEBUG o.s.c.e.PropertySourcesPropertyResolver - Could not find key 'SERVER_PORT' in any property source
7119 [localhost-startStop-1] DEBUG o.s.c.e.PropertySourcesPropertyResolver - Could not find key 'server.port:8080' in any property source
7119 [localhost-startStop-1] DEBUG o.s.c.e.PropertySourcesPropertyResolver - Could not find key 'server.port:8080' in any property source
7119 [localhost-startStop-1] DEBUG o.s.c.e.PropertySourcesPropertyResolver - Found key 'server.port' in [applicationConfig: [classpath:/application.properties]] with type [String]
7120 [localhost-startStop-1] DEBUG o.s.c.e.PropertySourcesPropertyResolver - Found key 'server.port' in [environmentProperties] with type [String]
7120 [localhost-startStop-1] DEBUG o.s.b.f.a.InjectionMetadata - Processing injected element of bean 'org.springframework.cloud.netflix.eureka.EurekaClientAutoConfiguration': AutowiredFieldElement for int org.springframework.cloud.netflix.eureka.EurekaClientAutoConfiguration.managementPort
7120 [localhost-startStop-1] DEBUG o.s.c.e.PropertySourcesPropertyResolver - Could not find key 'PORT:8080' in any property source
7120 [localhost-startStop-1] DEBUG o.s.c.e.PropertySourcesPropertyResolver - Could not find key 'PORT:8080' in any property source
7120 [localhost-startStop-1] DEBUG o.s.c.e.PropertySourcesPropertyResolver - Could not find key 'PORT' in any property source
7120 [localhost-startStop-1] DEBUG o.s.c.e.PropertySourcesPropertyResolver - Could not find key 'PORT' in any property source
7120 [localhost-startStop-1] DEBUG o.s.c.e.PropertySourcesPropertyResolver - Could not find key 'SERVER_PORT:8080' in any property source
7120 [localhost-startStop-1] DEBUG o.s.c.e.PropertySourcesPropertyResolver - Could not find key 'SERVER_PORT:8080' in any property source
7120 [localhost-startStop-1] DEBUG o.s.c.e.PropertySourcesPropertyResolver - Could not find key 'SERVER_PORT' in any property source
7120 [localhost-startStop-1] DEBUG o.s.c.e.PropertySourcesPropertyResolver - Could not find key 'SERVER_PORT' in any property source
7120 [localhost-startStop-1] DEBUG o.s.c.e.PropertySourcesPropertyResolver - Could not find key 'server.port:8080' in any property source
7120 [localhost-startStop-1] DEBUG o.s.c.e.PropertySourcesPropertyResolver - Could not find key 'server.port:8080' in any property source
7120 [localhost-startStop-1] DEBUG o.s.c.e.PropertySourcesPropertyResolver - Found key 'server.port' in [applicationConfig: [classpath:/application.properties]] with type [String]
7120 [localhost-startStop-1] DEBUG o.s.c.e.PropertySourcesPropertyResolver - Found key 'server.port' in [environmentProperties] with type [String]
7120 [localhost-startStop-1] DEBUG o.s.c.e.PropertySourcesPropertyResolver - Could not find key 'MANAGEMENT_PORT:1111' in any property source
7120 [localhost-startStop-1] DEBUG o.s.c.e.PropertySourcesPropertyResolver - Could not find key 'MANAGEMENT_PORT:1111' in any property source
7120 [localhost-startStop-1] DEBUG o.s.c.e.PropertySourcesPropertyResolver - Could not find key 'MANAGEMENT_PORT' in any property source
7120 [localhost-startStop-1] DEBUG o.s.c.e.PropertySourcesPropertyResolver - Could not find key 'MANAGEMENT_PORT' in any property source
7120 [localhost-startStop-1] DEBUG o.s.c.e.PropertySourcesPropertyResolver - Could not find key 'management.port:1111' in any property source
7120 [localhost-startStop-1] DEBUG o.s.c.e.PropertySourcesPropertyResolver - Could not find key 'management.port:1111' in any property source
7120 [localhost-startStop-1] DEBUG o.s.c.e.PropertySourcesPropertyResolver - Could not find key 'management.port' in any property source
7120 [localhost-startStop-1] DEBUG o.s.c.e.PropertySourcesPropertyResolver - Could not find key 'management.port' in any property source
7121 [localhost-startStop-1] DEBUG o.s.b.f.a.InjectionMetadata - Processing injected element of bean 'org.springframework.cloud.netflix.eureka.EurekaClientAutoConfiguration': AutowiredFieldElement for java.lang.String org.springframework.cloud.netflix.eureka.EurekaClientAutoConfiguration.hostname
7121 [localhost-startStop-1] DEBUG o.s.c.e.PropertySourcesPropertyResolver - Could not find key 'EUREKA_INSTANCE_HOSTNAME:' in any property source
7121 [localhost-startStop-1] DEBUG o.s.c.e.PropertySourcesPropertyResolver - Could not find key 'EUREKA_INSTANCE_HOSTNAME:' in any property source
7121 [localhost-startStop-1] DEBUG o.s.c.e.PropertySourcesPropertyResolver - Could not find key 'EUREKA_INSTANCE_HOSTNAME' in any property source
7121 [localhost-startStop-1] DEBUG o.s.c.e.PropertySourcesPropertyResolver - Could not find key 'EUREKA_INSTANCE_HOSTNAME' in any property source
7121 [localhost-startStop-1] DEBUG o.s.c.e.PropertySourcesPropertyResolver - Could not find key 'eureka.instance.hostname:' in any property source
7121 [localhost-startStop-1] DEBUG o.s.c.e.PropertySourcesPropertyResolver - Could not find key 'eureka.instance.hostname:' in any property source
7121 [localhost-startStop-1] DEBUG o.s.c.e.PropertySourcesPropertyResolver - Could not find key 'eureka.instance.hostname' in any property source
7121 [localhost-startStop-1] DEBUG o.s.c.e.PropertySourcesPropertyResolver - Could not find key 'eureka.instance.hostname' in any property source
7121 [localhost-startStop-1] DEBUG o.s.b.f.a.InjectionMetadata - Processing injected element of bean 'org.springframework.cloud.netflix.eureka.EurekaClientAutoConfiguration': AutowiredFieldElement for org.springframework.core.env.ConfigurableEnvironment org.springframework.cloud.netflix.eureka.EurekaClientAutoConfiguration.env
7122 [localhost-startStop-1] DEBUG o.s.b.f.s.DefaultListableBeanFactory - Returning cached instance of singleton bean 'environment'
7122 [localhost-startStop-1] DEBUG o.s.b.f.a.AutowiredAnnotationBeanPostProcessor - Autowiring by type from bean name 'org.springframework.cloud.netflix.eureka.EurekaClientAutoConfiguration' to bean named 'environment'
7124 [localhost-startStop-1] DEBUG o.s.b.f.s.DefaultListableBeanFactory - Finished creating instance of bean 'org.springframework.cloud.netflix.eureka.EurekaClientAutoConfiguration'
7133 [localhost-startStop-1] DEBUG o.s.c.e.PropertySourcesPropertyResolver - Could not find key 'spring.config.name' in any property source
7135 [localhost-startStop-1] DEBUG o.s.b.f.a.InjectionMetadata - Registered injected element on class [org.springframework.cloud.netflix.eureka.EurekaClientConfigBean]: AutowiredFieldElement for org.springframework.core.env.PropertyResolver org.springframework.cloud.netflix.eureka.EurekaClientConfigBean.propertyResolver
7135 [localhost-startStop-1] DEBUG o.s.b.f.s.DefaultListableBeanFactory - Eagerly caching bean 'eurekaClientConfigBean' to allow for resolving potential circular references
7144 [localhost-startStop-1] DEBUG o.s.b.f.a.InjectionMetadata - Processing injected element of bean 'eurekaClientConfigBean': AutowiredFieldElement for org.springframework.core.env.PropertyResolver org.springframework.cloud.netflix.eureka.EurekaClientConfigBean.propertyResolver
7146 [localhost-startStop-1] DEBUG o.s.b.f.s.DefaultListableBeanFactory - Returning cached instance of singleton bean 'environment'
7146 [localhost-startStop-1] DEBUG o.s.b.f.a.AutowiredAnnotationBeanPostProcessor - Autowiring by type from bean name 'eurekaClientConfigBean' to bean named 'environment'
7152 [localhost-startStop-1] DEBUG o.s.core.env.MutablePropertySources - Adding [servletConfigInitParams] PropertySource with lowest search precedence
7152 [localhost-startStop-1] DEBUG o.s.core.env.MutablePropertySources - Adding [servletContextInitParams] PropertySource with lowest search precedence
7152 [localhost-startStop-1] DEBUG o.s.core.env.MutablePropertySources - Adding [systemProperties] PropertySource with lowest search precedence
7152 [localhost-startStop-1] DEBUG o.s.core.env.MutablePropertySources - Adding [systemEnvironment] PropertySource with lowest search precedence
7152 [localhost-startStop-1] DEBUG o.s.core.env.MutablePropertySources - Adding [random] PropertySource with lowest search precedence
7152 [localhost-startStop-1] DEBUG o.s.core.env.MutablePropertySources - Adding [applicationConfig: [classpath:/application.properties]] PropertySource with lowest search precedence
7152 [localhost-startStop-1] DEBUG o.s.core.env.MutablePropertySources - Adding [springCloudClientHostInfo] PropertySource with lowest search precedence
7152 [localhost-startStop-1] DEBUG o.s.core.env.MutablePropertySources - Adding [class path resource [eureka/server.properties]] PropertySource with lowest search precedence
7152 [localhost-startStop-1] DEBUG o.s.core.env.MutablePropertySources - Adding [defaultProperties] PropertySource with lowest search precedence
7152 [localhost-startStop-1] DEBUG o.s.core.env.MutablePropertySources - Adding [localProperties] PropertySource with lowest search precedence
7160 [localhost-startStop-1] DEBUG o.s.core.env.MutablePropertySources - Adding [servletConfigInitParams] PropertySource with lowest search precedence
7160 [localhost-startStop-1] DEBUG o.s.core.env.MutablePropertySources - Adding [servletContextInitParams] PropertySource with lowest search precedence
7160 [localhost-startStop-1] DEBUG o.s.core.env.MutablePropertySources - Adding [systemProperties] PropertySource with lowest search precedence
7160 [localhost-startStop-1] DEBUG o.s.core.env.MutablePropertySources - Adding [systemEnvironment] PropertySource with lowest search precedence
7160 [localhost-startStop-1] DEBUG o.s.core.env.MutablePropertySources - Adding [random] PropertySource with lowest search precedence
7160 [localhost-startStop-1] DEBUG o.s.core.env.MutablePropertySources - Adding [applicationConfig: [classpath:/application.properties]] PropertySource with lowest search precedence
7160 [localhost-startStop-1] DEBUG o.s.core.env.MutablePropertySources - Adding [springCloudClientHostInfo] PropertySource with lowest search precedence
7160 [localhost-startStop-1] DEBUG o.s.core.env.MutablePropertySources - Adding [class path resource [eureka/server.properties]] PropertySource with lowest search precedence
7160 [localhost-startStop-1] DEBUG o.s.core.env.MutablePropertySources - Adding [defaultProperties] PropertySource with lowest search precedence
7160 [localhost-startStop-1] DEBUG o.s.core.env.MutablePropertySources - Adding [localProperties] PropertySource with lowest search precedence
7160 [localhost-startStop-1] DEBUG o.s.core.env.MutablePropertySources - Adding [servletConfigInitParams] PropertySource with lowest search precedence
7160 [localhost-startStop-1] DEBUG o.s.core.env.MutablePropertySources - Adding [servletContextInitParams] PropertySource with lowest search precedence
7160 [localhost-startStop-1] DEBUG o.s.core.env.MutablePropertySources - Adding [systemProperties] PropertySource with lowest search precedence
7160 [localhost-startStop-1] DEBUG o.s.core.env.MutablePropertySources - Adding [systemEnvironment] PropertySource with lowest search precedence
7160 [localhost-startStop-1] DEBUG o.s.core.env.MutablePropertySources - Adding [random] PropertySource with lowest search precedence
7160 [localhost-startStop-1] DEBUG o.s.core.env.MutablePropertySources - Adding [applicationConfig: [classpath:/application.properties]] PropertySource with lowest search precedence
7160 [localhost-startStop-1] DEBUG o.s.core.env.MutablePropertySources - Adding [springCloudClientHostInfo] PropertySource with lowest search precedence
7160 [localhost-startStop-1] DEBUG o.s.core.env.MutablePropertySources - Adding [class path resource [eureka/server.properties]] PropertySource with lowest search precedence
7160 [localhost-startStop-1] DEBUG o.s.core.env.MutablePropertySources - Adding [defaultProperties] PropertySource with lowest search precedence
7160 [localhost-startStop-1] DEBUG o.s.core.env.MutablePropertySources - Adding [localProperties] PropertySource with lowest search precedence
7160 [localhost-startStop-1] DEBUG o.s.c.e.PropertySourcesPropertyResolver - Found key 'server.port' in [applicationConfig: [classpath:/application.properties]] with type [String]
7160 [localhost-startStop-1] DEBUG o.s.c.e.PropertySourcesPropertyResolver - Found key 'eureka.client.serviceUrl.defaultZone' in [applicationConfig: [classpath:/application.properties]] with type [String]
7166 [localhost-startStop-1] DEBUG o.s.core.env.MutablePropertySources - Adding [servletConfigInitParams] PropertySource with lowest search precedence
7166 [localhost-startStop-1] DEBUG o.s.core.env.MutablePropertySources - Adding [servletContextInitParams] PropertySource with lowest search precedence
7166 [localhost-startStop-1] DEBUG o.s.core.env.MutablePropertySources - Adding [systemProperties] PropertySource with lowest search precedence
7166 [localhost-startStop-1] DEBUG o.s.core.env.MutablePropertySources - Adding [systemEnvironment] PropertySource with lowest search precedence
7166 [localhost-startStop-1] DEBUG o.s.core.env.MutablePropertySources - Adding [random] PropertySource with lowest search precedence
7166 [localhost-startStop-1] DEBUG o.s.core.env.MutablePropertySources - Adding [applicationConfig: [classpath:/application.properties]] PropertySource with lowest search precedence
7166 [localhost-startStop-1] DEBUG o.s.core.env.MutablePropertySources - Adding [springCloudClientHostInfo] PropertySource with lowest search precedence
7166 [localhost-startStop-1] DEBUG o.s.core.env.MutablePropertySources - Adding [class path resource [eureka/server.properties]] PropertySource with lowest search precedence
7166 [localhost-startStop-1] DEBUG o.s.core.env.MutablePropertySources - Adding [defaultProperties] PropertySource with lowest search precedence
7166 [localhost-startStop-1] DEBUG o.s.core.env.MutablePropertySources - Adding [localProperties] PropertySource with lowest search precedence
7166 [localhost-startStop-1] DEBUG o.s.c.e.PropertySourcesPropertyResolver - Found key 'eureka.client.register-with-eureka' in [applicationConfig: [classpath:/application.properties]] with type [String]
7171 [localhost-startStop-1] DEBUG o.s.core.env.MutablePropertySources - Adding [servletConfigInitParams] PropertySource with lowest search precedence
7171 [localhost-startStop-1] DEBUG o.s.core.env.MutablePropertySources - Adding [servletContextInitParams] PropertySource with lowest search precedence
7171 [localhost-startStop-1] DEBUG o.s.core.env.MutablePropertySources - Adding [systemProperties] PropertySource with lowest search precedence
7171 [localhost-startStop-1] DEBUG o.s.core.env.MutablePropertySources - Adding [systemEnvironment] PropertySource with lowest search precedence
7171 [localhost-startStop-1] DEBUG o.s.core.env.MutablePropertySources - Adding [random] PropertySource with lowest search precedence
7171 [localhost-startStop-1] DEBUG o.s.core.env.MutablePropertySources - Adding [applicationConfig: [classpath:/application.properties]] PropertySource with lowest search precedence
7171 [localhost-startStop-1] DEBUG o.s.core.env.MutablePropertySources - Adding [springCloudClientHostInfo] PropertySource with lowest search precedence
7171 [localhost-startStop-1] DEBUG o.s.core.env.MutablePropertySources - Adding [class path resource [eureka/server.properties]] PropertySource with lowest search precedence
7171 [localhost-startStop-1] DEBUG o.s.core.env.MutablePropertySources - Adding [defaultProperties] PropertySource with lowest search precedence
7171 [localhost-startStop-1] DEBUG o.s.core.env.MutablePropertySources - Adding [localProperties] PropertySource with lowest search precedence
7171 [localhost-startStop-1] DEBUG o.s.c.e.PropertySourcesPropertyResolver - Found key 'eureka.client.fetch-registry' in [applicationConfig: [classpath:/application.properties]] with type [String]
7203 [localhost-startStop-1] DEBUG o.s.b.f.s.DefaultListableBeanFactory - Finished creating instance of bean 'eurekaClientConfigBean'
7203 [localhost-startStop-1] DEBUG o.s.b.f.s.DefaultListableBeanFactory - Autowiring by type from bean name 'eurekaServerConfig' via factory method to bean named 'eurekaClientConfigBean'
7210 [localhost-startStop-1] DEBUG o.s.b.f.a.InjectionMetadata - Registered injected element on class [org.springframework.cloud.netflix.eureka.server.EurekaServerConfigBean]: AutowiredFieldElement for org.springframework.core.env.PropertyResolver org.springframework.cloud.netflix.eureka.server.EurekaServerConfigBean.propertyResolver
7210 [localhost-startStop-1] DEBUG o.s.b.f.s.DefaultListableBeanFactory - Eagerly caching bean 'eurekaServerConfig' to allow for resolving potential circular references
7218 [localhost-startStop-1] DEBUG o.s.b.f.a.InjectionMetadata - Processing injected element of bean 'eurekaServerConfig': AutowiredFieldElement for org.springframework.core.env.PropertyResolver org.springframework.cloud.netflix.eureka.server.EurekaServerConfigBean.propertyResolver
7220 [localhost-startStop-1] DEBUG o.s.b.f.s.DefaultListableBeanFactory - Returning cached instance of singleton bean 'environment'
7220 [localhost-startStop-1] DEBUG o.s.b.f.a.AutowiredAnnotationBeanPostProcessor - Autowiring by type from bean name 'eurekaServerConfig' to bean named 'environment'
7229 [localhost-startStop-1] DEBUG o.s.core.env.MutablePropertySources - Adding [servletConfigInitParams] PropertySource with lowest search precedence
7229 [localhost-startStop-1] DEBUG o.s.core.env.MutablePropertySources - Adding [servletContextInitParams] PropertySource with lowest search precedence
7229 [localhost-startStop-1] DEBUG o.s.core.env.MutablePropertySources - Adding [systemProperties] PropertySource with lowest search precedence
7229 [localhost-startStop-1] DEBUG o.s.core.env.MutablePropertySources - Adding [systemEnvironment] PropertySource with lowest search precedence
7229 [localhost-startStop-1] DEBUG o.s.core.env.MutablePropertySources - Adding [random] PropertySource with lowest search precedence
7229 [localhost-startStop-1] DEBUG o.s.core.env.MutablePropertySources - Adding [applicationConfig: [classpath:/application.properties]] PropertySource with lowest search precedence
7229 [localhost-startStop-1] DEBUG o.s.core.env.MutablePropertySources - Adding [springCloudClientHostInfo] PropertySource with lowest search precedence
7229 [localhost-startStop-1] DEBUG o.s.core.env.MutablePropertySources - Adding [class path resource [eureka/server.properties]] PropertySource with lowest search precedence
7229 [localhost-startStop-1] DEBUG o.s.core.env.MutablePropertySources - Adding [defaultProperties] PropertySource with lowest search precedence
7229 [localhost-startStop-1] DEBUG o.s.core.env.MutablePropertySources - Adding [localProperties] PropertySource with lowest search precedence
7426 [localhost-startStop-1] DEBUG o.s.core.env.MutablePropertySources - Adding [servletConfigInitParams] PropertySource with lowest search precedence
7426 [localhost-startStop-1] DEBUG o.s.core.env.MutablePropertySources - Adding [servletContextInitParams] PropertySource with lowest search precedence
7426 [localhost-startStop-1] DEBUG o.s.core.env.MutablePropertySources - Adding [systemProperties] PropertySource with lowest search precedence
7426 [localhost-startStop-1] DEBUG o.s.core.env.MutablePropertySources - Adding [systemEnvironment] PropertySource with lowest search precedence
7426 [localhost-startStop-1] DEBUG o.s.core.env.MutablePropertySources - Adding [random] PropertySource with lowest search precedence
7426 [localhost-startStop-1] DEBUG o.s.core.env.MutablePropertySources - Adding [applicationConfig: [classpath:/application.properties]] PropertySource with lowest search precedence
7427 [localhost-startStop-1] DEBUG o.s.core.env.MutablePropertySources - Adding [springCloudClientHostInfo] PropertySource with lowest search precedence
7427 [localhost-startStop-1] DEBUG o.s.core.env.MutablePropertySources - Adding [class path resource [eureka/server.properties]] PropertySource with lowest search precedence
7427 [localhost-startStop-1] DEBUG o.s.core.env.MutablePropertySources - Adding [defaultProperties] PropertySource with lowest search precedence
7427 [localhost-startStop-1] DEBUG o.s.core.env.MutablePropertySources - Adding [localProperties] PropertySource with lowest search precedence
7427 [localhost-startStop-1] DEBUG o.s.c.e.PropertySourcesPropertyResolver - Found key 'eureka.server.enable-self-preservation' in [applicationConfig: [classpath:/application.properties]] with type [String]
7434 [localhost-startStop-1] DEBUG o.s.core.env.MutablePropertySources - Adding [servletConfigInitParams] PropertySource with lowest search precedence
7434 [localhost-startStop-1] DEBUG o.s.core.env.MutablePropertySources - Adding [servletContextInitParams] PropertySource with lowest search precedence
7434 [localhost-startStop-1] DEBUG o.s.core.env.MutablePropertySources - Adding [systemProperties] PropertySource with lowest search precedence
7434 [localhost-startStop-1] DEBUG o.s.core.env.MutablePropertySources - Adding [systemEnvironment] PropertySource with lowest search precedence
7434 [localhost-startStop-1] DEBUG o.s.core.env.MutablePropertySources - Adding [random] PropertySource with lowest search precedence
7434 [localhost-startStop-1] DEBUG o.s.core.env.MutablePropertySources - Adding [applicationConfig: [classpath:/application.properties]] PropertySource with lowest search precedence
7434 [localhost-startStop-1] DEBUG o.s.core.env.MutablePropertySources - Adding [springCloudClientHostInfo] PropertySource with lowest search precedence
7434 [localhost-startStop-1] DEBUG o.s.core.env.MutablePropertySources - Adding [class path resource [eureka/server.properties]] PropertySource with lowest search precedence
7434 [localhost-startStop-1] DEBUG o.s.core.env.MutablePropertySources - Adding [defaultProperties] PropertySource with lowest search precedence
7434 [localhost-startStop-1] DEBUG o.s.core.env.MutablePropertySources - Adding [localProperties] PropertySource with lowest search precedence
7434 [localhost-startStop-1] DEBUG o.s.c.e.PropertySourcesPropertyResolver - Found key 'eureka.server.eviction-interval-timer-in-ms' in [applicationConfig: [classpath:/application.properties]] with type [String]
7473 [localhost-startStop-1] DEBUG o.s.b.f.s.DefaultListableBeanFactory - Finished creating instance of bean 'eurekaServerConfig'
7473 [localhost-startStop-1] DEBUG o.s.b.f.a.AutowiredAnnotationBeanPostProcessor - Autowiring by type from bean name 'org.springframework.cloud.netflix.eureka.server.EurekaServerConfiguration' to bean named 'eurekaServerConfig'
7473 [localhost-startStop-1] DEBUG o.s.b.f.a.InjectionMetadata - Processing injected element of bean 'org.springframework.cloud.netflix.eureka.server.EurekaServerConfiguration': AutowiredFieldElement for private com.netflix.discovery.EurekaClientConfig org.springframework.cloud.netflix.eureka.server.EurekaServerConfiguration.eurekaClientConfig
7474 [localhost-startStop-1] DEBUG o.s.b.f.s.DefaultListableBeanFactory - Returning cached instance of singleton bean 'eurekaClientConfigBean'
7474 [localhost-startStop-1] DEBUG o.s.b.f.a.AutowiredAnnotationBeanPostProcessor - Autowiring by type from bean name 'org.springframework.cloud.netflix.eureka.server.EurekaServerConfiguration' to bean named 'eurekaClientConfigBean'
7474 [localhost-startStop-1] DEBUG o.s.b.f.a.InjectionMetadata - Processing injected element of bean 'org.springframework.cloud.netflix.eureka.server.EurekaServerConfiguration': AutowiredFieldElement for private com.netflix.discovery.EurekaClient org.springframework.cloud.netflix.eureka.server.EurekaServerConfiguration.eurekaClient
7475 [localhost-startStop-1] DEBUG o.s.b.f.s.DefaultListableBeanFactory - Creating shared instance of singleton bean 'eurekaClient'
7475 [localhost-startStop-1] DEBUG o.s.b.f.s.DefaultListableBeanFactory - Creating instance of bean 'eurekaClient'
7476 [localhost-startStop-1] DEBUG o.s.b.f.s.DefaultListableBeanFactory - Eagerly caching bean 'eurekaClient' to allow for resolving potential circular references
7477 [localhost-startStop-1] DEBUG o.s.a.framework.JdkDynamicAopProxy - Creating JDK dynamic proxy: target source is SimpleBeanTargetSource for target bean 'scopedTarget.eurekaClient' of type [com.netflix.discovery.EurekaClient]
7484 [localhost-startStop-1] DEBUG o.s.b.f.s.DefaultListableBeanFactory - Finished creating instance of bean 'eurekaClient'
7485 [localhost-startStop-1] DEBUG o.s.b.f.a.AutowiredAnnotationBeanPostProcessor - Autowiring by type from bean name 'org.springframework.cloud.netflix.eureka.server.EurekaServerConfiguration' to bean named 'eurekaClient'
7485 [localhost-startStop-1] DEBUG o.s.b.f.a.InjectionMetadata - Processing injected element of bean 'org.springframework.cloud.netflix.eureka.server.EurekaServerConfiguration': AutowiredFieldElement for private int org.springframework.cloud.netflix.eureka.server.EurekaServerConfiguration.expectedNumberOfRenewsPerMin
7486 [localhost-startStop-1] DEBUG o.s.c.e.PropertySourcesPropertyResolver - Could not find key 'eureka.server.expectedNumberOfRenewsPerMin:1' in any property source
7486 [localhost-startStop-1] DEBUG o.s.c.e.PropertySourcesPropertyResolver - Could not find key 'eureka.server.expectedNumberOfRenewsPerMin:1' in any property source
7486 [localhost-startStop-1] DEBUG o.s.c.e.PropertySourcesPropertyResolver - Could not find key 'eureka.server.expectedNumberOfRenewsPerMin' in any property source
7486 [localhost-startStop-1] DEBUG o.s.c.e.PropertySourcesPropertyResolver - Could not find key 'eureka.server.expectedNumberOfRenewsPerMin' in any property source
7486 [localhost-startStop-1] DEBUG o.s.b.f.a.InjectionMetadata - Processing injected element of bean 'org.springframework.cloud.netflix.eureka.server.EurekaServerConfiguration': AutowiredFieldElement for private int org.springframework.cloud.netflix.eureka.server.EurekaServerConfiguration.defaultOpenForTrafficCount
7486 [localhost-startStop-1] DEBUG o.s.c.e.PropertySourcesPropertyResolver - Could not find key 'eureka.server.defaultOpenForTrafficCount:1' in any property source
7486 [localhost-startStop-1] DEBUG o.s.c.e.PropertySourcesPropertyResolver - Could not find key 'eureka.server.defaultOpenForTrafficCount:1' in any property source
7486 [localhost-startStop-1] DEBUG o.s.c.e.PropertySourcesPropertyResolver - Could not find key 'eureka.server.defaultOpenForTrafficCount' in any property source
7486 [localhost-startStop-1] DEBUG o.s.c.e.PropertySourcesPropertyResolver - Could not find key 'eureka.server.defaultOpenForTrafficCount' in any property source
7487 [localhost-startStop-1] DEBUG o.s.b.f.s.DefaultListableBeanFactory - Finished creating instance of bean 'org.springframework.cloud.netflix.eureka.server.EurekaServerConfiguration'
7489 [localhost-startStop-1] DEBUG o.s.b.f.s.DefaultListableBeanFactory - Creating shared instance of singleton bean 'jerseyApplication'
7489 [localhost-startStop-1] DEBUG o.s.b.f.s.DefaultListableBeanFactory - Creating instance of bean 'jerseyApplication'
7490 [localhost-startStop-1] DEBUG o.s.b.f.s.DefaultListableBeanFactory - Returning cached instance of singleton bean 'org.springframework.cloud.netflix.eureka.server.EurekaServerConfiguration'
7491 [localhost-startStop-1] DEBUG o.s.b.f.s.DefaultListableBeanFactory - Returning cached instance of singleton bean 'environment'
7492 [localhost-startStop-1] DEBUG o.s.b.f.s.DefaultListableBeanFactory - Autowiring by type from bean name 'jerseyApplication' via factory method to bean named 'environment'
7492 [localhost-startStop-1] DEBUG o.s.b.f.s.DefaultListableBeanFactory - Autowiring by type from bean name 'jerseyApplication' via factory method to bean named 'org.springframework.boot.context.embedded.AnnotationConfigEmbeddedWebApplicationContext@555cf22'
7501 [localhost-startStop-1] DEBUG o.s.c.i.s.PathMatchingResourcePatternResolver - Resolved classpath location [com/netflix/discovery/] to resources [URL [jar:file:/D:/mavenHome/com/netflix/eureka/eureka-client/1.4.6/eureka-client-1.4.6.jar!/com/netflix/discovery/]]
7501 [localhost-startStop-1] DEBUG o.s.c.i.s.PathMatchingResourcePatternResolver - Looking for matching resources in jar file [file:/D:/mavenHome/com/netflix/eureka/eureka-client/1.4.6/eureka-client-1.4.6.jar]
7511 [localhost-startStop-1] DEBUG o.s.c.i.s.PathMatchingResourcePatternResolver - Resolved location pattern [classpath*:com/netflix/discovery/**/*.class] to resources [URL [jar:file:/D:/mavenHome/com/netflix/eureka/eureka-client/1.4.6/eureka-client-1.4.6.jar!/com/netflix/discovery/EurekaIdentityHeaderFilter.class], URL [jar:file:/D:/mavenHome/com/netflix/eureka/eureka-client/1.4.6/eureka-client-1.4.6.jar!/com/netflix/discovery/InternalEurekaStatusModule$UpStatusProvider.class], URL [jar:file:/D:/mavenHome/com/netflix/eureka/eureka-client/1.4.6/eureka-client-1.4.6.jar!/com/netflix/discovery/InstanceInfoReplicator.class], URL [jar:file:/D:/mavenHome/com/netflix/eureka/eureka-client/1.4.6/eureka-client-1.4.6.jar!/com/netflix/discovery/AbstractAzToRegionMapper$1.class], URL [jar:file:/D:/mavenHome/com/netflix/eureka/eureka-client/1.4.6/eureka-client-1.4.6.jar!/com/netflix/discovery/EurekaClientNames.class], URL [jar:file:/D:/mavenHome/com/netflix/eureka/eureka-client/1.4.6/eureka-client-1.4.6.jar!/com/netflix/discovery/DefaultEurekaClientConfig.class], URL [jar:file:/D:/mavenHome/com/netflix/eureka/eureka-client/1.4.6/eureka-client-1.4.6.jar!/com/netflix/discovery/InstanceRegionChecker.class], URL [jar:file:/D:/mavenHome/com/netflix/eureka/eureka-client/1.4.6/eureka-client-1.4.6.jar!/com/netflix/discovery/EurekaUpStatusResolver.class], URL [jar:file:/D:/mavenHome/com/netflix/eureka/eureka-client/1.4.6/eureka-client-1.4.6.jar!/com/netflix/discovery/DiscoveryClient$1.class], URL [jar:file:/D:/mavenHome/com/netflix/eureka/eureka-client/1.4.6/eureka-client-1.4.6.jar!/com/netflix/discovery/InternalEurekaStatusModule$1.class], URL [jar:file:/D:/mavenHome/com/netflix/eureka/eureka-client/1.4.6/eureka-client-1.4.6.jar!/com/netflix/discovery/DiscoveryClient$CacheRefreshThread.class], URL [jar:file:/D:/mavenHome/com/netflix/eureka/eureka-client/1.4.6/eureka-client-1.4.6.jar!/com/netflix/discovery/InternalEurekaStatusModule$DownStatusProvider.class], URL [jar:file:/D:/mavenHome/com/netflix/eureka/eureka-client/1.4.6/eureka-client-1.4.6.jar!/com/netflix/discovery/AbstractAzToRegionMapper.class], URL [jar:file:/D:/mavenHome/com/netflix/eureka/eureka-client/1.4.6/eureka-client-1.4.6.jar!/com/netflix/discovery/DNSBasedAzToRegionMapper.class], URL [jar:file:/D:/mavenHome/com/netflix/eureka/eureka-client/1.4.6/eureka-client-1.4.6.jar!/com/netflix/discovery/StatusChangeEvent.class], URL [jar:file:/D:/mavenHome/com/netflix/eureka/eureka-client/1.4.6/eureka-client-1.4.6.jar!/com/netflix/discovery/InternalEurekaStatusModule$2.class], URL [jar:file:/D:/mavenHome/com/netflix/eureka/eureka-client/1.4.6/eureka-client-1.4.6.jar!/com/netflix/discovery/DiscoveryClient$2.class], URL [jar:file:/D:/mavenHome/com/netflix/eureka/eureka-client/1.4.6/eureka-client-1.4.6.jar!/com/netflix/discovery/DiscoveryClient$3.class], URL [jar:file:/D:/mavenHome/com/netflix/eureka/eureka-client/1.4.6/eureka-client-1.4.6.jar!/com/netflix/discovery/BackupRegistry.class], URL [jar:file:/D:/mavenHome/com/netflix/eureka/eureka-client/1.4.6/eureka-client-1.4.6.jar!/com/netflix/discovery/AzToRegionMapper.class], URL [jar:file:/D:/mavenHome/com/netflix/eureka/eureka-client/1.4.6/eureka-client-1.4.6.jar!/com/netflix/discovery/InternalEurekaStatusModule$UpStatusProvider$1.class], URL [jar:file:/D:/mavenHome/com/netflix/eureka/eureka-client/1.4.6/eureka-client-1.4.6.jar!/com/netflix/discovery/DiscoveryClient$EurekaTransport.class], URL [jar:file:/D:/mavenHome/com/netflix/eureka/eureka-client/1.4.6/eureka-client-1.4.6.jar!/com/netflix/discovery/PropertyBasedAzToRegionMapper.class], URL [jar:file:/D:/mavenHome/com/netflix/eureka/eureka-client/1.4.6/eureka-client-1.4.6.jar!/com/netflix/discovery/TimedSupervisorTask.class], URL [jar:file:/D:/mavenHome/com/netflix/eureka/eureka-client/1.4.6/eureka-client-1.4.6.jar!/com/netflix/discovery/EurekaClient.class], URL [jar:file:/D:/mavenHome/com/netflix/eureka/eureka-client/1.4.6/eureka-client-1.4.6.jar!/com/netflix/discovery/InstanceInfoReplicator$1.class], URL [jar:file:/D:/mavenHome/com/netflix/eureka/eureka-client/1.4.6/eureka-client-1.4.6.jar!/com/netflix/discovery/DiscoveryClient$DiscoveryClientOptionalArgs.class], URL [jar:file:/D:/mavenHome/com/netflix/eureka/eureka-client/1.4.6/eureka-client-1.4.6.jar!/com/netflix/discovery/DiscoveryEvent.class], URL [jar:file:/D:/mavenHome/com/netflix/eureka/eureka-client/1.4.6/eureka-client-1.4.6.jar!/com/netflix/discovery/DiscoveryClient$DiscoveryClientOptionalArgs$1.class], URL [jar:file:/D:/mavenHome/com/netflix/eureka/eureka-client/1.4.6/eureka-client-1.4.6.jar!/com/netflix/discovery/CacheRefreshedEvent.class], URL [jar:file:/D:/mavenHome/com/netflix/eureka/eureka-client/1.4.6/eureka-client-1.4.6.jar!/com/netflix/discovery/DiscoveryClient$HeartbeatThread.class], URL [jar:file:/D:/mavenHome/com/netflix/eureka/eureka-client/1.4.6/eureka-client-1.4.6.jar!/com/netflix/discovery/DiscoveryClient.class], URL [jar:file:/D:/mavenHome/com/netflix/eureka/eureka-client/1.4.6/eureka-client-1.4.6.jar!/com/netflix/discovery/InternalEurekaStatusModule$DownStatusProvider$1.class], URL [jar:file:/D:/mavenHome/com/netflix/eureka/eureka-client/1.4.6/eureka-client-1.4.6.jar!/com/netflix/discovery/EurekaClientConfig.class], URL [jar:file:/D:/mavenHome/com/netflix/eureka/eureka-client/1.4.6/eureka-client-1.4.6.jar!/com/netflix/discovery/InternalEurekaStatusModule.class], URL [jar:file:/D:/mavenHome/com/netflix/eureka/eureka-client/1.4.6/eureka-client-1.4.6.jar!/com/netflix/discovery/EurekaEvent.class], URL [jar:file:/D:/mavenHome/com/netflix/eureka/eureka-client/1.4.6/eureka-client-1.4.6.jar!/com/netflix/discovery/NotImplementedRegistryImpl.class], URL [jar:file:/D:/mavenHome/com/netflix/eureka/eureka-client/1.4.6/eureka-client-1.4.6.jar!/com/netflix/discovery/EurekaNamespace.class], URL [jar:file:/D:/mavenHome/com/netflix/eureka/eureka-client/1.4.6/eureka-client-1.4.6.jar!/com/netflix/discovery/EurekaEventListener.class], URL [jar:file:/D:/mavenHome/com/netflix/eureka/eureka-client/1.4.6/eureka-client-1.4.6.jar!/com/netflix/discovery/DiscoveryManager.class], URL [jar:file:/D:/mavenHome/com/netflix/eureka/eureka-client/1.4.6/eureka-client-1.4.6.jar!/com/netflix/discovery/guice/EurekaModule.class], URL [jar:file:/D:/mavenHome/com/netflix/eureka/eureka-client/1.4.6/eureka-client-1.4.6.jar!/com/netflix/discovery/util/EurekaEntityTransformers$Transformer.class], URL [jar:file:/D:/mavenHome/com/netflix/eureka/eureka-client/1.4.6/eureka-client-1.4.6.jar!/com/netflix/discovery/util/EurekaEntityTransformers$3.class], URL [jar:file:/D:/mavenHome/com/netflix/eureka/eureka-client/1.4.6/eureka-client-1.4.6.jar!/com/netflix/discovery/util/RateLimiter$1.class], URL [jar:file:/D:/mavenHome/com/netflix/eureka/eureka-client/1.4.6/eureka-client-1.4.6.jar!/com/netflix/discovery/util/SystemUtil.class], URL [jar:file:/D:/mavenHome/com/netflix/eureka/eureka-client/1.4.6/eureka-client-1.4.6.jar!/com/netflix/discovery/util/EurekaEntityFunctions$1.class], URL [jar:file:/D:/mavenHome/com/netflix/eureka/eureka-client/1.4.6/eureka-client-1.4.6.jar!/com/netflix/discovery/util/EurekaEntityComparators$EqualFunc.class], URL [jar:file:/D:/mavenHome/com/netflix/eureka/eureka-client/1.4.6/eureka-client-1.4.6.jar!/com/netflix/discovery/util/EurekaEntityTransformers$2.class], URL [jar:file:/D:/mavenHome/com/netflix/eureka/eureka-client/1.4.6/eureka-client-1.4.6.jar!/com/netflix/discovery/util/EurekaEntityComparators$RawIdHandleEmptyEqualFunc.class], URL [jar:file:/D:/mavenHome/com/netflix/eureka/eureka-client/1.4.6/eureka-client-1.4.6.jar!/com/netflix/discovery/util/EurekaEntityComparators.class], URL [jar:file:/D:/mavenHome/com/netflix/eureka/eureka-client/1.4.6/eureka-client-1.4.6.jar!/com/netflix/discovery/util/EurekaEntityFunctions.class], URL [jar:file:/D:/mavenHome/com/netflix/eureka/eureka-client/1.4.6/eureka-client-1.4.6.jar!/com/netflix/discovery/util/EurekaEntityTransformers$1.class], URL [jar:file:/D:/mavenHome/com/netflix/eureka/eureka-client/1.4.6/eureka-client-1.4.6.jar!/com/netflix/discovery/util/EurekaEntityFunctions$InstanceAppIdComparator.class], URL [jar:file:/D:/mavenHome/com/netflix/eureka/eureka-client/1.4.6/eureka-client-1.4.6.jar!/com/netflix/discovery/util/RateLimiter.class], URL [jar:file:/D:/mavenHome/com/netflix/eureka/eureka-client/1.4.6/eureka-client-1.4.6.jar!/com/netflix/discovery/util/ThresholdLevelsMetric.class], URL [jar:file:/D:/mavenHome/com/netflix/eureka/eureka-client/1.4.6/eureka-client-1.4.6.jar!/com/netflix/discovery/util/EurekaEntityComparators$RawIdEqualFunc.class], URL [jar:file:/D:/mavenHome/com/netflix/eureka/eureka-client/1.4.6/eureka-client-1.4.6.jar!/com/netflix/discovery/util/StringCache.class], URL [jar:file:/D:/mavenHome/com/netflix/eureka/eureka-client/1.4.6/eureka-client-1.4.6.jar!/com/netflix/discovery/util/ThresholdLevelsMetric$NoOpThresholdLevelMetric.class], URL [jar:file:/D:/mavenHome/com/netflix/eureka/eureka-client/1.4.6/eureka-client-1.4.6.jar!/com/netflix/discovery/util/EurekaEntityComparators$ResolvedIdEqualFunc.class], URL [jar:file:/D:/mavenHome/com/netflix/eureka/eureka-client/1.4.6/eureka-client-1.4.6.jar!/com/netflix/discovery/util/EurekaEntityTransformers$5.class], URL [jar:file:/D:/mavenHome/com/netflix/eureka/eureka-client/1.4.6/eureka-client-1.4.6.jar!/com/netflix/discovery/util/ExceptionsMetric.class], URL [jar:file:/D:/mavenHome/com/netflix/eureka/eureka-client/1.4.6/eureka-client-1.4.6.jar!/com/netflix/discovery/util/ServoUtil.class], URL [jar:file:/D:/mavenHome/com/netflix/eureka/eureka-client/1.4.6/eureka-client-1.4.6.jar!/com/netflix/discovery/util/StringUtil.class], URL [jar:file:/D:/mavenHome/com/netflix/eureka/eureka-client/1.4.6/eureka-client-1.4.6.jar!/com/netflix/discovery/util/EurekaEntityTransformers$4.class], URL [jar:file:/D:/mavenHome/com/netflix/eureka/eureka-client/1.4.6/eureka-client-1.4.6.jar!/com/netflix/discovery/util/DiscoveryBuildInfo.class], URL [jar:file:/D:/mavenHome/com/netflix/eureka/eureka-client/1.4.6/eureka-client-1.4.6.jar!/com/netflix/discovery/util/EurekaEntityTransformers.class], URL [jar:file:/D:/mavenHome/com/netflix/eureka/eureka-client/1.4.6/eureka-client-1.4.6.jar!/com/netflix/discovery/endpoint/EndpointUtils$DiscoveryUrlType.class], URL [jar:file:/D:/mavenHome/com/netflix/eureka/eureka-client/1.4.6/eureka-client-1.4.6.jar!/com/netflix/discovery/endpoint/EndpointUtils.class], URL [jar:file:/D:/mavenHome/com/netflix/eureka/eureka-client/1.4.6/eureka-client-1.4.6.jar!/com/netflix/discovery/endpoint/EndpointUtils$ServiceUrlRandomizer.class], URL [jar:file:/D:/mavenHome/com/netflix/eureka/eureka-client/1.4.6/eureka-client-1.4.6.jar!/com/netflix/discovery/endpoint/EndpointUtils$InstanceInfoBasedUrlRandomizer.class], URL [jar:file:/D:/mavenHome/com/netflix/eureka/eureka-client/1.4.6/eureka-client-1.4.6.jar!/com/netflix/discovery/endpoint/DnsResolver.class], URL [jar:file:/D:/mavenHome/com/netflix/eureka/eureka-client/1.4.6/eureka-client-1.4.6.jar!/com/netflix/discovery/providers/DefaultEurekaClientConfigProvider.class], URL [jar:file:/D:/mavenHome/com/netflix/eureka/eureka-client/1.4.6/eureka-client-1.4.6.jar!/com/netflix/discovery/converters/XmlXStream.class], URL [jar:file:/D:/mavenHome/com/netflix/eureka/eureka-client/1.4.6/eureka-client-1.4.6.jar!/com/netflix/discovery/converters/Auto.class], URL [jar:file:/D:/mavenHome/com/netflix/eureka/eureka-client/1.4.6/eureka-client-1.4.6.jar!/com/netflix/discovery/converters/EurekaJacksonCodec$ApplicationsDeserializer.class], URL [jar:file:/D:/mavenHome/com/netflix/eureka/eureka-client/1.4.6/eureka-client-1.4.6.jar!/com/netflix/discovery/converters/KeyFormatter.class], URL [jar:file:/D:/mavenHome/com/netflix/eureka/eureka-client/1.4.6/eureka-client-1.4.6.jar!/com/netflix/discovery/converters/Converters$DataCenterInfoConverter.class], URL [jar:file:/D:/mavenHome/com/netflix/eureka/eureka-client/1.4.6/eureka-client-1.4.6.jar!/com/netflix/discovery/converters/EurekaJacksonCodec$InstanceInfoDeserializer.class], URL [jar:file:/D:/mavenHome/com/netflix/eureka/eureka-client/1.4.6/eureka-client-1.4.6.jar!/com/netflix/discovery/converters/Converters$LeaseInfoConverter.class], URL [jar:file:/D:/mavenHome/com/netflix/eureka/eureka-client/1.4.6/eureka-client-1.4.6.jar!/com/netflix/discovery/converters/Converters$DataCenterInfoConverter$1.class], URL [jar:file:/D:/mavenHome/com/netflix/eureka/eureka-client/1.4.6/eureka-client-1.4.6.jar!/com/netflix/discovery/converters/Converters.class], URL [jar:file:/D:/mavenHome/com/netflix/eureka/eureka-client/1.4.6/eureka-client-1.4.6.jar!/com/netflix/discovery/converters/EurekaJacksonCodec$ApplicationSerializer.class], URL [jar:file:/D:/mavenHome/com/netflix/eureka/eureka-client/1.4.6/eureka-client-1.4.6.jar!/com/netflix/discovery/converters/EntityBodyConverter.class], URL [jar:file:/D:/mavenHome/com/netflix/eureka/eureka-client/1.4.6/eureka-client-1.4.6.jar!/com/netflix/discovery/converters/Converters$ApplicationsConverter.class], URL [jar:file:/D:/mavenHome/com/netflix/eureka/eureka-client/1.4.6/eureka-client-1.4.6.jar!/com/netflix/discovery/converters/EurekaJacksonCodec$DataCenterInfoDeserializer.class], URL [jar:file:/D:/mavenHome/com/netflix/eureka/eureka-client/1.4.6/eureka-client-1.4.6.jar!/com/netflix/discovery/converters/Converters$InstanceInfoConverter.class], URL [jar:file:/D:/mavenHome/com/netflix/eureka/eureka-client/1.4.6/eureka-client-1.4.6.jar!/com/netflix/discovery/converters/EurekaJacksonCodec$DataCenterInfoDeserializer$1.class], URL [jar:file:/D:/mavenHome/com/netflix/eureka/eureka-client/1.4.6/eureka-client-1.4.6.jar!/com/netflix/discovery/converters/EurekaJacksonCodec$DataCenterInfoSerializer.class], URL [jar:file:/D:/mavenHome/com/netflix/eureka/eureka-client/1.4.6/eureka-client-1.4.6.jar!/com/netflix/discovery/converters/EurekaJacksonCodec$LeaseInfoDeserializer.class], URL [jar:file:/D:/mavenHome/com/netflix/eureka/eureka-client/1.4.6/eureka-client-1.4.6.jar!/com/netflix/discovery/converters/EurekaJacksonCodec.class], URL [jar:file:/D:/mavenHome/com/netflix/eureka/eureka-client/1.4.6/eureka-client-1.4.6.jar!/com/netflix/discovery/converters/JsonXStream$1.class], URL [jar:file:/D:/mavenHome/com/netflix/eureka/eureka-client/1.4.6/eureka-client-1.4.6.jar!/com/netflix/discovery/converters/EurekaJacksonCodec$ApplicationDeserializer.class], URL [jar:file:/D:/mavenHome/com/netflix/eureka/eureka-client/1.4.6/eureka-client-1.4.6.jar!/com/netflix/discovery/converters/EurekaJacksonCodec$InstanceInfoSerializer.class], URL [jar:file:/D:/mavenHome/com/netflix/eureka/eureka-client/1.4.6/eureka-client-1.4.6.jar!/com/netflix/discovery/converters/Converters$ApplicationConverter.class], URL [jar:file:/D:/mavenHome/com/netflix/eureka/eureka-client/1.4.6/eureka-client-1.4.6.jar!/com/netflix/discovery/converters/Converters$MetadataConverter.class], URL [jar:file:/D:/mavenHome/com/netflix/eureka/eureka-client/1.4.6/eureka-client-1.4.6.jar!/com/netflix/discovery/converters/JsonXStream.class], URL [jar:file:/D:/mavenHome/com/netflix/eureka/eureka-client/1.4.6/eureka-client-1.4.6.jar!/com/netflix/discovery/converters/EurekaJacksonCodec$ApplicationsSerializer.class], URL [jar:file:/D:/mavenHome/com/netflix/eureka/eureka-client/1.4.6/eureka-client-1.4.6.jar!/com/netflix/discovery/converters/jackson/AbstractEurekaJacksonCodec$1.class], URL [jar:file:/D:/mavenHome/com/netflix/eureka/eureka-client/1.4.6/eureka-client-1.4.6.jar!/com/netflix/discovery/converters/jackson/EurekaJsonJacksonCodec.class], URL [jar:file:/D:/mavenHome/com/netflix/eureka/eureka-client/1.4.6/eureka-client-1.4.6.jar!/com/netflix/discovery/converters/jackson/AbstractEurekaJacksonCodec.class], URL [jar:file:/D:/mavenHome/com/netflix/eureka/eureka-client/1.4.6/eureka-client-1.4.6.jar!/com/netflix/discovery/converters/jackson/EurekaJacksonJsonModifiers$1.class], URL [jar:file:/D:/mavenHome/com/netflix/eureka/eureka-client/1.4.6/eureka-client-1.4.6.jar!/com/netflix/discovery/converters/jackson/AbstractEurekaJacksonCodec$2.class], URL [jar:file:/D:/mavenHome/com/netflix/eureka/eureka-client/1.4.6/eureka-client-1.4.6.jar!/com/netflix/discovery/converters/jackson/EurekaJacksonXmlModifiers$1.class], URL [jar:file:/D:/mavenHome/com/netflix/eureka/eureka-client/1.4.6/eureka-client-1.4.6.jar!/com/netflix/discovery/converters/jackson/DataCenterTypeInfoResolver.class], URL [jar:file:/D:/mavenHome/com/netflix/eureka/eureka-client/1.4.6/eureka-client-1.4.6.jar!/com/netflix/discovery/converters/jackson/EurekaXmlJacksonCodec.class], URL [jar:file:/D:/mavenHome/com/netflix/eureka/eureka-client/1.4.6/eureka-client-1.4.6.jar!/com/netflix/discovery/converters/jackson/EurekaJacksonJsonModifiers.class], URL [jar:file:/D:/mavenHome/com/netflix/eureka/eureka-client/1.4.6/eureka-client-1.4.6.jar!/com/netflix/discovery/converters/jackson/EurekaXmlJacksonCodec$1.class], URL [jar:file:/D:/mavenHome/com/netflix/eureka/eureka-client/1.4.6/eureka-client-1.4.6.jar!/com/netflix/discovery/converters/jackson/EurekaJacksonXmlModifiers.class], URL [jar:file:/D:/mavenHome/com/netflix/eureka/eureka-client/1.4.6/eureka-client-1.4.6.jar!/com/netflix/discovery/converters/jackson/builder/StringInterningAmazonInfoBuilder.class], URL [jar:file:/D:/mavenHome/com/netflix/eureka/eureka-client/1.4.6/eureka-client-1.4.6.jar!/com/netflix/discovery/converters/jackson/builder/ApplicationsXmlJacksonBuilder.class], URL [jar:file:/D:/mavenHome/com/netflix/eureka/eureka-client/1.4.6/eureka-client-1.4.6.jar!/com/netflix/discovery/converters/jackson/builder/ApplicationsJacksonBuilder.class], URL [jar:file:/D:/mavenHome/com/netflix/eureka/eureka-client/1.4.6/eureka-client-1.4.6.jar!/com/netflix/discovery/converters/jackson/mixin/ApplicationXmlMixIn.class], URL [jar:file:/D:/mavenHome/com/netflix/eureka/eureka-client/1.4.6/eureka-client-1.4.6.jar!/com/netflix/discovery/converters/jackson/mixin/PortWrapperXmlMixIn.class], URL [jar:file:/D:/mavenHome/com/netflix/eureka/eureka-client/1.4.6/eureka-client-1.4.6.jar!/com/netflix/discovery/converters/jackson/mixin/ApplicationsJsonMixIn.class], URL [jar:file:/D:/mavenHome/com/netflix/eureka/eureka-client/1.4.6/eureka-client-1.4.6.jar!/com/netflix/discovery/converters/jackson/mixin/InstanceInfoJsonMixIn.class], URL [jar:file:/D:/mavenHome/com/netflix/eureka/eureka-client/1.4.6/eureka-client-1.4.6.jar!/com/netflix/discovery/converters/jackson/mixin/ApplicationsXmlMixIn.class], URL [jar:file:/D:/mavenHome/com/netflix/eureka/eureka-client/1.4.6/eureka-client-1.4.6.jar!/com/netflix/discovery/converters/jackson/mixin/DataCenterInfoXmlMixIn.class], URL [jar:file:/D:/mavenHome/com/netflix/eureka/eureka-client/1.4.6/eureka-client-1.4.6.jar!/com/netflix/discovery/converters/jackson/mixin/MiniInstanceInfoMixIn.class], URL [jar:file:/D:/mavenHome/com/netflix/eureka/eureka-client/1.4.6/eureka-client-1.4.6.jar!/com/netflix/discovery/converters/jackson/serializer/InstanceInfoXmlBeanSerializer.class], URL [jar:file:/D:/mavenHome/com/netflix/eureka/eureka-client/1.4.6/eureka-client-1.4.6.jar!/com/netflix/discovery/converters/jackson/serializer/InstanceInfoJsonBeanSerializer.class], URL [jar:file:/D:/mavenHome/com/netflix/eureka/eureka-client/1.4.6/eureka-client-1.4.6.jar!/com/netflix/discovery/converters/jackson/serializer/PortWrapperXmlDeserializer.class], URL [jar:file:/D:/mavenHome/com/netflix/eureka/eureka-client/1.4.6/eureka-client-1.4.6.jar!/com/netflix/discovery/converters/jackson/serializer/ApplicationXmlDeserializer.class], URL [jar:file:/D:/mavenHome/com/netflix/eureka/eureka-client/1.4.6/eureka-client-1.4.6.jar!/com/netflix/discovery/converters/jackson/serializer/ApplicationsXmlBeanSerializer.class], URL [jar:file:/D:/mavenHome/com/netflix/eureka/eureka-client/1.4.6/eureka-client-1.4.6.jar!/com/netflix/discovery/converters/jackson/serializer/ApplicationsJsonBeanSerializer.class], URL [jar:file:/D:/mavenHome/com/netflix/eureka/eureka-client/1.4.6/eureka-client-1.4.6.jar!/com/netflix/discovery/converters/wrappers/CodecWrappers$1.class], URL [jar:file:/D:/mavenHome/com/netflix/eureka/eureka-client/1.4.6/eureka-client-1.4.6.jar!/com/netflix/discovery/converters/wrappers/CodecWrappers$LegacyJacksonJson.class], URL [jar:file:/D:/mavenHome/com/netflix/eureka/eureka-client/1.4.6/eureka-client-1.4.6.jar!/com/netflix/discovery/converters/wrappers/CodecWrappers.class], URL [jar:file:/D:/mavenHome/com/netflix/eureka/eureka-client/1.4.6/eureka-client-1.4.6.jar!/com/netflix/discovery/converters/wrappers/CodecWrappers$JacksonJson.class], URL [jar:file:/D:/mavenHome/com/netflix/eureka/eureka-client/1.4.6/eureka-client-1.4.6.jar!/com/netflix/discovery/converters/wrappers/DecoderWrapper.class], URL [jar:file:/D:/mavenHome/com/netflix/eureka/eureka-client/1.4.6/eureka-client-1.4.6.jar!/com/netflix/discovery/converters/wrappers/CodecWrappers$XStreamXml.class], URL [jar:file:/D:/mavenHome/com/netflix/eureka/eureka-client/1.4.6/eureka-client-1.4.6.jar!/com/netflix/discovery/converters/wrappers/CodecWrapper.class], URL [jar:file:/D:/mavenHome/com/netflix/eureka/eureka-client/1.4.6/eureka-client-1.4.6.jar!/com/netflix/discovery/converters/wrappers/CodecWrapperBase.class], URL [jar:file:/D:/mavenHome/com/netflix/eureka/eureka-client/1.4.6/eureka-client-1.4.6.jar!/com/netflix/discovery/converters/wrappers/CodecWrappers$XStreamJson.class], URL [jar:file:/D:/mavenHome/com/netflix/eureka/eureka-client/1.4.6/eureka-client-1.4.6.jar!/com/netflix/discovery/converters/wrappers/CodecWrappers$JacksonXmlMini.class], URL [jar:file:/D:/mavenHome/com/netflix/eureka/eureka-client/1.4.6/eureka-client-1.4.6.jar!/com/netflix/discovery/converters/wrappers/EncoderWrapper.class], URL [jar:file:/D:/mavenHome/com/netflix/eureka/eureka-client/1.4.6/eureka-client-1.4.6.jar!/com/netflix/discovery/converters/wrappers/CodecWrappers$JacksonJsonMini.class], URL [jar:file:/D:/mavenHome/com/netflix/eureka/eureka-client/1.4.6/eureka-client-1.4.6.jar!/com/netflix/discovery/converters/wrappers/CodecWrappers$JacksonXml.class], URL [jar:file:/D:/mavenHome/com/netflix/eureka/eureka-client/1.4.6/eureka-client-1.4.6.jar!/com/netflix/discovery/provider/Serializer.class], URL [jar:file:/D:/mavenHome/com/netflix/eureka/eureka-client/1.4.6/eureka-client-1.4.6.jar!/com/netflix/discovery/provider/DiscoveryJerseyProvider.class], URL [jar:file:/D:/mavenHome/com/netflix/eureka/eureka-client/1.4.6/eureka-client-1.4.6.jar!/com/netflix/discovery/provider/ISerializer.class], URL [jar:file:/D:/mavenHome/com/netflix/eureka/eureka-client/1.4.6/eureka-client-1.4.6.jar!/com/netflix/discovery/shared/Applications.class], URL [jar:file:/D:/mavenHome/com/netflix/eureka/eureka-client/1.4.6/eureka-client-1.4.6.jar!/com/netflix/discovery/shared/Applications$Pair.class], URL [jar:file:/D:/mavenHome/com/netflix/eureka/eureka-client/1.4.6/eureka-client-1.4.6.jar!/com/netflix/discovery/shared/Application.class], URL [jar:file:/D:/mavenHome/com/netflix/eureka/eureka-client/1.4.6/eureka-client-1.4.6.jar!/com/netflix/discovery/shared/Pair.class], URL [jar:file:/D:/mavenHome/com/netflix/eureka/eureka-client/1.4.6/eureka-client-1.4.6.jar!/com/netflix/discovery/shared/NamedConnectionPool.class], URL [jar:file:/D:/mavenHome/com/netflix/eureka/eureka-client/1.4.6/eureka-client-1.4.6.jar!/com/netflix/discovery/shared/LookupService.class], URL [jar:file:/D:/mavenHome/com/netflix/eureka/eureka-client/1.4.6/eureka-client-1.4.6.jar!/com/netflix/discovery/shared/MonitoredConnectionManager.class], URL [jar:file:/D:/mavenHome/com/netflix/eureka/eureka-client/1.4.6/eureka-client-1.4.6.jar!/com/netflix/discovery/shared/transport/EurekaClientFactoryBuilder.class], URL [jar:file:/D:/mavenHome/com/netflix/eureka/eureka-client/1.4.6/eureka-client-1.4.6.jar!/com/netflix/discovery/shared/transport/EurekaHttpClientFactory.class], URL [jar:file:/D:/mavenHome/com/netflix/eureka/eureka-client/1.4.6/eureka-client-1.4.6.jar!/com/netflix/discovery/shared/transport/EurekaHttpClients$1.class], URL [jar:file:/D:/mavenHome/com/netflix/eureka/eureka-client/1.4.6/eureka-client-1.4.6.jar!/com/netflix/discovery/shared/transport/EurekaHttpClient.class], URL [jar:file:/D:/mavenHome/com/netflix/eureka/eureka-client/1.4.6/eureka-client-1.4.6.jar!/com/netflix/discovery/shared/transport/EurekaHttpClients$2.class], URL [jar:file:/D:/mavenHome/com/netflix/eureka/eureka-client/1.4.6/eureka-client-1.4.6.jar!/com/netflix/discovery/shared/transport/TransportException.class], URL [jar:file:/D:/mavenHome/com/netflix/eureka/eureka-client/1.4.6/eureka-client-1.4.6.jar!/com/netflix/discovery/shared/transport/TransportClientFactory.class], URL [jar:file:/D:/mavenHome/com/netflix/eureka/eureka-client/1.4.6/eureka-client-1.4.6.jar!/com/netflix/discovery/shared/transport/EurekaHttpResponse$EurekaHttpResponseBuilder.class], URL [jar:file:/D:/mavenHome/com/netflix/eureka/eureka-client/1.4.6/eureka-client-1.4.6.jar!/com/netflix/discovery/shared/transport/EurekaHttpClients$3.class], URL [jar:file:/D:/mavenHome/com/netflix/eureka/eureka-client/1.4.6/eureka-client-1.4.6.jar!/com/netflix/discovery/shared/transport/EurekaHttpResponse$1.class], URL [jar:file:/D:/mavenHome/com/netflix/eureka/eureka-client/1.4.6/eureka-client-1.4.6.jar!/com/netflix/discovery/shared/transport/EurekaHttpClients.class], URL [jar:file:/D:/mavenHome/com/netflix/eureka/eureka-client/1.4.6/eureka-client-1.4.6.jar!/com/netflix/discovery/shared/transport/EurekaHttpResponse.class], URL [jar:file:/D:/mavenHome/com/netflix/eureka/eureka-client/1.4.6/eureka-client-1.4.6.jar!/com/netflix/discovery/shared/transport/EurekaHttpClients$4.class], URL [jar:file:/D:/mavenHome/com/netflix/eureka/eureka-client/1.4.6/eureka-client-1.4.6.jar!/com/netflix/discovery/shared/transport/DefaultEurekaTransportConfig.class], URL [jar:file:/D:/mavenHome/com/netflix/eureka/eureka-client/1.4.6/eureka-client-1.4.6.jar!/com/netflix/discovery/shared/transport/TransportUtils.class], URL [jar:file:/D:/mavenHome/com/netflix/eureka/eureka-client/1.4.6/eureka-client-1.4.6.jar!/com/netflix/discovery/shared/transport/EurekaTransportConfig.class], URL [jar:file:/D:/mavenHome/com/netflix/eureka/eureka-client/1.4.6/eureka-client-1.4.6.jar!/com/netflix/discovery/shared/transport/jersey/TransportClientFactories$1.class], URL [jar:file:/D:/mavenHome/com/netflix/eureka/eureka-client/1.4.6/eureka-client-1.4.6.jar!/com/netflix/discovery/shared/transport/jersey/EurekaJerseyClient.class], URL [jar:file:/D:/mavenHome/com/netflix/eureka/eureka-client/1.4.6/eureka-client-1.4.6.jar!/com/netflix/discovery/shared/transport/jersey/EurekaJerseyClientImpl$EurekaJerseyClientBuilder.class], URL [jar:file:/D:/mavenHome/com/netflix/eureka/eureka-client/1.4.6/eureka-client-1.4.6.jar!/com/netflix/discovery/shared/transport/jersey/JerseyEurekaHttpClientFactory.class], URL [jar:file:/D:/mavenHome/com/netflix/eureka/eureka-client/1.4.6/eureka-client-1.4.6.jar!/com/netflix/discovery/shared/transport/jersey/ApacheHttpClientConnectionCleaner.class], URL [jar:file:/D:/mavenHome/com/netflix/eureka/eureka-client/1.4.6/eureka-client-1.4.6.jar!/com/netflix/discovery/shared/transport/jersey/TransportClientFactories$2.class], URL [jar:file:/D:/mavenHome/com/netflix/eureka/eureka-client/1.4.6/eureka-client-1.4.6.jar!/com/netflix/discovery/shared/transport/jersey/JerseyApplicationClient.class], URL [jar:file:/D:/mavenHome/com/netflix/eureka/eureka-client/1.4.6/eureka-client-1.4.6.jar!/com/netflix/discovery/shared/transport/jersey/TransportClientFactories.class], URL [jar:file:/D:/mavenHome/com/netflix/eureka/eureka-client/1.4.6/eureka-client-1.4.6.jar!/com/netflix/discovery/shared/transport/jersey/AbstractJerseyEurekaHttpClient.class], URL [jar:file:/D:/mavenHome/com/netflix/eureka/eureka-client/1.4.6/eureka-client-1.4.6.jar!/com/netflix/discovery/shared/transport/jersey/EurekaJerseyClientImpl.class], URL [jar:file:/D:/mavenHome/com/netflix/eureka/eureka-client/1.4.6/eureka-client-1.4.6.jar!/com/netflix/discovery/shared/transport/jersey/ApacheHttpClientConnectionCleaner$2.class], URL [jar:file:/D:/mavenHome/com/netflix/eureka/eureka-client/1.4.6/eureka-client-1.4.6.jar!/com/netflix/discovery/shared/transport/jersey/ApacheHttpClientConnectionCleaner$1.class], URL [jar:file:/D:/mavenHome/com/netflix/eureka/eureka-client/1.4.6/eureka-client-1.4.6.jar!/com/netflix/discovery/shared/transport/jersey/EurekaJerseyClientImpl$EurekaJerseyClientBuilder$MyDefaultApacheHttpClient4Config.class], URL [jar:file:/D:/mavenHome/com/netflix/eureka/eureka-client/1.4.6/eureka-client-1.4.6.jar!/com/netflix/discovery/shared/transport/jersey/JerseyEurekaHttpClientFactory$JerseyEurekaHttpClientFactoryBuilder.class], URL [jar:file:/D:/mavenHome/com/netflix/eureka/eureka-client/1.4.6/eureka-client-1.4.6.jar!/com/netflix/discovery/shared/transport/decorator/EurekaHttpClientDecorator$1.class], URL [jar:file:/D:/mavenHome/com/netflix/eureka/eureka-client/1.4.6/eureka-client-1.4.6.jar!/com/netflix/discovery/shared/transport/decorator/SessionedEurekaHttpClient.class], URL [jar:file:/D:/mavenHome/com/netflix/eureka/eureka-client/1.4.6/eureka-client-1.4.6.jar!/com/netflix/discovery/shared/transport/decorator/MetricsCollectingEurekaHttpClient$1.class], URL [jar:file:/D:/mavenHome/com/netflix/eureka/eureka-client/1.4.6/eureka-client-1.4.6.jar!/com/netflix/discovery/shared/transport/decorator/RedirectingEurekaHttpClient.class], URL [jar:file:/D:/mavenHome/com/netflix/eureka/eureka-client/1.4.6/eureka-client-1.4.6.jar!/com/netflix/discovery/shared/transport/decorator/MetricsCollectingEurekaHttpClient.class], URL [jar:file:/D:/mavenHome/com/netflix/eureka/eureka-client/1.4.6/eureka-client-1.4.6.jar!/com/netflix/discovery/shared/transport/decorator/EurekaHttpClientDecorator$3.class], URL [jar:file:/D:/mavenHome/com/netflix/eureka/eureka-client/1.4.6/eureka-client-1.4.6.jar!/com/netflix/discovery/shared/transport/decorator/EurekaHttpClientDecorator$2.class], URL [jar:file:/D:/mavenHome/com/netflix/eureka/eureka-client/1.4.6/eureka-client-1.4.6.jar!/com/netflix/discovery/shared/transport/decorator/MetricsCollectingEurekaHttpClient$EurekaHttpClientRequestMetrics.class], URL [jar:file:/D:/mavenHome/com/netflix/eureka/eureka-client/1.4.6/eureka-client-1.4.6.jar!/com/netflix/discovery/shared/transport/decorator/MetricsCollectingEurekaHttpClient$2.class], URL [jar:file:/D:/mavenHome/com/netflix/eureka/eureka-client/1.4.6/eureka-client-1.4.6.jar!/com/netflix/discovery/shared/transport/decorator/ServerStatusEvaluators$2.class], URL [jar:file:/D:/mavenHome/com/netflix/eureka/eureka-client/1.4.6/eureka-client-1.4.6.jar!/com/netflix/discovery/shared/transport/decorator/EurekaHttpClientDecorator$9.class], URL [jar:file:/D:/mavenHome/com/netflix/eureka/eureka-client/1.4.6/eureka-client-1.4.6.jar!/com/netflix/discovery/shared/transport/decorator/EurekaHttpClientDecorator$5.class], URL [jar:file:/D:/mavenHome/com/netflix/eureka/eureka-client/1.4.6/eureka-client-1.4.6.jar!/com/netflix/discovery/shared/transport/decorator/RetryableEurekaHttpClient$1.class], URL [jar:file:/D:/mavenHome/com/netflix/eureka/eureka-client/1.4.6/eureka-client-1.4.6.jar!/com/netflix/discovery/shared/transport/decorator/EurekaHttpClientDecorator$RequestExecutor.class], URL [jar:file:/D:/mavenHome/com/netflix/eureka/eureka-client/1.4.6/eureka-client-1.4.6.jar!/com/netflix/discovery/shared/transport/decorator/RetryableEurekaHttpClient.class], URL [jar:file:/D:/mavenHome/com/netflix/eureka/eureka-client/1.4.6/eureka-client-1.4.6.jar!/com/netflix/discovery/shared/transport/decorator/EurekaHttpClientDecorator$8.class], URL [jar:file:/D:/mavenHome/com/netflix/eureka/eureka-client/1.4.6/eureka-client-1.4.6.jar!/com/netflix/discovery/shared/transport/decorator/EurekaHttpClientDecorator$4.class], URL [jar:file:/D:/mavenHome/com/netflix/eureka/eureka-client/1.4.6/eureka-client-1.4.6.jar!/com/netflix/discovery/shared/transport/decorator/RedirectingEurekaHttpClient$1.class], URL [jar:file:/D:/mavenHome/com/netflix/eureka/eureka-client/1.4.6/eureka-client-1.4.6.jar!/com/netflix/discovery/shared/transport/decorator/EurekaHttpClientDecorator$12.class], URL [jar:file:/D:/mavenHome/com/netflix/eureka/eureka-client/1.4.6/eureka-client-1.4.6.jar!/com/netflix/discovery/shared/transport/decorator/EurekaHttpClientDecorator$7.class], URL [jar:file:/D:/mavenHome/com/netflix/eureka/eureka-client/1.4.6/eureka-client-1.4.6.jar!/com/netflix/discovery/shared/transport/decorator/EurekaHttpClientDecorator$11.class], URL [jar:file:/D:/mavenHome/com/netflix/eureka/eureka-client/1.4.6/eureka-client-1.4.6.jar!/com/netflix/discovery/shared/transport/decorator/EurekaHttpClientDecorator.class], URL [jar:file:/D:/mavenHome/com/netflix/eureka/eureka-client/1.4.6/eureka-client-1.4.6.jar!/com/netflix/discovery/shared/transport/decorator/ServerStatusEvaluator.class], URL [jar:file:/D:/mavenHome/com/netflix/eureka/eureka-client/1.4.6/eureka-client-1.4.6.jar!/com/netflix/discovery/shared/transport/decorator/MetricsCollectingEurekaHttpClient$EurekaHttpClientRequestMetrics$Status.class], URL [jar:file:/D:/mavenHome/com/netflix/eureka/eureka-client/1.4.6/eureka-client-1.4.6.jar!/com/netflix/discovery/shared/transport/decorator/ServerStatusEvaluators$1.class], URL [jar:file:/D:/mavenHome/com/netflix/eureka/eureka-client/1.4.6/eureka-client-1.4.6.jar!/com/netflix/discovery/shared/transport/decorator/EurekaHttpClientDecorator$6.class], URL [jar:file:/D:/mavenHome/com/netflix/eureka/eureka-client/1.4.6/eureka-client-1.4.6.jar!/com/netflix/discovery/shared/transport/decorator/ServerStatusEvaluators.class], URL [jar:file:/D:/mavenHome/com/netflix/eureka/eureka-client/1.4.6/eureka-client-1.4.6.jar!/com/netflix/discovery/shared/transport/decorator/EurekaHttpClientDecorator$10.class], URL [jar:file:/D:/mavenHome/com/netflix/eureka/eureka-client/1.4.6/eureka-client-1.4.6.jar!/com/netflix/discovery/shared/transport/decorator/EurekaHttpClientDecorator$RequestType.class], URL [jar:file:/D:/mavenHome/com/netflix/eureka/eureka-client/1.4.6/eureka-client-1.4.6.jar!/com/netflix/discovery/shared/resolver/LegacyClusterResolver.class], URL [jar:file:/D:/mavenHome/com/netflix/eureka/eureka-client/1.4.6/eureka-client-1.4.6.jar!/com/netflix/discovery/shared/resolver/ClusterResolverException.class], URL [jar:file:/D:/mavenHome/com/netflix/eureka/eureka-client/1.4.6/eureka-client-1.4.6.jar!/com/netflix/discovery/shared/resolver/StaticClusterResolver.class], URL [jar:file:/D:/mavenHome/com/netflix/eureka/eureka-client/1.4.6/eureka-client-1.4.6.jar!/com/netflix/discovery/shared/resolver/LegacyClusterResolver$LegacyClusterResolverFactory.class], URL [jar:file:/D:/mavenHome/com/netflix/eureka/eureka-client/1.4.6/eureka-client-1.4.6.jar!/com/netflix/discovery/shared/resolver/ReloadingClusterResolver.class], URL [jar:file:/D:/mavenHome/com/netflix/eureka/eureka-client/1.4.6/eureka-client-1.4.6.jar!/com/netflix/discovery/shared/resolver/ClusterResolver.class], URL [jar:file:/D:/mavenHome/com/netflix/eureka/eureka-client/1.4.6/eureka-client-1.4.6.jar!/com/netflix/discovery/shared/resolver/EurekaEndpoint.class], URL [jar:file:/D:/mavenHome/com/netflix/eureka/eureka-client/1.4.6/eureka-client-1.4.6.jar!/com/netflix/discovery/shared/resolver/DnsClusterResolver.class], URL [jar:file:/D:/mavenHome/com/netflix/eureka/eureka-client/1.4.6/eureka-client-1.4.6.jar!/com/netflix/discovery/shared/resolver/ClusterResolverFactory.class], URL [jar:file:/D:/mavenHome/com/netflix/eureka/eureka-client/1.4.6/eureka-client-1.4.6.jar!/com/netflix/discovery/shared/resolver/AsyncResolver$1.class], URL [jar:file:/D:/mavenHome/com/netflix/eureka/eureka-client/1.4.6/eureka-client-1.4.6.jar!/com/netflix/discovery/shared/resolver/ResolverUtils.class], URL [jar:file:/D:/mavenHome/com/netflix/eureka/eureka-client/1.4.6/eureka-client-1.4.6.jar!/com/netflix/discovery/shared/resolver/ClosableResolver.class], URL [jar:file:/D:/mavenHome/com/netflix/eureka/eureka-client/1.4.6/eureka-client-1.4.6.jar!/com/netflix/discovery/shared/resolver/DefaultEndpoint.class], URL [jar:file:/D:/mavenHome/com/netflix/eureka/eureka-client/1.4.6/eureka-client-1.4.6.jar!/com/netflix/discovery/shared/resolver/AsyncResolver.class], URL [jar:file:/D:/mavenHome/com/netflix/eureka/eureka-client/1.4.6/eureka-client-1.4.6.jar!/com/netflix/discovery/shared/resolver/aws/EurekaHttpResolver.class], URL [jar:file:/D:/mavenHome/com/netflix/eureka/eureka-client/1.4.6/eureka-client-1.4.6.jar!/com/netflix/discovery/shared/resolver/aws/ConfigClusterResolver.class], URL [jar:file:/D:/mavenHome/com/netflix/eureka/eureka-client/1.4.6/eureka-client-1.4.6.jar!/com/netflix/discovery/shared/resolver/aws/ZoneAffinityClusterResolver.class], URL [jar:file:/D:/mavenHome/com/netflix/eureka/eureka-client/1.4.6/eureka-client-1.4.6.jar!/com/netflix/discovery/shared/resolver/aws/DnsTxtRecordClusterResolver.class], URL [jar:file:/D:/mavenHome/com/netflix/eureka/eureka-client/1.4.6/eureka-client-1.4.6.jar!/com/netflix/discovery/shared/resolver/aws/ApplicationsResolver$ApplicationsSource.class], URL [jar:file:/D:/mavenHome/com/netflix/eureka/eureka-client/1.4.6/eureka-client-1.4.6.jar!/com/netflix/discovery/shared/resolver/aws/AwsEndpoint.class], URL [jar:file:/D:/mavenHome/com/netflix/eureka/eureka-client/1.4.6/eureka-client-1.4.6.jar!/com/netflix/discovery/shared/resolver/aws/ApplicationsResolver.class], URL [jar:file:/D:/mavenHome/com/netflix/eureka/eureka-client/1.4.6/eureka-client-1.4.6.jar!/com/netflix/discovery/shared/dns/DnsServiceImpl.class], URL [jar:file:/D:/mavenHome/com/netflix/eureka/eureka-client/1.4.6/eureka-client-1.4.6.jar!/com/netflix/discovery/shared/dns/DnsService.class]]
7571 [localhost-startStop-1] DEBUG o.s.c.a.ClassPathScanningCandidateComponentProvider - Identified candidate component class: URL [jar:file:/D:/mavenHome/com/netflix/eureka/eureka-client/1.4.6/eureka-client-1.4.6.jar!/com/netflix/discovery/provider/DiscoveryJerseyProvider.class]
7598 [localhost-startStop-1] DEBUG o.s.c.i.s.PathMatchingResourcePatternResolver - Resolved classpath location [com/netflix/eureka/] to resources [URL [jar:file:/D:/mavenHome/com/netflix/eureka/eureka-core/1.4.6/eureka-core-1.4.6.jar!/com/netflix/eureka/]]
7598 [localhost-startStop-1] DEBUG o.s.c.i.s.PathMatchingResourcePatternResolver - Looking for matching resources in jar file [file:/D:/mavenHome/com/netflix/eureka/eureka-core/1.4.6/eureka-core-1.4.6.jar]
7602 [localhost-startStop-1] DEBUG o.s.c.i.s.PathMatchingResourcePatternResolver - Resolved location pattern [classpath*:com/netflix/eureka/**/*.class] to resources [URL [jar:file:/D:/mavenHome/com/netflix/eureka/eureka-core/1.4.6/eureka-core-1.4.6.jar!/com/netflix/eureka/DefaultEurekaServerContext.class], URL [jar:file:/D:/mavenHome/com/netflix/eureka/eureka-core/1.4.6/eureka-core-1.4.6.jar!/com/netflix/eureka/V1AwareInstanceInfoConverter$1.class], URL [jar:file:/D:/mavenHome/com/netflix/eureka/eureka-core/1.4.6/eureka-core-1.4.6.jar!/com/netflix/eureka/EurekaBootStrap.class], URL [jar:file:/D:/mavenHome/com/netflix/eureka/eureka-core/1.4.6/eureka-core-1.4.6.jar!/com/netflix/eureka/StatusFilter.class], URL [jar:file:/D:/mavenHome/com/netflix/eureka/eureka-core/1.4.6/eureka-core-1.4.6.jar!/com/netflix/eureka/Names.class], URL [jar:file:/D:/mavenHome/com/netflix/eureka/eureka-core/1.4.6/eureka-core-1.4.6.jar!/com/netflix/eureka/EurekaServerContext.class], URL [jar:file:/D:/mavenHome/com/netflix/eureka/eureka-core/1.4.6/eureka-core-1.4.6.jar!/com/netflix/eureka/GzipEncodingEnforcingFilter$EnumWrapper.class], URL [jar:file:/D:/mavenHome/com/netflix/eureka/eureka-core/1.4.6/eureka-core-1.4.6.jar!/com/netflix/eureka/ServerRequestAuthFilter.class], URL [jar:file:/D:/mavenHome/com/netflix/eureka/eureka-core/1.4.6/eureka-core-1.4.6.jar!/com/netflix/eureka/GzipEncodingEnforcingFilter.class], URL [jar:file:/D:/mavenHome/com/netflix/eureka/eureka-core/1.4.6/eureka-core-1.4.6.jar!/com/netflix/eureka/EurekaServerContextHolder.class], URL [jar:file:/D:/mavenHome/com/netflix/eureka/eureka-core/1.4.6/eureka-core-1.4.6.jar!/com/netflix/eureka/EurekaServerConfig.class], URL [jar:file:/D:/mavenHome/com/netflix/eureka/eureka-core/1.4.6/eureka-core-1.4.6.jar!/com/netflix/eureka/Version.class], URL [jar:file:/D:/mavenHome/com/netflix/eureka/eureka-core/1.4.6/eureka-core-1.4.6.jar!/com/netflix/eureka/DefaultEurekaServerConfig.class], URL [jar:file:/D:/mavenHome/com/netflix/eureka/eureka-core/1.4.6/eureka-core-1.4.6.jar!/com/netflix/eureka/GzipEncodingEnforcingFilter$1.class], URL [jar:file:/D:/mavenHome/com/netflix/eureka/eureka-core/1.4.6/eureka-core-1.4.6.jar!/com/netflix/eureka/EurekaServerIdentity.class], URL [jar:file:/D:/mavenHome/com/netflix/eureka/eureka-core/1.4.6/eureka-core-1.4.6.jar!/com/netflix/eureka/RateLimitingFilter.class], URL [jar:file:/D:/mavenHome/com/netflix/eureka/eureka-core/1.4.6/eureka-core-1.4.6.jar!/com/netflix/eureka/V1AwareInstanceInfoConverter.class], URL [jar:file:/D:/mavenHome/com/netflix/eureka/eureka-core/1.4.6/eureka-core-1.4.6.jar!/com/netflix/eureka/RateLimitingFilter$Target.class], URL [jar:file:/D:/mavenHome/com/netflix/eureka/eureka-core/1.4.6/eureka-core-1.4.6.jar!/com/netflix/eureka/registry/RemoteRegionRegistry$1.class], URL [jar:file:/D:/mavenHome/com/netflix/eureka/eureka-core/1.4.6/eureka-core-1.4.6.jar!/com/netflix/eureka/registry/Key.class], URL [jar:file:/D:/mavenHome/com/netflix/eureka/eureka-core/1.4.6/eureka-core-1.4.6.jar!/com/netflix/eureka/registry/PeerAwareInstanceRegistryImpl$2.class], URL [jar:file:/D:/mavenHome/com/netflix/eureka/eureka-core/1.4.6/eureka-core-1.4.6.jar!/com/netflix/eureka/registry/ResponseCacheImpl$1.class], URL [jar:file:/D:/mavenHome/com/netflix/eureka/eureka-core/1.4.6/eureka-core-1.4.6.jar!/com/netflix/eureka/registry/PeerAwareInstanceRegistryImpl$Action.class], URL [jar:file:/D:/mavenHome/com/netflix/eureka/eureka-core/1.4.6/eureka-core-1.4.6.jar!/com/netflix/eureka/registry/PeerAwareInstanceRegistryImpl$3.class], URL [jar:file:/D:/mavenHome/com/netflix/eureka/eureka-core/1.4.6/eureka-core-1.4.6.jar!/com/netflix/eureka/registry/ResponseCacheImpl$2.class], URL [jar:file:/D:/mavenHome/com/netflix/eureka/eureka-core/1.4.6/eureka-core-1.4.6.jar!/com/netflix/eureka/registry/AbstractInstanceRegistry$1.class], URL [jar:file:/D:/mavenHome/com/netflix/eureka/eureka-core/1.4.6/eureka-core-1.4.6.jar!/com/netflix/eureka/registry/AwsInstanceRegistry.class], URL [jar:file:/D:/mavenHome/com/netflix/eureka/eureka-core/1.4.6/eureka-core-1.4.6.jar!/com/netflix/eureka/registry/AbstractInstanceRegistry$EvictionTask.class], URL [jar:file:/D:/mavenHome/com/netflix/eureka/eureka-core/1.4.6/eureka-core-1.4.6.jar!/com/netflix/eureka/registry/ResponseCacheImpl$3.class], URL [jar:file:/D:/mavenHome/com/netflix/eureka/eureka-core/1.4.6/eureka-core-1.4.6.jar!/com/netflix/eureka/registry/PeerAwareInstanceRegistryImpl$1.class], URL [jar:file:/D:/mavenHome/com/netflix/eureka/eureka-core/1.4.6/eureka-core-1.4.6.jar!/com/netflix/eureka/registry/ResponseCacheImpl$4.class], URL [jar:file:/D:/mavenHome/com/netflix/eureka/eureka-core/1.4.6/eureka-core-1.4.6.jar!/com/netflix/eureka/registry/PeerAwareInstanceRegistryImpl.class], URL [jar:file:/D:/mavenHome/com/netflix/eureka/eureka-core/1.4.6/eureka-core-1.4.6.jar!/com/netflix/eureka/registry/InstanceRegistry.class], URL [jar:file:/D:/mavenHome/com/netflix/eureka/eureka-core/1.4.6/eureka-core-1.4.6.jar!/com/netflix/eureka/registry/ResponseCache.class], URL [jar:file:/D:/mavenHome/com/netflix/eureka/eureka-core/1.4.6/eureka-core-1.4.6.jar!/com/netflix/eureka/registry/ResponseCacheImpl$Value.class], URL [jar:file:/D:/mavenHome/com/netflix/eureka/eureka-core/1.4.6/eureka-core-1.4.6.jar!/com/netflix/eureka/registry/ResponseCacheImpl$5.class], URL [jar:file:/D:/mavenHome/com/netflix/eureka/eureka-core/1.4.6/eureka-core-1.4.6.jar!/com/netflix/eureka/registry/Key$EntityType.class], URL [jar:file:/D:/mavenHome/com/netflix/eureka/eureka-core/1.4.6/eureka-core-1.4.6.jar!/com/netflix/eureka/registry/Key$KeyType.class], URL [jar:file:/D:/mavenHome/com/netflix/eureka/eureka-core/1.4.6/eureka-core-1.4.6.jar!/com/netflix/eureka/registry/RemoteRegionRegistry.class], URL [jar:file:/D:/mavenHome/com/netflix/eureka/eureka-core/1.4.6/eureka-core-1.4.6.jar!/com/netflix/eureka/registry/PeerAwareInstanceRegistry.class], URL [jar:file:/D:/mavenHome/com/netflix/eureka/eureka-core/1.4.6/eureka-core-1.4.6.jar!/com/netflix/eureka/registry/AbstractInstanceRegistry.class], URL [jar:file:/D:/mavenHome/com/netflix/eureka/eureka-core/1.4.6/eureka-core-1.4.6.jar!/com/netflix/eureka/registry/AbstractInstanceRegistry$CircularQueue.class], URL [jar:file:/D:/mavenHome/com/netflix/eureka/eureka-core/1.4.6/eureka-core-1.4.6.jar!/com/netflix/eureka/registry/AbstractInstanceRegistry$RecentlyChangedItem.class], URL [jar:file:/D:/mavenHome/com/netflix/eureka/eureka-core/1.4.6/eureka-core-1.4.6.jar!/com/netflix/eureka/registry/ResponseCacheImpl.class], URL [jar:file:/D:/mavenHome/com/netflix/eureka/eureka-core/1.4.6/eureka-core-1.4.6.jar!/com/netflix/eureka/aws/Route53Binder$1.class], URL [jar:file:/D:/mavenHome/com/netflix/eureka/eureka-core/1.4.6/eureka-core-1.4.6.jar!/com/netflix/eureka/aws/AwsBindingStrategy.class], URL [jar:file:/D:/mavenHome/com/netflix/eureka/eureka-core/1.4.6/eureka-core-1.4.6.jar!/com/netflix/eureka/aws/EIPManager$EIPBindingTask.class], URL [jar:file:/D:/mavenHome/com/netflix/eureka/eureka-core/1.4.6/eureka-core-1.4.6.jar!/com/netflix/eureka/aws/EIPManager$1.class], URL [jar:file:/D:/mavenHome/com/netflix/eureka/eureka-core/1.4.6/eureka-core-1.4.6.jar!/com/netflix/eureka/aws/AwsAsgUtil$CacheKey.class], URL [jar:file:/D:/mavenHome/com/netflix/eureka/eureka-core/1.4.6/eureka-core-1.4.6.jar!/com/netflix/eureka/aws/AwsAsgUtil.class], URL [jar:file:/D:/mavenHome/com/netflix/eureka/eureka-core/1.4.6/eureka-core-1.4.6.jar!/com/netflix/eureka/aws/AwsBinder.class], URL [jar:file:/D:/mavenHome/com/netflix/eureka/eureka-core/1.4.6/eureka-core-1.4.6.jar!/com/netflix/eureka/aws/Route53Binder.class], URL [jar:file:/D:/mavenHome/com/netflix/eureka/eureka-core/1.4.6/eureka-core-1.4.6.jar!/com/netflix/eureka/aws/AwsAsgUtil$1.class], URL [jar:file:/D:/mavenHome/com/netflix/eureka/eureka-core/1.4.6/eureka-core-1.4.6.jar!/com/netflix/eureka/aws/AwsAsgUtil$2$1.class], URL [jar:file:/D:/mavenHome/com/netflix/eureka/eureka-core/1.4.6/eureka-core-1.4.6.jar!/com/netflix/eureka/aws/AwsBinderDelegate$1.class], URL [jar:file:/D:/mavenHome/com/netflix/eureka/eureka-core/1.4.6/eureka-core-1.4.6.jar!/com/netflix/eureka/aws/AwsAsgUtil$2.class], URL [jar:file:/D:/mavenHome/com/netflix/eureka/eureka-core/1.4.6/eureka-core-1.4.6.jar!/com/netflix/eureka/aws/EIPManager.class], URL [jar:file:/D:/mavenHome/com/netflix/eureka/eureka-core/1.4.6/eureka-core-1.4.6.jar!/com/netflix/eureka/aws/AwsAsgUtil$3.class], URL [jar:file:/D:/mavenHome/com/netflix/eureka/eureka-core/1.4.6/eureka-core-1.4.6.jar!/com/netflix/eureka/aws/AwsBinderDelegate.class], URL [jar:file:/D:/mavenHome/com/netflix/eureka/eureka-core/1.4.6/eureka-core-1.4.6.jar!/com/netflix/eureka/aws/Route53Binder$ResourceRecordSetWithHostedZone.class], URL [jar:file:/D:/mavenHome/com/netflix/eureka/eureka-core/1.4.6/eureka-core-1.4.6.jar!/com/netflix/eureka/lease/Lease.class], URL [jar:file:/D:/mavenHome/com/netflix/eureka/eureka-core/1.4.6/eureka-core-1.4.6.jar!/com/netflix/eureka/lease/Lease$Action.class], URL [jar:file:/D:/mavenHome/com/netflix/eureka/eureka-core/1.4.6/eureka-core-1.4.6.jar!/com/netflix/eureka/lease/LeaseManager.class], URL [jar:file:/D:/mavenHome/com/netflix/eureka/eureka-core/1.4.6/eureka-core-1.4.6.jar!/com/netflix/eureka/resources/AbstractVIPResource.class], URL [jar:file:/D:/mavenHome/com/netflix/eureka/eureka-core/1.4.6/eureka-core-1.4.6.jar!/com/netflix/eureka/resources/PeerReplicationResource.class], URL [jar:file:/D:/mavenHome/com/netflix/eureka/eureka-core/1.4.6/eureka-core-1.4.6.jar!/com/netflix/eureka/resources/DefaultServerCodecs.class], URL [jar:file:/D:/mavenHome/com/netflix/eureka/eureka-core/1.4.6/eureka-core-1.4.6.jar!/com/netflix/eureka/resources/ServerInfoResource.class], URL [jar:file:/D:/mavenHome/com/netflix/eureka/eureka-core/1.4.6/eureka-core-1.4.6.jar!/com/netflix/eureka/resources/SecureVIPResource.class], URL [jar:file:/D:/mavenHome/com/netflix/eureka/eureka-core/1.4.6/eureka-core-1.4.6.jar!/com/netflix/eureka/resources/ASGResource.class], URL [jar:file:/D:/mavenHome/com/netflix/eureka/eureka-core/1.4.6/eureka-core-1.4.6.jar!/com/netflix/eureka/resources/ApplicationsResource.class], URL [jar:file:/D:/mavenHome/com/netflix/eureka/eureka-core/1.4.6/eureka-core-1.4.6.jar!/com/netflix/eureka/resources/VIPResource.class], URL [jar:file:/D:/mavenHome/com/netflix/eureka/eureka-core/1.4.6/eureka-core-1.4.6.jar!/com/netflix/eureka/resources/ApplicationResource.class], URL [jar:file:/D:/mavenHome/com/netflix/eureka/eureka-core/1.4.6/eureka-core-1.4.6.jar!/com/netflix/eureka/resources/DefaultServerCodecs$1.class], URL [jar:file:/D:/mavenHome/com/netflix/eureka/eureka-core/1.4.6/eureka-core-1.4.6.jar!/com/netflix/eureka/resources/PeerReplicationResource$1.class], URL [jar:file:/D:/mavenHome/com/netflix/eureka/eureka-core/1.4.6/eureka-core-1.4.6.jar!/com/netflix/eureka/resources/InstancesResource.class], URL [jar:file:/D:/mavenHome/com/netflix/eureka/eureka-core/1.4.6/eureka-core-1.4.6.jar!/com/netflix/eureka/resources/StatusResource.class], URL [jar:file:/D:/mavenHome/com/netflix/eureka/eureka-core/1.4.6/eureka-core-1.4.6.jar!/com/netflix/eureka/resources/ServerCodecs.class], URL [jar:file:/D:/mavenHome/com/netflix/eureka/eureka-core/1.4.6/eureka-core-1.4.6.jar!/com/netflix/eureka/resources/CurrentRequestVersion.class], URL [jar:file:/D:/mavenHome/com/netflix/eureka/eureka-core/1.4.6/eureka-core-1.4.6.jar!/com/netflix/eureka/resources/ASGResource$ASGStatus.class], URL [jar:file:/D:/mavenHome/com/netflix/eureka/eureka-core/1.4.6/eureka-core-1.4.6.jar!/com/netflix/eureka/resources/DefaultServerCodecs$Builder.class], URL [jar:file:/D:/mavenHome/com/netflix/eureka/eureka-core/1.4.6/eureka-core-1.4.6.jar!/com/netflix/eureka/resources/InstanceResource.class], URL [jar:file:/D:/mavenHome/com/netflix/eureka/eureka-core/1.4.6/eureka-core-1.4.6.jar!/com/netflix/eureka/util/StatusUtil.class], URL [jar:file:/D:/mavenHome/com/netflix/eureka/eureka-core/1.4.6/eureka-core-1.4.6.jar!/com/netflix/eureka/util/EurekaMonitors.class], URL [jar:file:/D:/mavenHome/com/netflix/eureka/eureka-core/1.4.6/eureka-core-1.4.6.jar!/com/netflix/eureka/util/StatusInfo.class], URL [jar:file:/D:/mavenHome/com/netflix/eureka/eureka-core/1.4.6/eureka-core-1.4.6.jar!/com/netflix/eureka/util/StatusInfo$Builder.class], URL [jar:file:/D:/mavenHome/com/netflix/eureka/eureka-core/1.4.6/eureka-core-1.4.6.jar!/com/netflix/eureka/util/MeasuredRate.class], URL [jar:file:/D:/mavenHome/com/netflix/eureka/eureka-core/1.4.6/eureka-core-1.4.6.jar!/com/netflix/eureka/util/MeasuredRate$1.class], URL [jar:file:/D:/mavenHome/com/netflix/eureka/eureka-core/1.4.6/eureka-core-1.4.6.jar!/com/netflix/eureka/util/StatusInfo$1.class], URL [jar:file:/D:/mavenHome/com/netflix/eureka/eureka-core/1.4.6/eureka-core-1.4.6.jar!/com/netflix/eureka/util/batcher/TrafficShaper.class], URL [jar:file:/D:/mavenHome/com/netflix/eureka/eureka-core/1.4.6/eureka-core-1.4.6.jar!/com/netflix/eureka/util/batcher/TaskExecutors$SingleTaskWorkerRunnable.class], URL [jar:file:/D:/mavenHome/com/netflix/eureka/eureka-core/1.4.6/eureka-core-1.4.6.jar!/com/netflix/eureka/util/batcher/TaskExecutors$1.class], URL [jar:file:/D:/mavenHome/com/netflix/eureka/eureka-core/1.4.6/eureka-core-1.4.6.jar!/com/netflix/eureka/util/batcher/TaskDispatchers$1.class], URL [jar:file:/D:/mavenHome/com/netflix/eureka/eureka-core/1.4.6/eureka-core-1.4.6.jar!/com/netflix/eureka/util/batcher/TaskExecutors$WorkerRunnableFactory.class], URL [jar:file:/D:/mavenHome/com/netflix/eureka/eureka-core/1.4.6/eureka-core-1.4.6.jar!/com/netflix/eureka/util/batcher/TaskExecutors$2.class], URL [jar:file:/D:/mavenHome/com/netflix/eureka/eureka-core/1.4.6/eureka-core-1.4.6.jar!/com/netflix/eureka/util/batcher/TaskDispatchers$2.class], URL [jar:file:/D:/mavenHome/com/netflix/eureka/eureka-core/1.4.6/eureka-core-1.4.6.jar!/com/netflix/eureka/util/batcher/TaskProcessor$ProcessingResult.class], URL [jar:file:/D:/mavenHome/com/netflix/eureka/eureka-core/1.4.6/eureka-core-1.4.6.jar!/com/netflix/eureka/util/batcher/TaskExecutors$3.class], URL [jar:file:/D:/mavenHome/com/netflix/eureka/eureka-core/1.4.6/eureka-core-1.4.6.jar!/com/netflix/eureka/util/batcher/TaskHolder.class], URL [jar:file:/D:/mavenHome/com/netflix/eureka/eureka-core/1.4.6/eureka-core-1.4.6.jar!/com/netflix/eureka/util/batcher/TaskExecutors.class], URL [jar:file:/D:/mavenHome/com/netflix/eureka/eureka-core/1.4.6/eureka-core-1.4.6.jar!/com/netflix/eureka/util/batcher/TaskExecutors$BatchWorkerRunnable.class], URL [jar:file:/D:/mavenHome/com/netflix/eureka/eureka-core/1.4.6/eureka-core-1.4.6.jar!/com/netflix/eureka/util/batcher/TaskDispatchers.class], URL [jar:file:/D:/mavenHome/com/netflix/eureka/eureka-core/1.4.6/eureka-core-1.4.6.jar!/com/netflix/eureka/util/batcher/TaskExecutors$WorkerRunnable.class], URL [jar:file:/D:/mavenHome/com/netflix/eureka/eureka-core/1.4.6/eureka-core-1.4.6.jar!/com/netflix/eureka/util/batcher/TaskExecutors$TaskExecutorMetrics.class], URL [jar:file:/D:/mavenHome/com/netflix/eureka/eureka-core/1.4.6/eureka-core-1.4.6.jar!/com/netflix/eureka/util/batcher/AcceptorExecutor.class], URL [jar:file:/D:/mavenHome/com/netflix/eureka/eureka-core/1.4.6/eureka-core-1.4.6.jar!/com/netflix/eureka/util/batcher/TaskDispatcher.class], URL [jar:file:/D:/mavenHome/com/netflix/eureka/eureka-core/1.4.6/eureka-core-1.4.6.jar!/com/netflix/eureka/util/batcher/TaskProcessor.class], URL [jar:file:/D:/mavenHome/com/netflix/eureka/eureka-core/1.4.6/eureka-core-1.4.6.jar!/com/netflix/eureka/util/batcher/AcceptorExecutor$AcceptorRunner.class], URL [jar:file:/D:/mavenHome/com/netflix/eureka/eureka-core/1.4.6/eureka-core-1.4.6.jar!/com/netflix/eureka/cluster/HttpReplicationClient.class], URL [jar:file:/D:/mavenHome/com/netflix/eureka/eureka-core/1.4.6/eureka-core-1.4.6.jar!/com/netflix/eureka/cluster/PeerEurekaNode$3.class], URL [jar:file:/D:/mavenHome/com/netflix/eureka/eureka-core/1.4.6/eureka-core-1.4.6.jar!/com/netflix/eureka/cluster/ReplicationTaskProcessor.class], URL [jar:file:/D:/mavenHome/com/netflix/eureka/eureka-core/1.4.6/eureka-core-1.4.6.jar!/com/netflix/eureka/cluster/InstanceReplicationTask.class], URL [jar:file:/D:/mavenHome/com/netflix/eureka/eureka-core/1.4.6/eureka-core-1.4.6.jar!/com/netflix/eureka/cluster/PeerEurekaNode$2.class], URL [jar:file:/D:/mavenHome/com/netflix/eureka/eureka-core/1.4.6/eureka-core-1.4.6.jar!/com/netflix/eureka/cluster/DynamicGZIPContentEncodingFilter.class], URL [jar:file:/D:/mavenHome/com/netflix/eureka/eureka-core/1.4.6/eureka-core-1.4.6.jar!/com/netflix/eureka/cluster/ReplicationTask.class], URL [jar:file:/D:/mavenHome/com/netflix/eureka/eureka-core/1.4.6/eureka-core-1.4.6.jar!/com/netflix/eureka/cluster/PeerEurekaNode$1.class], URL [jar:file:/D:/mavenHome/com/netflix/eureka/eureka-core/1.4.6/eureka-core-1.4.6.jar!/com/netflix/eureka/cluster/DynamicGZIPContentEncodingFilter$GzipAdapter.class], URL [jar:file:/D:/mavenHome/com/netflix/eureka/eureka-core/1.4.6/eureka-core-1.4.6.jar!/com/netflix/eureka/cluster/PeerEurekaNodes$2.class], URL [jar:file:/D:/mavenHome/com/netflix/eureka/eureka-core/1.4.6/eureka-core-1.4.6.jar!/com/netflix/eureka/cluster/PeerEurekaNodes.class], URL [jar:file:/D:/mavenHome/com/netflix/eureka/eureka-core/1.4.6/eureka-core-1.4.6.jar!/com/netflix/eureka/cluster/PeerEurekaNode$6.class], URL [jar:file:/D:/mavenHome/com/netflix/eureka/eureka-core/1.4.6/eureka-core-1.4.6.jar!/com/netflix/eureka/cluster/PeerEurekaNode.class], URL [jar:file:/D:/mavenHome/com/netflix/eureka/eureka-core/1.4.6/eureka-core-1.4.6.jar!/com/netflix/eureka/cluster/PeerEurekaNode$5.class], URL [jar:file:/D:/mavenHome/com/netflix/eureka/eureka-core/1.4.6/eureka-core-1.4.6.jar!/com/netflix/eureka/cluster/AsgReplicationTask.class], URL [jar:file:/D:/mavenHome/com/netflix/eureka/eureka-core/1.4.6/eureka-core-1.4.6.jar!/com/netflix/eureka/cluster/PeerEurekaNodes$1.class], URL [jar:file:/D:/mavenHome/com/netflix/eureka/eureka-core/1.4.6/eureka-core-1.4.6.jar!/com/netflix/eureka/cluster/PeerEurekaNode$4.class], URL [jar:file:/D:/mavenHome/com/netflix/eureka/eureka-core/1.4.6/eureka-core-1.4.6.jar!/com/netflix/eureka/cluster/protocol/ReplicationList.class], URL [jar:file:/D:/mavenHome/com/netflix/eureka/eureka-core/1.4.6/eureka-core-1.4.6.jar!/com/netflix/eureka/cluster/protocol/ReplicationListResponse.class], URL [jar:file:/D:/mavenHome/com/netflix/eureka/eureka-core/1.4.6/eureka-core-1.4.6.jar!/com/netflix/eureka/cluster/protocol/ReplicationInstanceResponse$Builder.class], URL [jar:file:/D:/mavenHome/com/netflix/eureka/eureka-core/1.4.6/eureka-core-1.4.6.jar!/com/netflix/eureka/cluster/protocol/ReplicationInstance$ReplicationInstanceBuilder.class], URL [jar:file:/D:/mavenHome/com/netflix/eureka/eureka-core/1.4.6/eureka-core-1.4.6.jar!/com/netflix/eureka/cluster/protocol/ReplicationInstance.class], URL [jar:file:/D:/mavenHome/com/netflix/eureka/eureka-core/1.4.6/eureka-core-1.4.6.jar!/com/netflix/eureka/cluster/protocol/ReplicationInstanceResponse.class], URL [jar:file:/D:/mavenHome/com/netflix/eureka/eureka-core/1.4.6/eureka-core-1.4.6.jar!/com/netflix/eureka/transport/EurekaServerHttpClients.class], URL [jar:file:/D:/mavenHome/com/netflix/eureka/eureka-core/1.4.6/eureka-core-1.4.6.jar!/com/netflix/eureka/transport/EurekaServerHttpClients$1.class], URL [jar:file:/D:/mavenHome/com/netflix/eureka/eureka-core/1.4.6/eureka-core-1.4.6.jar!/com/netflix/eureka/transport/JerseyRemoteRegionClientFactory.class], URL [jar:file:/D:/mavenHome/com/netflix/eureka/eureka-core/1.4.6/eureka-core-1.4.6.jar!/com/netflix/eureka/transport/JerseyReplicationClient.class]]
7626 [localhost-startStop-1] DEBUG o.s.c.a.ClassPathScanningCandidateComponentProvider - Identified candidate component class: URL [jar:file:/D:/mavenHome/com/netflix/eureka/eureka-core/1.4.6/eureka-core-1.4.6.jar!/com/netflix/eureka/resources/PeerReplicationResource.class]
7628 [localhost-startStop-1] DEBUG o.s.c.a.ClassPathScanningCandidateComponentProvider - Identified candidate component class: URL [jar:file:/D:/mavenHome/com/netflix/eureka/eureka-core/1.4.6/eureka-core-1.4.6.jar!/com/netflix/eureka/resources/ServerInfoResource.class]
7628 [localhost-startStop-1] DEBUG o.s.c.a.ClassPathScanningCandidateComponentProvider - Identified candidate component class: URL [jar:file:/D:/mavenHome/com/netflix/eureka/eureka-core/1.4.6/eureka-core-1.4.6.jar!/com/netflix/eureka/resources/SecureVIPResource.class]
7629 [localhost-startStop-1] DEBUG o.s.c.a.ClassPathScanningCandidateComponentProvider - Identified candidate component class: URL [jar:file:/D:/mavenHome/com/netflix/eureka/eureka-core/1.4.6/eureka-core-1.4.6.jar!/com/netflix/eureka/resources/ASGResource.class]
7630 [localhost-startStop-1] DEBUG o.s.c.a.ClassPathScanningCandidateComponentProvider - Identified candidate component class: URL [jar:file:/D:/mavenHome/com/netflix/eureka/eureka-core/1.4.6/eureka-core-1.4.6.jar!/com/netflix/eureka/resources/ApplicationsResource.class]
7630 [localhost-startStop-1] DEBUG o.s.c.a.ClassPathScanningCandidateComponentProvider - Identified candidate component class: URL [jar:file:/D:/mavenHome/com/netflix/eureka/eureka-core/1.4.6/eureka-core-1.4.6.jar!/com/netflix/eureka/resources/VIPResource.class]
7632 [localhost-startStop-1] DEBUG o.s.c.a.ClassPathScanningCandidateComponentProvider - Identified candidate component class: URL [jar:file:/D:/mavenHome/com/netflix/eureka/eureka-core/1.4.6/eureka-core-1.4.6.jar!/com/netflix/eureka/resources/InstancesResource.class]
7632 [localhost-startStop-1] DEBUG o.s.c.a.ClassPathScanningCandidateComponentProvider - Identified candidate component class: URL [jar:file:/D:/mavenHome/com/netflix/eureka/eureka-core/1.4.6/eureka-core-1.4.6.jar!/com/netflix/eureka/resources/StatusResource.class]
7662 [localhost-startStop-1] DEBUG o.s.b.f.s.DefaultListableBeanFactory - Eagerly caching bean 'jerseyApplication' to allow for resolving potential circular references
7672 [localhost-startStop-1] DEBUG o.s.b.f.s.DefaultListableBeanFactory - Finished creating instance of bean 'jerseyApplication'
7672 [localhost-startStop-1] DEBUG o.s.b.f.s.DefaultListableBeanFactory - Autowiring by type from bean name 'jerseyFilterRegistration' via factory method to bean named 'jerseyApplication'
7686 [localhost-startStop-1] DEBUG o.s.b.f.s.DefaultListableBeanFactory - Eagerly caching bean 'jerseyFilterRegistration' to allow for resolving potential circular references
7703 [localhost-startStop-1] DEBUG o.s.b.f.s.DefaultListableBeanFactory - Finished creating instance of bean 'jerseyFilterRegistration'
7703 [localhost-startStop-1] DEBUG o.s.b.f.s.DefaultListableBeanFactory - Creating shared instance of singleton bean 'traceFilterRegistration'
7703 [localhost-startStop-1] DEBUG o.s.b.f.s.DefaultListableBeanFactory - Creating instance of bean 'traceFilterRegistration'
7704 [localhost-startStop-1] DEBUG o.s.b.f.s.DefaultListableBeanFactory - Returning cached instance of singleton bean 'org.springframework.cloud.netflix.eureka.server.EurekaServerConfiguration'
7708 [localhost-startStop-1] DEBUG o.s.b.f.s.DefaultListableBeanFactory - Creating shared instance of singleton bean 'webRequestLoggingFilter'
7708 [localhost-startStop-1] DEBUG o.s.b.f.s.DefaultListableBeanFactory - Creating instance of bean 'webRequestLoggingFilter'
7708 [localhost-startStop-1] DEBUG o.s.b.f.s.DefaultListableBeanFactory - Creating shared instance of singleton bean 'org.springframework.boot.actuate.autoconfigure.TraceWebFilterAutoConfiguration'
7708 [localhost-startStop-1] DEBUG o.s.b.f.s.DefaultListableBeanFactory - Creating instance of bean 'org.springframework.boot.actuate.autoconfigure.TraceWebFilterAutoConfiguration'
7708 [localhost-startStop-1] DEBUG o.s.c.LocalVariableTableParameterNameDiscoverer - Cannot find '.class' file for class [class org.springframework.boot.actuate.autoconfigure.TraceWebFilterAutoConfiguration$$EnhancerBySpringCGLIB$$c9dc424] - unable to determine constructor/method parameter names
7710 [localhost-startStop-1] DEBUG o.s.b.f.s.DefaultListableBeanFactory - Creating shared instance of singleton bean 'traceRepository'
7710 [localhost-startStop-1] DEBUG o.s.b.f.s.DefaultListableBeanFactory - Creating instance of bean 'traceRepository'
7710 [localhost-startStop-1] DEBUG o.s.b.f.s.DefaultListableBeanFactory - Creating shared instance of singleton bean 'org.springframework.boot.actuate.autoconfigure.TraceRepositoryAutoConfiguration'
7710 [localhost-startStop-1] DEBUG o.s.b.f.s.DefaultListableBeanFactory - Creating instance of bean 'org.springframework.boot.actuate.autoconfigure.TraceRepositoryAutoConfiguration'
7710 [localhost-startStop-1] DEBUG o.s.b.f.s.DefaultListableBeanFactory - Eagerly caching bean 'org.springframework.boot.actuate.autoconfigure.TraceRepositoryAutoConfiguration' to allow for resolving potential circular references
7714 [localhost-startStop-1] DEBUG o.s.b.f.s.DefaultListableBeanFactory - Finished creating instance of bean 'org.springframework.boot.actuate.autoconfigure.TraceRepositoryAutoConfiguration'
7717 [localhost-startStop-1] DEBUG o.s.b.f.s.DefaultListableBeanFactory - Eagerly caching bean 'traceRepository' to allow for resolving potential circular references
7721 [localhost-startStop-1] DEBUG o.s.b.f.s.DefaultListableBeanFactory - Finished creating instance of bean 'traceRepository'
7723 [localhost-startStop-1] DEBUG o.s.b.f.s.DefaultListableBeanFactory - Creating shared instance of singleton bean 'management.trace-org.springframework.boot.actuate.trace.TraceProperties'
7723 [localhost-startStop-1] DEBUG o.s.b.f.s.DefaultListableBeanFactory - Creating instance of bean 'management.trace-org.springframework.boot.actuate.trace.TraceProperties'
7724 [localhost-startStop-1] DEBUG o.s.b.f.s.DefaultListableBeanFactory - Eagerly caching bean 'management.trace-org.springframework.boot.actuate.trace.TraceProperties' to allow for resolving potential circular references
7726 [localhost-startStop-1] DEBUG o.s.core.env.MutablePropertySources - Adding [servletConfigInitParams] PropertySource with lowest search precedence
7726 [localhost-startStop-1] DEBUG o.s.core.env.MutablePropertySources - Adding [servletContextInitParams] PropertySource with lowest search precedence
7726 [localhost-startStop-1] DEBUG o.s.core.env.MutablePropertySources - Adding [systemProperties] PropertySource with lowest search precedence
7726 [localhost-startStop-1] DEBUG o.s.core.env.MutablePropertySources - Adding [systemEnvironment] PropertySource with lowest search precedence
7726 [localhost-startStop-1] DEBUG o.s.core.env.MutablePropertySources - Adding [random] PropertySource with lowest search precedence
7726 [localhost-startStop-1] DEBUG o.s.core.env.MutablePropertySources - Adding [applicationConfig: [classpath:/application.properties]] PropertySource with lowest search precedence
7726 [localhost-startStop-1] DEBUG o.s.core.env.MutablePropertySources - Adding [springCloudClientHostInfo] PropertySource with lowest search precedence
7726 [localhost-startStop-1] DEBUG o.s.core.env.MutablePropertySources - Adding [class path resource [eureka/server.properties]] PropertySource with lowest search precedence
7726 [localhost-startStop-1] DEBUG o.s.core.env.MutablePropertySources - Adding [defaultProperties] PropertySource with lowest search precedence
7726 [localhost-startStop-1] DEBUG o.s.core.env.MutablePropertySources - Adding [localProperties] PropertySource with lowest search precedence
7728 [localhost-startStop-1] DEBUG o.s.b.f.s.DefaultListableBeanFactory - Finished creating instance of bean 'management.trace-org.springframework.boot.actuate.trace.TraceProperties'
7730 [localhost-startStop-1] DEBUG o.s.b.f.s.DefaultListableBeanFactory - Autowiring by type from bean name 'org.springframework.boot.actuate.autoconfigure.TraceWebFilterAutoConfiguration' via constructor to bean named 'traceRepository'
7730 [localhost-startStop-1] DEBUG o.s.b.f.s.DefaultListableBeanFactory - Autowiring by type from bean name 'org.springframework.boot.actuate.autoconfigure.TraceWebFilterAutoConfiguration' via constructor to bean named 'management.trace-org.springframework.boot.actuate.trace.TraceProperties'
7731 [localhost-startStop-1] DEBUG o.s.b.f.s.DefaultListableBeanFactory - Creating shared instance of singleton bean 'errorAttributes'
7731 [localhost-startStop-1] DEBUG o.s.b.f.s.DefaultListableBeanFactory - Creating instance of bean 'errorAttributes'
7731 [localhost-startStop-1] DEBUG o.s.b.f.s.DefaultListableBeanFactory - Returning cached instance of singleton bean 'org.springframework.boot.autoconfigure.web.ErrorMvcAutoConfiguration'
7732 [localhost-startStop-1] DEBUG o.s.b.f.s.DefaultListableBeanFactory - Eagerly caching bean 'errorAttributes' to allow for resolving potential circular references
7737 [localhost-startStop-1] DEBUG o.s.b.f.s.DefaultListableBeanFactory - Finished creating instance of bean 'errorAttributes'
7737 [localhost-startStop-1] DEBUG o.s.b.f.s.DefaultListableBeanFactory - Eagerly caching bean 'org.springframework.boot.actuate.autoconfigure.TraceWebFilterAutoConfiguration' to allow for resolving potential circular references
7741 [localhost-startStop-1] DEBUG o.s.b.f.s.DefaultListableBeanFactory - Finished creating instance of bean 'org.springframework.boot.actuate.autoconfigure.TraceWebFilterAutoConfiguration'
7742 [localhost-startStop-1] DEBUG o.s.b.f.s.DefaultListableBeanFactory - Autowiring by type from bean name 'webRequestLoggingFilter' via factory method to bean named 'org.springframework.beans.factory.support.DefaultListableBeanFactory@56c698e3'
7746 [localhost-startStop-1] DEBUG o.s.w.c.s.StandardServletEnvironment - Adding [servletConfigInitParams] PropertySource with lowest search precedence
7746 [localhost-startStop-1] DEBUG o.s.w.c.s.StandardServletEnvironment - Adding [servletContextInitParams] PropertySource with lowest search precedence
7747 [localhost-startStop-1] DEBUG o.s.w.c.s.StandardServletEnvironment - Adding [systemProperties] PropertySource with lowest search precedence
7747 [localhost-startStop-1] DEBUG o.s.w.c.s.StandardServletEnvironment - Adding [systemEnvironment] PropertySource with lowest search precedence
7747 [localhost-startStop-1] DEBUG o.s.w.c.s.StandardServletEnvironment - Initialized StandardServletEnvironment with PropertySources [servletConfigInitParams,servletContextInitParams,systemProperties,systemEnvironment]
7748 [localhost-startStop-1] DEBUG o.s.b.f.s.DefaultListableBeanFactory - Eagerly caching bean 'webRequestLoggingFilter' to allow for resolving potential circular references
7758 [localhost-startStop-1] DEBUG o.s.b.f.s.DefaultListableBeanFactory - Invoking afterPropertiesSet() on bean with name 'webRequestLoggingFilter'
7759 [localhost-startStop-1] DEBUG o.s.b.f.s.DefaultListableBeanFactory - Finished creating instance of bean 'webRequestLoggingFilter'
7759 [localhost-startStop-1] DEBUG o.s.b.f.s.DefaultListableBeanFactory - Autowiring by type from bean name 'traceFilterRegistration' via factory method to bean named 'webRequestLoggingFilter'
7761 [localhost-startStop-1] DEBUG o.s.b.f.s.DefaultListableBeanFactory - Eagerly caching bean 'traceFilterRegistration' to allow for resolving potential circular references
7761 [localhost-startStop-1] DEBUG o.s.b.f.s.DefaultListableBeanFactory - Finished creating instance of bean 'traceFilterRegistration'
7761 [localhost-startStop-1] DEBUG o.s.b.f.s.DefaultListableBeanFactory - Creating shared instance of singleton bean 'dispatcherServletRegistration'
7761 [localhost-startStop-1] DEBUG o.s.b.f.s.DefaultListableBeanFactory - Creating instance of bean 'dispatcherServletRegistration'
7761 [localhost-startStop-1] DEBUG o.s.b.f.s.DefaultListableBeanFactory - Creating shared instance of singleton bean 'org.springframework.boot.autoconfigure.web.DispatcherServletAutoConfiguration$DispatcherServletRegistrationConfiguration'
7761 [localhost-startStop-1] DEBUG o.s.b.f.s.DefaultListableBeanFactory - Creating instance of bean 'org.springframework.boot.autoconfigure.web.DispatcherServletAutoConfiguration$DispatcherServletRegistrationConfiguration'
7762 [localhost-startStop-1] DEBUG o.s.c.LocalVariableTableParameterNameDiscoverer - Cannot find '.class' file for class [class org.springframework.boot.autoconfigure.web.DispatcherServletAutoConfiguration$DispatcherServletRegistrationConfiguration$$EnhancerBySpringCGLIB$$358ad8c3] - unable to determine constructor/method parameter names
7764 [localhost-startStop-1] DEBUG o.s.b.f.s.DefaultListableBeanFactory - Returning cached instance of singleton bean 'serverProperties'
7765 [localhost-startStop-1] DEBUG o.s.b.f.s.DefaultListableBeanFactory - Creating shared instance of singleton bean 'spring.mvc-org.springframework.boot.autoconfigure.web.WebMvcProperties'
7765 [localhost-startStop-1] DEBUG o.s.b.f.s.DefaultListableBeanFactory - Creating instance of bean 'spring.mvc-org.springframework.boot.autoconfigure.web.WebMvcProperties'
7766 [localhost-startStop-1] DEBUG o.s.b.f.s.DefaultListableBeanFactory - Eagerly caching bean 'spring.mvc-org.springframework.boot.autoconfigure.web.WebMvcProperties' to allow for resolving potential circular references
7770 [localhost-startStop-1] DEBUG o.s.core.env.MutablePropertySources - Adding [servletConfigInitParams] PropertySource with lowest search precedence
7770 [localhost-startStop-1] DEBUG o.s.core.env.MutablePropertySources - Adding [servletContextInitParams] PropertySource with lowest search precedence
7770 [localhost-startStop-1] DEBUG o.s.core.env.MutablePropertySources - Adding [systemProperties] PropertySource with lowest search precedence
7770 [localhost-startStop-1] DEBUG o.s.core.env.MutablePropertySources - Adding [systemEnvironment] PropertySource with lowest search precedence
7770 [localhost-startStop-1] DEBUG o.s.core.env.MutablePropertySources - Adding [random] PropertySource with lowest search precedence
7770 [localhost-startStop-1] DEBUG o.s.core.env.MutablePropertySources - Adding [applicationConfig: [classpath:/application.properties]] PropertySource with lowest search precedence
7770 [localhost-startStop-1] DEBUG o.s.core.env.MutablePropertySources - Adding [springCloudClientHostInfo] PropertySource with lowest search precedence
7770 [localhost-startStop-1] DEBUG o.s.core.env.MutablePropertySources - Adding [class path resource [eureka/server.properties]] PropertySource with lowest search precedence
7770 [localhost-startStop-1] DEBUG o.s.core.env.MutablePropertySources - Adding [defaultProperties] PropertySource with lowest search precedence
7770 [localhost-startStop-1] DEBUG o.s.core.env.MutablePropertySources - Adding [localProperties] PropertySource with lowest search precedence
7781 [localhost-startStop-1] DEBUG o.s.b.f.s.DefaultListableBeanFactory - Finished creating instance of bean 'spring.mvc-org.springframework.boot.autoconfigure.web.WebMvcProperties'
7781 [localhost-startStop-1] DEBUG o.s.b.f.s.DefaultListableBeanFactory - Autowiring by type from bean name 'org.springframework.boot.autoconfigure.web.DispatcherServletAutoConfiguration$DispatcherServletRegistrationConfiguration' via constructor to bean named 'serverProperties'
7781 [localhost-startStop-1] DEBUG o.s.b.f.s.DefaultListableBeanFactory - Autowiring by type from bean name 'org.springframework.boot.autoconfigure.web.DispatcherServletAutoConfiguration$DispatcherServletRegistrationConfiguration' via constructor to bean named 'spring.mvc-org.springframework.boot.autoconfigure.web.WebMvcProperties'
7783 [localhost-startStop-1] DEBUG o.s.b.f.s.DefaultListableBeanFactory - Creating shared instance of singleton bean 'multipartConfigElement'
7783 [localhost-startStop-1] DEBUG o.s.b.f.s.DefaultListableBeanFactory - Creating instance of bean 'multipartConfigElement'
7783 [localhost-startStop-1] DEBUG o.s.b.f.s.DefaultListableBeanFactory - Creating shared instance of singleton bean 'org.springframework.boot.autoconfigure.web.MultipartAutoConfiguration'
7783 [localhost-startStop-1] DEBUG o.s.b.f.s.DefaultListableBeanFactory - Creating instance of bean 'org.springframework.boot.autoconfigure.web.MultipartAutoConfiguration'
7783 [localhost-startStop-1] DEBUG o.s.c.LocalVariableTableParameterNameDiscoverer - Cannot find '.class' file for class [class org.springframework.boot.autoconfigure.web.MultipartAutoConfiguration$$EnhancerBySpringCGLIB$$cee34d90] - unable to determine constructor/method parameter names
7785 [localhost-startStop-1] DEBUG o.s.b.f.s.DefaultListableBeanFactory - Creating shared instance of singleton bean 'spring.http.multipart-org.springframework.boot.autoconfigure.web.MultipartProperties'
7785 [localhost-startStop-1] DEBUG o.s.b.f.s.DefaultListableBeanFactory - Creating instance of bean 'spring.http.multipart-org.springframework.boot.autoconfigure.web.MultipartProperties'
7785 [localhost-startStop-1] DEBUG o.s.b.f.s.DefaultListableBeanFactory - Eagerly caching bean 'spring.http.multipart-org.springframework.boot.autoconfigure.web.MultipartProperties' to allow for resolving potential circular references
7788 [localhost-startStop-1] DEBUG o.s.core.env.MutablePropertySources - Adding [servletConfigInitParams] PropertySource with lowest search precedence
7788 [localhost-startStop-1] DEBUG o.s.core.env.MutablePropertySources - Adding [servletContextInitParams] PropertySource with lowest search precedence
7788 [localhost-startStop-1] DEBUG o.s.core.env.MutablePropertySources - Adding [systemProperties] PropertySource with lowest search precedence
7788 [localhost-startStop-1] DEBUG o.s.core.env.MutablePropertySources - Adding [systemEnvironment] PropertySource with lowest search precedence
7788 [localhost-startStop-1] DEBUG o.s.core.env.MutablePropertySources - Adding [random] PropertySource with lowest search precedence
7789 [localhost-startStop-1] DEBUG o.s.core.env.MutablePropertySources - Adding [applicationConfig: [classpath:/application.properties]] PropertySource with lowest search precedence
7789 [localhost-startStop-1] DEBUG o.s.core.env.MutablePropertySources - Adding [springCloudClientHostInfo] PropertySource with lowest search precedence
7789 [localhost-startStop-1] DEBUG o.s.core.env.MutablePropertySources - Adding [class path resource [eureka/server.properties]] PropertySource with lowest search precedence
7789 [localhost-startStop-1] DEBUG o.s.core.env.MutablePropertySources - Adding [defaultProperties] PropertySource with lowest search precedence
7789 [localhost-startStop-1] DEBUG o.s.core.env.MutablePropertySources - Adding [localProperties] PropertySource with lowest search precedence
7791 [localhost-startStop-1] DEBUG o.s.b.f.s.DefaultListableBeanFactory - Finished creating instance of bean 'spring.http.multipart-org.springframework.boot.autoconfigure.web.MultipartProperties'
7791 [localhost-startStop-1] DEBUG o.s.b.f.s.DefaultListableBeanFactory - Autowiring by type from bean name 'org.springframework.boot.autoconfigure.web.MultipartAutoConfiguration' via constructor to bean named 'spring.http.multipart-org.springframework.boot.autoconfigure.web.MultipartProperties'
7792 [localhost-startStop-1] DEBUG o.s.b.f.s.DefaultListableBeanFactory - Eagerly caching bean 'org.springframework.boot.autoconfigure.web.MultipartAutoConfiguration' to allow for resolving potential circular references
7796 [localhost-startStop-1] DEBUG o.s.b.f.s.DefaultListableBeanFactory - Finished creating instance of bean 'org.springframework.boot.autoconfigure.web.MultipartAutoConfiguration'
7800 [localhost-startStop-1] DEBUG o.s.b.f.s.DefaultListableBeanFactory - Eagerly caching bean 'multipartConfigElement' to allow for resolving potential circular references
7802 [localhost-startStop-1] DEBUG o.s.b.f.s.DefaultListableBeanFactory - Finished creating instance of bean 'multipartConfigElement'
7802 [localhost-startStop-1] DEBUG o.s.b.f.s.DefaultListableBeanFactory - Eagerly caching bean 'org.springframework.boot.autoconfigure.web.DispatcherServletAutoConfiguration$DispatcherServletRegistrationConfiguration' to allow for resolving potential circular references
7807 [localhost-startStop-1] DEBUG o.s.b.f.s.DefaultListableBeanFactory - Finished creating instance of bean 'org.springframework.boot.autoconfigure.web.DispatcherServletAutoConfiguration$DispatcherServletRegistrationConfiguration'
7808 [localhost-startStop-1] DEBUG o.s.b.f.s.DefaultListableBeanFactory - Creating shared instance of singleton bean 'dispatcherServlet'
7808 [localhost-startStop-1] DEBUG o.s.b.f.s.DefaultListableBeanFactory - Creating instance of bean 'dispatcherServlet'
7809 [localhost-startStop-1] DEBUG o.s.b.f.s.DefaultListableBeanFactory - Creating shared instance of singleton bean 'org.springframework.boot.autoconfigure.web.DispatcherServletAutoConfiguration$DispatcherServletConfiguration'
7809 [localhost-startStop-1] DEBUG o.s.b.f.s.DefaultListableBeanFactory - Creating instance of bean 'org.springframework.boot.autoconfigure.web.DispatcherServletAutoConfiguration$DispatcherServletConfiguration'
7809 [localhost-startStop-1] DEBUG o.s.c.LocalVariableTableParameterNameDiscoverer - Cannot find '.class' file for class [class org.springframework.boot.autoconfigure.web.DispatcherServletAutoConfiguration$DispatcherServletConfiguration$$EnhancerBySpringCGLIB$$ba9b499c] - unable to determine constructor/method parameter names
7810 [localhost-startStop-1] DEBUG o.s.b.f.s.DefaultListableBeanFactory - Returning cached instance of singleton bean 'spring.mvc-org.springframework.boot.autoconfigure.web.WebMvcProperties'
7810 [localhost-startStop-1] DEBUG o.s.b.f.s.DefaultListableBeanFactory - Autowiring by type from bean name 'org.springframework.boot.autoconfigure.web.DispatcherServletAutoConfiguration$DispatcherServletConfiguration' via constructor to bean named 'spring.mvc-org.springframework.boot.autoconfigure.web.WebMvcProperties'
7810 [localhost-startStop-1] DEBUG o.s.b.f.s.DefaultListableBeanFactory - Eagerly caching bean 'org.springframework.boot.autoconfigure.web.DispatcherServletAutoConfiguration$DispatcherServletConfiguration' to allow for resolving potential circular references
7813 [localhost-startStop-1] DEBUG o.s.b.f.s.DefaultListableBeanFactory - Finished creating instance of bean 'org.springframework.boot.autoconfigure.web.DispatcherServletAutoConfiguration$DispatcherServletConfiguration'
7828 [localhost-startStop-1] DEBUG o.s.b.f.s.DefaultListableBeanFactory - Eagerly caching bean 'dispatcherServlet' to allow for resolving potential circular references
7843 [localhost-startStop-1] DEBUG o.s.b.f.s.DefaultListableBeanFactory - Finished creating instance of bean 'dispatcherServlet'
7843 [localhost-startStop-1] DEBUG o.s.b.f.s.DefaultListableBeanFactory - Autowiring by type from bean name 'dispatcherServletRegistration' via factory method to bean named 'dispatcherServlet'
7846 [localhost-startStop-1] DEBUG o.s.b.f.s.DefaultListableBeanFactory - Eagerly caching bean 'dispatcherServletRegistration' to allow for resolving potential circular references
7852 [localhost-startStop-1] DEBUG o.s.b.f.s.DefaultListableBeanFactory - Finished creating instance of bean 'dispatcherServletRegistration'
7853 [localhost-startStop-1] DEBUG o.s.b.w.s.ServletContextInitializerBeans - Added existing Filter initializer bean 'traceFilterRegistration'; order=2147483637, resource=org.springframework.cloud.netflix.eureka.server.EurekaServerConfiguration
7853 [localhost-startStop-1] DEBUG o.s.b.w.s.ServletContextInitializerBeans - Added existing Filter initializer bean 'jerseyFilterRegistration'; order=2147483647, resource=org.springframework.cloud.netflix.eureka.server.EurekaServerConfiguration
7853 [localhost-startStop-1] DEBUG o.s.b.w.s.ServletContextInitializerBeans - Added existing Servlet initializer bean 'dispatcherServletRegistration'; order=2147483647, resource=class path resource [org/springframework/boot/autoconfigure/web/DispatcherServletAutoConfiguration$DispatcherServletRegistrationConfiguration.class]
7854 [localhost-startStop-1] DEBUG o.s.b.f.s.DefaultListableBeanFactory - Returning cached instance of singleton bean 'multipartConfigElement'
7856 [localhost-startStop-1] DEBUG o.s.b.f.s.DefaultListableBeanFactory - Returning cached instance of singleton bean 'dispatcherServlet'
7857 [localhost-startStop-1] DEBUG o.s.b.f.s.DefaultListableBeanFactory - Creating shared instance of singleton bean 'requestContextFilter'
7857 [localhost-startStop-1] DEBUG o.s.b.f.s.DefaultListableBeanFactory - Creating instance of bean 'requestContextFilter'
7858 [localhost-startStop-1] DEBUG o.s.w.c.s.StandardServletEnvironment - Adding [servletConfigInitParams] PropertySource with lowest search precedence
7858 [localhost-startStop-1] DEBUG o.s.w.c.s.StandardServletEnvironment - Adding [servletContextInitParams] PropertySource with lowest search precedence
7858 [localhost-startStop-1] DEBUG o.s.w.c.s.StandardServletEnvironment - Adding [systemProperties] PropertySource with lowest search precedence
7858 [localhost-startStop-1] DEBUG o.s.w.c.s.StandardServletEnvironment - Adding [systemEnvironment] PropertySource with lowest search precedence
7858 [localhost-startStop-1] DEBUG o.s.w.c.s.StandardServletEnvironment - Initialized StandardServletEnvironment with PropertySources [servletConfigInitParams,servletContextInitParams,systemProperties,systemEnvironment]
7859 [localhost-startStop-1] DEBUG o.s.b.f.s.DefaultListableBeanFactory - Eagerly caching bean 'requestContextFilter' to allow for resolving potential circular references
7869 [localhost-startStop-1] DEBUG o.s.b.f.s.DefaultListableBeanFactory - Invoking afterPropertiesSet() on bean with name 'requestContextFilter'
7869 [localhost-startStop-1] DEBUG o.s.b.f.s.DefaultListableBeanFactory - Finished creating instance of bean 'requestContextFilter'
7869 [localhost-startStop-1] DEBUG o.s.b.f.s.DefaultListableBeanFactory - Creating shared instance of singleton bean 'hiddenHttpMethodFilter'
7869 [localhost-startStop-1] DEBUG o.s.b.f.s.DefaultListableBeanFactory - Creating instance of bean 'hiddenHttpMethodFilter'
7869 [localhost-startStop-1] DEBUG o.s.b.f.s.DefaultListableBeanFactory - Creating shared instance of singleton bean 'org.springframework.boot.autoconfigure.web.WebMvcAutoConfiguration'
7869 [localhost-startStop-1] DEBUG o.s.b.f.s.DefaultListableBeanFactory - Creating instance of bean 'org.springframework.boot.autoconfigure.web.WebMvcAutoConfiguration'
7870 [localhost-startStop-1] DEBUG o.s.b.f.s.DefaultListableBeanFactory - Eagerly caching bean 'org.springframework.boot.autoconfigure.web.WebMvcAutoConfiguration' to allow for resolving potential circular references
7876 [localhost-startStop-1] DEBUG o.s.b.f.s.DefaultListableBeanFactory - Finished creating instance of bean 'org.springframework.boot.autoconfigure.web.WebMvcAutoConfiguration'
7881 [localhost-startStop-1] DEBUG o.s.w.c.s.StandardServletEnvironment - Adding [servletConfigInitParams] PropertySource with lowest search precedence
7882 [localhost-startStop-1] DEBUG o.s.w.c.s.StandardServletEnvironment - Adding [servletContextInitParams] PropertySource with lowest search precedence
7882 [localhost-startStop-1] DEBUG o.s.w.c.s.StandardServletEnvironment - Adding [systemProperties] PropertySource with lowest search precedence
7882 [localhost-startStop-1] DEBUG o.s.w.c.s.StandardServletEnvironment - Adding [systemEnvironment] PropertySource with lowest search precedence
7882 [localhost-startStop-1] DEBUG o.s.w.c.s.StandardServletEnvironment - Initialized StandardServletEnvironment with PropertySources [servletConfigInitParams,servletContextInitParams,systemProperties,systemEnvironment]
7883 [localhost-startStop-1] DEBUG o.s.b.f.s.DefaultListableBeanFactory - Eagerly caching bean 'hiddenHttpMethodFilter' to allow for resolving potential circular references
7897 [localhost-startStop-1] DEBUG o.s.b.f.s.DefaultListableBeanFactory - Invoking afterPropertiesSet() on bean with name 'hiddenHttpMethodFilter'
7897 [localhost-startStop-1] DEBUG o.s.b.f.s.DefaultListableBeanFactory - Finished creating instance of bean 'hiddenHttpMethodFilter'
7897 [localhost-startStop-1] DEBUG o.s.b.f.s.DefaultListableBeanFactory - Creating shared instance of singleton bean 'httpPutFormContentFilter'
7897 [localhost-startStop-1] DEBUG o.s.b.f.s.DefaultListableBeanFactory - Creating instance of bean 'httpPutFormContentFilter'
7897 [localhost-startStop-1] DEBUG o.s.b.f.s.DefaultListableBeanFactory - Returning cached instance of singleton bean 'org.springframework.boot.autoconfigure.web.WebMvcAutoConfiguration'
7898 [localhost-startStop-1] DEBUG o.s.w.c.s.StandardServletEnvironment - Adding [servletConfigInitParams] PropertySource with lowest search precedence
7898 [localhost-startStop-1] DEBUG o.s.w.c.s.StandardServletEnvironment - Adding [servletContextInitParams] PropertySource with lowest search precedence
7899 [localhost-startStop-1] DEBUG o.s.w.c.s.StandardServletEnvironment - Adding [systemProperties] PropertySource with lowest search precedence
7899 [localhost-startStop-1] DEBUG o.s.w.c.s.StandardServletEnvironment - Adding [systemEnvironment] PropertySource with lowest search precedence
7899 [localhost-startStop-1] DEBUG o.s.w.c.s.StandardServletEnvironment - Initialized StandardServletEnvironment with PropertySources [servletConfigInitParams,servletContextInitParams,systemProperties,systemEnvironment]
7908 [localhost-startStop-1] DEBUG o.s.b.f.s.DefaultListableBeanFactory - Eagerly caching bean 'httpPutFormContentFilter' to allow for resolving potential circular references
7918 [localhost-startStop-1] DEBUG o.s.b.f.s.DefaultListableBeanFactory - Invoking afterPropertiesSet() on bean with name 'httpPutFormContentFilter'
7918 [localhost-startStop-1] DEBUG o.s.b.f.s.DefaultListableBeanFactory - Finished creating instance of bean 'httpPutFormContentFilter'
7918 [localhost-startStop-1] DEBUG o.s.b.f.s.DefaultListableBeanFactory - Creating shared instance of singleton bean 'applicationContextIdFilter'
7918 [localhost-startStop-1] DEBUG o.s.b.f.s.DefaultListableBeanFactory - Creating instance of bean 'applicationContextIdFilter'
7918 [localhost-startStop-1] DEBUG o.s.b.f.s.DefaultListableBeanFactory - Creating shared instance of singleton bean 'org.springframework.boot.actuate.autoconfigure.EndpointWebMvcAutoConfiguration$ApplicationContextFilterConfiguration'
7918 [localhost-startStop-1] DEBUG o.s.b.f.s.DefaultListableBeanFactory - Creating instance of bean 'org.springframework.boot.actuate.autoconfigure.EndpointWebMvcAutoConfiguration$ApplicationContextFilterConfiguration'
7919 [localhost-startStop-1] DEBUG o.s.b.f.s.DefaultListableBeanFactory - Eagerly caching bean 'org.springframework.boot.actuate.autoconfigure.EndpointWebMvcAutoConfiguration$ApplicationContextFilterConfiguration' to allow for resolving potential circular references
7923 [localhost-startStop-1] DEBUG o.s.b.f.s.DefaultListableBeanFactory - Finished creating instance of bean 'org.springframework.boot.actuate.autoconfigure.EndpointWebMvcAutoConfiguration$ApplicationContextFilterConfiguration'
7924 [localhost-startStop-1] DEBUG o.s.b.f.s.DefaultListableBeanFactory - Autowiring by type from bean name 'applicationContextIdFilter' via factory method to bean named 'org.springframework.boot.context.embedded.AnnotationConfigEmbeddedWebApplicationContext@555cf22'
7927 [localhost-startStop-1] DEBUG o.s.w.c.s.StandardServletEnvironment - Adding [servletConfigInitParams] PropertySource with lowest search precedence
7927 [localhost-startStop-1] DEBUG o.s.w.c.s.StandardServletEnvironment - Adding [servletContextInitParams] PropertySource with lowest search precedence
7927 [localhost-startStop-1] DEBUG o.s.w.c.s.StandardServletEnvironment - Adding [systemProperties] PropertySource with lowest search precedence
7927 [localhost-startStop-1] DEBUG o.s.w.c.s.StandardServletEnvironment - Adding [systemEnvironment] PropertySource with lowest search precedence
7927 [localhost-startStop-1] DEBUG o.s.w.c.s.StandardServletEnvironment - Initialized StandardServletEnvironment with PropertySources [servletConfigInitParams,servletContextInitParams,systemProperties,systemEnvironment]
7928 [localhost-startStop-1] DEBUG o.s.b.f.s.DefaultListableBeanFactory - Eagerly caching bean 'applicationContextIdFilter' to allow for resolving potential circular references
7934 [localhost-startStop-1] DEBUG o.s.b.f.s.DefaultListableBeanFactory - Invoking afterPropertiesSet() on bean with name 'applicationContextIdFilter'
7934 [localhost-startStop-1] DEBUG o.s.b.f.s.DefaultListableBeanFactory - Finished creating instance of bean 'applicationContextIdFilter'
7935 [localhost-startStop-1] DEBUG o.s.b.f.s.DefaultListableBeanFactory - Creating shared instance of singleton bean 'metricsFilter'
7935 [localhost-startStop-1] DEBUG o.s.b.f.s.DefaultListableBeanFactory - Creating instance of bean 'metricsFilter'
7935 [localhost-startStop-1] DEBUG o.s.b.f.s.DefaultListableBeanFactory - Creating shared instance of singleton bean 'org.springframework.boot.actuate.autoconfigure.MetricFilterAutoConfiguration'
7935 [localhost-startStop-1] DEBUG o.s.b.f.s.DefaultListableBeanFactory - Creating instance of bean 'org.springframework.boot.actuate.autoconfigure.MetricFilterAutoConfiguration'
7935 [localhost-startStop-1] DEBUG o.s.c.LocalVariableTableParameterNameDiscoverer - Cannot find '.class' file for class [class org.springframework.boot.actuate.autoconfigure.MetricFilterAutoConfiguration$$EnhancerBySpringCGLIB$$3085ef43] - unable to determine constructor/method parameter names
7936 [localhost-startStop-1] DEBUG o.s.b.f.s.DefaultListableBeanFactory - Creating shared instance of singleton bean 'servoMetricServices'
7936 [localhost-startStop-1] DEBUG o.s.b.f.s.DefaultListableBeanFactory - Creating instance of bean 'servoMetricServices'
7936 [localhost-startStop-1] DEBUG o.s.b.f.s.DefaultListableBeanFactory - Creating shared instance of singleton bean 'org.springframework.cloud.netflix.metrics.servo.ServoMetricsAutoConfiguration'
7936 [localhost-startStop-1] DEBUG o.s.b.f.s.DefaultListableBeanFactory - Creating instance of bean 'org.springframework.cloud.netflix.metrics.servo.ServoMetricsAutoConfiguration'
7937 [localhost-startStop-1] DEBUG o.s.b.f.s.DefaultListableBeanFactory - Eagerly caching bean 'org.springframework.cloud.netflix.metrics.servo.ServoMetricsAutoConfiguration' to allow for resolving potential circular references
7942 [localhost-startStop-1] DEBUG o.s.b.f.s.DefaultListableBeanFactory - Finished creating instance of bean 'org.springframework.cloud.netflix.metrics.servo.ServoMetricsAutoConfiguration'
7943 [localhost-startStop-1] DEBUG o.s.b.f.s.DefaultListableBeanFactory - Creating shared instance of singleton bean 'monitorRegistry'
7943 [localhost-startStop-1] DEBUG o.s.b.f.s.DefaultListableBeanFactory - Creating instance of bean 'monitorRegistry'
7943 [localhost-startStop-1] DEBUG o.s.b.f.s.DefaultListableBeanFactory - Returning cached instance of singleton bean 'org.springframework.cloud.netflix.metrics.servo.ServoMetricsAutoConfiguration'
7954 [localhost-startStop-1] DEBUG o.s.b.f.s.DefaultListableBeanFactory - Creating shared instance of singleton bean 'servoMetricsConfig'
7954 [localhost-startStop-1] DEBUG o.s.b.f.s.DefaultListableBeanFactory - Creating instance of bean 'servoMetricsConfig'
7954 [localhost-startStop-1] DEBUG o.s.b.f.s.DefaultListableBeanFactory - Returning cached instance of singleton bean 'org.springframework.cloud.netflix.metrics.servo.ServoMetricsAutoConfiguration'
7958 [localhost-startStop-1] DEBUG o.s.b.f.s.DefaultListableBeanFactory - Eagerly caching bean 'servoMetricsConfig' to allow for resolving potential circular references
7962 [localhost-startStop-1] DEBUG o.s.core.env.MutablePropertySources - Adding [servletConfigInitParams] PropertySource with lowest search precedence
7962 [localhost-startStop-1] DEBUG o.s.core.env.MutablePropertySources - Adding [servletContextInitParams] PropertySource with lowest search precedence
7962 [localhost-startStop-1] DEBUG o.s.core.env.MutablePropertySources - Adding [systemProperties] PropertySource with lowest search precedence
7962 [localhost-startStop-1] DEBUG o.s.core.env.MutablePropertySources - Adding [systemEnvironment] PropertySource with lowest search precedence
7962 [localhost-startStop-1] DEBUG o.s.core.env.MutablePropertySources - Adding [random] PropertySource with lowest search precedence
7962 [localhost-startStop-1] DEBUG o.s.core.env.MutablePropertySources - Adding [applicationConfig: [classpath:/application.properties]] PropertySource with lowest search precedence
7962 [localhost-startStop-1] DEBUG o.s.core.env.MutablePropertySources - Adding [springCloudClientHostInfo] PropertySource with lowest search precedence
7962 [localhost-startStop-1] DEBUG o.s.core.env.MutablePropertySources - Adding [class path resource [eureka/server.properties]] PropertySource with lowest search precedence
7962 [localhost-startStop-1] DEBUG o.s.core.env.MutablePropertySources - Adding [defaultProperties] PropertySource with lowest search precedence
7962 [localhost-startStop-1] DEBUG o.s.core.env.MutablePropertySources - Adding [localProperties] PropertySource with lowest search precedence
7964 [localhost-startStop-1] DEBUG o.s.b.f.s.DefaultListableBeanFactory - Finished creating instance of bean 'servoMetricsConfig'
7964 [localhost-startStop-1] DEBUG o.s.b.f.s.DefaultListableBeanFactory - Autowiring by type from bean name 'monitorRegistry' via factory method to bean named 'servoMetricsConfig'
7966 [localhost-startStop-1] DEBUG o.s.b.f.s.DefaultListableBeanFactory - Eagerly caching bean 'monitorRegistry' to allow for resolving potential circular references
7972 [localhost-startStop-1] DEBUG o.s.b.f.s.DefaultListableBeanFactory - Finished creating instance of bean 'monitorRegistry'
7972 [localhost-startStop-1] DEBUG o.s.b.f.s.DefaultListableBeanFactory - Autowiring by type from bean name 'servoMetricServices' via factory method to bean named 'monitorRegistry'
7972 [localhost-startStop-1] DEBUG o.s.b.f.s.DefaultListableBeanFactory - Eagerly caching bean 'servoMetricServices' to allow for resolving potential circular references
7976 [localhost-startStop-1] DEBUG o.s.b.f.s.DefaultListableBeanFactory - Finished creating instance of bean 'servoMetricServices'
7978 [localhost-startStop-1] DEBUG o.s.b.f.s.DefaultListableBeanFactory - Returning cached instance of singleton bean 'servoMetricServices'
7979 [localhost-startStop-1] DEBUG o.s.b.f.s.DefaultListableBeanFactory - Creating shared instance of singleton bean 'endpoints.metrics.filter-org.springframework.boot.actuate.autoconfigure.MetricFilterProperties'
7979 [localhost-startStop-1] DEBUG o.s.b.f.s.DefaultListableBeanFactory - Creating instance of bean 'endpoints.metrics.filter-org.springframework.boot.actuate.autoconfigure.MetricFilterProperties'
7980 [localhost-startStop-1] DEBUG o.s.b.f.s.DefaultListableBeanFactory - Eagerly caching bean 'endpoints.metrics.filter-org.springframework.boot.actuate.autoconfigure.MetricFilterProperties' to allow for resolving potential circular references
7982 [localhost-startStop-1] DEBUG o.s.core.env.MutablePropertySources - Adding [servletConfigInitParams] PropertySource with lowest search precedence
7982 [localhost-startStop-1] DEBUG o.s.core.env.MutablePropertySources - Adding [servletContextInitParams] PropertySource with lowest search precedence
7982 [localhost-startStop-1] DEBUG o.s.core.env.MutablePropertySources - Adding [systemProperties] PropertySource with lowest search precedence
7982 [localhost-startStop-1] DEBUG o.s.core.env.MutablePropertySources - Adding [systemEnvironment] PropertySource with lowest search precedence
7982 [localhost-startStop-1] DEBUG o.s.core.env.MutablePropertySources - Adding [random] PropertySource with lowest search precedence
7982 [localhost-startStop-1] DEBUG o.s.core.env.MutablePropertySources - Adding [applicationConfig: [classpath:/application.properties]] PropertySource with lowest search precedence
7982 [localhost-startStop-1] DEBUG o.s.core.env.MutablePropertySources - Adding [springCloudClientHostInfo] PropertySource with lowest search precedence
7982 [localhost-startStop-1] DEBUG o.s.core.env.MutablePropertySources - Adding [class path resource [eureka/server.properties]] PropertySource with lowest search precedence
7982 [localhost-startStop-1] DEBUG o.s.core.env.MutablePropertySources - Adding [defaultProperties] PropertySource with lowest search precedence
7982 [localhost-startStop-1] DEBUG o.s.core.env.MutablePropertySources - Adding [localProperties] PropertySource with lowest search precedence
7984 [localhost-startStop-1] DEBUG o.s.b.f.s.DefaultListableBeanFactory - Finished creating instance of bean 'endpoints.metrics.filter-org.springframework.boot.actuate.autoconfigure.MetricFilterProperties'
7984 [localhost-startStop-1] DEBUG o.s.b.f.s.DefaultListableBeanFactory - Autowiring by type from bean name 'org.springframework.boot.actuate.autoconfigure.MetricFilterAutoConfiguration' via constructor to bean named 'servoMetricServices'
7984 [localhost-startStop-1] DEBUG o.s.b.f.s.DefaultListableBeanFactory - Autowiring by type from bean name 'org.springframework.boot.actuate.autoconfigure.MetricFilterAutoConfiguration' via constructor to bean named 'endpoints.metrics.filter-org.springframework.boot.actuate.autoconfigure.MetricFilterProperties'
7984 [localhost-startStop-1] DEBUG o.s.b.f.s.DefaultListableBeanFactory - Eagerly caching bean 'org.springframework.boot.actuate.autoconfigure.MetricFilterAutoConfiguration' to allow for resolving potential circular references
7989 [localhost-startStop-1] DEBUG o.s.b.f.s.DefaultListableBeanFactory - Finished creating instance of bean 'org.springframework.boot.actuate.autoconfigure.MetricFilterAutoConfiguration'
7994 [localhost-startStop-1] DEBUG o.s.w.c.s.StandardServletEnvironment - Adding [servletConfigInitParams] PropertySource with lowest search precedence
7994 [localhost-startStop-1] DEBUG o.s.w.c.s.StandardServletEnvironment - Adding [servletContextInitParams] PropertySource with lowest search precedence
7994 [localhost-startStop-1] DEBUG o.s.w.c.s.StandardServletEnvironment - Adding [systemProperties] PropertySource with lowest search precedence
7994 [localhost-startStop-1] DEBUG o.s.w.c.s.StandardServletEnvironment - Adding [systemEnvironment] PropertySource with lowest search precedence
7994 [localhost-startStop-1] DEBUG o.s.w.c.s.StandardServletEnvironment - Initialized StandardServletEnvironment with PropertySources [servletConfigInitParams,servletContextInitParams,systemProperties,systemEnvironment]
7994 [localhost-startStop-1] DEBUG o.s.b.f.s.DefaultListableBeanFactory - Eagerly caching bean 'metricsFilter' to allow for resolving potential circular references
8002 [localhost-startStop-1] DEBUG o.s.b.f.s.DefaultListableBeanFactory - Invoking afterPropertiesSet() on bean with name 'metricsFilter'
8002 [localhost-startStop-1] DEBUG o.s.b.f.s.DefaultListableBeanFactory - Finished creating instance of bean 'metricsFilter'
8002 [localhost-startStop-1] DEBUG o.s.b.f.s.DefaultListableBeanFactory - Returning cached instance of singleton bean 'webRequestLoggingFilter'
8002 [localhost-startStop-1] DEBUG o.s.b.f.s.DefaultListableBeanFactory - Creating shared instance of singleton bean 'characterEncodingFilter'
8002 [localhost-startStop-1] DEBUG o.s.b.f.s.DefaultListableBeanFactory - Creating instance of bean 'characterEncodingFilter'
8002 [localhost-startStop-1] DEBUG o.s.b.f.s.DefaultListableBeanFactory - Returning cached instance of singleton bean 'org.springframework.boot.autoconfigure.web.HttpEncodingAutoConfiguration'
8002 [localhost-startStop-1] DEBUG o.s.w.c.s.StandardServletEnvironment - Adding [servletConfigInitParams] PropertySource with lowest search precedence
8002 [localhost-startStop-1] DEBUG o.s.w.c.s.StandardServletEnvironment - Adding [servletContextInitParams] PropertySource with lowest search precedence
8003 [localhost-startStop-1] DEBUG o.s.w.c.s.StandardServletEnvironment - Adding [systemProperties] PropertySource with lowest search precedence
8003 [localhost-startStop-1] DEBUG o.s.w.c.s.StandardServletEnvironment - Adding [systemEnvironment] PropertySource with lowest search precedence
8003 [localhost-startStop-1] DEBUG o.s.w.c.s.StandardServletEnvironment - Initialized StandardServletEnvironment with PropertySources [servletConfigInitParams,servletContextInitParams,systemProperties,systemEnvironment]
8004 [localhost-startStop-1] DEBUG o.s.b.f.s.DefaultListableBeanFactory - Eagerly caching bean 'characterEncodingFilter' to allow for resolving potential circular references
8013 [localhost-startStop-1] DEBUG o.s.b.f.s.DefaultListableBeanFactory - Invoking afterPropertiesSet() on bean with name 'characterEncodingFilter'
8013 [localhost-startStop-1] DEBUG o.s.b.f.s.DefaultListableBeanFactory - Finished creating instance of bean 'characterEncodingFilter'
8013 [localhost-startStop-1] DEBUG o.s.b.w.s.ServletContextInitializerBeans - Created Filter initializer for bean 'metricsFilter'; order=-2147483648, resource=class path resource [org/springframework/boot/actuate/autoconfigure/MetricFilterAutoConfiguration.class]
8014 [localhost-startStop-1] DEBUG o.s.b.w.s.ServletContextInitializerBeans - Created Filter initializer for bean 'characterEncodingFilter'; order=-2147483648, resource=class path resource [org/springframework/boot/autoconfigure/web/HttpEncodingAutoConfiguration.class]
8014 [localhost-startStop-1] DEBUG o.s.b.w.s.ServletContextInitializerBeans - Created Filter initializer for bean 'hiddenHttpMethodFilter'; order=-10000, resource=class path resource [org/springframework/boot/autoconfigure/web/WebMvcAutoConfiguration.class]
8014 [localhost-startStop-1] DEBUG o.s.b.w.s.ServletContextInitializerBeans - Created Filter initializer for bean 'httpPutFormContentFilter'; order=-9900, resource=class path resource [org/springframework/boot/autoconfigure/web/WebMvcAutoConfiguration.class]
8014 [localhost-startStop-1] DEBUG o.s.b.w.s.ServletContextInitializerBeans - Created Filter initializer for bean 'requestContextFilter'; order=-105, resource=class path resource [org/springframework/boot/autoconfigure/web/WebMvcAutoConfiguration$WebMvcAutoConfigurationAdapter.class]
8014 [localhost-startStop-1] DEBUG o.s.b.w.s.ServletContextInitializerBeans - Created Filter initializer for bean 'applicationContextIdFilter'; order=2147483647, resource=class path resource [org/springframework/boot/actuate/autoconfigure/EndpointWebMvcAutoConfiguration$ApplicationContextFilterConfiguration.class]
8027 [localhost-startStop-1] INFO  o.s.b.w.s.FilterRegistrationBean - Mapping filter: 'metricsFilter' to: [/*]
8027 [localhost-startStop-1] INFO  o.s.b.w.s.FilterRegistrationBean - Mapping filter: 'characterEncodingFilter' to: [/*]
8027 [localhost-startStop-1] INFO  o.s.b.w.s.FilterRegistrationBean - Mapping filter: 'hiddenHttpMethodFilter' to: [/*]
8027 [localhost-startStop-1] INFO  o.s.b.w.s.FilterRegistrationBean - Mapping filter: 'httpPutFormContentFilter' to: [/*]
8027 [localhost-startStop-1] INFO  o.s.b.w.s.FilterRegistrationBean - Mapping filter: 'requestContextFilter' to: [/*]
8028 [localhost-startStop-1] INFO  o.s.b.c.e.FilterRegistrationBean - Mapping filter: 'webRequestTraceFilter' to: [/*]
8028 [localhost-startStop-1] INFO  o.s.b.c.e.FilterRegistrationBean - Mapping filter: 'servletContainer' to urls: [/eureka/*]
8028 [localhost-startStop-1] INFO  o.s.b.w.s.FilterRegistrationBean - Mapping filter: 'applicationContextIdFilter' to: [/*]
8028 [localhost-startStop-1] INFO  o.s.b.w.s.ServletRegistrationBean - Mapping servlet: 'dispatcherServlet' to [/]
8055 [localhost-startStop-1] DEBUG o.s.b.w.f.OrderedRequestContextFilter - Initializing filter 'requestContextFilter'
8056 [localhost-startStop-1] DEBUG o.s.b.w.f.OrderedRequestContextFilter - Filter 'requestContextFilter' configured successfully
8057 [localhost-startStop-1] DEBUG o.s.b.a.trace.WebRequestTraceFilter - Initializing filter 'webRequestTraceFilter'
8057 [localhost-startStop-1] DEBUG o.s.b.a.trace.WebRequestTraceFilter - Filter 'webRequestTraceFilter' configured successfully
8057 [localhost-startStop-1] DEBUG o.s.b.w.f.ApplicationContextHeaderFilter - Initializing filter 'applicationContextIdFilter'
8057 [localhost-startStop-1] DEBUG o.s.b.w.f.ApplicationContextHeaderFilter - Filter 'applicationContextIdFilter' configured successfully
8057 [localhost-startStop-1] DEBUG o.s.b.w.f.OrderedHttpPutFormContentFilter - Initializing filter 'httpPutFormContentFilter'
8057 [localhost-startStop-1] DEBUG o.s.b.w.f.OrderedHttpPutFormContentFilter - Filter 'httpPutFormContentFilter' configured successfully
8057 [localhost-startStop-1] DEBUG o.s.b.w.f.OrderedHiddenHttpMethodFilter - Initializing filter 'hiddenHttpMethodFilter'
8057 [localhost-startStop-1] DEBUG o.s.b.w.f.OrderedHiddenHttpMethodFilter - Filter 'hiddenHttpMethodFilter' configured successfully
8058 [localhost-startStop-1] DEBUG o.s.b.w.f.OrderedCharacterEncodingFilter - Initializing filter 'characterEncodingFilter'
8058 [localhost-startStop-1] DEBUG o.s.b.w.f.OrderedCharacterEncodingFilter - Filter 'characterEncodingFilter' configured successfully
8175 [localhost-startStop-1] INFO  c.s.j.s.i.a.WebApplicationImpl - Initiating Jersey application, version 'Jersey: 1.19.1 03/11/2016 02:08 PM'
8345 [localhost-startStop-1] INFO  c.n.d.p.DiscoveryJerseyProvider - Using JSON encoding codec LegacyJacksonJson
8345 [localhost-startStop-1] INFO  c.n.d.p.DiscoveryJerseyProvider - Using JSON decoding codec LegacyJacksonJson
8475 [localhost-startStop-1] INFO  c.n.d.p.DiscoveryJerseyProvider - Using XML encoding codec XStreamXml
8475 [localhost-startStop-1] INFO  c.n.d.p.DiscoveryJerseyProvider - Using XML decoding codec XStreamXml
9242 [localhost-startStop-1] DEBUG o.s.b.a.autoconfigure.MetricsFilter - Initializing filter 'metricsFilter'
9242 [localhost-startStop-1] DEBUG o.s.b.a.autoconfigure.MetricsFilter - Filter 'metricsFilter' configured successfully
9255 [main] DEBUG o.s.w.c.s.StandardServletEnvironment - Replacing [servletContextInitParams] PropertySource with [servletContextInitParams]
9258 [main] DEBUG o.s.b.f.s.DefaultListableBeanFactory - Pre-instantiating singletons in org.springframework.beans.factory.support.DefaultListableBeanFactory@56c698e3: defining beans [org.springframework.context.annotation.internalConfigurationAnnotationProcessor,org.springframework.context.annotation.internalAutowiredAnnotationProcessor,org.springframework.context.annotation.internalRequiredAnnotationProcessor,org.springframework.context.annotation.internalCommonAnnotationProcessor,org.springframework.context.event.internalEventListenerProcessor,org.springframework.context.event.internalEventListenerFactory,application,org.springframework.boot.autoconfigure.internalCachingMetadataReaderFactory,org.springframework.cloud.netflix.eureka.server.EurekaServerConfiguration$EurekaServerConfigBeanConfiguration,org.springframework.boot.autoconfigure.condition.BeanTypeRegistry,eurekaServerConfig,org.springframework.cloud.netflix.eureka.server.EurekaServerInitializerConfiguration,org.springframework.cloud.netflix.eureka.server.EurekaServerConfiguration,eurekaServerFeature,eurekaController,serverCodecs,peerAwareInstanceRegistry,peerEurekaNodes,eurekaServerContext,eurekaServerBootstrap,jerseyFilterRegistration,jerseyApplication,traceFilterRegistration,eureka.dashboard-org.springframework.cloud.netflix.eureka.server.EurekaDashboardProperties,org.springframework.boot.context.properties.ConfigurationPropertiesBindingPostProcessor,org.springframework.boot.context.properties.ConfigurationPropertiesBindingPostProcessor.store,org.springframework.boot.autoconfigure.AutoConfigurationPackages,org.springframework.cloud.netflix.eureka.EurekaDiscoveryClientConfiguration$EurekaHealthIndicatorConfiguration,eurekaHealthIndicator,org.springframework.cloud.netflix.eureka.EurekaDiscoveryClientConfiguration$EurekaClientConfigurationRefresher,org.springframework.cloud.netflix.eureka.EurekaDiscoveryClientConfiguration,org.springframework.boot.autoconfigure.PropertyPlaceholderAutoConfiguration,propertySourcesPlaceholderConfigurer,org.springframework.boot.autoconfigure.jackson.JacksonAutoConfiguration$Jackson2ObjectMapperBuilderCustomizerConfiguration,standardJacksonObjectMapperBuilderCustomizer,spring.jackson-org.springframework.boot.autoconfigure.jackson.JacksonProperties,org.springframework.boot.autoconfigure.jackson.JacksonAutoConfiguration$JacksonObjectMapperBuilderConfiguration,jacksonObjectMapperBuilder,org.springframework.boot.autoconfigure.jackson.JacksonAutoConfiguration$JacksonObjectMapperConfiguration,jacksonObjectMapper,org.springframework.boot.autoconfigure.jackson.JacksonAutoConfiguration,jsonComponentModule,org.springframework.boot.autoconfigure.websocket.WebSocketAutoConfiguration$TomcatWebSocketConfiguration,websocketContainerCustomizer,org.springframework.boot.autoconfigure.websocket.WebSocketAutoConfiguration,org.springframework.boot.autoconfigure.web.EmbeddedServletContainerAutoConfiguration$EmbeddedTomcat,tomcatEmbeddedServletContainerFactory,org.springframework.boot.autoconfigure.web.EmbeddedServletContainerAutoConfiguration,embeddedServletContainerCustomizerBeanPostProcessor,errorPageRegistrarBeanPostProcessor,org.springframework.boot.autoconfigure.web.DispatcherServletAutoConfiguration$DispatcherServletConfiguration,dispatcherServlet,spring.mvc-org.springframework.boot.autoconfigure.web.WebMvcProperties,org.springframework.boot.autoconfigure.web.DispatcherServletAutoConfiguration$DispatcherServletRegistrationConfiguration,dispatcherServletRegistration,org.springframework.boot.autoconfigure.web.DispatcherServletAutoConfiguration,org.springframework.boot.autoconfigure.web.ErrorMvcAutoConfiguration$WhitelabelErrorViewConfiguration,error,beanNameViewResolver,org.springframework.boot.autoconfigure.web.ErrorMvcAutoConfiguration,errorAttributes,basicErrorController,errorPageCustomizer,conventionErrorViewResolver,preserveErrorControllerTargetClassPostProcessor,spring.resources-org.springframework.boot.autoconfigure.web.ResourceProperties,org.springframework.boot.autoconfigure.web.WebMvcAutoConfiguration$EnableWebMvcConfiguration,requestMappingHandlerAdapter,requestMappingHandlerMapping,mvcPathMatcher,mvcUrlPathHelper,mvcContentNegotiationManager,viewControllerHandlerMapping,beanNameHandlerMapping,resourceHandlerMapping,mvcResourceUrlProvider,defaultServletHandlerMapping,mvcConversionService,mvcValidator,mvcUriComponentsContributor,httpRequestHandlerAdapter,simpleControllerHandlerAdapter,handlerExceptionResolver,mvcViewResolver,org.springframework.boot.autoconfigure.web.WebMvcAutoConfiguration$WebMvcAutoConfigurationAdapter$FaviconConfiguration,faviconHandlerMapping,faviconRequestHandler,org.springframework.boot.autoconfigure.web.WebMvcAutoConfiguration$WebMvcAutoConfigurationAdapter,defaultViewResolver,viewResolver,welcomePageHandlerMapping,requestContextFilter,org.springframework.boot.autoconfigure.web.WebMvcAutoConfiguration,hiddenHttpMethodFilter,httpPutFormContentFilter,org.springframework.cloud.autoconfigure.RefreshAutoConfiguration,refreshScope,loggingRebinder,environmentManager,contextRefresher,org.springframework.cloud.netflix.eureka.EurekaClientAutoConfiguration$RefreshableEurekaClientConfiguration,scopedTarget.eurekaClient,eurekaClient,scopedTarget.eurekaApplicationInfoManager,eurekaApplicationInfoManager,org.springframework.cloud.netflix.eureka.EurekaClientAutoConfiguration,eurekaFeature,eurekaClientConfigBean,eurekaInstanceConfigBean,discoveryClient,discoveryClientOptionalArgs,org.springframework.cloud.client.CommonsClientAutoConfiguration$ActuatorConfiguration,featuresEndpoint,org.springframework.cloud.client.CommonsClientAutoConfiguration,discoveryClientHealthIndicator,discoveryCompositeHealthIndicator,commonsFeatures,org.springframework.cloud.commons.util.UtilAutoConfiguration,inetUtilsProperties,inetUtils,org.springframework.boot.actuate.autoconfigure.AuditAutoConfiguration$AuditEventRepositoryConfiguration,auditEventRepository,org.springframework.boot.actuate.autoconfigure.AuditAutoConfiguration,auditListener,org.springframework.boot.autoconfigure.info.ProjectInfoAutoConfiguration,spring.info-org.springframework.boot.autoconfigure.info.ProjectInfoProperties,org.springframework.boot.actuate.autoconfigure.InfoContributorAutoConfiguration,envInfoContributor,management.info-org.springframework.boot.actuate.autoconfigure.InfoContributorProperties,org.springframework.boot.actuate.autoconfigure.HealthIndicatorAutoConfiguration$DiskSpaceHealthIndicatorConfiguration,diskSpaceHealthIndicator,diskSpaceHealthIndicatorProperties,org.springframework.boot.actuate.autoconfigure.HealthIndicatorAutoConfiguration,healthAggregator,management.health.status-org.springframework.boot.actuate.autoconfigure.HealthIndicatorProperties,org.springframework.cloud.netflix.metrics.MetricsInterceptorConfiguration$MetricsWebResourceConfiguration,servoMonitoringWebResourceInterceptor,org.springframework.cloud.netflix.metrics.MetricsInterceptorConfiguration,org.springframework.cloud.netflix.metrics.servo.ServoMetricsAutoConfiguration,servoMetricsConfig,servoMetricNaming,monitorRegistry,monitorCache,servoMetricReader,servoPublicMetrics,servoMetricServices,defaultMetricsTagProvider,org.springframework.boot.actuate.autoconfigure.MetricRepositoryAutoConfiguration,org.springframework.boot.autoconfigure.jmx.JmxAutoConfiguration,mbeanExporter,objectNamingStrategy,mbeanServer,org.springframework.boot.actuate.autoconfigure.PublicMetricsAutoConfiguration$TomcatMetricsConfiguration,tomcatPublicMetrics,org.springframework.boot.actuate.autoconfigure.PublicMetricsAutoConfiguration,systemPublicMetrics,metricReaderPublicMetrics,org.springframework.boot.actuate.autoconfigure.EndpointAutoConfiguration$RequestMappingEndpointConfiguration,requestMappingEndpoint,org.springframework.boot.actuate.autoconfigure.EndpointAutoConfiguration,environmentEndpoint,healthEndpoint,beansEndpoint,infoEndpoint,metricsEndpoint,traceEndpoint,dumpEndpoint,autoConfigurationReportEndpoint,shutdownEndpoint,configurationPropertiesReportEndpoint,endpoints-org.springframework.boot.actuate.endpoint.EndpointProperties,org.springframework.boot.actuate.autoconfigure.EndpointMBeanExportAutoConfiguration,endpointMBeanExporter,endpoints.jmx-org.springframework.boot.actuate.autoconfigure.EndpointMBeanExportProperties,org.springframework.boot.autoconfigure.web.ServerPropertiesAutoConfiguration,serverProperties,duplicateServerPropertiesDetector,org.springframework.boot.actuate.autoconfigure.ManagementServerPropertiesAutoConfiguration,managementServerProperties,org.springframework.boot.autoconfigure.web.HttpMessageConvertersAutoConfiguration$StringHttpMessageConverterConfiguration,stringHttpMessageConverter,spring.http.encoding-org.springframework.boot.autoconfigure.web.HttpEncodingProperties,org.springframework.boot.autoconfigure.web.JacksonHttpMessageConvertersConfiguration$MappingJackson2XmlHttpMessageConverterConfiguration,mappingJackson2XmlHttpMessageConverter,org.springframework.boot.autoconfigure.web.JacksonHttpMessageConvertersConfiguration$MappingJackson2HttpMessageConverterConfiguration,mappingJackson2HttpMessageConverter,org.springframework.boot.autoconfigure.web.JacksonHttpMessageConvertersConfiguration,org.springframework.boot.autoconfigure.web.HttpMessageConvertersAutoConfiguration,messageConverters,org.springframework.boot.actuate.autoconfigure.EndpointWebMvcManagementContextConfiguration,endpointHandlerMapping,mvcEndpoints,environmentMvcEndpoint,heapdumpMvcEndpoint,healthMvcEndpoint,metricsMvcEndpoint,endpoints.health-org.springframework.boot.actuate.autoconfigure.HealthMvcEndpointProperties,endpoints.cors-org.springframework.boot.actuate.autoconfigure.EndpointCorsProperties,org.springframework.boot.actuate.autoconfigure.EndpointWebMvcAutoConfiguration$EndpointWebMvcConfiguration,org.springframework.boot.actuate.autoconfigure.EndpointWebMvcAutoConfiguration$ApplicationContextFilterConfiguration,applicationContextIdFilter,org.springframework.boot.actuate.autoconfigure.EndpointWebMvcAutoConfiguration,managementContextResolver,managementServletContext,org.springframework.boot.actuate.autoconfigure.MetricExportAutoConfiguration$MetricExportPropertiesConfiguration,spring.metrics.export-org.springframework.boot.actuate.metrics.export.MetricExportProperties,org.springframework.boot.actuate.autoconfigure.MetricExportAutoConfiguration$StatsdConfiguration,org.springframework.scheduling.annotation.SchedulingConfiguration,org.springframework.context.annotation.internalScheduledAnnotationProcessor,org.springframework.boot.actuate.autoconfigure.MetricExportAutoConfiguration,metricWritersMetricExporter,org.springframework.boot.actuate.autoconfigure.MetricFilterAutoConfiguration,metricsFilter,endpoints.metrics.filter-org.springframework.boot.actuate.autoconfigure.MetricFilterProperties,org.springframework.boot.actuate.autoconfigure.TraceRepositoryAutoConfiguration,traceRepository,org.springframework.boot.actuate.autoconfigure.TraceWebFilterAutoConfiguration,webRequestLoggingFilter,management.trace-org.springframework.boot.actuate.trace.TraceProperties,org.springframework.boot.autoconfigure.context.ConfigurationPropertiesAutoConfiguration,org.springframework.boot.autoconfigure.freemarker.FreeMarkerAutoConfiguration$FreeMarkerWebConfiguration,freeMarkerConfigurer,freeMarkerConfiguration,freeMarkerViewResolver,org.springframework.boot.autoconfigure.freemarker.FreeMarkerAutoConfiguration,spring.freemarker-org.springframework.boot.autoconfigure.freemarker.FreeMarkerProperties,org.springframework.boot.autoconfigure.web.HttpEncodingAutoConfiguration,characterEncodingFilter,localeCharsetMappingsCustomizer,org.springframework.boot.autoconfigure.web.MultipartAutoConfiguration,multipartConfigElement,multipartResolver,spring.http.multipart-org.springframework.boot.autoconfigure.web.MultipartProperties,org.springframework.boot.autoconfigure.web.WebClientAutoConfiguration$RestTemplateConfiguration,restTemplateBuilder,org.springframework.boot.autoconfigure.web.WebClientAutoConfiguration,org.springframework.cloud.autoconfigure.ConfigurationPropertiesRebinderAutoConfiguration,configurationPropertiesBeans,configurationPropertiesRebinder,org.springframework.cloud.autoconfigure.RefreshEndpointAutoConfiguration$RefreshEndpointConfiguration,refreshEndpoint,refreshEventListener,org.springframework.cloud.autoconfigure.RefreshEndpointAutoConfiguration$RestartEndpointWithoutIntegration,restartEndpoint,org.springframework.cloud.autoconfigure.RefreshEndpointAutoConfiguration,refreshScopeHealthIndicator,pauseEndpoint,resumeEndpoint,org.springframework.cloud.autoconfigure.LifecycleMvcEndpointAutoConfiguration,environmentManagerEndpoint,refreshMvcEndpoint,restartMvcEndpoint,pauseMvcEndpoint,resumeMvcEndpoint,org.springframework.cloud.netflix.ribbon.RibbonAutoConfiguration,ribbonFeature,springClientFactory,loadBalancerClient,default.org.springframework.cloud.netflix.ribbon.RibbonAutoConfiguration.RibbonClientSpecification,org.springframework.cloud.client.loadbalancer.LoadBalancerAutoConfiguration,loadBalancedRestTemplateInitializer,restTemplateCustomizer,ribbonInterceptor,org.springframework.cloud.netflix.archaius.ArchaiusAutoConfiguration$PropagateEventsConfiguration,org.springframework.cloud.netflix.archaius.ArchaiusAutoConfiguration$ArchaiusEndpointConfiguration,archaiusEndpoint,org.springframework.cloud.netflix.archaius.ArchaiusAutoConfiguration,configurableEnvironmentConfiguration,org.springframework.cloud.netflix.hystrix.HystrixAutoConfiguration,hystrixHealthIndicator,org.springframework.cloud.netflix.ribbon.eureka.RibbonEurekaAutoConfiguration,default.org.springframework.cloud.netflix.ribbon.eureka.RibbonEurekaAutoConfiguration.RibbonClientSpecification,org.springframework.cloud.netflix.rx.RxJavaAutoConfiguration$RxJavaReturnValueHandlerConfig,singleReturnValueHandler,observableMVCConfiguration,rxFeature,org.springframework.cloud.netflix.rx.RxJavaAutoConfiguration]; parent: org.springframework.beans.factory.support.DefaultListableBeanFactory@58cbafc2
9258 [main] DEBUG o.s.b.f.s.DefaultListableBeanFactory - Returning cached instance of singleton bean 'org.springframework.context.annotation.internalConfigurationAnnotationProcessor'
9258 [main] DEBUG o.s.b.f.s.DefaultListableBeanFactory - Returning cached instance of singleton bean 'org.springframework.context.annotation.internalAutowiredAnnotationProcessor'
9258 [main] DEBUG o.s.b.f.s.DefaultListableBeanFactory - Returning cached instance of singleton bean 'org.springframework.context.annotation.internalRequiredAnnotationProcessor'
9258 [main] DEBUG o.s.b.f.s.DefaultListableBeanFactory - Returning cached instance of singleton bean 'org.springframework.context.annotation.internalCommonAnnotationProcessor'
9259 [main] DEBUG o.s.b.f.s.DefaultListableBeanFactory - Creating shared instance of singleton bean 'org.springframework.context.event.internalEventListenerProcessor'
9259 [main] DEBUG o.s.b.f.s.DefaultListableBeanFactory - Creating instance of bean 'org.springframework.context.event.internalEventListenerProcessor'
9260 [main] DEBUG o.s.b.f.s.DefaultListableBeanFactory - Eagerly caching bean 'org.springframework.context.event.internalEventListenerProcessor' to allow for resolving potential circular references
9263 [main] DEBUG o.s.b.f.s.DefaultListableBeanFactory - Finished creating instance of bean 'org.springframework.context.event.internalEventListenerProcessor'
9263 [main] DEBUG o.s.b.f.s.DefaultListableBeanFactory - Creating shared instance of singleton bean 'org.springframework.context.event.internalEventListenerFactory'
9263 [main] DEBUG o.s.b.f.s.DefaultListableBeanFactory - Creating instance of bean 'org.springframework.context.event.internalEventListenerFactory'
9263 [main] DEBUG o.s.b.f.s.DefaultListableBeanFactory - Eagerly caching bean 'org.springframework.context.event.internalEventListenerFactory' to allow for resolving potential circular references
9266 [main] DEBUG o.s.b.f.s.DefaultListableBeanFactory - Finished creating instance of bean 'org.springframework.context.event.internalEventListenerFactory'
9266 [main] DEBUG o.s.b.f.s.DefaultListableBeanFactory - Creating shared instance of singleton bean 'application'
9266 [main] DEBUG o.s.b.f.s.DefaultListableBeanFactory - Creating instance of bean 'application'
9266 [main] DEBUG o.s.b.f.s.DefaultListableBeanFactory - Eagerly caching bean 'application' to allow for resolving potential circular references
9270 [main] DEBUG o.s.b.f.s.DefaultListableBeanFactory - Finished creating instance of bean 'application'
9270 [main] DEBUG o.s.b.f.s.DefaultListableBeanFactory - Returning cached instance of singleton bean 'org.springframework.boot.autoconfigure.internalCachingMetadataReaderFactory'
9270 [main] DEBUG o.s.b.f.s.DefaultListableBeanFactory - Returning cached instance of singleton bean 'org.springframework.cloud.netflix.eureka.server.EurekaServerConfiguration$EurekaServerConfigBeanConfiguration'
9270 [main] DEBUG o.s.b.f.s.DefaultListableBeanFactory - Returning cached instance of singleton bean 'org.springframework.boot.autoconfigure.condition.BeanTypeRegistry'
9270 [main] DEBUG o.s.b.f.s.DefaultListableBeanFactory - Returning cached instance of singleton bean 'eurekaServerConfig'
9270 [main] DEBUG o.s.b.f.s.DefaultListableBeanFactory - Creating shared instance of singleton bean 'org.springframework.cloud.netflix.eureka.server.EurekaServerInitializerConfiguration'
9270 [main] DEBUG o.s.b.f.s.DefaultListableBeanFactory - Creating instance of bean 'org.springframework.cloud.netflix.eureka.server.EurekaServerInitializerConfiguration'
9271 [main] DEBUG o.s.b.f.a.InjectionMetadata - Registered injected element on class [org.springframework.cloud.netflix.eureka.server.EurekaServerInitializerConfiguration$$EnhancerBySpringCGLIB$$a1eabb11]: AutowiredFieldElement for private com.netflix.eureka.EurekaServerConfig org.springframework.cloud.netflix.eureka.server.EurekaServerInitializerConfiguration.eurekaServerConfig
9271 [main] DEBUG o.s.b.f.a.InjectionMetadata - Registered injected element on class [org.springframework.cloud.netflix.eureka.server.EurekaServerInitializerConfiguration$$EnhancerBySpringCGLIB$$a1eabb11]: AutowiredFieldElement for private org.springframework.context.ApplicationContext org.springframework.cloud.netflix.eureka.server.EurekaServerInitializerConfiguration.applicationContext
9271 [main] DEBUG o.s.b.f.a.InjectionMetadata - Registered injected element on class [org.springframework.cloud.netflix.eureka.server.EurekaServerInitializerConfiguration$$EnhancerBySpringCGLIB$$a1eabb11]: AutowiredFieldElement for private org.springframework.cloud.netflix.eureka.server.EurekaServerBootstrap org.springframework.cloud.netflix.eureka.server.EurekaServerInitializerConfiguration.eurekaServerBootstrap
9271 [main] DEBUG o.s.b.f.s.DefaultListableBeanFactory - Eagerly caching bean 'org.springframework.cloud.netflix.eureka.server.EurekaServerInitializerConfiguration' to allow for resolving potential circular references
9275 [main] DEBUG o.s.b.f.a.InjectionMetadata - Processing injected element of bean 'org.springframework.cloud.netflix.eureka.server.EurekaServerInitializerConfiguration': AutowiredFieldElement for private com.netflix.eureka.EurekaServerConfig org.springframework.cloud.netflix.eureka.server.EurekaServerInitializerConfiguration.eurekaServerConfig
9277 [main] DEBUG o.s.b.f.s.DefaultListableBeanFactory - Returning cached instance of singleton bean 'eurekaServerConfig'
9277 [main] DEBUG o.s.b.f.a.AutowiredAnnotationBeanPostProcessor - Autowiring by type from bean name 'org.springframework.cloud.netflix.eureka.server.EurekaServerInitializerConfiguration' to bean named 'eurekaServerConfig'
9277 [main] DEBUG o.s.b.f.a.InjectionMetadata - Processing injected element of bean 'org.springframework.cloud.netflix.eureka.server.EurekaServerInitializerConfiguration': AutowiredFieldElement for private org.springframework.context.ApplicationContext org.springframework.cloud.netflix.eureka.server.EurekaServerInitializerConfiguration.applicationContext
9279 [main] DEBUG o.s.b.f.a.AutowiredAnnotationBeanPostProcessor - Autowiring by type from bean name 'org.springframework.cloud.netflix.eureka.server.EurekaServerInitializerConfiguration' to bean named 'org.springframework.boot.context.embedded.AnnotationConfigEmbeddedWebApplicationContext@555cf22'
9280 [main] DEBUG o.s.b.f.a.InjectionMetadata - Processing injected element of bean 'org.springframework.cloud.netflix.eureka.server.EurekaServerInitializerConfiguration': AutowiredFieldElement for private org.springframework.cloud.netflix.eureka.server.EurekaServerBootstrap org.springframework.cloud.netflix.eureka.server.EurekaServerInitializerConfiguration.eurekaServerBootstrap
9281 [main] DEBUG o.s.b.f.s.DefaultListableBeanFactory - Creating shared instance of singleton bean 'eurekaServerBootstrap'
9281 [main] DEBUG o.s.b.f.s.DefaultListableBeanFactory - Creating instance of bean 'eurekaServerBootstrap'
9282 [main] DEBUG o.s.b.f.s.DefaultListableBeanFactory - Returning cached instance of singleton bean 'org.springframework.cloud.netflix.eureka.server.EurekaServerConfiguration'
9283 [main] DEBUG o.s.b.f.s.DefaultListableBeanFactory - Creating shared instance of singleton bean 'peerAwareInstanceRegistry'
9283 [main] DEBUG o.s.b.f.s.DefaultListableBeanFactory - Creating instance of bean 'peerAwareInstanceRegistry'
9283 [main] DEBUG o.s.b.f.s.DefaultListableBeanFactory - Returning cached instance of singleton bean 'org.springframework.cloud.netflix.eureka.server.EurekaServerConfiguration'
9284 [main] DEBUG o.s.b.f.s.DefaultListableBeanFactory - Creating shared instance of singleton bean 'serverCodecs'
9284 [main] DEBUG o.s.b.f.s.DefaultListableBeanFactory - Creating instance of bean 'serverCodecs'
9284 [main] DEBUG o.s.b.f.s.DefaultListableBeanFactory - Returning cached instance of singleton bean 'org.springframework.cloud.netflix.eureka.server.EurekaServerConfiguration'
9305 [main] DEBUG o.s.b.f.s.DefaultListableBeanFactory - Eagerly caching bean 'serverCodecs' to allow for resolving potential circular references
9308 [main] DEBUG o.s.b.f.s.DefaultListableBeanFactory - Finished creating instance of bean 'serverCodecs'
9308 [main] DEBUG o.s.b.f.s.DefaultListableBeanFactory - Autowiring by type from bean name 'peerAwareInstanceRegistry' via factory method to bean named 'serverCodecs'
9309 [main] DEBUG o.s.b.f.s.DefaultListableBeanFactory - Creating instance of bean 'scopedTarget.eurekaClient'
9309 [main] DEBUG o.s.b.f.s.DefaultListableBeanFactory - Creating shared instance of singleton bean 'org.springframework.cloud.netflix.eureka.EurekaClientAutoConfiguration$RefreshableEurekaClientConfiguration'
9309 [main] DEBUG o.s.b.f.s.DefaultListableBeanFactory - Creating instance of bean 'org.springframework.cloud.netflix.eureka.EurekaClientAutoConfiguration$RefreshableEurekaClientConfiguration'
9310 [main] DEBUG o.s.b.f.a.InjectionMetadata - Registered injected element on class [org.springframework.cloud.netflix.eureka.EurekaClientAutoConfiguration$RefreshableEurekaClientConfiguration$$EnhancerBySpringCGLIB$$37b89666]: AutowiredFieldElement for private org.springframework.context.ApplicationContext org.springframework.cloud.netflix.eureka.EurekaClientAutoConfiguration$RefreshableEurekaClientConfiguration.context
9310 [main] DEBUG o.s.b.f.a.InjectionMetadata - Registered injected element on class [org.springframework.cloud.netflix.eureka.EurekaClientAutoConfiguration$RefreshableEurekaClientConfiguration$$EnhancerBySpringCGLIB$$37b89666]: AutowiredFieldElement for private com.netflix.discovery.DiscoveryClient$DiscoveryClientOptionalArgs org.springframework.cloud.netflix.eureka.EurekaClientAutoConfiguration$RefreshableEurekaClientConfiguration.optionalArgs
9310 [main] DEBUG o.s.b.f.s.DefaultListableBeanFactory - Eagerly caching bean 'org.springframework.cloud.netflix.eureka.EurekaClientAutoConfiguration$RefreshableEurekaClientConfiguration' to allow for resolving potential circular references
9312 [main] DEBUG o.s.b.f.a.InjectionMetadata - Processing injected element of bean 'org.springframework.cloud.netflix.eureka.EurekaClientAutoConfiguration$RefreshableEurekaClientConfiguration': AutowiredFieldElement for private org.springframework.context.ApplicationContext org.springframework.cloud.netflix.eureka.EurekaClientAutoConfiguration$RefreshableEurekaClientConfiguration.context
9313 [main] DEBUG o.s.b.f.a.AutowiredAnnotationBeanPostProcessor - Autowiring by type from bean name 'org.springframework.cloud.netflix.eureka.EurekaClientAutoConfiguration$RefreshableEurekaClientConfiguration' to bean named 'org.springframework.boot.context.embedded.AnnotationConfigEmbeddedWebApplicationContext@555cf22'
9313 [main] DEBUG o.s.b.f.a.InjectionMetadata - Processing injected element of bean 'org.springframework.cloud.netflix.eureka.EurekaClientAutoConfiguration$RefreshableEurekaClientConfiguration': AutowiredFieldElement for private com.netflix.discovery.DiscoveryClient$DiscoveryClientOptionalArgs org.springframework.cloud.netflix.eureka.EurekaClientAutoConfiguration$RefreshableEurekaClientConfiguration.optionalArgs
9314 [main] DEBUG o.s.b.f.s.DefaultListableBeanFactory - Creating shared instance of singleton bean 'discoveryClientOptionalArgs'
9314 [main] DEBUG o.s.b.f.s.DefaultListableBeanFactory - Creating instance of bean 'discoveryClientOptionalArgs'
9314 [main] DEBUG o.s.b.f.s.DefaultListableBeanFactory - Returning cached instance of singleton bean 'org.springframework.cloud.netflix.eureka.EurekaClientAutoConfiguration'
9316 [main] DEBUG o.s.b.f.s.DefaultListableBeanFactory - Eagerly caching bean 'discoveryClientOptionalArgs' to allow for resolving potential circular references
9320 [main] DEBUG o.s.b.f.s.DefaultListableBeanFactory - Finished creating instance of bean 'discoveryClientOptionalArgs'
9320 [main] DEBUG o.s.b.f.a.AutowiredAnnotationBeanPostProcessor - Autowiring by type from bean name 'org.springframework.cloud.netflix.eureka.EurekaClientAutoConfiguration$RefreshableEurekaClientConfiguration' to bean named 'discoveryClientOptionalArgs'
9321 [main] DEBUG o.s.b.f.s.DefaultListableBeanFactory - Finished creating instance of bean 'org.springframework.cloud.netflix.eureka.EurekaClientAutoConfiguration$RefreshableEurekaClientConfiguration'
9323 [main] DEBUG o.s.b.f.s.DefaultListableBeanFactory - Returning cached instance of singleton bean 'eurekaApplicationInfoManager'
9324 [main] DEBUG o.s.b.f.s.DefaultListableBeanFactory - Returning cached instance of singleton bean 'eurekaClientConfigBean'
9325 [main] DEBUG o.s.b.f.s.DefaultListableBeanFactory - Creating shared instance of singleton bean 'eurekaInstanceConfigBean'
9325 [main] DEBUG o.s.b.f.s.DefaultListableBeanFactory - Creating instance of bean 'eurekaInstanceConfigBean'
9325 [main] DEBUG o.s.b.f.s.DefaultListableBeanFactory - Returning cached instance of singleton bean 'org.springframework.cloud.netflix.eureka.EurekaClientAutoConfiguration'
9327 [main] DEBUG o.s.b.f.s.DefaultListableBeanFactory - Creating shared instance of singleton bean 'inetUtils'
9327 [main] DEBUG o.s.b.f.s.DefaultListableBeanFactory - Creating instance of bean 'inetUtils'
9327 [main] DEBUG o.s.b.f.s.DefaultListableBeanFactory - Creating shared instance of singleton bean 'org.springframework.cloud.commons.util.UtilAutoConfiguration'
9327 [main] DEBUG o.s.b.f.s.DefaultListableBeanFactory - Creating instance of bean 'org.springframework.cloud.commons.util.UtilAutoConfiguration'
9328 [main] DEBUG o.s.b.f.s.DefaultListableBeanFactory - Eagerly caching bean 'org.springframework.cloud.commons.util.UtilAutoConfiguration' to allow for resolving potential circular references
9331 [main] DEBUG o.s.b.f.s.DefaultListableBeanFactory - Finished creating instance of bean 'org.springframework.cloud.commons.util.UtilAutoConfiguration'
9333 [main] DEBUG o.s.b.f.s.DefaultListableBeanFactory - Creating shared instance of singleton bean 'inetUtilsProperties'
9333 [main] DEBUG o.s.b.f.s.DefaultListableBeanFactory - Creating instance of bean 'inetUtilsProperties'
9333 [main] DEBUG o.s.b.f.s.DefaultListableBeanFactory - Returning cached instance of singleton bean 'org.springframework.cloud.commons.util.UtilAutoConfiguration'
9337 [main] DEBUG o.s.b.f.a.InjectionMetadata - Registered injected element on class [org.springframework.cloud.commons.util.InetUtilsProperties]: AutowiredFieldElement for private int org.springframework.cloud.commons.util.InetUtilsProperties.timeoutSeconds
9337 [main] DEBUG o.s.b.f.s.DefaultListableBeanFactory - Eagerly caching bean 'inetUtilsProperties' to allow for resolving potential circular references
9338 [main] DEBUG o.s.b.f.a.InjectionMetadata - Processing injected element of bean 'inetUtilsProperties': AutowiredFieldElement for private int org.springframework.cloud.commons.util.InetUtilsProperties.timeoutSeconds
9338 [main] DEBUG o.s.c.e.PropertySourcesPropertyResolver - Could not find key 'SPRING_UTIL_TIMEOUT_SEC:1' in any property source
9338 [main] DEBUG o.s.c.e.PropertySourcesPropertyResolver - Could not find key 'SPRING_UTIL_TIMEOUT_SEC:1' in any property source
9338 [main] DEBUG o.s.c.e.PropertySourcesPropertyResolver - Could not find key 'SPRING_UTIL_TIMEOUT_SEC' in any property source
9339 [main] DEBUG o.s.c.e.PropertySourcesPropertyResolver - Could not find key 'SPRING_UTIL_TIMEOUT_SEC' in any property source
9339 [main] DEBUG o.s.c.e.PropertySourcesPropertyResolver - Could not find key 'spring.util.timeout.sec:1' in any property source
9339 [main] DEBUG o.s.c.e.PropertySourcesPropertyResolver - Could not find key 'spring.util.timeout.sec:1' in any property source
9339 [main] DEBUG o.s.c.e.PropertySourcesPropertyResolver - Could not find key 'spring.util.timeout.sec' in any property source
9339 [main] DEBUG o.s.c.e.PropertySourcesPropertyResolver - Could not find key 'spring.util.timeout.sec' in any property source
9340 [main] DEBUG o.s.core.env.MutablePropertySources - Adding [servletConfigInitParams] PropertySource with lowest search precedence
9340 [main] DEBUG o.s.core.env.MutablePropertySources - Adding [servletContextInitParams] PropertySource with lowest search precedence
9340 [main] DEBUG o.s.core.env.MutablePropertySources - Adding [systemProperties] PropertySource with lowest search precedence
9340 [main] DEBUG o.s.core.env.MutablePropertySources - Adding [systemEnvironment] PropertySource with lowest search precedence
9340 [main] DEBUG o.s.core.env.MutablePropertySources - Adding [random] PropertySource with lowest search precedence
9340 [main] DEBUG o.s.core.env.MutablePropertySources - Adding [applicationConfig: [classpath:/application.properties]] PropertySource with lowest search precedence
9340 [main] DEBUG o.s.core.env.MutablePropertySources - Adding [springCloudClientHostInfo] PropertySource with lowest search precedence
9340 [main] DEBUG o.s.core.env.MutablePropertySources - Adding [class path resource [eureka/server.properties]] PropertySource with lowest search precedence
9340 [main] DEBUG o.s.core.env.MutablePropertySources - Adding [defaultProperties] PropertySource with lowest search precedence
9340 [main] DEBUG o.s.core.env.MutablePropertySources - Adding [localProperties] PropertySource with lowest search precedence
9348 [main] DEBUG o.s.b.f.s.DefaultListableBeanFactory - Finished creating instance of bean 'inetUtilsProperties'
9348 [main] DEBUG o.s.b.f.s.DefaultListableBeanFactory - Autowiring by type from bean name 'inetUtils' via factory method to bean named 'inetUtilsProperties'
9348 [main] DEBUG o.s.b.f.s.DefaultListableBeanFactory - Eagerly caching bean 'inetUtils' to allow for resolving potential circular references
9351 [main] DEBUG o.s.b.f.s.DefaultListableBeanFactory - Finished creating instance of bean 'inetUtils'
9351 [main] DEBUG o.s.b.f.s.DefaultListableBeanFactory - Autowiring by type from bean name 'eurekaInstanceConfigBean' via factory method to bean named 'inetUtils'
10496 [main] DEBUG o.s.c.e.PropertySourcesPropertyResolver - Found key 'spring.cloud.client.hostname' in [springCloudClientHostInfo] with type [String]
10496 [main] DEBUG o.s.c.e.PropertySourcesPropertyResolver - Found key 'server.port' in [applicationConfig: [classpath:/application.properties]] with type [String]
10497 [main] DEBUG o.s.b.f.a.InjectionMetadata - Registered injected element on class [org.springframework.cloud.netflix.eureka.EurekaInstanceConfigBean]: AutowiredFieldElement for private java.lang.String org.springframework.cloud.netflix.eureka.EurekaInstanceConfigBean.appname
10497 [main] DEBUG o.s.b.f.a.InjectionMetadata - Registered injected element on class [org.springframework.cloud.netflix.eureka.EurekaInstanceConfigBean]: AutowiredFieldElement for private java.lang.String org.springframework.cloud.netflix.eureka.EurekaInstanceConfigBean.virtualHostName
10497 [main] DEBUG o.s.b.f.a.InjectionMetadata - Registered injected element on class [org.springframework.cloud.netflix.eureka.EurekaInstanceConfigBean]: AutowiredFieldElement for private java.lang.String org.springframework.cloud.netflix.eureka.EurekaInstanceConfigBean.secureVirtualHostName
10497 [main] DEBUG o.s.b.f.s.DefaultListableBeanFactory - Eagerly caching bean 'eurekaInstanceConfigBean' to allow for resolving potential circular references
10501 [main] DEBUG o.s.b.f.a.InjectionMetadata - Processing injected element of bean 'eurekaInstanceConfigBean': AutowiredFieldElement for private java.lang.String org.springframework.cloud.netflix.eureka.EurekaInstanceConfigBean.appname
10502 [main] DEBUG o.s.c.e.PropertySourcesPropertyResolver - Could not find key 'spring.application.name:unknown' in any property source
10502 [main] DEBUG o.s.c.e.PropertySourcesPropertyResolver - Could not find key 'spring.application.name:unknown' in any property source
10502 [main] DEBUG o.s.c.e.PropertySourcesPropertyResolver - Could not find key 'spring.application.name' in any property source
10502 [main] DEBUG o.s.c.e.PropertySourcesPropertyResolver - Could not find key 'spring.application.name' in any property source
10502 [main] DEBUG o.s.b.f.a.InjectionMetadata - Processing injected element of bean 'eurekaInstanceConfigBean': AutowiredFieldElement for private java.lang.String org.springframework.cloud.netflix.eureka.EurekaInstanceConfigBean.virtualHostName
10502 [main] DEBUG o.s.c.e.PropertySourcesPropertyResolver - Could not find key 'spring.application.name:unknown' in any property source
10502 [main] DEBUG o.s.c.e.PropertySourcesPropertyResolver - Could not find key 'spring.application.name:unknown' in any property source
10502 [main] DEBUG o.s.c.e.PropertySourcesPropertyResolver - Could not find key 'spring.application.name' in any property source
10502 [main] DEBUG o.s.c.e.PropertySourcesPropertyResolver - Could not find key 'spring.application.name' in any property source
10502 [main] DEBUG o.s.b.f.a.InjectionMetadata - Processing injected element of bean 'eurekaInstanceConfigBean': AutowiredFieldElement for private java.lang.String org.springframework.cloud.netflix.eureka.EurekaInstanceConfigBean.secureVirtualHostName
10503 [main] DEBUG o.s.c.e.PropertySourcesPropertyResolver - Could not find key 'spring.application.name:unknown' in any property source
10503 [main] DEBUG o.s.c.e.PropertySourcesPropertyResolver - Could not find key 'spring.application.name:unknown' in any property source
10503 [main] DEBUG o.s.c.e.PropertySourcesPropertyResolver - Could not find key 'spring.application.name' in any property source
10503 [main] DEBUG o.s.c.e.PropertySourcesPropertyResolver - Could not find key 'spring.application.name' in any property source
10506 [main] DEBUG o.s.core.env.MutablePropertySources - Adding [servletConfigInitParams] PropertySource with lowest search precedence
10506 [main] DEBUG o.s.core.env.MutablePropertySources - Adding [servletContextInitParams] PropertySource with lowest search precedence
10506 [main] DEBUG o.s.core.env.MutablePropertySources - Adding [systemProperties] PropertySource with lowest search precedence
10506 [main] DEBUG o.s.core.env.MutablePropertySources - Adding [systemEnvironment] PropertySource with lowest search precedence
10506 [main] DEBUG o.s.core.env.MutablePropertySources - Adding [random] PropertySource with lowest search precedence
10506 [main] DEBUG o.s.core.env.MutablePropertySources - Adding [applicationConfig: [classpath:/application.properties]] PropertySource with lowest search precedence
10506 [main] DEBUG o.s.core.env.MutablePropertySources - Adding [springCloudClientHostInfo] PropertySource with lowest search precedence
10506 [main] DEBUG o.s.core.env.MutablePropertySources - Adding [class path resource [eureka/server.properties]] PropertySource with lowest search precedence
10506 [main] DEBUG o.s.core.env.MutablePropertySources - Adding [defaultProperties] PropertySource with lowest search precedence
10506 [main] DEBUG o.s.core.env.MutablePropertySources - Adding [localProperties] PropertySource with lowest search precedence
10528 [main] DEBUG o.s.b.f.s.DefaultListableBeanFactory - Finished creating instance of bean 'eurekaInstanceConfigBean'
10528 [main] DEBUG o.s.b.f.s.DefaultListableBeanFactory - Autowiring by type from bean name 'scopedTarget.eurekaClient' via factory method to bean named 'eurekaApplicationInfoManager'
10528 [main] DEBUG o.s.b.f.s.DefaultListableBeanFactory - Autowiring by type from bean name 'scopedTarget.eurekaClient' via factory method to bean named 'eurekaClientConfigBean'
10528 [main] DEBUG o.s.b.f.s.DefaultListableBeanFactory - Autowiring by type from bean name 'scopedTarget.eurekaClient' via factory method to bean named 'eurekaInstanceConfigBean'
10532 [main] DEBUG o.s.b.f.s.DefaultListableBeanFactory - Creating instance of bean 'scopedTarget.eurekaApplicationInfoManager'
10532 [main] DEBUG o.s.b.f.s.DefaultListableBeanFactory - Returning cached instance of singleton bean 'org.springframework.cloud.netflix.eureka.EurekaClientAutoConfiguration$RefreshableEurekaClientConfiguration'
10532 [main] DEBUG o.s.b.f.s.DefaultListableBeanFactory - Returning cached instance of singleton bean 'eurekaInstanceConfigBean'
10532 [main] DEBUG o.s.b.f.s.DefaultListableBeanFactory - Autowiring by type from bean name 'scopedTarget.eurekaApplicationInfoManager' via factory method to bean named 'eurekaInstanceConfigBean'
10536 [main] INFO  o.s.c.n.eureka.InstanceInfoFactory - Setting initial instance status as: STARTING
10538 [main] DEBUG o.s.b.f.s.DefaultListableBeanFactory - Finished creating instance of bean 'scopedTarget.eurekaApplicationInfoManager'
10600 [main] INFO  c.netflix.discovery.DiscoveryClient - Client configured to neither register nor query for data.
10616 [main] DEBUG o.s.c.a.CommonAnnotationBeanPostProcessor - Found destroy method on class [org.springframework.cloud.netflix.eureka.CloudEurekaClient]: public void com.netflix.discovery.DiscoveryClient.shutdown()
10617 [main] DEBUG o.s.c.a.CommonAnnotationBeanPostProcessor - Registered destroy method on class [org.springframework.cloud.netflix.eureka.CloudEurekaClient]: org.springframework.beans.factory.annotation.InitDestroyAnnotationBeanPostProcessor$LifecycleElement@f5e80656
10623 [main] DEBUG o.s.b.f.s.DefaultListableBeanFactory - Finished creating instance of bean 'scopedTarget.eurekaClient'
10625 [main] DEBUG o.s.aop.framework.CglibAopProxy - Creating CGLIB proxy: target source is SingletonTargetSource for target object [org.springframework.cloud.netflix.eureka.CloudEurekaClient@6d303498]
10628 [main] DEBUG o.s.aop.framework.CglibAopProxy - Unable to apply any optimisations to advised method: protected void org.springframework.cloud.netflix.eureka.CloudEurekaClient.onCacheRefreshed()
10628 [main] DEBUG o.s.aop.framework.CglibAopProxy - Unable to apply any optimisations to advised method: public void com.netflix.discovery.DiscoveryClient.shutdown()
10628 [main] DEBUG o.s.aop.framework.CglibAopProxy - Unable to apply any optimisations to advised method: public java.util.List com.netflix.discovery.DiscoveryClient.getDiscoveryServiceUrls(java.lang.String)
10628 [main] DEBUG o.s.aop.framework.CglibAopProxy - Unable to apply any optimisations to advised method: public com.netflix.discovery.shared.Applications com.netflix.discovery.DiscoveryClient.getApplications()
10628 [main] DEBUG o.s.aop.framework.CglibAopProxy - Unable to apply any optimisations to advised method: public com.netflix.discovery.shared.Applications com.netflix.discovery.DiscoveryClient.getApplications(java.lang.String)
10628 [main] DEBUG o.s.aop.framework.CglibAopProxy - Unable to apply any optimisations to advised method: public com.netflix.discovery.shared.Application com.netflix.discovery.DiscoveryClient.getApplication(java.lang.String)
10629 [main] DEBUG o.s.aop.framework.CglibAopProxy - Unable to apply any optimisations to advised method: public java.util.List com.netflix.discovery.DiscoveryClient.getInstancesById(java.lang.String)
10629 [main] DEBUG o.s.aop.framework.CglibAopProxy - Unable to apply any optimisations to advised method: public java.util.List com.netflix.discovery.DiscoveryClient.getInstancesByVipAddressAndAppName(java.lang.String,java.lang.String,boolean)
10629 [main] DEBUG o.s.aop.framework.CglibAopProxy - Unable to apply any optimisations to advised method: public com.netflix.appinfo.InstanceInfo com.netflix.discovery.DiscoveryClient.getNextServerFromEureka(java.lang.String,boolean)
10629 [main] DEBUG o.s.aop.framework.CglibAopProxy - Unable to apply any optimisations to advised method: protected com.netflix.discovery.BackupRegistry com.netflix.discovery.DiscoveryClient.newBackupRegistryInstance() throws java.lang.ClassNotFoundException,java.lang.IllegalAccessException,java.lang.InstantiationException
10629 [main] DEBUG o.s.aop.framework.CglibAopProxy - Unable to apply any optimisations to advised method: protected void com.netflix.discovery.DiscoveryClient.onRemoteStatusChanged(com.netflix.appinfo.InstanceInfo$InstanceStatus,com.netflix.appinfo.InstanceInfo$InstanceStatus)
10629 [main] DEBUG o.s.aop.framework.CglibAopProxy - Unable to apply any optimisations to advised method: public int com.netflix.discovery.DiscoveryClient.localRegistrySize()
10629 [main] DEBUG o.s.aop.framework.CglibAopProxy - Unable to apply any optimisations to advised method: public long com.netflix.discovery.DiscoveryClient.getLastSuccessfulRegistryFetchTimePeriod()
10629 [main] DEBUG o.s.aop.framework.CglibAopProxy - Unable to apply any optimisations to advised method: public com.netflix.discovery.shared.Applications com.netflix.discovery.DiscoveryClient.getApplicationsForARegion(java.lang.String)
10629 [main] DEBUG o.s.aop.framework.CglibAopProxy - Unable to apply any optimisations to advised method: public java.util.List com.netflix.discovery.DiscoveryClient.getInstancesByVipAddress(java.lang.String,boolean)
10629 [main] DEBUG o.s.aop.framework.CglibAopProxy - Unable to apply any optimisations to advised method: public java.util.List com.netflix.discovery.DiscoveryClient.getInstancesByVipAddress(java.lang.String,boolean,java.lang.String)
10629 [main] DEBUG o.s.aop.framework.CglibAopProxy - Unable to apply any optimisations to advised method: public java.util.Set com.netflix.discovery.DiscoveryClient.getAllKnownRegions()
10629 [main] DEBUG o.s.aop.framework.CglibAopProxy - Unable to apply any optimisations to advised method: public com.netflix.appinfo.InstanceInfo$InstanceStatus com.netflix.discovery.DiscoveryClient.getInstanceRemoteStatus()
10629 [main] DEBUG o.s.aop.framework.CglibAopProxy - Unable to apply any optimisations to advised method: public java.util.List com.netflix.discovery.DiscoveryClient.getServiceUrlsFromConfig(java.lang.String,boolean)
10629 [main] DEBUG o.s.aop.framework.CglibAopProxy - Unable to apply any optimisations to advised method: public java.util.List com.netflix.discovery.DiscoveryClient.getServiceUrlsFromDNS(java.lang.String,boolean)
10629 [main] DEBUG o.s.aop.framework.CglibAopProxy - Unable to apply any optimisations to advised method: public void com.netflix.discovery.DiscoveryClient.registerHealthCheckCallback(com.netflix.appinfo.HealthCheckCallback)
10629 [main] DEBUG o.s.aop.framework.CglibAopProxy - Unable to apply any optimisations to advised method: public void com.netflix.discovery.DiscoveryClient.registerHealthCheck(com.netflix.appinfo.HealthCheckHandler)
10629 [main] DEBUG o.s.aop.framework.CglibAopProxy - Unable to apply any optimisations to advised method: public void com.netflix.discovery.DiscoveryClient.registerEventListener(com.netflix.discovery.EurekaEventListener)
10629 [main] DEBUG o.s.aop.framework.CglibAopProxy - Unable to apply any optimisations to advised method: public boolean com.netflix.discovery.DiscoveryClient.unregisterEventListener(com.netflix.discovery.EurekaEventListener)
10629 [main] DEBUG o.s.aop.framework.CglibAopProxy - Unable to apply any optimisations to advised method: public com.netflix.appinfo.HealthCheckHandler com.netflix.discovery.DiscoveryClient.getHealthCheckHandler()
10629 [main] DEBUG o.s.aop.framework.CglibAopProxy - Unable to apply any optimisations to advised method: protected void com.netflix.discovery.DiscoveryClient.fireEvent(com.netflix.discovery.EurekaEvent)
10629 [main] DEBUG o.s.aop.framework.CglibAopProxy - Unable to apply any optimisations to advised method: public com.netflix.discovery.EurekaClientConfig com.netflix.discovery.DiscoveryClient.getEurekaClientConfig()
10630 [main] DEBUG o.s.aop.framework.CglibAopProxy - Unable to apply any optimisations to advised method: public long com.netflix.discovery.DiscoveryClient.getLastSuccessfulHeartbeatTimePeriod()
10630 [main] DEBUG o.s.aop.framework.CglibAopProxy - Found 'equals' method: public boolean java.lang.Object.equals(java.lang.Object)
10630 [main] DEBUG o.s.aop.framework.CglibAopProxy - Unable to apply any optimisations to advised method: public java.lang.String java.lang.Object.toString()
10630 [main] DEBUG o.s.aop.framework.CglibAopProxy - Found 'hashCode' method: public native int java.lang.Object.hashCode()
10630 [main] DEBUG o.s.aop.framework.CglibAopProxy - Unable to apply any optimisations to advised method: protected native java.lang.Object java.lang.Object.clone() throws java.lang.CloneNotSupportedException
10630 [main] DEBUG o.s.aop.framework.CglibAopProxy - Method is declared on Advised interface: public abstract int org.springframework.aop.framework.Advised.indexOf(org.springframework.aop.Advisor)
10630 [main] DEBUG o.s.aop.framework.CglibAopProxy - Method is declared on Advised interface: public abstract int org.springframework.aop.framework.Advised.indexOf(org.aopalliance.aop.Advice)
10630 [main] DEBUG o.s.aop.framework.CglibAopProxy - Method is declared on Advised interface: public abstract boolean org.springframework.aop.framework.Advised.isFrozen()
10630 [main] DEBUG o.s.aop.framework.CglibAopProxy - Method is declared on Advised interface: public abstract void org.springframework.aop.framework.Advised.setTargetSource(org.springframework.aop.TargetSource)
10630 [main] DEBUG o.s.aop.framework.CglibAopProxy - Method is declared on Advised interface: public abstract org.springframework.aop.TargetSource org.springframework.aop.framework.Advised.getTargetSource()
10630 [main] DEBUG o.s.aop.framework.CglibAopProxy - Method is declared on Advised interface: public abstract void org.springframework.aop.framework.Advised.setPreFiltered(boolean)
10630 [main] DEBUG o.s.aop.framework.CglibAopProxy - Method is declared on Advised interface: public abstract boolean org.springframework.aop.framework.Advised.isPreFiltered()
10630 [main] DEBUG o.s.aop.framework.CglibAopProxy - Method is declared on Advised interface: public abstract org.springframework.aop.Advisor[] org.springframework.aop.framework.Advised.getAdvisors()
10630 [main] DEBUG o.s.aop.framework.CglibAopProxy - Method is declared on Advised interface: public abstract void org.springframework.aop.framework.Advised.addAdvice(org.aopalliance.aop.Advice) throws org.springframework.aop.framework.AopConfigException
10630 [main] DEBUG o.s.aop.framework.CglibAopProxy - Method is declared on Advised interface: public abstract void org.springframework.aop.framework.Advised.addAdvice(int,org.aopalliance.aop.Advice) throws org.springframework.aop.framework.AopConfigException
10630 [main] DEBUG o.s.aop.framework.CglibAopProxy - Method is declared on Advised interface: public abstract void org.springframework.aop.framework.Advised.setExposeProxy(boolean)
10630 [main] DEBUG o.s.aop.framework.CglibAopProxy - Method is declared on Advised interface: public abstract boolean org.springframework.aop.framework.Advised.isExposeProxy()
10630 [main] DEBUG o.s.aop.framework.CglibAopProxy - Method is declared on Advised interface: public abstract boolean org.springframework.aop.framework.Advised.isProxyTargetClass()
10630 [main] DEBUG o.s.aop.framework.CglibAopProxy - Method is declared on Advised interface: public abstract void org.springframework.aop.framework.Advised.addAdvisor(org.springframework.aop.Advisor) throws org.springframework.aop.framework.AopConfigException
10630 [main] DEBUG o.s.aop.framework.CglibAopProxy - Method is declared on Advised interface: public abstract void org.springframework.aop.framework.Advised.addAdvisor(int,org.springframework.aop.Advisor) throws org.springframework.aop.framework.AopConfigException
10630 [main] DEBUG o.s.aop.framework.CglibAopProxy - Method is declared on Advised interface: public abstract boolean org.springframework.aop.framework.Advised.removeAdvisor(org.springframework.aop.Advisor)
10630 [main] DEBUG o.s.aop.framework.CglibAopProxy - Method is declared on Advised interface: public abstract void org.springframework.aop.framework.Advised.removeAdvisor(int) throws org.springframework.aop.framework.AopConfigException
10630 [main] DEBUG o.s.aop.framework.CglibAopProxy - Method is declared on Advised interface: public abstract boolean org.springframework.aop.framework.Advised.replaceAdvisor(org.springframework.aop.Advisor,org.springframework.aop.Advisor) throws org.springframework.aop.framework.AopConfigException
10630 [main] DEBUG o.s.aop.framework.CglibAopProxy - Method is declared on Advised interface: public abstract boolean org.springframework.aop.framework.Advised.removeAdvice(org.aopalliance.aop.Advice)
10630 [main] DEBUG o.s.aop.framework.CglibAopProxy - Method is declared on Advised interface: public abstract java.lang.Class[] org.springframework.aop.framework.Advised.getProxiedInterfaces()
10630 [main] DEBUG o.s.aop.framework.CglibAopProxy - Method is declared on Advised interface: public abstract boolean org.springframework.aop.framework.Advised.isInterfaceProxied(java.lang.Class)
10630 [main] DEBUG o.s.aop.framework.CglibAopProxy - Method is declared on Advised interface: public abstract java.lang.String org.springframework.aop.framework.Advised.toProxyConfigString()
10630 [main] DEBUG o.s.aop.framework.CglibAopProxy - Method is declared on Advised interface: public abstract java.lang.Class org.springframework.aop.TargetClassAware.getTargetClass()
10698 [main] DEBUG o.s.b.f.s.DefaultListableBeanFactory - Eagerly caching bean 'peerAwareInstanceRegistry' to allow for resolving potential circular references
10709 [main] DEBUG o.s.b.f.s.DefaultListableBeanFactory - Finished creating instance of bean 'peerAwareInstanceRegistry'
10710 [main] DEBUG o.s.b.f.s.DefaultListableBeanFactory - Creating shared instance of singleton bean 'eurekaServerContext'
10710 [main] DEBUG o.s.b.f.s.DefaultListableBeanFactory - Creating instance of bean 'eurekaServerContext'
10710 [main] DEBUG o.s.b.f.s.DefaultListableBeanFactory - Returning cached instance of singleton bean 'org.springframework.cloud.netflix.eureka.server.EurekaServerConfiguration'
10710 [main] DEBUG o.s.b.f.s.DefaultListableBeanFactory - Returning cached instance of singleton bean 'serverCodecs'
10710 [main] DEBUG o.s.b.f.s.DefaultListableBeanFactory - Returning cached instance of singleton bean 'peerAwareInstanceRegistry'
10711 [main] DEBUG o.s.b.f.s.DefaultListableBeanFactory - Creating shared instance of singleton bean 'peerEurekaNodes'
10711 [main] DEBUG o.s.b.f.s.DefaultListableBeanFactory - Creating instance of bean 'peerEurekaNodes'
10711 [main] DEBUG o.s.b.f.s.DefaultListableBeanFactory - Returning cached instance of singleton bean 'org.springframework.cloud.netflix.eureka.server.EurekaServerConfiguration'
10711 [main] DEBUG o.s.b.f.s.DefaultListableBeanFactory - Returning cached instance of singleton bean 'peerAwareInstanceRegistry'
10712 [main] DEBUG o.s.b.f.s.DefaultListableBeanFactory - Returning cached instance of singleton bean 'serverCodecs'
10712 [main] DEBUG o.s.b.f.s.DefaultListableBeanFactory - Autowiring by type from bean name 'peerEurekaNodes' via factory method to bean named 'peerAwareInstanceRegistry'
10712 [main] DEBUG o.s.b.f.s.DefaultListableBeanFactory - Autowiring by type from bean name 'peerEurekaNodes' via factory method to bean named 'serverCodecs'
10713 [main] DEBUG o.s.b.f.s.DefaultListableBeanFactory - Eagerly caching bean 'peerEurekaNodes' to allow for resolving potential circular references
10715 [main] DEBUG o.s.b.f.s.DefaultListableBeanFactory - Finished creating instance of bean 'peerEurekaNodes'
10715 [main] DEBUG o.s.b.f.s.DefaultListableBeanFactory - Autowiring by type from bean name 'eurekaServerContext' via factory method to bean named 'serverCodecs'
10715 [main] DEBUG o.s.b.f.s.DefaultListableBeanFactory - Autowiring by type from bean name 'eurekaServerContext' via factory method to bean named 'peerAwareInstanceRegistry'
10715 [main] DEBUG o.s.b.f.s.DefaultListableBeanFactory - Autowiring by type from bean name 'eurekaServerContext' via factory method to bean named 'peerEurekaNodes'
10717 [main] DEBUG o.s.c.a.CommonAnnotationBeanPostProcessor - Found destroy method on class [com.netflix.eureka.DefaultEurekaServerContext]: public void com.netflix.eureka.DefaultEurekaServerContext.shutdown() throws java.lang.Exception
10717 [main] DEBUG o.s.c.a.CommonAnnotationBeanPostProcessor - Found init method on class [com.netflix.eureka.DefaultEurekaServerContext]: public void com.netflix.eureka.DefaultEurekaServerContext.initialize() throws java.lang.Exception
10717 [main] DEBUG o.s.c.a.CommonAnnotationBeanPostProcessor - Registered init method on class [com.netflix.eureka.DefaultEurekaServerContext]: org.springframework.beans.factory.annotation.InitDestroyAnnotationBeanPostProcessor$LifecycleElement@33ebcb90
10717 [main] DEBUG o.s.c.a.CommonAnnotationBeanPostProcessor - Registered destroy method on class [com.netflix.eureka.DefaultEurekaServerContext]: org.springframework.beans.factory.annotation.InitDestroyAnnotationBeanPostProcessor$LifecycleElement@f5e80656
10717 [main] DEBUG o.s.b.f.s.DefaultListableBeanFactory - Eagerly caching bean 'eurekaServerContext' to allow for resolving potential circular references
10720 [main] DEBUG o.s.c.a.CommonAnnotationBeanPostProcessor - Invoking init method on bean 'eurekaServerContext': public void com.netflix.eureka.DefaultEurekaServerContext.initialize() throws java.lang.Exception
10720 [main] INFO  c.n.e.DefaultEurekaServerContext - Initializing ...
10723 [main] DEBUG c.n.d.endpoint.EndpointUtils - The availability zone for the given region us-east-1 are [defaultZone]
10723 [main] INFO  c.n.eureka.cluster.PeerEurekaNodes - Adding new peer nodes [http://localhost:1111/eureka/]
10893 [main] INFO  c.n.d.p.DiscoveryJerseyProvider - Using JSON encoding codec CloudJacksonJson
10894 [main] INFO  c.n.d.p.DiscoveryJerseyProvider - Using JSON decoding codec CloudJacksonJson
10894 [main] INFO  c.n.d.p.DiscoveryJerseyProvider - Using XML encoding codec XStreamXml
10894 [main] INFO  c.n.d.p.DiscoveryJerseyProvider - Using XML decoding codec XStreamXml
11007 [main] DEBUG c.n.d.s.t.j.AbstractJerseyEurekaHttpClient - Created client for url: http://localhost:1111/eureka/
11039 [main] INFO  c.n.eureka.cluster.PeerEurekaNodes - Replica node URL:  http://localhost:1111/eureka/
11049 [main] INFO  c.n.e.r.AbstractInstanceRegistry - Finished initializing remote region registries. All known remote regions: []
11049 [main] INFO  c.n.e.DefaultEurekaServerContext - Initialized
11050 [main] DEBUG o.s.b.f.s.DefaultListableBeanFactory - Finished creating instance of bean 'eurekaServerContext'
11050 [main] DEBUG o.s.b.f.s.DefaultListableBeanFactory - Autowiring by type from bean name 'eurekaServerBootstrap' via factory method to bean named 'peerAwareInstanceRegistry'
11050 [main] DEBUG o.s.b.f.s.DefaultListableBeanFactory - Autowiring by type from bean name 'eurekaServerBootstrap' via factory method to bean named 'eurekaServerContext'
11051 [main] DEBUG o.s.b.f.s.DefaultListableBeanFactory - Eagerly caching bean 'eurekaServerBootstrap' to allow for resolving potential circular references
11053 [main] DEBUG o.s.b.f.s.DefaultListableBeanFactory - Finished creating instance of bean 'eurekaServerBootstrap'
11054 [main] DEBUG o.s.b.f.a.AutowiredAnnotationBeanPostProcessor - Autowiring by type from bean name 'org.springframework.cloud.netflix.eureka.server.EurekaServerInitializerConfiguration' to bean named 'eurekaServerBootstrap'
11054 [main] DEBUG o.s.b.f.s.DefaultListableBeanFactory - Finished creating instance of bean 'org.springframework.cloud.netflix.eureka.server.EurekaServerInitializerConfiguration'
11054 [main] DEBUG o.s.b.f.s.DefaultListableBeanFactory - Returning cached instance of singleton bean 'org.springframework.cloud.netflix.eureka.server.EurekaServerConfiguration'
11054 [main] DEBUG o.s.b.f.s.DefaultListableBeanFactory - Creating shared instance of singleton bean 'eurekaServerFeature'
11054 [main] DEBUG o.s.b.f.s.DefaultListableBeanFactory - Creating instance of bean 'eurekaServerFeature'
11054 [main] DEBUG o.s.b.f.s.DefaultListableBeanFactory - Returning cached instance of singleton bean 'org.springframework.cloud.netflix.eureka.server.EurekaServerConfiguration'
11056 [main] DEBUG o.s.b.f.s.DefaultListableBeanFactory - Eagerly caching bean 'eurekaServerFeature' to allow for resolving potential circular references
11058 [main] DEBUG o.s.b.f.s.DefaultListableBeanFactory - Finished creating instance of bean 'eurekaServerFeature'
11058 [main] DEBUG o.s.b.f.s.DefaultListableBeanFactory - Creating shared instance of singleton bean 'eurekaController'
11058 [main] DEBUG o.s.b.f.s.DefaultListableBeanFactory - Creating instance of bean 'eurekaController'
11058 [main] DEBUG o.s.b.f.s.DefaultListableBeanFactory - Returning cached instance of singleton bean 'org.springframework.cloud.netflix.eureka.server.EurekaServerConfiguration'
11064 [main] DEBUG o.s.b.f.a.InjectionMetadata - Registered injected element on class [org.springframework.cloud.netflix.eureka.server.EurekaController]: AutowiredFieldElement for private java.lang.String org.springframework.cloud.netflix.eureka.server.EurekaController.dashboardPath
11064 [main] DEBUG o.s.b.f.s.DefaultListableBeanFactory - Eagerly caching bean 'eurekaController' to allow for resolving potential circular references
11066 [main] DEBUG o.s.b.f.a.InjectionMetadata - Processing injected element of bean 'eurekaController': AutowiredFieldElement for private java.lang.String org.springframework.cloud.netflix.eureka.server.EurekaController.dashboardPath
11066 [main] DEBUG o.s.c.e.PropertySourcesPropertyResolver - Could not find key 'eureka.dashboard.path:/' in any property source
11066 [main] DEBUG o.s.c.e.PropertySourcesPropertyResolver - Could not find key 'eureka.dashboard.path:/' in any property source
11066 [main] DEBUG o.s.c.e.PropertySourcesPropertyResolver - Could not find key 'eureka.dashboard.path' in any property source
11066 [main] DEBUG o.s.c.e.PropertySourcesPropertyResolver - Could not find key 'eureka.dashboard.path' in any property source
11068 [main] DEBUG o.s.b.f.s.DefaultListableBeanFactory - Finished creating instance of bean 'eurekaController'
11068 [main] DEBUG o.s.b.f.s.DefaultListableBeanFactory - Returning cached instance of singleton bean 'serverCodecs'
11068 [main] DEBUG o.s.b.f.s.DefaultListableBeanFactory - Returning cached instance of singleton bean 'peerAwareInstanceRegistry'
11068 [main] DEBUG o.s.b.f.s.DefaultListableBeanFactory - Returning cached instance of singleton bean 'peerEurekaNodes'
11068 [main] DEBUG o.s.b.f.s.DefaultListableBeanFactory - Returning cached instance of singleton bean 'eurekaServerContext'
11068 [main] DEBUG o.s.b.f.s.DefaultListableBeanFactory - Returning cached instance of singleton bean 'eurekaServerBootstrap'
11068 [main] DEBUG o.s.b.f.s.DefaultListableBeanFactory - Returning cached instance of singleton bean 'jerseyFilterRegistration'
11068 [main] DEBUG o.s.b.f.s.DefaultListableBeanFactory - Returning cached instance of singleton bean 'jerseyApplication'
11068 [main] DEBUG o.s.b.f.s.DefaultListableBeanFactory - Returning cached instance of singleton bean 'traceFilterRegistration'
11068 [main] DEBUG o.s.b.f.s.DefaultListableBeanFactory - Creating shared instance of singleton bean 'eureka.dashboard-org.springframework.cloud.netflix.eureka.server.EurekaDashboardProperties'
11068 [main] DEBUG o.s.b.f.s.DefaultListableBeanFactory - Creating instance of bean 'eureka.dashboard-org.springframework.cloud.netflix.eureka.server.EurekaDashboardProperties'
11068 [main] DEBUG o.s.b.f.s.DefaultListableBeanFactory - Eagerly caching bean 'eureka.dashboard-org.springframework.cloud.netflix.eureka.server.EurekaDashboardProperties' to allow for resolving potential circular references
11070 [main] DEBUG o.s.core.env.MutablePropertySources - Adding [servletConfigInitParams] PropertySource with lowest search precedence
11071 [main] DEBUG o.s.core.env.MutablePropertySources - Adding [servletContextInitParams] PropertySource with lowest search precedence
11071 [main] DEBUG o.s.core.env.MutablePropertySources - Adding [systemProperties] PropertySource with lowest search precedence
11071 [main] DEBUG o.s.core.env.MutablePropertySources - Adding [systemEnvironment] PropertySource with lowest search precedence
11071 [main] DEBUG o.s.core.env.MutablePropertySources - Adding [random] PropertySource with lowest search precedence
11071 [main] DEBUG o.s.core.env.MutablePropertySources - Adding [applicationConfig: [classpath:/application.properties]] PropertySource with lowest search precedence
11071 [main] DEBUG o.s.core.env.MutablePropertySources - Adding [springCloudClientHostInfo] PropertySource with lowest search precedence
11071 [main] DEBUG o.s.core.env.MutablePropertySources - Adding [class path resource [eureka/server.properties]] PropertySource with lowest search precedence
11071 [main] DEBUG o.s.core.env.MutablePropertySources - Adding [defaultProperties] PropertySource with lowest search precedence
11071 [main] DEBUG o.s.core.env.MutablePropertySources - Adding [localProperties] PropertySource with lowest search precedence
11074 [main] DEBUG o.s.b.f.s.DefaultListableBeanFactory - Finished creating instance of bean 'eureka.dashboard-org.springframework.cloud.netflix.eureka.server.EurekaDashboardProperties'
11074 [main] DEBUG o.s.b.f.s.DefaultListableBeanFactory - Returning cached instance of singleton bean 'org.springframework.boot.context.properties.ConfigurationPropertiesBindingPostProcessor'
11074 [main] DEBUG o.s.b.f.s.DefaultListableBeanFactory - Returning cached instance of singleton bean 'org.springframework.boot.context.properties.ConfigurationPropertiesBindingPostProcessor.store'
11074 [main] DEBUG o.s.b.f.s.DefaultListableBeanFactory - Creating shared instance of singleton bean 'org.springframework.boot.autoconfigure.AutoConfigurationPackages'
11074 [main] DEBUG o.s.b.f.s.DefaultListableBeanFactory - Creating instance of bean 'org.springframework.boot.autoconfigure.AutoConfigurationPackages'
11075 [main] DEBUG o.s.b.f.s.DefaultListableBeanFactory - Eagerly caching bean 'org.springframework.boot.autoconfigure.AutoConfigurationPackages' to allow for resolving potential circular references
11098 [main] DEBUG o.s.b.f.s.DefaultListableBeanFactory - Finished creating instance of bean 'org.springframework.boot.autoconfigure.AutoConfigurationPackages'
11098 [main] DEBUG o.s.b.f.s.DefaultListableBeanFactory - Creating shared instance of singleton bean 'org.springframework.cloud.netflix.eureka.EurekaDiscoveryClientConfiguration$EurekaHealthIndicatorConfiguration'
11098 [main] DEBUG o.s.b.f.s.DefaultListableBeanFactory - Creating instance of bean 'org.springframework.cloud.netflix.eureka.EurekaDiscoveryClientConfiguration$EurekaHealthIndicatorConfiguration'
11098 [main] DEBUG o.s.b.f.s.DefaultListableBeanFactory - Eagerly caching bean 'org.springframework.cloud.netflix.eureka.EurekaDiscoveryClientConfiguration$EurekaHealthIndicatorConfiguration' to allow for resolving potential circular references
11101 [main] DEBUG o.s.b.f.s.DefaultListableBeanFactory - Finished creating instance of bean 'org.springframework.cloud.netflix.eureka.EurekaDiscoveryClientConfiguration$EurekaHealthIndicatorConfiguration'
11101 [main] DEBUG o.s.b.f.s.DefaultListableBeanFactory - Creating shared instance of singleton bean 'eurekaHealthIndicator'
11101 [main] DEBUG o.s.b.f.s.DefaultListableBeanFactory - Creating instance of bean 'eurekaHealthIndicator'
11101 [main] DEBUG o.s.b.f.s.DefaultListableBeanFactory - Returning cached instance of singleton bean 'org.springframework.cloud.netflix.eureka.EurekaDiscoveryClientConfiguration$EurekaHealthIndicatorConfiguration'
11103 [main] DEBUG o.s.b.f.s.DefaultListableBeanFactory - Returning cached instance of singleton bean 'eurekaClient'
11103 [main] DEBUG o.s.b.f.s.DefaultListableBeanFactory - Returning cached instance of singleton bean 'eurekaInstanceConfigBean'
11105 [main] DEBUG o.s.b.f.s.DefaultListableBeanFactory - Returning cached instance of singleton bean 'eurekaClientConfigBean'
11105 [main] DEBUG o.s.b.f.s.DefaultListableBeanFactory - Autowiring by type from bean name 'eurekaHealthIndicator' via factory method to bean named 'eurekaClient'
11105 [main] DEBUG o.s.b.f.s.DefaultListableBeanFactory - Autowiring by type from bean name 'eurekaHealthIndicator' via factory method to bean named 'eurekaInstanceConfigBean'
11106 [main] DEBUG o.s.b.f.s.DefaultListableBeanFactory - Autowiring by type from bean name 'eurekaHealthIndicator' via factory method to bean named 'eurekaClientConfigBean'
11111 [main] DEBUG o.s.b.f.s.DefaultListableBeanFactory - Eagerly caching bean 'eurekaHealthIndicator' to allow for resolving potential circular references
11113 [main] DEBUG o.s.b.f.s.DefaultListableBeanFactory - Finished creating instance of bean 'eurekaHealthIndicator'
11113 [main] DEBUG o.s.b.f.s.DefaultListableBeanFactory - Creating shared instance of singleton bean 'org.springframework.cloud.netflix.eureka.EurekaDiscoveryClientConfiguration$EurekaClientConfigurationRefresher'
11113 [main] DEBUG o.s.b.f.s.DefaultListableBeanFactory - Creating instance of bean 'org.springframework.cloud.netflix.eureka.EurekaDiscoveryClientConfiguration$EurekaClientConfigurationRefresher'
11113 [main] DEBUG o.s.b.f.a.InjectionMetadata - Registered injected element on class [org.springframework.cloud.netflix.eureka.EurekaDiscoveryClientConfiguration$EurekaClientConfigurationRefresher$$EnhancerBySpringCGLIB$$d9be8efc]: AutowiredFieldElement for private org.springframework.cloud.netflix.eureka.EurekaDiscoveryClientConfiguration org.springframework.cloud.netflix.eureka.EurekaDiscoveryClientConfiguration$EurekaClientConfigurationRefresher.clientConfig
11113 [main] DEBUG o.s.b.f.s.DefaultListableBeanFactory - Eagerly caching bean 'org.springframework.cloud.netflix.eureka.EurekaDiscoveryClientConfiguration$EurekaClientConfigurationRefresher' to allow for resolving potential circular references
11116 [main] DEBUG o.s.b.f.a.InjectionMetadata - Processing injected element of bean 'org.springframework.cloud.netflix.eureka.EurekaDiscoveryClientConfiguration$EurekaClientConfigurationRefresher': AutowiredFieldElement for private org.springframework.cloud.netflix.eureka.EurekaDiscoveryClientConfiguration org.springframework.cloud.netflix.eureka.EurekaDiscoveryClientConfiguration$EurekaClientConfigurationRefresher.clientConfig
11117 [main] DEBUG o.s.b.f.s.DefaultListableBeanFactory - Creating shared instance of singleton bean 'org.springframework.cloud.netflix.eureka.EurekaDiscoveryClientConfiguration'
11117 [main] DEBUG o.s.b.f.s.DefaultListableBeanFactory - Creating instance of bean 'org.springframework.cloud.netflix.eureka.EurekaDiscoveryClientConfiguration'
11118 [main] DEBUG o.s.b.f.a.InjectionMetadata - Registered injected element on class [org.springframework.cloud.netflix.eureka.EurekaDiscoveryClientConfiguration$$EnhancerBySpringCGLIB$$31c787fc]: AutowiredFieldElement for private org.springframework.cloud.netflix.eureka.CloudEurekaInstanceConfig org.springframework.cloud.netflix.eureka.EurekaDiscoveryClientConfiguration.instanceConfig
11118 [main] DEBUG o.s.b.f.a.InjectionMetadata - Registered injected element on class [org.springframework.cloud.netflix.eureka.EurekaDiscoveryClientConfiguration$$EnhancerBySpringCGLIB$$31c787fc]: AutowiredFieldElement for private com.netflix.appinfo.HealthCheckHandler org.springframework.cloud.netflix.eureka.EurekaDiscoveryClientConfiguration.healthCheckHandler
11118 [main] DEBUG o.s.b.f.a.InjectionMetadata - Registered injected element on class [org.springframework.cloud.netflix.eureka.EurekaDiscoveryClientConfiguration$$EnhancerBySpringCGLIB$$31c787fc]: AutowiredFieldElement for private org.springframework.context.ApplicationContext org.springframework.cloud.netflix.eureka.EurekaDiscoveryClientConfiguration.context
11118 [main] DEBUG o.s.b.f.a.InjectionMetadata - Registered injected element on class [org.springframework.cloud.netflix.eureka.EurekaDiscoveryClientConfiguration$$EnhancerBySpringCGLIB$$31c787fc]: AutowiredFieldElement for private com.netflix.appinfo.ApplicationInfoManager org.springframework.cloud.netflix.eureka.EurekaDiscoveryClientConfiguration.applicationInfoManager
11118 [main] DEBUG o.s.b.f.a.InjectionMetadata - Registered injected element on class [org.springframework.cloud.netflix.eureka.EurekaDiscoveryClientConfiguration$$EnhancerBySpringCGLIB$$31c787fc]: AutowiredFieldElement for private com.netflix.discovery.EurekaClient org.springframework.cloud.netflix.eureka.EurekaDiscoveryClientConfiguration.eurekaClient
11118 [main] DEBUG o.s.b.f.s.DefaultListableBeanFactory - Eagerly caching bean 'org.springframework.cloud.netflix.eureka.EurekaDiscoveryClientConfiguration' to allow for resolving potential circular references
11121 [main] DEBUG o.s.b.f.a.InjectionMetadata - Processing injected element of bean 'org.springframework.cloud.netflix.eureka.EurekaDiscoveryClientConfiguration': AutowiredFieldElement for private org.springframework.cloud.netflix.eureka.CloudEurekaInstanceConfig org.springframework.cloud.netflix.eureka.EurekaDiscoveryClientConfiguration.instanceConfig
11123 [main] DEBUG o.s.b.f.s.DefaultListableBeanFactory - Returning cached instance of singleton bean 'eurekaInstanceConfigBean'
11123 [main] DEBUG o.s.b.f.a.AutowiredAnnotationBeanPostProcessor - Autowiring by type from bean name 'org.springframework.cloud.netflix.eureka.EurekaDiscoveryClientConfiguration' to bean named 'eurekaInstanceConfigBean'
11123 [main] DEBUG o.s.b.f.a.InjectionMetadata - Processing injected element of bean 'org.springframework.cloud.netflix.eureka.EurekaDiscoveryClientConfiguration': AutowiredFieldElement for private com.netflix.appinfo.HealthCheckHandler org.springframework.cloud.netflix.eureka.EurekaDiscoveryClientConfiguration.healthCheckHandler
11124 [main] DEBUG o.s.b.f.a.InjectionMetadata - Processing injected element of bean 'org.springframework.cloud.netflix.eureka.EurekaDiscoveryClientConfiguration': AutowiredFieldElement for private org.springframework.context.ApplicationContext org.springframework.cloud.netflix.eureka.EurekaDiscoveryClientConfiguration.context
11124 [main] DEBUG o.s.b.f.a.AutowiredAnnotationBeanPostProcessor - Autowiring by type from bean name 'org.springframework.cloud.netflix.eureka.EurekaDiscoveryClientConfiguration' to bean named 'org.springframework.boot.context.embedded.AnnotationConfigEmbeddedWebApplicationContext@555cf22'
11124 [main] DEBUG o.s.b.f.a.InjectionMetadata - Processing injected element of bean 'org.springframework.cloud.netflix.eureka.EurekaDiscoveryClientConfiguration': AutowiredFieldElement for private com.netflix.appinfo.ApplicationInfoManager org.springframework.cloud.netflix.eureka.EurekaDiscoveryClientConfiguration.applicationInfoManager
11124 [main] DEBUG o.s.b.f.s.DefaultListableBeanFactory - Returning cached instance of singleton bean 'eurekaApplicationInfoManager'
11124 [main] DEBUG o.s.b.f.a.AutowiredAnnotationBeanPostProcessor - Autowiring by type from bean name 'org.springframework.cloud.netflix.eureka.EurekaDiscoveryClientConfiguration' to bean named 'eurekaApplicationInfoManager'
11124 [main] DEBUG o.s.b.f.a.InjectionMetadata - Processing injected element of bean 'org.springframework.cloud.netflix.eureka.EurekaDiscoveryClientConfiguration': AutowiredFieldElement for private com.netflix.discovery.EurekaClient org.springframework.cloud.netflix.eureka.EurekaDiscoveryClientConfiguration.eurekaClient
11124 [main] DEBUG o.s.b.f.s.DefaultListableBeanFactory - Returning cached instance of singleton bean 'eurekaClient'
11124 [main] DEBUG o.s.b.f.a.AutowiredAnnotationBeanPostProcessor - Autowiring by type from bean name 'org.springframework.cloud.netflix.eureka.EurekaDiscoveryClientConfiguration' to bean named 'eurekaClient'
11125 [main] DEBUG o.s.b.f.s.DefaultListableBeanFactory - Finished creating instance of bean 'org.springframework.cloud.netflix.eureka.EurekaDiscoveryClientConfiguration'
11125 [main] DEBUG o.s.b.f.a.AutowiredAnnotationBeanPostProcessor - Autowiring by type from bean name 'org.springframework.cloud.netflix.eureka.EurekaDiscoveryClientConfiguration$EurekaClientConfigurationRefresher' to bean named 'org.springframework.cloud.netflix.eureka.EurekaDiscoveryClientConfiguration'
11125 [main] DEBUG o.s.b.f.s.DefaultListableBeanFactory - Finished creating instance of bean 'org.springframework.cloud.netflix.eureka.EurekaDiscoveryClientConfiguration$EurekaClientConfigurationRefresher'
11126 [main] DEBUG o.s.b.f.s.DefaultListableBeanFactory - Returning cached instance of singleton bean 'org.springframework.cloud.netflix.eureka.EurekaDiscoveryClientConfiguration'
11126 [main] DEBUG o.s.b.f.s.DefaultListableBeanFactory - Creating shared instance of singleton bean 'org.springframework.boot.autoconfigure.PropertyPlaceholderAutoConfiguration'
11126 [main] DEBUG o.s.b.f.s.DefaultListableBeanFactory - Creating instance of bean 'org.springframework.boot.autoconfigure.PropertyPlaceholderAutoConfiguration'
11126 [main] DEBUG o.s.b.f.s.DefaultListableBeanFactory - Eagerly caching bean 'org.springframework.boot.autoconfigure.PropertyPlaceholderAutoConfiguration' to allow for resolving potential circular references
11129 [main] DEBUG o.s.b.f.s.DefaultListableBeanFactory - Finished creating instance of bean 'org.springframework.boot.autoconfigure.PropertyPlaceholderAutoConfiguration'
11129 [main] DEBUG o.s.b.f.s.DefaultListableBeanFactory - Returning cached instance of singleton bean 'propertySourcesPlaceholderConfigurer'
11129 [main] DEBUG o.s.b.f.s.DefaultListableBeanFactory - Creating shared instance of singleton bean 'org.springframework.boot.autoconfigure.jackson.JacksonAutoConfiguration$Jackson2ObjectMapperBuilderCustomizerConfiguration'
11129 [main] DEBUG o.s.b.f.s.DefaultListableBeanFactory - Creating instance of bean 'org.springframework.boot.autoconfigure.jackson.JacksonAutoConfiguration$Jackson2ObjectMapperBuilderCustomizerConfiguration'
11130 [main] DEBUG o.s.b.f.s.DefaultListableBeanFactory - Eagerly caching bean 'org.springframework.boot.autoconfigure.jackson.JacksonAutoConfiguration$Jackson2ObjectMapperBuilderCustomizerConfiguration' to allow for resolving potential circular references
11133 [main] DEBUG o.s.b.f.s.DefaultListableBeanFactory - Finished creating instance of bean 'org.springframework.boot.autoconfigure.jackson.JacksonAutoConfiguration$Jackson2ObjectMapperBuilderCustomizerConfiguration'
11133 [main] DEBUG o.s.b.f.s.DefaultListableBeanFactory - Creating shared instance of singleton bean 'standardJacksonObjectMapperBuilderCustomizer'
11133 [main] DEBUG o.s.b.f.s.DefaultListableBeanFactory - Creating instance of bean 'standardJacksonObjectMapperBuilderCustomizer'
11133 [main] DEBUG o.s.b.f.s.DefaultListableBeanFactory - Returning cached instance of singleton bean 'org.springframework.boot.autoconfigure.jackson.JacksonAutoConfiguration$Jackson2ObjectMapperBuilderCustomizerConfiguration'
11136 [main] DEBUG o.s.b.f.s.DefaultListableBeanFactory - Creating shared instance of singleton bean 'spring.jackson-org.springframework.boot.autoconfigure.jackson.JacksonProperties'
11136 [main] DEBUG o.s.b.f.s.DefaultListableBeanFactory - Creating instance of bean 'spring.jackson-org.springframework.boot.autoconfigure.jackson.JacksonProperties'
11136 [main] DEBUG o.s.b.f.s.DefaultListableBeanFactory - Eagerly caching bean 'spring.jackson-org.springframework.boot.autoconfigure.jackson.JacksonProperties' to allow for resolving potential circular references
11144 [main] DEBUG o.s.core.env.MutablePropertySources - Adding [servletConfigInitParams] PropertySource with lowest search precedence
11144 [main] DEBUG o.s.core.env.MutablePropertySources - Adding [servletContextInitParams] PropertySource with lowest search precedence
11144 [main] DEBUG o.s.core.env.MutablePropertySources - Adding [systemProperties] PropertySource with lowest search precedence
11144 [main] DEBUG o.s.core.env.MutablePropertySources - Adding [systemEnvironment] PropertySource with lowest search precedence
11144 [main] DEBUG o.s.core.env.MutablePropertySources - Adding [random] PropertySource with lowest search precedence
11144 [main] DEBUG o.s.core.env.MutablePropertySources - Adding [applicationConfig: [classpath:/application.properties]] PropertySource with lowest search precedence
11144 [main] DEBUG o.s.core.env.MutablePropertySources - Adding [springCloudClientHostInfo] PropertySource with lowest search precedence
11144 [main] DEBUG o.s.core.env.MutablePropertySources - Adding [class path resource [eureka/server.properties]] PropertySource with lowest search precedence
11144 [main] DEBUG o.s.core.env.MutablePropertySources - Adding [defaultProperties] PropertySource with lowest search precedence
11144 [main] DEBUG o.s.core.env.MutablePropertySources - Adding [localProperties] PropertySource with lowest search precedence
11158 [main] DEBUG o.s.b.f.s.DefaultListableBeanFactory - Finished creating instance of bean 'spring.jackson-org.springframework.boot.autoconfigure.jackson.JacksonProperties'
11158 [main] DEBUG o.s.b.f.s.DefaultListableBeanFactory - Autowiring by type from bean name 'standardJacksonObjectMapperBuilderCustomizer' via factory method to bean named 'org.springframework.boot.context.embedded.AnnotationConfigEmbeddedWebApplicationContext@555cf22'
11158 [main] DEBUG o.s.b.f.s.DefaultListableBeanFactory - Autowiring by type from bean name 'standardJacksonObjectMapperBuilderCustomizer' via factory method to bean named 'spring.jackson-org.springframework.boot.autoconfigure.jackson.JacksonProperties'
11164 [main] DEBUG o.s.b.f.s.DefaultListableBeanFactory - Eagerly caching bean 'standardJacksonObjectMapperBuilderCustomizer' to allow for resolving potential circular references
11167 [main] DEBUG o.s.b.f.s.DefaultListableBeanFactory - Finished creating instance of bean 'standardJacksonObjectMapperBuilderCustomizer'
11167 [main] DEBUG o.s.b.f.s.DefaultListableBeanFactory - Returning cached instance of singleton bean 'spring.jackson-org.springframework.boot.autoconfigure.jackson.JacksonProperties'
11167 [main] DEBUG o.s.b.f.s.DefaultListableBeanFactory - Creating shared instance of singleton bean 'org.springframework.boot.autoconfigure.jackson.JacksonAutoConfiguration$JacksonObjectMapperBuilderConfiguration'
11167 [main] DEBUG o.s.b.f.s.DefaultListableBeanFactory - Creating instance of bean 'org.springframework.boot.autoconfigure.jackson.JacksonAutoConfiguration$JacksonObjectMapperBuilderConfiguration'
11167 [main] DEBUG o.s.c.LocalVariableTableParameterNameDiscoverer - Cannot find '.class' file for class [class org.springframework.boot.autoconfigure.jackson.JacksonAutoConfiguration$JacksonObjectMapperBuilderConfiguration$$EnhancerBySpringCGLIB$$2215dbf4] - unable to determine constructor/method parameter names
11167 [main] DEBUG o.s.b.f.s.DefaultListableBeanFactory - Returning cached instance of singleton bean 'spring.jackson-org.springframework.boot.autoconfigure.jackson.JacksonProperties'
11169 [main] DEBUG o.s.b.f.s.DefaultListableBeanFactory - Returning cached instance of singleton bean 'standardJacksonObjectMapperBuilderCustomizer'
11169 [main] DEBUG o.s.b.f.s.DefaultListableBeanFactory - Autowiring by type from bean name 'org.springframework.boot.autoconfigure.jackson.JacksonAutoConfiguration$JacksonObjectMapperBuilderConfiguration' via constructor to bean named 'org.springframework.boot.context.embedded.AnnotationConfigEmbeddedWebApplicationContext@555cf22'
11169 [main] DEBUG o.s.b.f.s.DefaultListableBeanFactory - Autowiring by type from bean name 'org.springframework.boot.autoconfigure.jackson.JacksonAutoConfiguration$JacksonObjectMapperBuilderConfiguration' via constructor to bean named 'spring.jackson-org.springframework.boot.autoconfigure.jackson.JacksonProperties'
11169 [main] DEBUG o.s.b.f.s.DefaultListableBeanFactory - Autowiring by type from bean name 'org.springframework.boot.autoconfigure.jackson.JacksonAutoConfiguration$JacksonObjectMapperBuilderConfiguration' via constructor to bean named 'standardJacksonObjectMapperBuilderCustomizer'
11170 [main] DEBUG o.s.b.f.s.DefaultListableBeanFactory - Eagerly caching bean 'org.springframework.boot.autoconfigure.jackson.JacksonAutoConfiguration$JacksonObjectMapperBuilderConfiguration' to allow for resolving potential circular references
11173 [main] DEBUG o.s.b.f.s.DefaultListableBeanFactory - Finished creating instance of bean 'org.springframework.boot.autoconfigure.jackson.JacksonAutoConfiguration$JacksonObjectMapperBuilderConfiguration'
11173 [main] DEBUG o.s.b.f.s.DefaultListableBeanFactory - Creating shared instance of singleton bean 'jacksonObjectMapperBuilder'
11173 [main] DEBUG o.s.b.f.s.DefaultListableBeanFactory - Creating instance of bean 'jacksonObjectMapperBuilder'
11173 [main] DEBUG o.s.b.f.s.DefaultListableBeanFactory - Returning cached instance of singleton bean 'org.springframework.boot.autoconfigure.jackson.JacksonAutoConfiguration$JacksonObjectMapperBuilderConfiguration'
11174 [main] DEBUG o.s.b.f.s.DefaultListableBeanFactory - Returning cached instance of singleton bean 'standardJacksonObjectMapperBuilderCustomizer'
11174 [main] DEBUG o.s.b.f.s.DefaultListableBeanFactory - Autowiring by type from bean name 'jacksonObjectMapperBuilder' via factory method to bean named 'standardJacksonObjectMapperBuilderCustomizer'
11178 [main] DEBUG o.s.b.f.s.DefaultListableBeanFactory - Creating shared instance of singleton bean 'jsonComponentModule'
11178 [main] DEBUG o.s.b.f.s.DefaultListableBeanFactory - Creating instance of bean 'jsonComponentModule'
11178 [main] DEBUG o.s.b.f.s.DefaultListableBeanFactory - Creating shared instance of singleton bean 'org.springframework.boot.autoconfigure.jackson.JacksonAutoConfiguration'
11178 [main] DEBUG o.s.b.f.s.DefaultListableBeanFactory - Creating instance of bean 'org.springframework.boot.autoconfigure.jackson.JacksonAutoConfiguration'
11178 [main] DEBUG o.s.b.f.s.DefaultListableBeanFactory - Eagerly caching bean 'org.springframework.boot.autoconfigure.jackson.JacksonAutoConfiguration' to allow for resolving potential circular references
11182 [main] DEBUG o.s.b.f.s.DefaultListableBeanFactory - Finished creating instance of bean 'org.springframework.boot.autoconfigure.jackson.JacksonAutoConfiguration'
11186 [main] DEBUG o.s.c.a.CommonAnnotationBeanPostProcessor - Found init method on class [org.springframework.boot.jackson.JsonComponentModule]: public void org.springframework.boot.jackson.JsonComponentModule.registerJsonComponents()
11189 [main] DEBUG o.s.c.a.CommonAnnotationBeanPostProcessor - Registered init method on class [org.springframework.boot.jackson.JsonComponentModule]: org.springframework.beans.factory.annotation.InitDestroyAnnotationBeanPostProcessor$LifecycleElement@65126ba1
11190 [main] DEBUG o.s.b.f.s.DefaultListableBeanFactory - Eagerly caching bean 'jsonComponentModule' to allow for resolving potential circular references
11201 [main] DEBUG o.s.c.a.CommonAnnotationBeanPostProcessor - Invoking init method on bean 'jsonComponentModule': public void org.springframework.boot.jackson.JsonComponentModule.registerJsonComponents()
11217 [main] DEBUG o.s.b.f.s.DefaultListableBeanFactory - Finished creating instance of bean 'jsonComponentModule'
11218 [main] DEBUG o.s.b.f.s.DefaultListableBeanFactory - Eagerly caching bean 'jacksonObjectMapperBuilder' to allow for resolving potential circular references
11221 [main] DEBUG o.s.b.f.s.DefaultListableBeanFactory - Finished creating instance of bean 'jacksonObjectMapperBuilder'
11221 [main] DEBUG o.s.b.f.s.DefaultListableBeanFactory - Creating shared instance of singleton bean 'org.springframework.boot.autoconfigure.jackson.JacksonAutoConfiguration$JacksonObjectMapperConfiguration'
11221 [main] DEBUG o.s.b.f.s.DefaultListableBeanFactory - Creating instance of bean 'org.springframework.boot.autoconfigure.jackson.JacksonAutoConfiguration$JacksonObjectMapperConfiguration'
11221 [main] DEBUG o.s.b.f.s.DefaultListableBeanFactory - Eagerly caching bean 'org.springframework.boot.autoconfigure.jackson.JacksonAutoConfiguration$JacksonObjectMapperConfiguration' to allow for resolving potential circular references
11225 [main] DEBUG o.s.b.f.s.DefaultListableBeanFactory - Finished creating instance of bean 'org.springframework.boot.autoconfigure.jackson.JacksonAutoConfiguration$JacksonObjectMapperConfiguration'
11225 [main] DEBUG o.s.b.f.s.DefaultListableBeanFactory - Creating shared instance of singleton bean 'jacksonObjectMapper'
11225 [main] DEBUG o.s.b.f.s.DefaultListableBeanFactory - Creating instance of bean 'jacksonObjectMapper'
11225 [main] DEBUG o.s.b.f.s.DefaultListableBeanFactory - Returning cached instance of singleton bean 'org.springframework.boot.autoconfigure.jackson.JacksonAutoConfiguration$JacksonObjectMapperConfiguration'
11227 [main] DEBUG o.s.b.f.s.DefaultListableBeanFactory - Returning cached instance of singleton bean 'jacksonObjectMapperBuilder'
11227 [main] DEBUG o.s.b.f.s.DefaultListableBeanFactory - Autowiring by type from bean name 'jacksonObjectMapper' via factory method to bean named 'jacksonObjectMapperBuilder'
11245 [main] DEBUG o.s.b.f.s.DefaultListableBeanFactory - Eagerly caching bean 'jacksonObjectMapper' to allow for resolving potential circular references
11261 [main] DEBUG o.s.b.f.s.DefaultListableBeanFactory - Finished creating instance of bean 'jacksonObjectMapper'
11261 [main] DEBUG o.s.b.f.s.DefaultListableBeanFactory - Returning cached instance of singleton bean 'org.springframework.boot.autoconfigure.jackson.JacksonAutoConfiguration'
11261 [main] DEBUG o.s.b.f.s.DefaultListableBeanFactory - Returning cached instance of singleton bean 'jsonComponentModule'
11261 [main] DEBUG o.s.b.f.s.DefaultListableBeanFactory - Returning cached instance of singleton bean 'org.springframework.boot.autoconfigure.websocket.WebSocketAutoConfiguration$TomcatWebSocketConfiguration'
11261 [main] DEBUG o.s.b.f.s.DefaultListableBeanFactory - Returning cached instance of singleton bean 'websocketContainerCustomizer'
11261 [main] DEBUG o.s.b.f.s.DefaultListableBeanFactory - Creating shared instance of singleton bean 'org.springframework.boot.autoconfigure.websocket.WebSocketAutoConfiguration'
11261 [main] DEBUG o.s.b.f.s.DefaultListableBeanFactory - Creating instance of bean 'org.springframework.boot.autoconfigure.websocket.WebSocketAutoConfiguration'
11262 [main] DEBUG o.s.b.f.s.DefaultListableBeanFactory - Eagerly caching bean 'org.springframework.boot.autoconfigure.websocket.WebSocketAutoConfiguration' to allow for resolving potential circular references
11264 [main] DEBUG o.s.b.f.s.DefaultListableBeanFactory - Finished creating instance of bean 'org.springframework.boot.autoconfigure.websocket.WebSocketAutoConfiguration'
11264 [main] DEBUG o.s.b.f.s.DefaultListableBeanFactory - Returning cached instance of singleton bean 'org.springframework.boot.autoconfigure.web.EmbeddedServletContainerAutoConfiguration$EmbeddedTomcat'
11264 [main] DEBUG o.s.b.f.s.DefaultListableBeanFactory - Returning cached instance of singleton bean 'tomcatEmbeddedServletContainerFactory'
11264 [main] DEBUG o.s.b.f.s.DefaultListableBeanFactory - Creating shared instance of singleton bean 'org.springframework.boot.autoconfigure.web.EmbeddedServletContainerAutoConfiguration'
11264 [main] DEBUG o.s.b.f.s.DefaultListableBeanFactory - Creating instance of bean 'org.springframework.boot.autoconfigure.web.EmbeddedServletContainerAutoConfiguration'
11265 [main] DEBUG o.s.b.f.s.DefaultListableBeanFactory - Eagerly caching bean 'org.springframework.boot.autoconfigure.web.EmbeddedServletContainerAutoConfiguration' to allow for resolving potential circular references
11277 [main] DEBUG o.s.b.f.s.DefaultListableBeanFactory - Finished creating instance of bean 'org.springframework.boot.autoconfigure.web.EmbeddedServletContainerAutoConfiguration'
11278 [main] DEBUG o.s.b.f.s.DefaultListableBeanFactory - Returning cached instance of singleton bean 'embeddedServletContainerCustomizerBeanPostProcessor'
11278 [main] DEBUG o.s.b.f.s.DefaultListableBeanFactory - Returning cached instance of singleton bean 'errorPageRegistrarBeanPostProcessor'
11278 [main] DEBUG o.s.b.f.s.DefaultListableBeanFactory - Returning cached instance of singleton bean 'org.springframework.boot.autoconfigure.web.DispatcherServletAutoConfiguration$DispatcherServletConfiguration'
11278 [main] DEBUG o.s.b.f.s.DefaultListableBeanFactory - Returning cached instance of singleton bean 'dispatcherServlet'
11278 [main] DEBUG o.s.b.f.s.DefaultListableBeanFactory - Returning cached instance of singleton bean 'spring.mvc-org.springframework.boot.autoconfigure.web.WebMvcProperties'
11278 [main] DEBUG o.s.b.f.s.DefaultListableBeanFactory - Returning cached instance of singleton bean 'org.springframework.boot.autoconfigure.web.DispatcherServletAutoConfiguration$DispatcherServletRegistrationConfiguration'
11278 [main] DEBUG o.s.b.f.s.DefaultListableBeanFactory - Returning cached instance of singleton bean 'dispatcherServletRegistration'
11278 [main] DEBUG o.s.b.f.s.DefaultListableBeanFactory - Creating shared instance of singleton bean 'org.springframework.boot.autoconfigure.web.DispatcherServletAutoConfiguration'
11278 [main] DEBUG o.s.b.f.s.DefaultListableBeanFactory - Creating instance of bean 'org.springframework.boot.autoconfigure.web.DispatcherServletAutoConfiguration'
11278 [main] DEBUG o.s.b.f.s.DefaultListableBeanFactory - Eagerly caching bean 'org.springframework.boot.autoconfigure.web.DispatcherServletAutoConfiguration' to allow for resolving potential circular references
11290 [main] DEBUG o.s.b.f.s.DefaultListableBeanFactory - Finished creating instance of bean 'org.springframework.boot.autoconfigure.web.DispatcherServletAutoConfiguration'
11290 [main] DEBUG o.s.b.f.s.DefaultListableBeanFactory - Creating shared instance of singleton bean 'org.springframework.boot.autoconfigure.web.ErrorMvcAutoConfiguration$WhitelabelErrorViewConfiguration'
11290 [main] DEBUG o.s.b.f.s.DefaultListableBeanFactory - Creating instance of bean 'org.springframework.boot.autoconfigure.web.ErrorMvcAutoConfiguration$WhitelabelErrorViewConfiguration'
11292 [main] DEBUG o.s.b.f.s.DefaultListableBeanFactory - Eagerly caching bean 'org.springframework.boot.autoconfigure.web.ErrorMvcAutoConfiguration$WhitelabelErrorViewConfiguration' to allow for resolving potential circular references
11294 [main] DEBUG o.s.b.f.s.DefaultListableBeanFactory - Finished creating instance of bean 'org.springframework.boot.autoconfigure.web.ErrorMvcAutoConfiguration$WhitelabelErrorViewConfiguration'
11294 [main] DEBUG o.s.b.f.s.DefaultListableBeanFactory - Creating shared instance of singleton bean 'error'
11294 [main] DEBUG o.s.b.f.s.DefaultListableBeanFactory - Creating instance of bean 'error'
11295 [main] DEBUG o.s.b.f.s.DefaultListableBeanFactory - Returning cached instance of singleton bean 'org.springframework.boot.autoconfigure.web.ErrorMvcAutoConfiguration$WhitelabelErrorViewConfiguration'
11297 [main] DEBUG o.s.b.f.s.DefaultListableBeanFactory - Eagerly caching bean 'error' to allow for resolving potential circular references
11299 [main] DEBUG o.s.b.f.s.DefaultListableBeanFactory - Finished creating instance of bean 'error'
11299 [main] DEBUG o.s.b.f.s.DefaultListableBeanFactory - Creating shared instance of singleton bean 'beanNameViewResolver'
11299 [main] DEBUG o.s.b.f.s.DefaultListableBeanFactory - Creating instance of bean 'beanNameViewResolver'
11300 [main] DEBUG o.s.b.f.s.DefaultListableBeanFactory - Returning cached instance of singleton bean 'org.springframework.boot.autoconfigure.web.ErrorMvcAutoConfiguration$WhitelabelErrorViewConfiguration'
11301 [main] DEBUG o.s.b.f.s.DefaultListableBeanFactory - Eagerly caching bean 'beanNameViewResolver' to allow for resolving potential circular references
11305 [main] DEBUG o.s.b.f.s.DefaultListableBeanFactory - Finished creating instance of bean 'beanNameViewResolver'
11305 [main] DEBUG o.s.b.f.s.DefaultListableBeanFactory - Returning cached instance of singleton bean 'org.springframework.boot.autoconfigure.web.ErrorMvcAutoConfiguration'
11305 [main] DEBUG o.s.b.f.s.DefaultListableBeanFactory - Returning cached instance of singleton bean 'errorAttributes'
11305 [main] DEBUG o.s.b.f.s.DefaultListableBeanFactory - Creating shared instance of singleton bean 'basicErrorController'
11305 [main] DEBUG o.s.b.f.s.DefaultListableBeanFactory - Creating instance of bean 'basicErrorController'
11305 [main] DEBUG o.s.b.f.s.DefaultListableBeanFactory - Returning cached instance of singleton bean 'org.springframework.boot.autoconfigure.web.ErrorMvcAutoConfiguration'
11307 [main] DEBUG o.s.b.f.s.DefaultListableBeanFactory - Returning cached instance of singleton bean 'errorAttributes'
11307 [main] DEBUG o.s.b.f.s.DefaultListableBeanFactory - Autowiring by type from bean name 'basicErrorController' via factory method to bean named 'errorAttributes'
11310 [main] DEBUG o.s.b.f.s.DefaultListableBeanFactory - Eagerly caching bean 'basicErrorController' to allow for resolving potential circular references
11313 [main] DEBUG o.s.b.f.s.DefaultListableBeanFactory - Finished creating instance of bean 'basicErrorController'
11313 [main] DEBUG o.s.b.f.s.DefaultListableBeanFactory - Returning cached instance of singleton bean 'errorPageCustomizer'
11313 [main] DEBUG o.s.b.f.s.DefaultListableBeanFactory - Returning cached instance of singleton bean 'conventionErrorViewResolver'
11313 [main] DEBUG o.s.b.f.s.DefaultListableBeanFactory - Returning cached instance of singleton bean 'preserveErrorControllerTargetClassPostProcessor'
11313 [main] DEBUG o.s.b.f.s.DefaultListableBeanFactory - Returning cached instance of singleton bean 'spring.resources-org.springframework.boot.autoconfigure.web.ResourceProperties'
11313 [main] DEBUG o.s.b.f.s.DefaultListableBeanFactory - Creating shared instance of singleton bean 'org.springframework.boot.autoconfigure.web.WebMvcAutoConfiguration$EnableWebMvcConfiguration'
11313 [main] DEBUG o.s.b.f.s.DefaultListableBeanFactory - Creating instance of bean 'org.springframework.boot.autoconfigure.web.WebMvcAutoConfiguration$EnableWebMvcConfiguration'
11313 [main] DEBUG o.s.c.LocalVariableTableParameterNameDiscoverer - Cannot find '.class' file for class [class org.springframework.boot.autoconfigure.web.WebMvcAutoConfiguration$EnableWebMvcConfiguration$$EnhancerBySpringCGLIB$$6b633c53] - unable to determine constructor/method parameter names
11314 [main] DEBUG o.s.b.f.s.DefaultListableBeanFactory - Autowiring by type from bean name 'org.springframework.boot.autoconfigure.web.WebMvcAutoConfiguration$EnableWebMvcConfiguration' via constructor to bean named 'org.springframework.beans.factory.support.DefaultListableBeanFactory@56c698e3'
11316 [main] DEBUG o.s.b.f.s.DefaultListableBeanFactory - Returning cached instance of singleton bean 'spring.mvc-org.springframework.boot.autoconfigure.web.WebMvcProperties'
11323 [main] DEBUG o.s.b.f.a.InjectionMetadata - Registered injected element on class [org.springframework.boot.autoconfigure.web.WebMvcAutoConfiguration$EnableWebMvcConfiguration$$EnhancerBySpringCGLIB$$6b633c53]: AutowiredMethodElement for public void org.springframework.web.servlet.config.annotation.DelegatingWebMvcConfiguration.setConfigurers(java.util.List)
11323 [main] DEBUG o.s.b.f.s.DefaultListableBeanFactory - Eagerly caching bean 'org.springframework.boot.autoconfigure.web.WebMvcAutoConfiguration$EnableWebMvcConfiguration' to allow for resolving potential circular references
11324 [main] DEBUG o.s.b.f.a.InjectionMetadata - Processing injected element of bean 'org.springframework.boot.autoconfigure.web.WebMvcAutoConfiguration$EnableWebMvcConfiguration': AutowiredMethodElement for public void org.springframework.web.servlet.config.annotation.DelegatingWebMvcConfiguration.setConfigurers(java.util.List)
11325 [main] DEBUG o.s.b.f.s.DefaultListableBeanFactory - Returning cached instance of singleton bean 'org.springframework.cloud.netflix.eureka.server.EurekaServerConfiguration'
11325 [main] DEBUG o.s.b.f.s.DefaultListableBeanFactory - Creating shared instance of singleton bean 'org.springframework.boot.autoconfigure.web.WebMvcAutoConfiguration$WebMvcAutoConfigurationAdapter'
11325 [main] DEBUG o.s.b.f.s.DefaultListableBeanFactory - Creating instance of bean 'org.springframework.boot.autoconfigure.web.WebMvcAutoConfiguration$WebMvcAutoConfigurationAdapter'
11325 [main] DEBUG o.s.c.LocalVariableTableParameterNameDiscoverer - Cannot find '.class' file for class [class org.springframework.boot.autoconfigure.web.WebMvcAutoConfiguration$WebMvcAutoConfigurationAdapter$$EnhancerBySpringCGLIB$$ff38f1c6] - unable to determine constructor/method parameter names
11326 [main] DEBUG o.s.b.f.s.DefaultListableBeanFactory - Returning cached instance of singleton bean 'spring.resources-org.springframework.boot.autoconfigure.web.ResourceProperties'
11326 [main] DEBUG o.s.b.f.s.DefaultListableBeanFactory - Returning cached instance of singleton bean 'spring.mvc-org.springframework.boot.autoconfigure.web.WebMvcProperties'
11327 [main] DEBUG o.s.b.f.s.DefaultListableBeanFactory - Creating shared instance of singleton bean 'messageConverters'
11327 [main] DEBUG o.s.b.f.s.DefaultListableBeanFactory - Creating instance of bean 'messageConverters'
11327 [main] DEBUG o.s.b.f.s.DefaultListableBeanFactory - Creating shared instance of singleton bean 'org.springframework.boot.autoconfigure.web.HttpMessageConvertersAutoConfiguration'
11327 [main] DEBUG o.s.b.f.s.DefaultListableBeanFactory - Creating instance of bean 'org.springframework.boot.autoconfigure.web.HttpMessageConvertersAutoConfiguration'
11328 [main] DEBUG o.s.c.LocalVariableTableParameterNameDiscoverer - Cannot find '.class' file for class [class org.springframework.boot.autoconfigure.web.HttpMessageConvertersAutoConfiguration$$EnhancerBySpringCGLIB$$a4edb8aa] - unable to determine constructor/method parameter names
11332 [main] DEBUG o.s.b.f.s.DefaultListableBeanFactory - Creating shared instance of singleton bean 'stringHttpMessageConverter'
11332 [main] DEBUG o.s.b.f.s.DefaultListableBeanFactory - Creating instance of bean 'stringHttpMessageConverter'
11332 [main] DEBUG o.s.b.f.s.DefaultListableBeanFactory - Creating shared instance of singleton bean 'org.springframework.boot.autoconfigure.web.HttpMessageConvertersAutoConfiguration$StringHttpMessageConverterConfiguration'
11332 [main] DEBUG o.s.b.f.s.DefaultListableBeanFactory - Creating instance of bean 'org.springframework.boot.autoconfigure.web.HttpMessageConvertersAutoConfiguration$StringHttpMessageConverterConfiguration'
11332 [main] DEBUG o.s.c.LocalVariableTableParameterNameDiscoverer - Cannot find '.class' file for class [class org.springframework.boot.autoconfigure.web.HttpMessageConvertersAutoConfiguration$StringHttpMessageConverterConfiguration$$EnhancerBySpringCGLIB$$6163c34a] - unable to determine constructor/method parameter names
11333 [main] DEBUG o.s.b.f.s.DefaultListableBeanFactory - Returning cached instance of singleton bean 'spring.http.encoding-org.springframework.boot.autoconfigure.web.HttpEncodingProperties'
11333 [main] DEBUG o.s.b.f.s.DefaultListableBeanFactory - Autowiring by type from bean name 'org.springframework.boot.autoconfigure.web.HttpMessageConvertersAutoConfiguration$StringHttpMessageConverterConfiguration' via constructor to bean named 'spring.http.encoding-org.springframework.boot.autoconfigure.web.HttpEncodingProperties'
11334 [main] DEBUG o.s.b.f.s.DefaultListableBeanFactory - Eagerly caching bean 'org.springframework.boot.autoconfigure.web.HttpMessageConvertersAutoConfiguration$StringHttpMessageConverterConfiguration' to allow for resolving potential circular references
11337 [main] DEBUG o.s.b.f.s.DefaultListableBeanFactory - Finished creating instance of bean 'org.springframework.boot.autoconfigure.web.HttpMessageConvertersAutoConfiguration$StringHttpMessageConverterConfiguration'
11343 [main] DEBUG o.s.b.f.s.DefaultListableBeanFactory - Eagerly caching bean 'stringHttpMessageConverter' to allow for resolving potential circular references
11347 [main] DEBUG o.s.b.f.s.DefaultListableBeanFactory - Finished creating instance of bean 'stringHttpMessageConverter'
11347 [main] DEBUG o.s.b.f.s.DefaultListableBeanFactory - Creating shared instance of singleton bean 'mappingJackson2XmlHttpMessageConverter'
11347 [main] DEBUG o.s.b.f.s.DefaultListableBeanFactory - Creating instance of bean 'mappingJackson2XmlHttpMessageConverter'
11347 [main] DEBUG o.s.b.f.s.DefaultListableBeanFactory - Creating shared instance of singleton bean 'org.springframework.boot.autoconfigure.web.JacksonHttpMessageConvertersConfiguration$MappingJackson2XmlHttpMessageConverterConfiguration'
11347 [main] DEBUG o.s.b.f.s.DefaultListableBeanFactory - Creating instance of bean 'org.springframework.boot.autoconfigure.web.JacksonHttpMessageConvertersConfiguration$MappingJackson2XmlHttpMessageConverterConfiguration'
11348 [main] DEBUG o.s.b.f.s.DefaultListableBeanFactory - Eagerly caching bean 'org.springframework.boot.autoconfigure.web.JacksonHttpMessageConvertersConfiguration$MappingJackson2XmlHttpMessageConverterConfiguration' to allow for resolving potential circular references
11351 [main] DEBUG o.s.b.f.s.DefaultListableBeanFactory - Finished creating instance of bean 'org.springframework.boot.autoconfigure.web.JacksonHttpMessageConvertersConfiguration$MappingJackson2XmlHttpMessageConverterConfiguration'
11351 [main] DEBUG o.s.b.f.s.DefaultListableBeanFactory - Returning cached instance of singleton bean 'jacksonObjectMapperBuilder'
11351 [main] DEBUG o.s.b.f.s.DefaultListableBeanFactory - Autowiring by type from bean name 'mappingJackson2XmlHttpMessageConverter' via factory method to bean named 'jacksonObjectMapperBuilder'
11357 [main] DEBUG o.s.b.f.s.DefaultListableBeanFactory - Eagerly caching bean 'mappingJackson2XmlHttpMessageConverter' to allow for resolving potential circular references
11363 [main] DEBUG o.s.b.f.s.DefaultListableBeanFactory - Finished creating instance of bean 'mappingJackson2XmlHttpMessageConverter'
11364 [main] DEBUG o.s.b.f.s.DefaultListableBeanFactory - Creating shared instance of singleton bean 'mappingJackson2HttpMessageConverter'
11364 [main] DEBUG o.s.b.f.s.DefaultListableBeanFactory - Creating instance of bean 'mappingJackson2HttpMessageConverter'
11364 [main] DEBUG o.s.b.f.s.DefaultListableBeanFactory - Creating shared instance of singleton bean 'org.springframework.boot.autoconfigure.web.JacksonHttpMessageConvertersConfiguration$MappingJackson2HttpMessageConverterConfiguration'
11364 [main] DEBUG o.s.b.f.s.DefaultListableBeanFactory - Creating instance of bean 'org.springframework.boot.autoconfigure.web.JacksonHttpMessageConvertersConfiguration$MappingJackson2HttpMessageConverterConfiguration'
11364 [main] DEBUG o.s.b.f.s.DefaultListableBeanFactory - Eagerly caching bean 'org.springframework.boot.autoconfigure.web.JacksonHttpMessageConvertersConfiguration$MappingJackson2HttpMessageConverterConfiguration' to allow for resolving potential circular references
11367 [main] DEBUG o.s.b.f.s.DefaultListableBeanFactory - Finished creating instance of bean 'org.springframework.boot.autoconfigure.web.JacksonHttpMessageConvertersConfiguration$MappingJackson2HttpMessageConverterConfiguration'
11369 [main] DEBUG o.s.b.f.s.DefaultListableBeanFactory - Returning cached instance of singleton bean 'jacksonObjectMapper'
11369 [main] DEBUG o.s.b.f.s.DefaultListableBeanFactory - Autowiring by type from bean name 'mappingJackson2HttpMessageConverter' via factory method to bean named 'jacksonObjectMapper'
11371 [main] DEBUG o.s.b.f.s.DefaultListableBeanFactory - Eagerly caching bean 'mappingJackson2HttpMessageConverter' to allow for resolving potential circular references
11378 [main] DEBUG o.s.b.f.s.DefaultListableBeanFactory - Finished creating instance of bean 'mappingJackson2HttpMessageConverter'
11379 [main] DEBUG o.s.b.f.s.DefaultListableBeanFactory - Eagerly caching bean 'org.springframework.boot.autoconfigure.web.HttpMessageConvertersAutoConfiguration' to allow for resolving potential circular references
11382 [main] DEBUG o.s.b.f.s.DefaultListableBeanFactory - Finished creating instance of bean 'org.springframework.boot.autoconfigure.web.HttpMessageConvertersAutoConfiguration'
11398 [main] DEBUG o.s.b.f.s.DefaultListableBeanFactory - Eagerly caching bean 'messageConverters' to allow for resolving potential circular references
11402 [main] DEBUG o.s.b.f.s.DefaultListableBeanFactory - Finished creating instance of bean 'messageConverters'
11402 [main] DEBUG o.s.b.f.s.DefaultListableBeanFactory - Autowiring by type from bean name 'org.springframework.boot.autoconfigure.web.WebMvcAutoConfiguration$WebMvcAutoConfigurationAdapter' via constructor to bean named 'spring.resources-org.springframework.boot.autoconfigure.web.ResourceProperties'
11402 [main] DEBUG o.s.b.f.s.DefaultListableBeanFactory - Autowiring by type from bean name 'org.springframework.boot.autoconfigure.web.WebMvcAutoConfiguration$WebMvcAutoConfigurationAdapter' via constructor to bean named 'spring.mvc-org.springframework.boot.autoconfigure.web.WebMvcProperties'
11402 [main] DEBUG o.s.b.f.s.DefaultListableBeanFactory - Autowiring by type from bean name 'org.springframework.boot.autoconfigure.web.WebMvcAutoConfiguration$WebMvcAutoConfigurationAdapter' via constructor to bean named 'org.springframework.beans.factory.support.DefaultListableBeanFactory@56c698e3'
11402 [main] DEBUG o.s.b.f.s.DefaultListableBeanFactory - Autowiring by type from bean name 'org.springframework.boot.autoconfigure.web.WebMvcAutoConfiguration$WebMvcAutoConfigurationAdapter' via constructor to bean named 'messageConverters'
11404 [main] DEBUG o.s.b.f.s.DefaultListableBeanFactory - Eagerly caching bean 'org.springframework.boot.autoconfigure.web.WebMvcAutoConfiguration$WebMvcAutoConfigurationAdapter' to allow for resolving potential circular references
11408 [main] DEBUG o.s.b.f.s.DefaultListableBeanFactory - Finished creating instance of bean 'org.springframework.boot.autoconfigure.web.WebMvcAutoConfiguration$WebMvcAutoConfigurationAdapter'
11408 [main] DEBUG o.s.b.f.s.DefaultListableBeanFactory - Creating shared instance of singleton bean 'org.springframework.cloud.netflix.metrics.MetricsInterceptorConfiguration$MetricsWebResourceConfiguration'
11408 [main] DEBUG o.s.b.f.s.DefaultListableBeanFactory - Creating instance of bean 'org.springframework.cloud.netflix.metrics.MetricsInterceptorConfiguration$MetricsWebResourceConfiguration'
11409 [main] DEBUG o.s.b.f.s.DefaultListableBeanFactory - Eagerly caching bean 'org.springframework.cloud.netflix.metrics.MetricsInterceptorConfiguration$MetricsWebResourceConfiguration' to allow for resolving potential circular references
11413 [main] DEBUG o.s.b.f.s.DefaultListableBeanFactory - Finished creating instance of bean 'org.springframework.cloud.netflix.metrics.MetricsInterceptorConfiguration$MetricsWebResourceConfiguration'
11413 [main] DEBUG o.s.b.f.s.DefaultListableBeanFactory - Creating shared instance of singleton bean 'heapdumpMvcEndpoint'
11413 [main] DEBUG o.s.b.f.s.DefaultListableBeanFactory - Creating instance of bean 'heapdumpMvcEndpoint'
11413 [main] DEBUG o.s.b.f.s.DefaultListableBeanFactory - Creating shared instance of singleton bean 'org.springframework.boot.actuate.autoconfigure.EndpointWebMvcManagementContextConfiguration'
11413 [main] DEBUG o.s.b.f.s.DefaultListableBeanFactory - Creating instance of bean 'org.springframework.boot.actuate.autoconfigure.EndpointWebMvcManagementContextConfiguration'
11414 [main] DEBUG o.s.b.f.a.InjectionMetadata - Registered injected element on class [org.springframework.boot.actuate.autoconfigure.EndpointWebMvcManagementContextConfiguration$$EnhancerBySpringCGLIB$$f209ac3f]: AutowiredFieldElement for private org.springframework.boot.actuate.autoconfigure.HealthMvcEndpointProperties org.springframework.boot.actuate.autoconfigure.EndpointWebMvcManagementContextConfiguration.healthMvcEndpointProperties
11414 [main] DEBUG o.s.b.f.a.InjectionMetadata - Registered injected element on class [org.springframework.boot.actuate.autoconfigure.EndpointWebMvcManagementContextConfiguration$$EnhancerBySpringCGLIB$$f209ac3f]: AutowiredFieldElement for private org.springframework.boot.actuate.autoconfigure.ManagementServerProperties org.springframework.boot.actuate.autoconfigure.EndpointWebMvcManagementContextConfiguration.managementServerProperties
11414 [main] DEBUG o.s.b.f.a.InjectionMetadata - Registered injected element on class [org.springframework.boot.actuate.autoconfigure.EndpointWebMvcManagementContextConfiguration$$EnhancerBySpringCGLIB$$f209ac3f]: AutowiredFieldElement for private org.springframework.boot.actuate.autoconfigure.EndpointCorsProperties org.springframework.boot.actuate.autoconfigure.EndpointWebMvcManagementContextConfiguration.corsProperties
11415 [main] DEBUG o.s.b.f.a.InjectionMetadata - Registered injected element on class [org.springframework.boot.actuate.autoconfigure.EndpointWebMvcManagementContextConfiguration$$EnhancerBySpringCGLIB$$f209ac3f]: AutowiredFieldElement for private java.util.List org.springframework.boot.actuate.autoconfigure.EndpointWebMvcManagementContextConfiguration.mappingCustomizers
11415 [main] DEBUG o.s.b.f.s.DefaultListableBeanFactory - Eagerly caching bean 'org.springframework.boot.actuate.autoconfigure.EndpointWebMvcManagementContextConfiguration' to allow for resolving potential circular references
11417 [main] DEBUG o.s.b.f.a.InjectionMetadata - Processing injected element of bean 'org.springframework.boot.actuate.autoconfigure.EndpointWebMvcManagementContextConfiguration': AutowiredFieldElement for private org.springframework.boot.actuate.autoconfigure.HealthMvcEndpointProperties org.springframework.boot.actuate.autoconfigure.EndpointWebMvcManagementContextConfiguration.healthMvcEndpointProperties
11418 [main] DEBUG o.s.b.f.s.DefaultListableBeanFactory - Creating shared instance of singleton bean 'endpoints.health-org.springframework.boot.actuate.autoconfigure.HealthMvcEndpointProperties'
11418 [main] DEBUG o.s.b.f.s.DefaultListableBeanFactory - Creating instance of bean 'endpoints.health-org.springframework.boot.actuate.autoconfigure.HealthMvcEndpointProperties'
11418 [main] DEBUG o.s.b.f.s.DefaultListableBeanFactory - Eagerly caching bean 'endpoints.health-org.springframework.boot.actuate.autoconfigure.HealthMvcEndpointProperties' to allow for resolving potential circular references
11420 [main] DEBUG o.s.core.env.MutablePropertySources - Adding [servletConfigInitParams] PropertySource with lowest search precedence
11420 [main] DEBUG o.s.core.env.MutablePropertySources - Adding [servletContextInitParams] PropertySource with lowest search precedence
11420 [main] DEBUG o.s.core.env.MutablePropertySources - Adding [systemProperties] PropertySource with lowest search precedence
11420 [main] DEBUG o.s.core.env.MutablePropertySources - Adding [systemEnvironment] PropertySource with lowest search precedence
11420 [main] DEBUG o.s.core.env.MutablePropertySources - Adding [random] PropertySource with lowest search precedence
11420 [main] DEBUG o.s.core.env.MutablePropertySources - Adding [applicationConfig: [classpath:/application.properties]] PropertySource with lowest search precedence
11420 [main] DEBUG o.s.core.env.MutablePropertySources - Adding [springCloudClientHostInfo] PropertySource with lowest search precedence
11420 [main] DEBUG o.s.core.env.MutablePropertySources - Adding [class path resource [eureka/server.properties]] PropertySource with lowest search precedence
11420 [main] DEBUG o.s.core.env.MutablePropertySources - Adding [defaultProperties] PropertySource with lowest search precedence
11420 [main] DEBUG o.s.core.env.MutablePropertySources - Adding [localProperties] PropertySource with lowest search precedence
11425 [main] DEBUG o.s.b.f.s.DefaultListableBeanFactory - Finished creating instance of bean 'endpoints.health-org.springframework.boot.actuate.autoconfigure.HealthMvcEndpointProperties'
11425 [main] DEBUG o.s.b.f.a.AutowiredAnnotationBeanPostProcessor - Autowiring by type from bean name 'org.springframework.boot.actuate.autoconfigure.EndpointWebMvcManagementContextConfiguration' to bean named 'endpoints.health-org.springframework.boot.actuate.autoconfigure.HealthMvcEndpointProperties'
11425 [main] DEBUG o.s.b.f.a.InjectionMetadata - Processing injected element of bean 'org.springframework.boot.actuate.autoconfigure.EndpointWebMvcManagementContextConfiguration': AutowiredFieldElement for private org.springframework.boot.actuate.autoconfigure.ManagementServerProperties org.springframework.boot.actuate.autoconfigure.EndpointWebMvcManagementContextConfiguration.managementServerProperties
11426 [main] DEBUG o.s.b.f.s.DefaultListableBeanFactory - Creating shared instance of singleton bean 'managementServerProperties'
11426 [main] DEBUG o.s.b.f.s.DefaultListableBeanFactory - Creating instance of bean 'managementServerProperties'
11426 [main] DEBUG o.s.b.f.s.DefaultListableBeanFactory - Creating shared instance of singleton bean 'org.springframework.boot.actuate.autoconfigure.ManagementServerPropertiesAutoConfiguration'
11426 [main] DEBUG o.s.b.f.s.DefaultListableBeanFactory - Creating instance of bean 'org.springframework.boot.actuate.autoconfigure.ManagementServerPropertiesAutoConfiguration'
11427 [main] DEBUG o.s.b.f.s.DefaultListableBeanFactory - Eagerly caching bean 'org.springframework.boot.actuate.autoconfigure.ManagementServerPropertiesAutoConfiguration' to allow for resolving potential circular references
11433 [main] DEBUG o.s.b.f.s.DefaultListableBeanFactory - Finished creating instance of bean 'org.springframework.boot.actuate.autoconfigure.ManagementServerPropertiesAutoConfiguration'
11439 [main] DEBUG o.s.b.f.s.DefaultListableBeanFactory - Eagerly caching bean 'managementServerProperties' to allow for resolving potential circular references
11444 [main] DEBUG o.s.core.env.MutablePropertySources - Adding [servletConfigInitParams] PropertySource with lowest search precedence
11444 [main] DEBUG o.s.core.env.MutablePropertySources - Adding [servletContextInitParams] PropertySource with lowest search precedence
11444 [main] DEBUG o.s.core.env.MutablePropertySources - Adding [systemProperties] PropertySource with lowest search precedence
11444 [main] DEBUG o.s.core.env.MutablePropertySources - Adding [systemEnvironment] PropertySource with lowest search precedence
11444 [main] DEBUG o.s.core.env.MutablePropertySources - Adding [random] PropertySource with lowest search precedence
11444 [main] DEBUG o.s.core.env.MutablePropertySources - Adding [applicationConfig: [classpath:/application.properties]] PropertySource with lowest search precedence
11444 [main] DEBUG o.s.core.env.MutablePropertySources - Adding [springCloudClientHostInfo] PropertySource with lowest search precedence
11444 [main] DEBUG o.s.core.env.MutablePropertySources - Adding [class path resource [eureka/server.properties]] PropertySource with lowest search precedence
11444 [main] DEBUG o.s.core.env.MutablePropertySources - Adding [defaultProperties] PropertySource with lowest search precedence
11444 [main] DEBUG o.s.core.env.MutablePropertySources - Adding [localProperties] PropertySource with lowest search precedence
11448 [main] DEBUG o.s.b.f.s.DefaultListableBeanFactory - Finished creating instance of bean 'managementServerProperties'
11448 [main] DEBUG o.s.b.f.a.AutowiredAnnotationBeanPostProcessor - Autowiring by type from bean name 'org.springframework.boot.actuate.autoconfigure.EndpointWebMvcManagementContextConfiguration' to bean named 'managementServerProperties'
11448 [main] DEBUG o.s.b.f.a.InjectionMetadata - Processing injected element of bean 'org.springframework.boot.actuate.autoconfigure.EndpointWebMvcManagementContextConfiguration': AutowiredFieldElement for private org.springframework.boot.actuate.autoconfigure.EndpointCorsProperties org.springframework.boot.actuate.autoconfigure.EndpointWebMvcManagementContextConfiguration.corsProperties
11449 [main] DEBUG o.s.b.f.s.DefaultListableBeanFactory - Creating shared instance of singleton bean 'endpoints.cors-org.springframework.boot.actuate.autoconfigure.EndpointCorsProperties'
11449 [main] DEBUG o.s.b.f.s.DefaultListableBeanFactory - Creating instance of bean 'endpoints.cors-org.springframework.boot.actuate.autoconfigure.EndpointCorsProperties'
11451 [main] DEBUG o.s.b.f.s.DefaultListableBeanFactory - Eagerly caching bean 'endpoints.cors-org.springframework.boot.actuate.autoconfigure.EndpointCorsProperties' to allow for resolving potential circular references
11454 [main] DEBUG o.s.core.env.MutablePropertySources - Adding [servletConfigInitParams] PropertySource with lowest search precedence
11454 [main] DEBUG o.s.core.env.MutablePropertySources - Adding [servletContextInitParams] PropertySource with lowest search precedence
11454 [main] DEBUG o.s.core.env.MutablePropertySources - Adding [systemProperties] PropertySource with lowest search precedence
11454 [main] DEBUG o.s.core.env.MutablePropertySources - Adding [systemEnvironment] PropertySource with lowest search precedence
11454 [main] DEBUG o.s.core.env.MutablePropertySources - Adding [random] PropertySource with lowest search precedence
11454 [main] DEBUG o.s.core.env.MutablePropertySources - Adding [applicationConfig: [classpath:/application.properties]] PropertySource with lowest search precedence
11454 [main] DEBUG o.s.core.env.MutablePropertySources - Adding [springCloudClientHostInfo] PropertySource with lowest search precedence
11454 [main] DEBUG o.s.core.env.MutablePropertySources - Adding [class path resource [eureka/server.properties]] PropertySource with lowest search precedence
11454 [main] DEBUG o.s.core.env.MutablePropertySources - Adding [defaultProperties] PropertySource with lowest search precedence
11454 [main] DEBUG o.s.core.env.MutablePropertySources - Adding [localProperties] PropertySource with lowest search precedence
11458 [main] DEBUG o.s.b.f.s.DefaultListableBeanFactory - Finished creating instance of bean 'endpoints.cors-org.springframework.boot.actuate.autoconfigure.EndpointCorsProperties'
11459 [main] DEBUG o.s.b.f.a.AutowiredAnnotationBeanPostProcessor - Autowiring by type from bean name 'org.springframework.boot.actuate.autoconfigure.EndpointWebMvcManagementContextConfiguration' to bean named 'endpoints.cors-org.springframework.boot.actuate.autoconfigure.EndpointCorsProperties'
11459 [main] DEBUG o.s.b.f.a.InjectionMetadata - Processing injected element of bean 'org.springframework.boot.actuate.autoconfigure.EndpointWebMvcManagementContextConfiguration': AutowiredFieldElement for private java.util.List org.springframework.boot.actuate.autoconfigure.EndpointWebMvcManagementContextConfiguration.mappingCustomizers
11461 [main] DEBUG o.s.b.f.s.DefaultListableBeanFactory - Finished creating instance of bean 'org.springframework.boot.actuate.autoconfigure.EndpointWebMvcManagementContextConfiguration'
11470 [main] DEBUG o.s.b.f.s.DefaultListableBeanFactory - Eagerly caching bean 'heapdumpMvcEndpoint' to allow for resolving potential circular references
11475 [main] DEBUG o.s.core.env.MutablePropertySources - Adding [servletConfigInitParams] PropertySource with lowest search precedence
11475 [main] DEBUG o.s.core.env.MutablePropertySources - Adding [servletContextInitParams] PropertySource with lowest search precedence
11475 [main] DEBUG o.s.core.env.MutablePropertySources - Adding [systemProperties] PropertySource with lowest search precedence
11475 [main] DEBUG o.s.core.env.MutablePropertySources - Adding [systemEnvironment] PropertySource with lowest search precedence
11475 [main] DEBUG o.s.core.env.MutablePropertySources - Adding [random] PropertySource with lowest search precedence
11475 [main] DEBUG o.s.core.env.MutablePropertySources - Adding [applicationConfig: [classpath:/application.properties]] PropertySource with lowest search precedence
11475 [main] DEBUG o.s.core.env.MutablePropertySources - Adding [springCloudClientHostInfo] PropertySource with lowest search precedence
11475 [main] DEBUG o.s.core.env.MutablePropertySources - Adding [class path resource [eureka/server.properties]] PropertySource with lowest search precedence
11475 [main] DEBUG o.s.core.env.MutablePropertySources - Adding [defaultProperties] PropertySource with lowest search precedence
11475 [main] DEBUG o.s.core.env.MutablePropertySources - Adding [localProperties] PropertySource with lowest search precedence
11495 [main] DEBUG o.s.b.f.s.DefaultListableBeanFactory - Creating instance of bean 'org.hibernate.validator.internal.constraintvalidators.bv.PatternValidator'
11499 [main] DEBUG o.s.b.f.s.DefaultListableBeanFactory - Finished creating instance of bean 'org.hibernate.validator.internal.constraintvalidators.bv.PatternValidator'
11502 [main] DEBUG o.s.b.f.s.DefaultListableBeanFactory - Finished creating instance of bean 'heapdumpMvcEndpoint'
11502 [main] DEBUG o.s.b.f.s.DefaultListableBeanFactory - Creating shared instance of singleton bean 'observableMVCConfiguration'
11502 [main] DEBUG o.s.b.f.s.DefaultListableBeanFactory - Creating instance of bean 'observableMVCConfiguration'
11502 [main] DEBUG o.s.b.f.s.DefaultListableBeanFactory - Creating shared instance of singleton bean 'org.springframework.cloud.netflix.rx.RxJavaAutoConfiguration$RxJavaReturnValueHandlerConfig'
11502 [main] DEBUG o.s.b.f.s.DefaultListableBeanFactory - Creating instance of bean 'org.springframework.cloud.netflix.rx.RxJavaAutoConfiguration$RxJavaReturnValueHandlerConfig'
11503 [main] DEBUG o.s.b.f.s.DefaultListableBeanFactory - Eagerly caching bean 'org.springframework.cloud.netflix.rx.RxJavaAutoConfiguration$RxJavaReturnValueHandlerConfig' to allow for resolving potential circular references
11506 [main] DEBUG o.s.b.f.s.DefaultListableBeanFactory - Finished creating instance of bean 'org.springframework.cloud.netflix.rx.RxJavaAutoConfiguration$RxJavaReturnValueHandlerConfig'
11507 [main] DEBUG o.s.b.f.s.DefaultListableBeanFactory - Creating shared instance of singleton bean 'singleReturnValueHandler'
11507 [main] DEBUG o.s.b.f.s.DefaultListableBeanFactory - Creating instance of bean 'singleReturnValueHandler'
11507 [main] DEBUG o.s.b.f.s.DefaultListableBeanFactory - Returning cached instance of singleton bean 'org.springframework.cloud.netflix.rx.RxJavaAutoConfiguration$RxJavaReturnValueHandlerConfig'
11514 [main] DEBUG o.s.b.f.s.DefaultListableBeanFactory - Eagerly caching bean 'singleReturnValueHandler' to allow for resolving potential circular references
11516 [main] DEBUG o.s.b.f.s.DefaultListableBeanFactory - Finished creating instance of bean 'singleReturnValueHandler'
11516 [main] DEBUG o.s.b.f.s.DefaultListableBeanFactory - Autowiring by type from bean name 'observableMVCConfiguration' via factory method to bean named 'singleReturnValueHandler'
11517 [main] DEBUG o.s.b.f.s.DefaultListableBeanFactory - Eagerly caching bean 'observableMVCConfiguration' to allow for resolving potential circular references
11520 [main] DEBUG o.s.b.f.s.DefaultListableBeanFactory - Finished creating instance of bean 'observableMVCConfiguration'
11521 [main] DEBUG o.s.b.f.a.AutowiredAnnotationBeanPostProcessor - Autowiring by type from bean name 'org.springframework.boot.autoconfigure.web.WebMvcAutoConfiguration$EnableWebMvcConfiguration' to bean named 'org.springframework.cloud.netflix.eureka.server.EurekaServerConfiguration'
11521 [main] DEBUG o.s.b.f.a.AutowiredAnnotationBeanPostProcessor - Autowiring by type from bean name 'org.springframework.boot.autoconfigure.web.WebMvcAutoConfiguration$EnableWebMvcConfiguration' to bean named 'org.springframework.boot.autoconfigure.web.WebMvcAutoConfiguration$WebMvcAutoConfigurationAdapter'
11521 [main] DEBUG o.s.b.f.a.AutowiredAnnotationBeanPostProcessor - Autowiring by type from bean name 'org.springframework.boot.autoconfigure.web.WebMvcAutoConfiguration$EnableWebMvcConfiguration' to bean named 'org.springframework.cloud.netflix.metrics.MetricsInterceptorConfiguration$MetricsWebResourceConfiguration'
11521 [main] DEBUG o.s.b.f.a.AutowiredAnnotationBeanPostProcessor - Autowiring by type from bean name 'org.springframework.boot.autoconfigure.web.WebMvcAutoConfiguration$EnableWebMvcConfiguration' to bean named 'heapdumpMvcEndpoint'
11521 [main] DEBUG o.s.b.f.a.AutowiredAnnotationBeanPostProcessor - Autowiring by type from bean name 'org.springframework.boot.autoconfigure.web.WebMvcAutoConfiguration$EnableWebMvcConfiguration' to bean named 'observableMVCConfiguration'
11522 [main] DEBUG o.s.b.f.s.DefaultListableBeanFactory - Finished creating instance of bean 'org.springframework.boot.autoconfigure.web.WebMvcAutoConfiguration$EnableWebMvcConfiguration'
11522 [main] DEBUG o.s.b.f.s.DefaultListableBeanFactory - Creating shared instance of singleton bean 'requestMappingHandlerAdapter'
11522 [main] DEBUG o.s.b.f.s.DefaultListableBeanFactory - Creating instance of bean 'requestMappingHandlerAdapter'
11522 [main] DEBUG o.s.b.f.s.DefaultListableBeanFactory - Returning cached instance of singleton bean 'org.springframework.boot.autoconfigure.web.WebMvcAutoConfiguration$EnableWebMvcConfiguration'
11547 [main] DEBUG o.s.b.f.s.DefaultListableBeanFactory - Creating shared instance of singleton bean 'mvcContentNegotiationManager'
11547 [main] DEBUG o.s.b.f.s.DefaultListableBeanFactory - Creating instance of bean 'mvcContentNegotiationManager'
11547 [main] DEBUG o.s.b.f.s.DefaultListableBeanFactory - Returning cached instance of singleton bean 'org.springframework.boot.autoconfigure.web.WebMvcAutoConfiguration$EnableWebMvcConfiguration'
11553 [main] DEBUG o.s.b.f.s.DefaultListableBeanFactory - Eagerly caching bean 'mvcContentNegotiationManager' to allow for resolving potential circular references
11556 [main] DEBUG o.s.b.f.s.DefaultListableBeanFactory - Finished creating instance of bean 'mvcContentNegotiationManager'
11557 [main] DEBUG o.s.b.f.s.DefaultListableBeanFactory - Creating shared instance of singleton bean 'mvcConversionService'
11557 [main] DEBUG o.s.b.f.s.DefaultListableBeanFactory - Creating instance of bean 'mvcConversionService'
11557 [main] DEBUG o.s.b.f.s.DefaultListableBeanFactory - Returning cached instance of singleton bean 'org.springframework.boot.autoconfigure.web.WebMvcAutoConfiguration$EnableWebMvcConfiguration'
11561 [main] DEBUG o.s.b.f.s.DefaultListableBeanFactory - Eagerly caching bean 'mvcConversionService' to allow for resolving potential circular references
11566 [main] DEBUG o.s.b.f.s.DefaultListableBeanFactory - Finished creating instance of bean 'mvcConversionService'
11566 [main] DEBUG o.s.b.f.s.DefaultListableBeanFactory - Creating shared instance of singleton bean 'mvcValidator'
11566 [main] DEBUG o.s.b.f.s.DefaultListableBeanFactory - Creating instance of bean 'mvcValidator'
11566 [main] DEBUG o.s.b.f.s.DefaultListableBeanFactory - Returning cached instance of singleton bean 'org.springframework.boot.autoconfigure.web.WebMvcAutoConfiguration$EnableWebMvcConfiguration'
11568 [main] DEBUG o.s.b.f.s.DefaultListableBeanFactory - Eagerly caching bean 'mvcValidator' to allow for resolving potential circular references
11575 [main] DEBUG o.s.b.f.s.DefaultListableBeanFactory - Invoking afterPropertiesSet() on bean with name 'mvcValidator'
11577 [main] DEBUG o.h.v.i.e.r.DefaultTraversableResolver - Cannot find javax.persistence.Persistence on classpath. Assuming non JPA 2 environment. All properties will per default be traversable.
11577 [main] DEBUG o.h.v.i.engine.ConfigurationImpl - Setting custom MessageInterpolator of type org.springframework.validation.beanvalidation.LocaleContextMessageInterpolator
11577 [main] DEBUG o.h.v.i.engine.ConfigurationImpl - Setting custom ConstraintValidatorFactory of type org.springframework.validation.beanvalidation.SpringConstraintValidatorFactory
11577 [main] DEBUG o.h.v.i.engine.ConfigurationImpl - Setting custom ParameterNameProvider of type com.sun.proxy.$Proxy28
11577 [main] DEBUG o.h.v.i.xml.ValidationXmlParser - Trying to load META-INF/validation.xml for XML based Validator configuration.
11577 [main] DEBUG o.h.v.i.xml.ResourceLoaderHelper - Trying to load META-INF/validation.xml via user class loader
11577 [main] DEBUG o.h.v.i.xml.ResourceLoaderHelper - Trying to load META-INF/validation.xml via TCCL
11577 [main] DEBUG o.h.v.i.xml.ResourceLoaderHelper - Trying to load META-INF/validation.xml via Hibernate Validator's class loader
11577 [main] DEBUG o.h.v.i.xml.ValidationXmlParser - No META-INF/validation.xml found. Using annotation based configuration only.
11579 [main] DEBUG o.s.b.f.s.DefaultListableBeanFactory - Finished creating instance of bean 'mvcValidator'
11585 [main] DEBUG o.s.b.f.s.DefaultListableBeanFactory - Eagerly caching bean 'requestMappingHandlerAdapter' to allow for resolving potential circular references
11594 [main] DEBUG o.s.b.f.s.DefaultListableBeanFactory - Invoking afterPropertiesSet() on bean with name 'requestMappingHandlerAdapter'
11594 [main] INFO  o.s.w.s.m.m.a.RequestMappingHandlerAdapter - Looking for @ControllerAdvice: org.springframework.boot.context.embedded.AnnotationConfigEmbeddedWebApplicationContext@555cf22: startup date [Mon Mar 06 18:59:15 CST 2017]; parent: org.springframework.context.annotation.AnnotationConfigApplicationContext@61386958
11635 [main] DEBUG o.s.b.f.s.DefaultListableBeanFactory - Finished creating instance of bean 'requestMappingHandlerAdapter'
11635 [main] DEBUG o.s.b.f.s.DefaultListableBeanFactory - Creating shared instance of singleton bean 'requestMappingHandlerMapping'
11635 [main] DEBUG o.s.b.f.s.DefaultListableBeanFactory - Creating instance of bean 'requestMappingHandlerMapping'
11635 [main] DEBUG o.s.b.f.s.DefaultListableBeanFactory - Returning cached instance of singleton bean 'org.springframework.boot.autoconfigure.web.WebMvcAutoConfiguration$EnableWebMvcConfiguration'
11646 [main] DEBUG o.s.b.f.s.DefaultListableBeanFactory - Creating shared instance of singleton bean 'servoMonitoringWebResourceInterceptor'
11646 [main] DEBUG o.s.b.f.s.DefaultListableBeanFactory - Creating instance of bean 'servoMonitoringWebResourceInterceptor'
11646 [main] DEBUG o.s.b.f.s.DefaultListableBeanFactory - Returning cached instance of singleton bean 'org.springframework.cloud.netflix.metrics.MetricsInterceptorConfiguration$MetricsWebResourceConfiguration'
11652 [main] DEBUG o.s.b.f.a.InjectionMetadata - Registered injected element on class [org.springframework.cloud.netflix.metrics.MetricsHandlerInterceptor]: AutowiredFieldElement for java.lang.String org.springframework.cloud.netflix.metrics.MetricsHandlerInterceptor.metricName
11652 [main] DEBUG o.s.b.f.a.InjectionMetadata - Registered injected element on class [org.springframework.cloud.netflix.metrics.MetricsHandlerInterceptor]: AutowiredFieldElement for java.lang.String org.springframework.cloud.netflix.metrics.MetricsHandlerInterceptor.callerHeader
11652 [main] DEBUG o.s.b.f.a.InjectionMetadata - Registered injected element on class [org.springframework.cloud.netflix.metrics.MetricsHandlerInterceptor]: AutowiredFieldElement for com.netflix.servo.MonitorRegistry org.springframework.cloud.netflix.metrics.MetricsHandlerInterceptor.registry
11652 [main] DEBUG o.s.b.f.a.InjectionMetadata - Registered injected element on class [org.springframework.cloud.netflix.metrics.MetricsHandlerInterceptor]: AutowiredFieldElement for org.springframework.cloud.netflix.metrics.servo.ServoMonitorCache org.springframework.cloud.netflix.metrics.MetricsHandlerInterceptor.servoMonitorCache
11652 [main] DEBUG o.s.b.f.a.InjectionMetadata - Registered injected element on class [org.springframework.cloud.netflix.metrics.MetricsHandlerInterceptor]: AutowiredFieldElement for java.util.Collection org.springframework.cloud.netflix.metrics.MetricsHandlerInterceptor.tagProviders
11652 [main] DEBUG o.s.b.f.s.DefaultListableBeanFactory - Eagerly caching bean 'servoMonitoringWebResourceInterceptor' to allow for resolving potential circular references
11655 [main] DEBUG o.s.b.f.a.InjectionMetadata - Processing injected element of bean 'servoMonitoringWebResourceInterceptor': AutowiredFieldElement for java.lang.String org.springframework.cloud.netflix.metrics.MetricsHandlerInterceptor.metricName
11655 [main] DEBUG o.s.c.e.PropertySourcesPropertyResolver - Could not find key 'netflix.metrics.rest.metricName:rest' in any property source
11655 [main] DEBUG o.s.c.e.PropertySourcesPropertyResolver - Could not find key 'netflix.metrics.rest.metricName:rest' in any property source
11655 [main] DEBUG o.s.c.e.PropertySourcesPropertyResolver - Could not find key 'netflix.metrics.rest.metricName' in any property source
11655 [main] DEBUG o.s.c.e.PropertySourcesPropertyResolver - Could not find key 'netflix.metrics.rest.metricName' in any property source
11655 [main] DEBUG o.s.b.f.a.InjectionMetadata - Processing injected element of bean 'servoMonitoringWebResourceInterceptor': AutowiredFieldElement for java.lang.String org.springframework.cloud.netflix.metrics.MetricsHandlerInterceptor.callerHeader
11655 [main] DEBUG o.s.c.e.PropertySourcesPropertyResolver - Could not find key 'netflix.metrics.rest.callerHeader:#{null}' in any property source
11655 [main] DEBUG o.s.c.e.PropertySourcesPropertyResolver - Could not find key 'netflix.metrics.rest.callerHeader:#{null}' in any property source
11655 [main] DEBUG o.s.c.e.PropertySourcesPropertyResolver - Could not find key 'netflix.metrics.rest.callerHeader' in any property source
11655 [main] DEBUG o.s.c.e.PropertySourcesPropertyResolver - Could not find key 'netflix.metrics.rest.callerHeader' in any property source
11679 [main] DEBUG o.s.b.f.a.InjectionMetadata - Processing injected element of bean 'servoMonitoringWebResourceInterceptor': AutowiredFieldElement for com.netflix.servo.MonitorRegistry org.springframework.cloud.netflix.metrics.MetricsHandlerInterceptor.registry
11680 [main] DEBUG o.s.b.f.s.DefaultListableBeanFactory - Returning cached instance of singleton bean 'monitorRegistry'
11680 [main] DEBUG o.s.b.f.a.AutowiredAnnotationBeanPostProcessor - Autowiring by type from bean name 'servoMonitoringWebResourceInterceptor' to bean named 'monitorRegistry'
11680 [main] DEBUG o.s.b.f.a.InjectionMetadata - Processing injected element of bean 'servoMonitoringWebResourceInterceptor': AutowiredFieldElement for org.springframework.cloud.netflix.metrics.servo.ServoMonitorCache org.springframework.cloud.netflix.metrics.MetricsHandlerInterceptor.servoMonitorCache
11680 [main] DEBUG o.s.b.f.s.DefaultListableBeanFactory - Creating shared instance of singleton bean 'monitorCache'
11680 [main] DEBUG o.s.b.f.s.DefaultListableBeanFactory - Creating instance of bean 'monitorCache'
11680 [main] DEBUG o.s.b.f.s.DefaultListableBeanFactory - Returning cached instance of singleton bean 'org.springframework.cloud.netflix.metrics.servo.ServoMetricsAutoConfiguration'
11681 [main] DEBUG o.s.b.f.s.DefaultListableBeanFactory - Returning cached instance of singleton bean 'monitorRegistry'
11682 [main] DEBUG o.s.b.f.s.DefaultListableBeanFactory - Returning cached instance of singleton bean 'servoMetricsConfig'
11682 [main] DEBUG o.s.b.f.s.DefaultListableBeanFactory - Autowiring by type from bean name 'monitorCache' via factory method to bean named 'monitorRegistry'
11682 [main] DEBUG o.s.b.f.s.DefaultListableBeanFactory - Autowiring by type from bean name 'monitorCache' via factory method to bean named 'servoMetricsConfig'
11682 [main] DEBUG o.s.b.f.s.DefaultListableBeanFactory - Eagerly caching bean 'monitorCache' to allow for resolving potential circular references
11684 [main] DEBUG o.s.b.f.s.DefaultListableBeanFactory - Finished creating instance of bean 'monitorCache'
11684 [main] DEBUG o.s.b.f.a.AutowiredAnnotationBeanPostProcessor - Autowiring by type from bean name 'servoMonitoringWebResourceInterceptor' to bean named 'monitorCache'
11684 [main] DEBUG o.s.b.f.a.InjectionMetadata - Processing injected element of bean 'servoMonitoringWebResourceInterceptor': AutowiredFieldElement for java.util.Collection org.springframework.cloud.netflix.metrics.MetricsHandlerInterceptor.tagProviders
11685 [main] DEBUG o.s.b.f.s.DefaultListableBeanFactory - Creating shared instance of singleton bean 'defaultMetricsTagProvider'
11685 [main] DEBUG o.s.b.f.s.DefaultListableBeanFactory - Creating instance of bean 'defaultMetricsTagProvider'
11686 [main] DEBUG o.s.b.f.s.DefaultListableBeanFactory - Returning cached instance of singleton bean 'org.springframework.cloud.netflix.metrics.servo.ServoMetricsAutoConfiguration'
11687 [main] DEBUG o.s.b.f.s.DefaultListableBeanFactory - Eagerly caching bean 'defaultMetricsTagProvider' to allow for resolving potential circular references
11689 [main] DEBUG o.s.b.f.s.DefaultListableBeanFactory - Finished creating instance of bean 'defaultMetricsTagProvider'
11690 [main] DEBUG o.s.b.f.a.AutowiredAnnotationBeanPostProcessor - Autowiring by type from bean name 'servoMonitoringWebResourceInterceptor' to bean named 'defaultMetricsTagProvider'
11690 [main] DEBUG o.s.b.f.s.DefaultListableBeanFactory - Finished creating instance of bean 'servoMonitoringWebResourceInterceptor'
11691 [main] DEBUG o.s.b.f.s.DefaultListableBeanFactory - Returning cached instance of singleton bean 'mvcConversionService'
11692 [main] DEBUG o.s.b.f.s.DefaultListableBeanFactory - Creating shared instance of singleton bean 'mvcResourceUrlProvider'
11692 [main] DEBUG o.s.b.f.s.DefaultListableBeanFactory - Creating instance of bean 'mvcResourceUrlProvider'
11692 [main] DEBUG o.s.b.f.s.DefaultListableBeanFactory - Returning cached instance of singleton bean 'org.springframework.boot.autoconfigure.web.WebMvcAutoConfiguration$EnableWebMvcConfiguration'
11693 [main] DEBUG o.s.b.f.s.DefaultListableBeanFactory - Eagerly caching bean 'mvcResourceUrlProvider' to allow for resolving potential circular references
11696 [main] DEBUG o.s.b.f.s.DefaultListableBeanFactory - Finished creating instance of bean 'mvcResourceUrlProvider'
11696 [main] DEBUG o.s.b.f.s.DefaultListableBeanFactory - Returning cached instance of singleton bean 'mvcContentNegotiationManager'
11701 [main] DEBUG o.s.b.f.s.DefaultListableBeanFactory - Eagerly caching bean 'requestMappingHandlerMapping' to allow for resolving potential circular references
11711 [main] DEBUG o.s.b.f.s.DefaultListableBeanFactory - Invoking afterPropertiesSet() on bean with name 'requestMappingHandlerMapping'
11712 [main] DEBUG o.s.w.s.m.m.a.RequestMappingHandlerMapping - Looking for request mappings in application context: org.springframework.boot.context.embedded.AnnotationConfigEmbeddedWebApplicationContext@555cf22: startup date [Mon Mar 06 18:59:15 CST 2017]; parent: org.springframework.context.annotation.AnnotationConfigApplicationContext@61386958
11723 [main] DEBUG o.s.c.e.PropertySourcesPropertyResolver - Could not find key 'eureka.dashboard.path:/' in any property source
11724 [main] DEBUG o.s.c.e.PropertySourcesPropertyResolver - Could not find key 'eureka.dashboard.path:/' in any property source
11724 [main] DEBUG o.s.c.e.PropertySourcesPropertyResolver - Could not find key 'eureka.dashboard.path' in any property source
11724 [main] DEBUG o.s.c.e.PropertySourcesPropertyResolver - Could not find key 'eureka.dashboard.path' in any property source
11724 [main] DEBUG o.s.c.e.PropertySourcesPropertyResolver - Could not find key 'eureka.dashboard.path:/' in any property source
11724 [main] DEBUG o.s.c.e.PropertySourcesPropertyResolver - Could not find key 'eureka.dashboard.path:/' in any property source
11724 [main] DEBUG o.s.c.e.PropertySourcesPropertyResolver - Could not find key 'eureka.dashboard.path' in any property source
11724 [main] DEBUG o.s.c.e.PropertySourcesPropertyResolver - Could not find key 'eureka.dashboard.path' in any property source
11725 [main] DEBUG o.s.w.s.m.m.a.RequestMappingHandlerMapping - 2 request handler methods found on class org.springframework.cloud.netflix.eureka.server.EurekaController: {public java.lang.String org.springframework.cloud.netflix.eureka.server.EurekaController.status(javax.servlet.http.HttpServletRequest,java.util.Map)={[/],methods=[GET]}, public java.lang.String org.springframework.cloud.netflix.eureka.server.EurekaController.lastn(javax.servlet.http.HttpServletRequest,java.util.Map)={[/lastn],methods=[GET]}}
11726 [main] INFO  o.s.w.s.m.m.a.RequestMappingHandlerMapping - Mapped "{[/],methods=[GET]}" onto public java.lang.String org.springframework.cloud.netflix.eureka.server.EurekaController.status(javax.servlet.http.HttpServletRequest,java.util.Map<java.lang.String, java.lang.Object>)
11726 [main] INFO  o.s.w.s.m.m.a.RequestMappingHandlerMapping - Mapped "{[/lastn],methods=[GET]}" onto public java.lang.String org.springframework.cloud.netflix.eureka.server.EurekaController.lastn(javax.servlet.http.HttpServletRequest,java.util.Map<java.lang.String, java.lang.Object>)
11728 [main] DEBUG o.s.c.e.PropertySourcesPropertyResolver - Could not find key 'error.path:/error' in any property source
11728 [main] DEBUG o.s.c.e.PropertySourcesPropertyResolver - Could not find key 'error.path:/error' in any property source
11728 [main] DEBUG o.s.c.e.PropertySourcesPropertyResolver - Could not find key 'error.path' in any property source
11728 [main] DEBUG o.s.c.e.PropertySourcesPropertyResolver - Could not find key 'error.path' in any property source
11728 [main] DEBUG o.s.c.e.PropertySourcesPropertyResolver - Could not find key 'server.error.path:/error' in any property source
11728 [main] DEBUG o.s.c.e.PropertySourcesPropertyResolver - Could not find key 'server.error.path:/error' in any property source
11728 [main] DEBUG o.s.c.e.PropertySourcesPropertyResolver - Could not find key 'server.error.path' in any property source
11728 [main] DEBUG o.s.c.e.PropertySourcesPropertyResolver - Could not find key 'server.error.path' in any property source
11729 [main] DEBUG o.s.c.e.PropertySourcesPropertyResolver - Could not find key 'error.path:/error' in any property source
11729 [main] DEBUG o.s.c.e.PropertySourcesPropertyResolver - Could not find key 'error.path:/error' in any property source
11729 [main] DEBUG o.s.c.e.PropertySourcesPropertyResolver - Could not find key 'error.path' in any property source
11729 [main] DEBUG o.s.c.e.PropertySourcesPropertyResolver - Could not find key 'error.path' in any property source
11729 [main] DEBUG o.s.c.e.PropertySourcesPropertyResolver - Could not find key 'server.error.path:/error' in any property source
11729 [main] DEBUG o.s.c.e.PropertySourcesPropertyResolver - Could not find key 'server.error.path:/error' in any property source
11729 [main] DEBUG o.s.c.e.PropertySourcesPropertyResolver - Could not find key 'server.error.path' in any property source
11729 [main] DEBUG o.s.c.e.PropertySourcesPropertyResolver - Could not find key 'server.error.path' in any property source
11729 [main] DEBUG o.s.w.s.m.m.a.RequestMappingHandlerMapping - 2 request handler methods found on class org.springframework.boot.autoconfigure.web.BasicErrorController: {public org.springframework.http.ResponseEntity org.springframework.boot.autoconfigure.web.BasicErrorController.error(javax.servlet.http.HttpServletRequest)={[/error]}, public org.springframework.web.servlet.ModelAndView org.springframework.boot.autoconfigure.web.BasicErrorController.errorHtml(javax.servlet.http.HttpServletRequest,javax.servlet.http.HttpServletResponse)={[/error],produces=[text/html]}}
11729 [main] INFO  o.s.w.s.m.m.a.RequestMappingHandlerMapping - Mapped "{[/error]}" onto public org.springframework.http.ResponseEntity<java.util.Map<java.lang.String, java.lang.Object>> org.springframework.boot.autoconfigure.web.BasicErrorController.error(javax.servlet.http.HttpServletRequest)
11729 [main] INFO  o.s.w.s.m.m.a.RequestMappingHandlerMapping - Mapped "{[/error],produces=[text/html]}" onto public org.springframework.web.servlet.ModelAndView org.springframework.boot.autoconfigure.web.BasicErrorController.errorHtml(javax.servlet.http.HttpServletRequest,javax.servlet.http.HttpServletResponse)
11734 [main] DEBUG o.s.b.f.s.DefaultListableBeanFactory - Finished creating instance of bean 'requestMappingHandlerMapping'
11734 [main] DEBUG o.s.b.f.s.DefaultListableBeanFactory - Creating shared instance of singleton bean 'mvcPathMatcher'
11734 [main] DEBUG o.s.b.f.s.DefaultListableBeanFactory - Creating instance of bean 'mvcPathMatcher'
11735 [main] DEBUG o.s.b.f.s.DefaultListableBeanFactory - Returning cached instance of singleton bean 'org.springframework.boot.autoconfigure.web.WebMvcAutoConfiguration$EnableWebMvcConfiguration'
11735 [main] DEBUG o.s.b.f.s.DefaultListableBeanFactory - Eagerly caching bean 'mvcPathMatcher' to allow for resolving potential circular references
11738 [main] DEBUG o.s.b.f.s.DefaultListableBeanFactory - Finished creating instance of bean 'mvcPathMatcher'
11738 [main] DEBUG o.s.b.f.s.DefaultListableBeanFactory - Creating shared instance of singleton bean 'mvcUrlPathHelper'
11738 [main] DEBUG o.s.b.f.s.DefaultListableBeanFactory - Creating instance of bean 'mvcUrlPathHelper'
11738 [main] DEBUG o.s.b.f.s.DefaultListableBeanFactory - Returning cached instance of singleton bean 'org.springframework.boot.autoconfigure.web.WebMvcAutoConfiguration$EnableWebMvcConfiguration'
11739 [main] DEBUG o.s.b.f.s.DefaultListableBeanFactory - Eagerly caching bean 'mvcUrlPathHelper' to allow for resolving potential circular references
11740 [main] DEBUG o.s.b.f.s.DefaultListableBeanFactory - Finished creating instance of bean 'mvcUrlPathHelper'
11740 [main] DEBUG o.s.b.f.s.DefaultListableBeanFactory - Returning cached instance of singleton bean 'mvcContentNegotiationManager'
11741 [main] DEBUG o.s.b.f.s.DefaultListableBeanFactory - Creating shared instance of singleton bean 'viewControllerHandlerMapping'
11741 [main] DEBUG o.s.b.f.s.DefaultListableBeanFactory - Creating instance of bean 'viewControllerHandlerMapping'
11741 [main] DEBUG o.s.b.f.s.DefaultListableBeanFactory - Returning cached instance of singleton bean 'org.springframework.boot.autoconfigure.web.WebMvcAutoConfiguration$EnableWebMvcConfiguration'
11741 [main] DEBUG o.s.b.f.s.DefaultListableBeanFactory - Returning cached instance of singleton bean 'mvcPathMatcher'
11741 [main] DEBUG o.s.b.f.s.DefaultListableBeanFactory - Returning cached instance of singleton bean 'mvcUrlPathHelper'
11742 [main] DEBUG o.s.b.f.s.DefaultListableBeanFactory - Eagerly caching bean 'viewControllerHandlerMapping' to allow for resolving potential circular references
11749 [main] DEBUG o.s.b.f.s.DefaultListableBeanFactory - Finished creating instance of bean 'viewControllerHandlerMapping'
11749 [main] DEBUG o.s.b.f.s.DefaultListableBeanFactory - Creating shared instance of singleton bean 'beanNameHandlerMapping'
11749 [main] DEBUG o.s.b.f.s.DefaultListableBeanFactory - Creating instance of bean 'beanNameHandlerMapping'
11749 [main] DEBUG o.s.b.f.s.DefaultListableBeanFactory - Returning cached instance of singleton bean 'org.springframework.boot.autoconfigure.web.WebMvcAutoConfiguration$EnableWebMvcConfiguration'
11751 [main] DEBUG o.s.b.f.s.DefaultListableBeanFactory - Eagerly caching bean 'beanNameHandlerMapping' to allow for resolving potential circular references
11758 [main] DEBUG o.s.w.s.h.BeanNameUrlHandlerMapping - Looking for URL mappings in application context: org.springframework.boot.context.embedded.AnnotationConfigEmbeddedWebApplicationContext@555cf22: startup date [Mon Mar 06 18:59:15 CST 2017]; parent: org.springframework.context.annotation.AnnotationConfigApplicationContext@61386958
11758 [main] DEBUG o.s.w.s.h.BeanNameUrlHandlerMapping - Rejected bean name 'org.springframework.context.annotation.internalConfigurationAnnotationProcessor': no URL paths identified
11758 [main] DEBUG o.s.w.s.h.BeanNameUrlHandlerMapping - Rejected bean name 'org.springframework.context.annotation.internalAutowiredAnnotationProcessor': no URL paths identified
11758 [main] DEBUG o.s.w.s.h.BeanNameUrlHandlerMapping - Rejected bean name 'org.springframework.context.annotation.internalRequiredAnnotationProcessor': no URL paths identified
11758 [main] DEBUG o.s.w.s.h.BeanNameUrlHandlerMapping - Rejected bean name 'org.springframework.context.annotation.internalCommonAnnotationProcessor': no URL paths identified
11758 [main] DEBUG o.s.w.s.h.BeanNameUrlHandlerMapping - Rejected bean name 'org.springframework.context.event.internalEventListenerProcessor': no URL paths identified
11758 [main] DEBUG o.s.w.s.h.BeanNameUrlHandlerMapping - Rejected bean name 'org.springframework.context.event.internalEventListenerFactory': no URL paths identified
11758 [main] DEBUG o.s.w.s.h.BeanNameUrlHandlerMapping - Rejected bean name 'application': no URL paths identified
11758 [main] DEBUG o.s.w.s.h.BeanNameUrlHandlerMapping - Rejected bean name 'org.springframework.boot.autoconfigure.internalCachingMetadataReaderFactory': no URL paths identified
11758 [main] DEBUG o.s.w.s.h.BeanNameUrlHandlerMapping - Rejected bean name 'org.springframework.cloud.netflix.eureka.server.EurekaServerConfiguration$EurekaServerConfigBeanConfiguration': no URL paths identified
11758 [main] DEBUG o.s.w.s.h.BeanNameUrlHandlerMapping - Rejected bean name 'org.springframework.boot.autoconfigure.condition.BeanTypeRegistry': no URL paths identified
11758 [main] DEBUG o.s.w.s.h.BeanNameUrlHandlerMapping - Rejected bean name 'eurekaServerConfig': no URL paths identified
11758 [main] DEBUG o.s.w.s.h.BeanNameUrlHandlerMapping - Rejected bean name 'org.springframework.cloud.netflix.eureka.server.EurekaServerInitializerConfiguration': no URL paths identified
11758 [main] DEBUG o.s.w.s.h.BeanNameUrlHandlerMapping - Rejected bean name 'org.springframework.cloud.netflix.eureka.server.EurekaServerConfiguration': no URL paths identified
11758 [main] DEBUG o.s.w.s.h.BeanNameUrlHandlerMapping - Rejected bean name 'eurekaServerFeature': no URL paths identified
11758 [main] DEBUG o.s.w.s.h.BeanNameUrlHandlerMapping - Rejected bean name 'eurekaController': no URL paths identified
11758 [main] DEBUG o.s.w.s.h.BeanNameUrlHandlerMapping - Rejected bean name 'serverCodecs': no URL paths identified
11758 [main] DEBUG o.s.w.s.h.BeanNameUrlHandlerMapping - Rejected bean name 'peerAwareInstanceRegistry': no URL paths identified
11758 [main] DEBUG o.s.w.s.h.BeanNameUrlHandlerMapping - Rejected bean name 'peerEurekaNodes': no URL paths identified
11758 [main] DEBUG o.s.w.s.h.BeanNameUrlHandlerMapping - Rejected bean name 'eurekaServerContext': no URL paths identified
11758 [main] DEBUG o.s.w.s.h.BeanNameUrlHandlerMapping - Rejected bean name 'eurekaServerBootstrap': no URL paths identified
11758 [main] DEBUG o.s.w.s.h.BeanNameUrlHandlerMapping - Rejected bean name 'jerseyFilterRegistration': no URL paths identified
11758 [main] DEBUG o.s.w.s.h.BeanNameUrlHandlerMapping - Rejected bean name 'jerseyApplication': no URL paths identified
11758 [main] DEBUG o.s.w.s.h.BeanNameUrlHandlerMapping - Rejected bean name 'traceFilterRegistration': no URL paths identified
11758 [main] DEBUG o.s.w.s.h.BeanNameUrlHandlerMapping - Rejected bean name 'eureka.dashboard-org.springframework.cloud.netflix.eureka.server.EurekaDashboardProperties': no URL paths identified
11758 [main] DEBUG o.s.w.s.h.BeanNameUrlHandlerMapping - Rejected bean name 'org.springframework.boot.context.properties.ConfigurationPropertiesBindingPostProcessor': no URL paths identified
11758 [main] DEBUG o.s.w.s.h.BeanNameUrlHandlerMapping - Rejected bean name 'org.springframework.boot.context.properties.ConfigurationPropertiesBindingPostProcessor.store': no URL paths identified
11758 [main] DEBUG o.s.w.s.h.BeanNameUrlHandlerMapping - Rejected bean name 'org.springframework.boot.autoconfigure.AutoConfigurationPackages': no URL paths identified
11758 [main] DEBUG o.s.w.s.h.BeanNameUrlHandlerMapping - Rejected bean name 'org.springframework.cloud.netflix.eureka.EurekaDiscoveryClientConfiguration$EurekaHealthIndicatorConfiguration': no URL paths identified
11758 [main] DEBUG o.s.w.s.h.BeanNameUrlHandlerMapping - Rejected bean name 'eurekaHealthIndicator': no URL paths identified
11758 [main] DEBUG o.s.w.s.h.BeanNameUrlHandlerMapping - Rejected bean name 'org.springframework.cloud.netflix.eureka.EurekaDiscoveryClientConfiguration$EurekaClientConfigurationRefresher': no URL paths identified
11758 [main] DEBUG o.s.w.s.h.BeanNameUrlHandlerMapping - Rejected bean name 'org.springframework.cloud.netflix.eureka.EurekaDiscoveryClientConfiguration': no URL paths identified
11759 [main] DEBUG o.s.w.s.h.BeanNameUrlHandlerMapping - Rejected bean name 'org.springframework.boot.autoconfigure.PropertyPlaceholderAutoConfiguration': no URL paths identified
11759 [main] DEBUG o.s.w.s.h.BeanNameUrlHandlerMapping - Rejected bean name 'propertySourcesPlaceholderConfigurer': no URL paths identified
11759 [main] DEBUG o.s.w.s.h.BeanNameUrlHandlerMapping - Rejected bean name 'org.springframework.boot.autoconfigure.jackson.JacksonAutoConfiguration$Jackson2ObjectMapperBuilderCustomizerConfiguration': no URL paths identified
11759 [main] DEBUG o.s.w.s.h.BeanNameUrlHandlerMapping - Rejected bean name 'standardJacksonObjectMapperBuilderCustomizer': no URL paths identified
11759 [main] DEBUG o.s.w.s.h.BeanNameUrlHandlerMapping - Rejected bean name 'spring.jackson-org.springframework.boot.autoconfigure.jackson.JacksonProperties': no URL paths identified
11759 [main] DEBUG o.s.w.s.h.BeanNameUrlHandlerMapping - Rejected bean name 'org.springframework.boot.autoconfigure.jackson.JacksonAutoConfiguration$JacksonObjectMapperBuilderConfiguration': no URL paths identified
11759 [main] DEBUG o.s.w.s.h.BeanNameUrlHandlerMapping - Rejected bean name 'jacksonObjectMapperBuilder': no URL paths identified
11759 [main] DEBUG o.s.w.s.h.BeanNameUrlHandlerMapping - Rejected bean name 'org.springframework.boot.autoconfigure.jackson.JacksonAutoConfiguration$JacksonObjectMapperConfiguration': no URL paths identified
11759 [main] DEBUG o.s.w.s.h.BeanNameUrlHandlerMapping - Rejected bean name 'jacksonObjectMapper': no URL paths identified
11759 [main] DEBUG o.s.w.s.h.BeanNameUrlHandlerMapping - Rejected bean name 'org.springframework.boot.autoconfigure.jackson.JacksonAutoConfiguration': no URL paths identified
11759 [main] DEBUG o.s.w.s.h.BeanNameUrlHandlerMapping - Rejected bean name 'jsonComponentModule': no URL paths identified
11759 [main] DEBUG o.s.w.s.h.BeanNameUrlHandlerMapping - Rejected bean name 'org.springframework.boot.autoconfigure.websocket.WebSocketAutoConfiguration$TomcatWebSocketConfiguration': no URL paths identified
11759 [main] DEBUG o.s.w.s.h.BeanNameUrlHandlerMapping - Rejected bean name 'websocketContainerCustomizer': no URL paths identified
11759 [main] DEBUG o.s.w.s.h.BeanNameUrlHandlerMapping - Rejected bean name 'org.springframework.boot.autoconfigure.websocket.WebSocketAutoConfiguration': no URL paths identified
11759 [main] DEBUG o.s.w.s.h.BeanNameUrlHandlerMapping - Rejected bean name 'org.springframework.boot.autoconfigure.web.EmbeddedServletContainerAutoConfiguration$EmbeddedTomcat': no URL paths identified
11759 [main] DEBUG o.s.w.s.h.BeanNameUrlHandlerMapping - Rejected bean name 'tomcatEmbeddedServletContainerFactory': no URL paths identified
11759 [main] DEBUG o.s.w.s.h.BeanNameUrlHandlerMapping - Rejected bean name 'org.springframework.boot.autoconfigure.web.EmbeddedServletContainerAutoConfiguration': no URL paths identified
11759 [main] DEBUG o.s.w.s.h.BeanNameUrlHandlerMapping - Rejected bean name 'embeddedServletContainerCustomizerBeanPostProcessor': no URL paths identified
11759 [main] DEBUG o.s.w.s.h.BeanNameUrlHandlerMapping - Rejected bean name 'errorPageRegistrarBeanPostProcessor': no URL paths identified
11759 [main] DEBUG o.s.w.s.h.BeanNameUrlHandlerMapping - Rejected bean name 'org.springframework.boot.autoconfigure.web.DispatcherServletAutoConfiguration$DispatcherServletConfiguration': no URL paths identified
11759 [main] DEBUG o.s.w.s.h.BeanNameUrlHandlerMapping - Rejected bean name 'dispatcherServlet': no URL paths identified
11759 [main] DEBUG o.s.w.s.h.BeanNameUrlHandlerMapping - Rejected bean name 'spring.mvc-org.springframework.boot.autoconfigure.web.WebMvcProperties': no URL paths identified
11759 [main] DEBUG o.s.w.s.h.BeanNameUrlHandlerMapping - Rejected bean name 'org.springframework.boot.autoconfigure.web.DispatcherServletAutoConfiguration$DispatcherServletRegistrationConfiguration': no URL paths identified
11759 [main] DEBUG o.s.w.s.h.BeanNameUrlHandlerMapping - Rejected bean name 'dispatcherServletRegistration': no URL paths identified
11759 [main] DEBUG o.s.w.s.h.BeanNameUrlHandlerMapping - Rejected bean name 'org.springframework.boot.autoconfigure.web.DispatcherServletAutoConfiguration': no URL paths identified
11759 [main] DEBUG o.s.w.s.h.BeanNameUrlHandlerMapping - Rejected bean name 'org.springframework.boot.autoconfigure.web.ErrorMvcAutoConfiguration$WhitelabelErrorViewConfiguration': no URL paths identified
11759 [main] DEBUG o.s.w.s.h.BeanNameUrlHandlerMapping - Rejected bean name 'error': no URL paths identified
11759 [main] DEBUG o.s.w.s.h.BeanNameUrlHandlerMapping - Rejected bean name 'beanNameViewResolver': no URL paths identified
11759 [main] DEBUG o.s.w.s.h.BeanNameUrlHandlerMapping - Rejected bean name 'org.springframework.boot.autoconfigure.web.ErrorMvcAutoConfiguration': no URL paths identified
11759 [main] DEBUG o.s.w.s.h.BeanNameUrlHandlerMapping - Rejected bean name 'errorAttributes': no URL paths identified
11759 [main] DEBUG o.s.w.s.h.BeanNameUrlHandlerMapping - Rejected bean name 'basicErrorController': no URL paths identified
11759 [main] DEBUG o.s.w.s.h.BeanNameUrlHandlerMapping - Rejected bean name 'errorPageCustomizer': no URL paths identified
11759 [main] DEBUG o.s.w.s.h.BeanNameUrlHandlerMapping - Rejected bean name 'conventionErrorViewResolver': no URL paths identified
11759 [main] DEBUG o.s.w.s.h.BeanNameUrlHandlerMapping - Rejected bean name 'preserveErrorControllerTargetClassPostProcessor': no URL paths identified
11759 [main] DEBUG o.s.w.s.h.BeanNameUrlHandlerMapping - Rejected bean name 'spring.resources-org.springframework.boot.autoconfigure.web.ResourceProperties': no URL paths identified
11759 [main] DEBUG o.s.w.s.h.BeanNameUrlHandlerMapping - Rejected bean name 'org.springframework.boot.autoconfigure.web.WebMvcAutoConfiguration$EnableWebMvcConfiguration': no URL paths identified
11759 [main] DEBUG o.s.w.s.h.BeanNameUrlHandlerMapping - Rejected bean name 'requestMappingHandlerAdapter': no URL paths identified
11759 [main] DEBUG o.s.w.s.h.BeanNameUrlHandlerMapping - Rejected bean name 'requestMappingHandlerMapping': no URL paths identified
11759 [main] DEBUG o.s.w.s.h.BeanNameUrlHandlerMapping - Rejected bean name 'mvcPathMatcher': no URL paths identified
11759 [main] DEBUG o.s.w.s.h.BeanNameUrlHandlerMapping - Rejected bean name 'mvcUrlPathHelper': no URL paths identified
11759 [main] DEBUG o.s.w.s.h.BeanNameUrlHandlerMapping - Rejected bean name 'mvcContentNegotiationManager': no URL paths identified
11759 [main] DEBUG o.s.w.s.h.BeanNameUrlHandlerMapping - Rejected bean name 'viewControllerHandlerMapping': no URL paths identified
11759 [main] DEBUG o.s.w.s.h.BeanNameUrlHandlerMapping - Rejected bean name 'beanNameHandlerMapping': no URL paths identified
11759 [main] DEBUG o.s.w.s.h.BeanNameUrlHandlerMapping - Rejected bean name 'resourceHandlerMapping': no URL paths identified
11759 [main] DEBUG o.s.w.s.h.BeanNameUrlHandlerMapping - Rejected bean name 'mvcResourceUrlProvider': no URL paths identified
11759 [main] DEBUG o.s.w.s.h.BeanNameUrlHandlerMapping - Rejected bean name 'defaultServletHandlerMapping': no URL paths identified
11759 [main] DEBUG o.s.w.s.h.BeanNameUrlHandlerMapping - Rejected bean name 'mvcConversionService': no URL paths identified
11759 [main] DEBUG o.s.w.s.h.BeanNameUrlHandlerMapping - Rejected bean name 'mvcValidator': no URL paths identified
11759 [main] DEBUG o.s.w.s.h.BeanNameUrlHandlerMapping - Rejected bean name 'mvcUriComponentsContributor': no URL paths identified
11759 [main] DEBUG o.s.w.s.h.BeanNameUrlHandlerMapping - Rejected bean name 'httpRequestHandlerAdapter': no URL paths identified
11759 [main] DEBUG o.s.w.s.h.BeanNameUrlHandlerMapping - Rejected bean name 'simpleControllerHandlerAdapter': no URL paths identified
11759 [main] DEBUG o.s.w.s.h.BeanNameUrlHandlerMapping - Rejected bean name 'handlerExceptionResolver': no URL paths identified
11759 [main] DEBUG o.s.w.s.h.BeanNameUrlHandlerMapping - Rejected bean name 'mvcViewResolver': no URL paths identified
11759 [main] DEBUG o.s.w.s.h.BeanNameUrlHandlerMapping - Rejected bean name 'org.springframework.boot.autoconfigure.web.WebMvcAutoConfiguration$WebMvcAutoConfigurationAdapter$FaviconConfiguration': no URL paths identified
11759 [main] DEBUG o.s.w.s.h.BeanNameUrlHandlerMapping - Rejected bean name 'faviconHandlerMapping': no URL paths identified
11759 [main] DEBUG o.s.w.s.h.BeanNameUrlHandlerMapping - Rejected bean name 'faviconRequestHandler': no URL paths identified
11759 [main] DEBUG o.s.w.s.h.BeanNameUrlHandlerMapping - Rejected bean name 'org.springframework.boot.autoconfigure.web.WebMvcAutoConfiguration$WebMvcAutoConfigurationAdapter': no URL paths identified
11759 [main] DEBUG o.s.w.s.h.BeanNameUrlHandlerMapping - Rejected bean name 'defaultViewResolver': no URL paths identified
11759 [main] DEBUG o.s.w.s.h.BeanNameUrlHandlerMapping - Rejected bean name 'viewResolver': no URL paths identified
11759 [main] DEBUG o.s.w.s.h.BeanNameUrlHandlerMapping - Rejected bean name 'welcomePageHandlerMapping': no URL paths identified
11759 [main] DEBUG o.s.w.s.h.BeanNameUrlHandlerMapping - Rejected bean name 'requestContextFilter': no URL paths identified
11759 [main] DEBUG o.s.w.s.h.BeanNameUrlHandlerMapping - Rejected bean name 'org.springframework.boot.autoconfigure.web.WebMvcAutoConfiguration': no URL paths identified
11759 [main] DEBUG o.s.w.s.h.BeanNameUrlHandlerMapping - Rejected bean name 'hiddenHttpMethodFilter': no URL paths identified
11759 [main] DEBUG o.s.w.s.h.BeanNameUrlHandlerMapping - Rejected bean name 'httpPutFormContentFilter': no URL paths identified
11759 [main] DEBUG o.s.w.s.h.BeanNameUrlHandlerMapping - Rejected bean name 'org.springframework.cloud.autoconfigure.RefreshAutoConfiguration': no URL paths identified
11759 [main] DEBUG o.s.w.s.h.BeanNameUrlHandlerMapping - Rejected bean name 'refreshScope': no URL paths identified
11759 [main] DEBUG o.s.w.s.h.BeanNameUrlHandlerMapping - Rejected bean name 'loggingRebinder': no URL paths identified
11759 [main] DEBUG o.s.w.s.h.BeanNameUrlHandlerMapping - Rejected bean name 'environmentManager': no URL paths identified
11759 [main] DEBUG o.s.w.s.h.BeanNameUrlHandlerMapping - Rejected bean name 'contextRefresher': no URL paths identified
11759 [main] DEBUG o.s.w.s.h.BeanNameUrlHandlerMapping - Rejected bean name 'org.springframework.cloud.netflix.eureka.EurekaClientAutoConfiguration$RefreshableEurekaClientConfiguration': no URL paths identified
11759 [main] DEBUG o.s.w.s.h.BeanNameUrlHandlerMapping - Rejected bean name 'scopedTarget.eurekaClient': no URL paths identified
11759 [main] DEBUG o.s.w.s.h.BeanNameUrlHandlerMapping - Rejected bean name 'eurekaClient': no URL paths identified
11759 [main] DEBUG o.s.w.s.h.BeanNameUrlHandlerMapping - Rejected bean name 'scopedTarget.eurekaApplicationInfoManager': no URL paths identified
11759 [main] DEBUG o.s.w.s.h.BeanNameUrlHandlerMapping - Rejected bean name 'eurekaApplicationInfoManager': no URL paths identified
11759 [main] DEBUG o.s.w.s.h.BeanNameUrlHandlerMapping - Rejected bean name 'org.springframework.cloud.netflix.eureka.EurekaClientAutoConfiguration': no URL paths identified
11759 [main] DEBUG o.s.w.s.h.BeanNameUrlHandlerMapping - Rejected bean name 'eurekaFeature': no URL paths identified
11759 [main] DEBUG o.s.w.s.h.BeanNameUrlHandlerMapping - Rejected bean name 'eurekaClientConfigBean': no URL paths identified
11759 [main] DEBUG o.s.w.s.h.BeanNameUrlHandlerMapping - Rejected bean name 'eurekaInstanceConfigBean': no URL paths identified
11759 [main] DEBUG o.s.w.s.h.BeanNameUrlHandlerMapping - Rejected bean name 'discoveryClient': no URL paths identified
11759 [main] DEBUG o.s.w.s.h.BeanNameUrlHandlerMapping - Rejected bean name 'discoveryClientOptionalArgs': no URL paths identified
11759 [main] DEBUG o.s.w.s.h.BeanNameUrlHandlerMapping - Rejected bean name 'org.springframework.cloud.client.CommonsClientAutoConfiguration$ActuatorConfiguration': no URL paths identified
11759 [main] DEBUG o.s.w.s.h.BeanNameUrlHandlerMapping - Rejected bean name 'featuresEndpoint': no URL paths identified
11759 [main] DEBUG o.s.w.s.h.BeanNameUrlHandlerMapping - Rejected bean name 'org.springframework.cloud.client.CommonsClientAutoConfiguration': no URL paths identified
11759 [main] DEBUG o.s.w.s.h.BeanNameUrlHandlerMapping - Rejected bean name 'discoveryClientHealthIndicator': no URL paths identified
11759 [main] DEBUG o.s.w.s.h.BeanNameUrlHandlerMapping - Rejected bean name 'discoveryCompositeHealthIndicator': no URL paths identified
11759 [main] DEBUG o.s.w.s.h.BeanNameUrlHandlerMapping - Rejected bean name 'commonsFeatures': no URL paths identified
11759 [main] DEBUG o.s.w.s.h.BeanNameUrlHandlerMapping - Rejected bean name 'org.springframework.cloud.commons.util.UtilAutoConfiguration': no URL paths identified
11759 [main] DEBUG o.s.w.s.h.BeanNameUrlHandlerMapping - Rejected bean name 'inetUtilsProperties': no URL paths identified
11759 [main] DEBUG o.s.w.s.h.BeanNameUrlHandlerMapping - Rejected bean name 'inetUtils': no URL paths identified
11759 [main] DEBUG o.s.w.s.h.BeanNameUrlHandlerMapping - Rejected bean name 'org.springframework.boot.actuate.autoconfigure.AuditAutoConfiguration$AuditEventRepositoryConfiguration': no URL paths identified
11759 [main] DEBUG o.s.w.s.h.BeanNameUrlHandlerMapping - Rejected bean name 'auditEventRepository': no URL paths identified
11759 [main] DEBUG o.s.w.s.h.BeanNameUrlHandlerMapping - Rejected bean name 'org.springframework.boot.actuate.autoconfigure.AuditAutoConfiguration': no URL paths identified
11759 [main] DEBUG o.s.w.s.h.BeanNameUrlHandlerMapping - Rejected bean name 'auditListener': no URL paths identified
11759 [main] DEBUG o.s.w.s.h.BeanNameUrlHandlerMapping - Rejected bean name 'org.springframework.boot.autoconfigure.info.ProjectInfoAutoConfiguration': no URL paths identified
11759 [main] DEBUG o.s.w.s.h.BeanNameUrlHandlerMapping - Rejected bean name 'spring.info-org.springframework.boot.autoconfigure.info.ProjectInfoProperties': no URL paths identified
11759 [main] DEBUG o.s.w.s.h.BeanNameUrlHandlerMapping - Rejected bean name 'org.springframework.boot.actuate.autoconfigure.InfoContributorAutoConfiguration': no URL paths identified
11759 [main] DEBUG o.s.w.s.h.BeanNameUrlHandlerMapping - Rejected bean name 'envInfoContributor': no URL paths identified
11759 [main] DEBUG o.s.w.s.h.BeanNameUrlHandlerMapping - Rejected bean name 'management.info-org.springframework.boot.actuate.autoconfigure.InfoContributorProperties': no URL paths identified
11759 [main] DEBUG o.s.w.s.h.BeanNameUrlHandlerMapping - Rejected bean name 'org.springframework.boot.actuate.autoconfigure.HealthIndicatorAutoConfiguration$DiskSpaceHealthIndicatorConfiguration': no URL paths identified
11759 [main] DEBUG o.s.w.s.h.BeanNameUrlHandlerMapping - Rejected bean name 'diskSpaceHealthIndicator': no URL paths identified
11759 [main] DEBUG o.s.w.s.h.BeanNameUrlHandlerMapping - Rejected bean name 'diskSpaceHealthIndicatorProperties': no URL paths identified
11760 [main] DEBUG o.s.w.s.h.BeanNameUrlHandlerMapping - Rejected bean name 'org.springframework.boot.actuate.autoconfigure.HealthIndicatorAutoConfiguration': no URL paths identified
11760 [main] DEBUG o.s.w.s.h.BeanNameUrlHandlerMapping - Rejected bean name 'healthAggregator': no URL paths identified
11760 [main] DEBUG o.s.w.s.h.BeanNameUrlHandlerMapping - Rejected bean name 'management.health.status-org.springframework.boot.actuate.autoconfigure.HealthIndicatorProperties': no URL paths identified
11760 [main] DEBUG o.s.w.s.h.BeanNameUrlHandlerMapping - Rejected bean name 'org.springframework.cloud.netflix.metrics.MetricsInterceptorConfiguration$MetricsWebResourceConfiguration': no URL paths identified
11760 [main] DEBUG o.s.w.s.h.BeanNameUrlHandlerMapping - Rejected bean name 'servoMonitoringWebResourceInterceptor': no URL paths identified
11760 [main] DEBUG o.s.w.s.h.BeanNameUrlHandlerMapping - Rejected bean name 'org.springframework.cloud.netflix.metrics.MetricsInterceptorConfiguration': no URL paths identified
11760 [main] DEBUG o.s.w.s.h.BeanNameUrlHandlerMapping - Rejected bean name 'org.springframework.cloud.netflix.metrics.servo.ServoMetricsAutoConfiguration': no URL paths identified
11760 [main] DEBUG o.s.w.s.h.BeanNameUrlHandlerMapping - Rejected bean name 'servoMetricsConfig': no URL paths identified
11760 [main] DEBUG o.s.w.s.h.BeanNameUrlHandlerMapping - Rejected bean name 'servoMetricNaming': no URL paths identified
11760 [main] DEBUG o.s.w.s.h.BeanNameUrlHandlerMapping - Rejected bean name 'monitorRegistry': no URL paths identified
11760 [main] DEBUG o.s.w.s.h.BeanNameUrlHandlerMapping - Rejected bean name 'monitorCache': no URL paths identified
11760 [main] DEBUG o.s.w.s.h.BeanNameUrlHandlerMapping - Rejected bean name 'servoMetricReader': no URL paths identified
11760 [main] DEBUG o.s.w.s.h.BeanNameUrlHandlerMapping - Rejected bean name 'servoPublicMetrics': no URL paths identified
11760 [main] DEBUG o.s.w.s.h.BeanNameUrlHandlerMapping - Rejected bean name 'servoMetricServices': no URL paths identified
11760 [main] DEBUG o.s.w.s.h.BeanNameUrlHandlerMapping - Rejected bean name 'defaultMetricsTagProvider': no URL paths identified
11760 [main] DEBUG o.s.w.s.h.BeanNameUrlHandlerMapping - Rejected bean name 'org.springframework.boot.actuate.autoconfigure.MetricRepositoryAutoConfiguration': no URL paths identified
11760 [main] DEBUG o.s.w.s.h.BeanNameUrlHandlerMapping - Rejected bean name 'org.springframework.boot.autoconfigure.jmx.JmxAutoConfiguration': no URL paths identified
11760 [main] DEBUG o.s.w.s.h.BeanNameUrlHandlerMapping - Rejected bean name 'mbeanExporter': no URL paths identified
11760 [main] DEBUG o.s.w.s.h.BeanNameUrlHandlerMapping - Rejected bean name 'objectNamingStrategy': no URL paths identified
11760 [main] DEBUG o.s.w.s.h.BeanNameUrlHandlerMapping - Rejected bean name 'mbeanServer': no URL paths identified
11760 [main] DEBUG o.s.w.s.h.BeanNameUrlHandlerMapping - Rejected bean name 'org.springframework.boot.actuate.autoconfigure.PublicMetricsAutoConfiguration$TomcatMetricsConfiguration': no URL paths identified
11760 [main] DEBUG o.s.w.s.h.BeanNameUrlHandlerMapping - Rejected bean name 'tomcatPublicMetrics': no URL paths identified
11760 [main] DEBUG o.s.w.s.h.BeanNameUrlHandlerMapping - Rejected bean name 'org.springframework.boot.actuate.autoconfigure.PublicMetricsAutoConfiguration': no URL paths identified
11760 [main] DEBUG o.s.w.s.h.BeanNameUrlHandlerMapping - Rejected bean name 'systemPublicMetrics': no URL paths identified
11760 [main] DEBUG o.s.w.s.h.BeanNameUrlHandlerMapping - Rejected bean name 'metricReaderPublicMetrics': no URL paths identified
11760 [main] DEBUG o.s.w.s.h.BeanNameUrlHandlerMapping - Rejected bean name 'org.springframework.boot.actuate.autoconfigure.EndpointAutoConfiguration$RequestMappingEndpointConfiguration': no URL paths identified
11760 [main] DEBUG o.s.w.s.h.BeanNameUrlHandlerMapping - Rejected bean name 'requestMappingEndpoint': no URL paths identified
11760 [main] DEBUG o.s.w.s.h.BeanNameUrlHandlerMapping - Rejected bean name 'org.springframework.boot.actuate.autoconfigure.EndpointAutoConfiguration': no URL paths identified
11760 [main] DEBUG o.s.w.s.h.BeanNameUrlHandlerMapping - Rejected bean name 'environmentEndpoint': no URL paths identified
11760 [main] DEBUG o.s.w.s.h.BeanNameUrlHandlerMapping - Rejected bean name 'healthEndpoint': no URL paths identified
11760 [main] DEBUG o.s.w.s.h.BeanNameUrlHandlerMapping - Rejected bean name 'beansEndpoint': no URL paths identified
11760 [main] DEBUG o.s.w.s.h.BeanNameUrlHandlerMapping - Rejected bean name 'infoEndpoint': no URL paths identified
11760 [main] DEBUG o.s.w.s.h.BeanNameUrlHandlerMapping - Rejected bean name 'metricsEndpoint': no URL paths identified
11760 [main] DEBUG o.s.w.s.h.BeanNameUrlHandlerMapping - Rejected bean name 'traceEndpoint': no URL paths identified
11760 [main] DEBUG o.s.w.s.h.BeanNameUrlHandlerMapping - Rejected bean name 'dumpEndpoint': no URL paths identified
11760 [main] DEBUG o.s.w.s.h.BeanNameUrlHandlerMapping - Rejected bean name 'autoConfigurationReportEndpoint': no URL paths identified
11760 [main] DEBUG o.s.w.s.h.BeanNameUrlHandlerMapping - Rejected bean name 'shutdownEndpoint': no URL paths identified
11760 [main] DEBUG o.s.w.s.h.BeanNameUrlHandlerMapping - Rejected bean name 'configurationPropertiesReportEndpoint': no URL paths identified
11760 [main] DEBUG o.s.w.s.h.BeanNameUrlHandlerMapping - Rejected bean name 'endpoints-org.springframework.boot.actuate.endpoint.EndpointProperties': no URL paths identified
11760 [main] DEBUG o.s.w.s.h.BeanNameUrlHandlerMapping - Rejected bean name 'org.springframework.boot.actuate.autoconfigure.EndpointMBeanExportAutoConfiguration': no URL paths identified
11760 [main] DEBUG o.s.w.s.h.BeanNameUrlHandlerMapping - Rejected bean name 'endpointMBeanExporter': no URL paths identified
11760 [main] DEBUG o.s.w.s.h.BeanNameUrlHandlerMapping - Rejected bean name 'endpoints.jmx-org.springframework.boot.actuate.autoconfigure.EndpointMBeanExportProperties': no URL paths identified
11760 [main] DEBUG o.s.w.s.h.BeanNameUrlHandlerMapping - Rejected bean name 'org.springframework.boot.autoconfigure.web.ServerPropertiesAutoConfiguration': no URL paths identified
11760 [main] DEBUG o.s.w.s.h.BeanNameUrlHandlerMapping - Rejected bean name 'serverProperties': no URL paths identified
11760 [main] DEBUG o.s.w.s.h.BeanNameUrlHandlerMapping - Rejected bean name 'duplicateServerPropertiesDetector': no URL paths identified
11760 [main] DEBUG o.s.w.s.h.BeanNameUrlHandlerMapping - Rejected bean name 'org.springframework.boot.actuate.autoconfigure.ManagementServerPropertiesAutoConfiguration': no URL paths identified
11760 [main] DEBUG o.s.w.s.h.BeanNameUrlHandlerMapping - Rejected bean name 'managementServerProperties': no URL paths identified
11760 [main] DEBUG o.s.w.s.h.BeanNameUrlHandlerMapping - Rejected bean name 'org.springframework.boot.autoconfigure.web.HttpMessageConvertersAutoConfiguration$StringHttpMessageConverterConfiguration': no URL paths identified
11760 [main] DEBUG o.s.w.s.h.BeanNameUrlHandlerMapping - Rejected bean name 'stringHttpMessageConverter': no URL paths identified
11760 [main] DEBUG o.s.w.s.h.BeanNameUrlHandlerMapping - Rejected bean name 'spring.http.encoding-org.springframework.boot.autoconfigure.web.HttpEncodingProperties': no URL paths identified
11760 [main] DEBUG o.s.w.s.h.BeanNameUrlHandlerMapping - Rejected bean name 'org.springframework.boot.autoconfigure.web.JacksonHttpMessageConvertersConfiguration$MappingJackson2XmlHttpMessageConverterConfiguration': no URL paths identified
11760 [main] DEBUG o.s.w.s.h.BeanNameUrlHandlerMapping - Rejected bean name 'mappingJackson2XmlHttpMessageConverter': no URL paths identified
11760 [main] DEBUG o.s.w.s.h.BeanNameUrlHandlerMapping - Rejected bean name 'org.springframework.boot.autoconfigure.web.JacksonHttpMessageConvertersConfiguration$MappingJackson2HttpMessageConverterConfiguration': no URL paths identified
11760 [main] DEBUG o.s.w.s.h.BeanNameUrlHandlerMapping - Rejected bean name 'mappingJackson2HttpMessageConverter': no URL paths identified
11760 [main] DEBUG o.s.w.s.h.BeanNameUrlHandlerMapping - Rejected bean name 'org.springframework.boot.autoconfigure.web.JacksonHttpMessageConvertersConfiguration': no URL paths identified
11760 [main] DEBUG o.s.w.s.h.BeanNameUrlHandlerMapping - Rejected bean name 'org.springframework.boot.autoconfigure.web.HttpMessageConvertersAutoConfiguration': no URL paths identified
11760 [main] DEBUG o.s.w.s.h.BeanNameUrlHandlerMapping - Rejected bean name 'messageConverters': no URL paths identified
11760 [main] DEBUG o.s.w.s.h.BeanNameUrlHandlerMapping - Rejected bean name 'org.springframework.boot.actuate.autoconfigure.EndpointWebMvcManagementContextConfiguration': no URL paths identified
11760 [main] DEBUG o.s.w.s.h.BeanNameUrlHandlerMapping - Rejected bean name 'endpointHandlerMapping': no URL paths identified
11760 [main] DEBUG o.s.w.s.h.BeanNameUrlHandlerMapping - Rejected bean name 'mvcEndpoints': no URL paths identified
11760 [main] DEBUG o.s.w.s.h.BeanNameUrlHandlerMapping - Rejected bean name 'environmentMvcEndpoint': no URL paths identified
11760 [main] DEBUG o.s.w.s.h.BeanNameUrlHandlerMapping - Rejected bean name 'heapdumpMvcEndpoint': no URL paths identified
11760 [main] DEBUG o.s.w.s.h.BeanNameUrlHandlerMapping - Rejected bean name 'healthMvcEndpoint': no URL paths identified
11760 [main] DEBUG o.s.w.s.h.BeanNameUrlHandlerMapping - Rejected bean name 'metricsMvcEndpoint': no URL paths identified
11760 [main] DEBUG o.s.w.s.h.BeanNameUrlHandlerMapping - Rejected bean name 'endpoints.health-org.springframework.boot.actuate.autoconfigure.HealthMvcEndpointProperties': no URL paths identified
11760 [main] DEBUG o.s.w.s.h.BeanNameUrlHandlerMapping - Rejected bean name 'endpoints.cors-org.springframework.boot.actuate.autoconfigure.EndpointCorsProperties': no URL paths identified
11760 [main] DEBUG o.s.w.s.h.BeanNameUrlHandlerMapping - Rejected bean name 'org.springframework.boot.actuate.autoconfigure.EndpointWebMvcAutoConfiguration$EndpointWebMvcConfiguration': no URL paths identified
11760 [main] DEBUG o.s.w.s.h.BeanNameUrlHandlerMapping - Rejected bean name 'org.springframework.boot.actuate.autoconfigure.EndpointWebMvcAutoConfiguration$ApplicationContextFilterConfiguration': no URL paths identified
11760 [main] DEBUG o.s.w.s.h.BeanNameUrlHandlerMapping - Rejected bean name 'applicationContextIdFilter': no URL paths identified
11760 [main] DEBUG o.s.w.s.h.BeanNameUrlHandlerMapping - Rejected bean name 'org.springframework.boot.actuate.autoconfigure.EndpointWebMvcAutoConfiguration': no URL paths identified
11760 [main] DEBUG o.s.w.s.h.BeanNameUrlHandlerMapping - Rejected bean name 'managementContextResolver': no URL paths identified
11760 [main] DEBUG o.s.w.s.h.BeanNameUrlHandlerMapping - Rejected bean name 'managementServletContext': no URL paths identified
11760 [main] DEBUG o.s.w.s.h.BeanNameUrlHandlerMapping - Rejected bean name 'org.springframework.boot.actuate.autoconfigure.MetricExportAutoConfiguration$MetricExportPropertiesConfiguration': no URL paths identified
11760 [main] DEBUG o.s.w.s.h.BeanNameUrlHandlerMapping - Rejected bean name 'spring.metrics.export-org.springframework.boot.actuate.metrics.export.MetricExportProperties': no URL paths identified
11760 [main] DEBUG o.s.w.s.h.BeanNameUrlHandlerMapping - Rejected bean name 'org.springframework.boot.actuate.autoconfigure.MetricExportAutoConfiguration$StatsdConfiguration': no URL paths identified
11760 [main] DEBUG o.s.w.s.h.BeanNameUrlHandlerMapping - Rejected bean name 'org.springframework.scheduling.annotation.SchedulingConfiguration': no URL paths identified
11760 [main] DEBUG o.s.w.s.h.BeanNameUrlHandlerMapping - Rejected bean name 'org.springframework.context.annotation.internalScheduledAnnotationProcessor': no URL paths identified
11761 [main] DEBUG o.s.w.s.h.BeanNameUrlHandlerMapping - Rejected bean name 'org.springframework.boot.actuate.autoconfigure.MetricExportAutoConfiguration': no URL paths identified
11761 [main] DEBUG o.s.w.s.h.BeanNameUrlHandlerMapping - Rejected bean name 'metricWritersMetricExporter': no URL paths identified
11761 [main] DEBUG o.s.w.s.h.BeanNameUrlHandlerMapping - Rejected bean name 'org.springframework.boot.actuate.autoconfigure.MetricFilterAutoConfiguration': no URL paths identified
11761 [main] DEBUG o.s.w.s.h.BeanNameUrlHandlerMapping - Rejected bean name 'metricsFilter': no URL paths identified
11761 [main] DEBUG o.s.w.s.h.BeanNameUrlHandlerMapping - Rejected bean name 'endpoints.metrics.filter-org.springframework.boot.actuate.autoconfigure.MetricFilterProperties': no URL paths identified
11761 [main] DEBUG o.s.w.s.h.BeanNameUrlHandlerMapping - Rejected bean name 'org.springframework.boot.actuate.autoconfigure.TraceRepositoryAutoConfiguration': no URL paths identified
11761 [main] DEBUG o.s.w.s.h.BeanNameUrlHandlerMapping - Rejected bean name 'traceRepository': no URL paths identified
11761 [main] DEBUG o.s.w.s.h.BeanNameUrlHandlerMapping - Rejected bean name 'org.springframework.boot.actuate.autoconfigure.TraceWebFilterAutoConfiguration': no URL paths identified
11761 [main] DEBUG o.s.w.s.h.BeanNameUrlHandlerMapping - Rejected bean name 'webRequestLoggingFilter': no URL paths identified
11761 [main] DEBUG o.s.w.s.h.BeanNameUrlHandlerMapping - Rejected bean name 'management.trace-org.springframework.boot.actuate.trace.TraceProperties': no URL paths identified
11761 [main] DEBUG o.s.w.s.h.BeanNameUrlHandlerMapping - Rejected bean name 'org.springframework.boot.autoconfigure.context.ConfigurationPropertiesAutoConfiguration': no URL paths identified
11761 [main] DEBUG o.s.w.s.h.BeanNameUrlHandlerMapping - Rejected bean name 'org.springframework.boot.autoconfigure.freemarker.FreeMarkerAutoConfiguration$FreeMarkerWebConfiguration': no URL paths identified
11761 [main] DEBUG o.s.w.s.h.BeanNameUrlHandlerMapping - Rejected bean name 'freeMarkerConfigurer': no URL paths identified
11761 [main] DEBUG o.s.w.s.h.BeanNameUrlHandlerMapping - Rejected bean name 'freeMarkerConfiguration': no URL paths identified
11761 [main] DEBUG o.s.w.s.h.BeanNameUrlHandlerMapping - Rejected bean name 'freeMarkerViewResolver': no URL paths identified
11761 [main] DEBUG o.s.w.s.h.BeanNameUrlHandlerMapping - Rejected bean name 'org.springframework.boot.autoconfigure.freemarker.FreeMarkerAutoConfiguration': no URL paths identified
11761 [main] DEBUG o.s.w.s.h.BeanNameUrlHandlerMapping - Rejected bean name 'spring.freemarker-org.springframework.boot.autoconfigure.freemarker.FreeMarkerProperties': no URL paths identified
11761 [main] DEBUG o.s.w.s.h.BeanNameUrlHandlerMapping - Rejected bean name 'org.springframework.boot.autoconfigure.web.HttpEncodingAutoConfiguration': no URL paths identified
11761 [main] DEBUG o.s.w.s.h.BeanNameUrlHandlerMapping - Rejected bean name 'characterEncodingFilter': no URL paths identified
11761 [main] DEBUG o.s.w.s.h.BeanNameUrlHandlerMapping - Rejected bean name 'localeCharsetMappingsCustomizer': no URL paths identified
11761 [main] DEBUG o.s.w.s.h.BeanNameUrlHandlerMapping - Rejected bean name 'org.springframework.boot.autoconfigure.web.MultipartAutoConfiguration': no URL paths identified
11761 [main] DEBUG o.s.w.s.h.BeanNameUrlHandlerMapping - Rejected bean name 'multipartConfigElement': no URL paths identified
11761 [main] DEBUG o.s.w.s.h.BeanNameUrlHandlerMapping - Rejected bean name 'multipartResolver': no URL paths identified
11761 [main] DEBUG o.s.w.s.h.BeanNameUrlHandlerMapping - Rejected bean name 'spring.http.multipart-org.springframework.boot.autoconfigure.web.MultipartProperties': no URL paths identified
11761 [main] DEBUG o.s.w.s.h.BeanNameUrlHandlerMapping - Rejected bean name 'org.springframework.boot.autoconfigure.web.WebClientAutoConfiguration$RestTemplateConfiguration': no URL paths identified
11761 [main] DEBUG o.s.w.s.h.BeanNameUrlHandlerMapping - Rejected bean name 'restTemplateBuilder': no URL paths identified
11761 [main] DEBUG o.s.w.s.h.BeanNameUrlHandlerMapping - Rejected bean name 'org.springframework.boot.autoconfigure.web.WebClientAutoConfiguration': no URL paths identified
11761 [main] DEBUG o.s.w.s.h.BeanNameUrlHandlerMapping - Rejected bean name 'org.springframework.cloud.autoconfigure.ConfigurationPropertiesRebinderAutoConfiguration': no URL paths identified
11761 [main] DEBUG o.s.w.s.h.BeanNameUrlHandlerMapping - Rejected bean name 'configurationPropertiesBeans': no URL paths identified
11761 [main] DEBUG o.s.w.s.h.BeanNameUrlHandlerMapping - Rejected bean name 'configurationPropertiesRebinder': no URL paths identified
11761 [main] DEBUG o.s.w.s.h.BeanNameUrlHandlerMapping - Rejected bean name 'org.springframework.cloud.autoconfigure.RefreshEndpointAutoConfiguration$RefreshEndpointConfiguration': no URL paths identified
11761 [main] DEBUG o.s.w.s.h.BeanNameUrlHandlerMapping - Rejected bean name 'refreshEndpoint': no URL paths identified
11761 [main] DEBUG o.s.w.s.h.BeanNameUrlHandlerMapping - Rejected bean name 'refreshEventListener': no URL paths identified
11761 [main] DEBUG o.s.w.s.h.BeanNameUrlHandlerMapping - Rejected bean name 'org.springframework.cloud.autoconfigure.RefreshEndpointAutoConfiguration$RestartEndpointWithoutIntegration': no URL paths identified
11761 [main] DEBUG o.s.w.s.h.BeanNameUrlHandlerMapping - Rejected bean name 'restartEndpoint': no URL paths identified
11761 [main] DEBUG o.s.w.s.h.BeanNameUrlHandlerMapping - Rejected bean name 'org.springframework.cloud.autoconfigure.RefreshEndpointAutoConfiguration': no URL paths identified
11761 [main] DEBUG o.s.w.s.h.BeanNameUrlHandlerMapping - Rejected bean name 'refreshScopeHealthIndicator': no URL paths identified
11761 [main] DEBUG o.s.w.s.h.BeanNameUrlHandlerMapping - Rejected bean name 'pauseEndpoint': no URL paths identified
11761 [main] DEBUG o.s.w.s.h.BeanNameUrlHandlerMapping - Rejected bean name 'resumeEndpoint': no URL paths identified
11761 [main] DEBUG o.s.w.s.h.BeanNameUrlHandlerMapping - Rejected bean name 'org.springframework.cloud.autoconfigure.LifecycleMvcEndpointAutoConfiguration': no URL paths identified
11761 [main] DEBUG o.s.w.s.h.BeanNameUrlHandlerMapping - Rejected bean name 'environmentManagerEndpoint': no URL paths identified
11761 [main] DEBUG o.s.w.s.h.BeanNameUrlHandlerMapping - Rejected bean name 'refreshMvcEndpoint': no URL paths identified
11761 [main] DEBUG o.s.w.s.h.BeanNameUrlHandlerMapping - Rejected bean name 'restartMvcEndpoint': no URL paths identified
11761 [main] DEBUG o.s.w.s.h.BeanNameUrlHandlerMapping - Rejected bean name 'pauseMvcEndpoint': no URL paths identified
11761 [main] DEBUG o.s.w.s.h.BeanNameUrlHandlerMapping - Rejected bean name 'resumeMvcEndpoint': no URL paths identified
11761 [main] DEBUG o.s.w.s.h.BeanNameUrlHandlerMapping - Rejected bean name 'org.springframework.cloud.netflix.ribbon.RibbonAutoConfiguration': no URL paths identified
11761 [main] DEBUG o.s.w.s.h.BeanNameUrlHandlerMapping - Rejected bean name 'ribbonFeature': no URL paths identified
11761 [main] DEBUG o.s.w.s.h.BeanNameUrlHandlerMapping - Rejected bean name 'springClientFactory': no URL paths identified
11761 [main] DEBUG o.s.w.s.h.BeanNameUrlHandlerMapping - Rejected bean name 'loadBalancerClient': no URL paths identified
11761 [main] DEBUG o.s.w.s.h.BeanNameUrlHandlerMapping - Rejected bean name 'default.org.springframework.cloud.netflix.ribbon.RibbonAutoConfiguration.RibbonClientSpecification': no URL paths identified
11761 [main] DEBUG o.s.w.s.h.BeanNameUrlHandlerMapping - Rejected bean name 'org.springframework.cloud.client.loadbalancer.LoadBalancerAutoConfiguration': no URL paths identified
11761 [main] DEBUG o.s.w.s.h.BeanNameUrlHandlerMapping - Rejected bean name 'loadBalancedRestTemplateInitializer': no URL paths identified
11761 [main] DEBUG o.s.w.s.h.BeanNameUrlHandlerMapping - Rejected bean name 'restTemplateCustomizer': no URL paths identified
11761 [main] DEBUG o.s.w.s.h.BeanNameUrlHandlerMapping - Rejected bean name 'ribbonInterceptor': no URL paths identified
11761 [main] DEBUG o.s.w.s.h.BeanNameUrlHandlerMapping - Rejected bean name 'org.springframework.cloud.netflix.archaius.ArchaiusAutoConfiguration$PropagateEventsConfiguration': no URL paths identified
11761 [main] DEBUG o.s.w.s.h.BeanNameUrlHandlerMapping - Rejected bean name 'org.springframework.cloud.netflix.archaius.ArchaiusAutoConfiguration$ArchaiusEndpointConfiguration': no URL paths identified
11761 [main] DEBUG o.s.w.s.h.BeanNameUrlHandlerMapping - Rejected bean name 'archaiusEndpoint': no URL paths identified
11761 [main] DEBUG o.s.w.s.h.BeanNameUrlHandlerMapping - Rejected bean name 'org.springframework.cloud.netflix.archaius.ArchaiusAutoConfiguration': no URL paths identified
11761 [main] DEBUG o.s.w.s.h.BeanNameUrlHandlerMapping - Rejected bean name 'configurableEnvironmentConfiguration': no URL paths identified
11761 [main] DEBUG o.s.w.s.h.BeanNameUrlHandlerMapping - Rejected bean name 'org.springframework.cloud.netflix.hystrix.HystrixAutoConfiguration': no URL paths identified
11761 [main] DEBUG o.s.w.s.h.BeanNameUrlHandlerMapping - Rejected bean name 'hystrixHealthIndicator': no URL paths identified
11761 [main] DEBUG o.s.w.s.h.BeanNameUrlHandlerMapping - Rejected bean name 'org.springframework.cloud.netflix.ribbon.eureka.RibbonEurekaAutoConfiguration': no URL paths identified
11761 [main] DEBUG o.s.w.s.h.BeanNameUrlHandlerMapping - Rejected bean name 'default.org.springframework.cloud.netflix.ribbon.eureka.RibbonEurekaAutoConfiguration.RibbonClientSpecification': no URL paths identified
11762 [main] DEBUG o.s.w.s.h.BeanNameUrlHandlerMapping - Rejected bean name 'org.springframework.cloud.netflix.rx.RxJavaAutoConfiguration$RxJavaReturnValueHandlerConfig': no URL paths identified
11762 [main] DEBUG o.s.w.s.h.BeanNameUrlHandlerMapping - Rejected bean name 'singleReturnValueHandler': no URL paths identified
11762 [main] DEBUG o.s.w.s.h.BeanNameUrlHandlerMapping - Rejected bean name 'observableMVCConfiguration': no URL paths identified
11762 [main] DEBUG o.s.w.s.h.BeanNameUrlHandlerMapping - Rejected bean name 'rxFeature': no URL paths identified
11762 [main] DEBUG o.s.w.s.h.BeanNameUrlHandlerMapping - Rejected bean name 'org.springframework.cloud.netflix.rx.RxJavaAutoConfiguration': no URL paths identified
11762 [main] DEBUG o.s.w.s.h.BeanNameUrlHandlerMapping - Rejected bean name 'autoConfigurationReport': no URL paths identified
11762 [main] DEBUG o.s.w.s.h.BeanNameUrlHandlerMapping - Rejected bean name 'springApplicationArguments': no URL paths identified
11762 [main] DEBUG o.s.w.s.h.BeanNameUrlHandlerMapping - Rejected bean name 'springBootBanner': no URL paths identified
11762 [main] DEBUG o.s.w.s.h.BeanNameUrlHandlerMapping - Rejected bean name 'environment': no URL paths identified
11762 [main] DEBUG o.s.w.s.h.BeanNameUrlHandlerMapping - Rejected bean name 'systemProperties': no URL paths identified
11762 [main] DEBUG o.s.w.s.h.BeanNameUrlHandlerMapping - Rejected bean name 'systemEnvironment': no URL paths identified
11762 [main] DEBUG o.s.w.s.h.BeanNameUrlHandlerMapping - Rejected bean name 'org.springframework.context.annotation.ConfigurationClassPostProcessor.importRegistry': no URL paths identified
11762 [main] DEBUG o.s.w.s.h.BeanNameUrlHandlerMapping - Rejected bean name 'messageSource': no URL paths identified
11762 [main] DEBUG o.s.w.s.h.BeanNameUrlHandlerMapping - Rejected bean name 'applicationEventMulticaster': no URL paths identified
11762 [main] DEBUG o.s.w.s.h.BeanNameUrlHandlerMapping - Rejected bean name 'servletContext': no URL paths identified
11762 [main] DEBUG o.s.w.s.h.BeanNameUrlHandlerMapping - Rejected bean name 'contextParameters': no URL paths identified
11762 [main] DEBUG o.s.w.s.h.BeanNameUrlHandlerMapping - Rejected bean name 'contextAttributes': no URL paths identified
11762 [main] DEBUG o.s.b.f.s.DefaultListableBeanFactory - Finished creating instance of bean 'beanNameHandlerMapping'
11762 [main] DEBUG o.s.b.f.s.DefaultListableBeanFactory - Creating shared instance of singleton bean 'resourceHandlerMapping'
11762 [main] DEBUG o.s.b.f.s.DefaultListableBeanFactory - Creating instance of bean 'resourceHandlerMapping'
11763 [main] DEBUG o.s.b.f.s.DefaultListableBeanFactory - Returning cached instance of singleton bean 'org.springframework.boot.autoconfigure.web.WebMvcAutoConfiguration$EnableWebMvcConfiguration'
11763 [main] DEBUG o.s.b.f.s.DefaultListableBeanFactory - Returning cached instance of singleton bean 'mvcContentNegotiationManager'
11768 [main] DEBUG o.s.b.f.s.DefaultListableBeanFactory - Returning cached instance of singleton bean 'mvcPathMatcher'
11768 [main] DEBUG o.s.b.f.s.DefaultListableBeanFactory - Returning cached instance of singleton bean 'mvcUrlPathHelper'
11768 [main] DEBUG o.s.b.f.s.DefaultListableBeanFactory - Returning cached instance of singleton bean 'mvcResourceUrlProvider'
11769 [main] DEBUG o.s.b.f.s.DefaultListableBeanFactory - Eagerly caching bean 'resourceHandlerMapping' to allow for resolving potential circular references
11775 [main] INFO  o.s.w.s.h.SimpleUrlHandlerMapping - Mapped URL path [/webjars/**] onto handler of type [class org.springframework.web.servlet.resource.ResourceHttpRequestHandler]
11776 [main] INFO  o.s.w.s.h.SimpleUrlHandlerMapping - Mapped URL path [/**] onto handler of type [class org.springframework.web.servlet.resource.ResourceHttpRequestHandler]
11776 [main] DEBUG o.s.b.f.s.DefaultListableBeanFactory - Finished creating instance of bean 'resourceHandlerMapping'
11776 [main] DEBUG o.s.b.f.s.DefaultListableBeanFactory - Returning cached instance of singleton bean 'mvcResourceUrlProvider'
11776 [main] DEBUG o.s.b.f.s.DefaultListableBeanFactory - Creating shared instance of singleton bean 'defaultServletHandlerMapping'
11776 [main] DEBUG o.s.b.f.s.DefaultListableBeanFactory - Creating instance of bean 'defaultServletHandlerMapping'
11776 [main] DEBUG o.s.b.f.s.DefaultListableBeanFactory - Returning cached instance of singleton bean 'org.springframework.boot.autoconfigure.web.WebMvcAutoConfiguration$EnableWebMvcConfiguration'
11777 [main] DEBUG o.s.b.f.s.DefaultListableBeanFactory - Eagerly caching bean 'defaultServletHandlerMapping' to allow for resolving potential circular references
11778 [main] DEBUG o.s.b.f.s.DefaultListableBeanFactory - Finished creating instance of bean 'defaultServletHandlerMapping'
11778 [main] DEBUG o.s.b.f.s.DefaultListableBeanFactory - Returning cached instance of singleton bean 'mvcConversionService'
11778 [main] DEBUG o.s.b.f.s.DefaultListableBeanFactory - Returning cached instance of singleton bean 'mvcValidator'
11778 [main] DEBUG o.s.b.f.s.DefaultListableBeanFactory - Creating shared instance of singleton bean 'mvcUriComponentsContributor'
11778 [main] DEBUG o.s.b.f.s.DefaultListableBeanFactory - Creating instance of bean 'mvcUriComponentsContributor'
11778 [main] DEBUG o.s.b.f.s.DefaultListableBeanFactory - Returning cached instance of singleton bean 'org.springframework.boot.autoconfigure.web.WebMvcAutoConfiguration$EnableWebMvcConfiguration'
11778 [main] DEBUG o.s.b.f.s.DefaultListableBeanFactory - Returning cached instance of singleton bean 'requestMappingHandlerAdapter'
11778 [main] DEBUG o.s.b.f.s.DefaultListableBeanFactory - Returning cached instance of singleton bean 'mvcConversionService'
11780 [main] DEBUG o.s.b.f.s.DefaultListableBeanFactory - Eagerly caching bean 'mvcUriComponentsContributor' to allow for resolving potential circular references
11782 [main] DEBUG o.s.b.f.s.DefaultListableBeanFactory - Finished creating instance of bean 'mvcUriComponentsContributor'
11782 [main] DEBUG o.s.b.f.s.DefaultListableBeanFactory - Creating shared instance of singleton bean 'httpRequestHandlerAdapter'
11782 [main] DEBUG o.s.b.f.s.DefaultListableBeanFactory - Creating instance of bean 'httpRequestHandlerAdapter'
11783 [main] DEBUG o.s.b.f.s.DefaultListableBeanFactory - Returning cached instance of singleton bean 'org.springframework.boot.autoconfigure.web.WebMvcAutoConfiguration$EnableWebMvcConfiguration'
11783 [main] DEBUG o.s.b.f.s.DefaultListableBeanFactory - Eagerly caching bean 'httpRequestHandlerAdapter' to allow for resolving potential circular references
11785 [main] DEBUG o.s.b.f.s.DefaultListableBeanFactory - Finished creating instance of bean 'httpRequestHandlerAdapter'
11785 [main] DEBUG o.s.b.f.s.DefaultListableBeanFactory - Creating shared instance of singleton bean 'simpleControllerHandlerAdapter'
11785 [main] DEBUG o.s.b.f.s.DefaultListableBeanFactory - Creating instance of bean 'simpleControllerHandlerAdapter'
11785 [main] DEBUG o.s.b.f.s.DefaultListableBeanFactory - Returning cached instance of singleton bean 'org.springframework.boot.autoconfigure.web.WebMvcAutoConfiguration$EnableWebMvcConfiguration'
11786 [main] DEBUG o.s.b.f.s.DefaultListableBeanFactory - Eagerly caching bean 'simpleControllerHandlerAdapter' to allow for resolving potential circular references
11788 [main] DEBUG o.s.b.f.s.DefaultListableBeanFactory - Finished creating instance of bean 'simpleControllerHandlerAdapter'
11788 [main] DEBUG o.s.b.f.s.DefaultListableBeanFactory - Creating shared instance of singleton bean 'handlerExceptionResolver'
11788 [main] DEBUG o.s.b.f.s.DefaultListableBeanFactory - Creating instance of bean 'handlerExceptionResolver'
11788 [main] DEBUG o.s.b.f.s.DefaultListableBeanFactory - Returning cached instance of singleton bean 'org.springframework.boot.autoconfigure.web.WebMvcAutoConfiguration$EnableWebMvcConfiguration'
11798 [main] DEBUG o.s.b.f.s.DefaultListableBeanFactory - Returning cached instance of singleton bean 'mvcContentNegotiationManager'
11798 [main] DEBUG o.s.w.s.m.m.a.ExceptionHandlerExceptionResolver - Looking for exception mappings: org.springframework.boot.context.embedded.AnnotationConfigEmbeddedWebApplicationContext@555cf22: startup date [Mon Mar 06 18:59:15 CST 2017]; parent: org.springframework.context.annotation.AnnotationConfigApplicationContext@61386958
11805 [main] DEBUG o.s.b.f.s.DefaultListableBeanFactory - Eagerly caching bean 'handlerExceptionResolver' to allow for resolving potential circular references
11809 [main] DEBUG o.s.b.f.s.DefaultListableBeanFactory - Finished creating instance of bean 'handlerExceptionResolver'
11809 [main] DEBUG o.s.b.f.s.DefaultListableBeanFactory - Creating shared instance of singleton bean 'mvcViewResolver'
11809 [main] DEBUG o.s.b.f.s.DefaultListableBeanFactory - Creating instance of bean 'mvcViewResolver'
11809 [main] DEBUG o.s.b.f.s.DefaultListableBeanFactory - Returning cached instance of singleton bean 'org.springframework.boot.autoconfigure.web.WebMvcAutoConfiguration$EnableWebMvcConfiguration'
11811 [main] DEBUG o.s.b.f.s.DefaultListableBeanFactory - Returning cached instance of singleton bean 'mvcContentNegotiationManager'
11813 [main] DEBUG o.s.b.f.s.DefaultListableBeanFactory - Eagerly caching bean 'mvcViewResolver' to allow for resolving potential circular references
11818 [main] DEBUG o.s.b.f.s.DefaultListableBeanFactory - Invoking afterPropertiesSet() on bean with name 'mvcViewResolver'
11818 [main] DEBUG o.s.b.f.s.DefaultListableBeanFactory - Finished creating instance of bean 'mvcViewResolver'
11818 [main] DEBUG o.s.b.f.s.DefaultListableBeanFactory - Creating shared instance of singleton bean 'org.springframework.boot.autoconfigure.web.WebMvcAutoConfiguration$WebMvcAutoConfigurationAdapter$FaviconConfiguration'
11818 [main] DEBUG o.s.b.f.s.DefaultListableBeanFactory - Creating instance of bean 'org.springframework.boot.autoconfigure.web.WebMvcAutoConfiguration$WebMvcAutoConfigurationAdapter$FaviconConfiguration'
11819 [main] DEBUG o.s.c.LocalVariableTableParameterNameDiscoverer - Cannot find '.class' file for class [class org.springframework.boot.autoconfigure.web.WebMvcAutoConfiguration$WebMvcAutoConfigurationAdapter$FaviconConfiguration$$EnhancerBySpringCGLIB$$4c52c63e] - unable to determine constructor/method parameter names
11819 [main] DEBUG o.s.b.f.s.DefaultListableBeanFactory - Returning cached instance of singleton bean 'spring.resources-org.springframework.boot.autoconfigure.web.ResourceProperties'
11819 [main] DEBUG o.s.b.f.s.DefaultListableBeanFactory - Autowiring by type from bean name 'org.springframework.boot.autoconfigure.web.WebMvcAutoConfiguration$WebMvcAutoConfigurationAdapter$FaviconConfiguration' via constructor to bean named 'spring.resources-org.springframework.boot.autoconfigure.web.ResourceProperties'
11820 [main] DEBUG o.s.b.f.s.DefaultListableBeanFactory - Eagerly caching bean 'org.springframework.boot.autoconfigure.web.WebMvcAutoConfiguration$WebMvcAutoConfigurationAdapter$FaviconConfiguration' to allow for resolving potential circular references
11823 [main] DEBUG o.s.b.f.s.DefaultListableBeanFactory - Finished creating instance of bean 'org.springframework.boot.autoconfigure.web.WebMvcAutoConfiguration$WebMvcAutoConfigurationAdapter$FaviconConfiguration'
11823 [main] DEBUG o.s.b.f.s.DefaultListableBeanFactory - Creating shared instance of singleton bean 'faviconHandlerMapping'
11823 [main] DEBUG o.s.b.f.s.DefaultListableBeanFactory - Creating instance of bean 'faviconHandlerMapping'
11823 [main] DEBUG o.s.b.f.s.DefaultListableBeanFactory - Returning cached instance of singleton bean 'org.springframework.boot.autoconfigure.web.WebMvcAutoConfiguration$WebMvcAutoConfigurationAdapter$FaviconConfiguration'
11826 [main] DEBUG o.s.b.f.s.DefaultListableBeanFactory - Creating shared instance of singleton bean 'faviconRequestHandler'
11826 [main] DEBUG o.s.b.f.s.DefaultListableBeanFactory - Creating instance of bean 'faviconRequestHandler'
11826 [main] DEBUG o.s.b.f.s.DefaultListableBeanFactory - Returning cached instance of singleton bean 'org.springframework.boot.autoconfigure.web.WebMvcAutoConfiguration$WebMvcAutoConfigurationAdapter$FaviconConfiguration'
11827 [main] DEBUG o.s.b.f.s.DefaultListableBeanFactory - Eagerly caching bean 'faviconRequestHandler' to allow for resolving potential circular references
11836 [main] DEBUG o.s.b.f.s.DefaultListableBeanFactory - Invoking afterPropertiesSet() on bean with name 'faviconRequestHandler'
11837 [main] DEBUG o.s.b.f.s.DefaultListableBeanFactory - Finished creating instance of bean 'faviconRequestHandler'
11837 [main] DEBUG o.s.b.f.s.DefaultListableBeanFactory - Eagerly caching bean 'faviconHandlerMapping' to allow for resolving potential circular references
11838 [main] INFO  o.s.w.s.h.SimpleUrlHandlerMapping - Mapped URL path [/**/favicon.ico] onto handler of type [class org.springframework.web.servlet.resource.ResourceHttpRequestHandler]
11838 [main] DEBUG o.s.b.f.s.DefaultListableBeanFactory - Finished creating instance of bean 'faviconHandlerMapping'
11838 [main] DEBUG o.s.b.f.s.DefaultListableBeanFactory - Returning cached instance of singleton bean 'faviconRequestHandler'
11838 [main] DEBUG o.s.b.f.s.DefaultListableBeanFactory - Returning cached instance of singleton bean 'org.springframework.boot.autoconfigure.web.WebMvcAutoConfiguration$WebMvcAutoConfigurationAdapter'
11838 [main] DEBUG o.s.b.f.s.DefaultListableBeanFactory - Creating shared instance of singleton bean 'defaultViewResolver'
11838 [main] DEBUG o.s.b.f.s.DefaultListableBeanFactory - Creating instance of bean 'defaultViewResolver'
11839 [main] DEBUG o.s.b.f.s.DefaultListableBeanFactory - Returning cached instance of singleton bean 'org.springframework.boot.autoconfigure.web.WebMvcAutoConfiguration$WebMvcAutoConfigurationAdapter'
11850 [main] DEBUG o.s.b.f.s.DefaultListableBeanFactory - Eagerly caching bean 'defaultViewResolver' to allow for resolving potential circular references
11859 [main] DEBUG o.s.b.f.s.DefaultListableBeanFactory - Finished creating instance of bean 'defaultViewResolver'
11859 [main] DEBUG o.s.b.f.s.DefaultListableBeanFactory - Creating shared instance of singleton bean 'viewResolver'
11859 [main] DEBUG o.s.b.f.s.DefaultListableBeanFactory - Creating instance of bean 'viewResolver'
11859 [main] DEBUG o.s.b.f.s.DefaultListableBeanFactory - Returning cached instance of singleton bean 'org.springframework.boot.autoconfigure.web.WebMvcAutoConfiguration$WebMvcAutoConfigurationAdapter'
11861 [main] DEBUG o.s.b.f.s.DefaultListableBeanFactory - Autowiring by type from bean name 'viewResolver' via factory method to bean named 'org.springframework.beans.factory.support.DefaultListableBeanFactory@56c698e3'
11863 [main] DEBUG o.s.b.f.s.DefaultListableBeanFactory - Returning cached instance of singleton bean 'mvcContentNegotiationManager'
11864 [main] DEBUG o.s.b.f.s.DefaultListableBeanFactory - Eagerly caching bean 'viewResolver' to allow for resolving potential circular references
11870 [main] DEBUG o.s.b.f.s.DefaultListableBeanFactory - Returning cached instance of singleton bean 'beanNameViewResolver'
11870 [main] DEBUG o.s.b.f.s.DefaultListableBeanFactory - Returning cached instance of singleton bean 'mvcViewResolver'
11870 [main] DEBUG o.s.b.f.s.DefaultListableBeanFactory - Returning cached instance of singleton bean 'defaultViewResolver'
11871 [main] DEBUG o.s.b.f.s.DefaultListableBeanFactory - Returning eagerly cached instance of singleton bean 'viewResolver' that is not fully initialized yet - a consequence of a circular reference
11871 [main] DEBUG o.s.b.f.s.DefaultListableBeanFactory - Creating shared instance of singleton bean 'freeMarkerViewResolver'
11871 [main] DEBUG o.s.b.f.s.DefaultListableBeanFactory - Creating instance of bean 'freeMarkerViewResolver'
11871 [main] DEBUG o.s.b.f.s.DefaultListableBeanFactory - Creating shared instance of singleton bean 'org.springframework.boot.autoconfigure.freemarker.FreeMarkerAutoConfiguration$FreeMarkerWebConfiguration'
11871 [main] DEBUG o.s.b.f.s.DefaultListableBeanFactory - Creating instance of bean 'org.springframework.boot.autoconfigure.freemarker.FreeMarkerAutoConfiguration$FreeMarkerWebConfiguration'
11871 [main] DEBUG o.s.b.f.a.InjectionMetadata - Registered injected element on class [org.springframework.boot.autoconfigure.freemarker.FreeMarkerAutoConfiguration$FreeMarkerWebConfiguration$$EnhancerBySpringCGLIB$$25898816]: AutowiredFieldElement for protected org.springframework.boot.autoconfigure.freemarker.FreeMarkerProperties org.springframework.boot.autoconfigure.freemarker.FreeMarkerAutoConfiguration$FreeMarkerConfiguration.properties
11872 [main] DEBUG o.s.b.f.s.DefaultListableBeanFactory - Eagerly caching bean 'org.springframework.boot.autoconfigure.freemarker.FreeMarkerAutoConfiguration$FreeMarkerWebConfiguration' to allow for resolving potential circular references
11875 [main] DEBUG o.s.b.f.a.InjectionMetadata - Processing injected element of bean 'org.springframework.boot.autoconfigure.freemarker.FreeMarkerAutoConfiguration$FreeMarkerWebConfiguration': AutowiredFieldElement for protected org.springframework.boot.autoconfigure.freemarker.FreeMarkerProperties org.springframework.boot.autoconfigure.freemarker.FreeMarkerAutoConfiguration$FreeMarkerConfiguration.properties
11876 [main] DEBUG o.s.b.f.s.DefaultListableBeanFactory - Creating shared instance of singleton bean 'spring.freemarker-org.springframework.boot.autoconfigure.freemarker.FreeMarkerProperties'
11876 [main] DEBUG o.s.b.f.s.DefaultListableBeanFactory - Creating instance of bean 'spring.freemarker-org.springframework.boot.autoconfigure.freemarker.FreeMarkerProperties'
11877 [main] DEBUG o.s.b.f.s.DefaultListableBeanFactory - Eagerly caching bean 'spring.freemarker-org.springframework.boot.autoconfigure.freemarker.FreeMarkerProperties' to allow for resolving potential circular references
11882 [main] DEBUG o.s.core.env.MutablePropertySources - Adding [servletConfigInitParams] PropertySource with lowest search precedence
11882 [main] DEBUG o.s.core.env.MutablePropertySources - Adding [servletContextInitParams] PropertySource with lowest search precedence
11882 [main] DEBUG o.s.core.env.MutablePropertySources - Adding [systemProperties] PropertySource with lowest search precedence
11882 [main] DEBUG o.s.core.env.MutablePropertySources - Adding [systemEnvironment] PropertySource with lowest search precedence
11882 [main] DEBUG o.s.core.env.MutablePropertySources - Adding [random] PropertySource with lowest search precedence
11882 [main] DEBUG o.s.core.env.MutablePropertySources - Adding [applicationConfig: [classpath:/application.properties]] PropertySource with lowest search precedence
11882 [main] DEBUG o.s.core.env.MutablePropertySources - Adding [springCloudClientHostInfo] PropertySource with lowest search precedence
11882 [main] DEBUG o.s.core.env.MutablePropertySources - Adding [class path resource [eureka/server.properties]] PropertySource with lowest search precedence
11882 [main] DEBUG o.s.core.env.MutablePropertySources - Adding [defaultProperties] PropertySource with lowest search precedence
11882 [main] DEBUG o.s.core.env.MutablePropertySources - Adding [localProperties] PropertySource with lowest search precedence
11888 [main] DEBUG o.s.b.f.s.DefaultListableBeanFactory - Finished creating instance of bean 'spring.freemarker-org.springframework.boot.autoconfigure.freemarker.FreeMarkerProperties'
11888 [main] DEBUG o.s.b.f.a.AutowiredAnnotationBeanPostProcessor - Autowiring by type from bean name 'org.springframework.boot.autoconfigure.freemarker.FreeMarkerAutoConfiguration$FreeMarkerWebConfiguration' to bean named 'spring.freemarker-org.springframework.boot.autoconfigure.freemarker.FreeMarkerProperties'
11889 [main] DEBUG o.s.b.f.s.DefaultListableBeanFactory - Finished creating instance of bean 'org.springframework.boot.autoconfigure.freemarker.FreeMarkerAutoConfiguration$FreeMarkerWebConfiguration'
11893 [main] DEBUG o.s.b.f.s.DefaultListableBeanFactory - Eagerly caching bean 'freeMarkerViewResolver' to allow for resolving potential circular references
11900 [main] DEBUG o.s.b.f.s.DefaultListableBeanFactory - Finished creating instance of bean 'freeMarkerViewResolver'
11901 [main] DEBUG o.s.b.f.s.DefaultListableBeanFactory - Invoking afterPropertiesSet() on bean with name 'viewResolver'
11901 [main] DEBUG o.s.b.f.s.DefaultListableBeanFactory - Finished creating instance of bean 'viewResolver'
11901 [main] DEBUG o.s.b.f.s.DefaultListableBeanFactory - Creating shared instance of singleton bean 'welcomePageHandlerMapping'
11901 [main] DEBUG o.s.b.f.s.DefaultListableBeanFactory - Creating instance of bean 'welcomePageHandlerMapping'
11901 [main] DEBUG o.s.b.f.s.DefaultListableBeanFactory - Returning cached instance of singleton bean 'org.springframework.boot.autoconfigure.web.WebMvcAutoConfiguration$WebMvcAutoConfigurationAdapter'
11901 [main] DEBUG o.s.b.f.s.DefaultListableBeanFactory - Returning cached instance of singleton bean 'spring.resources-org.springframework.boot.autoconfigure.web.ResourceProperties'
11901 [main] DEBUG o.s.b.f.s.DefaultListableBeanFactory - Autowiring by type from bean name 'welcomePageHandlerMapping' via factory method to bean named 'spring.resources-org.springframework.boot.autoconfigure.web.ResourceProperties'
11903 [main] DEBUG o.s.b.f.s.DefaultListableBeanFactory - Eagerly caching bean 'welcomePageHandlerMapping' to allow for resolving potential circular references
11911 [main] DEBUG o.s.b.f.s.DefaultListableBeanFactory - Finished creating instance of bean 'welcomePageHandlerMapping'
11911 [main] DEBUG o.s.b.f.s.DefaultListableBeanFactory - Returning cached instance of singleton bean 'requestContextFilter'
11911 [main] DEBUG o.s.b.f.s.DefaultListableBeanFactory - Returning cached instance of singleton bean 'org.springframework.boot.autoconfigure.web.WebMvcAutoConfiguration'
11911 [main] DEBUG o.s.b.f.s.DefaultListableBeanFactory - Returning cached instance of singleton bean 'hiddenHttpMethodFilter'
11911 [main] DEBUG o.s.b.f.s.DefaultListableBeanFactory - Returning cached instance of singleton bean 'httpPutFormContentFilter'
11911 [main] DEBUG o.s.b.f.s.DefaultListableBeanFactory - Creating shared instance of singleton bean 'org.springframework.cloud.autoconfigure.RefreshAutoConfiguration'
11911 [main] DEBUG o.s.b.f.s.DefaultListableBeanFactory - Creating instance of bean 'org.springframework.cloud.autoconfigure.RefreshAutoConfiguration'
11911 [main] DEBUG o.s.b.f.s.DefaultListableBeanFactory - Eagerly caching bean 'org.springframework.cloud.autoconfigure.RefreshAutoConfiguration' to allow for resolving potential circular references
11914 [main] DEBUG o.s.b.f.s.DefaultListableBeanFactory - Finished creating instance of bean 'org.springframework.cloud.autoconfigure.RefreshAutoConfiguration'
11914 [main] DEBUG o.s.b.f.s.DefaultListableBeanFactory - Returning cached instance of singleton bean 'refreshScope'
11914 [main] DEBUG o.s.b.f.s.DefaultListableBeanFactory - Creating shared instance of singleton bean 'loggingRebinder'
11914 [main] DEBUG o.s.b.f.s.DefaultListableBeanFactory - Creating instance of bean 'loggingRebinder'
11914 [main] DEBUG o.s.b.f.s.DefaultListableBeanFactory - Eagerly caching bean 'loggingRebinder' to allow for resolving potential circular references
11918 [main] DEBUG o.s.b.f.s.DefaultListableBeanFactory - Finished creating instance of bean 'loggingRebinder'
11918 [main] DEBUG o.s.b.f.s.DefaultListableBeanFactory - Creating shared instance of singleton bean 'environmentManager'
11918 [main] DEBUG o.s.b.f.s.DefaultListableBeanFactory - Creating instance of bean 'environmentManager'
11918 [main] DEBUG o.s.b.f.s.DefaultListableBeanFactory - Returning cached instance of singleton bean 'org.springframework.cloud.autoconfigure.RefreshAutoConfiguration'
11920 [main] DEBUG o.s.b.f.s.DefaultListableBeanFactory - Returning cached instance of singleton bean 'environment'
11920 [main] DEBUG o.s.b.f.s.DefaultListableBeanFactory - Autowiring by type from bean name 'environmentManager' via factory method to bean named 'environment'
11923 [main] DEBUG o.s.b.f.s.DefaultListableBeanFactory - Eagerly caching bean 'environmentManager' to allow for resolving potential circular references
11925 [main] DEBUG o.s.b.f.s.DefaultListableBeanFactory - Finished creating instance of bean 'environmentManager'
11926 [main] DEBUG o.s.b.f.s.DefaultListableBeanFactory - Creating shared instance of singleton bean 'contextRefresher'
11926 [main] DEBUG o.s.b.f.s.DefaultListableBeanFactory - Creating instance of bean 'contextRefresher'
11926 [main] DEBUG o.s.b.f.s.DefaultListableBeanFactory - Returning cached instance of singleton bean 'org.springframework.cloud.autoconfigure.RefreshAutoConfiguration'
11927 [main] DEBUG o.s.b.f.s.DefaultListableBeanFactory - Returning cached instance of singleton bean 'refreshScope'
11928 [main] DEBUG o.s.b.f.s.DefaultListableBeanFactory - Autowiring by type from bean name 'contextRefresher' via factory method to bean named 'org.springframework.boot.context.embedded.AnnotationConfigEmbeddedWebApplicationContext@555cf22'
11928 [main] DEBUG o.s.b.f.s.DefaultListableBeanFactory - Autowiring by type from bean name 'contextRefresher' via factory method to bean named 'refreshScope'
11928 [main] DEBUG o.s.b.f.s.DefaultListableBeanFactory - Eagerly caching bean 'contextRefresher' to allow for resolving potential circular references
11930 [main] DEBUG o.s.b.f.s.DefaultListableBeanFactory - Finished creating instance of bean 'contextRefresher'
11930 [main] DEBUG o.s.b.f.s.DefaultListableBeanFactory - Returning cached instance of singleton bean 'org.springframework.cloud.netflix.eureka.EurekaClientAutoConfiguration$RefreshableEurekaClientConfiguration'
11930 [main] DEBUG o.s.b.f.s.DefaultListableBeanFactory - Returning cached instance of singleton bean 'eurekaClient'
11930 [main] DEBUG o.s.b.f.s.DefaultListableBeanFactory - Returning cached instance of singleton bean 'eurekaApplicationInfoManager'
11930 [main] DEBUG o.s.b.f.s.DefaultListableBeanFactory - Returning cached instance of singleton bean 'org.springframework.cloud.netflix.eureka.EurekaClientAutoConfiguration'
11930 [main] DEBUG o.s.b.f.s.DefaultListableBeanFactory - Creating shared instance of singleton bean 'eurekaFeature'
11930 [main] DEBUG o.s.b.f.s.DefaultListableBeanFactory - Creating instance of bean 'eurekaFeature'
11930 [main] DEBUG o.s.b.f.s.DefaultListableBeanFactory - Returning cached instance of singleton bean 'org.springframework.cloud.netflix.eureka.EurekaClientAutoConfiguration'
11930 [main] DEBUG o.s.b.f.s.DefaultListableBeanFactory - Eagerly caching bean 'eurekaFeature' to allow for resolving potential circular references
11931 [main] DEBUG o.s.b.f.s.DefaultListableBeanFactory - Finished creating instance of bean 'eurekaFeature'
11931 [main] DEBUG o.s.b.f.s.DefaultListableBeanFactory - Returning cached instance of singleton bean 'eurekaClientConfigBean'
11931 [main] DEBUG o.s.b.f.s.DefaultListableBeanFactory - Returning cached instance of singleton bean 'eurekaInstanceConfigBean'
11931 [main] DEBUG o.s.b.f.s.DefaultListableBeanFactory - Creating shared instance of singleton bean 'discoveryClient'
11931 [main] DEBUG o.s.b.f.s.DefaultListableBeanFactory - Creating instance of bean 'discoveryClient'
11931 [main] DEBUG o.s.b.f.s.DefaultListableBeanFactory - Returning cached instance of singleton bean 'org.springframework.cloud.netflix.eureka.EurekaClientAutoConfiguration'
11931 [main] DEBUG o.s.b.f.s.DefaultListableBeanFactory - Returning cached instance of singleton bean 'eurekaInstanceConfigBean'
11931 [main] DEBUG o.s.b.f.s.DefaultListableBeanFactory - Returning cached instance of singleton bean 'eurekaClient'
11931 [main] DEBUG o.s.b.f.s.DefaultListableBeanFactory - Autowiring by type from bean name 'discoveryClient' via factory method to bean named 'eurekaInstanceConfigBean'
11931 [main] DEBUG o.s.b.f.s.DefaultListableBeanFactory - Autowiring by type from bean name 'discoveryClient' via factory method to bean named 'eurekaClient'
11932 [main] DEBUG o.s.b.f.s.DefaultListableBeanFactory - Eagerly caching bean 'discoveryClient' to allow for resolving potential circular references
11935 [main] DEBUG o.s.b.f.s.DefaultListableBeanFactory - Finished creating instance of bean 'discoveryClient'
11935 [main] DEBUG o.s.b.f.s.DefaultListableBeanFactory - Returning cached instance of singleton bean 'discoveryClientOptionalArgs'
11935 [main] DEBUG o.s.b.f.s.DefaultListableBeanFactory - Creating shared instance of singleton bean 'org.springframework.cloud.client.CommonsClientAutoConfiguration$ActuatorConfiguration'
11935 [main] DEBUG o.s.b.f.s.DefaultListableBeanFactory - Creating instance of bean 'org.springframework.cloud.client.CommonsClientAutoConfiguration$ActuatorConfiguration'
11936 [main] DEBUG o.s.b.f.a.InjectionMetadata - Registered injected element on class [org.springframework.cloud.client.CommonsClientAutoConfiguration$ActuatorConfiguration$$EnhancerBySpringCGLIB$$f62769df]: AutowiredFieldElement for private java.util.List org.springframework.cloud.client.CommonsClientAutoConfiguration$ActuatorConfiguration.hasFeatures
11936 [main] DEBUG o.s.b.f.s.DefaultListableBeanFactory - Eagerly caching bean 'org.springframework.cloud.client.CommonsClientAutoConfiguration$ActuatorConfiguration' to allow for resolving potential circular references
11938 [main] DEBUG o.s.b.f.a.InjectionMetadata - Processing injected element of bean 'org.springframework.cloud.client.CommonsClientAutoConfiguration$ActuatorConfiguration': AutowiredFieldElement for private java.util.List org.springframework.cloud.client.CommonsClientAutoConfiguration$ActuatorConfiguration.hasFeatures
11939 [main] DEBUG o.s.b.f.s.DefaultListableBeanFactory - Returning cached instance of singleton bean 'eurekaServerFeature'
11939 [main] DEBUG o.s.b.f.s.DefaultListableBeanFactory - Returning cached instance of singleton bean 'eurekaFeature'
11939 [main] DEBUG o.s.b.f.s.DefaultListableBeanFactory - Creating shared instance of singleton bean 'commonsFeatures'
11939 [main] DEBUG o.s.b.f.s.DefaultListableBeanFactory - Creating instance of bean 'commonsFeatures'
11940 [main] DEBUG o.s.b.f.s.DefaultListableBeanFactory - Creating shared instance of singleton bean 'org.springframework.cloud.client.CommonsClientAutoConfiguration'
11940 [main] DEBUG o.s.b.f.s.DefaultListableBeanFactory - Creating instance of bean 'org.springframework.cloud.client.CommonsClientAutoConfiguration'
11940 [main] DEBUG o.s.b.f.s.DefaultListableBeanFactory - Eagerly caching bean 'org.springframework.cloud.client.CommonsClientAutoConfiguration' to allow for resolving potential circular references
11943 [main] DEBUG o.s.b.f.s.DefaultListableBeanFactory - Finished creating instance of bean 'org.springframework.cloud.client.CommonsClientAutoConfiguration'
11946 [main] DEBUG o.s.b.f.s.DefaultListableBeanFactory - Eagerly caching bean 'commonsFeatures' to allow for resolving potential circular references
11946 [main] DEBUG o.s.b.f.s.DefaultListableBeanFactory - Finished creating instance of bean 'commonsFeatures'
11946 [main] DEBUG o.s.b.f.s.DefaultListableBeanFactory - Creating shared instance of singleton bean 'ribbonFeature'
11946 [main] DEBUG o.s.b.f.s.DefaultListableBeanFactory - Creating instance of bean 'ribbonFeature'
11946 [main] DEBUG o.s.b.f.s.DefaultListableBeanFactory - Creating shared instance of singleton bean 'org.springframework.cloud.netflix.ribbon.RibbonAutoConfiguration'
11946 [main] DEBUG o.s.b.f.s.DefaultListableBeanFactory - Creating instance of bean 'org.springframework.cloud.netflix.ribbon.RibbonAutoConfiguration'
11947 [main] DEBUG o.s.b.f.a.InjectionMetadata - Registered injected element on class [org.springframework.cloud.netflix.ribbon.RibbonAutoConfiguration$$EnhancerBySpringCGLIB$$1181fa24]: AutowiredFieldElement for private java.util.List org.springframework.cloud.netflix.ribbon.RibbonAutoConfiguration.configurations
11947 [main] DEBUG o.s.b.f.s.DefaultListableBeanFactory - Eagerly caching bean 'org.springframework.cloud.netflix.ribbon.RibbonAutoConfiguration' to allow for resolving potential circular references
11950 [main] DEBUG o.s.b.f.a.InjectionMetadata - Processing injected element of bean 'org.springframework.cloud.netflix.ribbon.RibbonAutoConfiguration': AutowiredFieldElement for private java.util.List org.springframework.cloud.netflix.ribbon.RibbonAutoConfiguration.configurations
11951 [main] DEBUG o.s.b.f.s.DefaultListableBeanFactory - Creating shared instance of singleton bean 'default.org.springframework.cloud.netflix.ribbon.RibbonAutoConfiguration.RibbonClientSpecification'
11951 [main] DEBUG o.s.b.f.s.DefaultListableBeanFactory - Creating instance of bean 'default.org.springframework.cloud.netflix.ribbon.RibbonAutoConfiguration.RibbonClientSpecification'
11953 [main] DEBUG o.s.b.f.s.DefaultListableBeanFactory - Eagerly caching bean 'default.org.springframework.cloud.netflix.ribbon.RibbonAutoConfiguration.RibbonClientSpecification' to allow for resolving potential circular references
11955 [main] DEBUG o.s.b.f.s.DefaultListableBeanFactory - Finished creating instance of bean 'default.org.springframework.cloud.netflix.ribbon.RibbonAutoConfiguration.RibbonClientSpecification'
11955 [main] DEBUG o.s.b.f.s.DefaultListableBeanFactory - Creating shared instance of singleton bean 'default.org.springframework.cloud.netflix.ribbon.eureka.RibbonEurekaAutoConfiguration.RibbonClientSpecification'
11955 [main] DEBUG o.s.b.f.s.DefaultListableBeanFactory - Creating instance of bean 'default.org.springframework.cloud.netflix.ribbon.eureka.RibbonEurekaAutoConfiguration.RibbonClientSpecification'
11956 [main] DEBUG o.s.b.f.s.DefaultListableBeanFactory - Eagerly caching bean 'default.org.springframework.cloud.netflix.ribbon.eureka.RibbonEurekaAutoConfiguration.RibbonClientSpecification' to allow for resolving potential circular references
11956 [main] DEBUG o.s.b.f.s.DefaultListableBeanFactory - Finished creating instance of bean 'default.org.springframework.cloud.netflix.ribbon.eureka.RibbonEurekaAutoConfiguration.RibbonClientSpecification'
11956 [main] DEBUG o.s.b.f.a.AutowiredAnnotationBeanPostProcessor - Autowiring by type from bean name 'org.springframework.cloud.netflix.ribbon.RibbonAutoConfiguration' to bean named 'default.org.springframework.cloud.netflix.ribbon.RibbonAutoConfiguration.RibbonClientSpecification'
11956 [main] DEBUG o.s.b.f.a.AutowiredAnnotationBeanPostProcessor - Autowiring by type from bean name 'org.springframework.cloud.netflix.ribbon.RibbonAutoConfiguration' to bean named 'default.org.springframework.cloud.netflix.ribbon.eureka.RibbonEurekaAutoConfiguration.RibbonClientSpecification'
11957 [main] DEBUG o.s.b.f.s.DefaultListableBeanFactory - Finished creating instance of bean 'org.springframework.cloud.netflix.ribbon.RibbonAutoConfiguration'
11960 [main] DEBUG o.s.b.f.s.DefaultListableBeanFactory - Eagerly caching bean 'ribbonFeature' to allow for resolving potential circular references
11960 [main] DEBUG o.s.b.f.s.DefaultListableBeanFactory - Finished creating instance of bean 'ribbonFeature'
11961 [main] DEBUG o.s.b.f.s.DefaultListableBeanFactory - Creating shared instance of singleton bean 'rxFeature'
11961 [main] DEBUG o.s.b.f.s.DefaultListableBeanFactory - Creating instance of bean 'rxFeature'
11961 [main] DEBUG o.s.b.f.s.DefaultListableBeanFactory - Returning cached instance of singleton bean 'org.springframework.cloud.netflix.rx.RxJavaAutoConfiguration$RxJavaReturnValueHandlerConfig'
11961 [main] DEBUG o.s.b.f.s.DefaultListableBeanFactory - Eagerly caching bean 'rxFeature' to allow for resolving potential circular references
11961 [main] DEBUG o.s.b.f.s.DefaultListableBeanFactory - Finished creating instance of bean 'rxFeature'
11961 [main] DEBUG o.s.b.f.a.AutowiredAnnotationBeanPostProcessor - Autowiring by type from bean name 'org.springframework.cloud.client.CommonsClientAutoConfiguration$ActuatorConfiguration' to bean named 'eurekaServerFeature'
11961 [main] DEBUG o.s.b.f.a.AutowiredAnnotationBeanPostProcessor - Autowiring by type from bean name 'org.springframework.cloud.client.CommonsClientAutoConfiguration$ActuatorConfiguration' to bean named 'eurekaFeature'
11962 [main] DEBUG o.s.b.f.a.AutowiredAnnotationBeanPostProcessor - Autowiring by type from bean name 'org.springframework.cloud.client.CommonsClientAutoConfiguration$ActuatorConfiguration' to bean named 'commonsFeatures'
11962 [main] DEBUG o.s.b.f.a.AutowiredAnnotationBeanPostProcessor - Autowiring by type from bean name 'org.springframework.cloud.client.CommonsClientAutoConfiguration$ActuatorConfiguration' to bean named 'ribbonFeature'
11962 [main] DEBUG o.s.b.f.a.AutowiredAnnotationBeanPostProcessor - Autowiring by type from bean name 'org.springframework.cloud.client.CommonsClientAutoConfiguration$ActuatorConfiguration' to bean named 'rxFeature'
11962 [main] DEBUG o.s.b.f.s.DefaultListableBeanFactory - Finished creating instance of bean 'org.springframework.cloud.client.CommonsClientAutoConfiguration$ActuatorConfiguration'
11962 [main] DEBUG o.s.b.f.s.DefaultListableBeanFactory - Creating shared instance of singleton bean 'featuresEndpoint'
11962 [main] DEBUG o.s.b.f.s.DefaultListableBeanFactory - Creating instance of bean 'featuresEndpoint'
11962 [main] DEBUG o.s.b.f.s.DefaultListableBeanFactory - Returning cached instance of singleton bean 'org.springframework.cloud.client.CommonsClientAutoConfiguration$ActuatorConfiguration'
11965 [main] DEBUG o.s.b.f.s.DefaultListableBeanFactory - Eagerly caching bean 'featuresEndpoint' to allow for resolving potential circular references
11970 [main] DEBUG o.s.core.env.MutablePropertySources - Adding [servletConfigInitParams] PropertySource with lowest search precedence
11970 [main] DEBUG o.s.core.env.MutablePropertySources - Adding [servletContextInitParams] PropertySource with lowest search precedence
11970 [main] DEBUG o.s.core.env.MutablePropertySources - Adding [systemProperties] PropertySource with lowest search precedence
11970 [main] DEBUG o.s.core.env.MutablePropertySources - Adding [systemEnvironment] PropertySource with lowest search precedence
11970 [main] DEBUG o.s.core.env.MutablePropertySources - Adding [random] PropertySource with lowest search precedence
11970 [main] DEBUG o.s.core.env.MutablePropertySources - Adding [applicationConfig: [classpath:/application.properties]] PropertySource with lowest search precedence
11970 [main] DEBUG o.s.core.env.MutablePropertySources - Adding [springCloudClientHostInfo] PropertySource with lowest search precedence
11970 [main] DEBUG o.s.core.env.MutablePropertySources - Adding [class path resource [eureka/server.properties]] PropertySource with lowest search precedence
11970 [main] DEBUG o.s.core.env.MutablePropertySources - Adding [defaultProperties] PropertySource with lowest search precedence
11971 [main] DEBUG o.s.core.env.MutablePropertySources - Adding [localProperties] PropertySource with lowest search precedence
11977 [main] DEBUG o.s.b.f.s.DefaultListableBeanFactory - Creating instance of bean 'org.hibernate.validator.internal.constraintvalidators.bv.PatternValidator'
11977 [main] DEBUG o.s.b.f.s.DefaultListableBeanFactory - Finished creating instance of bean 'org.hibernate.validator.internal.constraintvalidators.bv.PatternValidator'
11977 [main] DEBUG o.s.b.f.s.DefaultListableBeanFactory - Finished creating instance of bean 'featuresEndpoint'
11977 [main] DEBUG o.s.b.f.s.DefaultListableBeanFactory - Returning cached instance of singleton bean 'org.springframework.cloud.client.CommonsClientAutoConfiguration'
11977 [main] DEBUG o.s.b.f.s.DefaultListableBeanFactory - Creating shared instance of singleton bean 'discoveryClientHealthIndicator'
11978 [main] DEBUG o.s.b.f.s.DefaultListableBeanFactory - Creating instance of bean 'discoveryClientHealthIndicator'
11978 [main] DEBUG o.s.b.f.s.DefaultListableBeanFactory - Returning cached instance of singleton bean 'org.springframework.cloud.client.CommonsClientAutoConfiguration'
11979 [main] DEBUG o.s.b.f.s.DefaultListableBeanFactory - Returning cached instance of singleton bean 'discoveryClient'
11979 [main] DEBUG o.s.b.f.s.DefaultListableBeanFactory - Autowiring by type from bean name 'discoveryClientHealthIndicator' via factory method to bean named 'discoveryClient'
11980 [main] DEBUG o.s.b.f.s.DefaultListableBeanFactory - Eagerly caching bean 'discoveryClientHealthIndicator' to allow for resolving potential circular references
11984 [main] DEBUG o.s.b.f.s.DefaultListableBeanFactory - Finished creating instance of bean 'discoveryClientHealthIndicator'
11984 [main] DEBUG o.s.b.f.s.DefaultListableBeanFactory - Creating shared instance of singleton bean 'discoveryCompositeHealthIndicator'
11984 [main] DEBUG o.s.b.f.s.DefaultListableBeanFactory - Creating instance of bean 'discoveryCompositeHealthIndicator'
11984 [main] DEBUG o.s.b.f.s.DefaultListableBeanFactory - Returning cached instance of singleton bean 'org.springframework.cloud.client.CommonsClientAutoConfiguration'
11985 [main] DEBUG o.s.b.f.s.DefaultListableBeanFactory - Creating shared instance of singleton bean 'healthAggregator'
11985 [main] DEBUG o.s.b.f.s.DefaultListableBeanFactory - Creating instance of bean 'healthAggregator'
11985 [main] DEBUG o.s.b.f.s.DefaultListableBeanFactory - Creating shared instance of singleton bean 'org.springframework.boot.actuate.autoconfigure.HealthIndicatorAutoConfiguration'
11985 [main] DEBUG o.s.b.f.s.DefaultListableBeanFactory - Creating instance of bean 'org.springframework.boot.actuate.autoconfigure.HealthIndicatorAutoConfiguration'
11986 [main] DEBUG o.s.c.LocalVariableTableParameterNameDiscoverer - Cannot find '.class' file for class [class org.springframework.boot.actuate.autoconfigure.HealthIndicatorAutoConfiguration$$EnhancerBySpringCGLIB$$d2f3bf2e] - unable to determine constructor/method parameter names
11987 [main] DEBUG o.s.b.f.s.DefaultListableBeanFactory - Creating shared instance of singleton bean 'management.health.status-org.springframework.boot.actuate.autoconfigure.HealthIndicatorProperties'
11987 [main] DEBUG o.s.b.f.s.DefaultListableBeanFactory - Creating instance of bean 'management.health.status-org.springframework.boot.actuate.autoconfigure.HealthIndicatorProperties'
11987 [main] DEBUG o.s.b.f.s.DefaultListableBeanFactory - Eagerly caching bean 'management.health.status-org.springframework.boot.actuate.autoconfigure.HealthIndicatorProperties' to allow for resolving potential circular references
11989 [main] DEBUG o.s.core.env.MutablePropertySources - Adding [servletConfigInitParams] PropertySource with lowest search precedence
11989 [main] DEBUG o.s.core.env.MutablePropertySources - Adding [servletContextInitParams] PropertySource with lowest search precedence
11989 [main] DEBUG o.s.core.env.MutablePropertySources - Adding [systemProperties] PropertySource with lowest search precedence
11989 [main] DEBUG o.s.core.env.MutablePropertySources - Adding [systemEnvironment] PropertySource with lowest search precedence
11989 [main] DEBUG o.s.core.env.MutablePropertySources - Adding [random] PropertySource with lowest search precedence
11989 [main] DEBUG o.s.core.env.MutablePropertySources - Adding [applicationConfig: [classpath:/application.properties]] PropertySource with lowest search precedence
11989 [main] DEBUG o.s.core.env.MutablePropertySources - Adding [springCloudClientHostInfo] PropertySource with lowest search precedence
11989 [main] DEBUG o.s.core.env.MutablePropertySources - Adding [class path resource [eureka/server.properties]] PropertySource with lowest search precedence
11989 [main] DEBUG o.s.core.env.MutablePropertySources - Adding [defaultProperties] PropertySource with lowest search precedence
11989 [main] DEBUG o.s.core.env.MutablePropertySources - Adding [localProperties] PropertySource with lowest search precedence
11990 [main] DEBUG o.s.b.f.s.DefaultListableBeanFactory - Finished creating instance of bean 'management.health.status-org.springframework.boot.actuate.autoconfigure.HealthIndicatorProperties'
11991 [main] DEBUG o.s.b.f.s.DefaultListableBeanFactory - Autowiring by type from bean name 'org.springframework.boot.actuate.autoconfigure.HealthIndicatorAutoConfiguration' via constructor to bean named 'management.health.status-org.springframework.boot.actuate.autoconfigure.HealthIndicatorProperties'
11991 [main] DEBUG o.s.b.f.s.DefaultListableBeanFactory - Eagerly caching bean 'org.springframework.boot.actuate.autoconfigure.HealthIndicatorAutoConfiguration' to allow for resolving potential circular references
11994 [main] DEBUG o.s.b.f.s.DefaultListableBeanFactory - Finished creating instance of bean 'org.springframework.boot.actuate.autoconfigure.HealthIndicatorAutoConfiguration'
11997 [main] DEBUG o.s.b.f.s.DefaultListableBeanFactory - Eagerly caching bean 'healthAggregator' to allow for resolving potential circular references
12001 [main] DEBUG o.s.b.f.s.DefaultListableBeanFactory - Finished creating instance of bean 'healthAggregator'
12002 [main] DEBUG o.s.b.f.s.DefaultListableBeanFactory - Returning cached instance of singleton bean 'eurekaHealthIndicator'
12002 [main] DEBUG o.s.b.f.s.DefaultListableBeanFactory - Returning cached instance of singleton bean 'discoveryClientHealthIndicator'
12002 [main] DEBUG o.s.b.f.s.DefaultListableBeanFactory - Autowiring by type from bean name 'discoveryCompositeHealthIndicator' via factory method to bean named 'healthAggregator'
12002 [main] DEBUG o.s.b.f.s.DefaultListableBeanFactory - Autowiring by type from bean name 'discoveryCompositeHealthIndicator' via factory method to bean named 'eurekaHealthIndicator'
12002 [main] DEBUG o.s.b.f.s.DefaultListableBeanFactory - Autowiring by type from bean name 'discoveryCompositeHealthIndicator' via factory method to bean named 'discoveryClientHealthIndicator'
12003 [main] DEBUG o.s.b.f.s.DefaultListableBeanFactory - Eagerly caching bean 'discoveryCompositeHealthIndicator' to allow for resolving potential circular references
12006 [main] DEBUG o.s.b.f.s.DefaultListableBeanFactory - Finished creating instance of bean 'discoveryCompositeHealthIndicator'
12006 [main] DEBUG o.s.b.f.s.DefaultListableBeanFactory - Returning cached instance of singleton bean 'commonsFeatures'
12006 [main] DEBUG o.s.b.f.s.DefaultListableBeanFactory - Returning cached instance of singleton bean 'org.springframework.cloud.commons.util.UtilAutoConfiguration'
12006 [main] DEBUG o.s.b.f.s.DefaultListableBeanFactory - Returning cached instance of singleton bean 'inetUtilsProperties'
12006 [main] DEBUG o.s.b.f.s.DefaultListableBeanFactory - Returning cached instance of singleton bean 'inetUtils'
12006 [main] DEBUG o.s.b.f.s.DefaultListableBeanFactory - Creating shared instance of singleton bean 'org.springframework.boot.actuate.autoconfigure.AuditAutoConfiguration$AuditEventRepositoryConfiguration'
12006 [main] DEBUG o.s.b.f.s.DefaultListableBeanFactory - Creating instance of bean 'org.springframework.boot.actuate.autoconfigure.AuditAutoConfiguration$AuditEventRepositoryConfiguration'
12006 [main] DEBUG o.s.b.f.s.DefaultListableBeanFactory - Eagerly caching bean 'org.springframework.boot.actuate.autoconfigure.AuditAutoConfiguration$AuditEventRepositoryConfiguration' to allow for resolving potential circular references
12008 [main] DEBUG o.s.b.f.s.DefaultListableBeanFactory - Finished creating instance of bean 'org.springframework.boot.actuate.autoconfigure.AuditAutoConfiguration$AuditEventRepositoryConfiguration'
12008 [main] DEBUG o.s.b.f.s.DefaultListableBeanFactory - Creating shared instance of singleton bean 'auditEventRepository'
12008 [main] DEBUG o.s.b.f.s.DefaultListableBeanFactory - Creating instance of bean 'auditEventRepository'
12008 [main] DEBUG o.s.b.f.s.DefaultListableBeanFactory - Returning cached instance of singleton bean 'org.springframework.boot.actuate.autoconfigure.AuditAutoConfiguration$AuditEventRepositoryConfiguration'
12009 [main] DEBUG o.s.b.f.s.DefaultListableBeanFactory - Eagerly caching bean 'auditEventRepository' to allow for resolving potential circular references
12012 [main] DEBUG o.s.b.f.s.DefaultListableBeanFactory - Finished creating instance of bean 'auditEventRepository'
12012 [main] DEBUG o.s.b.f.s.DefaultListableBeanFactory - Creating shared instance of singleton bean 'org.springframework.boot.actuate.autoconfigure.AuditAutoConfiguration'
12012 [main] DEBUG o.s.b.f.s.DefaultListableBeanFactory - Creating instance of bean 'org.springframework.boot.actuate.autoconfigure.AuditAutoConfiguration'
12012 [main] DEBUG o.s.c.LocalVariableTableParameterNameDiscoverer - Cannot find '.class' file for class [class org.springframework.boot.actuate.autoconfigure.AuditAutoConfiguration$$EnhancerBySpringCGLIB$$b7809026] - unable to determine constructor/method parameter names
12013 [main] DEBUG o.s.b.f.s.DefaultListableBeanFactory - Returning cached instance of singleton bean 'auditEventRepository'
12014 [main] DEBUG o.s.b.f.s.DefaultListableBeanFactory - Eagerly caching bean 'org.springframework.boot.actuate.autoconfigure.AuditAutoConfiguration' to allow for resolving potential circular references
12017 [main] DEBUG o.s.b.f.s.DefaultListableBeanFactory - Finished creating instance of bean 'org.springframework.boot.actuate.autoconfigure.AuditAutoConfiguration'
12018 [main] DEBUG o.s.b.f.s.DefaultListableBeanFactory - Creating shared instance of singleton bean 'auditListener'
12018 [main] DEBUG o.s.b.f.s.DefaultListableBeanFactory - Creating instance of bean 'auditListener'
12018 [main] DEBUG o.s.b.f.s.DefaultListableBeanFactory - Returning cached instance of singleton bean 'org.springframework.boot.actuate.autoconfigure.AuditAutoConfiguration'
12022 [main] DEBUG o.s.b.f.s.DefaultListableBeanFactory - Eagerly caching bean 'auditListener' to allow for resolving potential circular references
12025 [main] DEBUG o.s.b.f.s.DefaultListableBeanFactory - Finished creating instance of bean 'auditListener'
12025 [main] DEBUG o.s.b.f.s.DefaultListableBeanFactory - Creating shared instance of singleton bean 'org.springframework.boot.autoconfigure.info.ProjectInfoAutoConfiguration'
12025 [main] DEBUG o.s.b.f.s.DefaultListableBeanFactory - Creating instance of bean 'org.springframework.boot.autoconfigure.info.ProjectInfoAutoConfiguration'
12025 [main] DEBUG o.s.c.LocalVariableTableParameterNameDiscoverer - Cannot find '.class' file for class [class org.springframework.boot.autoconfigure.info.ProjectInfoAutoConfiguration$$EnhancerBySpringCGLIB$$502fa763] - unable to determine constructor/method parameter names
12026 [main] DEBUG o.s.b.f.s.DefaultListableBeanFactory - Creating shared instance of singleton bean 'spring.info-org.springframework.boot.autoconfigure.info.ProjectInfoProperties'
12026 [main] DEBUG o.s.b.f.s.DefaultListableBeanFactory - Creating instance of bean 'spring.info-org.springframework.boot.autoconfigure.info.ProjectInfoProperties'
12029 [main] DEBUG o.s.b.f.a.InjectionMetadata - Registered injected element on class [org.springframework.boot.autoconfigure.info.ProjectInfoProperties]: AutowiredMethodElement for void org.springframework.boot.autoconfigure.info.ProjectInfoProperties.setDefaultGitLocation(org.springframework.core.io.Resource)
12029 [main] DEBUG o.s.b.f.s.DefaultListableBeanFactory - Eagerly caching bean 'spring.info-org.springframework.boot.autoconfigure.info.ProjectInfoProperties' to allow for resolving potential circular references
12029 [main] DEBUG o.s.b.f.a.InjectionMetadata - Processing injected element of bean 'spring.info-org.springframework.boot.autoconfigure.info.ProjectInfoProperties': AutowiredMethodElement for void org.springframework.boot.autoconfigure.info.ProjectInfoProperties.setDefaultGitLocation(org.springframework.core.io.Resource)
12029 [main] DEBUG o.s.c.e.PropertySourcesPropertyResolver - Could not find key 'spring.git.properties:classpath:git.properties' in any property source
12029 [main] DEBUG o.s.c.e.PropertySourcesPropertyResolver - Could not find key 'spring.git.properties:classpath:git.properties' in any property source
12029 [main] DEBUG o.s.c.e.PropertySourcesPropertyResolver - Could not find key 'spring.git.properties' in any property source
12029 [main] DEBUG o.s.c.e.PropertySourcesPropertyResolver - Could not find key 'spring.git.properties' in any property source
12030 [main] DEBUG o.s.core.env.MutablePropertySources - Adding [servletConfigInitParams] PropertySource with lowest search precedence
12030 [main] DEBUG o.s.core.env.MutablePropertySources - Adding [servletContextInitParams] PropertySource with lowest search precedence
12030 [main] DEBUG o.s.core.env.MutablePropertySources - Adding [systemProperties] PropertySource with lowest search precedence
12030 [main] DEBUG o.s.core.env.MutablePropertySources - Adding [systemEnvironment] PropertySource with lowest search precedence
12030 [main] DEBUG o.s.core.env.MutablePropertySources - Adding [random] PropertySource with lowest search precedence
12030 [main] DEBUG o.s.core.env.MutablePropertySources - Adding [applicationConfig: [classpath:/application.properties]] PropertySource with lowest search precedence
12030 [main] DEBUG o.s.core.env.MutablePropertySources - Adding [springCloudClientHostInfo] PropertySource with lowest search precedence
12030 [main] DEBUG o.s.core.env.MutablePropertySources - Adding [class path resource [eureka/server.properties]] PropertySource with lowest search precedence
12030 [main] DEBUG o.s.core.env.MutablePropertySources - Adding [defaultProperties] PropertySource with lowest search precedence
12030 [main] DEBUG o.s.core.env.MutablePropertySources - Adding [localProperties] PropertySource with lowest search precedence
12032 [main] DEBUG o.s.b.f.s.DefaultListableBeanFactory - Finished creating instance of bean 'spring.info-org.springframework.boot.autoconfigure.info.ProjectInfoProperties'
12032 [main] DEBUG o.s.b.f.s.DefaultListableBeanFactory - Autowiring by type from bean name 'org.springframework.boot.autoconfigure.info.ProjectInfoAutoConfiguration' via constructor to bean named 'spring.info-org.springframework.boot.autoconfigure.info.ProjectInfoProperties'
12032 [main] DEBUG o.s.b.f.s.DefaultListableBeanFactory - Eagerly caching bean 'org.springframework.boot.autoconfigure.info.ProjectInfoAutoConfiguration' to allow for resolving potential circular references
12036 [main] DEBUG o.s.b.f.s.DefaultListableBeanFactory - Finished creating instance of bean 'org.springframework.boot.autoconfigure.info.ProjectInfoAutoConfiguration'
12036 [main] DEBUG o.s.b.f.s.DefaultListableBeanFactory - Returning cached instance of singleton bean 'spring.info-org.springframework.boot.autoconfigure.info.ProjectInfoProperties'
12036 [main] DEBUG o.s.b.f.s.DefaultListableBeanFactory - Creating shared instance of singleton bean 'org.springframework.boot.actuate.autoconfigure.InfoContributorAutoConfiguration'
12036 [main] DEBUG o.s.b.f.s.DefaultListableBeanFactory - Creating instance of bean 'org.springframework.boot.actuate.autoconfigure.InfoContributorAutoConfiguration'
12036 [main] DEBUG o.s.c.LocalVariableTableParameterNameDiscoverer - Cannot find '.class' file for class [class org.springframework.boot.actuate.autoconfigure.InfoContributorAutoConfiguration$$EnhancerBySpringCGLIB$$bd9c64f4] - unable to determine constructor/method parameter names
12037 [main] DEBUG o.s.b.f.s.DefaultListableBeanFactory - Creating shared instance of singleton bean 'management.info-org.springframework.boot.actuate.autoconfigure.InfoContributorProperties'
12037 [main] DEBUG o.s.b.f.s.DefaultListableBeanFactory - Creating instance of bean 'management.info-org.springframework.boot.actuate.autoconfigure.InfoContributorProperties'
12038 [main] DEBUG o.s.b.f.s.DefaultListableBeanFactory - Eagerly caching bean 'management.info-org.springframework.boot.actuate.autoconfigure.InfoContributorProperties' to allow for resolving potential circular references
12040 [main] DEBUG o.s.core.env.MutablePropertySources - Adding [servletConfigInitParams] PropertySource with lowest search precedence
12040 [main] DEBUG o.s.core.env.MutablePropertySources - Adding [servletContextInitParams] PropertySource with lowest search precedence
12040 [main] DEBUG o.s.core.env.MutablePropertySources - Adding [systemProperties] PropertySource with lowest search precedence
12040 [main] DEBUG o.s.core.env.MutablePropertySources - Adding [systemEnvironment] PropertySource with lowest search precedence
12040 [main] DEBUG o.s.core.env.MutablePropertySources - Adding [random] PropertySource with lowest search precedence
12040 [main] DEBUG o.s.core.env.MutablePropertySources - Adding [applicationConfig: [classpath:/application.properties]] PropertySource with lowest search precedence
12040 [main] DEBUG o.s.core.env.MutablePropertySources - Adding [springCloudClientHostInfo] PropertySource with lowest search precedence
12040 [main] DEBUG o.s.core.env.MutablePropertySources - Adding [class path resource [eureka/server.properties]] PropertySource with lowest search precedence
12040 [main] DEBUG o.s.core.env.MutablePropertySources - Adding [defaultProperties] PropertySource with lowest search precedence
12040 [main] DEBUG o.s.core.env.MutablePropertySources - Adding [localProperties] PropertySource with lowest search precedence
12041 [main] DEBUG o.s.b.f.s.DefaultListableBeanFactory - Finished creating instance of bean 'management.info-org.springframework.boot.actuate.autoconfigure.InfoContributorProperties'
12041 [main] DEBUG o.s.b.f.s.DefaultListableBeanFactory - Autowiring by type from bean name 'org.springframework.boot.actuate.autoconfigure.InfoContributorAutoConfiguration' via constructor to bean named 'management.info-org.springframework.boot.actuate.autoconfigure.InfoContributorProperties'
12042 [main] DEBUG o.s.b.f.s.DefaultListableBeanFactory - Eagerly caching bean 'org.springframework.boot.actuate.autoconfigure.InfoContributorAutoConfiguration' to allow for resolving potential circular references
12046 [main] DEBUG o.s.b.f.s.DefaultListableBeanFactory - Finished creating instance of bean 'org.springframework.boot.actuate.autoconfigure.InfoContributorAutoConfiguration'
12046 [main] DEBUG o.s.b.f.s.DefaultListableBeanFactory - Creating shared instance of singleton bean 'envInfoContributor'
12046 [main] DEBUG o.s.b.f.s.DefaultListableBeanFactory - Creating instance of bean 'envInfoContributor'
12046 [main] DEBUG o.s.b.f.s.DefaultListableBeanFactory - Returning cached instance of singleton bean 'org.springframework.boot.actuate.autoconfigure.InfoContributorAutoConfiguration'
12047 [main] DEBUG o.s.b.f.s.DefaultListableBeanFactory - Returning cached instance of singleton bean 'environment'
12047 [main] DEBUG o.s.b.f.s.DefaultListableBeanFactory - Autowiring by type from bean name 'envInfoContributor' via factory method to bean named 'environment'
12051 [main] DEBUG o.s.b.f.s.DefaultListableBeanFactory - Eagerly caching bean 'envInfoContributor' to allow for resolving potential circular references
12053 [main] DEBUG o.s.b.f.s.DefaultListableBeanFactory - Finished creating instance of bean 'envInfoContributor'
12053 [main] DEBUG o.s.b.f.s.DefaultListableBeanFactory - Returning cached instance of singleton bean 'management.info-org.springframework.boot.actuate.autoconfigure.InfoContributorProperties'
12053 [main] DEBUG o.s.b.f.s.DefaultListableBeanFactory - Creating shared instance of singleton bean 'org.springframework.boot.actuate.autoconfigure.HealthIndicatorAutoConfiguration$DiskSpaceHealthIndicatorConfiguration'
12053 [main] DEBUG o.s.b.f.s.DefaultListableBeanFactory - Creating instance of bean 'org.springframework.boot.actuate.autoconfigure.HealthIndicatorAutoConfiguration$DiskSpaceHealthIndicatorConfiguration'
12053 [main] DEBUG o.s.b.f.s.DefaultListableBeanFactory - Eagerly caching bean 'org.springframework.boot.actuate.autoconfigure.HealthIndicatorAutoConfiguration$DiskSpaceHealthIndicatorConfiguration' to allow for resolving potential circular references
12056 [main] DEBUG o.s.b.f.s.DefaultListableBeanFactory - Finished creating instance of bean 'org.springframework.boot.actuate.autoconfigure.HealthIndicatorAutoConfiguration$DiskSpaceHealthIndicatorConfiguration'
12056 [main] DEBUG o.s.b.f.s.DefaultListableBeanFactory - Creating shared instance of singleton bean 'diskSpaceHealthIndicator'
12056 [main] DEBUG o.s.b.f.s.DefaultListableBeanFactory - Creating instance of bean 'diskSpaceHealthIndicator'
12056 [main] DEBUG o.s.b.f.s.DefaultListableBeanFactory - Returning cached instance of singleton bean 'org.springframework.boot.actuate.autoconfigure.HealthIndicatorAutoConfiguration$DiskSpaceHealthIndicatorConfiguration'
12057 [main] DEBUG o.s.b.f.s.DefaultListableBeanFactory - Creating shared instance of singleton bean 'diskSpaceHealthIndicatorProperties'
12057 [main] DEBUG o.s.b.f.s.DefaultListableBeanFactory - Creating instance of bean 'diskSpaceHealthIndicatorProperties'
12057 [main] DEBUG o.s.b.f.s.DefaultListableBeanFactory - Returning cached instance of singleton bean 'org.springframework.boot.actuate.autoconfigure.HealthIndicatorAutoConfiguration$DiskSpaceHealthIndicatorConfiguration'
12060 [main] DEBUG o.s.b.f.s.DefaultListableBeanFactory - Eagerly caching bean 'diskSpaceHealthIndicatorProperties' to allow for resolving potential circular references
12062 [main] DEBUG o.s.core.env.MutablePropertySources - Adding [servletConfigInitParams] PropertySource with lowest search precedence
12062 [main] DEBUG o.s.core.env.MutablePropertySources - Adding [servletContextInitParams] PropertySource with lowest search precedence
12062 [main] DEBUG o.s.core.env.MutablePropertySources - Adding [systemProperties] PropertySource with lowest search precedence
12062 [main] DEBUG o.s.core.env.MutablePropertySources - Adding [systemEnvironment] PropertySource with lowest search precedence
12062 [main] DEBUG o.s.core.env.MutablePropertySources - Adding [random] PropertySource with lowest search precedence
12062 [main] DEBUG o.s.core.env.MutablePropertySources - Adding [applicationConfig: [classpath:/application.properties]] PropertySource with lowest search precedence
12062 [main] DEBUG o.s.core.env.MutablePropertySources - Adding [springCloudClientHostInfo] PropertySource with lowest search precedence
12062 [main] DEBUG o.s.core.env.MutablePropertySources - Adding [class path resource [eureka/server.properties]] PropertySource with lowest search precedence
12062 [main] DEBUG o.s.core.env.MutablePropertySources - Adding [defaultProperties] PropertySource with lowest search precedence
12062 [main] DEBUG o.s.core.env.MutablePropertySources - Adding [localProperties] PropertySource with lowest search precedence
12064 [main] DEBUG o.s.b.f.s.DefaultListableBeanFactory - Finished creating instance of bean 'diskSpaceHealthIndicatorProperties'
12064 [main] DEBUG o.s.b.f.s.DefaultListableBeanFactory - Autowiring by type from bean name 'diskSpaceHealthIndicator' via factory method to bean named 'diskSpaceHealthIndicatorProperties'
12065 [main] DEBUG o.s.b.f.s.DefaultListableBeanFactory - Eagerly caching bean 'diskSpaceHealthIndicator' to allow for resolving potential circular references
12068 [main] DEBUG o.s.b.f.s.DefaultListableBeanFactory - Finished creating instance of bean 'diskSpaceHealthIndicator'
12068 [main] DEBUG o.s.b.f.s.DefaultListableBeanFactory - Returning cached instance of singleton bean 'diskSpaceHealthIndicatorProperties'
12068 [main] DEBUG o.s.b.f.s.DefaultListableBeanFactory - Returning cached instance of singleton bean 'org.springframework.boot.actuate.autoconfigure.HealthIndicatorAutoConfiguration'
12068 [main] DEBUG o.s.b.f.s.DefaultListableBeanFactory - Returning cached instance of singleton bean 'healthAggregator'
12068 [main] DEBUG o.s.b.f.s.DefaultListableBeanFactory - Returning cached instance of singleton bean 'management.health.status-org.springframework.boot.actuate.autoconfigure.HealthIndicatorProperties'
12068 [main] DEBUG o.s.b.f.s.DefaultListableBeanFactory - Returning cached instance of singleton bean 'org.springframework.cloud.netflix.metrics.MetricsInterceptorConfiguration$MetricsWebResourceConfiguration'
12068 [main] DEBUG o.s.b.f.s.DefaultListableBeanFactory - Returning cached instance of singleton bean 'servoMonitoringWebResourceInterceptor'
12068 [main] DEBUG o.s.b.f.s.DefaultListableBeanFactory - Creating shared instance of singleton bean 'org.springframework.cloud.netflix.metrics.MetricsInterceptorConfiguration'
12068 [main] DEBUG o.s.b.f.s.DefaultListableBeanFactory - Creating instance of bean 'org.springframework.cloud.netflix.metrics.MetricsInterceptorConfiguration'
12068 [main] DEBUG o.s.b.f.s.DefaultListableBeanFactory - Eagerly caching bean 'org.springframework.cloud.netflix.metrics.MetricsInterceptorConfiguration' to allow for resolving potential circular references
12071 [main] DEBUG o.s.b.f.s.DefaultListableBeanFactory - Finished creating instance of bean 'org.springframework.cloud.netflix.metrics.MetricsInterceptorConfiguration'
12071 [main] DEBUG o.s.b.f.s.DefaultListableBeanFactory - Returning cached instance of singleton bean 'org.springframework.cloud.netflix.metrics.servo.ServoMetricsAutoConfiguration'
12071 [main] DEBUG o.s.b.f.s.DefaultListableBeanFactory - Returning cached instance of singleton bean 'servoMetricsConfig'
12071 [main] DEBUG o.s.b.f.s.DefaultListableBeanFactory - Creating shared instance of singleton bean 'servoMetricNaming'
12071 [main] DEBUG o.s.b.f.s.DefaultListableBeanFactory - Creating instance of bean 'servoMetricNaming'
12071 [main] DEBUG o.s.b.f.s.DefaultListableBeanFactory - Returning cached instance of singleton bean 'org.springframework.cloud.netflix.metrics.servo.ServoMetricsAutoConfiguration'
12072 [main] DEBUG o.s.b.f.s.DefaultListableBeanFactory - Eagerly caching bean 'servoMetricNaming' to allow for resolving potential circular references
12075 [main] DEBUG o.s.b.f.s.DefaultListableBeanFactory - Finished creating instance of bean 'servoMetricNaming'
12075 [main] DEBUG o.s.b.f.s.DefaultListableBeanFactory - Returning cached instance of singleton bean 'monitorRegistry'
12075 [main] DEBUG o.s.b.f.s.DefaultListableBeanFactory - Returning cached instance of singleton bean 'monitorCache'
12075 [main] DEBUG o.s.b.f.s.DefaultListableBeanFactory - Creating shared instance of singleton bean 'servoMetricReader'
12075 [main] DEBUG o.s.b.f.s.DefaultListableBeanFactory - Creating instance of bean 'servoMetricReader'
12075 [main] DEBUG o.s.b.f.s.DefaultListableBeanFactory - Returning cached instance of singleton bean 'org.springframework.cloud.netflix.metrics.servo.ServoMetricsAutoConfiguration'
12075 [main] DEBUG o.s.b.f.s.DefaultListableBeanFactory - Returning cached instance of singleton bean 'monitorRegistry'
12076 [main] DEBUG o.s.b.f.s.DefaultListableBeanFactory - Returning cached instance of singleton bean 'servoMetricNaming'
12076 [main] DEBUG o.s.b.f.s.DefaultListableBeanFactory - Autowiring by type from bean name 'servoMetricReader' via factory method to bean named 'monitorRegistry'
12076 [main] DEBUG o.s.b.f.s.DefaultListableBeanFactory - Autowiring by type from bean name 'servoMetricReader' via factory method to bean named 'servoMetricNaming'
12077 [main] DEBUG o.s.b.f.s.DefaultListableBeanFactory - Eagerly caching bean 'servoMetricReader' to allow for resolving potential circular references
12079 [main] DEBUG o.s.b.f.s.DefaultListableBeanFactory - Finished creating instance of bean 'servoMetricReader'
12079 [main] DEBUG o.s.b.f.s.DefaultListableBeanFactory - Creating shared instance of singleton bean 'servoPublicMetrics'
12079 [main] DEBUG o.s.b.f.s.DefaultListableBeanFactory - Creating instance of bean 'servoPublicMetrics'
12079 [main] DEBUG o.s.b.f.s.DefaultListableBeanFactory - Returning cached instance of singleton bean 'org.springframework.cloud.netflix.metrics.servo.ServoMetricsAutoConfiguration'
12080 [main] DEBUG o.s.b.f.s.DefaultListableBeanFactory - Returning cached instance of singleton bean 'servoMetricReader'
12080 [main] DEBUG o.s.b.f.s.DefaultListableBeanFactory - Autowiring by type from bean name 'servoPublicMetrics' via factory method to bean named 'servoMetricReader'
12080 [main] DEBUG o.s.b.f.s.DefaultListableBeanFactory - Eagerly caching bean 'servoPublicMetrics' to allow for resolving potential circular references
12083 [main] DEBUG o.s.b.f.s.DefaultListableBeanFactory - Finished creating instance of bean 'servoPublicMetrics'
12083 [main] DEBUG o.s.b.f.s.DefaultListableBeanFactory - Returning cached instance of singleton bean 'servoMetricServices'
12083 [main] DEBUG o.s.b.f.s.DefaultListableBeanFactory - Returning cached instance of singleton bean 'defaultMetricsTagProvider'
12083 [main] DEBUG o.s.b.f.s.DefaultListableBeanFactory - Creating shared instance of singleton bean 'org.springframework.boot.actuate.autoconfigure.MetricRepositoryAutoConfiguration'
12083 [main] DEBUG o.s.b.f.s.DefaultListableBeanFactory - Creating instance of bean 'org.springframework.boot.actuate.autoconfigure.MetricRepositoryAutoConfiguration'
12083 [main] DEBUG o.s.b.f.s.DefaultListableBeanFactory - Eagerly caching bean 'org.springframework.boot.actuate.autoconfigure.MetricRepositoryAutoConfiguration' to allow for resolving potential circular references
12086 [main] DEBUG o.s.b.f.s.DefaultListableBeanFactory - Finished creating instance of bean 'org.springframework.boot.actuate.autoconfigure.MetricRepositoryAutoConfiguration'
12086 [main] DEBUG o.s.b.f.s.DefaultListableBeanFactory - Creating shared instance of singleton bean 'org.springframework.boot.autoconfigure.jmx.JmxAutoConfiguration'
12086 [main] DEBUG o.s.b.f.s.DefaultListableBeanFactory - Creating instance of bean 'org.springframework.boot.autoconfigure.jmx.JmxAutoConfiguration'
12087 [main] DEBUG o.s.b.f.s.DefaultListableBeanFactory - Eagerly caching bean 'org.springframework.boot.autoconfigure.jmx.JmxAutoConfiguration' to allow for resolving potential circular references
12094 [main] DEBUG o.s.b.f.s.DefaultListableBeanFactory - Finished creating instance of bean 'org.springframework.boot.autoconfigure.jmx.JmxAutoConfiguration'
12094 [main] DEBUG o.s.b.f.s.DefaultListableBeanFactory - Creating shared instance of singleton bean 'mbeanExporter'
12094 [main] DEBUG o.s.b.f.s.DefaultListableBeanFactory - Creating instance of bean 'mbeanExporter'
12095 [main] DEBUG o.s.b.f.s.DefaultListableBeanFactory - Returning cached instance of singleton bean 'org.springframework.boot.autoconfigure.jmx.JmxAutoConfiguration'
12123 [main] DEBUG o.s.b.f.s.DefaultListableBeanFactory - Creating shared instance of singleton bean 'objectNamingStrategy'
12123 [main] DEBUG o.s.b.f.s.DefaultListableBeanFactory - Creating instance of bean 'objectNamingStrategy'
12123 [main] DEBUG o.s.b.f.s.DefaultListableBeanFactory - Returning cached instance of singleton bean 'org.springframework.boot.autoconfigure.jmx.JmxAutoConfiguration'
12125 [main] DEBUG o.s.b.f.s.DefaultListableBeanFactory - Eagerly caching bean 'objectNamingStrategy' to allow for resolving potential circular references
12128 [main] DEBUG o.s.b.f.s.DefaultListableBeanFactory - Invoking afterPropertiesSet() on bean with name 'objectNamingStrategy'
12129 [main] DEBUG o.s.b.f.s.DefaultListableBeanFactory - Finished creating instance of bean 'objectNamingStrategy'
12129 [main] DEBUG o.s.b.f.s.DefaultListableBeanFactory - Autowiring by type from bean name 'mbeanExporter' via factory method to bean named 'objectNamingStrategy'
12139 [main] DEBUG o.s.b.f.s.DefaultListableBeanFactory - Creating shared instance of singleton bean 'mbeanServer'
12139 [main] DEBUG o.s.b.f.s.DefaultListableBeanFactory - Creating instance of bean 'mbeanServer'
12139 [main] DEBUG o.s.b.f.s.DefaultListableBeanFactory - Returning cached instance of singleton bean 'org.springframework.boot.autoconfigure.jmx.JmxAutoConfiguration'
12144 [main] DEBUG o.s.jmx.support.JmxUtils - Found MBeanServer: com.sun.jmx.mbeanserver.JmxMBeanServer@405f4939
12145 [main] DEBUG o.s.b.f.s.DefaultListableBeanFactory - Eagerly caching bean 'mbeanServer' to allow for resolving potential circular references
12148 [main] DEBUG o.s.b.f.s.DefaultListableBeanFactory - Finished creating instance of bean 'mbeanServer'
12150 [main] DEBUG o.s.b.f.s.DefaultListableBeanFactory - Eagerly caching bean 'mbeanExporter' to allow for resolving potential circular references
12156 [main] DEBUG o.s.b.f.s.DefaultListableBeanFactory - Invoking afterPropertiesSet() on bean with name 'mbeanExporter'
12157 [main] DEBUG o.s.b.f.s.DefaultListableBeanFactory - Finished creating instance of bean 'mbeanExporter'
12157 [main] DEBUG o.s.b.f.s.DefaultListableBeanFactory - Returning cached instance of singleton bean 'objectNamingStrategy'
12157 [main] DEBUG o.s.b.f.s.DefaultListableBeanFactory - Returning cached instance of singleton bean 'mbeanServer'
12157 [main] DEBUG o.s.b.f.s.DefaultListableBeanFactory - Creating shared instance of singleton bean 'org.springframework.boot.actuate.autoconfigure.PublicMetricsAutoConfiguration$TomcatMetricsConfiguration'
12157 [main] DEBUG o.s.b.f.s.DefaultListableBeanFactory - Creating instance of bean 'org.springframework.boot.actuate.autoconfigure.PublicMetricsAutoConfiguration$TomcatMetricsConfiguration'
12157 [main] DEBUG o.s.b.f.s.DefaultListableBeanFactory - Eagerly caching bean 'org.springframework.boot.actuate.autoconfigure.PublicMetricsAutoConfiguration$TomcatMetricsConfiguration' to allow for resolving potential circular references
12159 [main] DEBUG o.s.b.f.s.DefaultListableBeanFactory - Finished creating instance of bean 'org.springframework.boot.actuate.autoconfigure.PublicMetricsAutoConfiguration$TomcatMetricsConfiguration'
12159 [main] DEBUG o.s.b.f.s.DefaultListableBeanFactory - Creating shared instance of singleton bean 'tomcatPublicMetrics'
12159 [main] DEBUG o.s.b.f.s.DefaultListableBeanFactory - Creating instance of bean 'tomcatPublicMetrics'
12159 [main] DEBUG o.s.b.f.s.DefaultListableBeanFactory - Returning cached instance of singleton bean 'org.springframework.boot.actuate.autoconfigure.PublicMetricsAutoConfiguration$TomcatMetricsConfiguration'
12162 [main] DEBUG o.s.b.f.s.DefaultListableBeanFactory - Eagerly caching bean 'tomcatPublicMetrics' to allow for resolving potential circular references
12164 [main] DEBUG o.s.b.f.s.DefaultListableBeanFactory - Finished creating instance of bean 'tomcatPublicMetrics'
12164 [main] DEBUG o.s.b.f.s.DefaultListableBeanFactory - Creating shared instance of singleton bean 'org.springframework.boot.actuate.autoconfigure.PublicMetricsAutoConfiguration'
12164 [main] DEBUG o.s.b.f.s.DefaultListableBeanFactory - Creating instance of bean 'org.springframework.boot.actuate.autoconfigure.PublicMetricsAutoConfiguration'
12164 [main] DEBUG o.s.c.LocalVariableTableParameterNameDiscoverer - Cannot find '.class' file for class [class org.springframework.boot.actuate.autoconfigure.PublicMetricsAutoConfiguration$$EnhancerBySpringCGLIB$$d630ffe7] - unable to determine constructor/method parameter names
12165 [main] DEBUG o.s.b.f.s.DefaultListableBeanFactory - Returning cached instance of singleton bean 'servoMetricReader'
12166 [main] DEBUG o.s.b.f.s.DefaultListableBeanFactory - Eagerly caching bean 'org.springframework.boot.actuate.autoconfigure.PublicMetricsAutoConfiguration' to allow for resolving potential circular references
12169 [main] DEBUG o.s.b.f.s.DefaultListableBeanFactory - Finished creating instance of bean 'org.springframework.boot.actuate.autoconfigure.PublicMetricsAutoConfiguration'
12169 [main] DEBUG o.s.b.f.s.DefaultListableBeanFactory - Creating shared instance of singleton bean 'systemPublicMetrics'
12169 [main] DEBUG o.s.b.f.s.DefaultListableBeanFactory - Creating instance of bean 'systemPublicMetrics'
12169 [main] DEBUG o.s.b.f.s.DefaultListableBeanFactory - Returning cached instance of singleton bean 'org.springframework.boot.actuate.autoconfigure.PublicMetricsAutoConfiguration'
12173 [main] DEBUG o.s.b.f.s.DefaultListableBeanFactory - Eagerly caching bean 'systemPublicMetrics' to allow for resolving potential circular references
12175 [main] DEBUG o.s.b.f.s.DefaultListableBeanFactory - Finished creating instance of bean 'systemPublicMetrics'
12175 [main] DEBUG o.s.b.f.s.DefaultListableBeanFactory - Creating shared instance of singleton bean 'metricReaderPublicMetrics'
12175 [main] DEBUG o.s.b.f.s.DefaultListableBeanFactory - Creating instance of bean 'metricReaderPublicMetrics'
12175 [main] DEBUG o.s.b.f.s.DefaultListableBeanFactory - Returning cached instance of singleton bean 'org.springframework.boot.actuate.autoconfigure.PublicMetricsAutoConfiguration'
12176 [main] DEBUG o.s.b.f.s.DefaultListableBeanFactory - Eagerly caching bean 'metricReaderPublicMetrics' to allow for resolving potential circular references
12177 [main] DEBUG o.s.b.f.s.DefaultListableBeanFactory - Finished creating instance of bean 'metricReaderPublicMetrics'
12177 [main] DEBUG o.s.b.f.s.DefaultListableBeanFactory - Creating shared instance of singleton bean 'org.springframework.boot.actuate.autoconfigure.EndpointAutoConfiguration$RequestMappingEndpointConfiguration'
12177 [main] DEBUG o.s.b.f.s.DefaultListableBeanFactory - Creating instance of bean 'org.springframework.boot.actuate.autoconfigure.EndpointAutoConfiguration$RequestMappingEndpointConfiguration'
12177 [main] DEBUG o.s.b.f.s.DefaultListableBeanFactory - Eagerly caching bean 'org.springframework.boot.actuate.autoconfigure.EndpointAutoConfiguration$RequestMappingEndpointConfiguration' to allow for resolving potential circular references
12180 [main] DEBUG o.s.b.f.s.DefaultListableBeanFactory - Finished creating instance of bean 'org.springframework.boot.actuate.autoconfigure.EndpointAutoConfiguration$RequestMappingEndpointConfiguration'
12180 [main] DEBUG o.s.b.f.s.DefaultListableBeanFactory - Creating shared instance of singleton bean 'requestMappingEndpoint'
12180 [main] DEBUG o.s.b.f.s.DefaultListableBeanFactory - Creating instance of bean 'requestMappingEndpoint'
12180 [main] DEBUG o.s.b.f.s.DefaultListableBeanFactory - Returning cached instance of singleton bean 'org.springframework.boot.actuate.autoconfigure.EndpointAutoConfiguration$RequestMappingEndpointConfiguration'
12182 [main] DEBUG o.s.b.f.s.DefaultListableBeanFactory - Eagerly caching bean 'requestMappingEndpoint' to allow for resolving potential circular references
12186 [main] DEBUG o.s.core.env.MutablePropertySources - Adding [servletConfigInitParams] PropertySource with lowest search precedence
12186 [main] DEBUG o.s.core.env.MutablePropertySources - Adding [servletContextInitParams] PropertySource with lowest search precedence
12186 [main] DEBUG o.s.core.env.MutablePropertySources - Adding [systemProperties] PropertySource with lowest search precedence
12186 [main] DEBUG o.s.core.env.MutablePropertySources - Adding [systemEnvironment] PropertySource with lowest search precedence
12186 [main] DEBUG o.s.core.env.MutablePropertySources - Adding [random] PropertySource with lowest search precedence
12186 [main] DEBUG o.s.core.env.MutablePropertySources - Adding [applicationConfig: [classpath:/application.properties]] PropertySource with lowest search precedence
12186 [main] DEBUG o.s.core.env.MutablePropertySources - Adding [springCloudClientHostInfo] PropertySource with lowest search precedence
12186 [main] DEBUG o.s.core.env.MutablePropertySources - Adding [class path resource [eureka/server.properties]] PropertySource with lowest search precedence
12186 [main] DEBUG o.s.core.env.MutablePropertySources - Adding [defaultProperties] PropertySource with lowest search precedence
12187 [main] DEBUG o.s.core.env.MutablePropertySources - Adding [localProperties] PropertySource with lowest search precedence
12193 [main] DEBUG o.s.b.f.s.DefaultListableBeanFactory - Finished creating instance of bean 'requestMappingEndpoint'
12193 [main] DEBUG o.s.b.f.s.DefaultListableBeanFactory - Creating shared instance of singleton bean 'org.springframework.boot.actuate.autoconfigure.EndpointAutoConfiguration'
12193 [main] DEBUG o.s.b.f.s.DefaultListableBeanFactory - Creating instance of bean 'org.springframework.boot.actuate.autoconfigure.EndpointAutoConfiguration'
12194 [main] DEBUG o.s.c.LocalVariableTableParameterNameDiscoverer - Cannot find '.class' file for class [class org.springframework.boot.actuate.autoconfigure.EndpointAutoConfiguration$$EnhancerBySpringCGLIB$$223ed476] - unable to determine constructor/method parameter names
12194 [main] DEBUG o.s.b.f.s.DefaultListableBeanFactory - Returning cached instance of singleton bean 'healthAggregator'
12195 [main] DEBUG o.s.b.f.s.DefaultListableBeanFactory - Returning cached instance of singleton bean 'discoveryCompositeHealthIndicator'
12195 [main] DEBUG o.s.b.f.s.DefaultListableBeanFactory - Returning cached instance of singleton bean 'diskSpaceHealthIndicator'
12195 [main] DEBUG o.s.b.f.s.DefaultListableBeanFactory - Creating shared instance of singleton bean 'refreshScopeHealthIndicator'
12195 [main] DEBUG o.s.b.f.s.DefaultListableBeanFactory - Creating instance of bean 'refreshScopeHealthIndicator'
12195 [main] DEBUG o.s.b.f.s.DefaultListableBeanFactory - Creating shared instance of singleton bean 'org.springframework.cloud.autoconfigure.RefreshEndpointAutoConfiguration'
12195 [main] DEBUG o.s.b.f.s.DefaultListableBeanFactory - Creating instance of bean 'org.springframework.cloud.autoconfigure.RefreshEndpointAutoConfiguration'
12196 [main] DEBUG o.s.b.f.s.DefaultListableBeanFactory - Eagerly caching bean 'org.springframework.cloud.autoconfigure.RefreshEndpointAutoConfiguration' to allow for resolving potential circular references
12198 [main] DEBUG o.s.b.f.s.DefaultListableBeanFactory - Finished creating instance of bean 'org.springframework.cloud.autoconfigure.RefreshEndpointAutoConfiguration'
12199 [main] DEBUG o.s.b.f.s.DefaultListableBeanFactory - Returning cached instance of singleton bean 'refreshScope'
12199 [main] DEBUG o.s.b.f.s.DefaultListableBeanFactory - Creating shared instance of singleton bean 'configurationPropertiesRebinder'
12199 [main] DEBUG o.s.b.f.s.DefaultListableBeanFactory - Creating instance of bean 'configurationPropertiesRebinder'
12199 [main] DEBUG o.s.b.f.s.DefaultListableBeanFactory - Returning cached instance of singleton bean 'org.springframework.cloud.autoconfigure.ConfigurationPropertiesRebinderAutoConfiguration'
12201 [main] DEBUG o.s.b.f.s.DefaultListableBeanFactory - Returning cached instance of singleton bean 'configurationPropertiesBeans'
12202 [main] DEBUG o.s.b.f.s.DefaultListableBeanFactory - Returning cached instance of singleton bean 'org.springframework.boot.context.properties.ConfigurationPropertiesBindingPostProcessor'
12202 [main] DEBUG o.s.b.f.s.DefaultListableBeanFactory - Autowiring by type from bean name 'configurationPropertiesRebinder' via factory method to bean named 'configurationPropertiesBeans'
12202 [main] DEBUG o.s.b.f.s.DefaultListableBeanFactory - Autowiring by type from bean name 'configurationPropertiesRebinder' via factory method to bean named 'org.springframework.boot.context.properties.ConfigurationPropertiesBindingPostProcessor'
12202 [main] DEBUG o.s.b.f.s.DefaultListableBeanFactory - Eagerly caching bean 'configurationPropertiesRebinder' to allow for resolving potential circular references
12205 [main] DEBUG o.s.b.f.s.DefaultListableBeanFactory - Finished creating instance of bean 'configurationPropertiesRebinder'
12205 [main] DEBUG o.s.b.f.s.DefaultListableBeanFactory - Autowiring by type from bean name 'refreshScopeHealthIndicator' via factory method to bean named 'refreshScope'
12205 [main] DEBUG o.s.b.f.s.DefaultListableBeanFactory - Autowiring by type from bean name 'refreshScopeHealthIndicator' via factory method to bean named 'configurationPropertiesRebinder'
12208 [main] DEBUG o.s.b.f.s.DefaultListableBeanFactory - Eagerly caching bean 'refreshScopeHealthIndicator' to allow for resolving potential circular references
12211 [main] DEBUG o.s.b.f.s.DefaultListableBeanFactory - Finished creating instance of bean 'refreshScopeHealthIndicator'
12211 [main] DEBUG o.s.b.f.s.DefaultListableBeanFactory - Creating shared instance of singleton bean 'hystrixHealthIndicator'
12211 [main] DEBUG o.s.b.f.s.DefaultListableBeanFactory - Creating instance of bean 'hystrixHealthIndicator'
12211 [main] DEBUG o.s.b.f.s.DefaultListableBeanFactory - Creating shared instance of singleton bean 'org.springframework.cloud.netflix.hystrix.HystrixAutoConfiguration'
12211 [main] DEBUG o.s.b.f.s.DefaultListableBeanFactory - Creating instance of bean 'org.springframework.cloud.netflix.hystrix.HystrixAutoConfiguration'
12211 [main] DEBUG o.s.b.f.s.DefaultListableBeanFactory - Eagerly caching bean 'org.springframework.cloud.netflix.hystrix.HystrixAutoConfiguration' to allow for resolving potential circular references
12214 [main] DEBUG o.s.b.f.s.DefaultListableBeanFactory - Finished creating instance of bean 'org.springframework.cloud.netflix.hystrix.HystrixAutoConfiguration'
12216 [main] DEBUG o.s.b.f.s.DefaultListableBeanFactory - Eagerly caching bean 'hystrixHealthIndicator' to allow for resolving potential circular references
12220 [main] DEBUG o.s.b.f.s.DefaultListableBeanFactory - Finished creating instance of bean 'hystrixHealthIndicator'
12221 [main] DEBUG o.s.b.f.s.DefaultListableBeanFactory - Returning cached instance of singleton bean 'envInfoContributor'
12222 [main] DEBUG o.s.b.f.s.DefaultListableBeanFactory - Returning cached instance of singleton bean 'servoPublicMetrics'
12222 [main] DEBUG o.s.b.f.s.DefaultListableBeanFactory - Returning cached instance of singleton bean 'tomcatPublicMetrics'
12222 [main] DEBUG o.s.b.f.s.DefaultListableBeanFactory - Returning cached instance of singleton bean 'systemPublicMetrics'
12222 [main] DEBUG o.s.b.f.s.DefaultListableBeanFactory - Returning cached instance of singleton bean 'metricReaderPublicMetrics'
12223 [main] DEBUG o.s.b.f.s.DefaultListableBeanFactory - Returning cached instance of singleton bean 'traceRepository'
12224 [main] DEBUG o.s.b.f.s.DefaultListableBeanFactory - Eagerly caching bean 'org.springframework.boot.actuate.autoconfigure.EndpointAutoConfiguration' to allow for resolving potential circular references
12226 [main] DEBUG o.s.b.f.s.DefaultListableBeanFactory - Finished creating instance of bean 'org.springframework.boot.actuate.autoconfigure.EndpointAutoConfiguration'
12226 [main] DEBUG o.s.b.f.s.DefaultListableBeanFactory - Creating shared instance of singleton bean 'environmentEndpoint'
12227 [main] DEBUG o.s.b.f.s.DefaultListableBeanFactory - Creating instance of bean 'environmentEndpoint'
12227 [main] DEBUG o.s.b.f.s.DefaultListableBeanFactory - Returning cached instance of singleton bean 'org.springframework.boot.actuate.autoconfigure.EndpointAutoConfiguration'
12231 [main] DEBUG o.s.b.f.s.DefaultListableBeanFactory - Eagerly caching bean 'environmentEndpoint' to allow for resolving potential circular references
12235 [main] DEBUG o.s.core.env.MutablePropertySources - Adding [servletConfigInitParams] PropertySource with lowest search precedence
12235 [main] DEBUG o.s.core.env.MutablePropertySources - Adding [servletContextInitParams] PropertySource with lowest search precedence
12235 [main] DEBUG o.s.core.env.MutablePropertySources - Adding [systemProperties] PropertySource with lowest search precedence
12235 [main] DEBUG o.s.core.env.MutablePropertySources - Adding [systemEnvironment] PropertySource with lowest search precedence
12235 [main] DEBUG o.s.core.env.MutablePropertySources - Adding [random] PropertySource with lowest search precedence
12235 [main] DEBUG o.s.core.env.MutablePropertySources - Adding [applicationConfig: [classpath:/application.properties]] PropertySource with lowest search precedence
12235 [main] DEBUG o.s.core.env.MutablePropertySources - Adding [springCloudClientHostInfo] PropertySource with lowest search precedence
12235 [main] DEBUG o.s.core.env.MutablePropertySources - Adding [class path resource [eureka/server.properties]] PropertySource with lowest search precedence
12235 [main] DEBUG o.s.core.env.MutablePropertySources - Adding [defaultProperties] PropertySource with lowest search precedence
12235 [main] DEBUG o.s.core.env.MutablePropertySources - Adding [localProperties] PropertySource with lowest search precedence
12239 [main] DEBUG o.s.b.f.s.DefaultListableBeanFactory - Finished creating instance of bean 'environmentEndpoint'
12239 [main] DEBUG o.s.b.f.s.DefaultListableBeanFactory - Creating shared instance of singleton bean 'healthEndpoint'
12239 [main] DEBUG o.s.b.f.s.DefaultListableBeanFactory - Creating instance of bean 'healthEndpoint'
12240 [main] DEBUG o.s.b.f.s.DefaultListableBeanFactory - Returning cached instance of singleton bean 'org.springframework.boot.actuate.autoconfigure.EndpointAutoConfiguration'
12240 [main] DEBUG o.s.b.f.s.DefaultListableBeanFactory - Eagerly caching bean 'healthEndpoint' to allow for resolving potential circular references
12244 [main] DEBUG o.s.core.env.MutablePropertySources - Adding [servletConfigInitParams] PropertySource with lowest search precedence
12244 [main] DEBUG o.s.core.env.MutablePropertySources - Adding [servletContextInitParams] PropertySource with lowest search precedence
12244 [main] DEBUG o.s.core.env.MutablePropertySources - Adding [systemProperties] PropertySource with lowest search precedence
12244 [main] DEBUG o.s.core.env.MutablePropertySources - Adding [systemEnvironment] PropertySource with lowest search precedence
12244 [main] DEBUG o.s.core.env.MutablePropertySources - Adding [random] PropertySource with lowest search precedence
12244 [main] DEBUG o.s.core.env.MutablePropertySources - Adding [applicationConfig: [classpath:/application.properties]] PropertySource with lowest search precedence
12244 [main] DEBUG o.s.core.env.MutablePropertySources - Adding [springCloudClientHostInfo] PropertySource with lowest search precedence
12244 [main] DEBUG o.s.core.env.MutablePropertySources - Adding [class path resource [eureka/server.properties]] PropertySource with lowest search precedence
12244 [main] DEBUG o.s.core.env.MutablePropertySources - Adding [defaultProperties] PropertySource with lowest search precedence
12244 [main] DEBUG o.s.core.env.MutablePropertySources - Adding [localProperties] PropertySource with lowest search precedence
12247 [main] DEBUG o.s.b.f.s.DefaultListableBeanFactory - Finished creating instance of bean 'healthEndpoint'
12247 [main] DEBUG o.s.b.f.s.DefaultListableBeanFactory - Creating shared instance of singleton bean 'beansEndpoint'
12247 [main] DEBUG o.s.b.f.s.DefaultListableBeanFactory - Creating instance of bean 'beansEndpoint'
12247 [main] DEBUG o.s.b.f.s.DefaultListableBeanFactory - Returning cached instance of singleton bean 'org.springframework.boot.actuate.autoconfigure.EndpointAutoConfiguration'
12249 [main] DEBUG o.s.b.f.s.DefaultListableBeanFactory - Eagerly caching bean 'beansEndpoint' to allow for resolving potential circular references
12253 [main] DEBUG o.s.c.e.PropertySourcesPropertyResolver - Could not find key 'spring.liveBeansView.mbeanDomain' in any property source
12253 [main] DEBUG o.s.core.env.MutablePropertySources - Adding [servletConfigInitParams] PropertySource with lowest search precedence
12253 [main] DEBUG o.s.core.env.MutablePropertySources - Adding [servletContextInitParams] PropertySource with lowest search precedence
12253 [main] DEBUG o.s.core.env.MutablePropertySources - Adding [systemProperties] PropertySource with lowest search precedence
12253 [main] DEBUG o.s.core.env.MutablePropertySources - Adding [systemEnvironment] PropertySource with lowest search precedence
12253 [main] DEBUG o.s.core.env.MutablePropertySources - Adding [random] PropertySource with lowest search precedence
12253 [main] DEBUG o.s.core.env.MutablePropertySources - Adding [applicationConfig: [classpath:/application.properties]] PropertySource with lowest search precedence
12253 [main] DEBUG o.s.core.env.MutablePropertySources - Adding [springCloudClientHostInfo] PropertySource with lowest search precedence
12253 [main] DEBUG o.s.core.env.MutablePropertySources - Adding [class path resource [eureka/server.properties]] PropertySource with lowest search precedence
12253 [main] DEBUG o.s.core.env.MutablePropertySources - Adding [defaultProperties] PropertySource with lowest search precedence
12253 [main] DEBUG o.s.core.env.MutablePropertySources - Adding [localProperties] PropertySource with lowest search precedence
12257 [main] DEBUG o.s.b.f.s.DefaultListableBeanFactory - Finished creating instance of bean 'beansEndpoint'
12257 [main] DEBUG o.s.b.f.s.DefaultListableBeanFactory - Creating shared instance of singleton bean 'infoEndpoint'
12257 [main] DEBUG o.s.b.f.s.DefaultListableBeanFactory - Creating instance of bean 'infoEndpoint'
12257 [main] DEBUG o.s.b.f.s.DefaultListableBeanFactory - Returning cached instance of singleton bean 'org.springframework.boot.actuate.autoconfigure.EndpointAutoConfiguration'
12258 [main] DEBUG o.s.b.f.s.DefaultListableBeanFactory - Eagerly caching bean 'infoEndpoint' to allow for resolving potential circular references
12261 [main] DEBUG o.s.core.env.MutablePropertySources - Adding [servletConfigInitParams] PropertySource with lowest search precedence
12261 [main] DEBUG o.s.core.env.MutablePropertySources - Adding [servletContextInitParams] PropertySource with lowest search precedence
12261 [main] DEBUG o.s.core.env.MutablePropertySources - Adding [systemProperties] PropertySource with lowest search precedence
12261 [main] DEBUG o.s.core.env.MutablePropertySources - Adding [systemEnvironment] PropertySource with lowest search precedence
12261 [main] DEBUG o.s.core.env.MutablePropertySources - Adding [random] PropertySource with lowest search precedence
12261 [main] DEBUG o.s.core.env.MutablePropertySources - Adding [applicationConfig: [classpath:/application.properties]] PropertySource with lowest search precedence
12261 [main] DEBUG o.s.core.env.MutablePropertySources - Adding [springCloudClientHostInfo] PropertySource with lowest search precedence
12261 [main] DEBUG o.s.core.env.MutablePropertySources - Adding [class path resource [eureka/server.properties]] PropertySource with lowest search precedence
12261 [main] DEBUG o.s.core.env.MutablePropertySources - Adding [defaultProperties] PropertySource with lowest search precedence
12261 [main] DEBUG o.s.core.env.MutablePropertySources - Adding [localProperties] PropertySource with lowest search precedence
12264 [main] DEBUG o.s.b.f.s.DefaultListableBeanFactory - Finished creating instance of bean 'infoEndpoint'
12265 [main] DEBUG o.s.b.f.s.DefaultListableBeanFactory - Creating shared instance of singleton bean 'metricsEndpoint'
12265 [main] DEBUG o.s.b.f.s.DefaultListableBeanFactory - Creating instance of bean 'metricsEndpoint'
12265 [main] DEBUG o.s.b.f.s.DefaultListableBeanFactory - Returning cached instance of singleton bean 'org.springframework.boot.actuate.autoconfigure.EndpointAutoConfiguration'
12265 [main] DEBUG o.s.b.f.s.DefaultListableBeanFactory - Eagerly caching bean 'metricsEndpoint' to allow for resolving potential circular references
12269 [main] DEBUG o.s.core.env.MutablePropertySources - Adding [servletConfigInitParams] PropertySource with lowest search precedence
12269 [main] DEBUG o.s.core.env.MutablePropertySources - Adding [servletContextInitParams] PropertySource with lowest search precedence
12269 [main] DEBUG o.s.core.env.MutablePropertySources - Adding [systemProperties] PropertySource with lowest search precedence
12269 [main] DEBUG o.s.core.env.MutablePropertySources - Adding [systemEnvironment] PropertySource with lowest search precedence
12269 [main] DEBUG o.s.core.env.MutablePropertySources - Adding [random] PropertySource with lowest search precedence
12269 [main] DEBUG o.s.core.env.MutablePropertySources - Adding [applicationConfig: [classpath:/application.properties]] PropertySource with lowest search precedence
12269 [main] DEBUG o.s.core.env.MutablePropertySources - Adding [springCloudClientHostInfo] PropertySource with lowest search precedence
12269 [main] DEBUG o.s.core.env.MutablePropertySources - Adding [class path resource [eureka/server.properties]] PropertySource with lowest search precedence
12270 [main] DEBUG o.s.core.env.MutablePropertySources - Adding [defaultProperties] PropertySource with lowest search precedence
12270 [main] DEBUG o.s.core.env.MutablePropertySources - Adding [localProperties] PropertySource with lowest search precedence
12273 [main] DEBUG o.s.b.f.s.DefaultListableBeanFactory - Finished creating instance of bean 'metricsEndpoint'
12273 [main] DEBUG o.s.b.f.s.DefaultListableBeanFactory - Creating shared instance of singleton bean 'traceEndpoint'
12273 [main] DEBUG o.s.b.f.s.DefaultListableBeanFactory - Creating instance of bean 'traceEndpoint'
12273 [main] DEBUG o.s.b.f.s.DefaultListableBeanFactory - Returning cached instance of singleton bean 'org.springframework.boot.actuate.autoconfigure.EndpointAutoConfiguration'
12273 [main] DEBUG o.s.b.f.s.DefaultListableBeanFactory - Eagerly caching bean 'traceEndpoint' to allow for resolving potential circular references
12276 [main] DEBUG o.s.core.env.MutablePropertySources - Adding [servletConfigInitParams] PropertySource with lowest search precedence
12276 [main] DEBUG o.s.core.env.MutablePropertySources - Adding [servletContextInitParams] PropertySource with lowest search precedence
12276 [main] DEBUG o.s.core.env.MutablePropertySources - Adding [systemProperties] PropertySource with lowest search precedence
12276 [main] DEBUG o.s.core.env.MutablePropertySources - Adding [systemEnvironment] PropertySource with lowest search precedence
12276 [main] DEBUG o.s.core.env.MutablePropertySources - Adding [random] PropertySource with lowest search precedence
12277 [main] DEBUG o.s.core.env.MutablePropertySources - Adding [applicationConfig: [classpath:/application.properties]] PropertySource with lowest search precedence
12277 [main] DEBUG o.s.core.env.MutablePropertySources - Adding [springCloudClientHostInfo] PropertySource with lowest search precedence
12277 [main] DEBUG o.s.core.env.MutablePropertySources - Adding [class path resource [eureka/server.properties]] PropertySource with lowest search precedence
12277 [main] DEBUG o.s.core.env.MutablePropertySources - Adding [defaultProperties] PropertySource with lowest search precedence
12277 [main] DEBUG o.s.core.env.MutablePropertySources - Adding [localProperties] PropertySource with lowest search precedence
12280 [main] DEBUG o.s.b.f.s.DefaultListableBeanFactory - Finished creating instance of bean 'traceEndpoint'
12280 [main] DEBUG o.s.b.f.s.DefaultListableBeanFactory - Creating shared instance of singleton bean 'dumpEndpoint'
12280 [main] DEBUG o.s.b.f.s.DefaultListableBeanFactory - Creating instance of bean 'dumpEndpoint'
12280 [main] DEBUG o.s.b.f.s.DefaultListableBeanFactory - Returning cached instance of singleton bean 'org.springframework.boot.actuate.autoconfigure.EndpointAutoConfiguration'
12281 [main] DEBUG o.s.b.f.s.DefaultListableBeanFactory - Eagerly caching bean 'dumpEndpoint' to allow for resolving potential circular references
12285 [main] DEBUG o.s.core.env.MutablePropertySources - Adding [servletConfigInitParams] PropertySource with lowest search precedence
12285 [main] DEBUG o.s.core.env.MutablePropertySources - Adding [servletContextInitParams] PropertySource with lowest search precedence
12285 [main] DEBUG o.s.core.env.MutablePropertySources - Adding [systemProperties] PropertySource with lowest search precedence
12285 [main] DEBUG o.s.core.env.MutablePropertySources - Adding [systemEnvironment] PropertySource with lowest search precedence
12285 [main] DEBUG o.s.core.env.MutablePropertySources - Adding [random] PropertySource with lowest search precedence
12285 [main] DEBUG o.s.core.env.MutablePropertySources - Adding [applicationConfig: [classpath:/application.properties]] PropertySource with lowest search precedence
12285 [main] DEBUG o.s.core.env.MutablePropertySources - Adding [springCloudClientHostInfo] PropertySource with lowest search precedence
12285 [main] DEBUG o.s.core.env.MutablePropertySources - Adding [class path resource [eureka/server.properties]] PropertySource with lowest search precedence
12285 [main] DEBUG o.s.core.env.MutablePropertySources - Adding [defaultProperties] PropertySource with lowest search precedence
12285 [main] DEBUG o.s.core.env.MutablePropertySources - Adding [localProperties] PropertySource with lowest search precedence
12287 [main] DEBUG o.s.b.f.s.DefaultListableBeanFactory - Finished creating instance of bean 'dumpEndpoint'
12287 [main] DEBUG o.s.b.f.s.DefaultListableBeanFactory - Creating shared instance of singleton bean 'autoConfigurationReportEndpoint'
12287 [main] DEBUG o.s.b.f.s.DefaultListableBeanFactory - Creating instance of bean 'autoConfigurationReportEndpoint'
12287 [main] DEBUG o.s.b.f.s.DefaultListableBeanFactory - Returning cached instance of singleton bean 'org.springframework.boot.actuate.autoconfigure.EndpointAutoConfiguration'
12289 [main] DEBUG o.s.b.f.a.InjectionMetadata - Registered injected element on class [org.springframework.boot.actuate.endpoint.AutoConfigurationReportEndpoint]: AutowiredFieldElement for private org.springframework.boot.autoconfigure.condition.ConditionEvaluationReport org.springframework.boot.actuate.endpoint.AutoConfigurationReportEndpoint.autoConfigurationReport
12289 [main] DEBUG o.s.b.f.s.DefaultListableBeanFactory - Eagerly caching bean 'autoConfigurationReportEndpoint' to allow for resolving potential circular references
12292 [main] DEBUG o.s.b.f.a.InjectionMetadata - Processing injected element of bean 'autoConfigurationReportEndpoint': AutowiredFieldElement for private org.springframework.boot.autoconfigure.condition.ConditionEvaluationReport org.springframework.boot.actuate.endpoint.AutoConfigurationReportEndpoint.autoConfigurationReport
12293 [main] DEBUG o.s.b.f.s.DefaultListableBeanFactory - Returning cached instance of singleton bean 'autoConfigurationReport'
12293 [main] DEBUG o.s.b.f.a.AutowiredAnnotationBeanPostProcessor - Autowiring by type from bean name 'autoConfigurationReportEndpoint' to bean named 'autoConfigurationReport'
12293 [main] DEBUG o.s.core.env.MutablePropertySources - Adding [servletConfigInitParams] PropertySource with lowest search precedence
12294 [main] DEBUG o.s.core.env.MutablePropertySources - Adding [servletContextInitParams] PropertySource with lowest search precedence
12294 [main] DEBUG o.s.core.env.MutablePropertySources - Adding [systemProperties] PropertySource with lowest search precedence
12294 [main] DEBUG o.s.core.env.MutablePropertySources - Adding [systemEnvironment] PropertySource with lowest search precedence
12294 [main] DEBUG o.s.core.env.MutablePropertySources - Adding [random] PropertySource with lowest search precedence
12294 [main] DEBUG o.s.core.env.MutablePropertySources - Adding [applicationConfig: [classpath:/application.properties]] PropertySource with lowest search precedence
12294 [main] DEBUG o.s.core.env.MutablePropertySources - Adding [springCloudClientHostInfo] PropertySource with lowest search precedence
12294 [main] DEBUG o.s.core.env.MutablePropertySources - Adding [class path resource [eureka/server.properties]] PropertySource with lowest search precedence
12294 [main] DEBUG o.s.core.env.MutablePropertySources - Adding [defaultProperties] PropertySource with lowest search precedence
12294 [main] DEBUG o.s.core.env.MutablePropertySources - Adding [localProperties] PropertySource with lowest search precedence
12296 [main] DEBUG o.s.b.f.s.DefaultListableBeanFactory - Finished creating instance of bean 'autoConfigurationReportEndpoint'
12296 [main] DEBUG o.s.b.f.s.DefaultListableBeanFactory - Creating shared instance of singleton bean 'shutdownEndpoint'
12296 [main] DEBUG o.s.b.f.s.DefaultListableBeanFactory - Creating instance of bean 'shutdownEndpoint'
12297 [main] DEBUG o.s.b.f.s.DefaultListableBeanFactory - Returning cached instance of singleton bean 'org.springframework.boot.actuate.autoconfigure.EndpointAutoConfiguration'
12297 [main] DEBUG o.s.b.f.s.DefaultListableBeanFactory - Eagerly caching bean 'shutdownEndpoint' to allow for resolving potential circular references
12302 [main] DEBUG o.s.core.env.MutablePropertySources - Adding [servletConfigInitParams] PropertySource with lowest search precedence
12302 [main] DEBUG o.s.core.env.MutablePropertySources - Adding [servletContextInitParams] PropertySource with lowest search precedence
12302 [main] DEBUG o.s.core.env.MutablePropertySources - Adding [systemProperties] PropertySource with lowest search precedence
12302 [main] DEBUG o.s.core.env.MutablePropertySources - Adding [systemEnvironment] PropertySource with lowest search precedence
12302 [main] DEBUG o.s.core.env.MutablePropertySources - Adding [random] PropertySource with lowest search precedence
12302 [main] DEBUG o.s.core.env.MutablePropertySources - Adding [applicationConfig: [classpath:/application.properties]] PropertySource with lowest search precedence
12302 [main] DEBUG o.s.core.env.MutablePropertySources - Adding [springCloudClientHostInfo] PropertySource with lowest search precedence
12302 [main] DEBUG o.s.core.env.MutablePropertySources - Adding [class path resource [eureka/server.properties]] PropertySource with lowest search precedence
12302 [main] DEBUG o.s.core.env.MutablePropertySources - Adding [defaultProperties] PropertySource with lowest search precedence
12302 [main] DEBUG o.s.core.env.MutablePropertySources - Adding [localProperties] PropertySource with lowest search precedence
12306 [main] DEBUG o.s.b.f.s.DefaultListableBeanFactory - Finished creating instance of bean 'shutdownEndpoint'
12306 [main] DEBUG o.s.b.f.s.DefaultListableBeanFactory - Creating shared instance of singleton bean 'configurationPropertiesReportEndpoint'
12306 [main] DEBUG o.s.b.f.s.DefaultListableBeanFactory - Creating instance of bean 'configurationPropertiesReportEndpoint'
12306 [main] DEBUG o.s.b.f.s.DefaultListableBeanFactory - Returning cached instance of singleton bean 'org.springframework.boot.actuate.autoconfigure.EndpointAutoConfiguration'
12308 [main] DEBUG o.s.b.f.s.DefaultListableBeanFactory - Eagerly caching bean 'configurationPropertiesReportEndpoint' to allow for resolving potential circular references
12313 [main] DEBUG o.s.core.env.MutablePropertySources - Adding [servletConfigInitParams] PropertySource with lowest search precedence
12313 [main] DEBUG o.s.core.env.MutablePropertySources - Adding [servletContextInitParams] PropertySource with lowest search precedence
12313 [main] DEBUG o.s.core.env.MutablePropertySources - Adding [systemProperties] PropertySource with lowest search precedence
12313 [main] DEBUG o.s.core.env.MutablePropertySources - Adding [systemEnvironment] PropertySource with lowest search precedence
12313 [main] DEBUG o.s.core.env.MutablePropertySources - Adding [random] PropertySource with lowest search precedence
12313 [main] DEBUG o.s.core.env.MutablePropertySources - Adding [applicationConfig: [classpath:/application.properties]] PropertySource with lowest search precedence
12313 [main] DEBUG o.s.core.env.MutablePropertySources - Adding [springCloudClientHostInfo] PropertySource with lowest search precedence
12313 [main] DEBUG o.s.core.env.MutablePropertySources - Adding [class path resource [eureka/server.properties]] PropertySource with lowest search precedence
12313 [main] DEBUG o.s.core.env.MutablePropertySources - Adding [defaultProperties] PropertySource with lowest search precedence
12313 [main] DEBUG o.s.core.env.MutablePropertySources - Adding [localProperties] PropertySource with lowest search precedence
12317 [main] DEBUG o.s.b.f.s.DefaultListableBeanFactory - Finished creating instance of bean 'configurationPropertiesReportEndpoint'
12317 [main] DEBUG o.s.b.f.s.DefaultListableBeanFactory - Creating shared instance of singleton bean 'endpoints-org.springframework.boot.actuate.endpoint.EndpointProperties'
12317 [main] DEBUG o.s.b.f.s.DefaultListableBeanFactory - Creating instance of bean 'endpoints-org.springframework.boot.actuate.endpoint.EndpointProperties'
12317 [main] DEBUG o.s.b.f.s.DefaultListableBeanFactory - Eagerly caching bean 'endpoints-org.springframework.boot.actuate.endpoint.EndpointProperties' to allow for resolving potential circular references
12319 [main] DEBUG o.s.core.env.MutablePropertySources - Adding [servletConfigInitParams] PropertySource with lowest search precedence
12319 [main] DEBUG o.s.core.env.MutablePropertySources - Adding [servletContextInitParams] PropertySource with lowest search precedence
12319 [main] DEBUG o.s.core.env.MutablePropertySources - Adding [systemProperties] PropertySource with lowest search precedence
12319 [main] DEBUG o.s.core.env.MutablePropertySources - Adding [systemEnvironment] PropertySource with lowest search precedence
12319 [main] DEBUG o.s.core.env.MutablePropertySources - Adding [random] PropertySource with lowest search precedence
12319 [main] DEBUG o.s.core.env.MutablePropertySources - Adding [applicationConfig: [classpath:/application.properties]] PropertySource with lowest search precedence
12319 [main] DEBUG o.s.core.env.MutablePropertySources - Adding [springCloudClientHostInfo] PropertySource with lowest search precedence
12319 [main] DEBUG o.s.core.env.MutablePropertySources - Adding [class path resource [eureka/server.properties]] PropertySource with lowest search precedence
12319 [main] DEBUG o.s.core.env.MutablePropertySources - Adding [defaultProperties] PropertySource with lowest search precedence
12319 [main] DEBUG o.s.core.env.MutablePropertySources - Adding [localProperties] PropertySource with lowest search precedence
12320 [main] DEBUG o.s.b.f.s.DefaultListableBeanFactory - Finished creating instance of bean 'endpoints-org.springframework.boot.actuate.endpoint.EndpointProperties'
12320 [main] DEBUG o.s.b.f.s.DefaultListableBeanFactory - Creating shared instance of singleton bean 'org.springframework.boot.actuate.autoconfigure.EndpointMBeanExportAutoConfiguration'
12320 [main] DEBUG o.s.b.f.s.DefaultListableBeanFactory - Creating instance of bean 'org.springframework.boot.actuate.autoconfigure.EndpointMBeanExportAutoConfiguration'
12321 [main] DEBUG o.s.c.LocalVariableTableParameterNameDiscoverer - Cannot find '.class' file for class [class org.springframework.boot.actuate.autoconfigure.EndpointMBeanExportAutoConfiguration$$EnhancerBySpringCGLIB$$fddfccc5] - unable to determine constructor/method parameter names
12322 [main] DEBUG o.s.b.f.s.DefaultListableBeanFactory - Creating shared instance of singleton bean 'endpoints.jmx-org.springframework.boot.actuate.autoconfigure.EndpointMBeanExportProperties'
12322 [main] DEBUG o.s.b.f.s.DefaultListableBeanFactory - Creating instance of bean 'endpoints.jmx-org.springframework.boot.actuate.autoconfigure.EndpointMBeanExportProperties'
12322 [main] DEBUG o.s.b.f.a.InjectionMetadata - Registered injected element on class [org.springframework.boot.actuate.autoconfigure.EndpointMBeanExportProperties]: AutowiredFieldElement for private java.lang.String org.springframework.boot.actuate.autoconfigure.EndpointMBeanExportProperties.domain
12322 [main] DEBUG o.s.b.f.s.DefaultListableBeanFactory - Eagerly caching bean 'endpoints.jmx-org.springframework.boot.actuate.autoconfigure.EndpointMBeanExportProperties' to allow for resolving potential circular references
12324 [main] DEBUG o.s.b.f.a.InjectionMetadata - Processing injected element of bean 'endpoints.jmx-org.springframework.boot.actuate.autoconfigure.EndpointMBeanExportProperties': AutowiredFieldElement for private java.lang.String org.springframework.boot.actuate.autoconfigure.EndpointMBeanExportProperties.domain
12324 [main] DEBUG o.s.c.e.PropertySourcesPropertyResolver - Could not find key 'spring.jmx.default-domain:' in any property source
12324 [main] DEBUG o.s.c.e.PropertySourcesPropertyResolver - Could not find key 'spring.jmx.default-domain:' in any property source
12324 [main] DEBUG o.s.c.e.PropertySourcesPropertyResolver - Could not find key 'spring.jmx.default-domain' in any property source
12324 [main] DEBUG o.s.c.e.PropertySourcesPropertyResolver - Could not find key 'spring.jmx.default-domain' in any property source
12324 [main] DEBUG o.s.core.env.MutablePropertySources - Adding [servletConfigInitParams] PropertySource with lowest search precedence
12324 [main] DEBUG o.s.core.env.MutablePropertySources - Adding [servletContextInitParams] PropertySource with lowest search precedence
12325 [main] DEBUG o.s.core.env.MutablePropertySources - Adding [systemProperties] PropertySource with lowest search precedence
12325 [main] DEBUG o.s.core.env.MutablePropertySources - Adding [systemEnvironment] PropertySource with lowest search precedence
12325 [main] DEBUG o.s.core.env.MutablePropertySources - Adding [random] PropertySource with lowest search precedence
12325 [main] DEBUG o.s.core.env.MutablePropertySources - Adding [applicationConfig: [classpath:/application.properties]] PropertySource with lowest search precedence
12325 [main] DEBUG o.s.core.env.MutablePropertySources - Adding [springCloudClientHostInfo] PropertySource with lowest search precedence
12325 [main] DEBUG o.s.core.env.MutablePropertySources - Adding [class path resource [eureka/server.properties]] PropertySource with lowest search precedence
12325 [main] DEBUG o.s.core.env.MutablePropertySources - Adding [defaultProperties] PropertySource with lowest search precedence
12325 [main] DEBUG o.s.core.env.MutablePropertySources - Adding [localProperties] PropertySource with lowest search precedence
12327 [main] DEBUG o.s.b.f.s.DefaultListableBeanFactory - Finished creating instance of bean 'endpoints.jmx-org.springframework.boot.actuate.autoconfigure.EndpointMBeanExportProperties'
12327 [main] DEBUG o.s.b.f.s.DefaultListableBeanFactory - Autowiring by type from bean name 'org.springframework.boot.actuate.autoconfigure.EndpointMBeanExportAutoConfiguration' via constructor to bean named 'endpoints.jmx-org.springframework.boot.actuate.autoconfigure.EndpointMBeanExportProperties'
12327 [main] DEBUG o.s.b.f.s.DefaultListableBeanFactory - Returning cached instance of singleton bean 'jacksonObjectMapper'
12328 [main] DEBUG o.s.b.f.s.DefaultListableBeanFactory - Eagerly caching bean 'org.springframework.boot.actuate.autoconfigure.EndpointMBeanExportAutoConfiguration' to allow for resolving potential circular references
12331 [main] DEBUG o.s.b.f.s.DefaultListableBeanFactory - Finished creating instance of bean 'org.springframework.boot.actuate.autoconfigure.EndpointMBeanExportAutoConfiguration'
12331 [main] DEBUG o.s.b.f.s.DefaultListableBeanFactory - Creating shared instance of singleton bean 'endpointMBeanExporter'
12331 [main] DEBUG o.s.b.f.s.DefaultListableBeanFactory - Creating instance of bean 'endpointMBeanExporter'
12331 [main] DEBUG o.s.b.f.s.DefaultListableBeanFactory - Returning cached instance of singleton bean 'org.springframework.boot.actuate.autoconfigure.EndpointMBeanExportAutoConfiguration'
12332 [main] DEBUG o.s.b.f.s.DefaultListableBeanFactory - Returning cached instance of singleton bean 'mbeanServer'
12332 [main] DEBUG o.s.b.f.s.DefaultListableBeanFactory - Autowiring by type from bean name 'endpointMBeanExporter' via factory method to bean named 'mbeanServer'
12337 [main] DEBUG o.s.b.f.s.DefaultListableBeanFactory - Eagerly caching bean 'endpointMBeanExporter' to allow for resolving potential circular references
12344 [main] DEBUG o.s.b.f.s.DefaultListableBeanFactory - Invoking afterPropertiesSet() on bean with name 'endpointMBeanExporter'
12345 [main] DEBUG o.s.b.f.s.DefaultListableBeanFactory - Finished creating instance of bean 'endpointMBeanExporter'
12345 [main] DEBUG o.s.b.f.s.DefaultListableBeanFactory - Returning cached instance of singleton bean 'endpoints.jmx-org.springframework.boot.actuate.autoconfigure.EndpointMBeanExportProperties'
12345 [main] DEBUG o.s.b.f.s.DefaultListableBeanFactory - Returning cached instance of singleton bean 'org.springframework.boot.autoconfigure.web.ServerPropertiesAutoConfiguration'
12345 [main] DEBUG o.s.b.f.s.DefaultListableBeanFactory - Returning cached instance of singleton bean 'serverProperties'
12345 [main] DEBUG o.s.b.f.s.DefaultListableBeanFactory - Returning cached instance of singleton bean 'duplicateServerPropertiesDetector'
12345 [main] DEBUG o.s.b.f.s.DefaultListableBeanFactory - Returning cached instance of singleton bean 'org.springframework.boot.actuate.autoconfigure.ManagementServerPropertiesAutoConfiguration'
12345 [main] DEBUG o.s.b.f.s.DefaultListableBeanFactory - Returning cached instance of singleton bean 'managementServerProperties'
12345 [main] DEBUG o.s.b.f.s.DefaultListableBeanFactory - Returning cached instance of singleton bean 'org.springframework.boot.autoconfigure.web.HttpMessageConvertersAutoConfiguration$StringHttpMessageConverterConfiguration'
12345 [main] DEBUG o.s.b.f.s.DefaultListableBeanFactory - Returning cached instance of singleton bean 'stringHttpMessageConverter'
12345 [main] DEBUG o.s.b.f.s.DefaultListableBeanFactory - Returning cached instance of singleton bean 'spring.http.encoding-org.springframework.boot.autoconfigure.web.HttpEncodingProperties'
12345 [main] DEBUG o.s.b.f.s.DefaultListableBeanFactory - Returning cached instance of singleton bean 'org.springframework.boot.autoconfigure.web.JacksonHttpMessageConvertersConfiguration$MappingJackson2XmlHttpMessageConverterConfiguration'
12345 [main] DEBUG o.s.b.f.s.DefaultListableBeanFactory - Returning cached instance of singleton bean 'mappingJackson2XmlHttpMessageConverter'
12345 [main] DEBUG o.s.b.f.s.DefaultListableBeanFactory - Returning cached instance of singleton bean 'org.springframework.boot.autoconfigure.web.JacksonHttpMessageConvertersConfiguration$MappingJackson2HttpMessageConverterConfiguration'
12345 [main] DEBUG o.s.b.f.s.DefaultListableBeanFactory - Returning cached instance of singleton bean 'mappingJackson2HttpMessageConverter'
12345 [main] DEBUG o.s.b.f.s.DefaultListableBeanFactory - Creating shared instance of singleton bean 'org.springframework.boot.autoconfigure.web.JacksonHttpMessageConvertersConfiguration'
12345 [main] DEBUG o.s.b.f.s.DefaultListableBeanFactory - Creating instance of bean 'org.springframework.boot.autoconfigure.web.JacksonHttpMessageConvertersConfiguration'
12345 [main] DEBUG o.s.b.f.s.DefaultListableBeanFactory - Eagerly caching bean 'org.springframework.boot.autoconfigure.web.JacksonHttpMessageConvertersConfiguration' to allow for resolving potential circular references
12348 [main] DEBUG o.s.b.f.s.DefaultListableBeanFactory - Finished creating instance of bean 'org.springframework.boot.autoconfigure.web.JacksonHttpMessageConvertersConfiguration'
12348 [main] DEBUG o.s.b.f.s.DefaultListableBeanFactory - Returning cached instance of singleton bean 'org.springframework.boot.autoconfigure.web.HttpMessageConvertersAutoConfiguration'
12348 [main] DEBUG o.s.b.f.s.DefaultListableBeanFactory - Returning cached instance of singleton bean 'messageConverters'
12348 [main] DEBUG o.s.b.f.s.DefaultListableBeanFactory - Returning cached instance of singleton bean 'org.springframework.boot.actuate.autoconfigure.EndpointWebMvcManagementContextConfiguration'
12348 [main] DEBUG o.s.b.f.s.DefaultListableBeanFactory - Creating shared instance of singleton bean 'endpointHandlerMapping'
12348 [main] DEBUG o.s.b.f.s.DefaultListableBeanFactory - Creating instance of bean 'endpointHandlerMapping'
12348 [main] DEBUG o.s.b.f.s.DefaultListableBeanFactory - Returning cached instance of singleton bean 'org.springframework.boot.actuate.autoconfigure.EndpointWebMvcManagementContextConfiguration'
12348 [main] DEBUG o.s.b.f.s.DefaultListableBeanFactory - Creating shared instance of singleton bean 'mvcEndpoints'
12348 [main] DEBUG o.s.b.f.s.DefaultListableBeanFactory - Creating instance of bean 'mvcEndpoints'
12348 [main] DEBUG o.s.b.f.s.DefaultListableBeanFactory - Returning cached instance of singleton bean 'org.springframework.boot.actuate.autoconfigure.EndpointWebMvcManagementContextConfiguration'
12349 [main] DEBUG o.s.b.f.s.DefaultListableBeanFactory - Eagerly caching bean 'mvcEndpoints' to allow for resolving potential circular references
12351 [main] DEBUG o.s.b.f.s.DefaultListableBeanFactory - Invoking afterPropertiesSet() on bean with name 'mvcEndpoints'
12352 [main] DEBUG o.s.b.f.s.DefaultListableBeanFactory - Creating shared instance of singleton bean 'environmentMvcEndpoint'
12352 [main] DEBUG o.s.b.f.s.DefaultListableBeanFactory - Creating instance of bean 'environmentMvcEndpoint'
12352 [main] DEBUG o.s.b.f.s.DefaultListableBeanFactory - Returning cached instance of singleton bean 'org.springframework.boot.actuate.autoconfigure.EndpointWebMvcManagementContextConfiguration'
12353 [main] DEBUG o.s.b.f.s.DefaultListableBeanFactory - Returning cached instance of singleton bean 'environmentEndpoint'
12353 [main] DEBUG o.s.b.f.s.DefaultListableBeanFactory - Autowiring by type from bean name 'environmentMvcEndpoint' via factory method to bean named 'environmentEndpoint'
12356 [main] DEBUG o.s.b.f.s.DefaultListableBeanFactory - Eagerly caching bean 'environmentMvcEndpoint' to allow for resolving potential circular references
12361 [main] DEBUG o.s.core.env.MutablePropertySources - Adding [servletConfigInitParams] PropertySource with lowest search precedence
12361 [main] DEBUG o.s.core.env.MutablePropertySources - Adding [servletContextInitParams] PropertySource with lowest search precedence
12361 [main] DEBUG o.s.core.env.MutablePropertySources - Adding [systemProperties] PropertySource with lowest search precedence
12361 [main] DEBUG o.s.core.env.MutablePropertySources - Adding [systemEnvironment] PropertySource with lowest search precedence
12361 [main] DEBUG o.s.core.env.MutablePropertySources - Adding [random] PropertySource with lowest search precedence
12361 [main] DEBUG o.s.core.env.MutablePropertySources - Adding [applicationConfig: [classpath:/application.properties]] PropertySource with lowest search precedence
12361 [main] DEBUG o.s.core.env.MutablePropertySources - Adding [springCloudClientHostInfo] PropertySource with lowest search precedence
12361 [main] DEBUG o.s.core.env.MutablePropertySources - Adding [class path resource [eureka/server.properties]] PropertySource with lowest search precedence
12361 [main] DEBUG o.s.core.env.MutablePropertySources - Adding [defaultProperties] PropertySource with lowest search precedence
12361 [main] DEBUG o.s.core.env.MutablePropertySources - Adding [localProperties] PropertySource with lowest search precedence
12368 [main] DEBUG o.s.b.f.s.DefaultListableBeanFactory - Finished creating instance of bean 'environmentMvcEndpoint'
12368 [main] DEBUG o.s.b.f.s.DefaultListableBeanFactory - Returning cached instance of singleton bean 'heapdumpMvcEndpoint'
12368 [main] DEBUG o.s.b.f.s.DefaultListableBeanFactory - Creating shared instance of singleton bean 'healthMvcEndpoint'
12368 [main] DEBUG o.s.b.f.s.DefaultListableBeanFactory - Creating instance of bean 'healthMvcEndpoint'
12368 [main] DEBUG o.s.b.f.s.DefaultListableBeanFactory - Returning cached instance of singleton bean 'org.springframework.boot.actuate.autoconfigure.EndpointWebMvcManagementContextConfiguration'
12369 [main] DEBUG o.s.b.f.s.DefaultListableBeanFactory - Returning cached instance of singleton bean 'healthEndpoint'
12369 [main] DEBUG o.s.b.f.s.DefaultListableBeanFactory - Autowiring by type from bean name 'healthMvcEndpoint' via factory method to bean named 'healthEndpoint'
12371 [main] DEBUG o.s.b.f.s.DefaultListableBeanFactory - Eagerly caching bean 'healthMvcEndpoint' to allow for resolving potential circular references
12376 [main] DEBUG o.s.core.env.MutablePropertySources - Adding [servletConfigInitParams] PropertySource with lowest search precedence
12376 [main] DEBUG o.s.core.env.MutablePropertySources - Adding [servletContextInitParams] PropertySource with lowest search precedence
12376 [main] DEBUG o.s.core.env.MutablePropertySources - Adding [systemProperties] PropertySource with lowest search precedence
12376 [main] DEBUG o.s.core.env.MutablePropertySources - Adding [systemEnvironment] PropertySource with lowest search precedence
12376 [main] DEBUG o.s.core.env.MutablePropertySources - Adding [random] PropertySource with lowest search precedence
12376 [main] DEBUG o.s.core.env.MutablePropertySources - Adding [applicationConfig: [classpath:/application.properties]] PropertySource with lowest search precedence
12376 [main] DEBUG o.s.core.env.MutablePropertySources - Adding [springCloudClientHostInfo] PropertySource with lowest search precedence
12376 [main] DEBUG o.s.core.env.MutablePropertySources - Adding [class path resource [eureka/server.properties]] PropertySource with lowest search precedence
12376 [main] DEBUG o.s.core.env.MutablePropertySources - Adding [defaultProperties] PropertySource with lowest search precedence
12376 [main] DEBUG o.s.core.env.MutablePropertySources - Adding [localProperties] PropertySource with lowest search precedence
12379 [main] DEBUG o.s.b.f.s.DefaultListableBeanFactory - Finished creating instance of bean 'healthMvcEndpoint'
12379 [main] DEBUG o.s.b.f.s.DefaultListableBeanFactory - Creating shared instance of singleton bean 'metricsMvcEndpoint'
12379 [main] DEBUG o.s.b.f.s.DefaultListableBeanFactory - Creating instance of bean 'metricsMvcEndpoint'
12379 [main] DEBUG o.s.b.f.s.DefaultListableBeanFactory - Returning cached instance of singleton bean 'org.springframework.boot.actuate.autoconfigure.EndpointWebMvcManagementContextConfiguration'
12380 [main] DEBUG o.s.b.f.s.DefaultListableBeanFactory - Returning cached instance of singleton bean 'metricsEndpoint'
12380 [main] DEBUG o.s.b.f.s.DefaultListableBeanFactory - Autowiring by type from bean name 'metricsMvcEndpoint' via factory method to bean named 'metricsEndpoint'
12381 [main] DEBUG o.s.b.f.s.DefaultListableBeanFactory - Eagerly caching bean 'metricsMvcEndpoint' to allow for resolving potential circular references
12385 [main] DEBUG o.s.core.env.MutablePropertySources - Adding [servletConfigInitParams] PropertySource with lowest search precedence
12385 [main] DEBUG o.s.core.env.MutablePropertySources - Adding [servletContextInitParams] PropertySource with lowest search precedence
12385 [main] DEBUG o.s.core.env.MutablePropertySources - Adding [systemProperties] PropertySource with lowest search precedence
12385 [main] DEBUG o.s.core.env.MutablePropertySources - Adding [systemEnvironment] PropertySource with lowest search precedence
12385 [main] DEBUG o.s.core.env.MutablePropertySources - Adding [random] PropertySource with lowest search precedence
12385 [main] DEBUG o.s.core.env.MutablePropertySources - Adding [applicationConfig: [classpath:/application.properties]] PropertySource with lowest search precedence
12385 [main] DEBUG o.s.core.env.MutablePropertySources - Adding [springCloudClientHostInfo] PropertySource with lowest search precedence
12385 [main] DEBUG o.s.core.env.MutablePropertySources - Adding [class path resource [eureka/server.properties]] PropertySource with lowest search precedence
12385 [main] DEBUG o.s.core.env.MutablePropertySources - Adding [defaultProperties] PropertySource with lowest search precedence
12385 [main] DEBUG o.s.core.env.MutablePropertySources - Adding [localProperties] PropertySource with lowest search precedence
12387 [main] DEBUG o.s.b.f.s.DefaultListableBeanFactory - Finished creating instance of bean 'metricsMvcEndpoint'
12387 [main] DEBUG o.s.b.f.s.DefaultListableBeanFactory - Creating shared instance of singleton bean 'environmentManagerEndpoint'
12387 [main] DEBUG o.s.b.f.s.DefaultListableBeanFactory - Creating instance of bean 'environmentManagerEndpoint'
12387 [main] DEBUG o.s.b.f.s.DefaultListableBeanFactory - Creating shared instance of singleton bean 'org.springframework.cloud.autoconfigure.LifecycleMvcEndpointAutoConfiguration'
12387 [main] DEBUG o.s.b.f.s.DefaultListableBeanFactory - Creating instance of bean 'org.springframework.cloud.autoconfigure.LifecycleMvcEndpointAutoConfiguration'
12388 [main] DEBUG o.s.b.f.a.InjectionMetadata - Registered injected element on class [org.springframework.cloud.autoconfigure.LifecycleMvcEndpointAutoConfiguration$$EnhancerBySpringCGLIB$$c4d608ba]: AutowiredFieldElement for private org.springframework.cloud.context.restart.RestartEndpoint org.springframework.cloud.autoconfigure.LifecycleMvcEndpointAutoConfiguration.restartEndpoint
12388 [main] DEBUG o.s.b.f.s.DefaultListableBeanFactory - Eagerly caching bean 'org.springframework.cloud.autoconfigure.LifecycleMvcEndpointAutoConfiguration' to allow for resolving potential circular references
12390 [main] DEBUG o.s.b.f.a.InjectionMetadata - Processing injected element of bean 'org.springframework.cloud.autoconfigure.LifecycleMvcEndpointAutoConfiguration': AutowiredFieldElement for private org.springframework.cloud.context.restart.RestartEndpoint org.springframework.cloud.autoconfigure.LifecycleMvcEndpointAutoConfiguration.restartEndpoint
12391 [main] DEBUG o.s.b.f.s.DefaultListableBeanFactory - Creating shared instance of singleton bean 'restartEndpoint'
12391 [main] DEBUG o.s.b.f.s.DefaultListableBeanFactory - Creating instance of bean 'restartEndpoint'
12391 [main] DEBUG o.s.b.f.s.DefaultListableBeanFactory - Creating shared instance of singleton bean 'org.springframework.cloud.autoconfigure.RefreshEndpointAutoConfiguration$RestartEndpointWithoutIntegration'
12391 [main] DEBUG o.s.b.f.s.DefaultListableBeanFactory - Creating instance of bean 'org.springframework.cloud.autoconfigure.RefreshEndpointAutoConfiguration$RestartEndpointWithoutIntegration'
12392 [main] DEBUG o.s.b.f.s.DefaultListableBeanFactory - Eagerly caching bean 'org.springframework.cloud.autoconfigure.RefreshEndpointAutoConfiguration$RestartEndpointWithoutIntegration' to allow for resolving potential circular references
12393 [main] DEBUG o.s.b.f.s.DefaultListableBeanFactory - Finished creating instance of bean 'org.springframework.cloud.autoconfigure.RefreshEndpointAutoConfiguration$RestartEndpointWithoutIntegration'
12394 [main] DEBUG o.s.b.f.s.DefaultListableBeanFactory - Eagerly caching bean 'restartEndpoint' to allow for resolving potential circular references
12399 [main] DEBUG o.s.core.env.MutablePropertySources - Adding [servletConfigInitParams] PropertySource with lowest search precedence
12399 [main] DEBUG o.s.core.env.MutablePropertySources - Adding [servletContextInitParams] PropertySource with lowest search precedence
12399 [main] DEBUG o.s.core.env.MutablePropertySources - Adding [systemProperties] PropertySource with lowest search precedence
12399 [main] DEBUG o.s.core.env.MutablePropertySources - Adding [systemEnvironment] PropertySource with lowest search precedence
12399 [main] DEBUG o.s.core.env.MutablePropertySources - Adding [random] PropertySource with lowest search precedence
12399 [main] DEBUG o.s.core.env.MutablePropertySources - Adding [applicationConfig: [classpath:/application.properties]] PropertySource with lowest search precedence
12399 [main] DEBUG o.s.core.env.MutablePropertySources - Adding [springCloudClientHostInfo] PropertySource with lowest search precedence
12399 [main] DEBUG o.s.core.env.MutablePropertySources - Adding [class path resource [eureka/server.properties]] PropertySource with lowest search precedence
12399 [main] DEBUG o.s.core.env.MutablePropertySources - Adding [defaultProperties] PropertySource with lowest search precedence
12399 [main] DEBUG o.s.core.env.MutablePropertySources - Adding [localProperties] PropertySource with lowest search precedence
12405 [main] DEBUG o.s.b.f.s.DefaultListableBeanFactory - Finished creating instance of bean 'restartEndpoint'
12405 [main] DEBUG o.s.b.f.a.AutowiredAnnotationBeanPostProcessor - Autowiring by type from bean name 'org.springframework.cloud.autoconfigure.LifecycleMvcEndpointAutoConfiguration' to bean named 'restartEndpoint'
12405 [main] DEBUG o.s.b.f.s.DefaultListableBeanFactory - Finished creating instance of bean 'org.springframework.cloud.autoconfigure.LifecycleMvcEndpointAutoConfiguration'
12406 [main] DEBUG o.s.b.f.s.DefaultListableBeanFactory - Returning cached instance of singleton bean 'environmentEndpoint'
12407 [main] DEBUG o.s.b.f.s.DefaultListableBeanFactory - Returning cached instance of singleton bean 'environmentManager'
12407 [main] DEBUG o.s.b.f.s.DefaultListableBeanFactory - Autowiring by type from bean name 'environmentManagerEndpoint' via factory method to bean named 'environmentEndpoint'
12407 [main] DEBUG o.s.b.f.s.DefaultListableBeanFactory - Autowiring by type from bean name 'environmentManagerEndpoint' via factory method to bean named 'environmentManager'
12409 [main] DEBUG o.s.b.f.s.DefaultListableBeanFactory - Eagerly caching bean 'environmentManagerEndpoint' to allow for resolving potential circular references
12411 [main] DEBUG o.s.b.f.s.DefaultListableBeanFactory - Finished creating instance of bean 'environmentManagerEndpoint'
12411 [main] DEBUG o.s.b.f.s.DefaultListableBeanFactory - Creating shared instance of singleton bean 'refreshMvcEndpoint'
12411 [main] DEBUG o.s.b.f.s.DefaultListableBeanFactory - Creating instance of bean 'refreshMvcEndpoint'
12411 [main] DEBUG o.s.b.f.s.DefaultListableBeanFactory - Returning cached instance of singleton bean 'org.springframework.cloud.autoconfigure.LifecycleMvcEndpointAutoConfiguration'
12412 [main] DEBUG o.s.b.f.s.DefaultListableBeanFactory - Creating shared instance of singleton bean 'refreshEndpoint'
12412 [main] DEBUG o.s.b.f.s.DefaultListableBeanFactory - Creating instance of bean 'refreshEndpoint'
12412 [main] DEBUG o.s.b.f.s.DefaultListableBeanFactory - Creating shared instance of singleton bean 'org.springframework.cloud.autoconfigure.RefreshEndpointAutoConfiguration$RefreshEndpointConfiguration'
12412 [main] DEBUG o.s.b.f.s.DefaultListableBeanFactory - Creating instance of bean 'org.springframework.cloud.autoconfigure.RefreshEndpointAutoConfiguration$RefreshEndpointConfiguration'
12412 [main] DEBUG o.s.b.f.s.DefaultListableBeanFactory - Eagerly caching bean 'org.springframework.cloud.autoconfigure.RefreshEndpointAutoConfiguration$RefreshEndpointConfiguration' to allow for resolving potential circular references
12414 [main] DEBUG o.s.b.f.s.DefaultListableBeanFactory - Finished creating instance of bean 'org.springframework.cloud.autoconfigure.RefreshEndpointAutoConfiguration$RefreshEndpointConfiguration'
12416 [main] DEBUG o.s.b.f.s.DefaultListableBeanFactory - Returning cached instance of singleton bean 'contextRefresher'
12416 [main] DEBUG o.s.b.f.s.DefaultListableBeanFactory - Autowiring by type from bean name 'refreshEndpoint' via factory method to bean named 'contextRefresher'
12418 [main] DEBUG o.s.b.f.s.DefaultListableBeanFactory - Eagerly caching bean 'refreshEndpoint' to allow for resolving potential circular references
12421 [main] DEBUG o.s.core.env.MutablePropertySources - Adding [servletConfigInitParams] PropertySource with lowest search precedence
12422 [main] DEBUG o.s.core.env.MutablePropertySources - Adding [servletContextInitParams] PropertySource with lowest search precedence
12422 [main] DEBUG o.s.core.env.MutablePropertySources - Adding [systemProperties] PropertySource with lowest search precedence
12422 [main] DEBUG o.s.core.env.MutablePropertySources - Adding [systemEnvironment] PropertySource with lowest search precedence
12422 [main] DEBUG o.s.core.env.MutablePropertySources - Adding [random] PropertySource with lowest search precedence
12422 [main] DEBUG o.s.core.env.MutablePropertySources - Adding [applicationConfig: [classpath:/application.properties]] PropertySource with lowest search precedence
12422 [main] DEBUG o.s.core.env.MutablePropertySources - Adding [springCloudClientHostInfo] PropertySource with lowest search precedence
12422 [main] DEBUG o.s.core.env.MutablePropertySources - Adding [class path resource [eureka/server.properties]] PropertySource with lowest search precedence
12422 [main] DEBUG o.s.core.env.MutablePropertySources - Adding [defaultProperties] PropertySource with lowest search precedence
12422 [main] DEBUG o.s.core.env.MutablePropertySources - Adding [localProperties] PropertySource with lowest search precedence
12424 [main] DEBUG o.s.b.f.s.DefaultListableBeanFactory - Finished creating instance of bean 'refreshEndpoint'
12424 [main] DEBUG o.s.b.f.s.DefaultListableBeanFactory - Autowiring by type from bean name 'refreshMvcEndpoint' via factory method to bean named 'refreshEndpoint'
12425 [main] DEBUG o.s.b.f.s.DefaultListableBeanFactory - Eagerly caching bean 'refreshMvcEndpoint' to allow for resolving potential circular references
12427 [main] DEBUG o.s.b.f.s.DefaultListableBeanFactory - Finished creating instance of bean 'refreshMvcEndpoint'
12428 [main] DEBUG o.s.b.f.s.DefaultListableBeanFactory - Creating shared instance of singleton bean 'restartMvcEndpoint'
12428 [main] DEBUG o.s.b.f.s.DefaultListableBeanFactory - Creating instance of bean 'restartMvcEndpoint'
12428 [main] DEBUG o.s.b.f.s.DefaultListableBeanFactory - Returning cached instance of singleton bean 'org.springframework.cloud.autoconfigure.LifecycleMvcEndpointAutoConfiguration'
12428 [main] DEBUG o.s.b.f.s.DefaultListableBeanFactory - Eagerly caching bean 'restartMvcEndpoint' to allow for resolving potential circular references
12431 [main] DEBUG o.s.b.f.s.DefaultListableBeanFactory - Finished creating instance of bean 'restartMvcEndpoint'
12431 [main] DEBUG o.s.b.f.s.DefaultListableBeanFactory - Creating shared instance of singleton bean 'pauseMvcEndpoint'
12431 [main] DEBUG o.s.b.f.s.DefaultListableBeanFactory - Creating instance of bean 'pauseMvcEndpoint'
12431 [main] DEBUG o.s.b.f.s.DefaultListableBeanFactory - Returning cached instance of singleton bean 'org.springframework.cloud.autoconfigure.LifecycleMvcEndpointAutoConfiguration'
12432 [main] DEBUG o.s.b.f.s.DefaultListableBeanFactory - Creating shared instance of singleton bean 'pauseEndpoint'
12432 [main] DEBUG o.s.b.f.s.DefaultListableBeanFactory - Creating instance of bean 'pauseEndpoint'
12432 [main] DEBUG o.s.b.f.s.DefaultListableBeanFactory - Returning cached instance of singleton bean 'org.springframework.cloud.autoconfigure.RefreshEndpointAutoConfiguration'
12432 [main] DEBUG o.s.b.f.s.DefaultListableBeanFactory - Returning cached instance of singleton bean 'restartEndpoint'
12432 [main] DEBUG o.s.b.f.s.DefaultListableBeanFactory - Autowiring by type from bean name 'pauseEndpoint' via factory method to bean named 'restartEndpoint'
12433 [main] DEBUG o.s.b.f.s.DefaultListableBeanFactory - Eagerly caching bean 'pauseEndpoint' to allow for resolving potential circular references
12436 [main] DEBUG o.s.core.env.MutablePropertySources - Adding [servletConfigInitParams] PropertySource with lowest search precedence
12436 [main] DEBUG o.s.core.env.MutablePropertySources - Adding [servletContextInitParams] PropertySource with lowest search precedence
12436 [main] DEBUG o.s.core.env.MutablePropertySources - Adding [systemProperties] PropertySource with lowest search precedence
12436 [main] DEBUG o.s.core.env.MutablePropertySources - Adding [systemEnvironment] PropertySource with lowest search precedence
12436 [main] DEBUG o.s.core.env.MutablePropertySources - Adding [random] PropertySource with lowest search precedence
12436 [main] DEBUG o.s.core.env.MutablePropertySources - Adding [applicationConfig: [classpath:/application.properties]] PropertySource with lowest search precedence
12436 [main] DEBUG o.s.core.env.MutablePropertySources - Adding [springCloudClientHostInfo] PropertySource with lowest search precedence
12436 [main] DEBUG o.s.core.env.MutablePropertySources - Adding [class path resource [eureka/server.properties]] PropertySource with lowest search precedence
12436 [main] DEBUG o.s.core.env.MutablePropertySources - Adding [defaultProperties] PropertySource with lowest search precedence
12436 [main] DEBUG o.s.core.env.MutablePropertySources - Adding [localProperties] PropertySource with lowest search precedence
12438 [main] DEBUG o.s.b.f.s.DefaultListableBeanFactory - Finished creating instance of bean 'pauseEndpoint'
12438 [main] DEBUG o.s.b.f.s.DefaultListableBeanFactory - Autowiring by type from bean name 'pauseMvcEndpoint' via factory method to bean named 'pauseEndpoint'
12438 [main] DEBUG o.s.b.f.s.DefaultListableBeanFactory - Eagerly caching bean 'pauseMvcEndpoint' to allow for resolving potential circular references
12439 [main] DEBUG o.s.b.f.s.DefaultListableBeanFactory - Finished creating instance of bean 'pauseMvcEndpoint'
12439 [main] DEBUG o.s.b.f.s.DefaultListableBeanFactory - Creating shared instance of singleton bean 'resumeMvcEndpoint'
12439 [main] DEBUG o.s.b.f.s.DefaultListableBeanFactory - Creating instance of bean 'resumeMvcEndpoint'
12439 [main] DEBUG o.s.b.f.s.DefaultListableBeanFactory - Returning cached instance of singleton bean 'org.springframework.cloud.autoconfigure.LifecycleMvcEndpointAutoConfiguration'
12439 [main] DEBUG o.s.b.f.s.DefaultListableBeanFactory - Creating shared instance of singleton bean 'resumeEndpoint'
12440 [main] DEBUG o.s.b.f.s.DefaultListableBeanFactory - Creating instance of bean 'resumeEndpoint'
12440 [main] DEBUG o.s.b.f.s.DefaultListableBeanFactory - Returning cached instance of singleton bean 'org.springframework.cloud.autoconfigure.RefreshEndpointAutoConfiguration'
12440 [main] DEBUG o.s.b.f.s.DefaultListableBeanFactory - Returning cached instance of singleton bean 'restartEndpoint'
12440 [main] DEBUG o.s.b.f.s.DefaultListableBeanFactory - Autowiring by type from bean name 'resumeEndpoint' via factory method to bean named 'restartEndpoint'
12440 [main] DEBUG o.s.b.f.s.DefaultListableBeanFactory - Eagerly caching bean 'resumeEndpoint' to allow for resolving potential circular references
12443 [main] DEBUG o.s.core.env.MutablePropertySources - Adding [servletConfigInitParams] PropertySource with lowest search precedence
12443 [main] DEBUG o.s.core.env.MutablePropertySources - Adding [servletContextInitParams] PropertySource with lowest search precedence
12443 [main] DEBUG o.s.core.env.MutablePropertySources - Adding [systemProperties] PropertySource with lowest search precedence
12444 [main] DEBUG o.s.core.env.MutablePropertySources - Adding [systemEnvironment] PropertySource with lowest search precedence
12444 [main] DEBUG o.s.core.env.MutablePropertySources - Adding [random] PropertySource with lowest search precedence
12444 [main] DEBUG o.s.core.env.MutablePropertySources - Adding [applicationConfig: [classpath:/application.properties]] PropertySource with lowest search precedence
12444 [main] DEBUG o.s.core.env.MutablePropertySources - Adding [springCloudClientHostInfo] PropertySource with lowest search precedence
12444 [main] DEBUG o.s.core.env.MutablePropertySources - Adding [class path resource [eureka/server.properties]] PropertySource with lowest search precedence
12444 [main] DEBUG o.s.core.env.MutablePropertySources - Adding [defaultProperties] PropertySource with lowest search precedence
12444 [main] DEBUG o.s.core.env.MutablePropertySources - Adding [localProperties] PropertySource with lowest search precedence
12446 [main] DEBUG o.s.b.f.s.DefaultListableBeanFactory - Finished creating instance of bean 'resumeEndpoint'
12446 [main] DEBUG o.s.b.f.s.DefaultListableBeanFactory - Autowiring by type from bean name 'resumeMvcEndpoint' via factory method to bean named 'resumeEndpoint'
12446 [main] DEBUG o.s.b.f.s.DefaultListableBeanFactory - Eagerly caching bean 'resumeMvcEndpoint' to allow for resolving potential circular references
12447 [main] DEBUG o.s.b.f.s.DefaultListableBeanFactory - Finished creating instance of bean 'resumeMvcEndpoint'
12447 [main] DEBUG o.s.b.f.s.DefaultListableBeanFactory - Returning cached instance of singleton bean 'featuresEndpoint'
12447 [main] DEBUG o.s.b.f.s.DefaultListableBeanFactory - Returning cached instance of singleton bean 'requestMappingEndpoint'
12447 [main] DEBUG o.s.b.f.s.DefaultListableBeanFactory - Returning cached instance of singleton bean 'environmentEndpoint'
12447 [main] DEBUG o.s.b.f.s.DefaultListableBeanFactory - Returning cached instance of singleton bean 'healthEndpoint'
12447 [main] DEBUG o.s.b.f.s.DefaultListableBeanFactory - Returning cached instance of singleton bean 'beansEndpoint'
12447 [main] DEBUG o.s.b.f.s.DefaultListableBeanFactory - Returning cached instance of singleton bean 'infoEndpoint'
12447 [main] DEBUG o.s.b.f.s.DefaultListableBeanFactory - Returning cached instance of singleton bean 'metricsEndpoint'
12447 [main] DEBUG o.s.b.f.s.DefaultListableBeanFactory - Returning cached instance of singleton bean 'traceEndpoint'
12447 [main] DEBUG o.s.b.f.s.DefaultListableBeanFactory - Returning cached instance of singleton bean 'dumpEndpoint'
12447 [main] DEBUG o.s.b.f.s.DefaultListableBeanFactory - Returning cached instance of singleton bean 'autoConfigurationReportEndpoint'
12447 [main] DEBUG o.s.b.f.s.DefaultListableBeanFactory - Returning cached instance of singleton bean 'shutdownEndpoint'
12447 [main] DEBUG o.s.b.f.s.DefaultListableBeanFactory - Returning cached instance of singleton bean 'configurationPropertiesReportEndpoint'
12447 [main] DEBUG o.s.b.f.s.DefaultListableBeanFactory - Returning cached instance of singleton bean 'refreshEndpoint'
12447 [main] DEBUG o.s.b.f.s.DefaultListableBeanFactory - Returning cached instance of singleton bean 'restartEndpoint'
12447 [main] DEBUG o.s.b.f.s.DefaultListableBeanFactory - Returning cached instance of singleton bean 'pauseEndpoint'
12447 [main] DEBUG o.s.b.f.s.DefaultListableBeanFactory - Returning cached instance of singleton bean 'resumeEndpoint'
12447 [main] DEBUG o.s.b.f.s.DefaultListableBeanFactory - Creating shared instance of singleton bean 'archaiusEndpoint'
12447 [main] DEBUG o.s.b.f.s.DefaultListableBeanFactory - Creating instance of bean 'archaiusEndpoint'
12448 [main] DEBUG o.s.b.f.s.DefaultListableBeanFactory - Creating shared instance of singleton bean 'org.springframework.cloud.netflix.archaius.ArchaiusAutoConfiguration$ArchaiusEndpointConfiguration'
12448 [main] DEBUG o.s.b.f.s.DefaultListableBeanFactory - Creating instance of bean 'org.springframework.cloud.netflix.archaius.ArchaiusAutoConfiguration$ArchaiusEndpointConfiguration'
12448 [main] DEBUG o.s.b.f.s.DefaultListableBeanFactory - Eagerly caching bean 'org.springframework.cloud.netflix.archaius.ArchaiusAutoConfiguration$ArchaiusEndpointConfiguration' to allow for resolving potential circular references
12451 [main] DEBUG o.s.b.f.s.DefaultListableBeanFactory - Finished creating instance of bean 'org.springframework.cloud.netflix.archaius.ArchaiusAutoConfiguration$ArchaiusEndpointConfiguration'
12453 [main] DEBUG o.s.b.f.s.DefaultListableBeanFactory - Eagerly caching bean 'archaiusEndpoint' to allow for resolving potential circular references
12456 [main] DEBUG o.s.b.f.s.DefaultListableBeanFactory - Finished creating instance of bean 'archaiusEndpoint'
12456 [main] DEBUG o.s.c.e.PropertySourcesPropertyResolver - Could not find key 'endpoints.features.path' in any property source
12456 [main] DEBUG o.s.c.e.PropertySourcesPropertyResolver - Could not find key 'endpoints.mappings.path' in any property source
12456 [main] DEBUG o.s.c.e.PropertySourcesPropertyResolver - Could not find key 'endpoints.beans.path' in any property source
12456 [main] DEBUG o.s.c.e.PropertySourcesPropertyResolver - Could not find key 'endpoints.info.path' in any property source
12456 [main] DEBUG o.s.c.e.PropertySourcesPropertyResolver - Could not find key 'endpoints.trace.path' in any property source
12456 [main] DEBUG o.s.c.e.PropertySourcesPropertyResolver - Could not find key 'endpoints.dump.path' in any property source
12456 [main] DEBUG o.s.c.e.PropertySourcesPropertyResolver - Could not find key 'endpoints.autoconfig.path' in any property source
12456 [main] DEBUG o.s.c.e.PropertySourcesPropertyResolver - Could not find key 'endpoints.configprops.path' in any property source
12457 [main] DEBUG o.s.b.f.s.DefaultListableBeanFactory - Finished creating instance of bean 'mvcEndpoints'
12459 [main] DEBUG o.s.b.f.s.DefaultListableBeanFactory - Eagerly caching bean 'endpointHandlerMapping' to allow for resolving potential circular references
12471 [main] DEBUG o.s.b.f.s.DefaultListableBeanFactory - Invoking afterPropertiesSet() on bean with name 'endpointHandlerMapping'
12471 [main] DEBUG o.s.b.a.e.m.EndpointHandlerMapping - Looking for request mappings in application context: org.springframework.boot.context.embedded.AnnotationConfigEmbeddedWebApplicationContext@555cf22: startup date [Mon Mar 06 18:59:15 CST 2017]; parent: org.springframework.context.annotation.AnnotationConfigApplicationContext@61386958
12472 [main] DEBUG o.s.b.a.e.m.EndpointHandlerMapping - 1 request handler methods found on class org.springframework.boot.actuate.endpoint.mvc.HealthMvcEndpoint: {public java.lang.Object org.springframework.boot.actuate.endpoint.mvc.HealthMvcEndpoint.invoke(java.security.Principal)={[],produces=[application/json]}}
12472 [main] INFO  o.s.b.a.e.m.EndpointHandlerMapping - Mapped "{[/health || /health.json],produces=[application/json]}" onto public java.lang.Object org.springframework.boot.actuate.endpoint.mvc.HealthMvcEndpoint.invoke(java.security.Principal)
12475 [main] DEBUG o.s.b.a.e.m.EndpointHandlerMapping - 1 request handler methods found on class org.springframework.boot.actuate.endpoint.mvc.EndpointMvcAdapter: {public java.lang.Object org.springframework.boot.actuate.endpoint.mvc.EndpointMvcAdapter.invoke()={[],methods=[GET],produces=[application/json]}}
12475 [main] INFO  o.s.b.a.e.m.EndpointHandlerMapping - Mapped "{[/mappings || /mappings.json],methods=[GET],produces=[application/json]}" onto public java.lang.Object org.springframework.boot.actuate.endpoint.mvc.EndpointMvcAdapter.invoke()
12476 [main] DEBUG o.s.b.a.e.m.EndpointHandlerMapping - 1 request handler methods found on class org.springframework.boot.actuate.endpoint.mvc.EndpointMvcAdapter: {public java.lang.Object org.springframework.boot.actuate.endpoint.mvc.EndpointMvcAdapter.invoke()={[],methods=[GET],produces=[application/json]}}
12476 [main] INFO  o.s.b.a.e.m.EndpointHandlerMapping - Mapped "{[/archaius || /archaius.json],methods=[GET],produces=[application/json]}" onto public java.lang.Object org.springframework.boot.actuate.endpoint.mvc.EndpointMvcAdapter.invoke()
12478 [main] DEBUG o.s.b.a.e.m.EndpointHandlerMapping - 2 request handler methods found on class org.springframework.boot.actuate.endpoint.mvc.EnvironmentMvcEndpoint: {public java.lang.Object org.springframework.boot.actuate.endpoint.mvc.EnvironmentMvcEndpoint.value(java.lang.String)={[/{name:.*}],methods=[GET],produces=[application/json]}, public java.lang.Object org.springframework.boot.actuate.endpoint.mvc.EndpointMvcAdapter.invoke()={[],methods=[GET],produces=[application/json]}}
12478 [main] INFO  o.s.b.a.e.m.EndpointHandlerMapping - Mapped "{[/env/{name:.*}],methods=[GET],produces=[application/json]}" onto public java.lang.Object org.springframework.boot.actuate.endpoint.mvc.EnvironmentMvcEndpoint.value(java.lang.String)
12478 [main] INFO  o.s.b.a.e.m.EndpointHandlerMapping - Mapped "{[/env || /env.json],methods=[GET],produces=[application/json]}" onto public java.lang.Object org.springframework.boot.actuate.endpoint.mvc.EndpointMvcAdapter.invoke()
12478 [main] DEBUG o.s.b.a.e.m.EndpointHandlerMapping - 1 request handler methods found on class org.springframework.cloud.endpoint.GenericPostableMvcEndpoint: {public java.lang.Object org.springframework.cloud.endpoint.GenericPostableMvcEndpoint.invoke()={[],methods=[POST]}}
12479 [main] INFO  o.s.b.a.e.m.EndpointHandlerMapping - Mapped "{[/resume || /resume.json],methods=[POST]}" onto public java.lang.Object org.springframework.cloud.endpoint.GenericPostableMvcEndpoint.invoke()
12479 [main] DEBUG o.s.b.a.e.m.EndpointHandlerMapping - 1 request handler methods found on class org.springframework.boot.actuate.endpoint.mvc.EndpointMvcAdapter: {public java.lang.Object org.springframework.boot.actuate.endpoint.mvc.EndpointMvcAdapter.invoke()={[],methods=[GET],produces=[application/json]}}
12479 [main] INFO  o.s.b.a.e.m.EndpointHandlerMapping - Mapped "{[/trace || /trace.json],methods=[GET],produces=[application/json]}" onto public java.lang.Object org.springframework.boot.actuate.endpoint.mvc.EndpointMvcAdapter.invoke()
12482 [main] DEBUG o.s.b.a.e.m.EndpointHandlerMapping - 2 request handler methods found on class org.springframework.boot.actuate.endpoint.mvc.MetricsMvcEndpoint: {public java.lang.Object org.springframework.boot.actuate.endpoint.mvc.MetricsMvcEndpoint.value(java.lang.String)={[/{name:.*}],methods=[GET],produces=[application/json]}, public java.lang.Object org.springframework.boot.actuate.endpoint.mvc.EndpointMvcAdapter.invoke()={[],methods=[GET],produces=[application/json]}}
12483 [main] INFO  o.s.b.a.e.m.EndpointHandlerMapping - Mapped "{[/metrics/{name:.*}],methods=[GET],produces=[application/json]}" onto public java.lang.Object org.springframework.boot.actuate.endpoint.mvc.MetricsMvcEndpoint.value(java.lang.String)
12483 [main] INFO  o.s.b.a.e.m.EndpointHandlerMapping - Mapped "{[/metrics || /metrics.json],methods=[GET],produces=[application/json]}" onto public java.lang.Object org.springframework.boot.actuate.endpoint.mvc.EndpointMvcAdapter.invoke()
12484 [main] DEBUG o.s.b.a.e.m.EndpointHandlerMapping - 1 request handler methods found on class org.springframework.cloud.context.restart.RestartMvcEndpoint: {public java.lang.Object org.springframework.cloud.context.restart.RestartMvcEndpoint.invoke()={[],methods=[POST]}}
12484 [main] INFO  o.s.b.a.e.m.EndpointHandlerMapping - Mapped "{[/restart || /restart.json],methods=[POST]}" onto public java.lang.Object org.springframework.cloud.context.restart.RestartMvcEndpoint.invoke()
12484 [main] DEBUG o.s.b.a.e.m.EndpointHandlerMapping - 1 request handler methods found on class org.springframework.cloud.endpoint.GenericPostableMvcEndpoint: {public java.lang.Object org.springframework.cloud.endpoint.GenericPostableMvcEndpoint.invoke()={[],methods=[POST]}}
12484 [main] INFO  o.s.b.a.e.m.EndpointHandlerMapping - Mapped "{[/pause || /pause.json],methods=[POST]}" onto public java.lang.Object org.springframework.cloud.endpoint.GenericPostableMvcEndpoint.invoke()
12485 [main] DEBUG o.s.b.a.e.m.EndpointHandlerMapping - 1 request handler methods found on class org.springframework.boot.actuate.endpoint.mvc.EndpointMvcAdapter: {public java.lang.Object org.springframework.boot.actuate.endpoint.mvc.EndpointMvcAdapter.invoke()={[],methods=[GET],produces=[application/json]}}
12485 [main] INFO  o.s.b.a.e.m.EndpointHandlerMapping - Mapped "{[/dump || /dump.json],methods=[GET],produces=[application/json]}" onto public java.lang.Object org.springframework.boot.actuate.endpoint.mvc.EndpointMvcAdapter.invoke()
12489 [main] DEBUG o.s.b.a.e.m.EndpointHandlerMapping - 1 request handler methods found on class org.springframework.boot.actuate.endpoint.mvc.EndpointMvcAdapter: {public java.lang.Object org.springframework.boot.actuate.endpoint.mvc.EndpointMvcAdapter.invoke()={[],methods=[GET],produces=[application/json]}}
12489 [main] INFO  o.s.b.a.e.m.EndpointHandlerMapping - Mapped "{[/features || /features.json],methods=[GET],produces=[application/json]}" onto public java.lang.Object org.springframework.boot.actuate.endpoint.mvc.EndpointMvcAdapter.invoke()
12489 [main] DEBUG o.s.b.a.e.m.EndpointHandlerMapping - 1 request handler methods found on class org.springframework.boot.actuate.endpoint.mvc.HeapdumpMvcEndpoint: {public void org.springframework.boot.actuate.endpoint.mvc.HeapdumpMvcEndpoint.invoke(boolean,javax.servlet.http.HttpServletRequest,javax.servlet.http.HttpServletResponse) throws IOException,javax.servlet.ServletException={[],methods=[GET],produces=[application/octet-stream]}}
12490 [main] INFO  o.s.b.a.e.m.EndpointHandlerMapping - Mapped "{[/heapdump || /heapdump.json],methods=[GET],produces=[application/octet-stream]}" onto public void org.springframework.boot.actuate.endpoint.mvc.HeapdumpMvcEndpoint.invoke(boolean,javax.servlet.http.HttpServletRequest,javax.servlet.http.HttpServletResponse) throws IOException,javax.servlet.ServletException
12490 [main] DEBUG o.s.b.a.e.m.EndpointHandlerMapping - 1 request handler methods found on class org.springframework.boot.actuate.endpoint.mvc.EndpointMvcAdapter: {public java.lang.Object org.springframework.boot.actuate.endpoint.mvc.EndpointMvcAdapter.invoke()={[],methods=[GET],produces=[application/json]}}
12490 [main] INFO  o.s.b.a.e.m.EndpointHandlerMapping - Mapped "{[/info || /info.json],methods=[GET],produces=[application/json]}" onto public java.lang.Object org.springframework.boot.actuate.endpoint.mvc.EndpointMvcAdapter.invoke()
12491 [main] DEBUG o.s.b.a.e.m.EndpointHandlerMapping - 1 request handler methods found on class org.springframework.boot.actuate.endpoint.mvc.EndpointMvcAdapter: {public java.lang.Object org.springframework.boot.actuate.endpoint.mvc.EndpointMvcAdapter.invoke()={[],methods=[GET],produces=[application/json]}}
12491 [main] INFO  o.s.b.a.e.m.EndpointHandlerMapping - Mapped "{[/autoconfig || /autoconfig.json],methods=[GET],produces=[application/json]}" onto public java.lang.Object org.springframework.boot.actuate.endpoint.mvc.EndpointMvcAdapter.invoke()
12493 [main] DEBUG o.s.b.a.e.m.EndpointHandlerMapping - 2 request handler methods found on class org.springframework.cloud.context.environment.EnvironmentManagerMvcEndpoint: {public java.lang.Object org.springframework.cloud.context.environment.EnvironmentManagerMvcEndpoint.value(java.util.Map)={[],methods=[POST]}, public java.util.Map org.springframework.cloud.context.environment.EnvironmentManagerMvcEndpoint.reset()={[/reset],methods=[POST]}}
12493 [main] INFO  o.s.b.a.e.m.EndpointHandlerMapping - Mapped "{[/env],methods=[POST]}" onto public java.lang.Object org.springframework.cloud.context.environment.EnvironmentManagerMvcEndpoint.value(java.util.Map<java.lang.String, java.lang.String>)
12493 [main] INFO  o.s.b.a.e.m.EndpointHandlerMapping - Mapped "{[/env/reset],methods=[POST]}" onto public java.util.Map<java.lang.String, java.lang.Object> org.springframework.cloud.context.environment.EnvironmentManagerMvcEndpoint.reset()
12494 [main] DEBUG o.s.b.a.e.m.EndpointHandlerMapping - 1 request handler methods found on class org.springframework.boot.actuate.endpoint.mvc.EndpointMvcAdapter: {public java.lang.Object org.springframework.boot.actuate.endpoint.mvc.EndpointMvcAdapter.invoke()={[],methods=[GET],produces=[application/json]}}
12494 [main] INFO  o.s.b.a.e.m.EndpointHandlerMapping - Mapped "{[/configprops || /configprops.json],methods=[GET],produces=[application/json]}" onto public java.lang.Object org.springframework.boot.actuate.endpoint.mvc.EndpointMvcAdapter.invoke()
12494 [main] DEBUG o.s.b.a.e.m.EndpointHandlerMapping - 1 request handler methods found on class org.springframework.cloud.endpoint.GenericPostableMvcEndpoint: {public java.lang.Object org.springframework.cloud.endpoint.GenericPostableMvcEndpoint.invoke()={[],methods=[POST]}}
12494 [main] INFO  o.s.b.a.e.m.EndpointHandlerMapping - Mapped "{[/refresh || /refresh.json],methods=[POST]}" onto public java.lang.Object org.springframework.cloud.endpoint.GenericPostableMvcEndpoint.invoke()
12495 [main] DEBUG o.s.b.a.e.m.EndpointHandlerMapping - 1 request handler methods found on class org.springframework.boot.actuate.endpoint.mvc.EndpointMvcAdapter: {public java.lang.Object org.springframework.boot.actuate.endpoint.mvc.EndpointMvcAdapter.invoke()={[],methods=[GET],produces=[application/json]}}
12495 [main] INFO  o.s.b.a.e.m.EndpointHandlerMapping - Mapped "{[/beans || /beans.json],methods=[GET],produces=[application/json]}" onto public java.lang.Object org.springframework.boot.actuate.endpoint.mvc.EndpointMvcAdapter.invoke()
12495 [main] DEBUG o.s.b.f.s.DefaultListableBeanFactory - Finished creating instance of bean 'endpointHandlerMapping'
12496 [main] DEBUG o.s.b.f.s.DefaultListableBeanFactory - Returning cached instance of singleton bean 'mvcEndpoints'
12496 [main] DEBUG o.s.b.f.s.DefaultListableBeanFactory - Returning cached instance of singleton bean 'environmentMvcEndpoint'
12496 [main] DEBUG o.s.b.f.s.DefaultListableBeanFactory - Returning cached instance of singleton bean 'heapdumpMvcEndpoint'
12496 [main] DEBUG o.s.b.f.s.DefaultListableBeanFactory - Returning cached instance of singleton bean 'healthMvcEndpoint'
12496 [main] DEBUG o.s.b.f.s.DefaultListableBeanFactory - Returning cached instance of singleton bean 'metricsMvcEndpoint'
12496 [main] DEBUG o.s.b.f.s.DefaultListableBeanFactory - Returning cached instance of singleton bean 'endpoints.health-org.springframework.boot.actuate.autoconfigure.HealthMvcEndpointProperties'
12496 [main] DEBUG o.s.b.f.s.DefaultListableBeanFactory - Returning cached instance of singleton bean 'endpoints.cors-org.springframework.boot.actuate.autoconfigure.EndpointCorsProperties'
12496 [main] DEBUG o.s.b.f.s.DefaultListableBeanFactory - Creating shared instance of singleton bean 'org.springframework.boot.actuate.autoconfigure.EndpointWebMvcAutoConfiguration$EndpointWebMvcConfiguration'
12496 [main] DEBUG o.s.b.f.s.DefaultListableBeanFactory - Creating instance of bean 'org.springframework.boot.actuate.autoconfigure.EndpointWebMvcAutoConfiguration$EndpointWebMvcConfiguration'
12496 [main] DEBUG o.s.b.f.s.DefaultListableBeanFactory - Eagerly caching bean 'org.springframework.boot.actuate.autoconfigure.EndpointWebMvcAutoConfiguration$EndpointWebMvcConfiguration' to allow for resolving potential circular references
12498 [main] DEBUG o.s.b.f.s.DefaultListableBeanFactory - Finished creating instance of bean 'org.springframework.boot.actuate.autoconfigure.EndpointWebMvcAutoConfiguration$EndpointWebMvcConfiguration'
12499 [main] DEBUG o.s.b.f.s.DefaultListableBeanFactory - Returning cached instance of singleton bean 'org.springframework.boot.actuate.autoconfigure.EndpointWebMvcAutoConfiguration$ApplicationContextFilterConfiguration'
12499 [main] DEBUG o.s.b.f.s.DefaultListableBeanFactory - Returning cached instance of singleton bean 'applicationContextIdFilter'
12499 [main] DEBUG o.s.b.f.s.DefaultListableBeanFactory - Creating shared instance of singleton bean 'org.springframework.boot.actuate.autoconfigure.EndpointWebMvcAutoConfiguration'
12499 [main] DEBUG o.s.b.f.s.DefaultListableBeanFactory - Creating instance of bean 'org.springframework.boot.actuate.autoconfigure.EndpointWebMvcAutoConfiguration'
12499 [main] DEBUG o.s.b.f.s.DefaultListableBeanFactory - Eagerly caching bean 'org.springframework.boot.actuate.autoconfigure.EndpointWebMvcAutoConfiguration' to allow for resolving potential circular references
12506 [main] DEBUG o.s.b.f.s.DefaultListableBeanFactory - Finished creating instance of bean 'org.springframework.boot.actuate.autoconfigure.EndpointWebMvcAutoConfiguration'
12506 [main] DEBUG o.s.b.f.s.DefaultListableBeanFactory - Creating shared instance of singleton bean 'managementContextResolver'
12506 [main] DEBUG o.s.b.f.s.DefaultListableBeanFactory - Creating instance of bean 'managementContextResolver'
12506 [main] DEBUG o.s.b.f.s.DefaultListableBeanFactory - Returning cached instance of singleton bean 'org.springframework.boot.actuate.autoconfigure.EndpointWebMvcAutoConfiguration'
12507 [main] DEBUG o.s.b.f.s.DefaultListableBeanFactory - Eagerly caching bean 'managementContextResolver' to allow for resolving potential circular references
12508 [main] DEBUG o.s.b.f.s.DefaultListableBeanFactory - Finished creating instance of bean 'managementContextResolver'
12508 [main] DEBUG o.s.b.f.s.DefaultListableBeanFactory - Creating shared instance of singleton bean 'managementServletContext'
12508 [main] DEBUG o.s.b.f.s.DefaultListableBeanFactory - Creating instance of bean 'managementServletContext'
12508 [main] DEBUG o.s.b.f.s.DefaultListableBeanFactory - Returning cached instance of singleton bean 'org.springframework.boot.actuate.autoconfigure.EndpointWebMvcAutoConfiguration'
12509 [main] DEBUG o.s.b.f.s.DefaultListableBeanFactory - Returning cached instance of singleton bean 'managementServerProperties'
12509 [main] DEBUG o.s.b.f.s.DefaultListableBeanFactory - Autowiring by type from bean name 'managementServletContext' via factory method to bean named 'managementServerProperties'
12510 [main] DEBUG o.s.b.f.s.DefaultListableBeanFactory - Eagerly caching bean 'managementServletContext' to allow for resolving potential circular references
12511 [main] DEBUG o.s.b.f.s.DefaultListableBeanFactory - Finished creating instance of bean 'managementServletContext'
12512 [main] DEBUG o.s.b.f.s.DefaultListableBeanFactory - Creating shared instance of singleton bean 'org.springframework.boot.actuate.autoconfigure.MetricExportAutoConfiguration$MetricExportPropertiesConfiguration'
12512 [main] DEBUG o.s.b.f.s.DefaultListableBeanFactory - Creating instance of bean 'org.springframework.boot.actuate.autoconfigure.MetricExportAutoConfiguration$MetricExportPropertiesConfiguration'
12512 [main] DEBUG o.s.b.f.a.InjectionMetadata - Registered injected element on class [org.springframework.boot.actuate.autoconfigure.MetricExportAutoConfiguration$MetricExportPropertiesConfiguration$$EnhancerBySpringCGLIB$$42fbd02]: AutowiredFieldElement for private java.lang.String org.springframework.boot.actuate.autoconfigure.MetricExportAutoConfiguration$MetricExportPropertiesConfiguration.prefix
12512 [main] DEBUG o.s.b.f.s.DefaultListableBeanFactory - Eagerly caching bean 'org.springframework.boot.actuate.autoconfigure.MetricExportAutoConfiguration$MetricExportPropertiesConfiguration' to allow for resolving potential circular references
12514 [main] DEBUG o.s.b.f.a.InjectionMetadata - Processing injected element of bean 'org.springframework.boot.actuate.autoconfigure.MetricExportAutoConfiguration$MetricExportPropertiesConfiguration': AutowiredFieldElement for private java.lang.String org.springframework.boot.actuate.autoconfigure.MetricExportAutoConfiguration$MetricExportPropertiesConfiguration.prefix
12515 [main] DEBUG o.s.c.e.PropertySourcesPropertyResolver - Could not find key 'spring.application.name:application' in any property source
12515 [main] DEBUG o.s.c.e.PropertySourcesPropertyResolver - Could not find key 'spring.application.name:application' in any property source
12515 [main] DEBUG o.s.c.e.PropertySourcesPropertyResolver - Could not find key 'spring.application.name' in any property source
12515 [main] DEBUG o.s.c.e.PropertySourcesPropertyResolver - Could not find key 'spring.application.name' in any property source
12516 [main] DEBUG o.s.c.e.PropertySourcesPropertyResolver - Found key 'random.value:0000' in [random] with type [String]
12516 [main] DEBUG o.s.c.e.PropertySourcesPropertyResolver - Found key 'random.value:0000' in [environmentProperties] with type [String]
12517 [main] DEBUG o.s.b.f.s.DefaultListableBeanFactory - Finished creating instance of bean 'org.springframework.boot.actuate.autoconfigure.MetricExportAutoConfiguration$MetricExportPropertiesConfiguration'
12517 [main] DEBUG o.s.b.f.s.DefaultListableBeanFactory - Creating shared instance of singleton bean 'spring.metrics.export-org.springframework.boot.actuate.metrics.export.MetricExportProperties'
12517 [main] DEBUG o.s.b.f.s.DefaultListableBeanFactory - Creating instance of bean 'spring.metrics.export-org.springframework.boot.actuate.metrics.export.MetricExportProperties'
12517 [main] DEBUG o.s.b.f.s.DefaultListableBeanFactory - Returning cached instance of singleton bean 'org.springframework.boot.actuate.autoconfigure.MetricExportAutoConfiguration$MetricExportPropertiesConfiguration'
12521 [main] DEBUG o.s.c.a.CommonAnnotationBeanPostProcessor - Found init method on class [org.springframework.boot.actuate.metrics.export.MetricExportProperties]: public void org.springframework.boot.actuate.metrics.export.MetricExportProperties.setUpDefaults()
12521 [main] DEBUG o.s.c.a.CommonAnnotationBeanPostProcessor - Registered init method on class [org.springframework.boot.actuate.metrics.export.MetricExportProperties]: org.springframework.beans.factory.annotation.InitDestroyAnnotationBeanPostProcessor$LifecycleElement@ca27a00f
12521 [main] DEBUG o.s.b.f.s.DefaultListableBeanFactory - Eagerly caching bean 'spring.metrics.export-org.springframework.boot.actuate.metrics.export.MetricExportProperties' to allow for resolving potential circular references
12523 [main] DEBUG o.s.core.env.MutablePropertySources - Adding [servletConfigInitParams] PropertySource with lowest search precedence
12524 [main] DEBUG o.s.core.env.MutablePropertySources - Adding [servletContextInitParams] PropertySource with lowest search precedence
12524 [main] DEBUG o.s.core.env.MutablePropertySources - Adding [systemProperties] PropertySource with lowest search precedence
12524 [main] DEBUG o.s.core.env.MutablePropertySources - Adding [systemEnvironment] PropertySource with lowest search precedence
12524 [main] DEBUG o.s.core.env.MutablePropertySources - Adding [random] PropertySource with lowest search precedence
12524 [main] DEBUG o.s.core.env.MutablePropertySources - Adding [applicationConfig: [classpath:/application.properties]] PropertySource with lowest search precedence
12524 [main] DEBUG o.s.core.env.MutablePropertySources - Adding [springCloudClientHostInfo] PropertySource with lowest search precedence
12524 [main] DEBUG o.s.core.env.MutablePropertySources - Adding [class path resource [eureka/server.properties]] PropertySource with lowest search precedence
12524 [main] DEBUG o.s.core.env.MutablePropertySources - Adding [defaultProperties] PropertySource with lowest search precedence
12524 [main] DEBUG o.s.core.env.MutablePropertySources - Adding [localProperties] PropertySource with lowest search precedence
12527 [main] DEBUG o.s.c.a.CommonAnnotationBeanPostProcessor - Invoking init method on bean 'spring.metrics.export-org.springframework.boot.actuate.metrics.export.MetricExportProperties': public void org.springframework.boot.actuate.metrics.export.MetricExportProperties.setUpDefaults()
12527 [main] DEBUG o.s.b.f.s.DefaultListableBeanFactory - Finished creating instance of bean 'spring.metrics.export-org.springframework.boot.actuate.metrics.export.MetricExportProperties'
12527 [main] DEBUG o.s.b.f.s.DefaultListableBeanFactory - Creating shared instance of singleton bean 'org.springframework.boot.actuate.autoconfigure.MetricExportAutoConfiguration$StatsdConfiguration'
12527 [main] DEBUG o.s.b.f.s.DefaultListableBeanFactory - Creating instance of bean 'org.springframework.boot.actuate.autoconfigure.MetricExportAutoConfiguration$StatsdConfiguration'
12528 [main] DEBUG o.s.b.f.s.DefaultListableBeanFactory - Eagerly caching bean 'org.springframework.boot.actuate.autoconfigure.MetricExportAutoConfiguration$StatsdConfiguration' to allow for resolving potential circular references
12530 [main] DEBUG o.s.b.f.s.DefaultListableBeanFactory - Finished creating instance of bean 'org.springframework.boot.actuate.autoconfigure.MetricExportAutoConfiguration$StatsdConfiguration'
12531 [main] DEBUG o.s.b.f.s.DefaultListableBeanFactory - Returning cached instance of singleton bean 'org.springframework.scheduling.annotation.SchedulingConfiguration'
12531 [main] DEBUG o.s.b.f.s.DefaultListableBeanFactory - Returning cached instance of singleton bean 'org.springframework.context.annotation.internalScheduledAnnotationProcessor'
12531 [main] DEBUG o.s.b.f.s.DefaultListableBeanFactory - Creating shared instance of singleton bean 'org.springframework.boot.actuate.autoconfigure.MetricExportAutoConfiguration'
12531 [main] DEBUG o.s.b.f.s.DefaultListableBeanFactory - Creating instance of bean 'org.springframework.boot.actuate.autoconfigure.MetricExportAutoConfiguration'
12531 [main] DEBUG o.s.c.LocalVariableTableParameterNameDiscoverer - Cannot find '.class' file for class [class org.springframework.boot.actuate.autoconfigure.MetricExportAutoConfiguration$$EnhancerBySpringCGLIB$$5c1edb07] - unable to determine constructor/method parameter names
12532 [main] DEBUG o.s.b.f.s.DefaultListableBeanFactory - Returning cached instance of singleton bean 'spring.metrics.export-org.springframework.boot.actuate.metrics.export.MetricExportProperties'
12533 [main] DEBUG o.s.b.f.s.DefaultListableBeanFactory - Autowiring by type from bean name 'org.springframework.boot.actuate.autoconfigure.MetricExportAutoConfiguration' via constructor to bean named 'spring.metrics.export-org.springframework.boot.actuate.metrics.export.MetricExportProperties'
12534 [main] DEBUG o.s.b.f.s.DefaultListableBeanFactory - Returning cached instance of singleton bean 'servoMetricReader'
12537 [main] DEBUG o.s.b.f.s.DefaultListableBeanFactory - Eagerly caching bean 'org.springframework.boot.actuate.autoconfigure.MetricExportAutoConfiguration' to allow for resolving potential circular references
12539 [main] DEBUG o.s.b.f.s.DefaultListableBeanFactory - Finished creating instance of bean 'org.springframework.boot.actuate.autoconfigure.MetricExportAutoConfiguration'
12539 [main] DEBUG o.s.b.f.s.DefaultListableBeanFactory - Creating shared instance of singleton bean 'metricWritersMetricExporter'
12539 [main] DEBUG o.s.b.f.s.DefaultListableBeanFactory - Creating instance of bean 'metricWritersMetricExporter'
12539 [main] DEBUG o.s.b.f.s.DefaultListableBeanFactory - Returning cached instance of singleton bean 'org.springframework.boot.actuate.autoconfigure.MetricExportAutoConfiguration'
12540 [main] DEBUG o.s.b.f.s.DefaultListableBeanFactory - Returning cached instance of singleton bean 'spring.metrics.export-org.springframework.boot.actuate.metrics.export.MetricExportProperties'
12540 [main] DEBUG o.s.b.f.s.DefaultListableBeanFactory - Autowiring by type from bean name 'metricWritersMetricExporter' via factory method to bean named 'spring.metrics.export-org.springframework.boot.actuate.metrics.export.MetricExportProperties'
12545 [main] DEBUG o.s.b.f.s.DefaultListableBeanFactory - Eagerly caching bean 'metricWritersMetricExporter' to allow for resolving potential circular references
12546 [main] DEBUG o.s.b.f.s.DefaultListableBeanFactory - Finished creating instance of bean 'metricWritersMetricExporter'
12546 [main] DEBUG o.s.b.f.s.DefaultListableBeanFactory - Returning cached instance of singleton bean 'org.springframework.boot.actuate.autoconfigure.MetricFilterAutoConfiguration'
12546 [main] DEBUG o.s.b.f.s.DefaultListableBeanFactory - Returning cached instance of singleton bean 'metricsFilter'
12546 [main] DEBUG o.s.b.f.s.DefaultListableBeanFactory - Returning cached instance of singleton bean 'endpoints.metrics.filter-org.springframework.boot.actuate.autoconfigure.MetricFilterProperties'
12546 [main] DEBUG o.s.b.f.s.DefaultListableBeanFactory - Returning cached instance of singleton bean 'org.springframework.boot.actuate.autoconfigure.TraceRepositoryAutoConfiguration'
12546 [main] DEBUG o.s.b.f.s.DefaultListableBeanFactory - Returning cached instance of singleton bean 'traceRepository'
12546 [main] DEBUG o.s.b.f.s.DefaultListableBeanFactory - Returning cached instance of singleton bean 'org.springframework.boot.actuate.autoconfigure.TraceWebFilterAutoConfiguration'
12546 [main] DEBUG o.s.b.f.s.DefaultListableBeanFactory - Returning cached instance of singleton bean 'webRequestLoggingFilter'
12546 [main] DEBUG o.s.b.f.s.DefaultListableBeanFactory - Returning cached instance of singleton bean 'management.trace-org.springframework.boot.actuate.trace.TraceProperties'
12546 [main] DEBUG o.s.b.f.s.DefaultListableBeanFactory - Creating shared instance of singleton bean 'org.springframework.boot.autoconfigure.context.ConfigurationPropertiesAutoConfiguration'
12546 [main] DEBUG o.s.b.f.s.DefaultListableBeanFactory - Creating instance of bean 'org.springframework.boot.autoconfigure.context.ConfigurationPropertiesAutoConfiguration'
12547 [main] DEBUG o.s.b.f.s.DefaultListableBeanFactory - Eagerly caching bean 'org.springframework.boot.autoconfigure.context.ConfigurationPropertiesAutoConfiguration' to allow for resolving potential circular references
12548 [main] DEBUG o.s.b.f.s.DefaultListableBeanFactory - Finished creating instance of bean 'org.springframework.boot.autoconfigure.context.ConfigurationPropertiesAutoConfiguration'
12548 [main] DEBUG o.s.b.f.s.DefaultListableBeanFactory - Returning cached instance of singleton bean 'org.springframework.boot.autoconfigure.freemarker.FreeMarkerAutoConfiguration$FreeMarkerWebConfiguration'
12548 [main] DEBUG o.s.b.f.s.DefaultListableBeanFactory - Creating shared instance of singleton bean 'freeMarkerConfigurer'
12548 [main] DEBUG o.s.b.f.s.DefaultListableBeanFactory - Creating instance of bean 'freeMarkerConfigurer'
12549 [main] DEBUG o.s.b.f.s.DefaultListableBeanFactory - Returning cached instance of singleton bean 'org.springframework.boot.autoconfigure.freemarker.FreeMarkerAutoConfiguration$FreeMarkerWebConfiguration'
12552 [main] DEBUG o.s.b.f.s.DefaultListableBeanFactory - Eagerly caching bean 'freeMarkerConfigurer' to allow for resolving potential circular references
12568 [main] DEBUG o.s.b.f.s.DefaultListableBeanFactory - Invoking afterPropertiesSet() on bean with name 'freeMarkerConfigurer'
12642 [main] DEBUG o.s.w.s.v.f.FreeMarkerConfigurer - Cannot resolve template loader path [classpath:/templates/] to [File]: using SpringTemplateLoader as fallback
FileNotFoundException: class path resource [templates/] cannot be resolved to absolute file path because it does not reside in the file system: jar:file:/D:/mavenHome/org/springframework/cloud/spring-cloud-netflix-eureka-server/1.1.0.RELEASE/spring-cloud-netflix-eureka-server-1.1.0.RELEASE.jar!/templates/
	at org.springframework.util.ResourceUtils.getFile(ResourceUtils.java:218)
	at org.springframework.core.io.AbstractFileResolvingResource.getFile(AbstractFileResolvingResource.java:52)
	at org.springframework.ui.freemarker.FreeMarkerConfigurationFactory.getTemplateLoaderForPath(FreeMarkerConfigurationFactory.java:338)
	at org.springframework.ui.freemarker.FreeMarkerConfigurationFactory.createConfiguration(FreeMarkerConfigurationFactory.java:290)
	at org.springframework.web.servlet.view.freemarker.FreeMarkerConfigurer.afterPropertiesSet(FreeMarkerConfigurer.java:116)
	at org.springframework.beans.factory.support.AbstractAutowireCapableBeanFactory.invokeInitMethods(AbstractAutowireCapableBeanFactory.java:1687)
	at org.springframework.beans.factory.support.AbstractAutowireCapableBeanFactory.initializeBean(AbstractAutowireCapableBeanFactory.java:1624)
	at org.springframework.beans.factory.support.AbstractAutowireCapableBeanFactory.doCreateBean(AbstractAutowireCapableBeanFactory.java:555)
	at org.springframework.beans.factory.support.AbstractAutowireCapableBeanFactory.createBean(AbstractAutowireCapableBeanFactory.java:483)
	at org.springframework.beans.factory.support.AbstractBeanFactory$1.getObject(AbstractBeanFactory.java:306)
	at org.springframework.beans.factory.support.DefaultSingletonBeanRegistry.getSingleton(DefaultSingletonBeanRegistry.java:230)
	at org.springframework.beans.factory.support.AbstractBeanFactory.doGetBean(AbstractBeanFactory.java:302)
	at org.springframework.beans.factory.support.AbstractBeanFactory.getBean(AbstractBeanFactory.java:197)
	at org.springframework.beans.factory.support.DefaultListableBeanFactory.preInstantiateSingletons(DefaultListableBeanFactory.java:761)
	at org.springframework.context.support.AbstractApplicationContext.finishBeanFactoryInitialization(AbstractApplicationContext.java:866)
	at org.springframework.context.support.AbstractApplicationContext.refresh(AbstractApplicationContext.java:542)
	at org.springframework.boot.context.embedded.EmbeddedWebApplicationContext.refresh(EmbeddedWebApplicationContext.java:122)
	at org.springframework.boot.SpringApplication.refresh(SpringApplication.java:762)
	at org.springframework.boot.SpringApplication.refreshContext(SpringApplication.java:372)
	at org.springframework.boot.SpringApplication.run(SpringApplication.java:316)
	at org.springframework.boot.builder.SpringApplicationBuilder.run(SpringApplicationBuilder.java:134)
	at com.yd.Application.main(Application.java:22)
	at sun.reflect.NativeMethodAccessorImpl.invoke0(Native Method)
	at sun.reflect.NativeMethodAccessorImpl.invoke(NativeMethodAccessorImpl.java:62)
	at sun.reflect.DelegatingMethodAccessorImpl.invoke(DelegatingMethodAccessorImpl.java:43)
	at java.lang.reflect.Method.invoke(Method.java:498)
	at com.intellij.rt.execution.application.AppMain.main(AppMain.java:147)
12643 [main] INFO  o.s.u.f.SpringTemplateLoader - SpringTemplateLoader for FreeMarker: using resource loader [org.springframework.boot.context.embedded.AnnotationConfigEmbeddedWebApplicationContext@555cf22: startup date [Mon Mar 06 18:59:15 CST 2017]; parent: org.springframework.context.annotation.AnnotationConfigApplicationContext@61386958] and template loader path [classpath:/templates/]
12644 [main] INFO  o.s.w.s.v.f.FreeMarkerConfigurer - ClassTemplateLoader for Spring macros added to FreeMarker configuration
12645 [main] DEBUG o.s.b.f.s.DefaultListableBeanFactory - Finished creating instance of bean 'freeMarkerConfigurer'
12645 [main] DEBUG o.s.b.f.s.DefaultListableBeanFactory - Creating shared instance of singleton bean 'freeMarkerConfiguration'
12645 [main] DEBUG o.s.b.f.s.DefaultListableBeanFactory - Creating instance of bean 'freeMarkerConfiguration'
12645 [main] DEBUG o.s.b.f.s.DefaultListableBeanFactory - Returning cached instance of singleton bean 'org.springframework.boot.autoconfigure.freemarker.FreeMarkerAutoConfiguration$FreeMarkerWebConfiguration'
12646 [main] DEBUG o.s.b.f.s.DefaultListableBeanFactory - Returning cached instance of singleton bean 'freeMarkerConfigurer'
12646 [main] DEBUG o.s.b.f.s.DefaultListableBeanFactory - Autowiring by type from bean name 'freeMarkerConfiguration' via factory method to bean named 'freeMarkerConfigurer'
12656 [main] DEBUG o.s.b.f.s.DefaultListableBeanFactory - Eagerly caching bean 'freeMarkerConfiguration' to allow for resolving potential circular references
12672 [main] DEBUG o.s.b.f.s.DefaultListableBeanFactory - Finished creating instance of bean 'freeMarkerConfiguration'
12672 [main] DEBUG o.s.b.f.s.DefaultListableBeanFactory - Returning cached instance of singleton bean 'freeMarkerViewResolver'
12672 [main] DEBUG o.s.b.f.s.DefaultListableBeanFactory - Creating shared instance of singleton bean 'org.springframework.boot.autoconfigure.freemarker.FreeMarkerAutoConfiguration'
12672 [main] DEBUG o.s.b.f.s.DefaultListableBeanFactory - Creating instance of bean 'org.springframework.boot.autoconfigure.freemarker.FreeMarkerAutoConfiguration'
12672 [main] DEBUG o.s.c.LocalVariableTableParameterNameDiscoverer - Cannot find '.class' file for class [class org.springframework.boot.autoconfigure.freemarker.FreeMarkerAutoConfiguration$$EnhancerBySpringCGLIB$$9ab6ccd4] - unable to determine constructor/method parameter names
12673 [main] DEBUG o.s.b.f.s.DefaultListableBeanFactory - Returning cached instance of singleton bean 'spring.freemarker-org.springframework.boot.autoconfigure.freemarker.FreeMarkerProperties'
12673 [main] DEBUG o.s.b.f.s.DefaultListableBeanFactory - Autowiring by type from bean name 'org.springframework.boot.autoconfigure.freemarker.FreeMarkerAutoConfiguration' via constructor to bean named 'org.springframework.boot.context.embedded.AnnotationConfigEmbeddedWebApplicationContext@555cf22'
12673 [main] DEBUG o.s.b.f.s.DefaultListableBeanFactory - Autowiring by type from bean name 'org.springframework.boot.autoconfigure.freemarker.FreeMarkerAutoConfiguration' via constructor to bean named 'spring.freemarker-org.springframework.boot.autoconfigure.freemarker.FreeMarkerProperties'
12679 [main] DEBUG o.s.c.a.CommonAnnotationBeanPostProcessor - Found init method on class [org.springframework.boot.autoconfigure.freemarker.FreeMarkerAutoConfiguration$$EnhancerBySpringCGLIB$$9ab6ccd4]: public void org.springframework.boot.autoconfigure.freemarker.FreeMarkerAutoConfiguration.checkTemplateLocationExists()
12679 [main] DEBUG o.s.c.a.CommonAnnotationBeanPostProcessor - Registered init method on class [org.springframework.boot.autoconfigure.freemarker.FreeMarkerAutoConfiguration$$EnhancerBySpringCGLIB$$9ab6ccd4]: org.springframework.beans.factory.annotation.InitDestroyAnnotationBeanPostProcessor$LifecycleElement@7bbfab3
12679 [main] DEBUG o.s.b.f.s.DefaultListableBeanFactory - Eagerly caching bean 'org.springframework.boot.autoconfigure.freemarker.FreeMarkerAutoConfiguration' to allow for resolving potential circular references
12684 [main] DEBUG o.s.c.a.CommonAnnotationBeanPostProcessor - Invoking init method on bean 'org.springframework.boot.autoconfigure.freemarker.FreeMarkerAutoConfiguration': public void org.springframework.boot.autoconfigure.freemarker.FreeMarkerAutoConfiguration.checkTemplateLocationExists()
12685 [main] DEBUG o.s.b.f.s.DefaultListableBeanFactory - Finished creating instance of bean 'org.springframework.boot.autoconfigure.freemarker.FreeMarkerAutoConfiguration'
12685 [main] DEBUG o.s.b.f.s.DefaultListableBeanFactory - Returning cached instance of singleton bean 'spring.freemarker-org.springframework.boot.autoconfigure.freemarker.FreeMarkerProperties'
12685 [main] DEBUG o.s.b.f.s.DefaultListableBeanFactory - Returning cached instance of singleton bean 'org.springframework.boot.autoconfigure.web.HttpEncodingAutoConfiguration'
12685 [main] DEBUG o.s.b.f.s.DefaultListableBeanFactory - Returning cached instance of singleton bean 'characterEncodingFilter'
12685 [main] DEBUG o.s.b.f.s.DefaultListableBeanFactory - Returning cached instance of singleton bean 'localeCharsetMappingsCustomizer'
12685 [main] DEBUG o.s.b.f.s.DefaultListableBeanFactory - Returning cached instance of singleton bean 'org.springframework.boot.autoconfigure.web.MultipartAutoConfiguration'
12685 [main] DEBUG o.s.b.f.s.DefaultListableBeanFactory - Returning cached instance of singleton bean 'multipartConfigElement'
12685 [main] DEBUG o.s.b.f.s.DefaultListableBeanFactory - Creating shared instance of singleton bean 'multipartResolver'
12685 [main] DEBUG o.s.b.f.s.DefaultListableBeanFactory - Creating instance of bean 'multipartResolver'
12685 [main] DEBUG o.s.b.f.s.DefaultListableBeanFactory - Returning cached instance of singleton bean 'org.springframework.boot.autoconfigure.web.MultipartAutoConfiguration'
12686 [main] DEBUG o.s.b.f.s.DefaultListableBeanFactory - Eagerly caching bean 'multipartResolver' to allow for resolving potential circular references
12689 [main] DEBUG o.s.b.f.s.DefaultListableBeanFactory - Finished creating instance of bean 'multipartResolver'
12689 [main] DEBUG o.s.b.f.s.DefaultListableBeanFactory - Returning cached instance of singleton bean 'spring.http.multipart-org.springframework.boot.autoconfigure.web.MultipartProperties'
12689 [main] DEBUG o.s.b.f.s.DefaultListableBeanFactory - Creating shared instance of singleton bean 'org.springframework.boot.autoconfigure.web.WebClientAutoConfiguration$RestTemplateConfiguration'
12689 [main] DEBUG o.s.b.f.s.DefaultListableBeanFactory - Creating instance of bean 'org.springframework.boot.autoconfigure.web.WebClientAutoConfiguration$RestTemplateConfiguration'
12689 [main] DEBUG o.s.c.LocalVariableTableParameterNameDiscoverer - Cannot find '.class' file for class [class org.springframework.boot.autoconfigure.web.WebClientAutoConfiguration$RestTemplateConfiguration$$EnhancerBySpringCGLIB$$1b651161] - unable to determine constructor/method parameter names
12690 [main] DEBUG o.s.b.f.s.DefaultListableBeanFactory - Eagerly caching bean 'org.springframework.boot.autoconfigure.web.WebClientAutoConfiguration$RestTemplateConfiguration' to allow for resolving potential circular references
12693 [main] DEBUG o.s.b.f.s.DefaultListableBeanFactory - Finished creating instance of bean 'org.springframework.boot.autoconfigure.web.WebClientAutoConfiguration$RestTemplateConfiguration'
12693 [main] DEBUG o.s.b.f.s.DefaultListableBeanFactory - Creating shared instance of singleton bean 'restTemplateBuilder'
12693 [main] DEBUG o.s.b.f.s.DefaultListableBeanFactory - Creating instance of bean 'restTemplateBuilder'
12693 [main] DEBUG o.s.b.f.s.DefaultListableBeanFactory - Returning cached instance of singleton bean 'org.springframework.boot.autoconfigure.web.WebClientAutoConfiguration$RestTemplateConfiguration'
12697 [main] DEBUG o.s.b.f.s.DefaultListableBeanFactory - Returning cached instance of singleton bean 'messageConverters'
12699 [main] DEBUG o.s.b.f.s.DefaultListableBeanFactory - Eagerly caching bean 'restTemplateBuilder' to allow for resolving potential circular references
12702 [main] DEBUG o.s.b.f.s.DefaultListableBeanFactory - Finished creating instance of bean 'restTemplateBuilder'
12702 [main] DEBUG o.s.b.f.s.DefaultListableBeanFactory - Creating shared instance of singleton bean 'org.springframework.boot.autoconfigure.web.WebClientAutoConfiguration'
12702 [main] DEBUG o.s.b.f.s.DefaultListableBeanFactory - Creating instance of bean 'org.springframework.boot.autoconfigure.web.WebClientAutoConfiguration'
12702 [main] DEBUG o.s.b.f.s.DefaultListableBeanFactory - Eagerly caching bean 'org.springframework.boot.autoconfigure.web.WebClientAutoConfiguration' to allow for resolving potential circular references
12705 [main] DEBUG o.s.b.f.s.DefaultListableBeanFactory - Finished creating instance of bean 'org.springframework.boot.autoconfigure.web.WebClientAutoConfiguration'
12705 [main] DEBUG o.s.b.f.s.DefaultListableBeanFactory - Returning cached instance of singleton bean 'org.springframework.cloud.autoconfigure.ConfigurationPropertiesRebinderAutoConfiguration'
12705 [main] DEBUG o.s.b.f.s.DefaultListableBeanFactory - Returning cached instance of singleton bean 'configurationPropertiesBeans'
12705 [main] DEBUG o.s.b.f.s.DefaultListableBeanFactory - Returning cached instance of singleton bean 'configurationPropertiesRebinder'
12705 [main] DEBUG o.s.b.f.s.DefaultListableBeanFactory - Returning cached instance of singleton bean 'org.springframework.cloud.autoconfigure.RefreshEndpointAutoConfiguration$RefreshEndpointConfiguration'
12705 [main] DEBUG o.s.b.f.s.DefaultListableBeanFactory - Returning cached instance of singleton bean 'refreshEndpoint'
12705 [main] DEBUG o.s.b.f.s.DefaultListableBeanFactory - Creating shared instance of singleton bean 'refreshEventListener'
12705 [main] DEBUG o.s.b.f.s.DefaultListableBeanFactory - Creating instance of bean 'refreshEventListener'
12705 [main] DEBUG o.s.b.f.s.DefaultListableBeanFactory - Returning cached instance of singleton bean 'org.springframework.cloud.autoconfigure.RefreshEndpointAutoConfiguration$RefreshEndpointConfiguration'
12705 [main] DEBUG o.s.b.f.s.DefaultListableBeanFactory - Returning cached instance of singleton bean 'refreshEndpoint'
12705 [main] DEBUG o.s.b.f.s.DefaultListableBeanFactory - Autowiring by type from bean name 'refreshEventListener' via factory method to bean named 'refreshEndpoint'
12706 [main] DEBUG o.s.b.f.s.DefaultListableBeanFactory - Eagerly caching bean 'refreshEventListener' to allow for resolving potential circular references
12707 [main] DEBUG o.s.b.f.s.DefaultListableBeanFactory - Finished creating instance of bean 'refreshEventListener'
12707 [main] DEBUG o.s.b.f.s.DefaultListableBeanFactory - Returning cached instance of singleton bean 'org.springframework.cloud.autoconfigure.RefreshEndpointAutoConfiguration$RestartEndpointWithoutIntegration'
12707 [main] DEBUG o.s.b.f.s.DefaultListableBeanFactory - Returning cached instance of singleton bean 'restartEndpoint'
12707 [main] DEBUG o.s.b.f.s.DefaultListableBeanFactory - Returning cached instance of singleton bean 'org.springframework.cloud.autoconfigure.RefreshEndpointAutoConfiguration'
12707 [main] DEBUG o.s.b.f.s.DefaultListableBeanFactory - Returning cached instance of singleton bean 'refreshScopeHealthIndicator'
12707 [main] DEBUG o.s.b.f.s.DefaultListableBeanFactory - Returning cached instance of singleton bean 'pauseEndpoint'
12707 [main] DEBUG o.s.b.f.s.DefaultListableBeanFactory - Returning cached instance of singleton bean 'resumeEndpoint'
12707 [main] DEBUG o.s.b.f.s.DefaultListableBeanFactory - Returning cached instance of singleton bean 'org.springframework.cloud.autoconfigure.LifecycleMvcEndpointAutoConfiguration'
12707 [main] DEBUG o.s.b.f.s.DefaultListableBeanFactory - Returning cached instance of singleton bean 'environmentManagerEndpoint'
12707 [main] DEBUG o.s.b.f.s.DefaultListableBeanFactory - Returning cached instance of singleton bean 'refreshMvcEndpoint'
12707 [main] DEBUG o.s.b.f.s.DefaultListableBeanFactory - Returning cached instance of singleton bean 'restartMvcEndpoint'
12707 [main] DEBUG o.s.b.f.s.DefaultListableBeanFactory - Returning cached instance of singleton bean 'pauseMvcEndpoint'
12707 [main] DEBUG o.s.b.f.s.DefaultListableBeanFactory - Returning cached instance of singleton bean 'resumeMvcEndpoint'
12707 [main] DEBUG o.s.b.f.s.DefaultListableBeanFactory - Returning cached instance of singleton bean 'org.springframework.cloud.netflix.ribbon.RibbonAutoConfiguration'
12707 [main] DEBUG o.s.b.f.s.DefaultListableBeanFactory - Returning cached instance of singleton bean 'ribbonFeature'
12708 [main] DEBUG o.s.b.f.s.DefaultListableBeanFactory - Creating shared instance of singleton bean 'springClientFactory'
12708 [main] DEBUG o.s.b.f.s.DefaultListableBeanFactory - Creating instance of bean 'springClientFactory'
12708 [main] DEBUG o.s.b.f.s.DefaultListableBeanFactory - Returning cached instance of singleton bean 'org.springframework.cloud.netflix.ribbon.RibbonAutoConfiguration'
12711 [main] DEBUG o.s.b.f.s.DefaultListableBeanFactory - Eagerly caching bean 'springClientFactory' to allow for resolving potential circular references
12726 [main] DEBUG o.s.b.f.s.DefaultListableBeanFactory - Finished creating instance of bean 'springClientFactory'
12726 [main] DEBUG o.s.b.f.s.DefaultListableBeanFactory - Creating shared instance of singleton bean 'loadBalancerClient'
12726 [main] DEBUG o.s.b.f.s.DefaultListableBeanFactory - Creating instance of bean 'loadBalancerClient'
12726 [main] DEBUG o.s.b.f.s.DefaultListableBeanFactory - Returning cached instance of singleton bean 'org.springframework.cloud.netflix.ribbon.RibbonAutoConfiguration'
12728 [main] DEBUG o.s.b.f.s.DefaultListableBeanFactory - Returning cached instance of singleton bean 'springClientFactory'
12729 [main] DEBUG o.s.b.f.s.DefaultListableBeanFactory - Eagerly caching bean 'loadBalancerClient' to allow for resolving potential circular references
12731 [main] DEBUG o.s.b.f.s.DefaultListableBeanFactory - Finished creating instance of bean 'loadBalancerClient'
12731 [main] DEBUG o.s.b.f.s.DefaultListableBeanFactory - Returning cached instance of singleton bean 'default.org.springframework.cloud.netflix.ribbon.RibbonAutoConfiguration.RibbonClientSpecification'
12731 [main] DEBUG o.s.b.f.s.DefaultListableBeanFactory - Creating shared instance of singleton bean 'org.springframework.cloud.client.loadbalancer.LoadBalancerAutoConfiguration'
12731 [main] DEBUG o.s.b.f.s.DefaultListableBeanFactory - Creating instance of bean 'org.springframework.cloud.client.loadbalancer.LoadBalancerAutoConfiguration'
12734 [main] DEBUG o.s.b.f.a.InjectionMetadata - Registered injected element on class [org.springframework.cloud.client.loadbalancer.LoadBalancerAutoConfiguration$$EnhancerBySpringCGLIB$$f200ba8b]: AutowiredFieldElement for private java.util.List org.springframework.cloud.client.loadbalancer.LoadBalancerAutoConfiguration.restTemplates
12734 [main] DEBUG o.s.b.f.s.DefaultListableBeanFactory - Eagerly caching bean 'org.springframework.cloud.client.loadbalancer.LoadBalancerAutoConfiguration' to allow for resolving potential circular references
12737 [main] DEBUG o.s.b.f.a.InjectionMetadata - Processing injected element of bean 'org.springframework.cloud.client.loadbalancer.LoadBalancerAutoConfiguration': AutowiredFieldElement for private java.util.List org.springframework.cloud.client.loadbalancer.LoadBalancerAutoConfiguration.restTemplates
12738 [main] DEBUG o.s.b.f.s.DefaultListableBeanFactory - Finished creating instance of bean 'org.springframework.cloud.client.loadbalancer.LoadBalancerAutoConfiguration'
12738 [main] DEBUG o.s.b.f.s.DefaultListableBeanFactory - Creating shared instance of singleton bean 'loadBalancedRestTemplateInitializer'
12738 [main] DEBUG o.s.b.f.s.DefaultListableBeanFactory - Creating instance of bean 'loadBalancedRestTemplateInitializer'
12738 [main] DEBUG o.s.b.f.s.DefaultListableBeanFactory - Returning cached instance of singleton bean 'org.springframework.cloud.client.loadbalancer.LoadBalancerAutoConfiguration'
12740 [main] DEBUG o.s.b.f.s.DefaultListableBeanFactory - Creating shared instance of singleton bean 'restTemplateCustomizer'
12740 [main] DEBUG o.s.b.f.s.DefaultListableBeanFactory - Creating instance of bean 'restTemplateCustomizer'
12740 [main] DEBUG o.s.b.f.s.DefaultListableBeanFactory - Returning cached instance of singleton bean 'org.springframework.cloud.client.loadbalancer.LoadBalancerAutoConfiguration'
12741 [main] DEBUG o.s.b.f.s.DefaultListableBeanFactory - Creating shared instance of singleton bean 'ribbonInterceptor'
12741 [main] DEBUG o.s.b.f.s.DefaultListableBeanFactory - Creating instance of bean 'ribbonInterceptor'
12741 [main] DEBUG o.s.b.f.s.DefaultListableBeanFactory - Returning cached instance of singleton bean 'org.springframework.cloud.client.loadbalancer.LoadBalancerAutoConfiguration'
12741 [main] DEBUG o.s.b.f.s.DefaultListableBeanFactory - Returning cached instance of singleton bean 'loadBalancerClient'
12742 [main] DEBUG o.s.b.f.s.DefaultListableBeanFactory - Autowiring by type from bean name 'ribbonInterceptor' via factory method to bean named 'loadBalancerClient'
12745 [main] DEBUG o.s.b.f.s.DefaultListableBeanFactory - Eagerly caching bean 'ribbonInterceptor' to allow for resolving potential circular references
12748 [main] DEBUG o.s.b.f.s.DefaultListableBeanFactory - Finished creating instance of bean 'ribbonInterceptor'
12748 [main] DEBUG o.s.b.f.s.DefaultListableBeanFactory - Autowiring by type from bean name 'restTemplateCustomizer' via factory method to bean named 'ribbonInterceptor'
12749 [main] DEBUG o.s.b.f.s.DefaultListableBeanFactory - Eagerly caching bean 'restTemplateCustomizer' to allow for resolving potential circular references
12754 [main] DEBUG o.s.b.f.s.DefaultListableBeanFactory - Finished creating instance of bean 'restTemplateCustomizer'
12755 [main] DEBUG o.s.b.f.s.DefaultListableBeanFactory - Autowiring by type from bean name 'loadBalancedRestTemplateInitializer' via factory method to bean named 'restTemplateCustomizer'
12756 [main] DEBUG o.s.b.f.s.DefaultListableBeanFactory - Eagerly caching bean 'loadBalancedRestTemplateInitializer' to allow for resolving potential circular references
12760 [main] DEBUG o.s.b.f.s.DefaultListableBeanFactory - Finished creating instance of bean 'loadBalancedRestTemplateInitializer'
12760 [main] DEBUG o.s.b.f.s.DefaultListableBeanFactory - Returning cached instance of singleton bean 'restTemplateCustomizer'
12760 [main] DEBUG o.s.b.f.s.DefaultListableBeanFactory - Returning cached instance of singleton bean 'ribbonInterceptor'
12760 [main] DEBUG o.s.b.f.s.DefaultListableBeanFactory - Creating shared instance of singleton bean 'org.springframework.cloud.netflix.archaius.ArchaiusAutoConfiguration$PropagateEventsConfiguration'
12760 [main] DEBUG o.s.b.f.s.DefaultListableBeanFactory - Creating instance of bean 'org.springframework.cloud.netflix.archaius.ArchaiusAutoConfiguration$PropagateEventsConfiguration'
12761 [main] DEBUG o.s.b.f.a.InjectionMetadata - Registered injected element on class [org.springframework.cloud.netflix.archaius.ArchaiusAutoConfiguration$PropagateEventsConfiguration$$EnhancerBySpringCGLIB$$73bf7fd2]: AutowiredFieldElement for private org.springframework.core.env.Environment org.springframework.cloud.netflix.archaius.ArchaiusAutoConfiguration$PropagateEventsConfiguration.env
12761 [main] DEBUG o.s.b.f.s.DefaultListableBeanFactory - Eagerly caching bean 'org.springframework.cloud.netflix.archaius.ArchaiusAutoConfiguration$PropagateEventsConfiguration' to allow for resolving potential circular references
12765 [main] DEBUG o.s.b.f.a.InjectionMetadata - Processing injected element of bean 'org.springframework.cloud.netflix.archaius.ArchaiusAutoConfiguration$PropagateEventsConfiguration': AutowiredFieldElement for private org.springframework.core.env.Environment org.springframework.cloud.netflix.archaius.ArchaiusAutoConfiguration$PropagateEventsConfiguration.env
12766 [main] DEBUG o.s.b.f.s.DefaultListableBeanFactory - Returning cached instance of singleton bean 'environment'
12766 [main] DEBUG o.s.b.f.a.AutowiredAnnotationBeanPostProcessor - Autowiring by type from bean name 'org.springframework.cloud.netflix.archaius.ArchaiusAutoConfiguration$PropagateEventsConfiguration' to bean named 'environment'
12767 [main] DEBUG o.s.b.f.s.DefaultListableBeanFactory - Finished creating instance of bean 'org.springframework.cloud.netflix.archaius.ArchaiusAutoConfiguration$PropagateEventsConfiguration'
12767 [main] DEBUG o.s.b.f.s.DefaultListableBeanFactory - Returning cached instance of singleton bean 'org.springframework.cloud.netflix.archaius.ArchaiusAutoConfiguration$ArchaiusEndpointConfiguration'
12767 [main] DEBUG o.s.b.f.s.DefaultListableBeanFactory - Returning cached instance of singleton bean 'archaiusEndpoint'
12767 [main] DEBUG o.s.b.f.s.DefaultListableBeanFactory - Creating shared instance of singleton bean 'org.springframework.cloud.netflix.archaius.ArchaiusAutoConfiguration'
12767 [main] DEBUG o.s.b.f.s.DefaultListableBeanFactory - Creating instance of bean 'org.springframework.cloud.netflix.archaius.ArchaiusAutoConfiguration'
12767 [main] DEBUG o.s.c.a.CommonAnnotationBeanPostProcessor - Found destroy method on class [org.springframework.cloud.netflix.archaius.ArchaiusAutoConfiguration$$EnhancerBySpringCGLIB$$fd7db64]: public void org.springframework.cloud.netflix.archaius.ArchaiusAutoConfiguration.close()
12767 [main] DEBUG o.s.c.a.CommonAnnotationBeanPostProcessor - Registered destroy method on class [org.springframework.cloud.netflix.archaius.ArchaiusAutoConfiguration$$EnhancerBySpringCGLIB$$fd7db64]: org.springframework.beans.factory.annotation.InitDestroyAnnotationBeanPostProcessor$LifecycleElement@5a5ddf8
12769 [main] DEBUG o.s.b.f.a.InjectionMetadata - Registered injected element on class [org.springframework.cloud.netflix.archaius.ArchaiusAutoConfiguration$$EnhancerBySpringCGLIB$$fd7db64]: AutowiredFieldElement for private org.springframework.core.env.ConfigurableEnvironment org.springframework.cloud.netflix.archaius.ArchaiusAutoConfiguration.env
12769 [main] DEBUG o.s.b.f.a.InjectionMetadata - Registered injected element on class [org.springframework.cloud.netflix.archaius.ArchaiusAutoConfiguration$$EnhancerBySpringCGLIB$$fd7db64]: AutowiredFieldElement for private java.util.List org.springframework.cloud.netflix.archaius.ArchaiusAutoConfiguration.externalConfigurations
12769 [main] DEBUG o.s.b.f.s.DefaultListableBeanFactory - Eagerly caching bean 'org.springframework.cloud.netflix.archaius.ArchaiusAutoConfiguration' to allow for resolving potential circular references
12777 [main] DEBUG o.s.b.f.a.InjectionMetadata - Processing injected element of bean 'org.springframework.cloud.netflix.archaius.ArchaiusAutoConfiguration': AutowiredFieldElement for private org.springframework.core.env.ConfigurableEnvironment org.springframework.cloud.netflix.archaius.ArchaiusAutoConfiguration.env
12777 [main] DEBUG o.s.b.f.s.DefaultListableBeanFactory - Returning cached instance of singleton bean 'environment'
12777 [main] DEBUG o.s.b.f.a.AutowiredAnnotationBeanPostProcessor - Autowiring by type from bean name 'org.springframework.cloud.netflix.archaius.ArchaiusAutoConfiguration' to bean named 'environment'
12777 [main] DEBUG o.s.b.f.a.InjectionMetadata - Processing injected element of bean 'org.springframework.cloud.netflix.archaius.ArchaiusAutoConfiguration': AutowiredFieldElement for private java.util.List org.springframework.cloud.netflix.archaius.ArchaiusAutoConfiguration.externalConfigurations
12780 [main] DEBUG o.s.b.f.s.DefaultListableBeanFactory - Creating shared instance of singleton bean 'configurableEnvironmentConfiguration'
12780 [main] DEBUG o.s.b.f.s.DefaultListableBeanFactory - Creating instance of bean 'configurableEnvironmentConfiguration'
12780 [main] DEBUG o.s.b.f.s.DefaultListableBeanFactory - Returning eagerly cached instance of singleton bean 'org.springframework.cloud.netflix.archaius.ArchaiusAutoConfiguration' that is not fully initialized yet - a consequence of a circular reference
12788 [main] DEBUG o.s.c.e.PropertySourcesPropertyResolver - Could not find key 'spring.application.name' in any property source
12788 [main] WARN  o.s.c.n.a.ArchaiusAutoConfiguration - No spring.application.name found, defaulting to 'application'
12794 [main] WARN  c.n.c.s.URLConfigurationSource - No URLs will be polled as dynamic configuration sources.
12794 [main] INFO  c.n.c.s.URLConfigurationSource - To enable URLs as dynamic configuration sources, define System property archaius.configurationSource.additionalUrls or make config.properties available on classpath.
12803 [main] WARN  c.n.c.s.URLConfigurationSource - No URLs will be polled as dynamic configuration sources.
12803 [main] INFO  c.n.c.s.URLConfigurationSource - To enable URLs as dynamic configuration sources, define System property archaius.configurationSource.additionalUrls or make config.properties available on classpath.
12823 [main] DEBUG o.s.b.f.s.DefaultListableBeanFactory - Eagerly caching bean 'configurableEnvironmentConfiguration' to allow for resolving potential circular references
12829 [main] DEBUG o.s.b.f.s.DefaultListableBeanFactory - Finished creating instance of bean 'configurableEnvironmentConfiguration'
12829 [main] DEBUG o.s.b.f.a.AutowiredAnnotationBeanPostProcessor - Autowiring by type from bean name 'org.springframework.cloud.netflix.archaius.ArchaiusAutoConfiguration' to bean named 'configurableEnvironmentConfiguration'
12829 [main] DEBUG o.s.b.f.s.DefaultListableBeanFactory - Finished creating instance of bean 'org.springframework.cloud.netflix.archaius.ArchaiusAutoConfiguration'
12830 [main] DEBUG o.s.b.f.s.DefaultListableBeanFactory - Returning cached instance of singleton bean 'configurableEnvironmentConfiguration'
12830 [main] DEBUG o.s.b.f.s.DefaultListableBeanFactory - Returning cached instance of singleton bean 'org.springframework.cloud.netflix.hystrix.HystrixAutoConfiguration'
12830 [main] DEBUG o.s.b.f.s.DefaultListableBeanFactory - Returning cached instance of singleton bean 'hystrixHealthIndicator'
12830 [main] DEBUG o.s.b.f.s.DefaultListableBeanFactory - Creating shared instance of singleton bean 'org.springframework.cloud.netflix.ribbon.eureka.RibbonEurekaAutoConfiguration'
12830 [main] DEBUG o.s.b.f.s.DefaultListableBeanFactory - Creating instance of bean 'org.springframework.cloud.netflix.ribbon.eureka.RibbonEurekaAutoConfiguration'
12830 [main] DEBUG o.s.b.f.s.DefaultListableBeanFactory - Eagerly caching bean 'org.springframework.cloud.netflix.ribbon.eureka.RibbonEurekaAutoConfiguration' to allow for resolving potential circular references
12832 [main] DEBUG o.s.b.f.s.DefaultListableBeanFactory - Finished creating instance of bean 'org.springframework.cloud.netflix.ribbon.eureka.RibbonEurekaAutoConfiguration'
12832 [main] DEBUG o.s.b.f.s.DefaultListableBeanFactory - Returning cached instance of singleton bean 'default.org.springframework.cloud.netflix.ribbon.eureka.RibbonEurekaAutoConfiguration.RibbonClientSpecification'
12832 [main] DEBUG o.s.b.f.s.DefaultListableBeanFactory - Returning cached instance of singleton bean 'org.springframework.cloud.netflix.rx.RxJavaAutoConfiguration$RxJavaReturnValueHandlerConfig'
12832 [main] DEBUG o.s.b.f.s.DefaultListableBeanFactory - Returning cached instance of singleton bean 'singleReturnValueHandler'
12832 [main] DEBUG o.s.b.f.s.DefaultListableBeanFactory - Returning cached instance of singleton bean 'observableMVCConfiguration'
12832 [main] DEBUG o.s.b.f.s.DefaultListableBeanFactory - Returning cached instance of singleton bean 'rxFeature'
12832 [main] DEBUG o.s.b.f.s.DefaultListableBeanFactory - Creating shared instance of singleton bean 'org.springframework.cloud.netflix.rx.RxJavaAutoConfiguration'
12832 [main] DEBUG o.s.b.f.s.DefaultListableBeanFactory - Creating instance of bean 'org.springframework.cloud.netflix.rx.RxJavaAutoConfiguration'
12832 [main] DEBUG o.s.b.f.s.DefaultListableBeanFactory - Eagerly caching bean 'org.springframework.cloud.netflix.rx.RxJavaAutoConfiguration' to allow for resolving potential circular references
12835 [main] DEBUG o.s.b.f.s.DefaultListableBeanFactory - Finished creating instance of bean 'org.springframework.cloud.netflix.rx.RxJavaAutoConfiguration'
12835 [main] DEBUG o.s.b.f.s.DefaultListableBeanFactory - Returning cached instance of singleton bean 'org.springframework.context.event.internalEventListenerFactory'
12852 [main] DEBUG o.s.c.e.EventListenerMethodProcessor - 1 @EventListener methods processed on bean 'org.springframework.cloud.netflix.eureka.EurekaDiscoveryClientConfiguration$EurekaClientConfigurationRefresher': {public void org.springframework.cloud.netflix.eureka.EurekaDiscoveryClientConfiguration$EurekaClientConfigurationRefresher.onApplicationEvent(org.springframework.cloud.context.scope.refresh.RefreshScopeRefreshedEvent)=@org.springframework.context.event.EventListener(value=[class org.springframework.cloud.context.scope.refresh.RefreshScopeRefreshedEvent], classes=[class org.springframework.cloud.context.scope.refresh.RefreshScopeRefreshedEvent], condition=)}
12852 [main] DEBUG o.s.c.e.EventListenerMethodProcessor - 2 @EventListener methods processed on bean 'org.springframework.cloud.netflix.eureka.EurekaDiscoveryClientConfiguration': {public void org.springframework.cloud.netflix.eureka.EurekaDiscoveryClientConfiguration.onApplicationEvent(org.springframework.boot.context.embedded.EmbeddedServletContainerInitializedEvent)=@org.springframework.context.event.EventListener(value=[class org.springframework.boot.context.embedded.EmbeddedServletContainerInitializedEvent], classes=[class org.springframework.boot.context.embedded.EmbeddedServletContainerInitializedEvent], condition=), public void org.springframework.cloud.netflix.eureka.EurekaDiscoveryClientConfiguration.onApplicationEvent(org.springframework.context.event.ContextClosedEvent)=@org.springframework.context.event.EventListener(value=[class org.springframework.context.event.ContextClosedEvent], classes=[class org.springframework.context.event.ContextClosedEvent], condition=)}
12904 [main] DEBUG o.s.c.e.EventListenerMethodProcessor - 1 @EventListener methods processed on bean 'refreshScope': {public void org.springframework.cloud.context.scope.refresh.RefreshScope.start(org.springframework.context.event.ContextRefreshedEvent)=@org.springframework.context.event.EventListener(value=[], classes=[], condition=)}
12931 [main] DEBUG o.s.c.e.EventListenerMethodProcessor - 2 @EventListener methods processed on bean 'refreshEventListener': {public void org.springframework.cloud.endpoint.event.RefreshEventListener.handle(org.springframework.cloud.endpoint.event.RefreshEvent)=@org.springframework.context.event.EventListener(value=[], classes=[], condition=), public void org.springframework.cloud.endpoint.event.RefreshEventListener.handle(org.springframework.boot.context.event.ApplicationReadyEvent)=@org.springframework.context.event.EventListener(value=[], classes=[], condition=)}
12939 [main] INFO  o.s.j.e.a.AnnotationMBeanExporter - Registering beans for JMX exposure on startup
12939 [main] DEBUG o.s.j.e.a.AnnotationMBeanExporter - Autodetecting user-defined JMX MBeans
12949 [main] DEBUG o.s.b.f.s.DefaultListableBeanFactory - Returning cached instance of singleton bean 'refreshScope'
12949 [main] INFO  o.s.j.e.a.AnnotationMBeanExporter - Bean with name 'refreshScope' has been autodetected for JMX exposure
12949 [main] DEBUG o.s.b.f.s.DefaultListableBeanFactory - Returning cached instance of singleton bean 'environmentManager'
12949 [main] INFO  o.s.j.e.a.AnnotationMBeanExporter - Bean with name 'environmentManager' has been autodetected for JMX exposure
12954 [main] DEBUG o.s.b.f.s.DefaultListableBeanFactory - Returning cached instance of singleton bean 'configurationPropertiesRebinder'
12955 [main] INFO  o.s.j.e.a.AnnotationMBeanExporter - Bean with name 'configurationPropertiesRebinder' has been autodetected for JMX exposure
12955 [main] DEBUG o.s.b.f.s.DefaultListableBeanFactory - Returning cached instance of singleton bean 'refreshEndpoint'
12955 [main] INFO  o.s.j.e.a.AnnotationMBeanExporter - Bean with name 'refreshEndpoint' has been autodetected for JMX exposure
12956 [main] DEBUG o.s.b.f.s.DefaultListableBeanFactory - Returning cached instance of singleton bean 'restartEndpoint'
12956 [main] INFO  o.s.j.e.a.AnnotationMBeanExporter - Bean with name 'restartEndpoint' has been autodetected for JMX exposure
12957 [main] DEBUG o.s.b.f.s.DefaultListableBeanFactory - Returning cached instance of singleton bean 'environmentManager'
12959 [main] INFO  o.s.j.e.a.AnnotationMBeanExporter - Located managed bean 'environmentManager': registering with JMX server as MBean [org.springframework.cloud.context.environment:name=environmentManager,type=EnvironmentManager]
12973 [main] DEBUG o.s.b.f.s.DefaultListableBeanFactory - Returning cached instance of singleton bean 'restartEndpoint'
12973 [main] INFO  o.s.j.e.a.AnnotationMBeanExporter - Located managed bean 'restartEndpoint': registering with JMX server as MBean [org.springframework.cloud.context.restart:name=restartEndpoint,type=RestartEndpoint]
12987 [main] DEBUG o.s.b.f.s.DefaultListableBeanFactory - Returning cached instance of singleton bean 'refreshScope'
12988 [main] INFO  o.s.j.e.a.AnnotationMBeanExporter - Located managed bean 'refreshScope': registering with JMX server as MBean [org.springframework.cloud.context.scope.refresh:name=refreshScope,type=RefreshScope]
12999 [main] DEBUG o.s.b.f.s.DefaultListableBeanFactory - Returning cached instance of singleton bean 'configurationPropertiesRebinder'
12999 [main] DEBUG o.s.b.f.s.DefaultListableBeanFactory - Returning cached instance of singleton bean 'configurationPropertiesRebinder'
12999 [main] INFO  o.s.j.e.a.AnnotationMBeanExporter - Located managed bean 'configurationPropertiesRebinder': registering with JMX server as MBean [org.springframework.cloud.context.properties:name=configurationPropertiesRebinder,context=555cf22,type=ConfigurationPropertiesRebinder]
13020 [main] DEBUG o.s.b.f.s.DefaultListableBeanFactory - Returning cached instance of singleton bean 'refreshEndpoint'
13021 [main] INFO  o.s.j.e.a.AnnotationMBeanExporter - Located managed bean 'refreshEndpoint': registering with JMX server as MBean [org.springframework.cloud.endpoint:name=refreshEndpoint,type=RefreshEndpoint]
13023 [main] INFO  o.s.b.a.e.jmx.EndpointMBeanExporter - Registering beans for JMX exposure on startup
13024 [main] DEBUG o.s.c.e.PropertySourcesPropertyResolver - Found key 'server.port' in [applicationConfig: [classpath:/application.properties]] with type [String]
13025 [main] DEBUG o.s.w.c.s.StandardServletEnvironment - Adding [Management Server] PropertySource with lowest search precedence
13026 [main] DEBUG o.s.b.f.s.DefaultListableBeanFactory - Returning cached instance of singleton bean 'loggingRebinder'
13026 [main] DEBUG o.s.b.f.s.DefaultListableBeanFactory - Returning cached instance of singleton bean 'configurationPropertiesRebinder'
13026 [main] DEBUG o.s.b.f.s.DefaultListableBeanFactory - Returning cached instance of singleton bean 'org.springframework.cloud.netflix.archaius.ArchaiusAutoConfiguration$PropagateEventsConfiguration'
13028 [main] DEBUG o.s.b.f.s.DefaultListableBeanFactory - Returning cached instance of singleton bean 'endpoints-org.springframework.boot.actuate.endpoint.EndpointProperties'
13028 [main] DEBUG o.s.core.env.MutablePropertySources - Adding [servletConfigInitParams] PropertySource with lowest search precedence
13028 [main] DEBUG o.s.core.env.MutablePropertySources - Adding [servletContextInitParams] PropertySource with lowest search precedence
13028 [main] DEBUG o.s.core.env.MutablePropertySources - Adding [systemProperties] PropertySource with lowest search precedence
13028 [main] DEBUG o.s.core.env.MutablePropertySources - Adding [systemEnvironment] PropertySource with lowest search precedence
13028 [main] DEBUG o.s.core.env.MutablePropertySources - Adding [random] PropertySource with lowest search precedence
13028 [main] DEBUG o.s.core.env.MutablePropertySources - Adding [applicationConfig: [classpath:/application.properties]] PropertySource with lowest search precedence
13028 [main] DEBUG o.s.core.env.MutablePropertySources - Adding [springCloudClientHostInfo] PropertySource with lowest search precedence
13028 [main] DEBUG o.s.core.env.MutablePropertySources - Adding [class path resource [eureka/server.properties]] PropertySource with lowest search precedence
13028 [main] DEBUG o.s.core.env.MutablePropertySources - Adding [defaultProperties] PropertySource with lowest search precedence
13028 [main] DEBUG o.s.core.env.MutablePropertySources - Adding [Management Server] PropertySource with lowest search precedence
13028 [main] DEBUG o.s.core.env.MutablePropertySources - Adding [localProperties] PropertySource with lowest search precedence
13029 [main] DEBUG o.s.core.env.MutablePropertySources - Adding [servletConfigInitParams] PropertySource with lowest search precedence
13029 [main] DEBUG o.s.core.env.MutablePropertySources - Adding [servletContextInitParams] PropertySource with lowest search precedence
13029 [main] DEBUG o.s.core.env.MutablePropertySources - Adding [systemProperties] PropertySource with lowest search precedence
13029 [main] DEBUG o.s.core.env.MutablePropertySources - Adding [systemEnvironment] PropertySource with lowest search precedence
13029 [main] DEBUG o.s.core.env.MutablePropertySources - Adding [random] PropertySource with lowest search precedence
13029 [main] DEBUG o.s.core.env.MutablePropertySources - Adding [applicationConfig: [classpath:/application.properties]] PropertySource with lowest search precedence
13029 [main] DEBUG o.s.core.env.MutablePropertySources - Adding [springCloudClientHostInfo] PropertySource with lowest search precedence
13029 [main] DEBUG o.s.core.env.MutablePropertySources - Adding [class path resource [eureka/server.properties]] PropertySource with lowest search precedence
13029 [main] DEBUG o.s.core.env.MutablePropertySources - Adding [defaultProperties] PropertySource with lowest search precedence
13029 [main] DEBUG o.s.core.env.MutablePropertySources - Adding [Management Server] PropertySource with lowest search precedence
13029 [main] DEBUG o.s.core.env.MutablePropertySources - Adding [localProperties] PropertySource with lowest search precedence
13030 [main] DEBUG o.s.b.f.s.DefaultListableBeanFactory - Returning cached instance of singleton bean 'management.info-org.springframework.boot.actuate.autoconfigure.InfoContributorProperties'
13030 [main] DEBUG o.s.core.env.MutablePropertySources - Adding [servletConfigInitParams] PropertySource with lowest search precedence
13030 [main] DEBUG o.s.core.env.MutablePropertySources - Adding [servletContextInitParams] PropertySource with lowest search precedence
13030 [main] DEBUG o.s.core.env.MutablePropertySources - Adding [systemProperties] PropertySource with lowest search precedence
13030 [main] DEBUG o.s.core.env.MutablePropertySources - Adding [systemEnvironment] PropertySource with lowest search precedence
13030 [main] DEBUG o.s.core.env.MutablePropertySources - Adding [random] PropertySource with lowest search precedence
13030 [main] DEBUG o.s.core.env.MutablePropertySources - Adding [applicationConfig: [classpath:/application.properties]] PropertySource with lowest search precedence
13030 [main] DEBUG o.s.core.env.MutablePropertySources - Adding [springCloudClientHostInfo] PropertySource with lowest search precedence
13030 [main] DEBUG o.s.core.env.MutablePropertySources - Adding [class path resource [eureka/server.properties]] PropertySource with lowest search precedence
13030 [main] DEBUG o.s.core.env.MutablePropertySources - Adding [defaultProperties] PropertySource with lowest search precedence
13030 [main] DEBUG o.s.core.env.MutablePropertySources - Adding [Management Server] PropertySource with lowest search precedence
13030 [main] DEBUG o.s.core.env.MutablePropertySources - Adding [localProperties] PropertySource with lowest search precedence
13031 [main] DEBUG o.s.core.env.MutablePropertySources - Adding [servletConfigInitParams] PropertySource with lowest search precedence
13031 [main] DEBUG o.s.core.env.MutablePropertySources - Adding [servletContextInitParams] PropertySource with lowest search precedence
13031 [main] DEBUG o.s.core.env.MutablePropertySources - Adding [systemProperties] PropertySource with lowest search precedence
13031 [main] DEBUG o.s.core.env.MutablePropertySources - Adding [systemEnvironment] PropertySource with lowest search precedence
13031 [main] DEBUG o.s.core.env.MutablePropertySources - Adding [random] PropertySource with lowest search precedence
13031 [main] DEBUG o.s.core.env.MutablePropertySources - Adding [applicationConfig: [classpath:/application.properties]] PropertySource with lowest search precedence
13031 [main] DEBUG o.s.core.env.MutablePropertySources - Adding [springCloudClientHostInfo] PropertySource with lowest search precedence
13031 [main] DEBUG o.s.core.env.MutablePropertySources - Adding [class path resource [eureka/server.properties]] PropertySource with lowest search precedence
13031 [main] DEBUG o.s.core.env.MutablePropertySources - Adding [defaultProperties] PropertySource with lowest search precedence
13031 [main] DEBUG o.s.core.env.MutablePropertySources - Adding [Management Server] PropertySource with lowest search precedence
13031 [main] DEBUG o.s.core.env.MutablePropertySources - Adding [localProperties] PropertySource with lowest search precedence
13032 [main] DEBUG o.s.b.f.s.DefaultListableBeanFactory - Returning cached instance of singleton bean 'metricsEndpoint'
13032 [main] DEBUG o.s.core.env.MutablePropertySources - Adding [servletConfigInitParams] PropertySource with lowest search precedence
13032 [main] DEBUG o.s.core.env.MutablePropertySources - Adding [servletContextInitParams] PropertySource with lowest search precedence
13032 [main] DEBUG o.s.core.env.MutablePropertySources - Adding [systemProperties] PropertySource with lowest search precedence
13032 [main] DEBUG o.s.core.env.MutablePropertySources - Adding [systemEnvironment] PropertySource with lowest search precedence
13032 [main] DEBUG o.s.core.env.MutablePropertySources - Adding [random] PropertySource with lowest search precedence
13032 [main] DEBUG o.s.core.env.MutablePropertySources - Adding [applicationConfig: [classpath:/application.properties]] PropertySource with lowest search precedence
13032 [main] DEBUG o.s.core.env.MutablePropertySources - Adding [springCloudClientHostInfo] PropertySource with lowest search precedence
13032 [main] DEBUG o.s.core.env.MutablePropertySources - Adding [class path resource [eureka/server.properties]] PropertySource with lowest search precedence
13032 [main] DEBUG o.s.core.env.MutablePropertySources - Adding [defaultProperties] PropertySource with lowest search precedence
13032 [main] DEBUG o.s.core.env.MutablePropertySources - Adding [Management Server] PropertySource with lowest search precedence
13032 [main] DEBUG o.s.core.env.MutablePropertySources - Adding [localProperties] PropertySource with lowest search precedence
13033 [main] DEBUG o.s.core.env.MutablePropertySources - Adding [servletConfigInitParams] PropertySource with lowest search precedence
13033 [main] DEBUG o.s.core.env.MutablePropertySources - Adding [servletContextInitParams] PropertySource with lowest search precedence
13033 [main] DEBUG o.s.core.env.MutablePropertySources - Adding [systemProperties] PropertySource with lowest search precedence
13034 [main] DEBUG o.s.core.env.MutablePropertySources - Adding [systemEnvironment] PropertySource with lowest search precedence
13034 [main] DEBUG o.s.core.env.MutablePropertySources - Adding [random] PropertySource with lowest search precedence
13034 [main] DEBUG o.s.core.env.MutablePropertySources - Adding [applicationConfig: [classpath:/application.properties]] PropertySource with lowest search precedence
13034 [main] DEBUG o.s.core.env.MutablePropertySources - Adding [springCloudClientHostInfo] PropertySource with lowest search precedence
13034 [main] DEBUG o.s.core.env.MutablePropertySources - Adding [class path resource [eureka/server.properties]] PropertySource with lowest search precedence
13034 [main] DEBUG o.s.core.env.MutablePropertySources - Adding [defaultProperties] PropertySource with lowest search precedence
13034 [main] DEBUG o.s.core.env.MutablePropertySources - Adding [Management Server] PropertySource with lowest search precedence
13034 [main] DEBUG o.s.core.env.MutablePropertySources - Adding [localProperties] PropertySource with lowest search precedence
13035 [main] DEBUG o.s.b.f.s.DefaultListableBeanFactory - Returning cached instance of singleton bean 'inetUtilsProperties'
13035 [main] DEBUG o.s.core.env.MutablePropertySources - Adding [servletConfigInitParams] PropertySource with lowest search precedence
13036 [main] DEBUG o.s.core.env.MutablePropertySources - Adding [servletContextInitParams] PropertySource with lowest search precedence
13036 [main] DEBUG o.s.core.env.MutablePropertySources - Adding [systemProperties] PropertySource with lowest search precedence
13036 [main] DEBUG o.s.core.env.MutablePropertySources - Adding [systemEnvironment] PropertySource with lowest search precedence
13036 [main] DEBUG o.s.core.env.MutablePropertySources - Adding [random] PropertySource with lowest search precedence
13036 [main] DEBUG o.s.core.env.MutablePropertySources - Adding [applicationConfig: [classpath:/application.properties]] PropertySource with lowest search precedence
13036 [main] DEBUG o.s.core.env.MutablePropertySources - Adding [springCloudClientHostInfo] PropertySource with lowest search precedence
13036 [main] DEBUG o.s.core.env.MutablePropertySources - Adding [class path resource [eureka/server.properties]] PropertySource with lowest search precedence
13036 [main] DEBUG o.s.core.env.MutablePropertySources - Adding [defaultProperties] PropertySource with lowest search precedence
13036 [main] DEBUG o.s.core.env.MutablePropertySources - Adding [Management Server] PropertySource with lowest search precedence
13036 [main] DEBUG o.s.core.env.MutablePropertySources - Adding [localProperties] PropertySource with lowest search precedence
13037 [main] DEBUG o.s.core.env.MutablePropertySources - Adding [servletConfigInitParams] PropertySource with lowest search precedence
13037 [main] DEBUG o.s.core.env.MutablePropertySources - Adding [servletContextInitParams] PropertySource with lowest search precedence
13037 [main] DEBUG o.s.core.env.MutablePropertySources - Adding [systemProperties] PropertySource with lowest search precedence
13037 [main] DEBUG o.s.core.env.MutablePropertySources - Adding [systemEnvironment] PropertySource with lowest search precedence
13037 [main] DEBUG o.s.core.env.MutablePropertySources - Adding [random] PropertySource with lowest search precedence
13037 [main] DEBUG o.s.core.env.MutablePropertySources - Adding [applicationConfig: [classpath:/application.properties]] PropertySource with lowest search precedence
13037 [main] DEBUG o.s.core.env.MutablePropertySources - Adding [springCloudClientHostInfo] PropertySource with lowest search precedence
13037 [main] DEBUG o.s.core.env.MutablePropertySources - Adding [class path resource [eureka/server.properties]] PropertySource with lowest search precedence
13037 [main] DEBUG o.s.core.env.MutablePropertySources - Adding [defaultProperties] PropertySource with lowest search precedence
13037 [main] DEBUG o.s.core.env.MutablePropertySources - Adding [Management Server] PropertySource with lowest search precedence
13037 [main] DEBUG o.s.core.env.MutablePropertySources - Adding [localProperties] PropertySource with lowest search precedence
13038 [main] DEBUG o.s.b.f.s.DefaultListableBeanFactory - Returning cached instance of singleton bean 'spring.freemarker-org.springframework.boot.autoconfigure.freemarker.FreeMarkerProperties'
13040 [main] DEBUG o.s.core.env.MutablePropertySources - Adding [servletConfigInitParams] PropertySource with lowest search precedence
13040 [main] DEBUG o.s.core.env.MutablePropertySources - Adding [servletContextInitParams] PropertySource with lowest search precedence
13040 [main] DEBUG o.s.core.env.MutablePropertySources - Adding [systemProperties] PropertySource with lowest search precedence
13040 [main] DEBUG o.s.core.env.MutablePropertySources - Adding [systemEnvironment] PropertySource with lowest search precedence
13040 [main] DEBUG o.s.core.env.MutablePropertySources - Adding [random] PropertySource with lowest search precedence
13040 [main] DEBUG o.s.core.env.MutablePropertySources - Adding [applicationConfig: [classpath:/application.properties]] PropertySource with lowest search precedence
13040 [main] DEBUG o.s.core.env.MutablePropertySources - Adding [springCloudClientHostInfo] PropertySource with lowest search precedence
13040 [main] DEBUG o.s.core.env.MutablePropertySources - Adding [class path resource [eureka/server.properties]] PropertySource with lowest search precedence
13040 [main] DEBUG o.s.core.env.MutablePropertySources - Adding [defaultProperties] PropertySource with lowest search precedence
13040 [main] DEBUG o.s.core.env.MutablePropertySources - Adding [Management Server] PropertySource with lowest search precedence
13040 [main] DEBUG o.s.core.env.MutablePropertySources - Adding [localProperties] PropertySource with lowest search precedence
13045 [main] DEBUG o.s.core.env.MutablePropertySources - Adding [servletConfigInitParams] PropertySource with lowest search precedence
13045 [main] DEBUG o.s.core.env.MutablePropertySources - Adding [servletContextInitParams] PropertySource with lowest search precedence
13045 [main] DEBUG o.s.core.env.MutablePropertySources - Adding [systemProperties] PropertySource with lowest search precedence
13045 [main] DEBUG o.s.core.env.MutablePropertySources - Adding [systemEnvironment] PropertySource with lowest search precedence
13045 [main] DEBUG o.s.core.env.MutablePropertySources - Adding [random] PropertySource with lowest search precedence
13045 [main] DEBUG o.s.core.env.MutablePropertySources - Adding [applicationConfig: [classpath:/application.properties]] PropertySource with lowest search precedence
13045 [main] DEBUG o.s.core.env.MutablePropertySources - Adding [springCloudClientHostInfo] PropertySource with lowest search precedence
13045 [main] DEBUG o.s.core.env.MutablePropertySources - Adding [class path resource [eureka/server.properties]] PropertySource with lowest search precedence
13045 [main] DEBUG o.s.core.env.MutablePropertySources - Adding [defaultProperties] PropertySource with lowest search precedence
13045 [main] DEBUG o.s.core.env.MutablePropertySources - Adding [Management Server] PropertySource with lowest search precedence
13045 [main] DEBUG o.s.core.env.MutablePropertySources - Adding [localProperties] PropertySource with lowest search precedence
13049 [main] DEBUG o.s.b.f.s.DefaultListableBeanFactory - Returning cached instance of singleton bean 'spring.jackson-org.springframework.boot.autoconfigure.jackson.JacksonProperties'
13050 [main] DEBUG o.s.core.env.MutablePropertySources - Adding [servletConfigInitParams] PropertySource with lowest search precedence
13050 [main] DEBUG o.s.core.env.MutablePropertySources - Adding [servletContextInitParams] PropertySource with lowest search precedence
13050 [main] DEBUG o.s.core.env.MutablePropertySources - Adding [systemProperties] PropertySource with lowest search precedence
13050 [main] DEBUG o.s.core.env.MutablePropertySources - Adding [systemEnvironment] PropertySource with lowest search precedence
13050 [main] DEBUG o.s.core.env.MutablePropertySources - Adding [random] PropertySource with lowest search precedence
13050 [main] DEBUG o.s.core.env.MutablePropertySources - Adding [applicationConfig: [classpath:/application.properties]] PropertySource with lowest search precedence
13050 [main] DEBUG o.s.core.env.MutablePropertySources - Adding [springCloudClientHostInfo] PropertySource with lowest search precedence
13050 [main] DEBUG o.s.core.env.MutablePropertySources - Adding [class path resource [eureka/server.properties]] PropertySource with lowest search precedence
13050 [main] DEBUG o.s.core.env.MutablePropertySources - Adding [defaultProperties] PropertySource with lowest search precedence
13050 [main] DEBUG o.s.core.env.MutablePropertySources - Adding [Management Server] PropertySource with lowest search precedence
13050 [main] DEBUG o.s.core.env.MutablePropertySources - Adding [localProperties] PropertySource with lowest search precedence
13053 [main] DEBUG o.s.core.env.MutablePropertySources - Adding [servletConfigInitParams] PropertySource with lowest search precedence
13053 [main] DEBUG o.s.core.env.MutablePropertySources - Adding [servletContextInitParams] PropertySource with lowest search precedence
13053 [main] DEBUG o.s.core.env.MutablePropertySources - Adding [systemProperties] PropertySource with lowest search precedence
13054 [main] DEBUG o.s.core.env.MutablePropertySources - Adding [systemEnvironment] PropertySource with lowest search precedence
13054 [main] DEBUG o.s.core.env.MutablePropertySources - Adding [random] PropertySource with lowest search precedence
13054 [main] DEBUG o.s.core.env.MutablePropertySources - Adding [applicationConfig: [classpath:/application.properties]] PropertySource with lowest search precedence
13054 [main] DEBUG o.s.core.env.MutablePropertySources - Adding [springCloudClientHostInfo] PropertySource with lowest search precedence
13054 [main] DEBUG o.s.core.env.MutablePropertySources - Adding [class path resource [eureka/server.properties]] PropertySource with lowest search precedence
13054 [main] DEBUG o.s.core.env.MutablePropertySources - Adding [defaultProperties] PropertySource with lowest search precedence
13054 [main] DEBUG o.s.core.env.MutablePropertySources - Adding [Management Server] PropertySource with lowest search precedence
13054 [main] DEBUG o.s.core.env.MutablePropertySources - Adding [localProperties] PropertySource with lowest search precedence
13056 [main] DEBUG o.s.b.f.s.DefaultListableBeanFactory - Returning cached instance of singleton bean 'endpoints.cors-org.springframework.boot.actuate.autoconfigure.EndpointCorsProperties'
13057 [main] DEBUG o.s.core.env.MutablePropertySources - Adding [servletConfigInitParams] PropertySource with lowest search precedence
13057 [main] DEBUG o.s.core.env.MutablePropertySources - Adding [servletContextInitParams] PropertySource with lowest search precedence
13057 [main] DEBUG o.s.core.env.MutablePropertySources - Adding [systemProperties] PropertySource with lowest search precedence
13057 [main] DEBUG o.s.core.env.MutablePropertySources - Adding [systemEnvironment] PropertySource with lowest search precedence
13057 [main] DEBUG o.s.core.env.MutablePropertySources - Adding [random] PropertySource with lowest search precedence
13057 [main] DEBUG o.s.core.env.MutablePropertySources - Adding [applicationConfig: [classpath:/application.properties]] PropertySource with lowest search precedence
13057 [main] DEBUG o.s.core.env.MutablePropertySources - Adding [springCloudClientHostInfo] PropertySource with lowest search precedence
13057 [main] DEBUG o.s.core.env.MutablePropertySources - Adding [class path resource [eureka/server.properties]] PropertySource with lowest search precedence
13057 [main] DEBUG o.s.core.env.MutablePropertySources - Adding [defaultProperties] PropertySource with lowest search precedence
13057 [main] DEBUG o.s.core.env.MutablePropertySources - Adding [Management Server] PropertySource with lowest search precedence
13057 [main] DEBUG o.s.core.env.MutablePropertySources - Adding [localProperties] PropertySource with lowest search precedence
13060 [main] DEBUG o.s.core.env.MutablePropertySources - Adding [servletConfigInitParams] PropertySource with lowest search precedence
13060 [main] DEBUG o.s.core.env.MutablePropertySources - Adding [servletContextInitParams] PropertySource with lowest search precedence
13060 [main] DEBUG o.s.core.env.MutablePropertySources - Adding [systemProperties] PropertySource with lowest search precedence
13060 [main] DEBUG o.s.core.env.MutablePropertySources - Adding [systemEnvironment] PropertySource with lowest search precedence
13060 [main] DEBUG o.s.core.env.MutablePropertySources - Adding [random] PropertySource with lowest search precedence
13060 [main] DEBUG o.s.core.env.MutablePropertySources - Adding [applicationConfig: [classpath:/application.properties]] PropertySource with lowest search precedence
13060 [main] DEBUG o.s.core.env.MutablePropertySources - Adding [springCloudClientHostInfo] PropertySource with lowest search precedence
13060 [main] DEBUG o.s.core.env.MutablePropertySources - Adding [class path resource [eureka/server.properties]] PropertySource with lowest search precedence
13060 [main] DEBUG o.s.core.env.MutablePropertySources - Adding [defaultProperties] PropertySource with lowest search precedence
13060 [main] DEBUG o.s.core.env.MutablePropertySources - Adding [Management Server] PropertySource with lowest search precedence
13060 [main] DEBUG o.s.core.env.MutablePropertySources - Adding [localProperties] PropertySource with lowest search precedence
13062 [main] DEBUG o.s.b.f.s.DefaultListableBeanFactory - Returning cached instance of singleton bean 'heapdumpMvcEndpoint'
13063 [main] DEBUG o.s.core.env.MutablePropertySources - Adding [servletConfigInitParams] PropertySource with lowest search precedence
13063 [main] DEBUG o.s.core.env.MutablePropertySources - Adding [servletContextInitParams] PropertySource with lowest search precedence
13063 [main] DEBUG o.s.core.env.MutablePropertySources - Adding [systemProperties] PropertySource with lowest search precedence
13063 [main] DEBUG o.s.core.env.MutablePropertySources - Adding [systemEnvironment] PropertySource with lowest search precedence
13063 [main] DEBUG o.s.core.env.MutablePropertySources - Adding [random] PropertySource with lowest search precedence
13063 [main] DEBUG o.s.core.env.MutablePropertySources - Adding [applicationConfig: [classpath:/application.properties]] PropertySource with lowest search precedence
13063 [main] DEBUG o.s.core.env.MutablePropertySources - Adding [springCloudClientHostInfo] PropertySource with lowest search precedence
13063 [main] DEBUG o.s.core.env.MutablePropertySources - Adding [class path resource [eureka/server.properties]] PropertySource with lowest search precedence
13063 [main] DEBUG o.s.core.env.MutablePropertySources - Adding [defaultProperties] PropertySource with lowest search precedence
13063 [main] DEBUG o.s.core.env.MutablePropertySources - Adding [Management Server] PropertySource with lowest search precedence
13063 [main] DEBUG o.s.core.env.MutablePropertySources - Adding [localProperties] PropertySource with lowest search precedence
13064 [main] DEBUG o.s.core.env.MutablePropertySources - Adding [servletConfigInitParams] PropertySource with lowest search precedence
13064 [main] DEBUG o.s.core.env.MutablePropertySources - Adding [servletContextInitParams] PropertySource with lowest search precedence
13064 [main] DEBUG o.s.core.env.MutablePropertySources - Adding [systemProperties] PropertySource with lowest search precedence
13064 [main] DEBUG o.s.core.env.MutablePropertySources - Adding [systemEnvironment] PropertySource with lowest search precedence
13065 [main] DEBUG o.s.core.env.MutablePropertySources - Adding [random] PropertySource with lowest search precedence
13065 [main] DEBUG o.s.core.env.MutablePropertySources - Adding [applicationConfig: [classpath:/application.properties]] PropertySource with lowest search precedence
13065 [main] DEBUG o.s.core.env.MutablePropertySources - Adding [springCloudClientHostInfo] PropertySource with lowest search precedence
13065 [main] DEBUG o.s.core.env.MutablePropertySources - Adding [class path resource [eureka/server.properties]] PropertySource with lowest search precedence
13065 [main] DEBUG o.s.core.env.MutablePropertySources - Adding [defaultProperties] PropertySource with lowest search precedence
13065 [main] DEBUG o.s.core.env.MutablePropertySources - Adding [Management Server] PropertySource with lowest search precedence
13065 [main] DEBUG o.s.core.env.MutablePropertySources - Adding [localProperties] PropertySource with lowest search precedence
13066 [main] DEBUG o.s.b.f.s.DefaultListableBeanFactory - Returning cached instance of singleton bean 'featuresEndpoint'
13067 [main] DEBUG o.s.core.env.MutablePropertySources - Adding [servletConfigInitParams] PropertySource with lowest search precedence
13067 [main] DEBUG o.s.core.env.MutablePropertySources - Adding [servletContextInitParams] PropertySource with lowest search precedence
13067 [main] DEBUG o.s.core.env.MutablePropertySources - Adding [systemProperties] PropertySource with lowest search precedence
13067 [main] DEBUG o.s.core.env.MutablePropertySources - Adding [systemEnvironment] PropertySource with lowest search precedence
13067 [main] DEBUG o.s.core.env.MutablePropertySources - Adding [random] PropertySource with lowest search precedence
13067 [main] DEBUG o.s.core.env.MutablePropertySources - Adding [applicationConfig: [classpath:/application.properties]] PropertySource with lowest search precedence
13067 [main] DEBUG o.s.core.env.MutablePropertySources - Adding [springCloudClientHostInfo] PropertySource with lowest search precedence
13067 [main] DEBUG o.s.core.env.MutablePropertySources - Adding [class path resource [eureka/server.properties]] PropertySource with lowest search precedence
13067 [main] DEBUG o.s.core.env.MutablePropertySources - Adding [defaultProperties] PropertySource with lowest search precedence
13067 [main] DEBUG o.s.core.env.MutablePropertySources - Adding [Management Server] PropertySource with lowest search precedence
13067 [main] DEBUG o.s.core.env.MutablePropertySources - Adding [localProperties] PropertySource with lowest search precedence
13068 [main] DEBUG o.s.core.env.MutablePropertySources - Adding [servletConfigInitParams] PropertySource with lowest search precedence
13068 [main] DEBUG o.s.core.env.MutablePropertySources - Adding [servletContextInitParams] PropertySource with lowest search precedence
13068 [main] DEBUG o.s.core.env.MutablePropertySources - Adding [systemProperties] PropertySource with lowest search precedence
13068 [main] DEBUG o.s.core.env.MutablePropertySources - Adding [systemEnvironment] PropertySource with lowest search precedence
13068 [main] DEBUG o.s.core.env.MutablePropertySources - Adding [random] PropertySource with lowest search precedence
13068 [main] DEBUG o.s.core.env.MutablePropertySources - Adding [applicationConfig: [classpath:/application.properties]] PropertySource with lowest search precedence
13068 [main] DEBUG o.s.core.env.MutablePropertySources - Adding [springCloudClientHostInfo] PropertySource with lowest search precedence
13068 [main] DEBUG o.s.core.env.MutablePropertySources - Adding [class path resource [eureka/server.properties]] PropertySource with lowest search precedence
13068 [main] DEBUG o.s.core.env.MutablePropertySources - Adding [defaultProperties] PropertySource with lowest search precedence
13068 [main] DEBUG o.s.core.env.MutablePropertySources - Adding [Management Server] PropertySource with lowest search precedence
13068 [main] DEBUG o.s.core.env.MutablePropertySources - Adding [localProperties] PropertySource with lowest search precedence
13069 [main] DEBUG o.s.b.f.s.DefaultListableBeanFactory - Returning cached instance of singleton bean 'environmentMvcEndpoint'
13069 [main] DEBUG o.s.core.env.MutablePropertySources - Adding [servletConfigInitParams] PropertySource with lowest search precedence
13069 [main] DEBUG o.s.core.env.MutablePropertySources - Adding [servletContextInitParams] PropertySource with lowest search precedence
13069 [main] DEBUG o.s.core.env.MutablePropertySources - Adding [systemProperties] PropertySource with lowest search precedence
13069 [main] DEBUG o.s.core.env.MutablePropertySources - Adding [systemEnvironment] PropertySource with lowest search precedence
13069 [main] DEBUG o.s.core.env.MutablePropertySources - Adding [random] PropertySource with lowest search precedence
13069 [main] DEBUG o.s.core.env.MutablePropertySources - Adding [applicationConfig: [classpath:/application.properties]] PropertySource with lowest search precedence
13069 [main] DEBUG o.s.core.env.MutablePropertySources - Adding [springCloudClientHostInfo] PropertySource with lowest search precedence
13069 [main] DEBUG o.s.core.env.MutablePropertySources - Adding [class path resource [eureka/server.properties]] PropertySource with lowest search precedence
13069 [main] DEBUG o.s.core.env.MutablePropertySources - Adding [defaultProperties] PropertySource with lowest search precedence
13069 [main] DEBUG o.s.core.env.MutablePropertySources - Adding [Management Server] PropertySource with lowest search precedence
13069 [main] DEBUG o.s.core.env.MutablePropertySources - Adding [localProperties] PropertySource with lowest search precedence
13071 [main] DEBUG o.s.core.env.MutablePropertySources - Adding [servletConfigInitParams] PropertySource with lowest search precedence
13071 [main] DEBUG o.s.core.env.MutablePropertySources - Adding [servletContextInitParams] PropertySource with lowest search precedence
13071 [main] DEBUG o.s.core.env.MutablePropertySources - Adding [systemProperties] PropertySource with lowest search precedence
13071 [main] DEBUG o.s.core.env.MutablePropertySources - Adding [systemEnvironment] PropertySource with lowest search precedence
13071 [main] DEBUG o.s.core.env.MutablePropertySources - Adding [random] PropertySource with lowest search precedence
13071 [main] DEBUG o.s.core.env.MutablePropertySources - Adding [applicationConfig: [classpath:/application.properties]] PropertySource with lowest search precedence
13071 [main] DEBUG o.s.core.env.MutablePropertySources - Adding [springCloudClientHostInfo] PropertySource with lowest search precedence
13071 [main] DEBUG o.s.core.env.MutablePropertySources - Adding [class path resource [eureka/server.properties]] PropertySource with lowest search precedence
13071 [main] DEBUG o.s.core.env.MutablePropertySources - Adding [defaultProperties] PropertySource with lowest search precedence
13071 [main] DEBUG o.s.core.env.MutablePropertySources - Adding [Management Server] PropertySource with lowest search precedence
13071 [main] DEBUG o.s.core.env.MutablePropertySources - Adding [localProperties] PropertySource with lowest search precedence
13072 [main] DEBUG o.s.b.f.s.DefaultListableBeanFactory - Returning cached instance of singleton bean 'spring.http.multipart-org.springframework.boot.autoconfigure.web.MultipartProperties'
13073 [main] DEBUG o.s.core.env.MutablePropertySources - Adding [servletConfigInitParams] PropertySource with lowest search precedence
13073 [main] DEBUG o.s.core.env.MutablePropertySources - Adding [servletContextInitParams] PropertySource with lowest search precedence
13073 [main] DEBUG o.s.core.env.MutablePropertySources - Adding [systemProperties] PropertySource with lowest search precedence
13073 [main] DEBUG o.s.core.env.MutablePropertySources - Adding [systemEnvironment] PropertySource with lowest search precedence
13073 [main] DEBUG o.s.core.env.MutablePropertySources - Adding [random] PropertySource with lowest search precedence
13073 [main] DEBUG o.s.core.env.MutablePropertySources - Adding [applicationConfig: [classpath:/application.properties]] PropertySource with lowest search precedence
13073 [main] DEBUG o.s.core.env.MutablePropertySources - Adding [springCloudClientHostInfo] PropertySource with lowest search precedence
13073 [main] DEBUG o.s.core.env.MutablePropertySources - Adding [class path resource [eureka/server.properties]] PropertySource with lowest search precedence
13073 [main] DEBUG o.s.core.env.MutablePropertySources - Adding [defaultProperties] PropertySource with lowest search precedence
13073 [main] DEBUG o.s.core.env.MutablePropertySources - Adding [Management Server] PropertySource with lowest search precedence
13073 [main] DEBUG o.s.core.env.MutablePropertySources - Adding [localProperties] PropertySource with lowest search precedence
13074 [main] DEBUG o.s.core.env.MutablePropertySources - Adding [servletConfigInitParams] PropertySource with lowest search precedence
13074 [main] DEBUG o.s.core.env.MutablePropertySources - Adding [servletContextInitParams] PropertySource with lowest search precedence
13074 [main] DEBUG o.s.core.env.MutablePropertySources - Adding [systemProperties] PropertySource with lowest search precedence
13074 [main] DEBUG o.s.core.env.MutablePropertySources - Adding [systemEnvironment] PropertySource with lowest search precedence
13074 [main] DEBUG o.s.core.env.MutablePropertySources - Adding [random] PropertySource with lowest search precedence
13074 [main] DEBUG o.s.core.env.MutablePropertySources - Adding [applicationConfig: [classpath:/application.properties]] PropertySource with lowest search precedence
13074 [main] DEBUG o.s.core.env.MutablePropertySources - Adding [springCloudClientHostInfo] PropertySource with lowest search precedence
13074 [main] DEBUG o.s.core.env.MutablePropertySources - Adding [class path resource [eureka/server.properties]] PropertySource with lowest search precedence
13074 [main] DEBUG o.s.core.env.MutablePropertySources - Adding [defaultProperties] PropertySource with lowest search precedence
13074 [main] DEBUG o.s.core.env.MutablePropertySources - Adding [Management Server] PropertySource with lowest search precedence
13074 [main] DEBUG o.s.core.env.MutablePropertySources - Adding [localProperties] PropertySource with lowest search precedence
13074 [main] DEBUG o.s.b.f.s.DefaultListableBeanFactory - Returning cached instance of singleton bean 'environmentEndpoint'
13075 [main] DEBUG o.s.core.env.MutablePropertySources - Adding [servletConfigInitParams] PropertySource with lowest search precedence
13075 [main] DEBUG o.s.core.env.MutablePropertySources - Adding [servletContextInitParams] PropertySource with lowest search precedence
13075 [main] DEBUG o.s.core.env.MutablePropertySources - Adding [systemProperties] PropertySource with lowest search precedence
13075 [main] DEBUG o.s.core.env.MutablePropertySources - Adding [systemEnvironment] PropertySource with lowest search precedence
13075 [main] DEBUG o.s.core.env.MutablePropertySources - Adding [random] PropertySource with lowest search precedence
13075 [main] DEBUG o.s.core.env.MutablePropertySources - Adding [applicationConfig: [classpath:/application.properties]] PropertySource with lowest search precedence
13075 [main] DEBUG o.s.core.env.MutablePropertySources - Adding [springCloudClientHostInfo] PropertySource with lowest search precedence
13075 [main] DEBUG o.s.core.env.MutablePropertySources - Adding [class path resource [eureka/server.properties]] PropertySource with lowest search precedence
13075 [main] DEBUG o.s.core.env.MutablePropertySources - Adding [defaultProperties] PropertySource with lowest search precedence
13075 [main] DEBUG o.s.core.env.MutablePropertySources - Adding [Management Server] PropertySource with lowest search precedence
13075 [main] DEBUG o.s.core.env.MutablePropertySources - Adding [localProperties] PropertySource with lowest search precedence
13077 [main] DEBUG o.s.core.env.MutablePropertySources - Adding [servletConfigInitParams] PropertySource with lowest search precedence
13077 [main] DEBUG o.s.core.env.MutablePropertySources - Adding [servletContextInitParams] PropertySource with lowest search precedence
13077 [main] DEBUG o.s.core.env.MutablePropertySources - Adding [systemProperties] PropertySource with lowest search precedence
13077 [main] DEBUG o.s.core.env.MutablePropertySources - Adding [systemEnvironment] PropertySource with lowest search precedence
13077 [main] DEBUG o.s.core.env.MutablePropertySources - Adding [random] PropertySource with lowest search precedence
13077 [main] DEBUG o.s.core.env.MutablePropertySources - Adding [applicationConfig: [classpath:/application.properties]] PropertySource with lowest search precedence
13077 [main] DEBUG o.s.core.env.MutablePropertySources - Adding [springCloudClientHostInfo] PropertySource with lowest search precedence
13077 [main] DEBUG o.s.core.env.MutablePropertySources - Adding [class path resource [eureka/server.properties]] PropertySource with lowest search precedence
13077 [main] DEBUG o.s.core.env.MutablePropertySources - Adding [defaultProperties] PropertySource with lowest search precedence
13077 [main] DEBUG o.s.core.env.MutablePropertySources - Adding [Management Server] PropertySource with lowest search precedence
13077 [main] DEBUG o.s.core.env.MutablePropertySources - Adding [localProperties] PropertySource with lowest search precedence
13078 [main] DEBUG o.s.b.f.s.DefaultListableBeanFactory - Returning cached instance of singleton bean 'resumeEndpoint'
13079 [main] DEBUG o.s.core.env.MutablePropertySources - Adding [servletConfigInitParams] PropertySource with lowest search precedence
13079 [main] DEBUG o.s.core.env.MutablePropertySources - Adding [servletContextInitParams] PropertySource with lowest search precedence
13079 [main] DEBUG o.s.core.env.MutablePropertySources - Adding [systemProperties] PropertySource with lowest search precedence
13079 [main] DEBUG o.s.core.env.MutablePropertySources - Adding [systemEnvironment] PropertySource with lowest search precedence
13079 [main] DEBUG o.s.core.env.MutablePropertySources - Adding [random] PropertySource with lowest search precedence
13079 [main] DEBUG o.s.core.env.MutablePropertySources - Adding [applicationConfig: [classpath:/application.properties]] PropertySource with lowest search precedence
13079 [main] DEBUG o.s.core.env.MutablePropertySources - Adding [springCloudClientHostInfo] PropertySource with lowest search precedence
13079 [main] DEBUG o.s.core.env.MutablePropertySources - Adding [class path resource [eureka/server.properties]] PropertySource with lowest search precedence
13079 [main] DEBUG o.s.core.env.MutablePropertySources - Adding [defaultProperties] PropertySource with lowest search precedence
13079 [main] DEBUG o.s.core.env.MutablePropertySources - Adding [Management Server] PropertySource with lowest search precedence
13079 [main] DEBUG o.s.core.env.MutablePropertySources - Adding [localProperties] PropertySource with lowest search precedence
13080 [main] DEBUG o.s.core.env.MutablePropertySources - Adding [servletConfigInitParams] PropertySource with lowest search precedence
13080 [main] DEBUG o.s.core.env.MutablePropertySources - Adding [servletContextInitParams] PropertySource with lowest search precedence
13080 [main] DEBUG o.s.core.env.MutablePropertySources - Adding [systemProperties] PropertySource with lowest search precedence
13080 [main] DEBUG o.s.core.env.MutablePropertySources - Adding [systemEnvironment] PropertySource with lowest search precedence
13080 [main] DEBUG o.s.core.env.MutablePropertySources - Adding [random] PropertySource with lowest search precedence
13080 [main] DEBUG o.s.core.env.MutablePropertySources - Adding [applicationConfig: [classpath:/application.properties]] PropertySource with lowest search precedence
13080 [main] DEBUG o.s.core.env.MutablePropertySources - Adding [springCloudClientHostInfo] PropertySource with lowest search precedence
13080 [main] DEBUG o.s.core.env.MutablePropertySources - Adding [class path resource [eureka/server.properties]] PropertySource with lowest search precedence
13080 [main] DEBUG o.s.core.env.MutablePropertySources - Adding [defaultProperties] PropertySource with lowest search precedence
13080 [main] DEBUG o.s.core.env.MutablePropertySources - Adding [Management Server] PropertySource with lowest search precedence
13080 [main] DEBUG o.s.core.env.MutablePropertySources - Adding [localProperties] PropertySource with lowest search precedence
13081 [main] DEBUG o.s.b.f.s.DefaultListableBeanFactory - Returning cached instance of singleton bean 'spring.info-org.springframework.boot.autoconfigure.info.ProjectInfoProperties'
13082 [main] DEBUG o.s.core.env.MutablePropertySources - Adding [servletConfigInitParams] PropertySource with lowest search precedence
13082 [main] DEBUG o.s.core.env.MutablePropertySources - Adding [servletContextInitParams] PropertySource with lowest search precedence
13082 [main] DEBUG o.s.core.env.MutablePropertySources - Adding [systemProperties] PropertySource with lowest search precedence
13082 [main] DEBUG o.s.core.env.MutablePropertySources - Adding [systemEnvironment] PropertySource with lowest search precedence
13082 [main] DEBUG o.s.core.env.MutablePropertySources - Adding [random] PropertySource with lowest search precedence
13082 [main] DEBUG o.s.core.env.MutablePropertySources - Adding [applicationConfig: [classpath:/application.properties]] PropertySource with lowest search precedence
13082 [main] DEBUG o.s.core.env.MutablePropertySources - Adding [springCloudClientHostInfo] PropertySource with lowest search precedence
13082 [main] DEBUG o.s.core.env.MutablePropertySources - Adding [class path resource [eureka/server.properties]] PropertySource with lowest search precedence
13082 [main] DEBUG o.s.core.env.MutablePropertySources - Adding [defaultProperties] PropertySource with lowest search precedence
13082 [main] DEBUG o.s.core.env.MutablePropertySources - Adding [Management Server] PropertySource with lowest search precedence
13082 [main] DEBUG o.s.core.env.MutablePropertySources - Adding [localProperties] PropertySource with lowest search precedence
13082 [main] DEBUG o.s.core.env.MutablePropertySources - Adding [servletConfigInitParams] PropertySource with lowest search precedence
13082 [main] DEBUG o.s.core.env.MutablePropertySources - Adding [servletContextInitParams] PropertySource with lowest search precedence
13082 [main] DEBUG o.s.core.env.MutablePropertySources - Adding [systemProperties] PropertySource with lowest search precedence
13082 [main] DEBUG o.s.core.env.MutablePropertySources - Adding [systemEnvironment] PropertySource with lowest search precedence
13082 [main] DEBUG o.s.core.env.MutablePropertySources - Adding [random] PropertySource with lowest search precedence
13082 [main] DEBUG o.s.core.env.MutablePropertySources - Adding [applicationConfig: [classpath:/application.properties]] PropertySource with lowest search precedence
13082 [main] DEBUG o.s.core.env.MutablePropertySources - Adding [springCloudClientHostInfo] PropertySource with lowest search precedence
13083 [main] DEBUG o.s.core.env.MutablePropertySources - Adding [class path resource [eureka/server.properties]] PropertySource with lowest search precedence
13083 [main] DEBUG o.s.core.env.MutablePropertySources - Adding [defaultProperties] PropertySource with lowest search precedence
13083 [main] DEBUG o.s.core.env.MutablePropertySources - Adding [Management Server] PropertySource with lowest search precedence
13083 [main] DEBUG o.s.core.env.MutablePropertySources - Adding [localProperties] PropertySource with lowest search precedence
13083 [main] DEBUG o.s.b.f.s.DefaultListableBeanFactory - Returning cached instance of singleton bean 'traceEndpoint'
13083 [main] DEBUG o.s.core.env.MutablePropertySources - Adding [servletConfigInitParams] PropertySource with lowest search precedence
13083 [main] DEBUG o.s.core.env.MutablePropertySources - Adding [servletContextInitParams] PropertySource with lowest search precedence
13084 [main] DEBUG o.s.core.env.MutablePropertySources - Adding [systemProperties] PropertySource with lowest search precedence
13084 [main] DEBUG o.s.core.env.MutablePropertySources - Adding [systemEnvironment] PropertySource with lowest search precedence
13084 [main] DEBUG o.s.core.env.MutablePropertySources - Adding [random] PropertySource with lowest search precedence
13084 [main] DEBUG o.s.core.env.MutablePropertySources - Adding [applicationConfig: [classpath:/application.properties]] PropertySource with lowest search precedence
13084 [main] DEBUG o.s.core.env.MutablePropertySources - Adding [springCloudClientHostInfo] PropertySource with lowest search precedence
13084 [main] DEBUG o.s.core.env.MutablePropertySources - Adding [class path resource [eureka/server.properties]] PropertySource with lowest search precedence
13084 [main] DEBUG o.s.core.env.MutablePropertySources - Adding [defaultProperties] PropertySource with lowest search precedence
13084 [main] DEBUG o.s.core.env.MutablePropertySources - Adding [Management Server] PropertySource with lowest search precedence
13084 [main] DEBUG o.s.core.env.MutablePropertySources - Adding [localProperties] PropertySource with lowest search precedence
13085 [main] DEBUG o.s.core.env.MutablePropertySources - Adding [servletConfigInitParams] PropertySource with lowest search precedence
13085 [main] DEBUG o.s.core.env.MutablePropertySources - Adding [servletContextInitParams] PropertySource with lowest search precedence
13085 [main] DEBUG o.s.core.env.MutablePropertySources - Adding [systemProperties] PropertySource with lowest search precedence
13085 [main] DEBUG o.s.core.env.MutablePropertySources - Adding [systemEnvironment] PropertySource with lowest search precedence
13085 [main] DEBUG o.s.core.env.MutablePropertySources - Adding [random] PropertySource with lowest search precedence
13085 [main] DEBUG o.s.core.env.MutablePropertySources - Adding [applicationConfig: [classpath:/application.properties]] PropertySource with lowest search precedence
13085 [main] DEBUG o.s.core.env.MutablePropertySources - Adding [springCloudClientHostInfo] PropertySource with lowest search precedence
13085 [main] DEBUG o.s.core.env.MutablePropertySources - Adding [class path resource [eureka/server.properties]] PropertySource with lowest search precedence
13085 [main] DEBUG o.s.core.env.MutablePropertySources - Adding [defaultProperties] PropertySource with lowest search precedence
13085 [main] DEBUG o.s.core.env.MutablePropertySources - Adding [Management Server] PropertySource with lowest search precedence
13085 [main] DEBUG o.s.core.env.MutablePropertySources - Adding [localProperties] PropertySource with lowest search precedence
13086 [main] DEBUG o.s.b.f.s.DefaultListableBeanFactory - Returning cached instance of singleton bean 'metricsMvcEndpoint'
13086 [main] DEBUG o.s.core.env.MutablePropertySources - Adding [servletConfigInitParams] PropertySource with lowest search precedence
13086 [main] DEBUG o.s.core.env.MutablePropertySources - Adding [servletContextInitParams] PropertySource with lowest search precedence
13086 [main] DEBUG o.s.core.env.MutablePropertySources - Adding [systemProperties] PropertySource with lowest search precedence
13086 [main] DEBUG o.s.core.env.MutablePropertySources - Adding [systemEnvironment] PropertySource with lowest search precedence
13086 [main] DEBUG o.s.core.env.MutablePropertySources - Adding [random] PropertySource with lowest search precedence
13086 [main] DEBUG o.s.core.env.MutablePropertySources - Adding [applicationConfig: [classpath:/application.properties]] PropertySource with lowest search precedence
13086 [main] DEBUG o.s.core.env.MutablePropertySources - Adding [springCloudClientHostInfo] PropertySource with lowest search precedence
13086 [main] DEBUG o.s.core.env.MutablePropertySources - Adding [class path resource [eureka/server.properties]] PropertySource with lowest search precedence
13086 [main] DEBUG o.s.core.env.MutablePropertySources - Adding [defaultProperties] PropertySource with lowest search precedence
13086 [main] DEBUG o.s.core.env.MutablePropertySources - Adding [Management Server] PropertySource with lowest search precedence
13086 [main] DEBUG o.s.core.env.MutablePropertySources - Adding [localProperties] PropertySource with lowest search precedence
13087 [main] DEBUG o.s.core.env.MutablePropertySources - Adding [servletConfigInitParams] PropertySource with lowest search precedence
13088 [main] DEBUG o.s.core.env.MutablePropertySources - Adding [servletContextInitParams] PropertySource with lowest search precedence
13088 [main] DEBUG o.s.core.env.MutablePropertySources - Adding [systemProperties] PropertySource with lowest search precedence
13088 [main] DEBUG o.s.core.env.MutablePropertySources - Adding [systemEnvironment] PropertySource with lowest search precedence
13088 [main] DEBUG o.s.core.env.MutablePropertySources - Adding [random] PropertySource with lowest search precedence
13088 [main] DEBUG o.s.core.env.MutablePropertySources - Adding [applicationConfig: [classpath:/application.properties]] PropertySource with lowest search precedence
13088 [main] DEBUG o.s.core.env.MutablePropertySources - Adding [springCloudClientHostInfo] PropertySource with lowest search precedence
13088 [main] DEBUG o.s.core.env.MutablePropertySources - Adding [class path resource [eureka/server.properties]] PropertySource with lowest search precedence
13088 [main] DEBUG o.s.core.env.MutablePropertySources - Adding [defaultProperties] PropertySource with lowest search precedence
13088 [main] DEBUG o.s.core.env.MutablePropertySources - Adding [Management Server] PropertySource with lowest search precedence
13088 [main] DEBUG o.s.core.env.MutablePropertySources - Adding [localProperties] PropertySource with lowest search precedence
13089 [main] DEBUG o.s.b.f.s.DefaultListableBeanFactory - Returning cached instance of singleton bean 'infoEndpoint'
13089 [main] DEBUG o.s.core.env.MutablePropertySources - Adding [servletConfigInitParams] PropertySource with lowest search precedence
13089 [main] DEBUG o.s.core.env.MutablePropertySources - Adding [servletContextInitParams] PropertySource with lowest search precedence
13089 [main] DEBUG o.s.core.env.MutablePropertySources - Adding [systemProperties] PropertySource with lowest search precedence
13089 [main] DEBUG o.s.core.env.MutablePropertySources - Adding [systemEnvironment] PropertySource with lowest search precedence
13089 [main] DEBUG o.s.core.env.MutablePropertySources - Adding [random] PropertySource with lowest search precedence
13089 [main] DEBUG o.s.core.env.MutablePropertySources - Adding [applicationConfig: [classpath:/application.properties]] PropertySource with lowest search precedence
13089 [main] DEBUG o.s.core.env.MutablePropertySources - Adding [springCloudClientHostInfo] PropertySource with lowest search precedence
13089 [main] DEBUG o.s.core.env.MutablePropertySources - Adding [class path resource [eureka/server.properties]] PropertySource with lowest search precedence
13089 [main] DEBUG o.s.core.env.MutablePropertySources - Adding [defaultProperties] PropertySource with lowest search precedence
13089 [main] DEBUG o.s.core.env.MutablePropertySources - Adding [Management Server] PropertySource with lowest search precedence
13089 [main] DEBUG o.s.core.env.MutablePropertySources - Adding [localProperties] PropertySource with lowest search precedence
13090 [main] DEBUG o.s.core.env.MutablePropertySources - Adding [servletConfigInitParams] PropertySource with lowest search precedence
13090 [main] DEBUG o.s.core.env.MutablePropertySources - Adding [servletContextInitParams] PropertySource with lowest search precedence
13090 [main] DEBUG o.s.core.env.MutablePropertySources - Adding [systemProperties] PropertySource with lowest search precedence
13090 [main] DEBUG o.s.core.env.MutablePropertySources - Adding [systemEnvironment] PropertySource with lowest search precedence
13090 [main] DEBUG o.s.core.env.MutablePropertySources - Adding [random] PropertySource with lowest search precedence
13090 [main] DEBUG o.s.core.env.MutablePropertySources - Adding [applicationConfig: [classpath:/application.properties]] PropertySource with lowest search precedence
13090 [main] DEBUG o.s.core.env.MutablePropertySources - Adding [springCloudClientHostInfo] PropertySource with lowest search precedence
13090 [main] DEBUG o.s.core.env.MutablePropertySources - Adding [class path resource [eureka/server.properties]] PropertySource with lowest search precedence
13090 [main] DEBUG o.s.core.env.MutablePropertySources - Adding [defaultProperties] PropertySource with lowest search precedence
13090 [main] DEBUG o.s.core.env.MutablePropertySources - Adding [Management Server] PropertySource with lowest search precedence
13090 [main] DEBUG o.s.core.env.MutablePropertySources - Adding [localProperties] PropertySource with lowest search precedence
13094 [main] DEBUG o.s.b.f.s.DefaultListableBeanFactory - Returning cached instance of singleton bean 'eurekaClientConfigBean'
13099 [main] DEBUG o.s.core.env.MutablePropertySources - Adding [servletConfigInitParams] PropertySource with lowest search precedence
13099 [main] DEBUG o.s.core.env.MutablePropertySources - Adding [servletContextInitParams] PropertySource with lowest search precedence
13099 [main] DEBUG o.s.core.env.MutablePropertySources - Adding [systemProperties] PropertySource with lowest search precedence
13099 [main] DEBUG o.s.core.env.MutablePropertySources - Adding [systemEnvironment] PropertySource with lowest search precedence
13099 [main] DEBUG o.s.core.env.MutablePropertySources - Adding [random] PropertySource with lowest search precedence
13099 [main] DEBUG o.s.core.env.MutablePropertySources - Adding [applicationConfig: [classpath:/application.properties]] PropertySource with lowest search precedence
13099 [main] DEBUG o.s.core.env.MutablePropertySources - Adding [springCloudClientHostInfo] PropertySource with lowest search precedence
13099 [main] DEBUG o.s.core.env.MutablePropertySources - Adding [class path resource [eureka/server.properties]] PropertySource with lowest search precedence
13099 [main] DEBUG o.s.core.env.MutablePropertySources - Adding [defaultProperties] PropertySource with lowest search precedence
13099 [main] DEBUG o.s.core.env.MutablePropertySources - Adding [Management Server] PropertySource with lowest search precedence
13099 [main] DEBUG o.s.core.env.MutablePropertySources - Adding [localProperties] PropertySource with lowest search precedence
13108 [main] DEBUG o.s.core.env.MutablePropertySources - Adding [servletConfigInitParams] PropertySource with lowest search precedence
13108 [main] DEBUG o.s.core.env.MutablePropertySources - Adding [servletContextInitParams] PropertySource with lowest search precedence
13108 [main] DEBUG o.s.core.env.MutablePropertySources - Adding [systemProperties] PropertySource with lowest search precedence
13108 [main] DEBUG o.s.core.env.MutablePropertySources - Adding [systemEnvironment] PropertySource with lowest search precedence
13108 [main] DEBUG o.s.core.env.MutablePropertySources - Adding [random] PropertySource with lowest search precedence
13108 [main] DEBUG o.s.core.env.MutablePropertySources - Adding [applicationConfig: [classpath:/application.properties]] PropertySource with lowest search precedence
13108 [main] DEBUG o.s.core.env.MutablePropertySources - Adding [springCloudClientHostInfo] PropertySource with lowest search precedence
13108 [main] DEBUG o.s.core.env.MutablePropertySources - Adding [class path resource [eureka/server.properties]] PropertySource with lowest search precedence
13108 [main] DEBUG o.s.core.env.MutablePropertySources - Adding [defaultProperties] PropertySource with lowest search precedence
13108 [main] DEBUG o.s.core.env.MutablePropertySources - Adding [Management Server] PropertySource with lowest search precedence
13109 [main] DEBUG o.s.core.env.MutablePropertySources - Adding [localProperties] PropertySource with lowest search precedence
13109 [main] DEBUG o.s.core.env.MutablePropertySources - Adding [servletConfigInitParams] PropertySource with lowest search precedence
13109 [main] DEBUG o.s.core.env.MutablePropertySources - Adding [servletContextInitParams] PropertySource with lowest search precedence
13109 [main] DEBUG o.s.core.env.MutablePropertySources - Adding [systemProperties] PropertySource with lowest search precedence
13109 [main] DEBUG o.s.core.env.MutablePropertySources - Adding [systemEnvironment] PropertySource with lowest search precedence
13109 [main] DEBUG o.s.core.env.MutablePropertySources - Adding [random] PropertySource with lowest search precedence
13109 [main] DEBUG o.s.core.env.MutablePropertySources - Adding [applicationConfig: [classpath:/application.properties]] PropertySource with lowest search precedence
13109 [main] DEBUG o.s.core.env.MutablePropertySources - Adding [springCloudClientHostInfo] PropertySource with lowest search precedence
13109 [main] DEBUG o.s.core.env.MutablePropertySources - Adding [class path resource [eureka/server.properties]] PropertySource with lowest search precedence
13109 [main] DEBUG o.s.core.env.MutablePropertySources - Adding [defaultProperties] PropertySource with lowest search precedence
13109 [main] DEBUG o.s.core.env.MutablePropertySources - Adding [Management Server] PropertySource with lowest search precedence
13109 [main] DEBUG o.s.core.env.MutablePropertySources - Adding [localProperties] PropertySource with lowest search precedence
13109 [main] DEBUG o.s.c.e.PropertySourcesPropertyResolver - Found key 'server.port' in [applicationConfig: [classpath:/application.properties]] with type [String]
13109 [main] DEBUG o.s.c.e.PropertySourcesPropertyResolver - Found key 'eureka.client.serviceUrl.defaultZone' in [applicationConfig: [classpath:/application.properties]] with type [String]
13110 [main] DEBUG o.s.core.env.MutablePropertySources - Adding [servletConfigInitParams] PropertySource with lowest search precedence
13110 [main] DEBUG o.s.core.env.MutablePropertySources - Adding [servletContextInitParams] PropertySource with lowest search precedence
13110 [main] DEBUG o.s.core.env.MutablePropertySources - Adding [systemProperties] PropertySource with lowest search precedence
13110 [main] DEBUG o.s.core.env.MutablePropertySources - Adding [systemEnvironment] PropertySource with lowest search precedence
13110 [main] DEBUG o.s.core.env.MutablePropertySources - Adding [random] PropertySource with lowest search precedence
13110 [main] DEBUG o.s.core.env.MutablePropertySources - Adding [applicationConfig: [classpath:/application.properties]] PropertySource with lowest search precedence
13110 [main] DEBUG o.s.core.env.MutablePropertySources - Adding [springCloudClientHostInfo] PropertySource with lowest search precedence
13110 [main] DEBUG o.s.core.env.MutablePropertySources - Adding [class path resource [eureka/server.properties]] PropertySource with lowest search precedence
13110 [main] DEBUG o.s.core.env.MutablePropertySources - Adding [defaultProperties] PropertySource with lowest search precedence
13110 [main] DEBUG o.s.core.env.MutablePropertySources - Adding [Management Server] PropertySource with lowest search precedence
13110 [main] DEBUG o.s.core.env.MutablePropertySources - Adding [localProperties] PropertySource with lowest search precedence
13110 [main] DEBUG o.s.c.e.PropertySourcesPropertyResolver - Found key 'eureka.client.register-with-eureka' in [applicationConfig: [classpath:/application.properties]] with type [String]
13111 [main] DEBUG o.s.core.env.MutablePropertySources - Adding [servletConfigInitParams] PropertySource with lowest search precedence
13111 [main] DEBUG o.s.core.env.MutablePropertySources - Adding [servletContextInitParams] PropertySource with lowest search precedence
13111 [main] DEBUG o.s.core.env.MutablePropertySources - Adding [systemProperties] PropertySource with lowest search precedence
13111 [main] DEBUG o.s.core.env.MutablePropertySources - Adding [systemEnvironment] PropertySource with lowest search precedence
13111 [main] DEBUG o.s.core.env.MutablePropertySources - Adding [random] PropertySource with lowest search precedence
13111 [main] DEBUG o.s.core.env.MutablePropertySources - Adding [applicationConfig: [classpath:/application.properties]] PropertySource with lowest search precedence
13111 [main] DEBUG o.s.core.env.MutablePropertySources - Adding [springCloudClientHostInfo] PropertySource with lowest search precedence
13111 [main] DEBUG o.s.core.env.MutablePropertySources - Adding [class path resource [eureka/server.properties]] PropertySource with lowest search precedence
13111 [main] DEBUG o.s.core.env.MutablePropertySources - Adding [defaultProperties] PropertySource with lowest search precedence
13112 [main] DEBUG o.s.core.env.MutablePropertySources - Adding [Management Server] PropertySource with lowest search precedence
13112 [main] DEBUG o.s.core.env.MutablePropertySources - Adding [localProperties] PropertySource with lowest search precedence
13112 [main] DEBUG o.s.c.e.PropertySourcesPropertyResolver - Found key 'eureka.client.fetch-registry' in [applicationConfig: [classpath:/application.properties]] with type [String]
13119 [main] DEBUG o.s.core.env.MutablePropertySources - Adding [servletConfigInitParams] PropertySource with lowest search precedence
13119 [main] DEBUG o.s.core.env.MutablePropertySources - Adding [servletContextInitParams] PropertySource with lowest search precedence
13119 [main] DEBUG o.s.core.env.MutablePropertySources - Adding [systemProperties] PropertySource with lowest search precedence
13119 [main] DEBUG o.s.core.env.MutablePropertySources - Adding [systemEnvironment] PropertySource with lowest search precedence
13119 [main] DEBUG o.s.core.env.MutablePropertySources - Adding [random] PropertySource with lowest search precedence
13119 [main] DEBUG o.s.core.env.MutablePropertySources - Adding [applicationConfig: [classpath:/application.properties]] PropertySource with lowest search precedence
13119 [main] DEBUG o.s.core.env.MutablePropertySources - Adding [springCloudClientHostInfo] PropertySource with lowest search precedence
13119 [main] DEBUG o.s.core.env.MutablePropertySources - Adding [class path resource [eureka/server.properties]] PropertySource with lowest search precedence
13119 [main] DEBUG o.s.core.env.MutablePropertySources - Adding [defaultProperties] PropertySource with lowest search precedence
13119 [main] DEBUG o.s.core.env.MutablePropertySources - Adding [Management Server] PropertySource with lowest search precedence
13119 [main] DEBUG o.s.core.env.MutablePropertySources - Adding [localProperties] PropertySource with lowest search precedence
13128 [main] DEBUG o.s.core.env.MutablePropertySources - Adding [servletConfigInitParams] PropertySource with lowest search precedence
13128 [main] DEBUG o.s.core.env.MutablePropertySources - Adding [servletContextInitParams] PropertySource with lowest search precedence
13128 [main] DEBUG o.s.core.env.MutablePropertySources - Adding [systemProperties] PropertySource with lowest search precedence
13128 [main] DEBUG o.s.core.env.MutablePropertySources - Adding [systemEnvironment] PropertySource with lowest search precedence
13128 [main] DEBUG o.s.core.env.MutablePropertySources - Adding [random] PropertySource with lowest search precedence
13128 [main] DEBUG o.s.core.env.MutablePropertySources - Adding [applicationConfig: [classpath:/application.properties]] PropertySource with lowest search precedence
13128 [main] DEBUG o.s.core.env.MutablePropertySources - Adding [springCloudClientHostInfo] PropertySource with lowest search precedence
13128 [main] DEBUG o.s.core.env.MutablePropertySources - Adding [class path resource [eureka/server.properties]] PropertySource with lowest search precedence
13128 [main] DEBUG o.s.core.env.MutablePropertySources - Adding [defaultProperties] PropertySource with lowest search precedence
13128 [main] DEBUG o.s.core.env.MutablePropertySources - Adding [Management Server] PropertySource with lowest search precedence
13128 [main] DEBUG o.s.core.env.MutablePropertySources - Adding [localProperties] PropertySource with lowest search precedence
13128 [main] DEBUG o.s.core.env.MutablePropertySources - Adding [servletConfigInitParams] PropertySource with lowest search precedence
13128 [main] DEBUG o.s.core.env.MutablePropertySources - Adding [servletContextInitParams] PropertySource with lowest search precedence
13128 [main] DEBUG o.s.core.env.MutablePropertySources - Adding [systemProperties] PropertySource with lowest search precedence
13128 [main] DEBUG o.s.core.env.MutablePropertySources - Adding [systemEnvironment] PropertySource with lowest search precedence
13128 [main] DEBUG o.s.core.env.MutablePropertySources - Adding [random] PropertySource with lowest search precedence
13128 [main] DEBUG o.s.core.env.MutablePropertySources - Adding [applicationConfig: [classpath:/application.properties]] PropertySource with lowest search precedence
13128 [main] DEBUG o.s.core.env.MutablePropertySources - Adding [springCloudClientHostInfo] PropertySource with lowest search precedence
13128 [main] DEBUG o.s.core.env.MutablePropertySources - Adding [class path resource [eureka/server.properties]] PropertySource with lowest search precedence
13128 [main] DEBUG o.s.core.env.MutablePropertySources - Adding [defaultProperties] PropertySource with lowest search precedence
13128 [main] DEBUG o.s.core.env.MutablePropertySources - Adding [Management Server] PropertySource with lowest search precedence
13128 [main] DEBUG o.s.core.env.MutablePropertySources - Adding [localProperties] PropertySource with lowest search precedence
13128 [main] DEBUG o.s.c.e.PropertySourcesPropertyResolver - Found key 'server.port' in [applicationConfig: [classpath:/application.properties]] with type [String]
13128 [main] DEBUG o.s.c.e.PropertySourcesPropertyResolver - Found key 'eureka.client.serviceUrl.defaultZone' in [applicationConfig: [classpath:/application.properties]] with type [String]
13129 [main] DEBUG o.s.core.env.MutablePropertySources - Adding [servletConfigInitParams] PropertySource with lowest search precedence
13129 [main] DEBUG o.s.core.env.MutablePropertySources - Adding [servletContextInitParams] PropertySource with lowest search precedence
13129 [main] DEBUG o.s.core.env.MutablePropertySources - Adding [systemProperties] PropertySource with lowest search precedence
13129 [main] DEBUG o.s.core.env.MutablePropertySources - Adding [systemEnvironment] PropertySource with lowest search precedence
13129 [main] DEBUG o.s.core.env.MutablePropertySources - Adding [random] PropertySource with lowest search precedence
13129 [main] DEBUG o.s.core.env.MutablePropertySources - Adding [applicationConfig: [classpath:/application.properties]] PropertySource with lowest search precedence
13129 [main] DEBUG o.s.core.env.MutablePropertySources - Adding [springCloudClientHostInfo] PropertySource with lowest search precedence
13129 [main] DEBUG o.s.core.env.MutablePropertySources - Adding [class path resource [eureka/server.properties]] PropertySource with lowest search precedence
13129 [main] DEBUG o.s.core.env.MutablePropertySources - Adding [defaultProperties] PropertySource with lowest search precedence
13129 [main] DEBUG o.s.core.env.MutablePropertySources - Adding [Management Server] PropertySource with lowest search precedence
13129 [main] DEBUG o.s.core.env.MutablePropertySources - Adding [localProperties] PropertySource with lowest search precedence
13129 [main] DEBUG o.s.c.e.PropertySourcesPropertyResolver - Found key 'eureka.client.register-with-eureka' in [applicationConfig: [classpath:/application.properties]] with type [String]
13131 [main] DEBUG o.s.core.env.MutablePropertySources - Adding [servletConfigInitParams] PropertySource with lowest search precedence
13131 [main] DEBUG o.s.core.env.MutablePropertySources - Adding [servletContextInitParams] PropertySource with lowest search precedence
13131 [main] DEBUG o.s.core.env.MutablePropertySources - Adding [systemProperties] PropertySource with lowest search precedence
13131 [main] DEBUG o.s.core.env.MutablePropertySources - Adding [systemEnvironment] PropertySource with lowest search precedence
13131 [main] DEBUG o.s.core.env.MutablePropertySources - Adding [random] PropertySource with lowest search precedence
13131 [main] DEBUG o.s.core.env.MutablePropertySources - Adding [applicationConfig: [classpath:/application.properties]] PropertySource with lowest search precedence
13131 [main] DEBUG o.s.core.env.MutablePropertySources - Adding [springCloudClientHostInfo] PropertySource with lowest search precedence
13131 [main] DEBUG o.s.core.env.MutablePropertySources - Adding [class path resource [eureka/server.properties]] PropertySource with lowest search precedence
13131 [main] DEBUG o.s.core.env.MutablePropertySources - Adding [defaultProperties] PropertySource with lowest search precedence
13131 [main] DEBUG o.s.core.env.MutablePropertySources - Adding [Management Server] PropertySource with lowest search precedence
13131 [main] DEBUG o.s.core.env.MutablePropertySources - Adding [localProperties] PropertySource with lowest search precedence
13131 [main] DEBUG o.s.c.e.PropertySourcesPropertyResolver - Found key 'eureka.client.fetch-registry' in [applicationConfig: [classpath:/application.properties]] with type [String]
13133 [main] DEBUG o.s.b.f.s.DefaultListableBeanFactory - Returning cached instance of singleton bean 'restartEndpoint'
13134 [main] DEBUG o.s.core.env.MutablePropertySources - Adding [servletConfigInitParams] PropertySource with lowest search precedence
13134 [main] DEBUG o.s.core.env.MutablePropertySources - Adding [servletContextInitParams] PropertySource with lowest search precedence
13134 [main] DEBUG o.s.core.env.MutablePropertySources - Adding [systemProperties] PropertySource with lowest search precedence
13134 [main] DEBUG o.s.core.env.MutablePropertySources - Adding [systemEnvironment] PropertySource with lowest search precedence
13134 [main] DEBUG o.s.core.env.MutablePropertySources - Adding [random] PropertySource with lowest search precedence
13134 [main] DEBUG o.s.core.env.MutablePropertySources - Adding [applicationConfig: [classpath:/application.properties]] PropertySource with lowest search precedence
13134 [main] DEBUG o.s.core.env.MutablePropertySources - Adding [springCloudClientHostInfo] PropertySource with lowest search precedence
13134 [main] DEBUG o.s.core.env.MutablePropertySources - Adding [class path resource [eureka/server.properties]] PropertySource with lowest search precedence
13134 [main] DEBUG o.s.core.env.MutablePropertySources - Adding [defaultProperties] PropertySource with lowest search precedence
13134 [main] DEBUG o.s.core.env.MutablePropertySources - Adding [Management Server] PropertySource with lowest search precedence
13134 [main] DEBUG o.s.core.env.MutablePropertySources - Adding [localProperties] PropertySource with lowest search precedence
13144 [main] DEBUG o.s.core.env.MutablePropertySources - Adding [servletConfigInitParams] PropertySource with lowest search precedence
13145 [main] DEBUG o.s.core.env.MutablePropertySources - Adding [servletContextInitParams] PropertySource with lowest search precedence
13145 [main] DEBUG o.s.core.env.MutablePropertySources - Adding [systemProperties] PropertySource with lowest search precedence
13145 [main] DEBUG o.s.core.env.MutablePropertySources - Adding [systemEnvironment] PropertySource with lowest search precedence
13145 [main] DEBUG o.s.core.env.MutablePropertySources - Adding [random] PropertySource with lowest search precedence
13145 [main] DEBUG o.s.core.env.MutablePropertySources - Adding [applicationConfig: [classpath:/application.properties]] PropertySource with lowest search precedence
13145 [main] DEBUG o.s.core.env.MutablePropertySources - Adding [springCloudClientHostInfo] PropertySource with lowest search precedence
13145 [main] DEBUG o.s.core.env.MutablePropertySources - Adding [class path resource [eureka/server.properties]] PropertySource with lowest search precedence
13145 [main] DEBUG o.s.core.env.MutablePropertySources - Adding [defaultProperties] PropertySource with lowest search precedence
13145 [main] DEBUG o.s.core.env.MutablePropertySources - Adding [Management Server] PropertySource with lowest search precedence
13145 [main] DEBUG o.s.core.env.MutablePropertySources - Adding [localProperties] PropertySource with lowest search precedence
13147 [main] DEBUG o.s.b.f.s.DefaultListableBeanFactory - Returning cached instance of singleton bean 'management.trace-org.springframework.boot.actuate.trace.TraceProperties'
13147 [main] DEBUG o.s.core.env.MutablePropertySources - Adding [servletConfigInitParams] PropertySource with lowest search precedence
13147 [main] DEBUG o.s.core.env.MutablePropertySources - Adding [servletContextInitParams] PropertySource with lowest search precedence
13147 [main] DEBUG o.s.core.env.MutablePropertySources - Adding [systemProperties] PropertySource with lowest search precedence
13147 [main] DEBUG o.s.core.env.MutablePropertySources - Adding [systemEnvironment] PropertySource with lowest search precedence
13147 [main] DEBUG o.s.core.env.MutablePropertySources - Adding [random] PropertySource with lowest search precedence
13147 [main] DEBUG o.s.core.env.MutablePropertySources - Adding [applicationConfig: [classpath:/application.properties]] PropertySource with lowest search precedence
13147 [main] DEBUG o.s.core.env.MutablePropertySources - Adding [springCloudClientHostInfo] PropertySource with lowest search precedence
13147 [main] DEBUG o.s.core.env.MutablePropertySources - Adding [class path resource [eureka/server.properties]] PropertySource with lowest search precedence
13147 [main] DEBUG o.s.core.env.MutablePropertySources - Adding [defaultProperties] PropertySource with lowest search precedence
13147 [main] DEBUG o.s.core.env.MutablePropertySources - Adding [Management Server] PropertySource with lowest search precedence
13147 [main] DEBUG o.s.core.env.MutablePropertySources - Adding [localProperties] PropertySource with lowest search precedence
13147 [main] DEBUG o.s.core.env.MutablePropertySources - Adding [servletConfigInitParams] PropertySource with lowest search precedence
13147 [main] DEBUG o.s.core.env.MutablePropertySources - Adding [servletContextInitParams] PropertySource with lowest search precedence
13148 [main] DEBUG o.s.core.env.MutablePropertySources - Adding [systemProperties] PropertySource with lowest search precedence
13148 [main] DEBUG o.s.core.env.MutablePropertySources - Adding [systemEnvironment] PropertySource with lowest search precedence
13148 [main] DEBUG o.s.core.env.MutablePropertySources - Adding [random] PropertySource with lowest search precedence
13148 [main] DEBUG o.s.core.env.MutablePropertySources - Adding [applicationConfig: [classpath:/application.properties]] PropertySource with lowest search precedence
13148 [main] DEBUG o.s.core.env.MutablePropertySources - Adding [springCloudClientHostInfo] PropertySource with lowest search precedence
13148 [main] DEBUG o.s.core.env.MutablePropertySources - Adding [class path resource [eureka/server.properties]] PropertySource with lowest search precedence
13148 [main] DEBUG o.s.core.env.MutablePropertySources - Adding [defaultProperties] PropertySource with lowest search precedence
13148 [main] DEBUG o.s.core.env.MutablePropertySources - Adding [Management Server] PropertySource with lowest search precedence
13148 [main] DEBUG o.s.core.env.MutablePropertySources - Adding [localProperties] PropertySource with lowest search precedence
13148 [main] DEBUG o.s.b.f.s.DefaultListableBeanFactory - Returning cached instance of singleton bean 'spring.resources-org.springframework.boot.autoconfigure.web.ResourceProperties'
13149 [main] DEBUG o.s.core.env.MutablePropertySources - Adding [servletConfigInitParams] PropertySource with lowest search precedence
13149 [main] DEBUG o.s.core.env.MutablePropertySources - Adding [servletContextInitParams] PropertySource with lowest search precedence
13149 [main] DEBUG o.s.core.env.MutablePropertySources - Adding [systemProperties] PropertySource with lowest search precedence
13149 [main] DEBUG o.s.core.env.MutablePropertySources - Adding [systemEnvironment] PropertySource with lowest search precedence
13149 [main] DEBUG o.s.core.env.MutablePropertySources - Adding [random] PropertySource with lowest search precedence
13149 [main] DEBUG o.s.core.env.MutablePropertySources - Adding [applicationConfig: [classpath:/application.properties]] PropertySource with lowest search precedence
13149 [main] DEBUG o.s.core.env.MutablePropertySources - Adding [springCloudClientHostInfo] PropertySource with lowest search precedence
13149 [main] DEBUG o.s.core.env.MutablePropertySources - Adding [class path resource [eureka/server.properties]] PropertySource with lowest search precedence
13149 [main] DEBUG o.s.core.env.MutablePropertySources - Adding [defaultProperties] PropertySource with lowest search precedence
13149 [main] DEBUG o.s.core.env.MutablePropertySources - Adding [Management Server] PropertySource with lowest search precedence
13149 [main] DEBUG o.s.core.env.MutablePropertySources - Adding [localProperties] PropertySource with lowest search precedence
13150 [main] DEBUG o.s.core.env.MutablePropertySources - Adding [servletConfigInitParams] PropertySource with lowest search precedence
13150 [main] DEBUG o.s.core.env.MutablePropertySources - Adding [servletContextInitParams] PropertySource with lowest search precedence
13150 [main] DEBUG o.s.core.env.MutablePropertySources - Adding [systemProperties] PropertySource with lowest search precedence
13150 [main] DEBUG o.s.core.env.MutablePropertySources - Adding [systemEnvironment] PropertySource with lowest search precedence
13150 [main] DEBUG o.s.core.env.MutablePropertySources - Adding [random] PropertySource with lowest search precedence
13150 [main] DEBUG o.s.core.env.MutablePropertySources - Adding [applicationConfig: [classpath:/application.properties]] PropertySource with lowest search precedence
13150 [main] DEBUG o.s.core.env.MutablePropertySources - Adding [springCloudClientHostInfo] PropertySource with lowest search precedence
13150 [main] DEBUG o.s.core.env.MutablePropertySources - Adding [class path resource [eureka/server.properties]] PropertySource with lowest search precedence
13150 [main] DEBUG o.s.core.env.MutablePropertySources - Adding [defaultProperties] PropertySource with lowest search precedence
13150 [main] DEBUG o.s.core.env.MutablePropertySources - Adding [Management Server] PropertySource with lowest search precedence
13150 [main] DEBUG o.s.core.env.MutablePropertySources - Adding [localProperties] PropertySource with lowest search precedence
13151 [main] DEBUG o.s.b.f.s.DefaultListableBeanFactory - Returning cached instance of singleton bean 'servoMetricsConfig'
13151 [main] DEBUG o.s.core.env.MutablePropertySources - Adding [servletConfigInitParams] PropertySource with lowest search precedence
13151 [main] DEBUG o.s.core.env.MutablePropertySources - Adding [servletContextInitParams] PropertySource with lowest search precedence
13151 [main] DEBUG o.s.core.env.MutablePropertySources - Adding [systemProperties] PropertySource with lowest search precedence
13151 [main] DEBUG o.s.core.env.MutablePropertySources - Adding [systemEnvironment] PropertySource with lowest search precedence
13151 [main] DEBUG o.s.core.env.MutablePropertySources - Adding [random] PropertySource with lowest search precedence
13151 [main] DEBUG o.s.core.env.MutablePropertySources - Adding [applicationConfig: [classpath:/application.properties]] PropertySource with lowest search precedence
13151 [main] DEBUG o.s.core.env.MutablePropertySources - Adding [springCloudClientHostInfo] PropertySource with lowest search precedence
13151 [main] DEBUG o.s.core.env.MutablePropertySources - Adding [class path resource [eureka/server.properties]] PropertySource with lowest search precedence
13151 [main] DEBUG o.s.core.env.MutablePropertySources - Adding [defaultProperties] PropertySource with lowest search precedence
13151 [main] DEBUG o.s.core.env.MutablePropertySources - Adding [Management Server] PropertySource with lowest search precedence
13151 [main] DEBUG o.s.core.env.MutablePropertySources - Adding [localProperties] PropertySource with lowest search precedence
13152 [main] DEBUG o.s.core.env.MutablePropertySources - Adding [servletConfigInitParams] PropertySource with lowest search precedence
13152 [main] DEBUG o.s.core.env.MutablePropertySources - Adding [servletContextInitParams] PropertySource with lowest search precedence
13152 [main] DEBUG o.s.core.env.MutablePropertySources - Adding [systemProperties] PropertySource with lowest search precedence
13152 [main] DEBUG o.s.core.env.MutablePropertySources - Adding [systemEnvironment] PropertySource with lowest search precedence
13152 [main] DEBUG o.s.core.env.MutablePropertySources - Adding [random] PropertySource with lowest search precedence
13152 [main] DEBUG o.s.core.env.MutablePropertySources - Adding [applicationConfig: [classpath:/application.properties]] PropertySource with lowest search precedence
13152 [main] DEBUG o.s.core.env.MutablePropertySources - Adding [springCloudClientHostInfo] PropertySource with lowest search precedence
13152 [main] DEBUG o.s.core.env.MutablePropertySources - Adding [class path resource [eureka/server.properties]] PropertySource with lowest search precedence
13152 [main] DEBUG o.s.core.env.MutablePropertySources - Adding [defaultProperties] PropertySource with lowest search precedence
13152 [main] DEBUG o.s.core.env.MutablePropertySources - Adding [Management Server] PropertySource with lowest search precedence
13152 [main] DEBUG o.s.core.env.MutablePropertySources - Adding [localProperties] PropertySource with lowest search precedence
13153 [main] DEBUG o.s.b.f.s.DefaultListableBeanFactory - Returning cached instance of singleton bean 'management.health.status-org.springframework.boot.actuate.autoconfigure.HealthIndicatorProperties'
13153 [main] DEBUG o.s.core.env.MutablePropertySources - Adding [servletConfigInitParams] PropertySource with lowest search precedence
13153 [main] DEBUG o.s.core.env.MutablePropertySources - Adding [servletContextInitParams] PropertySource with lowest search precedence
13153 [main] DEBUG o.s.core.env.MutablePropertySources - Adding [systemProperties] PropertySource with lowest search precedence
13153 [main] DEBUG o.s.core.env.MutablePropertySources - Adding [systemEnvironment] PropertySource with lowest search precedence
13153 [main] DEBUG o.s.core.env.MutablePropertySources - Adding [random] PropertySource with lowest search precedence
13153 [main] DEBUG o.s.core.env.MutablePropertySources - Adding [applicationConfig: [classpath:/application.properties]] PropertySource with lowest search precedence
13153 [main] DEBUG o.s.core.env.MutablePropertySources - Adding [springCloudClientHostInfo] PropertySource with lowest search precedence
13153 [main] DEBUG o.s.core.env.MutablePropertySources - Adding [class path resource [eureka/server.properties]] PropertySource with lowest search precedence
13153 [main] DEBUG o.s.core.env.MutablePropertySources - Adding [defaultProperties] PropertySource with lowest search precedence
13154 [main] DEBUG o.s.core.env.MutablePropertySources - Adding [Management Server] PropertySource with lowest search precedence
13154 [main] DEBUG o.s.core.env.MutablePropertySources - Adding [localProperties] PropertySource with lowest search precedence
13154 [main] DEBUG o.s.core.env.MutablePropertySources - Adding [servletConfigInitParams] PropertySource with lowest search precedence
13154 [main] DEBUG o.s.core.env.MutablePropertySources - Adding [servletContextInitParams] PropertySource with lowest search precedence
13154 [main] DEBUG o.s.core.env.MutablePropertySources - Adding [systemProperties] PropertySource with lowest search precedence
13154 [main] DEBUG o.s.core.env.MutablePropertySources - Adding [systemEnvironment] PropertySource with lowest search precedence
13154 [main] DEBUG o.s.core.env.MutablePropertySources - Adding [random] PropertySource with lowest search precedence
13154 [main] DEBUG o.s.core.env.MutablePropertySources - Adding [applicationConfig: [classpath:/application.properties]] PropertySource with lowest search precedence
13154 [main] DEBUG o.s.core.env.MutablePropertySources - Adding [springCloudClientHostInfo] PropertySource with lowest search precedence
13154 [main] DEBUG o.s.core.env.MutablePropertySources - Adding [class path resource [eureka/server.properties]] PropertySource with lowest search precedence
13154 [main] DEBUG o.s.core.env.MutablePropertySources - Adding [defaultProperties] PropertySource with lowest search precedence
13154 [main] DEBUG o.s.core.env.MutablePropertySources - Adding [Management Server] PropertySource with lowest search precedence
13154 [main] DEBUG o.s.core.env.MutablePropertySources - Adding [localProperties] PropertySource with lowest search precedence
13154 [main] DEBUG o.s.b.f.s.DefaultListableBeanFactory - Returning cached instance of singleton bean 'healthMvcEndpoint'
13155 [main] DEBUG o.s.core.env.MutablePropertySources - Adding [servletConfigInitParams] PropertySource with lowest search precedence
13155 [main] DEBUG o.s.core.env.MutablePropertySources - Adding [servletContextInitParams] PropertySource with lowest search precedence
13155 [main] DEBUG o.s.core.env.MutablePropertySources - Adding [systemProperties] PropertySource with lowest search precedence
13155 [main] DEBUG o.s.core.env.MutablePropertySources - Adding [systemEnvironment] PropertySource with lowest search precedence
13155 [main] DEBUG o.s.core.env.MutablePropertySources - Adding [random] PropertySource with lowest search precedence
13155 [main] DEBUG o.s.core.env.MutablePropertySources - Adding [applicationConfig: [classpath:/application.properties]] PropertySource with lowest search precedence
13155 [main] DEBUG o.s.core.env.MutablePropertySources - Adding [springCloudClientHostInfo] PropertySource with lowest search precedence
13155 [main] DEBUG o.s.core.env.MutablePropertySources - Adding [class path resource [eureka/server.properties]] PropertySource with lowest search precedence
13155 [main] DEBUG o.s.core.env.MutablePropertySources - Adding [defaultProperties] PropertySource with lowest search precedence
13155 [main] DEBUG o.s.core.env.MutablePropertySources - Adding [Management Server] PropertySource with lowest search precedence
13155 [main] DEBUG o.s.core.env.MutablePropertySources - Adding [localProperties] PropertySource with lowest search precedence
13156 [main] DEBUG o.s.core.env.MutablePropertySources - Adding [servletConfigInitParams] PropertySource with lowest search precedence
13157 [main] DEBUG o.s.core.env.MutablePropertySources - Adding [servletContextInitParams] PropertySource with lowest search precedence
13157 [main] DEBUG o.s.core.env.MutablePropertySources - Adding [systemProperties] PropertySource with lowest search precedence
13157 [main] DEBUG o.s.core.env.MutablePropertySources - Adding [systemEnvironment] PropertySource with lowest search precedence
13157 [main] DEBUG o.s.core.env.MutablePropertySources - Adding [random] PropertySource with lowest search precedence
13157 [main] DEBUG o.s.core.env.MutablePropertySources - Adding [applicationConfig: [classpath:/application.properties]] PropertySource with lowest search precedence
13157 [main] DEBUG o.s.core.env.MutablePropertySources - Adding [springCloudClientHostInfo] PropertySource with lowest search precedence
13157 [main] DEBUG o.s.core.env.MutablePropertySources - Adding [class path resource [eureka/server.properties]] PropertySource with lowest search precedence
13157 [main] DEBUG o.s.core.env.MutablePropertySources - Adding [defaultProperties] PropertySource with lowest search precedence
13157 [main] DEBUG o.s.core.env.MutablePropertySources - Adding [Management Server] PropertySource with lowest search precedence
13157 [main] DEBUG o.s.core.env.MutablePropertySources - Adding [localProperties] PropertySource with lowest search precedence
13158 [main] DEBUG o.s.b.f.s.DefaultListableBeanFactory - Returning cached instance of singleton bean 'serverProperties'
13159 [main] DEBUG o.s.core.env.MutablePropertySources - Adding [servletConfigInitParams] PropertySource with lowest search precedence
13159 [main] DEBUG o.s.core.env.MutablePropertySources - Adding [servletContextInitParams] PropertySource with lowest search precedence
13159 [main] DEBUG o.s.core.env.MutablePropertySources - Adding [systemProperties] PropertySource with lowest search precedence
13159 [main] DEBUG o.s.core.env.MutablePropertySources - Adding [systemEnvironment] PropertySource with lowest search precedence
13159 [main] DEBUG o.s.core.env.MutablePropertySources - Adding [random] PropertySource with lowest search precedence
13159 [main] DEBUG o.s.core.env.MutablePropertySources - Adding [applicationConfig: [classpath:/application.properties]] PropertySource with lowest search precedence
13159 [main] DEBUG o.s.core.env.MutablePropertySources - Adding [springCloudClientHostInfo] PropertySource with lowest search precedence
13159 [main] DEBUG o.s.core.env.MutablePropertySources - Adding [class path resource [eureka/server.properties]] PropertySource with lowest search precedence
13159 [main] DEBUG o.s.core.env.MutablePropertySources - Adding [defaultProperties] PropertySource with lowest search precedence
13159 [main] DEBUG o.s.core.env.MutablePropertySources - Adding [Management Server] PropertySource with lowest search precedence
13159 [main] DEBUG o.s.core.env.MutablePropertySources - Adding [localProperties] PropertySource with lowest search precedence
13161 [main] DEBUG o.s.core.env.MutablePropertySources - Adding [servletConfigInitParams] PropertySource with lowest search precedence
13161 [main] DEBUG o.s.core.env.MutablePropertySources - Adding [servletContextInitParams] PropertySource with lowest search precedence
13161 [main] DEBUG o.s.core.env.MutablePropertySources - Adding [systemProperties] PropertySource with lowest search precedence
13161 [main] DEBUG o.s.core.env.MutablePropertySources - Adding [systemEnvironment] PropertySource with lowest search precedence
13161 [main] DEBUG o.s.core.env.MutablePropertySources - Adding [random] PropertySource with lowest search precedence
13161 [main] DEBUG o.s.core.env.MutablePropertySources - Adding [applicationConfig: [classpath:/application.properties]] PropertySource with lowest search precedence
13161 [main] DEBUG o.s.core.env.MutablePropertySources - Adding [springCloudClientHostInfo] PropertySource with lowest search precedence
13161 [main] DEBUG o.s.core.env.MutablePropertySources - Adding [class path resource [eureka/server.properties]] PropertySource with lowest search precedence
13161 [main] DEBUG o.s.core.env.MutablePropertySources - Adding [defaultProperties] PropertySource with lowest search precedence
13161 [main] DEBUG o.s.core.env.MutablePropertySources - Adding [Management Server] PropertySource with lowest search precedence
13161 [main] DEBUG o.s.core.env.MutablePropertySources - Adding [localProperties] PropertySource with lowest search precedence
13161 [main] DEBUG o.s.c.e.PropertySourcesPropertyResolver - Found key 'server.port' in [applicationConfig: [classpath:/application.properties]] with type [String]
13163 [main] DEBUG o.s.core.env.MutablePropertySources - Adding [servletConfigInitParams] PropertySource with lowest search precedence
13163 [main] DEBUG o.s.core.env.MutablePropertySources - Adding [servletContextInitParams] PropertySource with lowest search precedence
13163 [main] DEBUG o.s.core.env.MutablePropertySources - Adding [systemProperties] PropertySource with lowest search precedence
13163 [main] DEBUG o.s.core.env.MutablePropertySources - Adding [systemEnvironment] PropertySource with lowest search precedence
13163 [main] DEBUG o.s.core.env.MutablePropertySources - Adding [random] PropertySource with lowest search precedence
13163 [main] DEBUG o.s.core.env.MutablePropertySources - Adding [applicationConfig: [classpath:/application.properties]] PropertySource with lowest search precedence
13163 [main] DEBUG o.s.core.env.MutablePropertySources - Adding [springCloudClientHostInfo] PropertySource with lowest search precedence
13163 [main] DEBUG o.s.core.env.MutablePropertySources - Adding [class path resource [eureka/server.properties]] PropertySource with lowest search precedence
13163 [main] DEBUG o.s.core.env.MutablePropertySources - Adding [defaultProperties] PropertySource with lowest search precedence
13163 [main] DEBUG o.s.core.env.MutablePropertySources - Adding [Management Server] PropertySource with lowest search precedence
13163 [main] DEBUG o.s.core.env.MutablePropertySources - Adding [localProperties] PropertySource with lowest search precedence
13165 [main] DEBUG o.s.core.env.MutablePropertySources - Adding [servletConfigInitParams] PropertySource with lowest search precedence
13165 [main] DEBUG o.s.core.env.MutablePropertySources - Adding [servletContextInitParams] PropertySource with lowest search precedence
13165 [main] DEBUG o.s.core.env.MutablePropertySources - Adding [systemProperties] PropertySource with lowest search precedence
13165 [main] DEBUG o.s.core.env.MutablePropertySources - Adding [systemEnvironment] PropertySource with lowest search precedence
13165 [main] DEBUG o.s.core.env.MutablePropertySources - Adding [random] PropertySource with lowest search precedence
13165 [main] DEBUG o.s.core.env.MutablePropertySources - Adding [applicationConfig: [classpath:/application.properties]] PropertySource with lowest search precedence
13165 [main] DEBUG o.s.core.env.MutablePropertySources - Adding [springCloudClientHostInfo] PropertySource with lowest search precedence
13165 [main] DEBUG o.s.core.env.MutablePropertySources - Adding [class path resource [eureka/server.properties]] PropertySource with lowest search precedence
13166 [main] DEBUG o.s.core.env.MutablePropertySources - Adding [defaultProperties] PropertySource with lowest search precedence
13166 [main] DEBUG o.s.core.env.MutablePropertySources - Adding [Management Server] PropertySource with lowest search precedence
13166 [main] DEBUG o.s.core.env.MutablePropertySources - Adding [localProperties] PropertySource with lowest search precedence
13166 [main] DEBUG o.s.c.e.PropertySourcesPropertyResolver - Found key 'server.port' in [applicationConfig: [classpath:/application.properties]] with type [String]
13167 [main] DEBUG o.s.b.f.s.DefaultListableBeanFactory - Returning cached instance of singleton bean 'spring.metrics.export-org.springframework.boot.actuate.metrics.export.MetricExportProperties'
13167 [main] DEBUG o.s.core.env.MutablePropertySources - Adding [servletConfigInitParams] PropertySource with lowest search precedence
13167 [main] DEBUG o.s.core.env.MutablePropertySources - Adding [servletContextInitParams] PropertySource with lowest search precedence
13167 [main] DEBUG o.s.core.env.MutablePropertySources - Adding [systemProperties] PropertySource with lowest search precedence
13167 [main] DEBUG o.s.core.env.MutablePropertySources - Adding [systemEnvironment] PropertySource with lowest search precedence
13167 [main] DEBUG o.s.core.env.MutablePropertySources - Adding [random] PropertySource with lowest search precedence
13167 [main] DEBUG o.s.core.env.MutablePropertySources - Adding [applicationConfig: [classpath:/application.properties]] PropertySource with lowest search precedence
13167 [main] DEBUG o.s.core.env.MutablePropertySources - Adding [springCloudClientHostInfo] PropertySource with lowest search precedence
13167 [main] DEBUG o.s.core.env.MutablePropertySources - Adding [class path resource [eureka/server.properties]] PropertySource with lowest search precedence
13167 [main] DEBUG o.s.core.env.MutablePropertySources - Adding [defaultProperties] PropertySource with lowest search precedence
13167 [main] DEBUG o.s.core.env.MutablePropertySources - Adding [Management Server] PropertySource with lowest search precedence
13167 [main] DEBUG o.s.core.env.MutablePropertySources - Adding [localProperties] PropertySource with lowest search precedence
13169 [main] DEBUG o.s.core.env.MutablePropertySources - Adding [servletConfigInitParams] PropertySource with lowest search precedence
13169 [main] DEBUG o.s.core.env.MutablePropertySources - Adding [servletContextInitParams] PropertySource with lowest search precedence
13169 [main] DEBUG o.s.core.env.MutablePropertySources - Adding [systemProperties] PropertySource with lowest search precedence
13169 [main] DEBUG o.s.core.env.MutablePropertySources - Adding [systemEnvironment] PropertySource with lowest search precedence
13169 [main] DEBUG o.s.core.env.MutablePropertySources - Adding [random] PropertySource with lowest search precedence
13169 [main] DEBUG o.s.core.env.MutablePropertySources - Adding [applicationConfig: [classpath:/application.properties]] PropertySource with lowest search precedence
13169 [main] DEBUG o.s.core.env.MutablePropertySources - Adding [springCloudClientHostInfo] PropertySource with lowest search precedence
13169 [main] DEBUG o.s.core.env.MutablePropertySources - Adding [class path resource [eureka/server.properties]] PropertySource with lowest search precedence
13169 [main] DEBUG o.s.core.env.MutablePropertySources - Adding [defaultProperties] PropertySource with lowest search precedence
13169 [main] DEBUG o.s.core.env.MutablePropertySources - Adding [Management Server] PropertySource with lowest search precedence
13169 [main] DEBUG o.s.core.env.MutablePropertySources - Adding [localProperties] PropertySource with lowest search precedence
13170 [main] DEBUG o.s.c.a.CommonAnnotationBeanPostProcessor - Invoking init method on bean 'spring.metrics.export-org.springframework.boot.actuate.metrics.export.MetricExportProperties': public void org.springframework.boot.actuate.metrics.export.MetricExportProperties.setUpDefaults()
13170 [main] DEBUG o.s.b.f.s.DefaultListableBeanFactory - Returning cached instance of singleton bean 'configurationPropertiesReportEndpoint'
13171 [main] DEBUG o.s.core.env.MutablePropertySources - Adding [servletConfigInitParams] PropertySource with lowest search precedence
13171 [main] DEBUG o.s.core.env.MutablePropertySources - Adding [servletContextInitParams] PropertySource with lowest search precedence
13171 [main] DEBUG o.s.core.env.MutablePropertySources - Adding [systemProperties] PropertySource with lowest search precedence
13171 [main] DEBUG o.s.core.env.MutablePropertySources - Adding [systemEnvironment] PropertySource with lowest search precedence
13171 [main] DEBUG o.s.core.env.MutablePropertySources - Adding [random] PropertySource with lowest search precedence
13171 [main] DEBUG o.s.core.env.MutablePropertySources - Adding [applicationConfig: [classpath:/application.properties]] PropertySource with lowest search precedence
13171 [main] DEBUG o.s.core.env.MutablePropertySources - Adding [springCloudClientHostInfo] PropertySource with lowest search precedence
13171 [main] DEBUG o.s.core.env.MutablePropertySources - Adding [class path resource [eureka/server.properties]] PropertySource with lowest search precedence
13171 [main] DEBUG o.s.core.env.MutablePropertySources - Adding [defaultProperties] PropertySource with lowest search precedence
13171 [main] DEBUG o.s.core.env.MutablePropertySources - Adding [Management Server] PropertySource with lowest search precedence
13171 [main] DEBUG o.s.core.env.MutablePropertySources - Adding [localProperties] PropertySource with lowest search precedence
13172 [main] DEBUG o.s.core.env.MutablePropertySources - Adding [servletConfigInitParams] PropertySource with lowest search precedence
13172 [main] DEBUG o.s.core.env.MutablePropertySources - Adding [servletContextInitParams] PropertySource with lowest search precedence
13172 [main] DEBUG o.s.core.env.MutablePropertySources - Adding [systemProperties] PropertySource with lowest search precedence
13172 [main] DEBUG o.s.core.env.MutablePropertySources - Adding [systemEnvironment] PropertySource with lowest search precedence
13173 [main] DEBUG o.s.core.env.MutablePropertySources - Adding [random] PropertySource with lowest search precedence
13173 [main] DEBUG o.s.core.env.MutablePropertySources - Adding [applicationConfig: [classpath:/application.properties]] PropertySource with lowest search precedence
13173 [main] DEBUG o.s.core.env.MutablePropertySources - Adding [springCloudClientHostInfo] PropertySource with lowest search precedence
13173 [main] DEBUG o.s.core.env.MutablePropertySources - Adding [class path resource [eureka/server.properties]] PropertySource with lowest search precedence
13173 [main] DEBUG o.s.core.env.MutablePropertySources - Adding [defaultProperties] PropertySource with lowest search precedence
13173 [main] DEBUG o.s.core.env.MutablePropertySources - Adding [Management Server] PropertySource with lowest search precedence
13173 [main] DEBUG o.s.core.env.MutablePropertySources - Adding [localProperties] PropertySource with lowest search precedence
13174 [main] DEBUG o.s.b.f.s.DefaultListableBeanFactory - Returning cached instance of singleton bean 'eurekaServerConfig'
13188 [main] DEBUG o.s.core.env.MutablePropertySources - Adding [servletConfigInitParams] PropertySource with lowest search precedence
13188 [main] DEBUG o.s.core.env.MutablePropertySources - Adding [servletContextInitParams] PropertySource with lowest search precedence
13188 [main] DEBUG o.s.core.env.MutablePropertySources - Adding [systemProperties] PropertySource with lowest search precedence
13188 [main] DEBUG o.s.core.env.MutablePropertySources - Adding [systemEnvironment] PropertySource with lowest search precedence
13188 [main] DEBUG o.s.core.env.MutablePropertySources - Adding [random] PropertySource with lowest search precedence
13188 [main] DEBUG o.s.core.env.MutablePropertySources - Adding [applicationConfig: [classpath:/application.properties]] PropertySource with lowest search precedence
13188 [main] DEBUG o.s.core.env.MutablePropertySources - Adding [springCloudClientHostInfo] PropertySource with lowest search precedence
13188 [main] DEBUG o.s.core.env.MutablePropertySources - Adding [class path resource [eureka/server.properties]] PropertySource with lowest search precedence
13188 [main] DEBUG o.s.core.env.MutablePropertySources - Adding [defaultProperties] PropertySource with lowest search precedence
13188 [main] DEBUG o.s.core.env.MutablePropertySources - Adding [Management Server] PropertySource with lowest search precedence
13188 [main] DEBUG o.s.core.env.MutablePropertySources - Adding [localProperties] PropertySource with lowest search precedence
13203 [main] DEBUG o.s.core.env.MutablePropertySources - Adding [servletConfigInitParams] PropertySource with lowest search precedence
13203 [main] DEBUG o.s.core.env.MutablePropertySources - Adding [servletContextInitParams] PropertySource with lowest search precedence
13203 [main] DEBUG o.s.core.env.MutablePropertySources - Adding [systemProperties] PropertySource with lowest search precedence
13203 [main] DEBUG o.s.core.env.MutablePropertySources - Adding [systemEnvironment] PropertySource with lowest search precedence
13203 [main] DEBUG o.s.core.env.MutablePropertySources - Adding [random] PropertySource with lowest search precedence
13203 [main] DEBUG o.s.core.env.MutablePropertySources - Adding [applicationConfig: [classpath:/application.properties]] PropertySource with lowest search precedence
13203 [main] DEBUG o.s.core.env.MutablePropertySources - Adding [springCloudClientHostInfo] PropertySource with lowest search precedence
13203 [main] DEBUG o.s.core.env.MutablePropertySources - Adding [class path resource [eureka/server.properties]] PropertySource with lowest search precedence
13203 [main] DEBUG o.s.core.env.MutablePropertySources - Adding [defaultProperties] PropertySource with lowest search precedence
13203 [main] DEBUG o.s.core.env.MutablePropertySources - Adding [Management Server] PropertySource with lowest search precedence
13203 [main] DEBUG o.s.core.env.MutablePropertySources - Adding [localProperties] PropertySource with lowest search precedence
13203 [main] DEBUG o.s.c.e.PropertySourcesPropertyResolver - Found key 'eureka.server.enable-self-preservation' in [applicationConfig: [classpath:/application.properties]] with type [String]
13206 [main] DEBUG o.s.core.env.MutablePropertySources - Adding [servletConfigInitParams] PropertySource with lowest search precedence
13206 [main] DEBUG o.s.core.env.MutablePropertySources - Adding [servletContextInitParams] PropertySource with lowest search precedence
13206 [main] DEBUG o.s.core.env.MutablePropertySources - Adding [systemProperties] PropertySource with lowest search precedence
13206 [main] DEBUG o.s.core.env.MutablePropertySources - Adding [systemEnvironment] PropertySource with lowest search precedence
13206 [main] DEBUG o.s.core.env.MutablePropertySources - Adding [random] PropertySource with lowest search precedence
13206 [main] DEBUG o.s.core.env.MutablePropertySources - Adding [applicationConfig: [classpath:/application.properties]] PropertySource with lowest search precedence
13206 [main] DEBUG o.s.core.env.MutablePropertySources - Adding [springCloudClientHostInfo] PropertySource with lowest search precedence
13206 [main] DEBUG o.s.core.env.MutablePropertySources - Adding [class path resource [eureka/server.properties]] PropertySource with lowest search precedence
13206 [main] DEBUG o.s.core.env.MutablePropertySources - Adding [defaultProperties] PropertySource with lowest search precedence
13206 [main] DEBUG o.s.core.env.MutablePropertySources - Adding [Management Server] PropertySource with lowest search precedence
13206 [main] DEBUG o.s.core.env.MutablePropertySources - Adding [localProperties] PropertySource with lowest search precedence
13206 [main] DEBUG o.s.c.e.PropertySourcesPropertyResolver - Found key 'eureka.server.eviction-interval-timer-in-ms' in [applicationConfig: [classpath:/application.properties]] with type [String]
13218 [main] DEBUG o.s.core.env.MutablePropertySources - Adding [servletConfigInitParams] PropertySource with lowest search precedence
13218 [main] DEBUG o.s.core.env.MutablePropertySources - Adding [servletContextInitParams] PropertySource with lowest search precedence
13218 [main] DEBUG o.s.core.env.MutablePropertySources - Adding [systemProperties] PropertySource with lowest search precedence
13218 [main] DEBUG o.s.core.env.MutablePropertySources - Adding [systemEnvironment] PropertySource with lowest search precedence
13218 [main] DEBUG o.s.core.env.MutablePropertySources - Adding [random] PropertySource with lowest search precedence
13218 [main] DEBUG o.s.core.env.MutablePropertySources - Adding [applicationConfig: [classpath:/application.properties]] PropertySource with lowest search precedence
13218 [main] DEBUG o.s.core.env.MutablePropertySources - Adding [springCloudClientHostInfo] PropertySource with lowest search precedence
13218 [main] DEBUG o.s.core.env.MutablePropertySources - Adding [class path resource [eureka/server.properties]] PropertySource with lowest search precedence
13218 [main] DEBUG o.s.core.env.MutablePropertySources - Adding [defaultProperties] PropertySource with lowest search precedence
13218 [main] DEBUG o.s.core.env.MutablePropertySources - Adding [Management Server] PropertySource with lowest search precedence
13218 [main] DEBUG o.s.core.env.MutablePropertySources - Adding [localProperties] PropertySource with lowest search precedence
13234 [main] DEBUG o.s.core.env.MutablePropertySources - Adding [servletConfigInitParams] PropertySource with lowest search precedence
13234 [main] DEBUG o.s.core.env.MutablePropertySources - Adding [servletContextInitParams] PropertySource with lowest search precedence
13234 [main] DEBUG o.s.core.env.MutablePropertySources - Adding [systemProperties] PropertySource with lowest search precedence
13234 [main] DEBUG o.s.core.env.MutablePropertySources - Adding [systemEnvironment] PropertySource with lowest search precedence
13234 [main] DEBUG o.s.core.env.MutablePropertySources - Adding [random] PropertySource with lowest search precedence
13234 [main] DEBUG o.s.core.env.MutablePropertySources - Adding [applicationConfig: [classpath:/application.properties]] PropertySource with lowest search precedence
13234 [main] DEBUG o.s.core.env.MutablePropertySources - Adding [springCloudClientHostInfo] PropertySource with lowest search precedence
13234 [main] DEBUG o.s.core.env.MutablePropertySources - Adding [class path resource [eureka/server.properties]] PropertySource with lowest search precedence
13234 [main] DEBUG o.s.core.env.MutablePropertySources - Adding [defaultProperties] PropertySource with lowest search precedence
13234 [main] DEBUG o.s.core.env.MutablePropertySources - Adding [Management Server] PropertySource with lowest search precedence
13234 [main] DEBUG o.s.core.env.MutablePropertySources - Adding [localProperties] PropertySource with lowest search precedence
13234 [main] DEBUG o.s.c.e.PropertySourcesPropertyResolver - Found key 'eureka.server.enable-self-preservation' in [applicationConfig: [classpath:/application.properties]] with type [String]
13240 [main] DEBUG o.s.core.env.MutablePropertySources - Adding [servletConfigInitParams] PropertySource with lowest search precedence
13240 [main] DEBUG o.s.core.env.MutablePropertySources - Adding [servletContextInitParams] PropertySource with lowest search precedence
13240 [main] DEBUG o.s.core.env.MutablePropertySources - Adding [systemProperties] PropertySource with lowest search precedence
13240 [main] DEBUG o.s.core.env.MutablePropertySources - Adding [systemEnvironment] PropertySource with lowest search precedence
13240 [main] DEBUG o.s.core.env.MutablePropertySources - Adding [random] PropertySource with lowest search precedence
13240 [main] DEBUG o.s.core.env.MutablePropertySources - Adding [applicationConfig: [classpath:/application.properties]] PropertySource with lowest search precedence
13240 [main] DEBUG o.s.core.env.MutablePropertySources - Adding [springCloudClientHostInfo] PropertySource with lowest search precedence
13240 [main] DEBUG o.s.core.env.MutablePropertySources - Adding [class path resource [eureka/server.properties]] PropertySource with lowest search precedence
13240 [main] DEBUG o.s.core.env.MutablePropertySources - Adding [defaultProperties] PropertySource with lowest search precedence
13240 [main] DEBUG o.s.core.env.MutablePropertySources - Adding [Management Server] PropertySource with lowest search precedence
13240 [main] DEBUG o.s.core.env.MutablePropertySources - Adding [localProperties] PropertySource with lowest search precedence
13240 [main] DEBUG o.s.c.e.PropertySourcesPropertyResolver - Found key 'eureka.server.eviction-interval-timer-in-ms' in [applicationConfig: [classpath:/application.properties]] with type [String]
13245 [main] DEBUG o.s.b.f.s.DefaultListableBeanFactory - Returning cached instance of singleton bean 'healthEndpoint'
13245 [main] DEBUG o.s.core.env.MutablePropertySources - Adding [servletConfigInitParams] PropertySource with lowest search precedence
13245 [main] DEBUG o.s.core.env.MutablePropertySources - Adding [servletContextInitParams] PropertySource with lowest search precedence
13245 [main] DEBUG o.s.core.env.MutablePropertySources - Adding [systemProperties] PropertySource with lowest search precedence
13245 [main] DEBUG o.s.core.env.MutablePropertySources - Adding [systemEnvironment] PropertySource with lowest search precedence
13245 [main] DEBUG o.s.core.env.MutablePropertySources - Adding [random] PropertySource with lowest search precedence
13245 [main] DEBUG o.s.core.env.MutablePropertySources - Adding [applicationConfig: [classpath:/application.properties]] PropertySource with lowest search precedence
13245 [main] DEBUG o.s.core.env.MutablePropertySources - Adding [springCloudClientHostInfo] PropertySource with lowest search precedence
13245 [main] DEBUG o.s.core.env.MutablePropertySources - Adding [class path resource [eureka/server.properties]] PropertySource with lowest search precedence
13245 [main] DEBUG o.s.core.env.MutablePropertySources - Adding [defaultProperties] PropertySource with lowest search precedence
13245 [main] DEBUG o.s.core.env.MutablePropertySources - Adding [Management Server] PropertySource with lowest search precedence
13245 [main] DEBUG o.s.core.env.MutablePropertySources - Adding [localProperties] PropertySource with lowest search precedence
13247 [main] DEBUG o.s.core.env.MutablePropertySources - Adding [servletConfigInitParams] PropertySource with lowest search precedence
13247 [main] DEBUG o.s.core.env.MutablePropertySources - Adding [servletContextInitParams] PropertySource with lowest search precedence
13247 [main] DEBUG o.s.core.env.MutablePropertySources - Adding [systemProperties] PropertySource with lowest search precedence
13247 [main] DEBUG o.s.core.env.MutablePropertySources - Adding [systemEnvironment] PropertySource with lowest search precedence
13247 [main] DEBUG o.s.core.env.MutablePropertySources - Adding [random] PropertySource with lowest search precedence
13247 [main] DEBUG o.s.core.env.MutablePropertySources - Adding [applicationConfig: [classpath:/application.properties]] PropertySource with lowest search precedence
13247 [main] DEBUG o.s.core.env.MutablePropertySources - Adding [springCloudClientHostInfo] PropertySource with lowest search precedence
13247 [main] DEBUG o.s.core.env.MutablePropertySources - Adding [class path resource [eureka/server.properties]] PropertySource with lowest search precedence
13247 [main] DEBUG o.s.core.env.MutablePropertySources - Adding [defaultProperties] PropertySource with lowest search precedence
13247 [main] DEBUG o.s.core.env.MutablePropertySources - Adding [Management Server] PropertySource with lowest search precedence
13247 [main] DEBUG o.s.core.env.MutablePropertySources - Adding [localProperties] PropertySource with lowest search precedence
13250 [main] DEBUG o.s.b.f.s.DefaultListableBeanFactory - Returning cached instance of singleton bean 'spring.cloud.config-org.springframework.cloud.bootstrap.config.PropertySourceBootstrapProperties'
13251 [main] DEBUG o.s.core.env.MutablePropertySources - Adding [servletConfigInitParams] PropertySource with lowest search precedence
13252 [main] DEBUG o.s.core.env.MutablePropertySources - Adding [servletContextInitParams] PropertySource with lowest search precedence
13252 [main] DEBUG o.s.core.env.MutablePropertySources - Adding [systemProperties] PropertySource with lowest search precedence
13252 [main] DEBUG o.s.core.env.MutablePropertySources - Adding [systemEnvironment] PropertySource with lowest search precedence
13252 [main] DEBUG o.s.core.env.MutablePropertySources - Adding [random] PropertySource with lowest search precedence
13252 [main] DEBUG o.s.core.env.MutablePropertySources - Adding [applicationConfig: [classpath:/application.properties]] PropertySource with lowest search precedence
13252 [main] DEBUG o.s.core.env.MutablePropertySources - Adding [springCloudClientHostInfo] PropertySource with lowest search precedence
13252 [main] DEBUG o.s.core.env.MutablePropertySources - Adding [class path resource [eureka/server.properties]] PropertySource with lowest search precedence
13252 [main] DEBUG o.s.core.env.MutablePropertySources - Adding [defaultProperties] PropertySource with lowest search precedence
13252 [main] DEBUG o.s.core.env.MutablePropertySources - Adding [Management Server] PropertySource with lowest search precedence
13252 [main] DEBUG o.s.core.env.MutablePropertySources - Adding [localProperties] PropertySource with lowest search precedence
13254 [main] DEBUG o.s.core.env.MutablePropertySources - Adding [servletConfigInitParams] PropertySource with lowest search precedence
13254 [main] DEBUG o.s.core.env.MutablePropertySources - Adding [servletContextInitParams] PropertySource with lowest search precedence
13254 [main] DEBUG o.s.core.env.MutablePropertySources - Adding [systemProperties] PropertySource with lowest search precedence
13254 [main] DEBUG o.s.core.env.MutablePropertySources - Adding [systemEnvironment] PropertySource with lowest search precedence
13254 [main] DEBUG o.s.core.env.MutablePropertySources - Adding [random] PropertySource with lowest search precedence
13254 [main] DEBUG o.s.core.env.MutablePropertySources - Adding [applicationConfig: [classpath:/application.properties]] PropertySource with lowest search precedence
13254 [main] DEBUG o.s.core.env.MutablePropertySources - Adding [springCloudClientHostInfo] PropertySource with lowest search precedence
13254 [main] DEBUG o.s.core.env.MutablePropertySources - Adding [class path resource [eureka/server.properties]] PropertySource with lowest search precedence
13254 [main] DEBUG o.s.core.env.MutablePropertySources - Adding [defaultProperties] PropertySource with lowest search precedence
13254 [main] DEBUG o.s.core.env.MutablePropertySources - Adding [Management Server] PropertySource with lowest search precedence
13254 [main] DEBUG o.s.core.env.MutablePropertySources - Adding [localProperties] PropertySource with lowest search precedence
13255 [main] DEBUG o.s.b.f.s.DefaultListableBeanFactory - Returning cached instance of singleton bean 'endpoints.metrics.filter-org.springframework.boot.actuate.autoconfigure.MetricFilterProperties'
13255 [main] DEBUG o.s.core.env.MutablePropertySources - Adding [servletConfigInitParams] PropertySource with lowest search precedence
13255 [main] DEBUG o.s.core.env.MutablePropertySources - Adding [servletContextInitParams] PropertySource with lowest search precedence
13255 [main] DEBUG o.s.core.env.MutablePropertySources - Adding [systemProperties] PropertySource with lowest search precedence
13255 [main] DEBUG o.s.core.env.MutablePropertySources - Adding [systemEnvironment] PropertySource with lowest search precedence
13255 [main] DEBUG o.s.core.env.MutablePropertySources - Adding [random] PropertySource with lowest search precedence
13255 [main] DEBUG o.s.core.env.MutablePropertySources - Adding [applicationConfig: [classpath:/application.properties]] PropertySource with lowest search precedence
13255 [main] DEBUG o.s.core.env.MutablePropertySources - Adding [springCloudClientHostInfo] PropertySource with lowest search precedence
13255 [main] DEBUG o.s.core.env.MutablePropertySources - Adding [class path resource [eureka/server.properties]] PropertySource with lowest search precedence
13255 [main] DEBUG o.s.core.env.MutablePropertySources - Adding [defaultProperties] PropertySource with lowest search precedence
13255 [main] DEBUG o.s.core.env.MutablePropertySources - Adding [Management Server] PropertySource with lowest search precedence
13255 [main] DEBUG o.s.core.env.MutablePropertySources - Adding [localProperties] PropertySource with lowest search precedence
13256 [main] DEBUG o.s.core.env.MutablePropertySources - Adding [servletConfigInitParams] PropertySource with lowest search precedence
13256 [main] DEBUG o.s.core.env.MutablePropertySources - Adding [servletContextInitParams] PropertySource with lowest search precedence
13256 [main] DEBUG o.s.core.env.MutablePropertySources - Adding [systemProperties] PropertySource with lowest search precedence
13256 [main] DEBUG o.s.core.env.MutablePropertySources - Adding [systemEnvironment] PropertySource with lowest search precedence
13256 [main] DEBUG o.s.core.env.MutablePropertySources - Adding [random] PropertySource with lowest search precedence
13256 [main] DEBUG o.s.core.env.MutablePropertySources - Adding [applicationConfig: [classpath:/application.properties]] PropertySource with lowest search precedence
13256 [main] DEBUG o.s.core.env.MutablePropertySources - Adding [springCloudClientHostInfo] PropertySource with lowest search precedence
13256 [main] DEBUG o.s.core.env.MutablePropertySources - Adding [class path resource [eureka/server.properties]] PropertySource with lowest search precedence
13256 [main] DEBUG o.s.core.env.MutablePropertySources - Adding [defaultProperties] PropertySource with lowest search precedence
13256 [main] DEBUG o.s.core.env.MutablePropertySources - Adding [Management Server] PropertySource with lowest search precedence
13256 [main] DEBUG o.s.core.env.MutablePropertySources - Adding [localProperties] PropertySource with lowest search precedence
13257 [main] DEBUG o.s.b.f.s.DefaultListableBeanFactory - Returning cached instance of singleton bean 'eureka.dashboard-org.springframework.cloud.netflix.eureka.server.EurekaDashboardProperties'
13257 [main] DEBUG o.s.core.env.MutablePropertySources - Adding [servletConfigInitParams] PropertySource with lowest search precedence
13257 [main] DEBUG o.s.core.env.MutablePropertySources - Adding [servletContextInitParams] PropertySource with lowest search precedence
13257 [main] DEBUG o.s.core.env.MutablePropertySources - Adding [systemProperties] PropertySource with lowest search precedence
13257 [main] DEBUG o.s.core.env.MutablePropertySources - Adding [systemEnvironment] PropertySource with lowest search precedence
13257 [main] DEBUG o.s.core.env.MutablePropertySources - Adding [random] PropertySource with lowest search precedence
13257 [main] DEBUG o.s.core.env.MutablePropertySources - Adding [applicationConfig: [classpath:/application.properties]] PropertySource with lowest search precedence
13257 [main] DEBUG o.s.core.env.MutablePropertySources - Adding [springCloudClientHostInfo] PropertySource with lowest search precedence
13257 [main] DEBUG o.s.core.env.MutablePropertySources - Adding [class path resource [eureka/server.properties]] PropertySource with lowest search precedence
13257 [main] DEBUG o.s.core.env.MutablePropertySources - Adding [defaultProperties] PropertySource with lowest search precedence
13257 [main] DEBUG o.s.core.env.MutablePropertySources - Adding [Management Server] PropertySource with lowest search precedence
13257 [main] DEBUG o.s.core.env.MutablePropertySources - Adding [localProperties] PropertySource with lowest search precedence
13258 [main] DEBUG o.s.core.env.MutablePropertySources - Adding [servletConfigInitParams] PropertySource with lowest search precedence
13258 [main] DEBUG o.s.core.env.MutablePropertySources - Adding [servletContextInitParams] PropertySource with lowest search precedence
13258 [main] DEBUG o.s.core.env.MutablePropertySources - Adding [systemProperties] PropertySource with lowest search precedence
13258 [main] DEBUG o.s.core.env.MutablePropertySources - Adding [systemEnvironment] PropertySource with lowest search precedence
13258 [main] DEBUG o.s.core.env.MutablePropertySources - Adding [random] PropertySource with lowest search precedence
13258 [main] DEBUG o.s.core.env.MutablePropertySources - Adding [applicationConfig: [classpath:/application.properties]] PropertySource with lowest search precedence
13258 [main] DEBUG o.s.core.env.MutablePropertySources - Adding [springCloudClientHostInfo] PropertySource with lowest search precedence
13258 [main] DEBUG o.s.core.env.MutablePropertySources - Adding [class path resource [eureka/server.properties]] PropertySource with lowest search precedence
13258 [main] DEBUG o.s.core.env.MutablePropertySources - Adding [defaultProperties] PropertySource with lowest search precedence
13258 [main] DEBUG o.s.core.env.MutablePropertySources - Adding [Management Server] PropertySource with lowest search precedence
13258 [main] DEBUG o.s.core.env.MutablePropertySources - Adding [localProperties] PropertySource with lowest search precedence
13259 [main] DEBUG o.s.b.f.s.DefaultListableBeanFactory - Returning cached instance of singleton bean 'eurekaInstanceConfigBean'
13261 [main] DEBUG o.s.core.env.MutablePropertySources - Adding [servletConfigInitParams] PropertySource with lowest search precedence
13262 [main] DEBUG o.s.core.env.MutablePropertySources - Adding [servletContextInitParams] PropertySource with lowest search precedence
13262 [main] DEBUG o.s.core.env.MutablePropertySources - Adding [systemProperties] PropertySource with lowest search precedence
13262 [main] DEBUG o.s.core.env.MutablePropertySources - Adding [systemEnvironment] PropertySource with lowest search precedence
13262 [main] DEBUG o.s.core.env.MutablePropertySources - Adding [random] PropertySource with lowest search precedence
13262 [main] DEBUG o.s.core.env.MutablePropertySources - Adding [applicationConfig: [classpath:/application.properties]] PropertySource with lowest search precedence
13262 [main] DEBUG o.s.core.env.MutablePropertySources - Adding [springCloudClientHostInfo] PropertySource with lowest search precedence
13262 [main] DEBUG o.s.core.env.MutablePropertySources - Adding [class path resource [eureka/server.properties]] PropertySource with lowest search precedence
13262 [main] DEBUG o.s.core.env.MutablePropertySources - Adding [defaultProperties] PropertySource with lowest search precedence
13262 [main] DEBUG o.s.core.env.MutablePropertySources - Adding [Management Server] PropertySource with lowest search precedence
13262 [main] DEBUG o.s.core.env.MutablePropertySources - Adding [localProperties] PropertySource with lowest search precedence
13270 [main] DEBUG o.s.core.env.MutablePropertySources - Adding [servletConfigInitParams] PropertySource with lowest search precedence
13270 [main] DEBUG o.s.core.env.MutablePropertySources - Adding [servletContextInitParams] PropertySource with lowest search precedence
13270 [main] DEBUG o.s.core.env.MutablePropertySources - Adding [systemProperties] PropertySource with lowest search precedence
13270 [main] DEBUG o.s.core.env.MutablePropertySources - Adding [systemEnvironment] PropertySource with lowest search precedence
13270 [main] DEBUG o.s.core.env.MutablePropertySources - Adding [random] PropertySource with lowest search precedence
13270 [main] DEBUG o.s.core.env.MutablePropertySources - Adding [applicationConfig: [classpath:/application.properties]] PropertySource with lowest search precedence
13271 [main] DEBUG o.s.core.env.MutablePropertySources - Adding [springCloudClientHostInfo] PropertySource with lowest search precedence
13271 [main] DEBUG o.s.core.env.MutablePropertySources - Adding [class path resource [eureka/server.properties]] PropertySource with lowest search precedence
13271 [main] DEBUG o.s.core.env.MutablePropertySources - Adding [defaultProperties] PropertySource with lowest search precedence
13271 [main] DEBUG o.s.core.env.MutablePropertySources - Adding [Management Server] PropertySource with lowest search precedence
13271 [main] DEBUG o.s.core.env.MutablePropertySources - Adding [localProperties] PropertySource with lowest search precedence
13277 [main] DEBUG o.s.b.f.s.DefaultListableBeanFactory - Returning cached instance of singleton bean 'dumpEndpoint'
13278 [main] DEBUG o.s.core.env.MutablePropertySources - Adding [servletConfigInitParams] PropertySource with lowest search precedence
13278 [main] DEBUG o.s.core.env.MutablePropertySources - Adding [servletContextInitParams] PropertySource with lowest search precedence
13278 [main] DEBUG o.s.core.env.MutablePropertySources - Adding [systemProperties] PropertySource with lowest search precedence
13278 [main] DEBUG o.s.core.env.MutablePropertySources - Adding [systemEnvironment] PropertySource with lowest search precedence
13278 [main] DEBUG o.s.core.env.MutablePropertySources - Adding [random] PropertySource with lowest search precedence
13278 [main] DEBUG o.s.core.env.MutablePropertySources - Adding [applicationConfig: [classpath:/application.properties]] PropertySource with lowest search precedence
13278 [main] DEBUG o.s.core.env.MutablePropertySources - Adding [springCloudClientHostInfo] PropertySource with lowest search precedence
13278 [main] DEBUG o.s.core.env.MutablePropertySources - Adding [class path resource [eureka/server.properties]] PropertySource with lowest search precedence
13278 [main] DEBUG o.s.core.env.MutablePropertySources - Adding [defaultProperties] PropertySource with lowest search precedence
13278 [main] DEBUG o.s.core.env.MutablePropertySources - Adding [Management Server] PropertySource with lowest search precedence
13278 [main] DEBUG o.s.core.env.MutablePropertySources - Adding [localProperties] PropertySource with lowest search precedence
13279 [main] DEBUG o.s.core.env.MutablePropertySources - Adding [servletConfigInitParams] PropertySource with lowest search precedence
13279 [main] DEBUG o.s.core.env.MutablePropertySources - Adding [servletContextInitParams] PropertySource with lowest search precedence
13279 [main] DEBUG o.s.core.env.MutablePropertySources - Adding [systemProperties] PropertySource with lowest search precedence
13279 [main] DEBUG o.s.core.env.MutablePropertySources - Adding [systemEnvironment] PropertySource with lowest search precedence
13279 [main] DEBUG o.s.core.env.MutablePropertySources - Adding [random] PropertySource with lowest search precedence
13279 [main] DEBUG o.s.core.env.MutablePropertySources - Adding [applicationConfig: [classpath:/application.properties]] PropertySource with lowest search precedence
13279 [main] DEBUG o.s.core.env.MutablePropertySources - Adding [springCloudClientHostInfo] PropertySource with lowest search precedence
13279 [main] DEBUG o.s.core.env.MutablePropertySources - Adding [class path resource [eureka/server.properties]] PropertySource with lowest search precedence
13279 [main] DEBUG o.s.core.env.MutablePropertySources - Adding [defaultProperties] PropertySource with lowest search precedence
13279 [main] DEBUG o.s.core.env.MutablePropertySources - Adding [Management Server] PropertySource with lowest search precedence
13279 [main] DEBUG o.s.core.env.MutablePropertySources - Adding [localProperties] PropertySource with lowest search precedence
13280 [main] DEBUG o.s.b.f.s.DefaultListableBeanFactory - Returning cached instance of singleton bean 'autoConfigurationReportEndpoint'
13280 [main] DEBUG o.s.core.env.MutablePropertySources - Adding [servletConfigInitParams] PropertySource with lowest search precedence
13280 [main] DEBUG o.s.core.env.MutablePropertySources - Adding [servletContextInitParams] PropertySource with lowest search precedence
13280 [main] DEBUG o.s.core.env.MutablePropertySources - Adding [systemProperties] PropertySource with lowest search precedence
13280 [main] DEBUG o.s.core.env.MutablePropertySources - Adding [systemEnvironment] PropertySource with lowest search precedence
13280 [main] DEBUG o.s.core.env.MutablePropertySources - Adding [random] PropertySource with lowest search precedence
13281 [main] DEBUG o.s.core.env.MutablePropertySources - Adding [applicationConfig: [classpath:/application.properties]] PropertySource with lowest search precedence
13281 [main] DEBUG o.s.core.env.MutablePropertySources - Adding [springCloudClientHostInfo] PropertySource with lowest search precedence
13281 [main] DEBUG o.s.core.env.MutablePropertySources - Adding [class path resource [eureka/server.properties]] PropertySource with lowest search precedence
13281 [main] DEBUG o.s.core.env.MutablePropertySources - Adding [defaultProperties] PropertySource with lowest search precedence
13281 [main] DEBUG o.s.core.env.MutablePropertySources - Adding [Management Server] PropertySource with lowest search precedence
13281 [main] DEBUG o.s.core.env.MutablePropertySources - Adding [localProperties] PropertySource with lowest search precedence
13282 [main] DEBUG o.s.core.env.MutablePropertySources - Adding [servletConfigInitParams] PropertySource with lowest search precedence
13282 [main] DEBUG o.s.core.env.MutablePropertySources - Adding [servletContextInitParams] PropertySource with lowest search precedence
13282 [main] DEBUG o.s.core.env.MutablePropertySources - Adding [systemProperties] PropertySource with lowest search precedence
13282 [main] DEBUG o.s.core.env.MutablePropertySources - Adding [systemEnvironment] PropertySource with lowest search precedence
13282 [main] DEBUG o.s.core.env.MutablePropertySources - Adding [random] PropertySource with lowest search precedence
13282 [main] DEBUG o.s.core.env.MutablePropertySources - Adding [applicationConfig: [classpath:/application.properties]] PropertySource with lowest search precedence
13282 [main] DEBUG o.s.core.env.MutablePropertySources - Adding [springCloudClientHostInfo] PropertySource with lowest search precedence
13282 [main] DEBUG o.s.core.env.MutablePropertySources - Adding [class path resource [eureka/server.properties]] PropertySource with lowest search precedence
13282 [main] DEBUG o.s.core.env.MutablePropertySources - Adding [defaultProperties] PropertySource with lowest search precedence
13282 [main] DEBUG o.s.core.env.MutablePropertySources - Adding [Management Server] PropertySource with lowest search precedence
13282 [main] DEBUG o.s.core.env.MutablePropertySources - Adding [localProperties] PropertySource with lowest search precedence
13283 [main] DEBUG o.s.b.f.s.DefaultListableBeanFactory - Returning cached instance of singleton bean 'endpoints.jmx-org.springframework.boot.actuate.autoconfigure.EndpointMBeanExportProperties'
13284 [main] DEBUG o.s.core.env.MutablePropertySources - Adding [servletConfigInitParams] PropertySource with lowest search precedence
13284 [main] DEBUG o.s.core.env.MutablePropertySources - Adding [servletContextInitParams] PropertySource with lowest search precedence
13284 [main] DEBUG o.s.core.env.MutablePropertySources - Adding [systemProperties] PropertySource with lowest search precedence
13284 [main] DEBUG o.s.core.env.MutablePropertySources - Adding [systemEnvironment] PropertySource with lowest search precedence
13284 [main] DEBUG o.s.core.env.MutablePropertySources - Adding [random] PropertySource with lowest search precedence
13284 [main] DEBUG o.s.core.env.MutablePropertySources - Adding [applicationConfig: [classpath:/application.properties]] PropertySource with lowest search precedence
13284 [main] DEBUG o.s.core.env.MutablePropertySources - Adding [springCloudClientHostInfo] PropertySource with lowest search precedence
13284 [main] DEBUG o.s.core.env.MutablePropertySources - Adding [class path resource [eureka/server.properties]] PropertySource with lowest search precedence
13284 [main] DEBUG o.s.core.env.MutablePropertySources - Adding [defaultProperties] PropertySource with lowest search precedence
13284 [main] DEBUG o.s.core.env.MutablePropertySources - Adding [Management Server] PropertySource with lowest search precedence
13284 [main] DEBUG o.s.core.env.MutablePropertySources - Adding [localProperties] PropertySource with lowest search precedence
13285 [main] DEBUG o.s.core.env.MutablePropertySources - Adding [servletConfigInitParams] PropertySource with lowest search precedence
13285 [main] DEBUG o.s.core.env.MutablePropertySources - Adding [servletContextInitParams] PropertySource with lowest search precedence
13285 [main] DEBUG o.s.core.env.MutablePropertySources - Adding [systemProperties] PropertySource with lowest search precedence
13285 [main] DEBUG o.s.core.env.MutablePropertySources - Adding [systemEnvironment] PropertySource with lowest search precedence
13285 [main] DEBUG o.s.core.env.MutablePropertySources - Adding [random] PropertySource with lowest search precedence
13285 [main] DEBUG o.s.core.env.MutablePropertySources - Adding [applicationConfig: [classpath:/application.properties]] PropertySource with lowest search precedence
13285 [main] DEBUG o.s.core.env.MutablePropertySources - Adding [springCloudClientHostInfo] PropertySource with lowest search precedence
13285 [main] DEBUG o.s.core.env.MutablePropertySources - Adding [class path resource [eureka/server.properties]] PropertySource with lowest search precedence
13285 [main] DEBUG o.s.core.env.MutablePropertySources - Adding [defaultProperties] PropertySource with lowest search precedence
13285 [main] DEBUG o.s.core.env.MutablePropertySources - Adding [Management Server] PropertySource with lowest search precedence
13285 [main] DEBUG o.s.core.env.MutablePropertySources - Adding [localProperties] PropertySource with lowest search precedence
13286 [main] DEBUG o.s.b.f.s.DefaultListableBeanFactory - Returning cached instance of singleton bean 'encrypt-org.springframework.cloud.bootstrap.encrypt.KeyProperties'
13287 [main] DEBUG o.s.core.env.MutablePropertySources - Adding [servletConfigInitParams] PropertySource with lowest search precedence
13287 [main] DEBUG o.s.core.env.MutablePropertySources - Adding [servletContextInitParams] PropertySource with lowest search precedence
13287 [main] DEBUG o.s.core.env.MutablePropertySources - Adding [systemProperties] PropertySource with lowest search precedence
13287 [main] DEBUG o.s.core.env.MutablePropertySources - Adding [systemEnvironment] PropertySource with lowest search precedence
13287 [main] DEBUG o.s.core.env.MutablePropertySources - Adding [random] PropertySource with lowest search precedence
13288 [main] DEBUG o.s.core.env.MutablePropertySources - Adding [applicationConfig: [classpath:/application.properties]] PropertySource with lowest search precedence
13288 [main] DEBUG o.s.core.env.MutablePropertySources - Adding [springCloudClientHostInfo] PropertySource with lowest search precedence
13288 [main] DEBUG o.s.core.env.MutablePropertySources - Adding [class path resource [eureka/server.properties]] PropertySource with lowest search precedence
13288 [main] DEBUG o.s.core.env.MutablePropertySources - Adding [defaultProperties] PropertySource with lowest search precedence
13288 [main] DEBUG o.s.core.env.MutablePropertySources - Adding [Management Server] PropertySource with lowest search precedence
13288 [main] DEBUG o.s.core.env.MutablePropertySources - Adding [localProperties] PropertySource with lowest search precedence
13290 [main] DEBUG o.s.core.env.MutablePropertySources - Adding [servletConfigInitParams] PropertySource with lowest search precedence
13290 [main] DEBUG o.s.core.env.MutablePropertySources - Adding [servletContextInitParams] PropertySource with lowest search precedence
13290 [main] DEBUG o.s.core.env.MutablePropertySources - Adding [systemProperties] PropertySource with lowest search precedence
13290 [main] DEBUG o.s.core.env.MutablePropertySources - Adding [systemEnvironment] PropertySource with lowest search precedence
13290 [main] DEBUG o.s.core.env.MutablePropertySources - Adding [random] PropertySource with lowest search precedence
13290 [main] DEBUG o.s.core.env.MutablePropertySources - Adding [applicationConfig: [classpath:/application.properties]] PropertySource with lowest search precedence
13290 [main] DEBUG o.s.core.env.MutablePropertySources - Adding [springCloudClientHostInfo] PropertySource with lowest search precedence
13290 [main] DEBUG o.s.core.env.MutablePropertySources - Adding [class path resource [eureka/server.properties]] PropertySource with lowest search precedence
13290 [main] DEBUG o.s.core.env.MutablePropertySources - Adding [defaultProperties] PropertySource with lowest search precedence
13290 [main] DEBUG o.s.core.env.MutablePropertySources - Adding [Management Server] PropertySource with lowest search precedence
13290 [main] DEBUG o.s.core.env.MutablePropertySources - Adding [localProperties] PropertySource with lowest search precedence
13291 [main] DEBUG o.s.b.f.s.DefaultListableBeanFactory - Returning cached instance of singleton bean 'spring.http.encoding-org.springframework.boot.autoconfigure.web.HttpEncodingProperties'
13291 [main] DEBUG o.s.core.env.MutablePropertySources - Adding [servletConfigInitParams] PropertySource with lowest search precedence
13292 [main] DEBUG o.s.core.env.MutablePropertySources - Adding [servletContextInitParams] PropertySource with lowest search precedence
13292 [main] DEBUG o.s.core.env.MutablePropertySources - Adding [systemProperties] PropertySource with lowest search precedence
13292 [main] DEBUG o.s.core.env.MutablePropertySources - Adding [systemEnvironment] PropertySource with lowest search precedence
13292 [main] DEBUG o.s.core.env.MutablePropertySources - Adding [random] PropertySource with lowest search precedence
13292 [main] DEBUG o.s.core.env.MutablePropertySources - Adding [applicationConfig: [classpath:/application.properties]] PropertySource with lowest search precedence
13292 [main] DEBUG o.s.core.env.MutablePropertySources - Adding [springCloudClientHostInfo] PropertySource with lowest search precedence
13292 [main] DEBUG o.s.core.env.MutablePropertySources - Adding [class path resource [eureka/server.properties]] PropertySource with lowest search precedence
13292 [main] DEBUG o.s.core.env.MutablePropertySources - Adding [defaultProperties] PropertySource with lowest search precedence
13292 [main] DEBUG o.s.core.env.MutablePropertySources - Adding [Management Server] PropertySource with lowest search precedence
13292 [main] DEBUG o.s.core.env.MutablePropertySources - Adding [localProperties] PropertySource with lowest search precedence
13293 [main] DEBUG o.s.core.env.MutablePropertySources - Adding [servletConfigInitParams] PropertySource with lowest search precedence
13293 [main] DEBUG o.s.core.env.MutablePropertySources - Adding [servletContextInitParams] PropertySource with lowest search precedence
13293 [main] DEBUG o.s.core.env.MutablePropertySources - Adding [systemProperties] PropertySource with lowest search precedence
13293 [main] DEBUG o.s.core.env.MutablePropertySources - Adding [systemEnvironment] PropertySource with lowest search precedence
13293 [main] DEBUG o.s.core.env.MutablePropertySources - Adding [random] PropertySource with lowest search precedence
13293 [main] DEBUG o.s.core.env.MutablePropertySources - Adding [applicationConfig: [classpath:/application.properties]] PropertySource with lowest search precedence
13293 [main] DEBUG o.s.core.env.MutablePropertySources - Adding [springCloudClientHostInfo] PropertySource with lowest search precedence
13293 [main] DEBUG o.s.core.env.MutablePropertySources - Adding [class path resource [eureka/server.properties]] PropertySource with lowest search precedence
13293 [main] DEBUG o.s.core.env.MutablePropertySources - Adding [defaultProperties] PropertySource with lowest search precedence
13293 [main] DEBUG o.s.core.env.MutablePropertySources - Adding [Management Server] PropertySource with lowest search precedence
13293 [main] DEBUG o.s.core.env.MutablePropertySources - Adding [localProperties] PropertySource with lowest search precedence
13293 [main] DEBUG o.s.c.e.PropertySourcesPropertyResolver - Found key 'spring.http.encoding.force' in [class path resource [eureka/server.properties]] with type [String]
13294 [main] DEBUG o.s.core.env.MutablePropertySources - Adding [servletConfigInitParams] PropertySource with lowest search precedence
13294 [main] DEBUG o.s.core.env.MutablePropertySources - Adding [servletContextInitParams] PropertySource with lowest search precedence
13294 [main] DEBUG o.s.core.env.MutablePropertySources - Adding [systemProperties] PropertySource with lowest search precedence
13294 [main] DEBUG o.s.core.env.MutablePropertySources - Adding [systemEnvironment] PropertySource with lowest search precedence
13294 [main] DEBUG o.s.core.env.MutablePropertySources - Adding [random] PropertySource with lowest search precedence
13294 [main] DEBUG o.s.core.env.MutablePropertySources - Adding [applicationConfig: [classpath:/application.properties]] PropertySource with lowest search precedence
13294 [main] DEBUG o.s.core.env.MutablePropertySources - Adding [springCloudClientHostInfo] PropertySource with lowest search precedence
13294 [main] DEBUG o.s.core.env.MutablePropertySources - Adding [class path resource [eureka/server.properties]] PropertySource with lowest search precedence
13294 [main] DEBUG o.s.core.env.MutablePropertySources - Adding [defaultProperties] PropertySource with lowest search precedence
13294 [main] DEBUG o.s.core.env.MutablePropertySources - Adding [Management Server] PropertySource with lowest search precedence
13294 [main] DEBUG o.s.core.env.MutablePropertySources - Adding [localProperties] PropertySource with lowest search precedence
13294 [main] DEBUG o.s.core.env.MutablePropertySources - Adding [servletConfigInitParams] PropertySource with lowest search precedence
13294 [main] DEBUG o.s.core.env.MutablePropertySources - Adding [servletContextInitParams] PropertySource with lowest search precedence
13294 [main] DEBUG o.s.core.env.MutablePropertySources - Adding [systemProperties] PropertySource with lowest search precedence
13294 [main] DEBUG o.s.core.env.MutablePropertySources - Adding [systemEnvironment] PropertySource with lowest search precedence
13294 [main] DEBUG o.s.core.env.MutablePropertySources - Adding [random] PropertySource with lowest search precedence
13294 [main] DEBUG o.s.core.env.MutablePropertySources - Adding [applicationConfig: [classpath:/application.properties]] PropertySource with lowest search precedence
13294 [main] DEBUG o.s.core.env.MutablePropertySources - Adding [springCloudClientHostInfo] PropertySource with lowest search precedence
13295 [main] DEBUG o.s.core.env.MutablePropertySources - Adding [class path resource [eureka/server.properties]] PropertySource with lowest search precedence
13295 [main] DEBUG o.s.core.env.MutablePropertySources - Adding [defaultProperties] PropertySource with lowest search precedence
13295 [main] DEBUG o.s.core.env.MutablePropertySources - Adding [Management Server] PropertySource with lowest search precedence
13295 [main] DEBUG o.s.core.env.MutablePropertySources - Adding [localProperties] PropertySource with lowest search precedence
13295 [main] DEBUG o.s.c.e.PropertySourcesPropertyResolver - Found key 'spring.http.encoding.force' in [class path resource [eureka/server.properties]] with type [String]
13295 [main] DEBUG o.s.b.f.s.DefaultListableBeanFactory - Returning cached instance of singleton bean 'shutdownEndpoint'
13295 [main] DEBUG o.s.core.env.MutablePropertySources - Adding [servletConfigInitParams] PropertySource with lowest search precedence
13295 [main] DEBUG o.s.core.env.MutablePropertySources - Adding [servletContextInitParams] PropertySource with lowest search precedence
13296 [main] DEBUG o.s.core.env.MutablePropertySources - Adding [systemProperties] PropertySource with lowest search precedence
13296 [main] DEBUG o.s.core.env.MutablePropertySources - Adding [systemEnvironment] PropertySource with lowest search precedence
13296 [main] DEBUG o.s.core.env.MutablePropertySources - Adding [random] PropertySource with lowest search precedence
13296 [main] DEBUG o.s.core.env.MutablePropertySources - Adding [applicationConfig: [classpath:/application.properties]] PropertySource with lowest search precedence
13296 [main] DEBUG o.s.core.env.MutablePropertySources - Adding [springCloudClientHostInfo] PropertySource with lowest search precedence
13296 [main] DEBUG o.s.core.env.MutablePropertySources - Adding [class path resource [eureka/server.properties]] PropertySource with lowest search precedence
13296 [main] DEBUG o.s.core.env.MutablePropertySources - Adding [defaultProperties] PropertySource with lowest search precedence
13296 [main] DEBUG o.s.core.env.MutablePropertySources - Adding [Management Server] PropertySource with lowest search precedence
13296 [main] DEBUG o.s.core.env.MutablePropertySources - Adding [localProperties] PropertySource with lowest search precedence
13297 [main] DEBUG o.s.core.env.MutablePropertySources - Adding [servletConfigInitParams] PropertySource with lowest search precedence
13297 [main] DEBUG o.s.core.env.MutablePropertySources - Adding [servletContextInitParams] PropertySource with lowest search precedence
13297 [main] DEBUG o.s.core.env.MutablePropertySources - Adding [systemProperties] PropertySource with lowest search precedence
13297 [main] DEBUG o.s.core.env.MutablePropertySources - Adding [systemEnvironment] PropertySource with lowest search precedence
13297 [main] DEBUG o.s.core.env.MutablePropertySources - Adding [random] PropertySource with lowest search precedence
13297 [main] DEBUG o.s.core.env.MutablePropertySources - Adding [applicationConfig: [classpath:/application.properties]] PropertySource with lowest search precedence
13297 [main] DEBUG o.s.core.env.MutablePropertySources - Adding [springCloudClientHostInfo] PropertySource with lowest search precedence
13297 [main] DEBUG o.s.core.env.MutablePropertySources - Adding [class path resource [eureka/server.properties]] PropertySource with lowest search precedence
13297 [main] DEBUG o.s.core.env.MutablePropertySources - Adding [defaultProperties] PropertySource with lowest search precedence
13297 [main] DEBUG o.s.core.env.MutablePropertySources - Adding [Management Server] PropertySource with lowest search precedence
13297 [main] DEBUG o.s.core.env.MutablePropertySources - Adding [localProperties] PropertySource with lowest search precedence
13298 [main] DEBUG o.s.b.f.s.DefaultListableBeanFactory - Returning cached instance of singleton bean 'beansEndpoint'
13299 [main] DEBUG o.s.core.env.MutablePropertySources - Adding [servletConfigInitParams] PropertySource with lowest search precedence
13299 [main] DEBUG o.s.core.env.MutablePropertySources - Adding [servletContextInitParams] PropertySource with lowest search precedence
13299 [main] DEBUG o.s.core.env.MutablePropertySources - Adding [systemProperties] PropertySource with lowest search precedence
13299 [main] DEBUG o.s.core.env.MutablePropertySources - Adding [systemEnvironment] PropertySource with lowest search precedence
13299 [main] DEBUG o.s.core.env.MutablePropertySources - Adding [random] PropertySource with lowest search precedence
13299 [main] DEBUG o.s.core.env.MutablePropertySources - Adding [applicationConfig: [classpath:/application.properties]] PropertySource with lowest search precedence
13299 [main] DEBUG o.s.core.env.MutablePropertySources - Adding [springCloudClientHostInfo] PropertySource with lowest search precedence
13299 [main] DEBUG o.s.core.env.MutablePropertySources - Adding [class path resource [eureka/server.properties]] PropertySource with lowest search precedence
13299 [main] DEBUG o.s.core.env.MutablePropertySources - Adding [defaultProperties] PropertySource with lowest search precedence
13299 [main] DEBUG o.s.core.env.MutablePropertySources - Adding [Management Server] PropertySource with lowest search precedence
13299 [main] DEBUG o.s.core.env.MutablePropertySources - Adding [localProperties] PropertySource with lowest search precedence
13300 [main] DEBUG o.s.c.e.PropertySourcesPropertyResolver - Could not find key 'spring.liveBeansView.mbeanDomain' in any property source
13301 [main] DEBUG o.s.core.env.MutablePropertySources - Adding [servletConfigInitParams] PropertySource with lowest search precedence
13301 [main] DEBUG o.s.core.env.MutablePropertySources - Adding [servletContextInitParams] PropertySource with lowest search precedence
13301 [main] DEBUG o.s.core.env.MutablePropertySources - Adding [systemProperties] PropertySource with lowest search precedence
13301 [main] DEBUG o.s.core.env.MutablePropertySources - Adding [systemEnvironment] PropertySource with lowest search precedence
13301 [main] DEBUG o.s.core.env.MutablePropertySources - Adding [random] PropertySource with lowest search precedence
13301 [main] DEBUG o.s.core.env.MutablePropertySources - Adding [applicationConfig: [classpath:/application.properties]] PropertySource with lowest search precedence
13301 [main] DEBUG o.s.core.env.MutablePropertySources - Adding [springCloudClientHostInfo] PropertySource with lowest search precedence
13301 [main] DEBUG o.s.core.env.MutablePropertySources - Adding [class path resource [eureka/server.properties]] PropertySource with lowest search precedence
13301 [main] DEBUG o.s.core.env.MutablePropertySources - Adding [defaultProperties] PropertySource with lowest search precedence
13301 [main] DEBUG o.s.core.env.MutablePropertySources - Adding [Management Server] PropertySource with lowest search precedence
13301 [main] DEBUG o.s.core.env.MutablePropertySources - Adding [localProperties] PropertySource with lowest search precedence
13302 [main] DEBUG o.s.b.f.s.DefaultListableBeanFactory - Returning cached instance of singleton bean 'pauseEndpoint'
13302 [main] DEBUG o.s.core.env.MutablePropertySources - Adding [servletConfigInitParams] PropertySource with lowest search precedence
13302 [main] DEBUG o.s.core.env.MutablePropertySources - Adding [servletContextInitParams] PropertySource with lowest search precedence
13302 [main] DEBUG o.s.core.env.MutablePropertySources - Adding [systemProperties] PropertySource with lowest search precedence
13302 [main] DEBUG o.s.core.env.MutablePropertySources - Adding [systemEnvironment] PropertySource with lowest search precedence
13302 [main] DEBUG o.s.core.env.MutablePropertySources - Adding [random] PropertySource with lowest search precedence
13302 [main] DEBUG o.s.core.env.MutablePropertySources - Adding [applicationConfig: [classpath:/application.properties]] PropertySource with lowest search precedence
13302 [main] DEBUG o.s.core.env.MutablePropertySources - Adding [springCloudClientHostInfo] PropertySource with lowest search precedence
13302 [main] DEBUG o.s.core.env.MutablePropertySources - Adding [class path resource [eureka/server.properties]] PropertySource with lowest search precedence
13302 [main] DEBUG o.s.core.env.MutablePropertySources - Adding [defaultProperties] PropertySource with lowest search precedence
13302 [main] DEBUG o.s.core.env.MutablePropertySources - Adding [Management Server] PropertySource with lowest search precedence
13302 [main] DEBUG o.s.core.env.MutablePropertySources - Adding [localProperties] PropertySource with lowest search precedence
13303 [main] DEBUG o.s.core.env.MutablePropertySources - Adding [servletConfigInitParams] PropertySource with lowest search precedence
13304 [main] DEBUG o.s.core.env.MutablePropertySources - Adding [servletContextInitParams] PropertySource with lowest search precedence
13304 [main] DEBUG o.s.core.env.MutablePropertySources - Adding [systemProperties] PropertySource with lowest search precedence
13304 [main] DEBUG o.s.core.env.MutablePropertySources - Adding [systemEnvironment] PropertySource with lowest search precedence
13304 [main] DEBUG o.s.core.env.MutablePropertySources - Adding [random] PropertySource with lowest search precedence
13304 [main] DEBUG o.s.core.env.MutablePropertySources - Adding [applicationConfig: [classpath:/application.properties]] PropertySource with lowest search precedence
13304 [main] DEBUG o.s.core.env.MutablePropertySources - Adding [springCloudClientHostInfo] PropertySource with lowest search precedence
13304 [main] DEBUG o.s.core.env.MutablePropertySources - Adding [class path resource [eureka/server.properties]] PropertySource with lowest search precedence
13304 [main] DEBUG o.s.core.env.MutablePropertySources - Adding [defaultProperties] PropertySource with lowest search precedence
13304 [main] DEBUG o.s.core.env.MutablePropertySources - Adding [Management Server] PropertySource with lowest search precedence
13304 [main] DEBUG o.s.core.env.MutablePropertySources - Adding [localProperties] PropertySource with lowest search precedence
13305 [main] DEBUG o.s.b.f.s.DefaultListableBeanFactory - Returning cached instance of singleton bean 'managementServerProperties'
13305 [main] DEBUG o.s.core.env.MutablePropertySources - Adding [servletConfigInitParams] PropertySource with lowest search precedence
13305 [main] DEBUG o.s.core.env.MutablePropertySources - Adding [servletContextInitParams] PropertySource with lowest search precedence
13305 [main] DEBUG o.s.core.env.MutablePropertySources - Adding [systemProperties] PropertySource with lowest search precedence
13305 [main] DEBUG o.s.core.env.MutablePropertySources - Adding [systemEnvironment] PropertySource with lowest search precedence
13305 [main] DEBUG o.s.core.env.MutablePropertySources - Adding [random] PropertySource with lowest search precedence
13305 [main] DEBUG o.s.core.env.MutablePropertySources - Adding [applicationConfig: [classpath:/application.properties]] PropertySource with lowest search precedence
13305 [main] DEBUG o.s.core.env.MutablePropertySources - Adding [springCloudClientHostInfo] PropertySource with lowest search precedence
13305 [main] DEBUG o.s.core.env.MutablePropertySources - Adding [class path resource [eureka/server.properties]] PropertySource with lowest search precedence
13305 [main] DEBUG o.s.core.env.MutablePropertySources - Adding [defaultProperties] PropertySource with lowest search precedence
13305 [main] DEBUG o.s.core.env.MutablePropertySources - Adding [Management Server] PropertySource with lowest search precedence
13305 [main] DEBUG o.s.core.env.MutablePropertySources - Adding [localProperties] PropertySource with lowest search precedence
13306 [main] DEBUG o.s.core.env.MutablePropertySources - Adding [servletConfigInitParams] PropertySource with lowest search precedence
13306 [main] DEBUG o.s.core.env.MutablePropertySources - Adding [servletContextInitParams] PropertySource with lowest search precedence
13306 [main] DEBUG o.s.core.env.MutablePropertySources - Adding [systemProperties] PropertySource with lowest search precedence
13306 [main] DEBUG o.s.core.env.MutablePropertySources - Adding [systemEnvironment] PropertySource with lowest search precedence
13306 [main] DEBUG o.s.core.env.MutablePropertySources - Adding [random] PropertySource with lowest search precedence
13306 [main] DEBUG o.s.core.env.MutablePropertySources - Adding [applicationConfig: [classpath:/application.properties]] PropertySource with lowest search precedence
13306 [main] DEBUG o.s.core.env.MutablePropertySources - Adding [springCloudClientHostInfo] PropertySource with lowest search precedence
13306 [main] DEBUG o.s.core.env.MutablePropertySources - Adding [class path resource [eureka/server.properties]] PropertySource with lowest search precedence
13306 [main] DEBUG o.s.core.env.MutablePropertySources - Adding [defaultProperties] PropertySource with lowest search precedence
13306 [main] DEBUG o.s.core.env.MutablePropertySources - Adding [Management Server] PropertySource with lowest search precedence
13306 [main] DEBUG o.s.core.env.MutablePropertySources - Adding [localProperties] PropertySource with lowest search precedence
13307 [main] DEBUG o.s.b.f.s.DefaultListableBeanFactory - Returning cached instance of singleton bean 'requestMappingEndpoint'
13307 [main] DEBUG o.s.core.env.MutablePropertySources - Adding [servletConfigInitParams] PropertySource with lowest search precedence
13308 [main] DEBUG o.s.core.env.MutablePropertySources - Adding [servletContextInitParams] PropertySource with lowest search precedence
13308 [main] DEBUG o.s.core.env.MutablePropertySources - Adding [systemProperties] PropertySource with lowest search precedence
13308 [main] DEBUG o.s.core.env.MutablePropertySources - Adding [systemEnvironment] PropertySource with lowest search precedence
13308 [main] DEBUG o.s.core.env.MutablePropertySources - Adding [random] PropertySource with lowest search precedence
13308 [main] DEBUG o.s.core.env.MutablePropertySources - Adding [applicationConfig: [classpath:/application.properties]] PropertySource with lowest search precedence
13308 [main] DEBUG o.s.core.env.MutablePropertySources - Adding [springCloudClientHostInfo] PropertySource with lowest search precedence
13308 [main] DEBUG o.s.core.env.MutablePropertySources - Adding [class path resource [eureka/server.properties]] PropertySource with lowest search precedence
13308 [main] DEBUG o.s.core.env.MutablePropertySources - Adding [defaultProperties] PropertySource with lowest search precedence
13308 [main] DEBUG o.s.core.env.MutablePropertySources - Adding [Management Server] PropertySource with lowest search precedence
13308 [main] DEBUG o.s.core.env.MutablePropertySources - Adding [localProperties] PropertySource with lowest search precedence
13310 [main] DEBUG o.s.core.env.MutablePropertySources - Adding [servletConfigInitParams] PropertySource with lowest search precedence
13310 [main] DEBUG o.s.core.env.MutablePropertySources - Adding [servletContextInitParams] PropertySource with lowest search precedence
13310 [main] DEBUG o.s.core.env.MutablePropertySources - Adding [systemProperties] PropertySource with lowest search precedence
13310 [main] DEBUG o.s.core.env.MutablePropertySources - Adding [systemEnvironment] PropertySource with lowest search precedence
13310 [main] DEBUG o.s.core.env.MutablePropertySources - Adding [random] PropertySource with lowest search precedence
13310 [main] DEBUG o.s.core.env.MutablePropertySources - Adding [applicationConfig: [classpath:/application.properties]] PropertySource with lowest search precedence
13310 [main] DEBUG o.s.core.env.MutablePropertySources - Adding [springCloudClientHostInfo] PropertySource with lowest search precedence
13310 [main] DEBUG o.s.core.env.MutablePropertySources - Adding [class path resource [eureka/server.properties]] PropertySource with lowest search precedence
13310 [main] DEBUG o.s.core.env.MutablePropertySources - Adding [defaultProperties] PropertySource with lowest search precedence
13310 [main] DEBUG o.s.core.env.MutablePropertySources - Adding [Management Server] PropertySource with lowest search precedence
13310 [main] DEBUG o.s.core.env.MutablePropertySources - Adding [localProperties] PropertySource with lowest search precedence
13312 [main] DEBUG o.s.b.f.s.DefaultListableBeanFactory - Returning cached instance of singleton bean 'endpoints.health-org.springframework.boot.actuate.autoconfigure.HealthMvcEndpointProperties'
13312 [main] DEBUG o.s.core.env.MutablePropertySources - Adding [servletConfigInitParams] PropertySource with lowest search precedence
13312 [main] DEBUG o.s.core.env.MutablePropertySources - Adding [servletContextInitParams] PropertySource with lowest search precedence
13312 [main] DEBUG o.s.core.env.MutablePropertySources - Adding [systemProperties] PropertySource with lowest search precedence
13312 [main] DEBUG o.s.core.env.MutablePropertySources - Adding [systemEnvironment] PropertySource with lowest search precedence
13312 [main] DEBUG o.s.core.env.MutablePropertySources - Adding [random] PropertySource with lowest search precedence
13312 [main] DEBUG o.s.core.env.MutablePropertySources - Adding [applicationConfig: [classpath:/application.properties]] PropertySource with lowest search precedence
13312 [main] DEBUG o.s.core.env.MutablePropertySources - Adding [springCloudClientHostInfo] PropertySource with lowest search precedence
13312 [main] DEBUG o.s.core.env.MutablePropertySources - Adding [class path resource [eureka/server.properties]] PropertySource with lowest search precedence
13312 [main] DEBUG o.s.core.env.MutablePropertySources - Adding [defaultProperties] PropertySource with lowest search precedence
13312 [main] DEBUG o.s.core.env.MutablePropertySources - Adding [Management Server] PropertySource with lowest search precedence
13312 [main] DEBUG o.s.core.env.MutablePropertySources - Adding [localProperties] PropertySource with lowest search precedence
13312 [main] DEBUG o.s.core.env.MutablePropertySources - Adding [servletConfigInitParams] PropertySource with lowest search precedence
13312 [main] DEBUG o.s.core.env.MutablePropertySources - Adding [servletContextInitParams] PropertySource with lowest search precedence
13312 [main] DEBUG o.s.core.env.MutablePropertySources - Adding [systemProperties] PropertySource with lowest search precedence
13312 [main] DEBUG o.s.core.env.MutablePropertySources - Adding [systemEnvironment] PropertySource with lowest search precedence
13312 [main] DEBUG o.s.core.env.MutablePropertySources - Adding [random] PropertySource with lowest search precedence
13312 [main] DEBUG o.s.core.env.MutablePropertySources - Adding [applicationConfig: [classpath:/application.properties]] PropertySource with lowest search precedence
13312 [main] DEBUG o.s.core.env.MutablePropertySources - Adding [springCloudClientHostInfo] PropertySource with lowest search precedence
13312 [main] DEBUG o.s.core.env.MutablePropertySources - Adding [class path resource [eureka/server.properties]] PropertySource with lowest search precedence
13313 [main] DEBUG o.s.core.env.MutablePropertySources - Adding [defaultProperties] PropertySource with lowest search precedence
13313 [main] DEBUG o.s.core.env.MutablePropertySources - Adding [Management Server] PropertySource with lowest search precedence
13313 [main] DEBUG o.s.core.env.MutablePropertySources - Adding [localProperties] PropertySource with lowest search precedence
13313 [main] DEBUG o.s.b.f.s.DefaultListableBeanFactory - Returning cached instance of singleton bean 'refreshEndpoint'
13313 [main] DEBUG o.s.core.env.MutablePropertySources - Adding [servletConfigInitParams] PropertySource with lowest search precedence
13313 [main] DEBUG o.s.core.env.MutablePropertySources - Adding [servletContextInitParams] PropertySource with lowest search precedence
13313 [main] DEBUG o.s.core.env.MutablePropertySources - Adding [systemProperties] PropertySource with lowest search precedence
13313 [main] DEBUG o.s.core.env.MutablePropertySources - Adding [systemEnvironment] PropertySource with lowest search precedence
13313 [main] DEBUG o.s.core.env.MutablePropertySources - Adding [random] PropertySource with lowest search precedence
13313 [main] DEBUG o.s.core.env.MutablePropertySources - Adding [applicationConfig: [classpath:/application.properties]] PropertySource with lowest search precedence
13313 [main] DEBUG o.s.core.env.MutablePropertySources - Adding [springCloudClientHostInfo] PropertySource with lowest search precedence
13313 [main] DEBUG o.s.core.env.MutablePropertySources - Adding [class path resource [eureka/server.properties]] PropertySource with lowest search precedence
13313 [main] DEBUG o.s.core.env.MutablePropertySources - Adding [defaultProperties] PropertySource with lowest search precedence
13313 [main] DEBUG o.s.core.env.MutablePropertySources - Adding [Management Server] PropertySource with lowest search precedence
13313 [main] DEBUG o.s.core.env.MutablePropertySources - Adding [localProperties] PropertySource with lowest search precedence
13314 [main] DEBUG o.s.core.env.MutablePropertySources - Adding [servletConfigInitParams] PropertySource with lowest search precedence
13314 [main] DEBUG o.s.core.env.MutablePropertySources - Adding [servletContextInitParams] PropertySource with lowest search precedence
13314 [main] DEBUG o.s.core.env.MutablePropertySources - Adding [systemProperties] PropertySource with lowest search precedence
13314 [main] DEBUG o.s.core.env.MutablePropertySources - Adding [systemEnvironment] PropertySource with lowest search precedence
13314 [main] DEBUG o.s.core.env.MutablePropertySources - Adding [random] PropertySource with lowest search precedence
13314 [main] DEBUG o.s.core.env.MutablePropertySources - Adding [applicationConfig: [classpath:/application.properties]] PropertySource with lowest search precedence
13314 [main] DEBUG o.s.core.env.MutablePropertySources - Adding [springCloudClientHostInfo] PropertySource with lowest search precedence
13314 [main] DEBUG o.s.core.env.MutablePropertySources - Adding [class path resource [eureka/server.properties]] PropertySource with lowest search precedence
13314 [main] DEBUG o.s.core.env.MutablePropertySources - Adding [defaultProperties] PropertySource with lowest search precedence
13314 [main] DEBUG o.s.core.env.MutablePropertySources - Adding [Management Server] PropertySource with lowest search precedence
13314 [main] DEBUG o.s.core.env.MutablePropertySources - Adding [localProperties] PropertySource with lowest search precedence
13315 [main] DEBUG o.s.b.f.s.DefaultListableBeanFactory - Returning cached instance of singleton bean 'spring.mvc-org.springframework.boot.autoconfigure.web.WebMvcProperties'
13316 [main] DEBUG o.s.core.env.MutablePropertySources - Adding [servletConfigInitParams] PropertySource with lowest search precedence
13316 [main] DEBUG o.s.core.env.MutablePropertySources - Adding [servletContextInitParams] PropertySource with lowest search precedence
13316 [main] DEBUG o.s.core.env.MutablePropertySources - Adding [systemProperties] PropertySource with lowest search precedence
13316 [main] DEBUG o.s.core.env.MutablePropertySources - Adding [systemEnvironment] PropertySource with lowest search precedence
13316 [main] DEBUG o.s.core.env.MutablePropertySources - Adding [random] PropertySource with lowest search precedence
13316 [main] DEBUG o.s.core.env.MutablePropertySources - Adding [applicationConfig: [classpath:/application.properties]] PropertySource with lowest search precedence
13316 [main] DEBUG o.s.core.env.MutablePropertySources - Adding [springCloudClientHostInfo] PropertySource with lowest search precedence
13316 [main] DEBUG o.s.core.env.MutablePropertySources - Adding [class path resource [eureka/server.properties]] PropertySource with lowest search precedence
13316 [main] DEBUG o.s.core.env.MutablePropertySources - Adding [defaultProperties] PropertySource with lowest search precedence
13316 [main] DEBUG o.s.core.env.MutablePropertySources - Adding [Management Server] PropertySource with lowest search precedence
13316 [main] DEBUG o.s.core.env.MutablePropertySources - Adding [localProperties] PropertySource with lowest search precedence
13321 [main] DEBUG o.s.core.env.MutablePropertySources - Adding [servletConfigInitParams] PropertySource with lowest search precedence
13321 [main] DEBUG o.s.core.env.MutablePropertySources - Adding [servletContextInitParams] PropertySource with lowest search precedence
13321 [main] DEBUG o.s.core.env.MutablePropertySources - Adding [systemProperties] PropertySource with lowest search precedence
13321 [main] DEBUG o.s.core.env.MutablePropertySources - Adding [systemEnvironment] PropertySource with lowest search precedence
13321 [main] DEBUG o.s.core.env.MutablePropertySources - Adding [random] PropertySource with lowest search precedence
13321 [main] DEBUG o.s.core.env.MutablePropertySources - Adding [applicationConfig: [classpath:/application.properties]] PropertySource with lowest search precedence
13321 [main] DEBUG o.s.core.env.MutablePropertySources - Adding [springCloudClientHostInfo] PropertySource with lowest search precedence
13321 [main] DEBUG o.s.core.env.MutablePropertySources - Adding [class path resource [eureka/server.properties]] PropertySource with lowest search precedence
13321 [main] DEBUG o.s.core.env.MutablePropertySources - Adding [defaultProperties] PropertySource with lowest search precedence
13321 [main] DEBUG o.s.core.env.MutablePropertySources - Adding [Management Server] PropertySource with lowest search precedence
13321 [main] DEBUG o.s.core.env.MutablePropertySources - Adding [localProperties] PropertySource with lowest search precedence
13325 [main] DEBUG o.s.b.f.s.DefaultListableBeanFactory - Returning cached instance of singleton bean 'diskSpaceHealthIndicatorProperties'
13325 [main] DEBUG o.s.core.env.MutablePropertySources - Adding [servletConfigInitParams] PropertySource with lowest search precedence
13325 [main] DEBUG o.s.core.env.MutablePropertySources - Adding [servletContextInitParams] PropertySource with lowest search precedence
13325 [main] DEBUG o.s.core.env.MutablePropertySources - Adding [systemProperties] PropertySource with lowest search precedence
13325 [main] DEBUG o.s.core.env.MutablePropertySources - Adding [systemEnvironment] PropertySource with lowest search precedence
13325 [main] DEBUG o.s.core.env.MutablePropertySources - Adding [random] PropertySource with lowest search precedence
13325 [main] DEBUG o.s.core.env.MutablePropertySources - Adding [applicationConfig: [classpath:/application.properties]] PropertySource with lowest search precedence
13325 [main] DEBUG o.s.core.env.MutablePropertySources - Adding [springCloudClientHostInfo] PropertySource with lowest search precedence
13325 [main] DEBUG o.s.core.env.MutablePropertySources - Adding [class path resource [eureka/server.properties]] PropertySource with lowest search precedence
13325 [main] DEBUG o.s.core.env.MutablePropertySources - Adding [defaultProperties] PropertySource with lowest search precedence
13325 [main] DEBUG o.s.core.env.MutablePropertySources - Adding [Management Server] PropertySource with lowest search precedence
13325 [main] DEBUG o.s.core.env.MutablePropertySources - Adding [localProperties] PropertySource with lowest search precedence
13326 [main] DEBUG o.s.core.env.MutablePropertySources - Adding [servletConfigInitParams] PropertySource with lowest search precedence
13326 [main] DEBUG o.s.core.env.MutablePropertySources - Adding [servletContextInitParams] PropertySource with lowest search precedence
13326 [main] DEBUG o.s.core.env.MutablePropertySources - Adding [systemProperties] PropertySource with lowest search precedence
13326 [main] DEBUG o.s.core.env.MutablePropertySources - Adding [systemEnvironment] PropertySource with lowest search precedence
13326 [main] DEBUG o.s.core.env.MutablePropertySources - Adding [random] PropertySource with lowest search precedence
13326 [main] DEBUG o.s.core.env.MutablePropertySources - Adding [applicationConfig: [classpath:/application.properties]] PropertySource with lowest search precedence
13326 [main] DEBUG o.s.core.env.MutablePropertySources - Adding [springCloudClientHostInfo] PropertySource with lowest search precedence
13326 [main] DEBUG o.s.core.env.MutablePropertySources - Adding [class path resource [eureka/server.properties]] PropertySource with lowest search precedence
13326 [main] DEBUG o.s.core.env.MutablePropertySources - Adding [defaultProperties] PropertySource with lowest search precedence
13326 [main] DEBUG o.s.core.env.MutablePropertySources - Adding [Management Server] PropertySource with lowest search precedence
13326 [main] DEBUG o.s.core.env.MutablePropertySources - Adding [localProperties] PropertySource with lowest search precedence
13327 [main] DEBUG o.s.b.f.s.DefaultListableBeanFactory - Returning cached instance of singleton bean 'spring.cloud.config-org.springframework.cloud.bootstrap.config.PropertySourceBootstrapProperties'
13328 [main] DEBUG o.h.v.i.e.r.DefaultTraversableResolver - Cannot find javax.persistence.Persistence on classpath. Assuming non JPA 2 environment. All properties will per default be traversable.
13328 [main] DEBUG o.h.v.i.engine.ConfigurationImpl - Setting custom MessageInterpolator of type org.springframework.validation.beanvalidation.LocaleContextMessageInterpolator
13328 [main] DEBUG o.h.v.i.engine.ConfigurationImpl - Setting custom ConstraintValidatorFactory of type org.springframework.validation.beanvalidation.SpringConstraintValidatorFactory
13328 [main] DEBUG o.h.v.i.engine.ConfigurationImpl - Setting custom ParameterNameProvider of type com.sun.proxy.$Proxy28
13328 [main] DEBUG o.h.v.i.xml.ValidationXmlParser - Trying to load META-INF/validation.xml for XML based Validator configuration.
13328 [main] DEBUG o.h.v.i.xml.ResourceLoaderHelper - Trying to load META-INF/validation.xml via user class loader
13328 [main] DEBUG o.h.v.i.xml.ResourceLoaderHelper - Trying to load META-INF/validation.xml via TCCL
13328 [main] DEBUG o.h.v.i.xml.ResourceLoaderHelper - Trying to load META-INF/validation.xml via Hibernate Validator's class loader
13329 [main] DEBUG o.h.v.i.xml.ValidationXmlParser - No META-INF/validation.xml found. Using annotation based configuration only.
13331 [main] DEBUG o.s.core.env.MutablePropertySources - Adding [servletConfigInitParams] PropertySource with lowest search precedence
13331 [main] DEBUG o.s.core.env.MutablePropertySources - Adding [servletContextInitParams] PropertySource with lowest search precedence
13331 [main] DEBUG o.s.core.env.MutablePropertySources - Adding [systemProperties] PropertySource with lowest search precedence
13331 [main] DEBUG o.s.core.env.MutablePropertySources - Adding [systemEnvironment] PropertySource with lowest search precedence
13331 [main] DEBUG o.s.core.env.MutablePropertySources - Adding [random] PropertySource with lowest search precedence
13331 [main] DEBUG o.s.core.env.MutablePropertySources - Adding [defaultProperties] PropertySource with lowest search precedence
13331 [main] DEBUG o.s.core.env.MutablePropertySources - Adding [localProperties] PropertySource with lowest search precedence
13334 [main] DEBUG o.s.core.env.MutablePropertySources - Adding [servletConfigInitParams] PropertySource with lowest search precedence
13334 [main] DEBUG o.s.core.env.MutablePropertySources - Adding [servletContextInitParams] PropertySource with lowest search precedence
13334 [main] DEBUG o.s.core.env.MutablePropertySources - Adding [systemProperties] PropertySource with lowest search precedence
13334 [main] DEBUG o.s.core.env.MutablePropertySources - Adding [systemEnvironment] PropertySource with lowest search precedence
13334 [main] DEBUG o.s.core.env.MutablePropertySources - Adding [random] PropertySource with lowest search precedence
13334 [main] DEBUG o.s.core.env.MutablePropertySources - Adding [defaultProperties] PropertySource with lowest search precedence
13334 [main] DEBUG o.s.core.env.MutablePropertySources - Adding [localProperties] PropertySource with lowest search precedence
13334 [main] DEBUG o.s.b.f.s.DefaultListableBeanFactory - Returning cached instance of singleton bean 'encrypt-org.springframework.cloud.bootstrap.encrypt.KeyProperties'
13334 [main] DEBUG o.s.core.env.MutablePropertySources - Adding [servletConfigInitParams] PropertySource with lowest search precedence
13334 [main] DEBUG o.s.core.env.MutablePropertySources - Adding [servletContextInitParams] PropertySource with lowest search precedence
13334 [main] DEBUG o.s.core.env.MutablePropertySources - Adding [systemProperties] PropertySource with lowest search precedence
13334 [main] DEBUG o.s.core.env.MutablePropertySources - Adding [systemEnvironment] PropertySource with lowest search precedence
13334 [main] DEBUG o.s.core.env.MutablePropertySources - Adding [random] PropertySource with lowest search precedence
13334 [main] DEBUG o.s.core.env.MutablePropertySources - Adding [defaultProperties] PropertySource with lowest search precedence
13334 [main] DEBUG o.s.core.env.MutablePropertySources - Adding [localProperties] PropertySource with lowest search precedence
13336 [main] DEBUG o.s.core.env.MutablePropertySources - Adding [servletConfigInitParams] PropertySource with lowest search precedence
13336 [main] DEBUG o.s.core.env.MutablePropertySources - Adding [servletContextInitParams] PropertySource with lowest search precedence
13336 [main] DEBUG o.s.core.env.MutablePropertySources - Adding [systemProperties] PropertySource with lowest search precedence
13336 [main] DEBUG o.s.core.env.MutablePropertySources - Adding [systemEnvironment] PropertySource with lowest search precedence
13336 [main] DEBUG o.s.core.env.MutablePropertySources - Adding [random] PropertySource with lowest search precedence
13336 [main] DEBUG o.s.core.env.MutablePropertySources - Adding [defaultProperties] PropertySource with lowest search precedence
13336 [main] DEBUG o.s.core.env.MutablePropertySources - Adding [localProperties] PropertySource with lowest search precedence
13337 [main] DEBUG o.s.b.c.e.AnnotationConfigEmbeddedWebApplicationContext - Unable to locate LifecycleProcessor with name 'lifecycleProcessor': using default [org.springframework.context.support.DefaultLifecycleProcessor@422ad5e2]
13338 [main] DEBUG o.s.b.f.s.DefaultListableBeanFactory - Returning cached instance of singleton bean 'org.springframework.cloud.netflix.eureka.server.EurekaServerInitializerConfiguration'
13338 [main] DEBUG o.s.b.f.s.DefaultListableBeanFactory - Returning cached instance of singleton bean 'org.springframework.cloud.netflix.eureka.EurekaDiscoveryClientConfiguration'
13338 [main] DEBUG o.s.b.f.s.DefaultListableBeanFactory - Returning cached instance of singleton bean 'endpointMBeanExporter'
13338 [main] DEBUG o.s.b.f.s.DefaultListableBeanFactory - Returning cached instance of singleton bean 'lifecycleProcessor'
13339 [main] INFO  o.s.c.s.DefaultLifecycleProcessor - Starting beans in phase 0
13340 [main] DEBUG o.s.c.s.DefaultLifecycleProcessor - Starting bean 'org.springframework.cloud.netflix.eureka.server.EurekaServerInitializerConfiguration' of type [class org.springframework.cloud.netflix.eureka.server.EurekaServerInitializerConfiguration$$EnhancerBySpringCGLIB$$a1eabb11]
13342 [main] DEBUG o.s.c.s.DefaultLifecycleProcessor - Successfully started bean 'org.springframework.cloud.netflix.eureka.server.EurekaServerInitializerConfiguration'
13342 [main] DEBUG o.s.c.s.DefaultLifecycleProcessor - Starting bean 'org.springframework.cloud.netflix.eureka.EurekaDiscoveryClientConfiguration' of type [class org.springframework.cloud.netflix.eureka.EurekaDiscoveryClientConfiguration$$EnhancerBySpringCGLIB$$31c787fc]
13342 [main] INFO  o.s.c.n.e.EurekaDiscoveryClientConfiguration - Registering application unknown with eureka with status UP
13343 [main] DEBUG o.s.b.f.s.DefaultListableBeanFactory - Returning cached instance of singleton bean 'discoveryClientHealthIndicator'
13344 [main] DEBUG o.s.c.c.d.h.DiscoveryClientHealthIndicator - Discovery Client has been initialized
13344 [main] DEBUG o.s.c.s.DefaultLifecycleProcessor - Successfully started bean 'org.springframework.cloud.netflix.eureka.EurekaDiscoveryClientConfiguration'
13344 [main] DEBUG o.s.c.s.DefaultLifecycleProcessor - Starting bean 'endpointMBeanExporter' of type [class org.springframework.boot.actuate.endpoint.jmx.EndpointMBeanExporter]
13345 [main] DEBUG o.s.b.f.s.DefaultListableBeanFactory - Returning cached instance of singleton bean 'featuresEndpoint'
13345 [main] DEBUG o.s.b.f.s.DefaultListableBeanFactory - Returning cached instance of singleton bean 'requestMappingEndpoint'
13345 [main] DEBUG o.s.b.f.s.DefaultListableBeanFactory - Returning cached instance of singleton bean 'environmentEndpoint'
13345 [main] DEBUG o.s.b.f.s.DefaultListableBeanFactory - Returning cached instance of singleton bean 'healthEndpoint'
13345 [main] DEBUG o.s.b.f.s.DefaultListableBeanFactory - Returning cached instance of singleton bean 'beansEndpoint'
13345 [main] DEBUG o.s.b.f.s.DefaultListableBeanFactory - Returning cached instance of singleton bean 'infoEndpoint'
13345 [main] DEBUG o.s.b.f.s.DefaultListableBeanFactory - Returning cached instance of singleton bean 'metricsEndpoint'
13345 [main] DEBUG o.s.b.f.s.DefaultListableBeanFactory - Returning cached instance of singleton bean 'traceEndpoint'
13345 [main] DEBUG o.s.b.f.s.DefaultListableBeanFactory - Returning cached instance of singleton bean 'dumpEndpoint'
13345 [main] DEBUG o.s.b.f.s.DefaultListableBeanFactory - Returning cached instance of singleton bean 'autoConfigurationReportEndpoint'
13345 [main] DEBUG o.s.b.f.s.DefaultListableBeanFactory - Returning cached instance of singleton bean 'shutdownEndpoint'
13345 [main] DEBUG o.s.b.f.s.DefaultListableBeanFactory - Returning cached instance of singleton bean 'configurationPropertiesReportEndpoint'
13345 [main] DEBUG o.s.b.f.s.DefaultListableBeanFactory - Returning cached instance of singleton bean 'refreshEndpoint'
13345 [main] DEBUG o.s.b.f.s.DefaultListableBeanFactory - Returning cached instance of singleton bean 'restartEndpoint'
13345 [main] DEBUG o.s.b.f.s.DefaultListableBeanFactory - Returning cached instance of singleton bean 'pauseEndpoint'
13345 [main] DEBUG o.s.b.f.s.DefaultListableBeanFactory - Returning cached instance of singleton bean 'resumeEndpoint'
13345 [main] DEBUG o.s.b.f.s.DefaultListableBeanFactory - Returning cached instance of singleton bean 'archaiusEndpoint'
13349 [main] INFO  o.s.b.a.e.jmx.EndpointMBeanExporter - Located managed bean 'featuresEndpoint': registering with JMX server as MBean [org.springframework.boot:type=Endpoint,name=featuresEndpoint]
13356 [main] INFO  o.s.b.a.e.jmx.EndpointMBeanExporter - Located managed bean 'requestMappingEndpoint': registering with JMX server as MBean [org.springframework.boot:type=Endpoint,name=requestMappingEndpoint]
13359 [main] INFO  o.s.b.a.e.jmx.EndpointMBeanExporter - Located managed bean 'environmentEndpoint': registering with JMX server as MBean [org.springframework.boot:type=Endpoint,name=environmentEndpoint]
13364 [main] INFO  o.s.b.a.e.jmx.EndpointMBeanExporter - Located managed bean 'healthEndpoint': registering with JMX server as MBean [org.springframework.boot:type=Endpoint,name=healthEndpoint]
13369 [main] INFO  o.s.b.a.e.jmx.EndpointMBeanExporter - Located managed bean 'beansEndpoint': registering with JMX server as MBean [org.springframework.boot:type=Endpoint,name=beansEndpoint]
13372 [main] INFO  o.s.b.a.e.jmx.EndpointMBeanExporter - Located managed bean 'infoEndpoint': registering with JMX server as MBean [org.springframework.boot:type=Endpoint,name=infoEndpoint]
13375 [main] INFO  o.s.b.a.e.jmx.EndpointMBeanExporter - Located managed bean 'metricsEndpoint': registering with JMX server as MBean [org.springframework.boot:type=Endpoint,name=metricsEndpoint]
13382 [main] INFO  o.s.b.a.e.jmx.EndpointMBeanExporter - Located managed bean 'traceEndpoint': registering with JMX server as MBean [org.springframework.boot:type=Endpoint,name=traceEndpoint]
13386 [main] INFO  o.s.b.a.e.jmx.EndpointMBeanExporter - Located managed bean 'dumpEndpoint': registering with JMX server as MBean [org.springframework.boot:type=Endpoint,name=dumpEndpoint]
13389 [main] INFO  o.s.b.a.e.jmx.EndpointMBeanExporter - Located managed bean 'autoConfigurationReportEndpoint': registering with JMX server as MBean [org.springframework.boot:type=Endpoint,name=autoConfigurationReportEndpoint]
13393 [main] INFO  o.s.b.a.e.jmx.EndpointMBeanExporter - Located managed bean 'configurationPropertiesReportEndpoint': registering with JMX server as MBean [org.springframework.boot:type=Endpoint,name=configurationPropertiesReportEndpoint]
13400 [main] INFO  o.s.b.a.e.jmx.EndpointMBeanExporter - Located managed bean 'archaiusEndpoint': registering with JMX server as MBean [org.springframework.boot:type=Endpoint,name=archaiusEndpoint]
13404 [main] DEBUG o.s.c.s.DefaultLifecycleProcessor - Successfully started bean 'endpointMBeanExporter'
13404 [main] DEBUG o.s.b.f.s.DefaultListableBeanFactory - Returning cached instance of singleton bean 'org.springframework.boot.autoconfigure.internalCachingMetadataReaderFactory'
13404 [main] DEBUG o.s.b.f.s.DefaultListableBeanFactory - Returning cached instance of singleton bean 'org.springframework.boot.context.properties.ConfigurationPropertiesBindingPostProcessor'
13404 [main] DEBUG o.s.b.f.s.DefaultListableBeanFactory - Returning cached instance of singleton bean 'mvcResourceUrlProvider'
13404 [main] DEBUG o.s.b.f.s.DefaultListableBeanFactory - Returning cached instance of singleton bean 'org.springframework.context.annotation.internalScheduledAnnotationProcessor'
13410 [main] DEBUG o.s.b.f.s.DefaultListableBeanFactory - Returning cached instance of singleton bean 'restartEndpoint'
13411 [main] DEBUG o.s.b.f.s.DefaultListableBeanFactory - Returning cached instance of singleton bean 'refreshScope'
13418 [Thread-7] INFO  o.s.c.n.e.s.EurekaServerBootstrap - Setting the eureka configuration..
13418 [Thread-7] INFO  o.s.c.n.e.s.EurekaServerBootstrap - Eureka data center value eureka.datacenter is not set, defaulting to default
13419 [Thread-7] INFO  o.s.c.n.e.s.EurekaServerBootstrap - Eureka environment value eureka.environment is not set, defaulting to test
13437 [Thread-7] INFO  o.s.c.n.e.s.EurekaServerBootstrap - isAws returned false
13437 [Thread-7] INFO  o.s.c.n.e.s.EurekaServerBootstrap - Initialized server context
13438 [Thread-7] INFO  c.n.e.r.PeerAwareInstanceRegistryImpl - Got 1 instances from neighboring DS node
13438 [Thread-7] INFO  c.n.e.r.PeerAwareInstanceRegistryImpl - Renew threshold is: 1
13438 [Thread-7] INFO  c.n.e.r.PeerAwareInstanceRegistryImpl - Changing status to UP
13490 [main] DEBUG o.s.b.a.l.AutoConfigurationReportLoggingInitializer - 


=========================
AUTO-CONFIGURATION REPORT
=========================


Positive matches:
-----------------

   ArchaiusAutoConfiguration matched:
      - @ConditionalOnClass found required classes 'com.netflix.config.ConcurrentCompositeConfiguration', 'org.apache.commons.configuration.ConfigurationBuilder' (OnClassCondition)

   ArchaiusAutoConfiguration.ArchaiusEndpointConfiguration matched:
      - @ConditionalOnClass found required class 'org.springframework.boot.actuate.endpoint.Endpoint' (OnClassCondition)

   ArchaiusAutoConfiguration.PropagateEventsConfiguration matched:
      - @ConditionalOnClass found required class 'org.springframework.cloud.context.environment.EnvironmentChangeEvent' (OnClassCondition)
      - @ConditionalOnProperty (archaius.propagate.environmentChangedEvent) matched (OnPropertyCondition)

   AuditAutoConfiguration#auditListener matched:
      - @ConditionalOnMissingBean (types: org.springframework.boot.actuate.audit.listener.AbstractAuditListener; SearchStrategy: all) did not find any beans (OnBeanCondition)

   AuditAutoConfiguration.AuditEventRepositoryConfiguration matched:
      - @ConditionalOnMissingBean (types: org.springframework.boot.actuate.audit.AuditEventRepository; SearchStrategy: all) did not find any beans (OnBeanCondition)

   CommonsClientAutoConfiguration matched:
      - @ConditionalOnClass found required class 'org.springframework.boot.actuate.health.HealthIndicator' (OnClassCondition)
      - @ConditionalOnProperty (spring.cloud.discovery.enabled) matched (OnPropertyCondition)
      - @ConditionalOnBean (types: org.springframework.cloud.client.discovery.DiscoveryClient; SearchStrategy: all) found bean 'discoveryClient' (OnBeanCondition)

   CommonsClientAutoConfiguration#discoveryClientHealthIndicator matched:
      - @ConditionalOnProperty (spring.cloud.discovery.client.health-indicator.enabled) matched (OnPropertyCondition)

   CommonsClientAutoConfiguration#discoveryCompositeHealthIndicator matched:
      - @ConditionalOnProperty (spring.cloud.discovery.client.composite-indicator.enabled) matched (OnPropertyCondition)

   CommonsClientAutoConfiguration.ActuatorConfiguration matched:
      - @ConditionalOnClass found required class 'org.springframework.boot.actuate.endpoint.Endpoint' (OnClassCondition)
      - @ConditionalOnProperty (spring.cloud.features.enabled) matched (OnPropertyCondition)

   ConfigurationPropertiesRebinderAutoConfiguration matched:
      - @ConditionalOnBean (types: org.springframework.boot.context.properties.ConfigurationPropertiesBindingPostProcessor; SearchStrategy: all) found bean 'org.springframework.boot.context.properties.ConfigurationPropertiesBindingPostProcessor' (OnBeanCondition)

   ConfigurationPropertiesRebinderAutoConfiguration#configurationPropertiesBeans matched:
      - @ConditionalOnMissingBean (types: org.springframework.cloud.context.properties.ConfigurationPropertiesBeans; SearchStrategy: current) did not find any beans (OnBeanCondition)

   ConfigurationPropertiesRebinderAutoConfiguration#configurationPropertiesRebinder matched:
      - @ConditionalOnMissingBean (types: org.springframework.cloud.context.properties.ConfigurationPropertiesRebinder; SearchStrategy: current) did not find any beans (OnBeanCondition)

   DispatcherServletAutoConfiguration matched:
      - @ConditionalOnClass found required class 'org.springframework.web.servlet.DispatcherServlet' (OnClassCondition)
      - @ConditionalOnWebApplication (required) found StandardServletEnvironment (OnWebApplicationCondition)

   DispatcherServletAutoConfiguration.DispatcherServletConfiguration matched:
      - @ConditionalOnClass found required class 'javax.servlet.ServletRegistration' (OnClassCondition)
      - Default DispatcherServlet did not find dispatcher servlet beans (DispatcherServletAutoConfiguration.DefaultDispatcherServletCondition)

   DispatcherServletAutoConfiguration.DispatcherServletRegistrationConfiguration matched:
      - @ConditionalOnClass found required class 'javax.servlet.ServletRegistration' (OnClassCondition)
      - DispatcherServlet Registration did not find servlet registration bean (DispatcherServletAutoConfiguration.DispatcherServletRegistrationCondition)

   DispatcherServletAutoConfiguration.DispatcherServletRegistrationConfiguration#dispatcherServletRegistration matched:
      - @ConditionalOnBean (names: dispatcherServlet; types: org.springframework.web.servlet.DispatcherServlet; SearchStrategy: all) found beans 'dispatcherServlet', 'dispatcherServlet' (OnBeanCondition)

   EmbeddedServletContainerAutoConfiguration matched:
      - @ConditionalOnWebApplication (required) found StandardServletEnvironment (OnWebApplicationCondition)

   EmbeddedServletContainerAutoConfiguration.EmbeddedTomcat matched:
      - @ConditionalOnClass found required classes 'javax.servlet.Servlet', 'org.apache.catalina.startup.Tomcat' (OnClassCondition)
      - @ConditionalOnMissingBean (types: org.springframework.boot.context.embedded.EmbeddedServletContainerFactory; SearchStrategy: current) did not find any beans (OnBeanCondition)

   EndpointAutoConfiguration#autoConfigurationReportEndpoint matched:
      - @ConditionalOnBean (types: org.springframework.boot.autoconfigure.condition.ConditionEvaluationReport; SearchStrategy: all) found bean 'autoConfigurationReport'; @ConditionalOnMissingBean (types: org.springframework.boot.actuate.endpoint.AutoConfigurationReportEndpoint; SearchStrategy: current) did not find any beans (OnBeanCondition)

   EndpointAutoConfiguration#beansEndpoint matched:
      - @ConditionalOnMissingBean (types: org.springframework.boot.actuate.endpoint.BeansEndpoint; SearchStrategy: all) did not find any beans (OnBeanCondition)

   EndpointAutoConfiguration#configurationPropertiesReportEndpoint matched:
      - @ConditionalOnMissingBean (types: org.springframework.boot.actuate.endpoint.ConfigurationPropertiesReportEndpoint; SearchStrategy: all) did not find any beans (OnBeanCondition)

   EndpointAutoConfiguration#dumpEndpoint matched:
      - @ConditionalOnMissingBean (types: org.springframework.boot.actuate.endpoint.DumpEndpoint; SearchStrategy: all) did not find any beans (OnBeanCondition)

   EndpointAutoConfiguration#environmentEndpoint matched:
      - @ConditionalOnMissingBean (types: org.springframework.boot.actuate.endpoint.EnvironmentEndpoint; SearchStrategy: all) did not find any beans (OnBeanCondition)

   EndpointAutoConfiguration#healthEndpoint matched:
      - @ConditionalOnMissingBean (types: org.springframework.boot.actuate.endpoint.HealthEndpoint; SearchStrategy: all) did not find any beans (OnBeanCondition)

   EndpointAutoConfiguration#infoEndpoint matched:
      - @ConditionalOnMissingBean (types: org.springframework.boot.actuate.endpoint.InfoEndpoint; SearchStrategy: all) did not find any beans (OnBeanCondition)

   EndpointAutoConfiguration#metricsEndpoint matched:
      - @ConditionalOnMissingBean (types: org.springframework.boot.actuate.endpoint.MetricsEndpoint; SearchStrategy: all) did not find any beans (OnBeanCondition)

   EndpointAutoConfiguration#shutdownEndpoint matched:
      - @ConditionalOnMissingBean (types: org.springframework.boot.actuate.endpoint.ShutdownEndpoint; SearchStrategy: all) did not find any beans (OnBeanCondition)

   EndpointAutoConfiguration#traceEndpoint matched:
      - @ConditionalOnMissingBean (types: org.springframework.boot.actuate.endpoint.TraceEndpoint; SearchStrategy: all) did not find any beans (OnBeanCondition)

   EndpointAutoConfiguration.RequestMappingEndpointConfiguration matched:
      - @ConditionalOnClass found required class 'org.springframework.web.servlet.handler.AbstractHandlerMethodMapping' (OnClassCondition)

   EndpointAutoConfiguration.RequestMappingEndpointConfiguration#requestMappingEndpoint matched:
      - @ConditionalOnMissingBean (types: org.springframework.boot.actuate.endpoint.RequestMappingEndpoint; SearchStrategy: all) did not find any beans (OnBeanCondition)

   EndpointMBeanExportAutoConfiguration matched:
      - JMX Enabled found properties spring.jmx.enabled, endpoints.jmx.enabled (EndpointMBeanExportAutoConfiguration.JmxEnabledCondition)

   EndpointWebMvcAutoConfiguration matched:
      - @ConditionalOnClass found required classes 'javax.servlet.Servlet', 'org.springframework.web.servlet.DispatcherServlet' (OnClassCondition)
      - @ConditionalOnWebApplication (required) found StandardServletEnvironment (OnWebApplicationCondition)

   EndpointWebMvcAutoConfiguration.ApplicationContextFilterConfiguration matched:
      - @ConditionalOnProperty (management.add-application-context-header=true) matched (OnPropertyCondition)

   EndpointWebMvcAutoConfiguration.EndpointWebMvcConfiguration matched:
      - Management Server MVC port is same (EndpointWebMvcAutoConfiguration.OnManagementMvcCondition)

   EndpointWebMvcManagementContextConfiguration#endpointHandlerMapping matched:
      - @ConditionalOnMissingBean (types: org.springframework.boot.actuate.endpoint.mvc.EndpointHandlerMapping; SearchStrategy: all) did not find any beans (OnBeanCondition)

   EndpointWebMvcManagementContextConfiguration#environmentMvcEndpoint matched:
      - @ConditionalOnBean (types: org.springframework.boot.actuate.endpoint.EnvironmentEndpoint; SearchStrategy: all) found bean 'environmentEndpoint' (OnBeanCondition)
      - @ConditionalOnEnabledEndpoint All endpoints are enabled by default (OnEnabledEndpointCondition)

   EndpointWebMvcManagementContextConfiguration#healthMvcEndpoint matched:
      - @ConditionalOnBean (types: org.springframework.boot.actuate.endpoint.HealthEndpoint; SearchStrategy: all) found bean 'healthEndpoint' (OnBeanCondition)
      - @ConditionalOnEnabledEndpoint All endpoints are enabled by default (OnEnabledEndpointCondition)

   EndpointWebMvcManagementContextConfiguration#heapdumpMvcEndpoint matched:
      - @ConditionalOnMissingBean (types: org.springframework.boot.actuate.endpoint.mvc.HeapdumpMvcEndpoint; SearchStrategy: all) did not find any beans (OnBeanCondition)
      - @ConditionalOnEnabledEndpoint All endpoints are enabled by default (OnEnabledEndpointCondition)

   EndpointWebMvcManagementContextConfiguration#metricsMvcEndpoint matched:
      - @ConditionalOnBean (types: org.springframework.boot.actuate.endpoint.MetricsEndpoint; SearchStrategy: all) found bean 'metricsEndpoint' (OnBeanCondition)
      - @ConditionalOnEnabledEndpoint All endpoints are enabled by default (OnEnabledEndpointCondition)

   EndpointWebMvcManagementContextConfiguration#mvcEndpoints matched:
      - @ConditionalOnMissingBean (types: org.springframework.boot.actuate.endpoint.mvc.MvcEndpoints; SearchStrategy: all) did not find any beans (OnBeanCondition)

   ErrorMvcAutoConfiguration matched:
      - @ConditionalOnClass found required classes 'javax.servlet.Servlet', 'org.springframework.web.servlet.DispatcherServlet' (OnClassCondition)
      - @ConditionalOnWebApplication (required) found StandardServletEnvironment (OnWebApplicationCondition)

   ErrorMvcAutoConfiguration#basicErrorController matched:
      - @ConditionalOnMissingBean (types: org.springframework.boot.autoconfigure.web.ErrorController; SearchStrategy: current) did not find any beans (OnBeanCondition)

   ErrorMvcAutoConfiguration#conventionErrorViewResolver matched:
      - @ConditionalOnBean (types: org.springframework.web.servlet.DispatcherServlet; SearchStrategy: all) found bean 'dispatcherServlet'; @ConditionalOnMissingBean (types: org.springframework.boot.autoconfigure.web.DefaultErrorViewResolver; SearchStrategy: all) did not find any beans (OnBeanCondition)

   ErrorMvcAutoConfiguration#errorAttributes matched:
      - @ConditionalOnMissingBean (types: org.springframework.boot.autoconfigure.web.ErrorAttributes; SearchStrategy: current) did not find any beans (OnBeanCondition)

   ErrorMvcAutoConfiguration.WhitelabelErrorViewConfiguration matched:
      - @ConditionalOnProperty (server.error.whitelabel.enabled) matched (OnPropertyCondition)
      - ErrorTemplate Missing did not find error template view (ErrorMvcAutoConfiguration.ErrorTemplateMissingCondition)

   ErrorMvcAutoConfiguration.WhitelabelErrorViewConfiguration#beanNameViewResolver matched:
      - @ConditionalOnMissingBean (types: org.springframework.web.servlet.view.BeanNameViewResolver; SearchStrategy: all) did not find any beans (OnBeanCondition)

   ErrorMvcAutoConfiguration.WhitelabelErrorViewConfiguration#defaultErrorView matched:
      - @ConditionalOnMissingBean (names: error; SearchStrategy: all) did not find any beans (OnBeanCondition)

   EurekaClientAutoConfiguration matched:
      - @ConditionalOnClass found required class 'com.netflix.discovery.EurekaClientConfig' (OnClassCondition)
      - @ConditionalOnProperty (eureka.client.enabled) matched (OnPropertyCondition)

   EurekaClientAutoConfiguration#discoveryClientOptionalArgs matched:
      - @ConditionalOnMissingBean (types: com.netflix.discovery.DiscoveryClient$DiscoveryClientOptionalArgs; SearchStrategy: current) did not find any beans (OnBeanCondition)

   EurekaClientAutoConfiguration#eurekaClientConfigBean matched:
      - @ConditionalOnMissingBean (types: com.netflix.discovery.EurekaClientConfig; SearchStrategy: current) did not find any beans (OnBeanCondition)

   EurekaClientAutoConfiguration#eurekaInstanceConfigBean matched:
      - @ConditionalOnMissingBean (types: com.netflix.appinfo.EurekaInstanceConfig; SearchStrategy: current) did not find any beans (OnBeanCondition)

   EurekaClientAutoConfiguration.RefreshableEurekaClientConfiguration matched:
      - AllNestedConditions 1 matched 0 did not; NestedCondition on EurekaClientAutoConfiguration.OnRefreshScopeCondition.FoundScope found matching nested conditions @ConditionalOnClass found required class 'org.springframework.cloud.context.scope.refresh.RefreshScope', @ConditionalOnBean (types: org.springframework.cloud.autoconfigure.RefreshAutoConfiguration; SearchStrategy: all) found bean 'org.springframework.cloud.autoconfigure.RefreshAutoConfiguration' (EurekaClientAutoConfiguration.OnRefreshScopeCondition)

   EurekaClientAutoConfiguration.RefreshableEurekaClientConfiguration#eurekaApplicationInfoManager matched:
      - @ConditionalOnMissingBean (types: com.netflix.appinfo.ApplicationInfoManager; SearchStrategy: current) did not find any beans (OnBeanCondition)

   EurekaClientAutoConfiguration.RefreshableEurekaClientConfiguration#eurekaClient matched:
      - @ConditionalOnMissingBean (types: com.netflix.discovery.EurekaClient; SearchStrategy: current) did not find any beans (OnBeanCondition)

   EurekaDiscoveryClientConfiguration matched:
      - @ConditionalOnClass found required class 'com.netflix.discovery.EurekaClientConfig' (OnClassCondition)
      - @ConditionalOnProperty (eureka.client.enabled) matched (OnPropertyCondition)

   EurekaDiscoveryClientConfiguration.EurekaClientConfigurationRefresher matched:
      - @ConditionalOnClass found required class 'org.springframework.cloud.context.scope.refresh.RefreshScopeRefreshedEvent' (OnClassCondition)

   EurekaDiscoveryClientConfiguration.EurekaHealthIndicatorConfiguration matched:
      - @ConditionalOnClass found required class 'org.springframework.boot.actuate.endpoint.Endpoint' (OnClassCondition)

   EurekaDiscoveryClientConfiguration.EurekaHealthIndicatorConfiguration#eurekaHealthIndicator matched:
      - @ConditionalOnMissingBean (types: org.springframework.cloud.netflix.eureka.EurekaHealthIndicator; SearchStrategy: all) did not find any beans (OnBeanCondition)

   EurekaServerConfiguration#eurekaController matched:
      - @ConditionalOnProperty (eureka.dashboard.enabled) matched (OnPropertyCondition)

   EurekaServerConfiguration.EurekaServerConfigBeanConfiguration#eurekaServerConfig matched:
      - @ConditionalOnMissingBean (types: com.netflix.eureka.EurekaServerConfig; SearchStrategy: all) did not find any beans (OnBeanCondition)

   FreeMarkerAutoConfiguration matched:
      - @ConditionalOnClass found required classes 'freemarker.template.Configuration', 'org.springframework.ui.freemarker.FreeMarkerConfigurationFactory' (OnClassCondition)

   FreeMarkerAutoConfiguration.FreeMarkerWebConfiguration matched:
      - @ConditionalOnClass found required class 'javax.servlet.Servlet' (OnClassCondition)
      - @ConditionalOnWebApplication (required) found StandardServletEnvironment (OnWebApplicationCondition)

   FreeMarkerAutoConfiguration.FreeMarkerWebConfiguration#freeMarkerConfigurer matched:
      - @ConditionalOnMissingBean (types: org.springframework.web.servlet.view.freemarker.FreeMarkerConfig; SearchStrategy: all) did not find any beans (OnBeanCondition)

   FreeMarkerAutoConfiguration.FreeMarkerWebConfiguration#freeMarkerViewResolver matched:
      - @ConditionalOnProperty (spring.freemarker.enabled) matched (OnPropertyCondition)
      - @ConditionalOnMissingBean (names: freeMarkerViewResolver; SearchStrategy: all) did not find any beans (OnBeanCondition)

   GenericCacheConfiguration matched:
      - Cache org.springframework.boot.autoconfigure.cache.GenericCacheConfiguration automatic cache type (CacheCondition)

   GuavaCacheConfiguration matched:
      - @ConditionalOnClass found required classes 'com.google.common.cache.CacheBuilder', 'org.springframework.cache.guava.GuavaCacheManager' (OnClassCondition)
      - Cache org.springframework.boot.autoconfigure.cache.GuavaCacheConfiguration automatic cache type (CacheCondition)

   HealthIndicatorAutoConfiguration#healthAggregator matched:
      - @ConditionalOnMissingBean (types: org.springframework.boot.actuate.health.HealthAggregator; SearchStrategy: all) did not find any beans (OnBeanCondition)

   HealthIndicatorAutoConfiguration.DiskSpaceHealthIndicatorConfiguration matched:
      - @ConditionalOnEnabledHealthIndicator management.health.defaults.enabled is considered true (OnEnabledHealthIndicatorCondition)

   HealthIndicatorAutoConfiguration.DiskSpaceHealthIndicatorConfiguration#diskSpaceHealthIndicator matched:
      - @ConditionalOnMissingBean (names: diskSpaceHealthIndicator; SearchStrategy: all) did not find any beans (OnBeanCondition)

   HttpEncodingAutoConfiguration matched:
      - @ConditionalOnClass found required class 'org.springframework.web.filter.CharacterEncodingFilter' (OnClassCondition)
      - @ConditionalOnWebApplication (required) found StandardServletEnvironment (OnWebApplicationCondition)
      - @ConditionalOnProperty (spring.http.encoding.enabled) matched (OnPropertyCondition)

   HttpEncodingAutoConfiguration#characterEncodingFilter matched:
      - @ConditionalOnMissingBean (types: org.springframework.web.filter.CharacterEncodingFilter; SearchStrategy: all) did not find any beans (OnBeanCondition)

   HttpMessageConvertersAutoConfiguration matched:
      - @ConditionalOnClass found required class 'org.springframework.http.converter.HttpMessageConverter' (OnClassCondition)

   HttpMessageConvertersAutoConfiguration#messageConverters matched:
      - @ConditionalOnMissingBean (types: org.springframework.boot.autoconfigure.web.HttpMessageConverters; SearchStrategy: all) did not find any beans (OnBeanCondition)

   HttpMessageConvertersAutoConfiguration.StringHttpMessageConverterConfiguration matched:
      - @ConditionalOnClass found required class 'org.springframework.http.converter.StringHttpMessageConverter' (OnClassCondition)

   HttpMessageConvertersAutoConfiguration.StringHttpMessageConverterConfiguration#stringHttpMessageConverter matched:
      - @ConditionalOnMissingBean (types: org.springframework.http.converter.StringHttpMessageConverter; SearchStrategy: all) did not find any beans (OnBeanCondition)

   HystrixAutoConfiguration matched:
      - @ConditionalOnClass found required classes 'com.netflix.hystrix.Hystrix', 'org.springframework.boot.actuate.health.HealthIndicator' (OnClassCondition)

   HystrixAutoConfiguration#hystrixHealthIndicator matched:
      - @ConditionalOnEnabledHealthIndicator management.health.defaults.enabled is considered true (OnEnabledHealthIndicatorCondition)

   InfoContributorAutoConfiguration#envInfoContributor matched:
      - @ConditionalOnEnabledInfoContributor management.info.defaults.enabled is considered true (OnEnabledInfoContributorCondition)

   JacksonAutoConfiguration matched:
      - @ConditionalOnClass found required class 'com.fasterxml.jackson.databind.ObjectMapper' (OnClassCondition)

   JacksonAutoConfiguration.Jackson2ObjectMapperBuilderCustomizerConfiguration matched:
      - @ConditionalOnClass found required classes 'com.fasterxml.jackson.databind.ObjectMapper', 'org.springframework.http.converter.json.Jackson2ObjectMapperBuilder' (OnClassCondition)

   JacksonAutoConfiguration.JacksonObjectMapperBuilderConfiguration matched:
      - @ConditionalOnClass found required classes 'com.fasterxml.jackson.databind.ObjectMapper', 'org.springframework.http.converter.json.Jackson2ObjectMapperBuilder' (OnClassCondition)

   JacksonAutoConfiguration.JacksonObjectMapperBuilderConfiguration#jacksonObjectMapperBuilder matched:
      - @ConditionalOnMissingBean (types: org.springframework.http.converter.json.Jackson2ObjectMapperBuilder; SearchStrategy: all) did not find any beans (OnBeanCondition)

   JacksonAutoConfiguration.JacksonObjectMapperConfiguration matched:
      - @ConditionalOnClass found required classes 'com.fasterxml.jackson.databind.ObjectMapper', 'org.springframework.http.converter.json.Jackson2ObjectMapperBuilder' (OnClassCondition)

   JacksonAutoConfiguration.JacksonObjectMapperConfiguration#jacksonObjectMapper matched:
      - @ConditionalOnMissingBean (types: com.fasterxml.jackson.databind.ObjectMapper; SearchStrategy: all) did not find any beans (OnBeanCondition)

   JacksonHttpMessageConvertersConfiguration.MappingJackson2HttpMessageConverterConfiguration matched:
      - @ConditionalOnClass found required class 'com.fasterxml.jackson.databind.ObjectMapper' (OnClassCondition)
      - @ConditionalOnProperty (spring.http.converters.preferred-json-mapper=jackson) matched (OnPropertyCondition)
      - @ConditionalOnBean (types: com.fasterxml.jackson.databind.ObjectMapper; SearchStrategy: all) found bean 'jacksonObjectMapper' (OnBeanCondition)

   JacksonHttpMessageConvertersConfiguration.MappingJackson2HttpMessageConverterConfiguration#mappingJackson2HttpMessageConverter matched:
      - @ConditionalOnMissingBean (types: org.springframework.http.converter.json.MappingJackson2HttpMessageConverter; SearchStrategy: all) did not find any beans (OnBeanCondition)

   JacksonHttpMessageConvertersConfiguration.MappingJackson2XmlHttpMessageConverterConfiguration matched:
      - @ConditionalOnClass found required class 'com.fasterxml.jackson.dataformat.xml.XmlMapper' (OnClassCondition)
      - @ConditionalOnBean (types: org.springframework.http.converter.json.Jackson2ObjectMapperBuilder; SearchStrategy: all) found bean 'jacksonObjectMapperBuilder' (OnBeanCondition)

   JacksonHttpMessageConvertersConfiguration.MappingJackson2XmlHttpMessageConverterConfiguration#mappingJackson2XmlHttpMessageConverter matched:
      - @ConditionalOnMissingBean (types: org.springframework.http.converter.xml.MappingJackson2XmlHttpMessageConverter; SearchStrategy: all) did not find any beans (OnBeanCondition)

   JmxAutoConfiguration matched:
      - @ConditionalOnClass found required class 'org.springframework.jmx.export.MBeanExporter' (OnClassCondition)
      - @ConditionalOnProperty (spring.jmx.enabled=true) matched (OnPropertyCondition)

   JmxAutoConfiguration#mbeanExporter matched:
      - @ConditionalOnMissingBean (types: org.springframework.jmx.export.MBeanExporter; SearchStrategy: current) did not find any beans (OnBeanCondition)

   JmxAutoConfiguration#mbeanServer matched:
      - @ConditionalOnMissingBean (types: javax.management.MBeanServer; SearchStrategy: all) did not find any beans (OnBeanCondition)

   JmxAutoConfiguration#objectNamingStrategy matched:
      - @ConditionalOnMissingBean (types: org.springframework.jmx.export.naming.ObjectNamingStrategy; SearchStrategy: current) did not find any beans (OnBeanCondition)

   LifecycleMvcEndpointAutoConfiguration matched:
      - @ConditionalOnClass found required class 'org.springframework.boot.actuate.endpoint.EnvironmentEndpoint' (OnClassCondition)
      - @ConditionalOnWebApplication (required) found StandardServletEnvironment (OnWebApplicationCondition)
      - @ConditionalOnBean (types: org.springframework.cloud.context.restart.RestartEndpoint; SearchStrategy: all) found bean 'restartEndpoint' (OnBeanCondition)

   LifecycleMvcEndpointAutoConfiguration#environmentManagerEndpoint matched:
      - @ConditionalOnProperty (endpoints.env.post.enabled) matched (OnPropertyCondition)
      - @ConditionalOnBean (types: org.springframework.boot.actuate.endpoint.EnvironmentEndpoint; SearchStrategy: all) found bean 'environmentEndpoint' (OnBeanCondition)

   LifecycleMvcEndpointAutoConfiguration#pauseMvcEndpoint matched:
      - @ConditionalOnBean (types: org.springframework.cloud.context.restart.RestartEndpoint$PauseEndpoint; SearchStrategy: all) found bean 'pauseEndpoint' (OnBeanCondition)

   LifecycleMvcEndpointAutoConfiguration#refreshMvcEndpoint matched:
      - @ConditionalOnBean (types: org.springframework.cloud.endpoint.RefreshEndpoint; SearchStrategy: all) found bean 'refreshEndpoint' (OnBeanCondition)

   LifecycleMvcEndpointAutoConfiguration#resumeMvcEndpoint matched:
      - @ConditionalOnBean (types: org.springframework.cloud.context.restart.RestartEndpoint$ResumeEndpoint; SearchStrategy: all) found bean 'resumeEndpoint' (OnBeanCondition)

   LoadBalancerAutoConfiguration matched:
      - @ConditionalOnClass found required class 'org.springframework.web.client.RestTemplate' (OnClassCondition)
      - @ConditionalOnBean (types: org.springframework.cloud.client.loadbalancer.LoadBalancerClient; SearchStrategy: all) found bean 'loadBalancerClient' (OnBeanCondition)

   LoadBalancerAutoConfiguration#restTemplateCustomizer matched:
      - @ConditionalOnMissingBean (types: org.springframework.cloud.client.loadbalancer.RestTemplateCustomizer; SearchStrategy: all) did not find any beans (OnBeanCondition)

   ManagementServerPropertiesAutoConfiguration#managementServerProperties matched:
      - @ConditionalOnMissingBean (types: org.springframework.boot.actuate.autoconfigure.ManagementServerProperties; SearchStrategy: all) did not find any beans (OnBeanCondition)

   MetricExportAutoConfiguration matched:
      - @ConditionalOnProperty (spring.metrics.export.enabled) matched (OnPropertyCondition)

   MetricExportAutoConfiguration#metricWritersMetricExporter matched:
      - @ConditionalOnMissingBean (names: metricWritersMetricExporter; SearchStrategy: all) did not find any beans (OnBeanCondition)

   MetricExportAutoConfiguration.MetricExportPropertiesConfiguration#metricExportProperties matched:
      - @ConditionalOnMissingBean (types: org.springframework.boot.actuate.metrics.export.MetricExportProperties; SearchStrategy: all) did not find any beans (OnBeanCondition)

   MetricFilterAutoConfiguration matched:
      - @ConditionalOnClass found required classes 'javax.servlet.Servlet', 'javax.servlet.ServletRegistration', 'org.springframework.web.filter.OncePerRequestFilter', 'org.springframework.web.servlet.HandlerMapping' (OnClassCondition)
      - @ConditionalOnProperty (endpoints.metrics.filter.enabled) matched (OnPropertyCondition)
      - @ConditionalOnBean (types: org.springframework.boot.actuate.metrics.CounterService,org.springframework.boot.actuate.metrics.GaugeService; SearchStrategy: all) found beans 'servoMetricServices', 'servoMetricServices' (OnBeanCondition)

   MetricsInterceptorConfiguration matched:
      - @ConditionalOnClass found required classes 'com.netflix.servo.monitor.Monitors', 'org.springframework.boot.actuate.metrics.reader.MetricReader' (OnClassCondition)
      - @ConditionalOnProperty (spring.cloud.netflix.metrics.enabled=true) matched (OnPropertyCondition)

   MetricsInterceptorConfiguration.MetricsWebResourceConfiguration matched:
      - @ConditionalOnWebApplication (required) found StandardServletEnvironment (OnWebApplicationCondition)

   MultipartAutoConfiguration matched:
      - @ConditionalOnClass found required classes 'javax.servlet.Servlet', 'org.springframework.web.multipart.support.StandardServletMultipartResolver', 'javax.servlet.MultipartConfigElement' (OnClassCondition)
      - @ConditionalOnProperty (spring.http.multipart.enabled) matched (OnPropertyCondition)

   MultipartAutoConfiguration#multipartConfigElement matched:
      - @ConditionalOnMissingBean (types: javax.servlet.MultipartConfigElement; SearchStrategy: all) did not find any beans (OnBeanCondition)

   MultipartAutoConfiguration#multipartResolver matched:
      - @ConditionalOnMissingBean (types: org.springframework.web.multipart.MultipartResolver; SearchStrategy: all) did not find any beans (OnBeanCondition)

   NoOpCacheConfiguration matched:
      - Cache org.springframework.boot.autoconfigure.cache.NoOpCacheConfiguration automatic cache type (CacheCondition)

   PropertyPlaceholderAutoConfiguration#propertySourcesPlaceholderConfigurer matched:
      - @ConditionalOnMissingBean (types: org.springframework.context.support.PropertySourcesPlaceholderConfigurer; SearchStrategy: current) did not find any beans (OnBeanCondition)

   PublicMetricsAutoConfiguration.TomcatMetricsConfiguration matched:
      - @ConditionalOnClass found required classes 'javax.servlet.Servlet', 'org.apache.catalina.startup.Tomcat' (OnClassCondition)
      - @ConditionalOnWebApplication (required) found StandardServletEnvironment (OnWebApplicationCondition)

   PublicMetricsAutoConfiguration.TomcatMetricsConfiguration#tomcatPublicMetrics matched:
      - @ConditionalOnMissingBean (types: org.springframework.boot.actuate.endpoint.TomcatPublicMetrics; SearchStrategy: all) did not find any beans (OnBeanCondition)

   RedisCacheConfiguration matched:
      - Cache org.springframework.boot.autoconfigure.cache.RedisCacheConfiguration automatic cache type (CacheCondition)

   RefreshAutoConfiguration matched:
      - @ConditionalOnClass found required class 'org.springframework.cloud.context.scope.refresh.RefreshScope' (OnClassCondition)

   RefreshAutoConfiguration#contextRefresher matched:
      - @ConditionalOnMissingBean (types: org.springframework.cloud.context.refresh.ContextRefresher; SearchStrategy: all) did not find any beans (OnBeanCondition)

   RefreshAutoConfiguration#environmentManager matched:
      - @ConditionalOnMissingBean (types: org.springframework.cloud.context.environment.EnvironmentManager; SearchStrategy: all) did not find any beans (OnBeanCondition)

   RefreshAutoConfiguration#loggingRebinder matched:
      - @ConditionalOnMissingBean (types: org.springframework.cloud.logging.LoggingRebinder; SearchStrategy: all) did not find any beans (OnBeanCondition)

   RefreshAutoConfiguration#refreshScope matched:
      - @ConditionalOnMissingBean (types: org.springframework.cloud.context.scope.refresh.RefreshScope; SearchStrategy: all) did not find any beans (OnBeanCondition)

   RefreshEndpointAutoConfiguration matched:
      - @ConditionalOnClass found required class 'org.springframework.boot.actuate.endpoint.Endpoint' (OnClassCondition)

   RefreshEndpointAutoConfiguration#refreshScopeHealthIndicator matched:
      - @ConditionalOnMissingBean (types: org.springframework.cloud.health.RefreshScopeHealthIndicator; SearchStrategy: all) did not find any beans (OnBeanCondition)
      - @ConditionalOnEnabledHealthIndicator management.health.defaults.enabled is considered true (OnEnabledHealthIndicatorCondition)

   RefreshEndpointAutoConfiguration.RefreshEndpointConfiguration matched:
      - @ConditionalOnProperty (endpoints.refresh.enabled) matched (OnPropertyCondition)
      - @ConditionalOnBean (types: org.springframework.cloud.bootstrap.config.PropertySourceBootstrapConfiguration; SearchStrategy: all) found bean 'propertySourceBootstrapConfiguration' (OnBeanCondition)

   RefreshEndpointAutoConfiguration.RefreshEndpointConfiguration#refreshEndpoint matched:
      - @ConditionalOnMissingBean (types: org.springframework.cloud.endpoint.RefreshEndpoint; SearchStrategy: all) did not find any beans (OnBeanCondition)

   RefreshEndpointAutoConfiguration.RestartEndpointWithoutIntegration matched:
      - @ConditionalOnMissingClass did not find unwanted class 'org.springframework.integration.monitor.IntegrationMBeanExporter' (OnClassCondition)

   RefreshEndpointAutoConfiguration.RestartEndpointWithoutIntegration#restartEndpoint matched:
      - @ConditionalOnMissingBean (types: org.springframework.cloud.context.restart.RestartEndpoint; SearchStrategy: all) did not find any beans (OnBeanCondition)

   RibbonAutoConfiguration matched:
      - @ConditionalOnClass found required classes 'com.netflix.client.IClient', 'org.springframework.web.client.RestTemplate' (OnClassCondition)

   RibbonAutoConfiguration#loadBalancerClient matched:
      - @ConditionalOnMissingBean (types: org.springframework.cloud.client.loadbalancer.LoadBalancerClient; SearchStrategy: all) did not find any beans (OnBeanCondition)

   RibbonEurekaAutoConfiguration matched:
      - @ConditionalOnClass found required class 'com.netflix.niws.loadbalancer.DiscoveryEnabledNIWSServerList' (OnClassCondition)
      - @ConditionalOnProperty (ribbon.eureka.enabled) matched (OnPropertyCondition)
      - @ConditionalOnBean (types: org.springframework.cloud.netflix.ribbon.SpringClientFactory; SearchStrategy: all) found bean 'springClientFactory' (OnBeanCondition)

   RxJavaAutoConfiguration matched:
      - @ConditionalOnClass found required class 'rx.Observable' (OnClassCondition)
      - @ConditionalOnWebApplication (required) found StandardServletEnvironment (OnWebApplicationCondition)

   RxJavaAutoConfiguration.RxJavaReturnValueHandlerConfig matched:
      - @ConditionalOnClass found required class 'org.springframework.web.method.support.AsyncHandlerMethodReturnValueHandler' (OnClassCondition)

   ServerPropertiesAutoConfiguration matched:
      - @ConditionalOnWebApplication (required) found StandardServletEnvironment (OnWebApplicationCondition)

   ServerPropertiesAutoConfiguration#serverProperties matched:
      - @ConditionalOnMissingBean (types: org.springframework.boot.autoconfigure.web.ServerProperties; SearchStrategy: current) did not find any beans (OnBeanCondition)

   ServoMetricsAutoConfiguration matched:
      - @ConditionalOnClass found required classes 'com.netflix.servo.monitor.Monitors', 'org.springframework.boot.actuate.metrics.reader.MetricReader'; @ConditionalOnMissingClass did not find unwanted class 'com.netflix.spectator.api.Registry' (OnClassCondition)
      - @ConditionalOnProperty (spring.metrics.servo.enabled) matched (OnPropertyCondition)

   ServoMetricsAutoConfiguration#monitorRegistry matched:
      - @ConditionalOnMissingBean (types: com.netflix.servo.MonitorRegistry; SearchStrategy: all) did not find any beans (OnBeanCondition)

   ServoMetricsAutoConfiguration#servoMetricNaming matched:
      - @ConditionalOnMissingBean (types: org.springframework.cloud.netflix.metrics.servo.ServoMetricNaming; SearchStrategy: all) did not find any beans (OnBeanCondition)

   ServoMetricsAutoConfiguration#servoMetricServices matched:
      - @ConditionalOnMissingBean (types: org.springframework.boot.actuate.metrics.CounterService,org.springframework.boot.actuate.metrics.GaugeService; SearchStrategy: all) did not find any beans (OnBeanCondition)

   ServoMetricsAutoConfiguration#servoMetricsConfig matched:
      - @ConditionalOnMissingBean (types: org.springframework.cloud.netflix.metrics.servo.ServoMetricsConfigBean; SearchStrategy: all) did not find any beans (OnBeanCondition)

   SimpleCacheConfiguration matched:
      - Cache org.springframework.boot.autoconfigure.cache.SimpleCacheConfiguration automatic cache type (CacheCondition)

   TraceRepositoryAutoConfiguration#traceRepository matched:
      - @ConditionalOnMissingBean (types: org.springframework.boot.actuate.trace.TraceRepository; SearchStrategy: all) did not find any beans (OnBeanCondition)

   TraceWebFilterAutoConfiguration matched:
      - @ConditionalOnClass found required classes 'javax.servlet.Servlet', 'org.springframework.web.servlet.DispatcherServlet', 'javax.servlet.ServletRegistration' (OnClassCondition)

   TraceWebFilterAutoConfiguration#webRequestLoggingFilter matched:
      - @ConditionalOnMissingBean (types: org.springframework.boot.actuate.trace.WebRequestTraceFilter; SearchStrategy: all) did not find any beans (OnBeanCondition)

   UtilAutoConfiguration matched:
      - @ConditionalOnProperty (spring.cloud.util.enabled) matched (OnPropertyCondition)

   UtilAutoConfiguration#inetUtils matched:
      - @ConditionalOnMissingBean (types: org.springframework.cloud.commons.util.InetUtils; SearchStrategy: all) did not find any beans (OnBeanCondition)

   WebClientAutoConfiguration.RestTemplateConfiguration matched:
      - @ConditionalOnClass found required class 'org.springframework.web.client.RestTemplate' (OnClassCondition)

   WebClientAutoConfiguration.RestTemplateConfiguration#restTemplateBuilder matched:
      - @ConditionalOnMissingBean (types: org.springframework.boot.web.client.RestTemplateBuilder; SearchStrategy: all) did not find any beans (OnBeanCondition)

   WebMvcAutoConfiguration matched:
      - @ConditionalOnClass found required classes 'javax.servlet.Servlet', 'org.springframework.web.servlet.DispatcherServlet', 'org.springframework.web.servlet.config.annotation.WebMvcConfigurerAdapter' (OnClassCondition)
      - @ConditionalOnWebApplication (required) found StandardServletEnvironment (OnWebApplicationCondition)
      - @ConditionalOnMissingBean (types: org.springframework.web.servlet.config.annotation.WebMvcConfigurationSupport; SearchStrategy: all) did not find any beans (OnBeanCondition)

   WebMvcAutoConfiguration#hiddenHttpMethodFilter matched:
      - @ConditionalOnMissingBean (types: org.springframework.web.filter.HiddenHttpMethodFilter; SearchStrategy: all) did not find any beans (OnBeanCondition)

   WebMvcAutoConfiguration#httpPutFormContentFilter matched:
      - @ConditionalOnProperty (spring.mvc.formcontent.putfilter.enabled) matched (OnPropertyCondition)
      - @ConditionalOnMissingBean (types: org.springframework.web.filter.HttpPutFormContentFilter; SearchStrategy: all) did not find any beans (OnBeanCondition)

   WebMvcAutoConfiguration.WebMvcAutoConfigurationAdapter#defaultViewResolver matched:
      - @ConditionalOnMissingBean (types: org.springframework.web.servlet.view.InternalResourceViewResolver; SearchStrategy: all) did not find any beans (OnBeanCondition)

   WebMvcAutoConfiguration.WebMvcAutoConfigurationAdapter#requestContextFilter matched:
      - @ConditionalOnMissingBean (types: org.springframework.web.context.request.RequestContextListener,org.springframework.web.filter.RequestContextFilter; SearchStrategy: all) did not find any beans (OnBeanCondition)

   WebMvcAutoConfiguration.WebMvcAutoConfigurationAdapter#viewResolver matched:
      - @ConditionalOnBean (types: org.springframework.web.servlet.ViewResolver; SearchStrategy: all) found beans 'defaultViewResolver', 'beanNameViewResolver', 'mvcViewResolver'; @ConditionalOnMissingBean (names: viewResolver; types: org.springframework.web.servlet.view.ContentNegotiatingViewResolver; SearchStrategy: all) did not find any beans (OnBeanCondition)

   WebMvcAutoConfiguration.WebMvcAutoConfigurationAdapter.FaviconConfiguration matched:
      - @ConditionalOnProperty (spring.mvc.favicon.enabled) matched (OnPropertyCondition)

   WebSocketAutoConfiguration matched:
      - @ConditionalOnClass found required classes 'javax.servlet.Servlet', 'javax.websocket.server.ServerContainer' (OnClassCondition)
      - @ConditionalOnWebApplication (required) found StandardServletEnvironment (OnWebApplicationCondition)

   WebSocketAutoConfiguration.TomcatWebSocketConfiguration matched:
      - @ConditionalOnClass found required classes 'org.apache.catalina.startup.Tomcat', 'org.apache.tomcat.websocket.server.WsSci' (OnClassCondition)

   WebSocketAutoConfiguration.TomcatWebSocketConfiguration#websocketContainerCustomizer matched:
      - @ConditionalOnJava (1.7 or newer) found 1.8 (OnJavaCondition)
      - @ConditionalOnMissingBean (names: websocketContainerCustomizer; SearchStrategy: all) did not find any beans (OnBeanCondition)


Negative matches:
-----------------

   ActiveMQAutoConfiguration:
      Did not match:
         - @ConditionalOnClass did not find required classes 'javax.jms.ConnectionFactory', 'org.apache.activemq.ActiveMQConnectionFactory' (OnClassCondition)

   AopAutoConfiguration:
      Did not match:
         - @ConditionalOnClass did not find required classes 'org.aspectj.lang.annotation.Aspect', 'org.aspectj.lang.reflect.Advice' (OnClassCondition)

   ArtemisAutoConfiguration:
      Did not match:
         - @ConditionalOnClass did not find required classes 'javax.jms.ConnectionFactory', 'org.apache.activemq.artemis.jms.client.ActiveMQConnectionFactory' (OnClassCondition)

   AuditAutoConfiguration#authenticationAuditListener:
      Did not match:
         - @ConditionalOnClass did not find required class 'org.springframework.security.authentication.event.AbstractAuthenticationEvent' (OnClassCondition)

   AuditAutoConfiguration#authorizationAuditListener:
      Did not match:
         - @ConditionalOnClass did not find required class 'org.springframework.security.access.event.AbstractAuthorizationEvent' (OnClassCondition)

   BatchAutoConfiguration:
      Did not match:
         - @ConditionalOnClass did not find required classes 'org.springframework.batch.core.launch.JobLauncher', 'org.springframework.jdbc.core.JdbcOperations' (OnClassCondition)

   CacheAutoConfiguration:
      Did not match:
         - @ConditionalOnBean (types: org.springframework.cache.interceptor.CacheAspectSupport; SearchStrategy: all) did not find any beans (OnBeanCondition)
      Matched:
         - @ConditionalOnClass found required class 'org.springframework.cache.CacheManager' (OnClassCondition)

   CacheAutoConfiguration.CacheManagerJpaDependencyConfiguration:
      Did not match:
         - @ConditionalOnClass did not find required class 'org.springframework.orm.jpa.LocalContainerEntityManagerFactoryBean' (OnClassCondition)
         - Ancestor org.springframework.boot.autoconfigure.cache.CacheAutoConfiguration did not match (ConditionEvaluationReport.AncestorsMatchedCondition)

   CacheStatisticsAutoConfiguration:
      Did not match:
         - @ConditionalOnBean (types: org.springframework.cache.CacheManager; SearchStrategy: all) did not find any beans (OnBeanCondition)

   CacheStatisticsAutoConfiguration.CaffeineCacheStatisticsProviderConfiguration:
      Did not match:
         - @ConditionalOnClass did not find required class 'com.github.benmanes.caffeine.cache.Caffeine' (OnClassCondition)
         - Ancestor org.springframework.boot.actuate.autoconfigure.CacheStatisticsAutoConfiguration did not match (ConditionEvaluationReport.AncestorsMatchedCondition)

   CacheStatisticsAutoConfiguration.ConcurrentMapCacheStatisticsConfiguration:
      Did not match:
         - Ancestor org.springframework.boot.actuate.autoconfigure.CacheStatisticsAutoConfiguration did not match (ConditionEvaluationReport.AncestorsMatchedCondition)
      Matched:
         - @ConditionalOnClass found required class 'org.springframework.cache.concurrent.ConcurrentMapCache' (OnClassCondition)

   CacheStatisticsAutoConfiguration.EhCacheCacheStatisticsProviderConfiguration:
      Did not match:
         - @ConditionalOnClass did not find required classes 'net.sf.ehcache.Ehcache', 'net.sf.ehcache.statistics.StatisticsGateway' (OnClassCondition)
         - Ancestor org.springframework.boot.actuate.autoconfigure.CacheStatisticsAutoConfiguration did not match (ConditionEvaluationReport.AncestorsMatchedCondition)

   CacheStatisticsAutoConfiguration.GuavaCacheStatisticsConfiguration:
      Did not match:
         - Ancestor org.springframework.boot.actuate.autoconfigure.CacheStatisticsAutoConfiguration did not match (ConditionEvaluationReport.AncestorsMatchedCondition)
      Matched:
         - @ConditionalOnClass found required classes 'com.google.common.cache.Cache', 'org.springframework.cache.guava.GuavaCache' (OnClassCondition)

   CacheStatisticsAutoConfiguration.HazelcastCacheStatisticsConfiguration:
      Did not match:
         - @ConditionalOnClass did not find required classes 'com.hazelcast.core.IMap', 'com.hazelcast.spring.cache.HazelcastCache' (OnClassCondition)
         - Ancestor org.springframework.boot.actuate.autoconfigure.CacheStatisticsAutoConfiguration did not match (ConditionEvaluationReport.AncestorsMatchedCondition)

   CacheStatisticsAutoConfiguration.InfinispanCacheStatisticsProviderConfiguration:
      Did not match:
         - @ConditionalOnClass did not find required class 'org.infinispan.spring.provider.SpringCache' (OnClassCondition)
         - Ancestor org.springframework.boot.actuate.autoconfigure.CacheStatisticsAutoConfiguration did not match (ConditionEvaluationReport.AncestorsMatchedCondition)

   CacheStatisticsAutoConfiguration.JCacheCacheStatisticsProviderConfiguration:
      Did not match:
         - @ConditionalOnClass did not find required class 'javax.cache.Caching' (OnClassCondition)
         - Ancestor org.springframework.boot.actuate.autoconfigure.CacheStatisticsAutoConfiguration did not match (ConditionEvaluationReport.AncestorsMatchedCondition)

   CacheStatisticsAutoConfiguration.NoOpCacheStatisticsConfiguration:
      Did not match:
         - Ancestor org.springframework.boot.actuate.autoconfigure.CacheStatisticsAutoConfiguration did not match (ConditionEvaluationReport.AncestorsMatchedCondition)
      Matched:
         - @ConditionalOnClass found required class 'org.springframework.cache.support.NoOpCacheManager' (OnClassCondition)

   CaffeineCacheConfiguration:
      Did not match:
         - @ConditionalOnClass did not find required class 'com.github.benmanes.caffeine.cache.Caffeine' (OnClassCondition)

   CassandraAutoConfiguration:
      Did not match:
         - @ConditionalOnClass did not find required class 'com.datastax.driver.core.Cluster' (OnClassCondition)

   CassandraDataAutoConfiguration:
      Did not match:
         - @ConditionalOnClass did not find required classes 'com.datastax.driver.core.Cluster', 'org.springframework.data.cassandra.core.CassandraAdminOperations' (OnClassCondition)

   CassandraRepositoriesAutoConfiguration:
      Did not match:
         - @ConditionalOnClass did not find required classes 'com.datastax.driver.core.Session', 'org.springframework.data.cassandra.repository.CassandraRepository' (OnClassCondition)

   CloudAutoConfiguration:
      Did not match:
         - @ConditionalOnClass did not find required class 'org.springframework.cloud.config.java.CloudScanConfiguration' (OnClassCondition)

   CloudHypermediaAutoConfiguration:
      Did not match:
         - @ConditionalOnBean (types: org.springframework.cloud.client.hypermedia.RemoteResource; SearchStrategy: all) did not find any beans (OnBeanCondition)

   CouchbaseAutoConfiguration:
      Did not match:
         - @ConditionalOnClass did not find required classes 'com.couchbase.client.java.CouchbaseBucket', 'com.couchbase.client.java.Cluster' (OnClassCondition)

   CouchbaseCacheConfiguration:
      Did not match:
         - @ConditionalOnClass did not find required classes 'com.couchbase.client.java.Bucket', 'com.couchbase.client.spring.cache.CouchbaseCacheManager' (OnClassCondition)

   CouchbaseDataAutoConfiguration:
      Did not match:
         - @ConditionalOnClass did not find required classes 'com.couchbase.client.java.Bucket', 'org.springframework.data.couchbase.repository.CouchbaseRepository' (OnClassCondition)

   CouchbaseRepositoriesAutoConfiguration:
      Did not match:
         - @ConditionalOnClass did not find required classes 'com.couchbase.client.java.Bucket', 'org.springframework.data.couchbase.repository.CouchbaseRepository' (OnClassCondition)

   CrshAutoConfiguration:
      Did not match:
         - @ConditionalOnClass did not find required class 'org.crsh.plugin.PluginLifeCycle' (OnClassCondition)

   DataSourceAutoConfiguration:
      Did not match:
         - @ConditionalOnClass did not find required class 'org.springframework.jdbc.datasource.embedded.EmbeddedDatabaseType' (OnClassCondition)

   DataSourceTransactionManagerAutoConfiguration:
      Did not match:
         - @ConditionalOnClass did not find required classes 'org.springframework.jdbc.core.JdbcTemplate', 'org.springframework.transaction.PlatformTransactionManager' (OnClassCondition)

   DeviceDelegatingViewResolverAutoConfiguration:
      Did not match:
         - @ConditionalOnClass did not find required class 'org.springframework.mobile.device.view.LiteDeviceDelegatingViewResolver' (OnClassCondition)

   DeviceResolverAutoConfiguration:
      Did not match:
         - @ConditionalOnClass did not find required classes 'org.springframework.mobile.device.DeviceResolverHandlerInterceptor', 'org.springframework.mobile.device.DeviceHandlerMethodArgumentResolver' (OnClassCondition)

   DispatcherServletAutoConfiguration.DispatcherServletConfiguration#multipartResolver:
      Did not match:
         - @ConditionalOnBean (types: org.springframework.web.multipart.MultipartResolver; SearchStrategy: all) did not find any beans (OnBeanCondition)

   EhCacheCacheConfiguration:
      Did not match:
         - @ConditionalOnClass did not find required class 'net.sf.ehcache.Cache' (OnClassCondition)

   ElasticsearchAutoConfiguration:
      Did not match:
         - @ConditionalOnClass did not find required classes 'org.elasticsearch.client.Client', 'org.springframework.data.elasticsearch.client.TransportClientFactoryBean', 'org.springframework.data.elasticsearch.client.NodeClientFactoryBean' (OnClassCondition)

   ElasticsearchDataAutoConfiguration:
      Did not match:
         - @ConditionalOnClass did not find required classes 'org.elasticsearch.client.Client', 'org.springframework.data.elasticsearch.core.ElasticsearchTemplate' (OnClassCondition)

   ElasticsearchHealthIndicatorConfiguration.ElasticsearchClientHealthIndicatorConfiguration:
      Did not match:
         - @ConditionalOnBean (types: org.elasticsearch.client.Client; SearchStrategy: all) did not find any beans (OnBeanCondition)
      Matched:
         - @ConditionalOnEnabledHealthIndicator management.health.defaults.enabled is considered true (OnEnabledHealthIndicatorCondition)

   ElasticsearchHealthIndicatorConfiguration.ElasticsearchJestHealthIndicatorConfiguration:
      Did not match:
         - @ConditionalOnBean (types: io.searchbox.client.JestClient; SearchStrategy: all) did not find any beans (OnBeanCondition)
      Matched:
         - @ConditionalOnEnabledHealthIndicator management.health.defaults.enabled is considered true (OnEnabledHealthIndicatorCondition)

   ElasticsearchRepositoriesAutoConfiguration:
      Did not match:
         - @ConditionalOnClass did not find required classes 'org.elasticsearch.client.Client', 'org.springframework.data.elasticsearch.repository.ElasticsearchRepository' (OnClassCondition)

   EmbeddedMongoAutoConfiguration:
      Did not match:
         - @ConditionalOnClass did not find required classes 'com.mongodb.Mongo', 'de.flapdoodle.embed.mongo.MongodStarter' (OnClassCondition)

   EmbeddedServletContainerAutoConfiguration.EmbeddedJetty:
      Did not match:
         - @ConditionalOnClass did not find required classes 'org.eclipse.jetty.server.Server', 'org.eclipse.jetty.util.Loader', 'org.eclipse.jetty.webapp.WebAppContext' (OnClassCondition)

   EmbeddedServletContainerAutoConfiguration.EmbeddedUndertow:
      Did not match:
         - @ConditionalOnClass did not find required classes 'io.undertow.Undertow', 'org.xnio.SslClientAuthMode' (OnClassCondition)

   EndpointAutoConfiguration.FlywayEndpointConfiguration:
      Did not match:
         - @ConditionalOnClass did not find required class 'org.flywaydb.core.Flyway' (OnClassCondition)

   EndpointAutoConfiguration.LiquibaseEndpointConfiguration:
      Did not match:
         - @ConditionalOnClass did not find required class 'liquibase.integration.spring.SpringLiquibase' (OnClassCondition)

   EndpointMBeanExportAutoConfiguration#mbeanServer:
      Did not match:
         - @ConditionalOnMissingBean (types: javax.management.MBeanServer; SearchStrategy: all) found bean 'mbeanServer' (OnBeanCondition)

   EndpointWebMvcHypermediaManagementContextConfiguration:
      Did not match:
         - @ConditionalOnClass did not find required class 'org.springframework.hateoas.Link' (OnClassCondition)

   EndpointWebMvcManagementContextConfiguration#logfileMvcEndpoint:
      Did not match:
         - Log File did not find logging file (EndpointWebMvcManagementContextConfiguration.LogFileCondition)

   EndpointWebMvcManagementContextConfiguration#shutdownMvcEndpoint:
      Did not match:
         - @ConditionalOnEnabledEndpoint (shutdown) disabled (OnEnabledEndpointCondition)
      Matched:
         - @ConditionalOnBean (types: org.springframework.boot.actuate.endpoint.ShutdownEndpoint; SearchStrategy: all) found bean 'shutdownEndpoint' (OnBeanCondition)

   EurekaClientAutoConfiguration.EurekaClientConfiguration:
      Did not match:
         - AnyNestedCondition 0 matched 2 did not; NestedCondition on EurekaClientAutoConfiguration.OnMissingRefreshScopeCondition.MissingScope @ConditionalOnMissingBean (types: org.springframework.cloud.autoconfigure.RefreshAutoConfiguration; SearchStrategy: all) found bean 'org.springframework.cloud.autoconfigure.RefreshAutoConfiguration'; NestedCondition on EurekaClientAutoConfiguration.OnMissingRefreshScopeCondition.MissingClass @ConditionalOnMissingClass found unwanted class 'org.springframework.cloud.context.scope.refresh.RefreshScope' (EurekaClientAutoConfiguration.OnMissingRefreshScopeCondition)

   EurekaClientConfigServerAutoConfiguration:
      Did not match:
         - @ConditionalOnClass did not find required class 'org.springframework.cloud.config.server.config.ConfigServerProperties' (OnClassCondition)

   EurekaDiscoveryClientConfigServiceAutoConfiguration:
      Did not match:
         - @ConditionalOnProperty (spring.cloud.config.discovery.enabled) did not find property 'spring.cloud.config.discovery.enabled' (OnPropertyCondition)

   EurekaDiscoveryClientConfiguration.EurekaHealthCheckHandlerConfiguration:
      Did not match:
         - @ConditionalOnProperty (eureka.client.healthcheck.enabled) did not find property 'eureka.client.healthcheck.enabled' (OnPropertyCondition)

   FacebookAutoConfiguration:
      Did not match:
         - @ConditionalOnClass did not find required classes 'org.springframework.social.config.annotation.SocialConfigurerAdapter', 'org.springframework.social.facebook.connect.FacebookConnectionFactory' (OnClassCondition)

   FallbackWebSecurityAutoConfiguration:
      Did not match:
         - @ConditionalOnClass did not find required class 'org.springframework.security.config.annotation.web.configuration.EnableWebSecurity' (OnClassCondition)

   FeignAcceptGzipEncodingAutoConfiguration:
      Did not match:
         - @ConditionalOnClass did not find required class 'feign.Feign' (OnClassCondition)

   FeignAutoConfiguration:
      Did not match:
         - @ConditionalOnClass did not find required class 'feign.Feign' (OnClassCondition)

   FeignContentGzipEncodingAutoConfiguration:
      Did not match:
         - @ConditionalOnClass did not find required class 'feign.Feign' (OnClassCondition)

   FeignRibbonClientAutoConfiguration:
      Did not match:
         - @ConditionalOnClass did not find required class 'feign.Feign' (OnClassCondition)

   FlywayAutoConfiguration:
      Did not match:
         - @ConditionalOnClass did not find required class 'org.flywaydb.core.Flyway' (OnClassCondition)

   FreeMarkerAutoConfiguration.FreeMarkerNonWebConfiguration:
      Did not match:
         - @ConditionalOnWebApplication found StandardServletEnvironment (OnWebApplicationCondition)

   FreeMarkerAutoConfiguration.FreeMarkerWebConfiguration#resourceUrlEncodingFilter:
      Did not match:
         - @ConditionalOnEnabledResourceChain did not find class org.webjars.WebJarAssetLocator (OnEnabledResourceChainCondition)
      Matched:
         - @ConditionalOnMissingBean (types: org.springframework.web.servlet.resource.ResourceUrlEncodingFilter; SearchStrategy: all) did not find any beans (OnBeanCondition)

   GroovyTemplateAutoConfiguration:
      Did not match:
         - @ConditionalOnClass did not find required class 'groovy.text.markup.MarkupTemplateEngine' (OnClassCondition)

   GsonAutoConfiguration:
      Did not match:
         - @ConditionalOnClass did not find required class 'com.google.gson.Gson' (OnClassCondition)

   GsonHttpMessageConvertersConfiguration:
      Did not match:
         - @ConditionalOnClass did not find required class 'com.google.gson.Gson' (OnClassCondition)

   H2ConsoleAutoConfiguration:
      Did not match:
         - @ConditionalOnClass did not find required class 'org.h2.server.web.WebServlet' (OnClassCondition)

   HazelcastAutoConfiguration:
      Did not match:
         - @ConditionalOnClass did not find required class 'com.hazelcast.core.HazelcastInstance' (OnClassCondition)

   HazelcastCacheConfiguration:
      Did not match:
         - @ConditionalOnClass did not find required classes 'com.hazelcast.core.HazelcastInstance', 'com.hazelcast.spring.cache.HazelcastCacheManager' (OnClassCondition)

   HazelcastJpaDependencyAutoConfiguration:
      Did not match:
         - @ConditionalOnClass did not find required classes 'com.hazelcast.core.HazelcastInstance', 'org.springframework.orm.jpa.LocalContainerEntityManagerFactoryBean' (OnClassCondition)

   HealthIndicatorAutoConfiguration#applicationHealthIndicator:
      Did not match:
         - @ConditionalOnMissingBean (types: org.springframework.boot.actuate.health.HealthIndicator; SearchStrategy: all) found beans 'discoveryCompositeHealthIndicator', 'diskSpaceHealthIndicator' (OnBeanCondition)

   HealthIndicatorAutoConfiguration.CassandraHealthIndicatorConfiguration:
      Did not match:
         - @ConditionalOnClass did not find required classes 'org.springframework.data.cassandra.core.CassandraOperations', 'com.datastax.driver.core.Cluster' (OnClassCondition)

   HealthIndicatorAutoConfiguration.CouchbaseHealthIndicatorConfiguration:
      Did not match:
         - @ConditionalOnClass did not find required classes 'org.springframework.data.couchbase.core.CouchbaseOperations', 'com.couchbase.client.java.Bucket' (OnClassCondition)

   HealthIndicatorAutoConfiguration.DataSourcesHealthIndicatorConfiguration:
      Did not match:
         - @ConditionalOnClass did not find required class 'org.springframework.jdbc.core.JdbcTemplate' (OnClassCondition)

   HealthIndicatorAutoConfiguration.JmsHealthIndicatorConfiguration:
      Did not match:
         - @ConditionalOnBean (types: javax.jms.ConnectionFactory; SearchStrategy: all) did not find any beans (OnBeanCondition)
      Matched:
         - @ConditionalOnEnabledHealthIndicator management.health.defaults.enabled is considered true (OnEnabledHealthIndicatorCondition)

   HealthIndicatorAutoConfiguration.MailHealthIndicatorConfiguration:
      Did not match:
         - @ConditionalOnBean (types: org.springframework.mail.javamail.JavaMailSenderImpl; SearchStrategy: all) did not find any beans (OnBeanCondition)
      Matched:
         - @ConditionalOnEnabledHealthIndicator management.health.defaults.enabled is considered true (OnEnabledHealthIndicatorCondition)

   HealthIndicatorAutoConfiguration.MongoHealthIndicatorConfiguration:
      Did not match:
         - @ConditionalOnBean (types: org.springframework.data.mongodb.core.MongoTemplate; SearchStrategy: all) did not find any beans (OnBeanCondition)
      Matched:
         - @ConditionalOnEnabledHealthIndicator management.health.defaults.enabled is considered true (OnEnabledHealthIndicatorCondition)

   HealthIndicatorAutoConfiguration.RabbitHealthIndicatorConfiguration:
      Did not match:
         - @ConditionalOnBean (types: org.springframework.amqp.rabbit.core.RabbitTemplate; SearchStrategy: all) did not find any beans (OnBeanCondition)
      Matched:
         - @ConditionalOnEnabledHealthIndicator management.health.defaults.enabled is considered true (OnEnabledHealthIndicatorCondition)

   HealthIndicatorAutoConfiguration.RedisHealthIndicatorConfiguration:
      Did not match:
         - @ConditionalOnBean (types: org.springframework.data.redis.connection.RedisConnectionFactory; SearchStrategy: all) did not find any beans (OnBeanCondition)
      Matched:
         - @ConditionalOnEnabledHealthIndicator management.health.defaults.enabled is considered true (OnEnabledHealthIndicatorCondition)

   HealthIndicatorAutoConfiguration.SolrHealthIndicatorConfiguration:
      Did not match:
         - @ConditionalOnBean (types: org.apache.solr.client.solrj.SolrClient; SearchStrategy: all) did not find any beans (OnBeanCondition)
      Matched:
         - @ConditionalOnEnabledHealthIndicator management.health.defaults.enabled is considered true (OnEnabledHealthIndicatorCondition)

   HibernateJpaAutoConfiguration:
      Did not match:
         - @ConditionalOnClass did not find required classes 'org.springframework.orm.jpa.LocalContainerEntityManagerFactoryBean', 'org.springframework.transaction.annotation.EnableTransactionManagement', 'javax.persistence.EntityManager' (OnClassCondition)

   HornetQAutoConfiguration:
      Did not match:
         - @ConditionalOnClass did not find required classes 'javax.jms.ConnectionFactory', 'org.hornetq.api.jms.HornetQJMSClient' (OnClassCondition)

   HypermediaAutoConfiguration:
      Did not match:
         - @ConditionalOnClass did not find required classes 'org.springframework.hateoas.Resource', 'org.springframework.plugin.core.Plugin' (OnClassCondition)

   InfinispanCacheConfiguration:
      Did not match:
         - @ConditionalOnClass did not find required class 'org.infinispan.spring.provider.SpringEmbeddedCacheManager' (OnClassCondition)

   InfoContributorAutoConfiguration#buildInfoContributor:
      Did not match:
         - @ConditionalOnSingleCandidate (types: org.springframework.boot.info.BuildProperties; SearchStrategy: all) did not find any beans (OnBeanCondition)
      Matched:
         - @ConditionalOnEnabledInfoContributor management.info.defaults.enabled is considered true (OnEnabledInfoContributorCondition)

   InfoContributorAutoConfiguration#gitInfoContributor:
      Did not match:
         - @ConditionalOnSingleCandidate (types: org.springframework.boot.info.GitProperties; SearchStrategy: all) did not find any beans (OnBeanCondition)
      Matched:
         - @ConditionalOnEnabledInfoContributor management.info.defaults.enabled is considered true (OnEnabledInfoContributorCondition)

   IntegrationAutoConfiguration:
      Did not match:
         - @ConditionalOnClass did not find required class 'org.springframework.integration.config.EnableIntegration' (OnClassCondition)

   JCacheCacheConfiguration:
      Did not match:
         - @ConditionalOnClass did not find required class 'javax.cache.Caching' (OnClassCondition)

   JacksonAutoConfiguration.JodaDateTimeJacksonConfiguration:
      Did not match:
         - @ConditionalOnClass did not find required classes 'org.joda.time.DateTime', 'com.fasterxml.jackson.datatype.joda.ser.DateTimeSerializer', 'com.fasterxml.jackson.datatype.joda.cfg.JacksonJodaDateFormat' (OnClassCondition)

   JacksonAutoConfiguration.ParameterNamesModuleConfiguration:
      Did not match:
         - @ConditionalOnClass did not find required class 'com.fasterxml.jackson.module.paramnames.ParameterNamesModule' (OnClassCondition)

   JdbcTemplateAutoConfiguration:
      Did not match:
         - @ConditionalOnClass did not find required class 'org.springframework.jdbc.core.JdbcTemplate' (OnClassCondition)

   JerseyAutoConfiguration:
      Did not match:
         - @ConditionalOnClass did not find required class 'org.glassfish.jersey.server.spring.SpringComponentProvider' (OnClassCondition)

   JestAutoConfiguration:
      Did not match:
         - @ConditionalOnClass did not find required class 'io.searchbox.client.JestClient' (OnClassCondition)

   JmsAutoConfiguration:
      Did not match:
         - @ConditionalOnClass did not find required class 'org.springframework.jms.core.JmsTemplate' (OnClassCondition)

   JndiConnectionFactoryAutoConfiguration:
      Did not match:
         - @ConditionalOnClass did not find required class 'org.springframework.jms.core.JmsTemplate' (OnClassCondition)

   JndiDataSourceAutoConfiguration:
      Did not match:
         - @ConditionalOnClass did not find required class 'org.springframework.jdbc.datasource.embedded.EmbeddedDatabaseType' (OnClassCondition)

   JolokiaAutoConfiguration:
      Did not match:
         - @ConditionalOnClass did not find required class 'org.jolokia.http.AgentServlet' (OnClassCondition)

   JooqAutoConfiguration:
      Did not match:
         - @ConditionalOnClass did not find required class 'org.jooq.DSLContext' (OnClassCondition)

   JpaRepositoriesAutoConfiguration:
      Did not match:
         - @ConditionalOnClass did not find required class 'org.springframework.data.jpa.repository.JpaRepository' (OnClassCondition)

   JtaAutoConfiguration:
      Did not match:
         - @ConditionalOnClass did not find required class 'javax.transaction.Transaction' (OnClassCondition)

   LinkedInAutoConfiguration:
      Did not match:
         - @ConditionalOnClass did not find required classes 'org.springframework.social.config.annotation.SocialConfigurerAdapter', 'org.springframework.social.linkedin.connect.LinkedInConnectionFactory' (OnClassCondition)

   LiquibaseAutoConfiguration:
      Did not match:
         - @ConditionalOnClass did not find required class 'liquibase.integration.spring.SpringLiquibase' (OnClassCondition)

   MailSenderAutoConfiguration:
      Did not match:
         - @ConditionalOnClass did not find required class 'javax.mail.internet.MimeMessage' (OnClassCondition)

   MailSenderValidatorAutoConfiguration:
      Did not match:
         - @ConditionalOnProperty (spring.mail.test-connection) did not find property 'test-connection' (OnPropertyCondition)

   ManagementServerPropertiesAutoConfiguration#securityProperties:
      Did not match:
         - @ConditionalOnClass did not find required class 'org.springframework.security.config.annotation.web.configuration.EnableWebSecurity' (OnClassCondition)

   ManagementServerPropertiesAutoConfiguration#serverProperties:
      Did not match:
         - @ConditionalOnMissingBean (types: org.springframework.boot.autoconfigure.web.ServerProperties; SearchStrategy: all) found bean 'serverProperties' (OnBeanCondition)
      Matched:
         - @ConditionalOnWebApplication (required) found StandardServletEnvironment (OnWebApplicationCondition)

   ManagementWebSecurityAutoConfiguration:
      Did not match:
         - @ConditionalOnClass did not find required class 'org.springframework.security.config.annotation.web.configuration.EnableWebSecurity' (OnClassCondition)

   MessageSourceAutoConfiguration:
      Did not match:
         - ResourceBundle did not find bundle with basename messages (MessageSourceAutoConfiguration.ResourceBundleCondition)

   MetricExportAutoConfiguration.StatsdConfiguration#statsdMetricWriter:
      Did not match:
         - @ConditionalOnProperty (spring.metrics.export.statsd.host) did not find property 'host' (OnPropertyCondition)

   MetricRepositoryAutoConfiguration.FastMetricServicesConfiguration:
      Did not match:
         - @ConditionalOnMissingBean (types: org.springframework.boot.actuate.metrics.GaugeService; SearchStrategy: all) found bean 'servoMetricServices' (OnBeanCondition)
      Matched:
         - @ConditionalOnJava (1.8 or newer) found 1.8 (OnJavaCondition)

   MetricRepositoryAutoConfiguration.LegacyMetricRepositoryConfiguration:
      Did not match:
         - @ConditionalOnJava (older than 1.8) found 1.8 (OnJavaCondition)

   MetricRepositoryAutoConfiguration.LegacyMetricServicesConfiguration:
      Did not match:
         - @ConditionalOnJava (older than 1.8) found 1.8 (OnJavaCondition)

   MetricsChannelAutoConfiguration:
      Did not match:
         - @ConditionalOnClass did not find required class 'org.springframework.messaging.MessageChannel' (OnClassCondition)

   MetricsDropwizardAutoConfiguration:
      Did not match:
         - @ConditionalOnClass did not find required class 'com.codahale.metrics.MetricRegistry' (OnClassCondition)

   MetricsInterceptorConfiguration.MetricsRestTemplateAspectConfiguration:
      Did not match:
         - @ConditionalOnClass did not find required class 'org.aspectj.lang.JoinPoint' (OnClassCondition)

   MetricsInterceptorConfiguration.MetricsRestTemplateConfiguration:
      Did not match:
         - @ConditionalOnBean (types: org.springframework.web.client.RestTemplate; SearchStrategy: all) did not find any beans (OnBeanCondition)

   MongoAutoConfiguration:
      Did not match:
         - @ConditionalOnClass did not find required class 'com.mongodb.MongoClient' (OnClassCondition)

   MongoDataAutoConfiguration:
      Did not match:
         - @ConditionalOnClass did not find required classes 'com.mongodb.Mongo', 'org.springframework.data.mongodb.core.MongoTemplate' (OnClassCondition)

   MongoRepositoriesAutoConfiguration:
      Did not match:
         - @ConditionalOnClass did not find required classes 'com.mongodb.Mongo', 'org.springframework.data.mongodb.repository.MongoRepository' (OnClassCondition)

   MustacheAutoConfiguration:
      Did not match:
         - @ConditionalOnClass did not find required class 'com.samskivert.mustache.Mustache' (OnClassCondition)

   Neo4jDataAutoConfiguration:
      Did not match:
         - @ConditionalOnClass did not find required classes 'org.neo4j.ogm.session.Neo4jSession', 'org.springframework.data.neo4j.template.Neo4jOperations' (OnClassCondition)

   Neo4jRepositoriesAutoConfiguration:
      Did not match:
         - @ConditionalOnClass did not find required classes 'org.neo4j.ogm.session.Neo4jSession', 'org.springframework.data.neo4j.repository.GraphRepository' (OnClassCondition)

   NoopDiscoveryClientAutoConfiguration:
      Did not match:
         - @ConditionalOnMissingBean (types: org.springframework.cloud.client.discovery.DiscoveryClient; SearchStrategy: all) found bean 'discoveryClient' (OnBeanCondition)

   OAuth2AutoConfiguration:
      Did not match:
         - @ConditionalOnClass did not find required class 'org.springframework.security.oauth2.common.OAuth2AccessToken' (OnClassCondition)

   PersistenceExceptionTranslationAutoConfiguration:
      Did not match:
         - @ConditionalOnClass did not find required class 'org.springframework.dao.annotation.PersistenceExceptionTranslationPostProcessor' (OnClassCondition)

   ProjectInfoAutoConfiguration#buildProperties:
      Did not match:
         - @ConditionalOnResource did not find resource '${spring.info.build.location:classpath:META-INF/build-info.properties}' (OnResourceCondition)

   ProjectInfoAutoConfiguration#gitProperties:
      Did not match:
         - GitResource did not find git info at classpath:git.properties (ProjectInfoAutoConfiguration.GitResourceAvailableCondition)

   PublicMetricsAutoConfiguration#richGaugePublicMetrics:
      Did not match:
         - @ConditionalOnBean (types: org.springframework.boot.actuate.metrics.rich.RichGaugeReader; SearchStrategy: all) did not find any beans (OnBeanCondition)

   PublicMetricsAutoConfiguration.CacheStatisticsConfiguration:
      Did not match:
         - @ConditionalOnBean (types: org.springframework.cache.CacheManager; SearchStrategy: all) did not find any beans (OnBeanCondition)
      Matched:
         - @ConditionalOnClass found required class 'org.springframework.cache.CacheManager' (OnClassCondition)

   PublicMetricsAutoConfiguration.DataSourceMetricsConfiguration:
      Did not match:
         - @ConditionalOnBean (types: javax.sql.DataSource; SearchStrategy: all) did not find any beans (OnBeanCondition)
      Matched:
         - @ConditionalOnClass found required class 'javax.sql.DataSource' (OnClassCondition)

   PublicMetricsAutoConfiguration.IntegrationMetricsConfiguration:
      Did not match:
         - @ConditionalOnClass did not find required class 'org.springframework.integration.monitor.IntegrationMBeanExporter' (OnClassCondition)

   RabbitAutoConfiguration:
      Did not match:
         - @ConditionalOnClass did not find required classes 'org.springframework.amqp.rabbit.core.RabbitTemplate', 'com.rabbitmq.client.Channel' (OnClassCondition)

   ReactorAutoConfiguration:
      Did not match:
         - @ConditionalOnClass did not find required classes 'reactor.spring.context.config.EnableReactor', 'reactor.Environment' (OnClassCondition)

   RedisAutoConfiguration:
      Did not match:
         - @ConditionalOnClass did not find required classes 'org.springframework.data.redis.connection.jedis.JedisConnection', 'org.springframework.data.redis.core.RedisOperations', 'redis.clients.jedis.Jedis' (OnClassCondition)

   RedisRepositoriesAutoConfiguration:
      Did not match:
         - @ConditionalOnClass did not find required classes 'redis.clients.jedis.Jedis', 'org.springframework.data.redis.repository.configuration.EnableRedisRepositories' (OnClassCondition)

   RefreshEndpointAutoConfiguration#infoEndpointRebinderConfiguration:
      Did not match:
         - @ConditionalOnMissingClass found unwanted class 'org.springframework.boot.actuate.info.InfoContributor' (OnClassCondition)

   RefreshEndpointAutoConfiguration.RestartEndpointWithIntegration:
      Did not match:
         - @ConditionalOnClass did not find required class 'org.springframework.integration.monitor.IntegrationMBeanExporter' (OnClassCondition)

   RepositoryRestMvcAutoConfiguration:
      Did not match:
         - @ConditionalOnClass did not find required class 'org.springframework.data.rest.webmvc.config.RepositoryRestMvcConfiguration' (OnClassCondition)

   RibbonAutoConfiguration.RibbonClientConfig:
      Did not match:
         - @ConditionalOnProperty (ribbon.http.client.enabled) did not find property 'ribbon.http.client.enabled' (OnPropertyCondition)
      Matched:
         - @ConditionalOnClass found required class 'com.netflix.client.http.HttpRequest' (OnClassCondition)

   SecurityAutoConfiguration:
      Did not match:
         - @ConditionalOnClass did not find required classes 'org.springframework.security.authentication.AuthenticationManager', 'org.springframework.security.config.annotation.authentication.configurers.GlobalAuthenticationConfigurerAdapter' (OnClassCondition)

   SecurityFilterAutoConfiguration:
      Did not match:
         - @ConditionalOnClass did not find required classes 'org.springframework.security.web.context.AbstractSecurityWebApplicationInitializer', 'org.springframework.security.config.http.SessionCreationPolicy' (OnClassCondition)

   SendGridAutoConfiguration:
      Did not match:
         - @ConditionalOnClass did not find required class 'com.sendgrid.SendGrid' (OnClassCondition)

   SessionAutoConfiguration:
      Did not match:
         - @ConditionalOnClass did not find required class 'org.springframework.session.Session' (OnClassCondition)

   SitePreferenceAutoConfiguration:
      Did not match:
         - @ConditionalOnClass did not find required classes 'org.springframework.mobile.device.site.SitePreferenceHandlerInterceptor', 'org.springframework.mobile.device.site.SitePreferenceHandlerMethodArgumentResolver' (OnClassCondition)

   SocialWebAutoConfiguration:
      Did not match:
         - @ConditionalOnClass did not find required classes 'org.springframework.social.connect.web.ConnectController', 'org.springframework.social.config.annotation.SocialConfigurerAdapter' (OnClassCondition)

   SolrAutoConfiguration:
      Did not match:
         - @ConditionalOnClass did not find required classes 'org.apache.solr.client.solrj.impl.HttpSolrClient', 'org.apache.solr.client.solrj.impl.CloudSolrClient' (OnClassCondition)

   SolrRepositoriesAutoConfiguration:
      Did not match:
         - @ConditionalOnClass did not find required classes 'org.apache.solr.client.solrj.SolrClient', 'org.springframework.data.solr.repository.SolrRepository' (OnClassCondition)

   SpringApplicationAdminJmxAutoConfiguration:
      Did not match:
         - @ConditionalOnProperty (spring.application.admin.enabled=true) did not find property 'enabled' (OnPropertyCondition)

   SpringDataWebAutoConfiguration:
      Did not match:
         - @ConditionalOnClass did not find required class 'org.springframework.data.web.PageableHandlerMethodArgumentResolver' (OnClassCondition)

   ThymeleafAutoConfiguration:
      Did not match:
         - @ConditionalOnClass did not find required class 'org.thymeleaf.spring4.SpringTemplateEngine' (OnClassCondition)

   TransactionAutoConfiguration:
      Did not match:
         - @ConditionalOnClass did not find required classes 'org.springframework.transaction.support.TransactionTemplate', 'org.springframework.transaction.PlatformTransactionManager' (OnClassCondition)

   TwitterAutoConfiguration:
      Did not match:
         - @ConditionalOnClass did not find required classes 'org.springframework.social.config.annotation.SocialConfigurerAdapter', 'org.springframework.social.twitter.connect.TwitterConnectionFactory' (OnClassCondition)

   VelocityAutoConfiguration:
      Did not match:
         - @ConditionalOnClass did not find required class 'org.apache.velocity.app.VelocityEngine' (OnClassCondition)

   WebMvcAutoConfiguration.ResourceChainCustomizerConfiguration:
      Did not match:
         - @ConditionalOnEnabledResourceChain did not find class org.webjars.WebJarAssetLocator (OnEnabledResourceChainCondition)

   WebMvcAutoConfiguration.WebMvcAutoConfigurationAdapter#beanNameViewResolver:
      Did not match:
         - @ConditionalOnMissingBean (types: org.springframework.web.servlet.view.BeanNameViewResolver; SearchStrategy: all) found bean 'beanNameViewResolver' (OnBeanCondition)

   WebMvcAutoConfiguration.WebMvcAutoConfigurationAdapter#dateFormatter:
      Did not match:
         - @ConditionalOnProperty (spring.mvc.date-format) did not find property 'date-format' (OnPropertyCondition)

   WebMvcAutoConfiguration.WebMvcAutoConfigurationAdapter#localeResolver:
      Did not match:
         - @ConditionalOnProperty (spring.mvc.locale) did not find property 'locale' (OnPropertyCondition)

   WebServicesAutoConfiguration:
      Did not match:
         - @ConditionalOnClass did not find required class 'org.springframework.ws.transport.http.MessageDispatcherServlet' (OnClassCondition)

   WebSocketAutoConfiguration.JettyWebSocketConfiguration:
      Did not match:
         - @ConditionalOnClass did not find required class 'org.eclipse.jetty.websocket.jsr356.server.deploy.WebSocketServerContainerInitializer' (OnClassCondition)

   WebSocketAutoConfiguration.UndertowWebSocketConfiguration:
      Did not match:
         - @ConditionalOnClass did not find required class 'io.undertow.websockets.jsr.Bootstrap' (OnClassCondition)

   WebSocketMessagingAutoConfiguration:
      Did not match:
         - @ConditionalOnClass did not find required class 'org.springframework.web.socket.config.annotation.WebSocketMessageBrokerConfigurer' (OnClassCondition)

   XADataSourceAutoConfiguration:
      Did not match:
         - @ConditionalOnClass did not find required classes 'javax.transaction.TransactionManager', 'org.springframework.jdbc.datasource.embedded.EmbeddedDatabaseType' (OnClassCondition)


Exclusions:
-----------

    None


Unconditional classes:
----------------------

    org.springframework.boot.actuate.autoconfigure.InfoContributorAutoConfiguration

    org.springframework.boot.actuate.autoconfigure.HealthIndicatorAutoConfiguration

    org.springframework.boot.actuate.autoconfigure.PublicMetricsAutoConfiguration

    org.springframework.boot.autoconfigure.PropertyPlaceholderAutoConfiguration

    org.springframework.boot.actuate.autoconfigure.ManagementServerPropertiesAutoConfiguration

    org.springframework.boot.actuate.autoconfigure.AuditAutoConfiguration

    org.springframework.boot.autoconfigure.web.WebClientAutoConfiguration

    org.springframework.boot.actuate.autoconfigure.EndpointAutoConfiguration

    org.springframework.boot.autoconfigure.context.ConfigurationPropertiesAutoConfiguration

    org.springframework.boot.actuate.autoconfigure.TraceRepositoryAutoConfiguration

    org.springframework.boot.actuate.autoconfigure.MetricRepositoryAutoConfiguration

    org.springframework.boot.autoconfigure.info.ProjectInfoAutoConfiguration



13491 [main] DEBUG o.s.b.f.s.DefaultListableBeanFactory - Returning cached instance of singleton bean 'metricWritersMetricExporter'
13495 [main] DEBUG o.s.w.s.r.ResourceUrlProvider - Looking for resource handler mappings
13496 [main] DEBUG o.s.b.f.s.DefaultListableBeanFactory - Returning cached instance of singleton bean 'resourceHandlerMapping'
13496 [main] DEBUG o.s.b.f.s.DefaultListableBeanFactory - Returning cached instance of singleton bean 'faviconHandlerMapping'
13496 [main] DEBUG o.s.w.s.r.ResourceUrlProvider - Found resource handler mapping: URL pattern="/**/favicon.ico", locations=[ServletContext resource [/], class path resource [META-INF/resources/], class path resource [resources/], class path resource [static/], class path resource [public/], class path resource []], resolvers=[org.springframework.web.servlet.resource.PathResourceResolver@6661d8c0]
13496 [main] DEBUG o.s.w.s.r.ResourceUrlProvider - Found resource handler mapping: URL pattern="/webjars/**", locations=[class path resource [META-INF/resources/webjars/]], resolvers=[org.springframework.web.servlet.resource.PathResourceResolver@310b2b6f]
13496 [main] DEBUG o.s.w.s.r.ResourceUrlProvider - Found resource handler mapping: URL pattern="/**", locations=[ServletContext resource [/], class path resource [META-INF/resources/], class path resource [resources/], class path resource [static/], class path resource [public/]], resolvers=[org.springframework.web.servlet.resource.PathResourceResolver@6909f6be]
13497 [main] DEBUG o.s.b.f.s.DefaultListableBeanFactory - Returning cached instance of singleton bean 'org.springframework.boot.autoconfigure.internalCachingMetadataReaderFactory'
13497 [main] DEBUG o.s.b.f.s.DefaultListableBeanFactory - Returning cached instance of singleton bean 'org.springframework.boot.context.properties.ConfigurationPropertiesBindingPostProcessor'
13497 [main] DEBUG o.s.c.e.PropertySourcesPropertyResolver - Could not find key 'spring.liveBeansView.mbeanDomain' in any property source
13503 [main] INFO  o.a.coyote.http11.Http11NioProtocol - Initializing ProtocolHandler ["http-nio-1111"]
13519 [Thread-7] INFO  o.s.c.n.e.s.EurekaServerInitializerConfiguration - Started Eureka Server
13524 [main] INFO  o.a.coyote.http11.Http11NioProtocol - Starting ProtocolHandler [http-nio-1111]
13539 [main] INFO  o.a.tomcat.util.net.NioSelectorPool - Using a shared selector for servlet write/read
13566 [main] INFO  o.s.b.c.e.t.TomcatEmbeddedServletContainer - Tomcat started on port(s): 1111 (http)
13567 [main] DEBUG o.s.b.f.s.DefaultListableBeanFactory - Returning cached instance of singleton bean 'org.springframework.cloud.netflix.eureka.EurekaDiscoveryClientConfiguration'
13567 [main] INFO  o.s.c.n.e.EurekaDiscoveryClientConfiguration - Updating port to 1111
13567 [main] DEBUG o.s.w.c.s.StandardServletEnvironment - Adding [server.ports] PropertySource with highest search precedence
13567 [main] DEBUG o.s.core.env.StandardEnvironment - Adding [server.ports] PropertySource with highest search precedence
13570 [main] DEBUG o.s.b.f.s.DefaultListableBeanFactory - Returning cached instance of singleton bean 'refreshEventListener'
13571 [main] INFO  com.yd.Application - Started Application in 13.097 seconds (JVM running for 13.863)
13571 [main] INFO  com.yd.Application - logback 成功了
13571 [main] ERROR com.yd.Application - logback 成功了
13571 [main] DEBUG com.yd.Application - logback 成功了
17439 [Eureka-EvictionTimer] DEBUG o.s.c.e.PropertySourcesPropertyResolver - Could not find key 'eureka.server.experimental.evict.compensateForDelays' in any property source
17439 [Eureka-EvictionTimer] DEBUG c.n.e.r.AbstractInstanceRegistry - Running the evict task
17439 [Eureka-EvictionTimer] DEBUG o.s.c.e.PropertySourcesPropertyResolver - Could not find key 'eureka.server.experimental.evict.cancel.disabled' in any property source
2639 [main] DEBUG o.s.b.l.ClasspathLoggingApplicationListener - Application started with classpath: [file:/D:/WorkSoftware/Java/jdk1.8.0_111/jre/lib/charsets.jar, file:/D:/WorkSoftware/Java/jdk1.8.0_111/jre/lib/deploy.jar, file:/D:/WorkSoftware/Java/jdk1.8.0_111/jre/lib/ext/access-bridge-64.jar, file:/D:/WorkSoftware/Java/jdk1.8.0_111/jre/lib/ext/cldrdata.jar, file:/D:/WorkSoftware/Java/jdk1.8.0_111/jre/lib/ext/dnsns.jar, file:/D:/WorkSoftware/Java/jdk1.8.0_111/jre/lib/ext/jaccess.jar, file:/D:/WorkSoftware/Java/jdk1.8.0_111/jre/lib/ext/jfxrt.jar, file:/D:/WorkSoftware/Java/jdk1.8.0_111/jre/lib/ext/localedata.jar, file:/D:/WorkSoftware/Java/jdk1.8.0_111/jre/lib/ext/nashorn.jar, file:/D:/WorkSoftware/Java/jdk1.8.0_111/jre/lib/ext/sunec.jar, file:/D:/WorkSoftware/Java/jdk1.8.0_111/jre/lib/ext/sunjce_provider.jar, file:/D:/WorkSoftware/Java/jdk1.8.0_111/jre/lib/ext/sunmscapi.jar, file:/D:/WorkSoftware/Java/jdk1.8.0_111/jre/lib/ext/sunpkcs11.jar, file:/D:/WorkSoftware/Java/jdk1.8.0_111/jre/lib/ext/zipfs.jar, file:/D:/WorkSoftware/Java/jdk1.8.0_111/jre/lib/javaws.jar, file:/D:/WorkSoftware/Java/jdk1.8.0_111/jre/lib/jce.jar, file:/D:/WorkSoftware/Java/jdk1.8.0_111/jre/lib/jfr.jar, file:/D:/WorkSoftware/Java/jdk1.8.0_111/jre/lib/jfxswt.jar, file:/D:/WorkSoftware/Java/jdk1.8.0_111/jre/lib/jsse.jar, file:/D:/WorkSoftware/Java/jdk1.8.0_111/jre/lib/management-agent.jar, file:/D:/WorkSoftware/Java/jdk1.8.0_111/jre/lib/plugin.jar, file:/D:/WorkSoftware/Java/jdk1.8.0_111/jre/lib/resources.jar, file:/D:/WorkSoftware/Java/jdk1.8.0_111/jre/lib/rt.jar, file:/F:/ideaworkspace201603/learn-for-me/spring-cloud-eureka/target/classes/, file:/D:/mavenHome/org/springframework/boot/spring-boot/1.4.4.RELEASE/spring-boot-1.4.4.RELEASE.jar, file:/D:/mavenHome/org/springframework/spring-context/4.3.6.RELEASE/spring-context-4.3.6.RELEASE.jar, file:/D:/mavenHome/org/springframework/spring-aop/4.3.6.RELEASE/spring-aop-4.3.6.RELEASE.jar, file:/D:/mavenHome/org/springframework/spring-beans/4.3.6.RELEASE/spring-beans-4.3.6.RELEASE.jar, file:/D:/mavenHome/org/springframework/spring-expression/4.3.6.RELEASE/spring-expression-4.3.6.RELEASE.jar, file:/D:/mavenHome/org/springframework/boot/spring-boot-autoconfigure/1.4.4.RELEASE/spring-boot-autoconfigure-1.4.4.RELEASE.jar, file:/D:/mavenHome/org/ow2/asm/asm/5.0.3/asm-5.0.3.jar, file:/D:/mavenHome/org/slf4j/slf4j-api/1.7.22/slf4j-api-1.7.22.jar, file:/D:/mavenHome/org/springframework/spring-core/4.3.6.RELEASE/spring-core-4.3.6.RELEASE.jar, file:/D:/mavenHome/org/springframework/cloud/spring-cloud-starter-eureka-server/1.1.0.RELEASE/spring-cloud-starter-eureka-server-1.1.0.RELEASE.jar, file:/D:/mavenHome/org/springframework/cloud/spring-cloud-starter/1.1.0.RELEASE/spring-cloud-starter-1.1.0.RELEASE.jar, file:/D:/mavenHome/org/springframework/boot/spring-boot-starter/1.4.4.RELEASE/spring-boot-starter-1.4.4.RELEASE.jar, file:/D:/mavenHome/org/springframework/boot/spring-boot-starter-logging/1.4.4.RELEASE/spring-boot-starter-logging-1.4.4.RELEASE.jar, file:/D:/mavenHome/ch/qos/logback/logback-classic/1.1.9/logback-classic-1.1.9.jar, file:/D:/mavenHome/ch/qos/logback/logback-core/1.1.9/logback-core-1.1.9.jar, file:/D:/mavenHome/org/slf4j/jcl-over-slf4j/1.7.22/jcl-over-slf4j-1.7.22.jar, file:/D:/mavenHome/org/slf4j/jul-to-slf4j/1.7.22/jul-to-slf4j-1.7.22.jar, file:/D:/mavenHome/org/slf4j/log4j-over-slf4j/1.7.22/log4j-over-slf4j-1.7.22.jar, file:/D:/mavenHome/org/yaml/snakeyaml/1.17/snakeyaml-1.17.jar, file:/D:/mavenHome/org/springframework/cloud/spring-cloud-context/1.1.0.RELEASE/spring-cloud-context-1.1.0.RELEASE.jar, file:/D:/mavenHome/org/springframework/security/spring-security-crypto/4.1.4.RELEASE/spring-security-crypto-4.1.4.RELEASE.jar, file:/D:/mavenHome/org/springframework/cloud/spring-cloud-commons/1.1.0.RELEASE/spring-cloud-commons-1.1.0.RELEASE.jar, file:/D:/mavenHome/org/springframework/security/spring-security-rsa/1.0.1.RELEASE/spring-security-rsa-1.0.1.RELEASE.jar, file:/D:/mavenHome/org/bouncycastle/bcpkix-jdk15on/1.47/bcpkix-jdk15on-1.47.jar, file:/D:/mavenHome/org/bouncycastle/bcprov-jdk15on/1.47/bcprov-jdk15on-1.47.jar, file:/D:/mavenHome/org/springframework/cloud/spring-cloud-netflix-eureka-server/1.1.0.RELEASE/spring-cloud-netflix-eureka-server-1.1.0.RELEASE.jar, file:/D:/mavenHome/org/springframework/boot/spring-boot-starter-web/1.4.4.RELEASE/spring-boot-starter-web-1.4.4.RELEASE.jar, file:/D:/mavenHome/org/springframework/boot/spring-boot-starter-tomcat/1.4.4.RELEASE/spring-boot-starter-tomcat-1.4.4.RELEASE.jar, file:/D:/mavenHome/org/apache/tomcat/embed/tomcat-embed-core/8.5.11/tomcat-embed-core-8.5.11.jar, file:/D:/mavenHome/org/apache/tomcat/embed/tomcat-embed-el/8.5.11/tomcat-embed-el-8.5.11.jar, file:/D:/mavenHome/org/apache/tomcat/embed/tomcat-embed-websocket/8.5.11/tomcat-embed-websocket-8.5.11.jar, file:/D:/mavenHome/org/hibernate/hibernate-validator/5.2.4.Final/hibernate-validator-5.2.4.Final.jar, file:/D:/mavenHome/javax/validation/validation-api/1.1.0.Final/validation-api-1.1.0.Final.jar, file:/D:/mavenHome/org/jboss/logging/jboss-logging/3.3.0.Final/jboss-logging-3.3.0.Final.jar, file:/D:/mavenHome/com/fasterxml/classmate/1.3.3/classmate-1.3.3.jar, file:/D:/mavenHome/org/springframework/spring-web/4.3.6.RELEASE/spring-web-4.3.6.RELEASE.jar, file:/D:/mavenHome/org/springframework/spring-webmvc/4.3.6.RELEASE/spring-webmvc-4.3.6.RELEASE.jar, file:/D:/mavenHome/org/springframework/boot/spring-boot-starter-actuator/1.4.4.RELEASE/spring-boot-starter-actuator-1.4.4.RELEASE.jar, file:/D:/mavenHome/org/springframework/boot/spring-boot-actuator/1.4.4.RELEASE/spring-boot-actuator-1.4.4.RELEASE.jar, file:/D:/mavenHome/org/springframework/boot/spring-boot-starter-freemarker/1.4.4.RELEASE/spring-boot-starter-freemarker-1.4.4.RELEASE.jar, file:/D:/mavenHome/org/freemarker/freemarker/2.3.25-incubating/freemarker-2.3.25-incubating.jar, file:/D:/mavenHome/org/springframework/spring-context-support/4.3.6.RELEASE/spring-context-support-4.3.6.RELEASE.jar, file:/D:/mavenHome/org/springframework/cloud/spring-cloud-netflix-core/1.1.0.RELEASE/spring-cloud-netflix-core-1.1.0.RELEASE.jar, file:/D:/mavenHome/org/springframework/cloud/spring-cloud-netflix-eureka-client/1.1.0.RELEASE/spring-cloud-netflix-eureka-client-1.1.0.RELEASE.jar, file:/D:/mavenHome/com/netflix/eureka/eureka-client/1.4.6/eureka-client-1.4.6.jar, file:/D:/mavenHome/org/codehaus/jettison/jettison/1.3.7/jettison-1.3.7.jar, file:/D:/mavenHome/stax/stax-api/1.0.1/stax-api-1.0.1.jar, file:/D:/mavenHome/com/netflix/netflix-commons/netflix-eventbus/0.3.0/netflix-eventbus-0.3.0.jar, file:/D:/mavenHome/javax/ws/rs/jsr311-api/1.1.1/jsr311-api-1.1.1.jar, file:/D:/mavenHome/com/netflix/servo/servo-core/0.10.1/servo-core-0.10.1.jar, file:/D:/mavenHome/com/netflix/servo/servo-internal/0.10.1/servo-internal-0.10.1.jar, file:/D:/mavenHome/com/sun/jersey/jersey-core/1.19.1/jersey-core-1.19.1.jar, file:/D:/mavenHome/com/sun/jersey/jersey-client/1.19.1/jersey-client-1.19.1.jar, file:/D:/mavenHome/com/sun/jersey/contribs/jersey-apache-client4/1.19.1/jersey-apache-client4-1.19.1.jar, file:/D:/mavenHome/org/apache/httpcomponents/httpclient/4.5.2/httpclient-4.5.2.jar, file:/D:/mavenHome/org/apache/httpcomponents/httpcore/4.4.6/httpcore-4.4.6.jar, file:/D:/mavenHome/commons-codec/commons-codec/1.10/commons-codec-1.10.jar, file:/D:/mavenHome/com/google/inject/guice/4.0/guice-4.0.jar, file:/D:/mavenHome/aopalliance/aopalliance/1.0/aopalliance-1.0.jar, file:/D:/mavenHome/com/netflix/governator/governator-api/1.12.10/governator-api-1.12.10.jar, file:/D:/mavenHome/com/sun/jersey/jersey-servlet/1.19.1/jersey-servlet-1.19.1.jar, file:/D:/mavenHome/com/sun/jersey/jersey-server/1.19.1/jersey-server-1.19.1.jar, file:/D:/mavenHome/com/netflix/eureka/eureka-core/1.4.6/eureka-core-1.4.6.jar, file:/D:/mavenHome/com/amazonaws/aws-java-sdk-core/1.10.30/aws-java-sdk-core-1.10.30.jar, file:/D:/mavenHome/com/amazonaws/aws-java-sdk-ec2/1.10.30/aws-java-sdk-ec2-1.10.30.jar, file:/D:/mavenHome/com/amazonaws/aws-java-sdk-autoscaling/1.9.3/aws-java-sdk-autoscaling-1.9.3.jar, file:/D:/mavenHome/com/amazonaws/aws-java-sdk-sts/1.9.3/aws-java-sdk-sts-1.9.3.jar, file:/D:/mavenHome/com/amazonaws/aws-java-sdk-route53/1.9.3/aws-java-sdk-route53-1.9.3.jar, file:/D:/mavenHome/com/netflix/governator/governator/1.12.10/governator-1.12.10.jar, file:/D:/mavenHome/com/netflix/governator/governator-core/1.12.10/governator-core-1.12.10.jar, file:/D:/mavenHome/org/codehaus/woodstox/woodstox-core-asl/4.4.1/woodstox-core-asl-4.4.1.jar, file:/D:/mavenHome/javax/xml/stream/stax-api/1.0-2/stax-api-1.0-2.jar, file:/D:/mavenHome/com/netflix/archaius/archaius-core/0.7.4/archaius-core-0.7.4.jar, file:/D:/mavenHome/com/google/code/findbugs/jsr305/3.0.1/jsr305-3.0.1.jar, file:/D:/mavenHome/javax/inject/javax.inject/1/javax.inject-1.jar, file:/D:/mavenHome/com/fasterxml/jackson/dataformat/jackson-dataformat-xml/2.8.6/jackson-dataformat-xml-2.8.6.jar, file:/D:/mavenHome/com/fasterxml/jackson/module/jackson-module-jaxb-annotations/2.8.6/jackson-module-jaxb-annotations-2.8.6.jar, file:/D:/mavenHome/org/codehaus/woodstox/stax2-api/3.1.4/stax2-api-3.1.4.jar, file:/D:/mavenHome/com/fasterxml/woodstox/woodstox-core/5.0.3/woodstox-core-5.0.3.jar, file:/D:/mavenHome/com/thoughtworks/xstream/xstream/1.4.2/xstream-1.4.2.jar, file:/D:/mavenHome/xmlpull/xmlpull/1.1.3.1/xmlpull-1.1.3.1.jar, file:/D:/mavenHome/xpp3/xpp3_min/1.1.4c/xpp3_min-1.1.4c.jar, file:/D:/mavenHome/org/springframework/cloud/spring-cloud-starter-archaius/1.1.0.RELEASE/spring-cloud-starter-archaius-1.1.0.RELEASE.jar, file:/D:/mavenHome/commons-configuration/commons-configuration/1.8/commons-configuration-1.8.jar, file:/D:/mavenHome/commons-lang/commons-lang/2.6/commons-lang-2.6.jar, file:/D:/mavenHome/commons-logging/commons-logging/1.1.1/commons-logging-1.1.1.jar, file:/D:/mavenHome/com/fasterxml/jackson/core/jackson-annotations/2.8.6/jackson-annotations-2.8.6.jar, file:/D:/mavenHome/com/fasterxml/jackson/core/jackson-core/2.8.6/jackson-core-2.8.6.jar, file:/D:/mavenHome/com/fasterxml/jackson/core/jackson-databind/2.8.6/jackson-databind-2.8.6.jar, file:/D:/mavenHome/com/google/guava/guava/18.0/guava-18.0.jar, file:/D:/mavenHome/org/springframework/cloud/spring-cloud-starter-ribbon/1.1.0.RELEASE/spring-cloud-starter-ribbon-1.1.0.RELEASE.jar, file:/D:/mavenHome/com/netflix/ribbon/ribbon/2.1.5/ribbon-2.1.5.jar, file:/D:/mavenHome/com/netflix/ribbon/ribbon-transport/2.1.5/ribbon-transport-2.1.5.jar, file:/D:/mavenHome/io/reactivex/rxnetty-contexts/0.4.9/rxnetty-contexts-0.4.9.jar, file:/D:/mavenHome/io/reactivex/rxnetty-servo/0.4.9/rxnetty-servo-0.4.9.jar, file:/D:/mavenHome/com/netflix/hystrix/hystrix-core/1.5.2/hystrix-core-1.5.2.jar, file:/D:/mavenHome/org/hdrhistogram/HdrHistogram/2.1.7/HdrHistogram-2.1.7.jar, file:/D:/mavenHome/io/reactivex/rxnetty/0.4.9/rxnetty-0.4.9.jar, file:/D:/mavenHome/io/netty/netty-codec-http/4.0.27.Final/netty-codec-http-4.0.27.Final.jar, file:/D:/mavenHome/io/netty/netty-codec/4.0.27.Final/netty-codec-4.0.27.Final.jar, file:/D:/mavenHome/io/netty/netty-handler/4.0.27.Final/netty-handler-4.0.27.Final.jar, file:/D:/mavenHome/io/netty/netty-transport-native-epoll/4.0.27.Final/netty-transport-native-epoll-4.0.27.Final.jar, file:/D:/mavenHome/io/netty/netty-common/4.0.27.Final/netty-common-4.0.27.Final.jar, file:/D:/mavenHome/io/netty/netty-buffer/4.0.27.Final/netty-buffer-4.0.27.Final.jar, file:/D:/mavenHome/io/netty/netty-transport/4.0.27.Final/netty-transport-4.0.27.Final.jar, file:/D:/mavenHome/com/netflix/ribbon/ribbon-core/2.1.5/ribbon-core-2.1.5.jar, file:/D:/mavenHome/com/netflix/ribbon/ribbon-httpclient/2.1.5/ribbon-httpclient-2.1.5.jar, file:/D:/mavenHome/commons-collections/commons-collections/3.2.2/commons-collections-3.2.2.jar, file:/D:/mavenHome/com/netflix/netflix-commons/netflix-commons-util/0.1.1/netflix-commons-util-0.1.1.jar, file:/D:/mavenHome/com/netflix/ribbon/ribbon-loadbalancer/2.1.5/ribbon-loadbalancer-2.1.5.jar, file:/D:/mavenHome/com/netflix/netflix-commons/netflix-statistics/0.1.1/netflix-statistics-0.1.1.jar, file:/D:/mavenHome/io/reactivex/rxjava/1.1.5/rxjava-1.1.5.jar, file:/D:/mavenHome/com/netflix/ribbon/ribbon-eureka/2.1.5/ribbon-eureka-2.1.5.jar, file:/D:/WorkSoftware/JetBrains/IntelliJ%20IDEA%202016.3.2/lib/idea_rt.jar]
2642 [main] DEBUG o.s.c.e.PropertySourcesPropertyResolver - Could not find key 'context.listener.classes' in any property source
2682 [main] DEBUG o.s.core.env.StandardEnvironment - Adding [systemProperties] PropertySource with lowest search precedence
2682 [main] DEBUG o.s.core.env.StandardEnvironment - Adding [systemEnvironment] PropertySource with lowest search precedence
2682 [main] DEBUG o.s.core.env.StandardEnvironment - Initialized StandardEnvironment with PropertySources [systemProperties,systemEnvironment]
2704 [main] DEBUG o.s.c.a.ClassPathBeanDefinitionScanner - JSR-250 'javax.annotation.ManagedBean' found and supported for component scanning
2706 [main] DEBUG o.s.c.a.ClassPathBeanDefinitionScanner - JSR-330 'javax.inject.Named' annotation found and supported for component scanning
2721 [main] DEBUG o.s.c.e.PropertySourcesPropertyResolver - Could not find key 'context.initializer.classes' in any property source
2721 [main] DEBUG o.s.c.e.PropertySourcesPropertyResolver - Could not find key 'spring.config.name:application' in any property source
2721 [main] DEBUG o.s.c.e.PropertySourcesPropertyResolver - Found key 'spring.config.name' in [bootstrap] with type [String]
2722 [main] DEBUG o.s.c.e.PropertySourcesPropertyResolver - Could not find key 'vcap.application.name:bootstrap' in any property source
2722 [main] DEBUG o.s.c.e.PropertySourcesPropertyResolver - Could not find key 'vcap.application.name' in any property source
2722 [main] DEBUG o.s.c.e.PropertySourcesPropertyResolver - Could not find key 'spring.application.name:bootstrap' in any property source
2722 [main] DEBUG o.s.c.e.PropertySourcesPropertyResolver - Found key 'spring.application.name' in [defaultProperties] with type [String]
2722 [main] DEBUG o.s.c.e.PropertySourcesPropertyResolver - Could not find key 'PORT:null' in any property source
2722 [main] DEBUG o.s.c.e.PropertySourcesPropertyResolver - Could not find key 'PORT' in any property source
2722 [main] DEBUG o.s.c.e.PropertySourcesPropertyResolver - Could not find key 'server.port:null' in any property source
2723 [main] DEBUG o.s.c.e.PropertySourcesPropertyResolver - Could not find key 'server.port' in any property source
2723 [main] DEBUG o.s.c.e.PropertySourcesPropertyResolver - Could not find key 'spring.application.index:null' in any property source
2723 [main] DEBUG o.s.c.e.PropertySourcesPropertyResolver - Could not find key 'spring.application.index' in any property source
2723 [main] DEBUG o.s.c.e.PropertySourcesPropertyResolver - Could not find key 'vcap.application.instance_index:null' in any property source
2723 [main] DEBUG o.s.c.e.PropertySourcesPropertyResolver - Could not find key 'vcap.application.instance_index' in any property source
2723 [main] DEBUG o.s.c.e.PropertySourcesPropertyResolver - Could not find key 'spring.profiles.active' in any property source
2727 [main] DEBUG o.s.b.f.s.DefaultListableBeanFactory - Returning cached instance of singleton bean 'autoConfigurationReport'
2727 [main] DEBUG o.s.boot.SpringApplication - Loading source class org.springframework.cloud.bootstrap.config.PropertySourceBootstrapConfiguration,class org.springframework.cloud.bootstrap.encrypt.EncryptionBootstrapConfiguration,class org.springframework.cloud.autoconfigure.ConfigurationPropertiesRebinderAutoConfiguration,class org.springframework.boot.autoconfigure.PropertyPlaceholderAutoConfiguration
2737 [main] DEBUG o.s.c.a.ClassPathBeanDefinitionScanner - JSR-250 'javax.annotation.ManagedBean' found and supported for component scanning
2737 [main] DEBUG o.s.c.a.ClassPathBeanDefinitionScanner - JSR-330 'javax.inject.Named' annotation found and supported for component scanning
2761 [main] DEBUG o.s.b.f.s.DefaultListableBeanFactory - Returning cached instance of singleton bean 'autoConfigurationReport'
2773 [main] INFO  o.s.c.a.AnnotationConfigApplicationContext - Refreshing org.springframework.context.annotation.AnnotationConfigApplicationContext@61386958: startup date [Mon Mar 06 18:59:33 CST 2017]; root of context hierarchy
2774 [main] DEBUG o.s.c.a.AnnotationConfigApplicationContext - Bean factory for org.springframework.context.annotation.AnnotationConfigApplicationContext@61386958: org.springframework.beans.factory.support.DefaultListableBeanFactory@58cbafc2: defining beans [org.springframework.context.annotation.internalConfigurationAnnotationProcessor,org.springframework.context.annotation.internalAutowiredAnnotationProcessor,org.springframework.context.annotation.internalRequiredAnnotationProcessor,org.springframework.context.annotation.internalCommonAnnotationProcessor,org.springframework.context.event.internalEventListenerProcessor,org.springframework.context.event.internalEventListenerFactory,propertySourceBootstrapConfiguration,encryptionBootstrapConfiguration,configurationPropertiesRebinderAutoConfiguration,propertyPlaceholderAutoConfiguration]; root of factory hierarchy
2786 [main] DEBUG o.s.b.f.s.DefaultListableBeanFactory - Creating shared instance of singleton bean 'org.springframework.context.annotation.internalConfigurationAnnotationProcessor'
2786 [main] DEBUG o.s.b.f.s.DefaultListableBeanFactory - Creating instance of bean 'org.springframework.context.annotation.internalConfigurationAnnotationProcessor'
2791 [main] DEBUG o.s.b.f.s.DefaultListableBeanFactory - Eagerly caching bean 'org.springframework.context.annotation.internalConfigurationAnnotationProcessor' to allow for resolving potential circular references
2802 [main] DEBUG o.s.b.f.s.DefaultListableBeanFactory - Creating shared instance of singleton bean 'org.springframework.boot.autoconfigure.internalCachingMetadataReaderFactory'
2802 [main] DEBUG o.s.b.f.s.DefaultListableBeanFactory - Creating instance of bean 'org.springframework.boot.autoconfigure.internalCachingMetadataReaderFactory'
2802 [main] DEBUG o.s.b.f.s.DefaultListableBeanFactory - Eagerly caching bean 'org.springframework.boot.autoconfigure.internalCachingMetadataReaderFactory' to allow for resolving potential circular references
2804 [main] DEBUG o.s.b.f.s.DefaultListableBeanFactory - Finished creating instance of bean 'org.springframework.boot.autoconfigure.internalCachingMetadataReaderFactory'
2817 [main] DEBUG o.s.b.f.s.DefaultListableBeanFactory - Finished creating instance of bean 'org.springframework.context.annotation.internalConfigurationAnnotationProcessor'
2947 [main] DEBUG o.s.b.f.s.DefaultListableBeanFactory - Returning cached instance of singleton bean 'autoConfigurationReport'
2953 [main] DEBUG o.s.b.f.s.DefaultListableBeanFactory - Returning cached instance of singleton bean 'autoConfigurationReport'
2953 [main] DEBUG o.s.c.e.PropertySourcesPropertyResolver - Could not find key 'encrypt.keyStore.location' in any property source
2954 [main] DEBUG o.s.c.e.PropertySourcesPropertyResolver - Could not find key 'encrypt.key' in any property source
2954 [main] DEBUG o.s.b.f.s.DefaultListableBeanFactory - Returning cached instance of singleton bean 'autoConfigurationReport'
2955 [main] DEBUG o.s.b.f.s.DefaultListableBeanFactory - Returning cached instance of singleton bean 'autoConfigurationReport'
2986 [main] DEBUG o.s.b.f.s.DefaultListableBeanFactory - Returning cached instance of singleton bean 'autoConfigurationReport'
2987 [main] DEBUG o.s.c.a.ConfigurationClassBeanDefinitionReader - Registering bean definition for @Bean method org.springframework.cloud.bootstrap.encrypt.EncryptionBootstrapConfiguration.environmentDecryptApplicationListener()
2996 [main] DEBUG o.s.b.f.s.DefaultListableBeanFactory - Creating shared instance of singleton bean 'org.springframework.boot.autoconfigure.condition.BeanTypeRegistry'
2996 [main] DEBUG o.s.b.f.s.DefaultListableBeanFactory - Creating instance of bean 'org.springframework.boot.autoconfigure.condition.BeanTypeRegistry'
3021 [main] DEBUG o.s.b.f.s.DefaultListableBeanFactory - Eagerly caching bean 'org.springframework.boot.autoconfigure.condition.BeanTypeRegistry' to allow for resolving potential circular references
3021 [main] DEBUG o.s.b.f.s.DefaultListableBeanFactory - Finished creating instance of bean 'org.springframework.boot.autoconfigure.condition.BeanTypeRegistry'
3024 [main] DEBUG o.s.b.f.s.DefaultListableBeanFactory - Returning cached instance of singleton bean 'autoConfigurationReport'
3026 [main] DEBUG o.s.b.f.s.DefaultListableBeanFactory - Returning cached instance of singleton bean 'org.springframework.boot.autoconfigure.condition.BeanTypeRegistry'
3026 [main] DEBUG o.s.b.f.s.DefaultListableBeanFactory - Returning cached instance of singleton bean 'autoConfigurationReport'
3049 [main] DEBUG o.s.c.a.ConfigurationClassBeanDefinitionReader - Registering bean definition for @Bean method org.springframework.cloud.autoconfigure.ConfigurationPropertiesRebinderAutoConfiguration.configurationPropertiesBeans()
3050 [main] DEBUG o.s.b.f.s.DefaultListableBeanFactory - Returning cached instance of singleton bean 'org.springframework.boot.autoconfigure.condition.BeanTypeRegistry'
3050 [main] DEBUG o.s.b.f.s.DefaultListableBeanFactory - Returning cached instance of singleton bean 'autoConfigurationReport'
3051 [main] DEBUG o.s.c.a.ConfigurationClassBeanDefinitionReader - Registering bean definition for @Bean method org.springframework.cloud.autoconfigure.ConfigurationPropertiesRebinderAutoConfiguration.configurationPropertiesRebinder()
3053 [main] DEBUG o.s.b.f.s.DefaultListableBeanFactory - Returning cached instance of singleton bean 'org.springframework.boot.autoconfigure.condition.BeanTypeRegistry'
3053 [main] DEBUG o.s.b.f.s.DefaultListableBeanFactory - Returning cached instance of singleton bean 'autoConfigurationReport'
3054 [main] DEBUG o.s.c.a.ConfigurationClassBeanDefinitionReader - Registering bean definition for @Bean method org.springframework.boot.autoconfigure.PropertyPlaceholderAutoConfiguration.propertySourcesPlaceholderConfigurer()
3083 [background-preinit] DEBUG org.jboss.logging - Logging Provider: org.jboss.logging.Slf4jLoggerProvider found via system property
3085 [background-preinit] INFO  o.h.validator.internal.util.Version - HV000001: Hibernate Validator 5.2.4.Final
3113 [background-preinit] DEBUG o.h.v.i.e.r.DefaultTraversableResolver - Cannot find javax.persistence.Persistence on classpath. Assuming non JPA 2 environment. All properties will per default be traversable.
3178 [main] DEBUG o.s.c.a.ConfigurationClassEnhancer - Successfully enhanced org.springframework.cloud.bootstrap.config.PropertySourceBootstrapConfiguration; enhanced class name is: org.springframework.cloud.bootstrap.config.PropertySourceBootstrapConfiguration$$EnhancerBySpringCGLIB$$c3e2b8b3
3178 [main] DEBUG o.s.c.a.ConfigurationClassPostProcessor - Replacing bean definition 'propertySourceBootstrapConfiguration' existing class 'org.springframework.cloud.bootstrap.config.PropertySourceBootstrapConfiguration' with enhanced class 'org.springframework.cloud.bootstrap.config.PropertySourceBootstrapConfiguration$$EnhancerBySpringCGLIB$$c3e2b8b3'
3182 [main] DEBUG o.s.c.a.ConfigurationClassEnhancer - Successfully enhanced org.springframework.cloud.bootstrap.encrypt.EncryptionBootstrapConfiguration; enhanced class name is: org.springframework.cloud.bootstrap.encrypt.EncryptionBootstrapConfiguration$$EnhancerBySpringCGLIB$$209efba3
3182 [main] DEBUG o.s.c.a.ConfigurationClassPostProcessor - Replacing bean definition 'encryptionBootstrapConfiguration' existing class 'org.springframework.cloud.bootstrap.encrypt.EncryptionBootstrapConfiguration' with enhanced class 'org.springframework.cloud.bootstrap.encrypt.EncryptionBootstrapConfiguration$$EnhancerBySpringCGLIB$$209efba3'
3185 [main] DEBUG o.s.c.a.ConfigurationClassEnhancer - Successfully enhanced org.springframework.cloud.autoconfigure.ConfigurationPropertiesRebinderAutoConfiguration; enhanced class name is: org.springframework.cloud.autoconfigure.ConfigurationPropertiesRebinderAutoConfiguration$$EnhancerBySpringCGLIB$$304f9d47
3185 [main] DEBUG o.s.c.a.ConfigurationClassPostProcessor - Replacing bean definition 'configurationPropertiesRebinderAutoConfiguration' existing class 'org.springframework.cloud.autoconfigure.ConfigurationPropertiesRebinderAutoConfiguration' with enhanced class 'org.springframework.cloud.autoconfigure.ConfigurationPropertiesRebinderAutoConfiguration$$EnhancerBySpringCGLIB$$304f9d47'
3188 [main] DEBUG o.s.c.a.ConfigurationClassEnhancer - Successfully enhanced org.springframework.boot.autoconfigure.PropertyPlaceholderAutoConfiguration; enhanced class name is: org.springframework.boot.autoconfigure.PropertyPlaceholderAutoConfiguration$$EnhancerBySpringCGLIB$$cc1242c4
3188 [main] DEBUG o.s.c.a.ConfigurationClassPostProcessor - Replacing bean definition 'propertyPlaceholderAutoConfiguration' existing class 'org.springframework.boot.autoconfigure.PropertyPlaceholderAutoConfiguration' with enhanced class 'org.springframework.boot.autoconfigure.PropertyPlaceholderAutoConfiguration$$EnhancerBySpringCGLIB$$cc1242c4'
3188 [main] DEBUG o.s.c.a.ConfigurationClassEnhancer - Successfully enhanced org.springframework.boot.autoconfigure.PropertyPlaceholderAutoConfiguration; enhanced class name is: org.springframework.boot.autoconfigure.PropertyPlaceholderAutoConfiguration$$EnhancerBySpringCGLIB$$cc1242c4
3189 [main] DEBUG o.s.c.a.ConfigurationClassPostProcessor - Replacing bean definition 'propertySourcesPlaceholderConfigurer' existing class 'org.springframework.boot.autoconfigure.PropertyPlaceholderAutoConfiguration' with enhanced class 'org.springframework.boot.autoconfigure.PropertyPlaceholderAutoConfiguration$$EnhancerBySpringCGLIB$$cc1242c4'
3189 [main] DEBUG o.s.core.env.StandardEnvironment - Removing [applicationConfigurationProperties] PropertySource
3189 [main] DEBUG o.s.core.env.StandardEnvironment - Removing [defaultProperties] PropertySource
3190 [main] DEBUG o.s.core.env.StandardEnvironment - Adding [defaultProperties] PropertySource with lowest search precedence
3190 [main] DEBUG o.s.b.f.s.DefaultListableBeanFactory - Creating shared instance of singleton bean 'propertySourcesPlaceholderConfigurer'
3190 [main] DEBUG o.s.b.f.s.DefaultListableBeanFactory - Creating instance of bean 'propertySourcesPlaceholderConfigurer'
3193 [main] DEBUG o.s.b.f.s.DefaultListableBeanFactory - Eagerly caching bean 'propertySourcesPlaceholderConfigurer' to allow for resolving potential circular references
3202 [main] DEBUG o.s.b.f.s.DefaultListableBeanFactory - Finished creating instance of bean 'propertySourcesPlaceholderConfigurer'
3203 [main] DEBUG o.s.core.env.MutablePropertySources - Adding [environmentProperties] PropertySource with lowest search precedence
3203 [main] DEBUG o.s.core.env.MutablePropertySources - Adding [localProperties] PropertySource with lowest search precedence
3205 [main] DEBUG o.s.b.f.s.DefaultListableBeanFactory - Creating shared instance of singleton bean 'org.springframework.boot.context.properties.ConfigurationPropertiesBindingPostProcessor.store'
3205 [main] DEBUG o.s.b.f.s.DefaultListableBeanFactory - Creating instance of bean 'org.springframework.boot.context.properties.ConfigurationPropertiesBindingPostProcessor.store'
3205 [main] DEBUG o.s.b.f.s.DefaultListableBeanFactory - Eagerly caching bean 'org.springframework.boot.context.properties.ConfigurationPropertiesBindingPostProcessor.store' to allow for resolving potential circular references
3208 [main] DEBUG o.s.b.f.s.DefaultListableBeanFactory - Finished creating instance of bean 'org.springframework.boot.context.properties.ConfigurationPropertiesBindingPostProcessor.store'
3210 [main] DEBUG o.s.b.f.s.DefaultListableBeanFactory - Creating shared instance of singleton bean 'org.springframework.context.annotation.internalAutowiredAnnotationProcessor'
3210 [main] DEBUG o.s.b.f.s.DefaultListableBeanFactory - Creating instance of bean 'org.springframework.context.annotation.internalAutowiredAnnotationProcessor'
3211 [main] INFO  o.s.b.f.a.AutowiredAnnotationBeanPostProcessor - JSR-330 'javax.inject.Inject' annotation found and supported for autowiring
3211 [main] DEBUG o.s.b.f.s.DefaultListableBeanFactory - Eagerly caching bean 'org.springframework.context.annotation.internalAutowiredAnnotationProcessor' to allow for resolving potential circular references
3218 [main] DEBUG o.s.b.f.s.DefaultListableBeanFactory - Finished creating instance of bean 'org.springframework.context.annotation.internalAutowiredAnnotationProcessor'
3218 [main] DEBUG o.s.b.f.s.DefaultListableBeanFactory - Creating shared instance of singleton bean 'org.springframework.context.annotation.internalRequiredAnnotationProcessor'
3218 [main] DEBUG o.s.b.f.s.DefaultListableBeanFactory - Creating instance of bean 'org.springframework.context.annotation.internalRequiredAnnotationProcessor'
3218 [main] DEBUG o.s.b.f.s.DefaultListableBeanFactory - Eagerly caching bean 'org.springframework.context.annotation.internalRequiredAnnotationProcessor' to allow for resolving potential circular references
3223 [main] DEBUG o.s.b.f.s.DefaultListableBeanFactory - Finished creating instance of bean 'org.springframework.context.annotation.internalRequiredAnnotationProcessor'
3223 [main] DEBUG o.s.b.f.s.DefaultListableBeanFactory - Creating shared instance of singleton bean 'org.springframework.context.annotation.internalCommonAnnotationProcessor'
3223 [main] DEBUG o.s.b.f.s.DefaultListableBeanFactory - Creating instance of bean 'org.springframework.context.annotation.internalCommonAnnotationProcessor'
3226 [main] DEBUG o.s.b.f.s.DefaultListableBeanFactory - Eagerly caching bean 'org.springframework.context.annotation.internalCommonAnnotationProcessor' to allow for resolving potential circular references
3234 [main] DEBUG o.s.b.f.s.DefaultListableBeanFactory - Finished creating instance of bean 'org.springframework.context.annotation.internalCommonAnnotationProcessor'
3234 [main] DEBUG o.s.b.f.s.DefaultListableBeanFactory - Creating shared instance of singleton bean 'org.springframework.boot.context.properties.ConfigurationPropertiesBindingPostProcessor'
3234 [main] DEBUG o.s.b.f.s.DefaultListableBeanFactory - Creating instance of bean 'org.springframework.boot.context.properties.ConfigurationPropertiesBindingPostProcessor'
3235 [main] DEBUG o.s.core.env.StandardEnvironment - Adding [systemProperties] PropertySource with lowest search precedence
3235 [main] DEBUG o.s.core.env.StandardEnvironment - Adding [systemEnvironment] PropertySource with lowest search precedence
3235 [main] DEBUG o.s.core.env.StandardEnvironment - Initialized StandardEnvironment with PropertySources [systemProperties,systemEnvironment]
3235 [main] DEBUG o.s.b.f.s.DefaultListableBeanFactory - Eagerly caching bean 'org.springframework.boot.context.properties.ConfigurationPropertiesBindingPostProcessor' to allow for resolving potential circular references
3292 [main] DEBUG o.s.b.f.s.DefaultListableBeanFactory - Returning cached instance of singleton bean 'org.springframework.boot.context.properties.ConfigurationPropertiesBindingPostProcessor.store'
3292 [main] DEBUG o.s.b.f.s.DefaultListableBeanFactory - Invoking afterPropertiesSet() on bean with name 'org.springframework.boot.context.properties.ConfigurationPropertiesBindingPostProcessor'
3292 [main] DEBUG o.s.b.f.s.DefaultListableBeanFactory - Returning cached instance of singleton bean 'propertySourcesPlaceholderConfigurer'
3294 [main] DEBUG o.s.b.f.s.DefaultListableBeanFactory - Finished creating instance of bean 'org.springframework.boot.context.properties.ConfigurationPropertiesBindingPostProcessor'
3294 [main] DEBUG o.s.b.f.s.DefaultListableBeanFactory - Creating shared instance of singleton bean 'configurationPropertiesBeans'
3294 [main] DEBUG o.s.b.f.s.DefaultListableBeanFactory - Creating instance of bean 'configurationPropertiesBeans'
3294 [main] DEBUG o.s.b.f.s.DefaultListableBeanFactory - Creating shared instance of singleton bean 'configurationPropertiesRebinderAutoConfiguration'
3294 [main] DEBUG o.s.b.f.s.DefaultListableBeanFactory - Creating instance of bean 'configurationPropertiesRebinderAutoConfiguration'
3300 [main] DEBUG o.s.b.f.s.DefaultListableBeanFactory - Eagerly caching bean 'configurationPropertiesRebinderAutoConfiguration' to allow for resolving potential circular references
3306 [main] INFO  o.s.c.s.PostProcessorRegistrationDelegate$BeanPostProcessorChecker - Bean 'configurationPropertiesRebinderAutoConfiguration' of type [class org.springframework.cloud.autoconfigure.ConfigurationPropertiesRebinderAutoConfiguration$$EnhancerBySpringCGLIB$$304f9d47] is not eligible for getting processed by all BeanPostProcessors (for example: not eligible for auto-proxying)
3306 [main] DEBUG o.s.b.f.s.DefaultListableBeanFactory - Finished creating instance of bean 'configurationPropertiesRebinderAutoConfiguration'
3321 [main] DEBUG o.s.b.f.s.DefaultListableBeanFactory - Returning cached instance of singleton bean 'org.springframework.boot.context.properties.ConfigurationPropertiesBindingPostProcessor.store'
3322 [main] DEBUG o.s.b.f.s.DefaultListableBeanFactory - Eagerly caching bean 'configurationPropertiesBeans' to allow for resolving potential circular references
3327 [main] DEBUG o.s.b.f.s.DefaultListableBeanFactory - Finished creating instance of bean 'configurationPropertiesBeans'
3329 [main] DEBUG o.s.c.a.AnnotationConfigApplicationContext - Unable to locate MessageSource with name 'messageSource': using default [org.springframework.context.support.DelegatingMessageSource@20f5281c]
3329 [main] DEBUG o.s.c.a.AnnotationConfigApplicationContext - Unable to locate ApplicationEventMulticaster with name 'applicationEventMulticaster': using default [org.springframework.context.event.SimpleApplicationEventMulticaster@56c4278e]
3330 [main] DEBUG o.s.b.f.s.DefaultListableBeanFactory - Pre-instantiating singletons in org.springframework.beans.factory.support.DefaultListableBeanFactory@58cbafc2: defining beans [org.springframework.context.annotation.internalConfigurationAnnotationProcessor,org.springframework.context.annotation.internalAutowiredAnnotationProcessor,org.springframework.context.annotation.internalRequiredAnnotationProcessor,org.springframework.context.annotation.internalCommonAnnotationProcessor,org.springframework.context.event.internalEventListenerProcessor,org.springframework.context.event.internalEventListenerFactory,propertySourceBootstrapConfiguration,encryptionBootstrapConfiguration,configurationPropertiesRebinderAutoConfiguration,propertyPlaceholderAutoConfiguration,org.springframework.boot.autoconfigure.internalCachingMetadataReaderFactory,spring.cloud.config-org.springframework.cloud.bootstrap.config.PropertySourceBootstrapProperties,org.springframework.boot.context.properties.ConfigurationPropertiesBindingPostProcessor,org.springframework.boot.context.properties.ConfigurationPropertiesBindingPostProcessor.store,environmentDecryptApplicationListener,encrypt-org.springframework.cloud.bootstrap.encrypt.KeyProperties,org.springframework.boot.autoconfigure.condition.BeanTypeRegistry,configurationPropertiesBeans,configurationPropertiesRebinder,propertySourcesPlaceholderConfigurer]; root of factory hierarchy
3330 [main] DEBUG o.s.b.f.s.DefaultListableBeanFactory - Returning cached instance of singleton bean 'org.springframework.context.annotation.internalConfigurationAnnotationProcessor'
3330 [main] DEBUG o.s.b.f.s.DefaultListableBeanFactory - Returning cached instance of singleton bean 'org.springframework.context.annotation.internalAutowiredAnnotationProcessor'
3330 [main] DEBUG o.s.b.f.s.DefaultListableBeanFactory - Returning cached instance of singleton bean 'org.springframework.context.annotation.internalRequiredAnnotationProcessor'
3330 [main] DEBUG o.s.b.f.s.DefaultListableBeanFactory - Returning cached instance of singleton bean 'org.springframework.context.annotation.internalCommonAnnotationProcessor'
3330 [main] DEBUG o.s.b.f.s.DefaultListableBeanFactory - Creating shared instance of singleton bean 'org.springframework.context.event.internalEventListenerProcessor'
3330 [main] DEBUG o.s.b.f.s.DefaultListableBeanFactory - Creating instance of bean 'org.springframework.context.event.internalEventListenerProcessor'
3332 [main] DEBUG o.s.b.f.s.DefaultListableBeanFactory - Eagerly caching bean 'org.springframework.context.event.internalEventListenerProcessor' to allow for resolving potential circular references
3335 [main] DEBUG o.s.b.f.s.DefaultListableBeanFactory - Finished creating instance of bean 'org.springframework.context.event.internalEventListenerProcessor'
3335 [main] DEBUG o.s.b.f.s.DefaultListableBeanFactory - Creating shared instance of singleton bean 'org.springframework.context.event.internalEventListenerFactory'
3335 [main] DEBUG o.s.b.f.s.DefaultListableBeanFactory - Creating instance of bean 'org.springframework.context.event.internalEventListenerFactory'
3335 [main] DEBUG o.s.b.f.s.DefaultListableBeanFactory - Eagerly caching bean 'org.springframework.context.event.internalEventListenerFactory' to allow for resolving potential circular references
3338 [main] DEBUG o.s.b.f.s.DefaultListableBeanFactory - Finished creating instance of bean 'org.springframework.context.event.internalEventListenerFactory'
3339 [main] DEBUG o.s.b.f.s.DefaultListableBeanFactory - Creating shared instance of singleton bean 'propertySourceBootstrapConfiguration'
3339 [main] DEBUG o.s.b.f.s.DefaultListableBeanFactory - Creating instance of bean 'propertySourceBootstrapConfiguration'
3341 [main] DEBUG o.s.b.f.a.InjectionMetadata - Registered injected element on class [org.springframework.cloud.bootstrap.config.PropertySourceBootstrapConfiguration$$EnhancerBySpringCGLIB$$c3e2b8b3]: AutowiredFieldElement for private java.util.List org.springframework.cloud.bootstrap.config.PropertySourceBootstrapConfiguration.propertySourceLocators
3341 [main] DEBUG o.s.b.f.s.DefaultListableBeanFactory - Eagerly caching bean 'propertySourceBootstrapConfiguration' to allow for resolving potential circular references
3346 [main] DEBUG o.s.b.f.a.InjectionMetadata - Processing injected element of bean 'propertySourceBootstrapConfiguration': AutowiredFieldElement for private java.util.List org.springframework.cloud.bootstrap.config.PropertySourceBootstrapConfiguration.propertySourceLocators
3350 [main] DEBUG o.s.b.f.s.DefaultListableBeanFactory - Finished creating instance of bean 'propertySourceBootstrapConfiguration'
3350 [main] DEBUG o.s.b.f.s.DefaultListableBeanFactory - Creating shared instance of singleton bean 'encryptionBootstrapConfiguration'
3350 [main] DEBUG o.s.b.f.s.DefaultListableBeanFactory - Creating instance of bean 'encryptionBootstrapConfiguration'
3351 [main] DEBUG o.s.b.f.a.InjectionMetadata - Registered injected element on class [org.springframework.cloud.bootstrap.encrypt.EncryptionBootstrapConfiguration$$EnhancerBySpringCGLIB$$209efba3]: AutowiredFieldElement for private org.springframework.security.crypto.encrypt.TextEncryptor org.springframework.cloud.bootstrap.encrypt.EncryptionBootstrapConfiguration.encryptor
3351 [main] DEBUG o.s.b.f.a.InjectionMetadata - Registered injected element on class [org.springframework.cloud.bootstrap.encrypt.EncryptionBootstrapConfiguration$$EnhancerBySpringCGLIB$$209efba3]: AutowiredFieldElement for private org.springframework.cloud.bootstrap.encrypt.KeyProperties org.springframework.cloud.bootstrap.encrypt.EncryptionBootstrapConfiguration.key
3351 [main] DEBUG o.s.b.f.s.DefaultListableBeanFactory - Eagerly caching bean 'encryptionBootstrapConfiguration' to allow for resolving potential circular references
3354 [main] DEBUG o.s.b.f.a.InjectionMetadata - Processing injected element of bean 'encryptionBootstrapConfiguration': AutowiredFieldElement for private org.springframework.security.crypto.encrypt.TextEncryptor org.springframework.cloud.bootstrap.encrypt.EncryptionBootstrapConfiguration.encryptor
3354 [main] DEBUG o.s.b.f.a.InjectionMetadata - Processing injected element of bean 'encryptionBootstrapConfiguration': AutowiredFieldElement for private org.springframework.cloud.bootstrap.encrypt.KeyProperties org.springframework.cloud.bootstrap.encrypt.EncryptionBootstrapConfiguration.key
3355 [main] DEBUG o.s.b.f.s.DefaultListableBeanFactory - Creating shared instance of singleton bean 'encrypt-org.springframework.cloud.bootstrap.encrypt.KeyProperties'
3355 [main] DEBUG o.s.b.f.s.DefaultListableBeanFactory - Creating instance of bean 'encrypt-org.springframework.cloud.bootstrap.encrypt.KeyProperties'
3356 [main] DEBUG o.s.b.f.s.DefaultListableBeanFactory - Eagerly caching bean 'encrypt-org.springframework.cloud.bootstrap.encrypt.KeyProperties' to allow for resolving potential circular references
3362 [main] DEBUG o.h.v.i.e.r.DefaultTraversableResolver - Cannot find javax.persistence.Persistence on classpath. Assuming non JPA 2 environment. All properties will per default be traversable.
3363 [main] DEBUG o.h.v.i.engine.ConfigurationImpl - Setting custom MessageInterpolator of type org.springframework.validation.beanvalidation.LocaleContextMessageInterpolator
3364 [main] DEBUG o.h.v.i.engine.ConfigurationImpl - Setting custom ConstraintValidatorFactory of type org.springframework.validation.beanvalidation.SpringConstraintValidatorFactory
3365 [main] DEBUG o.h.v.i.engine.ConfigurationImpl - Setting custom ParameterNameProvider of type com.sun.proxy.$Proxy29
3367 [main] DEBUG o.h.v.i.xml.ValidationXmlParser - Trying to load META-INF/validation.xml for XML based Validator configuration.
3368 [main] DEBUG o.h.v.i.xml.ResourceLoaderHelper - Trying to load META-INF/validation.xml via user class loader
3369 [main] DEBUG o.h.v.i.xml.ResourceLoaderHelper - Trying to load META-INF/validation.xml via TCCL
3369 [main] DEBUG o.h.v.i.xml.ResourceLoaderHelper - Trying to load META-INF/validation.xml via Hibernate Validator's class loader
3369 [main] DEBUG o.h.v.i.xml.ValidationXmlParser - No META-INF/validation.xml found. Using annotation based configuration only.
3417 [main] DEBUG o.s.b.f.a.InjectionMetadata - Processing injected element of bean 'org.springframework.boot.context.properties.ConfigurationPropertiesBindingPostProcessor': AutowiredMethodElement for public void org.springframework.boot.context.properties.ConfigurationPropertiesBindingPostProcessor.setGenericConverters(java.util.List)
3417 [main] DEBUG o.s.b.f.a.InjectionMetadata - Processing injected element of bean 'org.springframework.boot.context.properties.ConfigurationPropertiesBindingPostProcessor': AutowiredMethodElement for public void org.springframework.boot.context.properties.ConfigurationPropertiesBindingPostProcessor.setConverters(java.util.List)
3419 [main] DEBUG o.s.core.env.MutablePropertySources - Adding [bootstrap] PropertySource with lowest search precedence
3419 [main] DEBUG o.s.core.env.MutablePropertySources - Adding [servletConfigInitParams] PropertySource with lowest search precedence
3419 [main] DEBUG o.s.core.env.MutablePropertySources - Adding [servletContextInitParams] PropertySource with lowest search precedence
3419 [main] DEBUG o.s.core.env.MutablePropertySources - Adding [systemProperties] PropertySource with lowest search precedence
3419 [main] DEBUG o.s.core.env.MutablePropertySources - Adding [systemEnvironment] PropertySource with lowest search precedence
3419 [main] DEBUG o.s.core.env.MutablePropertySources - Adding [random] PropertySource with lowest search precedence
3419 [main] DEBUG o.s.core.env.MutablePropertySources - Adding [springCloudClientHostInfo] PropertySource with lowest search precedence
3419 [main] DEBUG o.s.core.env.MutablePropertySources - Adding [defaultProperties] PropertySource with lowest search precedence
3419 [main] DEBUG o.s.core.env.MutablePropertySources - Adding [localProperties] PropertySource with lowest search precedence
3466 [main] DEBUG o.s.b.f.s.DefaultListableBeanFactory - Finished creating instance of bean 'encrypt-org.springframework.cloud.bootstrap.encrypt.KeyProperties'
3467 [main] DEBUG o.s.b.f.a.AutowiredAnnotationBeanPostProcessor - Autowiring by type from bean name 'encryptionBootstrapConfiguration' to bean named 'encrypt-org.springframework.cloud.bootstrap.encrypt.KeyProperties'
3467 [main] DEBUG o.s.b.f.s.DefaultListableBeanFactory - Finished creating instance of bean 'encryptionBootstrapConfiguration'
3467 [main] DEBUG o.s.b.f.s.DefaultListableBeanFactory - Returning cached instance of singleton bean 'configurationPropertiesRebinderAutoConfiguration'
3467 [main] DEBUG o.s.b.f.s.DefaultListableBeanFactory - Creating shared instance of singleton bean 'propertyPlaceholderAutoConfiguration'
3467 [main] DEBUG o.s.b.f.s.DefaultListableBeanFactory - Creating instance of bean 'propertyPlaceholderAutoConfiguration'
3468 [main] DEBUG o.s.b.f.s.DefaultListableBeanFactory - Eagerly caching bean 'propertyPlaceholderAutoConfiguration' to allow for resolving potential circular references
3472 [main] DEBUG o.s.b.f.s.DefaultListableBeanFactory - Finished creating instance of bean 'propertyPlaceholderAutoConfiguration'
3472 [main] DEBUG o.s.b.f.s.DefaultListableBeanFactory - Returning cached instance of singleton bean 'org.springframework.boot.autoconfigure.internalCachingMetadataReaderFactory'
3472 [main] DEBUG o.s.b.f.s.DefaultListableBeanFactory - Creating shared instance of singleton bean 'spring.cloud.config-org.springframework.cloud.bootstrap.config.PropertySourceBootstrapProperties'
3472 [main] DEBUG o.s.b.f.s.DefaultListableBeanFactory - Creating instance of bean 'spring.cloud.config-org.springframework.cloud.bootstrap.config.PropertySourceBootstrapProperties'
3472 [main] DEBUG o.s.b.f.s.DefaultListableBeanFactory - Eagerly caching bean 'spring.cloud.config-org.springframework.cloud.bootstrap.config.PropertySourceBootstrapProperties' to allow for resolving potential circular references
3475 [main] DEBUG o.s.core.env.MutablePropertySources - Adding [bootstrap] PropertySource with lowest search precedence
3475 [main] DEBUG o.s.core.env.MutablePropertySources - Adding [servletConfigInitParams] PropertySource with lowest search precedence
3475 [main] DEBUG o.s.core.env.MutablePropertySources - Adding [servletContextInitParams] PropertySource with lowest search precedence
3475 [main] DEBUG o.s.core.env.MutablePropertySources - Adding [systemProperties] PropertySource with lowest search precedence
3475 [main] DEBUG o.s.core.env.MutablePropertySources - Adding [systemEnvironment] PropertySource with lowest search precedence
3475 [main] DEBUG o.s.core.env.MutablePropertySources - Adding [random] PropertySource with lowest search precedence
3475 [main] DEBUG o.s.core.env.MutablePropertySources - Adding [springCloudClientHostInfo] PropertySource with lowest search precedence
3475 [main] DEBUG o.s.core.env.MutablePropertySources - Adding [defaultProperties] PropertySource with lowest search precedence
3476 [main] DEBUG o.s.core.env.MutablePropertySources - Adding [localProperties] PropertySource with lowest search precedence
3479 [main] DEBUG o.s.b.f.s.DefaultListableBeanFactory - Finished creating instance of bean 'spring.cloud.config-org.springframework.cloud.bootstrap.config.PropertySourceBootstrapProperties'
3479 [main] DEBUG o.s.b.f.s.DefaultListableBeanFactory - Returning cached instance of singleton bean 'org.springframework.boot.context.properties.ConfigurationPropertiesBindingPostProcessor'
3479 [main] DEBUG o.s.b.f.s.DefaultListableBeanFactory - Returning cached instance of singleton bean 'org.springframework.boot.context.properties.ConfigurationPropertiesBindingPostProcessor.store'
3479 [main] DEBUG o.s.b.f.s.DefaultListableBeanFactory - Creating shared instance of singleton bean 'environmentDecryptApplicationListener'
3479 [main] DEBUG o.s.b.f.s.DefaultListableBeanFactory - Creating instance of bean 'environmentDecryptApplicationListener'
3479 [main] DEBUG o.s.b.f.s.DefaultListableBeanFactory - Returning cached instance of singleton bean 'encryptionBootstrapConfiguration'
3485 [main] DEBUG o.s.b.f.s.DefaultListableBeanFactory - Eagerly caching bean 'environmentDecryptApplicationListener' to allow for resolving potential circular references
3488 [main] DEBUG o.s.b.f.s.DefaultListableBeanFactory - Finished creating instance of bean 'environmentDecryptApplicationListener'
3488 [main] DEBUG o.s.b.f.s.DefaultListableBeanFactory - Returning cached instance of singleton bean 'encrypt-org.springframework.cloud.bootstrap.encrypt.KeyProperties'
3488 [main] DEBUG o.s.b.f.s.DefaultListableBeanFactory - Returning cached instance of singleton bean 'org.springframework.boot.autoconfigure.condition.BeanTypeRegistry'
3488 [main] DEBUG o.s.b.f.s.DefaultListableBeanFactory - Returning cached instance of singleton bean 'configurationPropertiesBeans'
3489 [main] DEBUG o.s.b.f.s.DefaultListableBeanFactory - Creating shared instance of singleton bean 'configurationPropertiesRebinder'
3489 [main] DEBUG o.s.b.f.s.DefaultListableBeanFactory - Creating instance of bean 'configurationPropertiesRebinder'
3489 [main] DEBUG o.s.b.f.s.DefaultListableBeanFactory - Returning cached instance of singleton bean 'configurationPropertiesRebinderAutoConfiguration'
3490 [main] DEBUG o.s.b.f.s.DefaultListableBeanFactory - Returning cached instance of singleton bean 'configurationPropertiesBeans'
3490 [main] DEBUG o.s.b.f.s.DefaultListableBeanFactory - Returning cached instance of singleton bean 'org.springframework.boot.context.properties.ConfigurationPropertiesBindingPostProcessor'
3490 [main] DEBUG o.s.b.f.s.DefaultListableBeanFactory - Autowiring by type from bean name 'configurationPropertiesRebinder' via factory method to bean named 'configurationPropertiesBeans'
3490 [main] DEBUG o.s.b.f.s.DefaultListableBeanFactory - Autowiring by type from bean name 'configurationPropertiesRebinder' via factory method to bean named 'org.springframework.boot.context.properties.ConfigurationPropertiesBindingPostProcessor'
3494 [main] DEBUG o.s.b.f.s.DefaultListableBeanFactory - Eagerly caching bean 'configurationPropertiesRebinder' to allow for resolving potential circular references
3499 [main] DEBUG o.s.b.f.s.DefaultListableBeanFactory - Finished creating instance of bean 'configurationPropertiesRebinder'
3499 [main] DEBUG o.s.b.f.s.DefaultListableBeanFactory - Returning cached instance of singleton bean 'propertySourcesPlaceholderConfigurer'
3500 [main] DEBUG o.s.b.f.s.DefaultListableBeanFactory - Returning cached instance of singleton bean 'org.springframework.context.event.internalEventListenerFactory'
3527 [main] DEBUG o.s.b.f.s.DefaultListableBeanFactory - Returning cached instance of singleton bean 'configurationPropertiesRebinder'
3527 [main] DEBUG o.s.b.f.s.DefaultListableBeanFactory - Returning cached instance of singleton bean 'spring.cloud.config-org.springframework.cloud.bootstrap.config.PropertySourceBootstrapProperties'
3528 [main] DEBUG o.s.core.env.MutablePropertySources - Adding [bootstrap] PropertySource with lowest search precedence
3528 [main] DEBUG o.s.core.env.MutablePropertySources - Adding [servletConfigInitParams] PropertySource with lowest search precedence
3528 [main] DEBUG o.s.core.env.MutablePropertySources - Adding [servletContextInitParams] PropertySource with lowest search precedence
3528 [main] DEBUG o.s.core.env.MutablePropertySources - Adding [systemProperties] PropertySource with lowest search precedence
3528 [main] DEBUG o.s.core.env.MutablePropertySources - Adding [systemEnvironment] PropertySource with lowest search precedence
3528 [main] DEBUG o.s.core.env.MutablePropertySources - Adding [random] PropertySource with lowest search precedence
3528 [main] DEBUG o.s.core.env.MutablePropertySources - Adding [springCloudClientHostInfo] PropertySource with lowest search precedence
3528 [main] DEBUG o.s.core.env.MutablePropertySources - Adding [defaultProperties] PropertySource with lowest search precedence
3528 [main] DEBUG o.s.core.env.MutablePropertySources - Adding [localProperties] PropertySource with lowest search precedence
3530 [main] DEBUG o.s.core.env.MutablePropertySources - Adding [bootstrap] PropertySource with lowest search precedence
3530 [main] DEBUG o.s.core.env.MutablePropertySources - Adding [servletConfigInitParams] PropertySource with lowest search precedence
3530 [main] DEBUG o.s.core.env.MutablePropertySources - Adding [servletContextInitParams] PropertySource with lowest search precedence
3530 [main] DEBUG o.s.core.env.MutablePropertySources - Adding [systemProperties] PropertySource with lowest search precedence
3531 [main] DEBUG o.s.core.env.MutablePropertySources - Adding [systemEnvironment] PropertySource with lowest search precedence
3531 [main] DEBUG o.s.core.env.MutablePropertySources - Adding [random] PropertySource with lowest search precedence
3531 [main] DEBUG o.s.core.env.MutablePropertySources - Adding [springCloudClientHostInfo] PropertySource with lowest search precedence
3531 [main] DEBUG o.s.core.env.MutablePropertySources - Adding [defaultProperties] PropertySource with lowest search precedence
3531 [main] DEBUG o.s.core.env.MutablePropertySources - Adding [localProperties] PropertySource with lowest search precedence
3531 [main] DEBUG o.s.b.f.s.DefaultListableBeanFactory - Returning cached instance of singleton bean 'encrypt-org.springframework.cloud.bootstrap.encrypt.KeyProperties'
3532 [main] DEBUG o.s.core.env.MutablePropertySources - Adding [bootstrap] PropertySource with lowest search precedence
3532 [main] DEBUG o.s.core.env.MutablePropertySources - Adding [servletConfigInitParams] PropertySource with lowest search precedence
3532 [main] DEBUG o.s.core.env.MutablePropertySources - Adding [servletContextInitParams] PropertySource with lowest search precedence
3532 [main] DEBUG o.s.core.env.MutablePropertySources - Adding [systemProperties] PropertySource with lowest search precedence
3532 [main] DEBUG o.s.core.env.MutablePropertySources - Adding [systemEnvironment] PropertySource with lowest search precedence
3532 [main] DEBUG o.s.core.env.MutablePropertySources - Adding [random] PropertySource with lowest search precedence
3532 [main] DEBUG o.s.core.env.MutablePropertySources - Adding [springCloudClientHostInfo] PropertySource with lowest search precedence
3533 [main] DEBUG o.s.core.env.MutablePropertySources - Adding [defaultProperties] PropertySource with lowest search precedence
3533 [main] DEBUG o.s.core.env.MutablePropertySources - Adding [localProperties] PropertySource with lowest search precedence
3534 [main] DEBUG o.s.core.env.MutablePropertySources - Adding [bootstrap] PropertySource with lowest search precedence
3534 [main] DEBUG o.s.core.env.MutablePropertySources - Adding [servletConfigInitParams] PropertySource with lowest search precedence
3534 [main] DEBUG o.s.core.env.MutablePropertySources - Adding [servletContextInitParams] PropertySource with lowest search precedence
3534 [main] DEBUG o.s.core.env.MutablePropertySources - Adding [systemProperties] PropertySource with lowest search precedence
3534 [main] DEBUG o.s.core.env.MutablePropertySources - Adding [systemEnvironment] PropertySource with lowest search precedence
3534 [main] DEBUG o.s.core.env.MutablePropertySources - Adding [random] PropertySource with lowest search precedence
3534 [main] DEBUG o.s.core.env.MutablePropertySources - Adding [springCloudClientHostInfo] PropertySource with lowest search precedence
3534 [main] DEBUG o.s.core.env.MutablePropertySources - Adding [defaultProperties] PropertySource with lowest search precedence
3534 [main] DEBUG o.s.core.env.MutablePropertySources - Adding [localProperties] PropertySource with lowest search precedence
3536 [main] DEBUG o.s.c.a.AnnotationConfigApplicationContext - Unable to locate LifecycleProcessor with name 'lifecycleProcessor': using default [org.springframework.context.support.DefaultLifecycleProcessor@79351f41]
3537 [main] DEBUG o.s.b.f.s.DefaultListableBeanFactory - Returning cached instance of singleton bean 'lifecycleProcessor'
3537 [main] DEBUG o.s.b.f.s.DefaultListableBeanFactory - Returning cached instance of singleton bean 'org.springframework.boot.autoconfigure.internalCachingMetadataReaderFactory'
3537 [main] DEBUG o.s.b.f.s.DefaultListableBeanFactory - Returning cached instance of singleton bean 'org.springframework.boot.context.properties.ConfigurationPropertiesBindingPostProcessor'
3541 [main] DEBUG o.s.b.a.l.AutoConfigurationReportLoggingInitializer - 


=========================
AUTO-CONFIGURATION REPORT
=========================


Positive matches:
-----------------

   ConfigurationPropertiesRebinderAutoConfiguration matched:
      - @ConditionalOnBean (types: org.springframework.boot.context.properties.ConfigurationPropertiesBindingPostProcessor; SearchStrategy: all) found bean 'org.springframework.boot.context.properties.ConfigurationPropertiesBindingPostProcessor' (OnBeanCondition)

   ConfigurationPropertiesRebinderAutoConfiguration#configurationPropertiesBeans matched:
      - @ConditionalOnMissingBean (types: org.springframework.cloud.context.properties.ConfigurationPropertiesBeans; SearchStrategy: current) did not find any beans (OnBeanCondition)

   ConfigurationPropertiesRebinderAutoConfiguration#configurationPropertiesRebinder matched:
      - @ConditionalOnMissingBean (types: org.springframework.cloud.context.properties.ConfigurationPropertiesRebinder; SearchStrategy: current) did not find any beans (OnBeanCondition)

   EncryptionBootstrapConfiguration matched:
      - @ConditionalOnClass found required class 'org.springframework.security.crypto.encrypt.TextEncryptor' (OnClassCondition)

   PropertyPlaceholderAutoConfiguration#propertySourcesPlaceholderConfigurer matched:
      - @ConditionalOnMissingBean (types: org.springframework.context.support.PropertySourcesPlaceholderConfigurer; SearchStrategy: current) did not find any beans (OnBeanCondition)


Negative matches:
-----------------

   EncryptionBootstrapConfiguration.RsaEncryptionConfiguration:
      Did not match:
         - Keystore nor key found in Environment (EncryptionBootstrapConfiguration.KeyCondition)
      Matched:
         - @ConditionalOnClass found required class 'org.springframework.security.rsa.crypto.RsaSecretEncryptor' (OnClassCondition)

   EncryptionBootstrapConfiguration.VanillaEncryptionConfiguration:
      Did not match:
         - @ConditionalOnMissingClass found unwanted class 'org.springframework.security.rsa.crypto.RsaSecretEncryptor' (OnClassCondition)


Exclusions:
-----------

    None


Unconditional classes:
----------------------

    None



3543 [main] DEBUG o.s.c.e.PropertySourcesPropertyResolver - Could not find key 'spring.liveBeansView.mbeanDomain' in any property source
3546 [main] DEBUG o.s.core.env.StandardEnvironment - Removing [bootstrap] PropertySource
3546 [main] DEBUG o.s.w.c.s.StandardServletEnvironment - Adding [defaultProperties] PropertySource with lowest search precedence
3547 [main] DEBUG o.s.core.env.StandardEnvironment - Removing [springCloudClientHostInfo] PropertySource
3547 [main] DEBUG o.s.w.c.s.StandardServletEnvironment - Replacing [defaultProperties] PropertySource with [defaultProperties]
3547 [main] DEBUG o.s.core.env.StandardEnvironment - Replacing [defaultProperties] PropertySource with [defaultProperties]
3547 [main] DEBUG o.s.b.f.s.DefaultListableBeanFactory - Returning cached instance of singleton bean 'propertySourceBootstrapConfiguration'
3547 [main] DEBUG o.s.b.f.s.DefaultListableBeanFactory - Returning cached instance of singleton bean 'environmentDecryptApplicationListener'
3550 [main] DEBUG o.s.c.e.PropertySourcesPropertyResolver - Could not find key 'SPRING_APPLICATION_JSON:' in any property source
3551 [main] DEBUG o.s.c.e.PropertySourcesPropertyResolver - Could not find key 'SPRING_APPLICATION_JSON' in any property source
3551 [main] DEBUG o.s.c.e.PropertySourcesPropertyResolver - Could not find key 'spring.application.json:' in any property source
3551 [main] DEBUG o.s.c.e.PropertySourcesPropertyResolver - Could not find key 'spring.application.json' in any property source
4444 [main] DEBUG o.s.w.c.s.StandardServletEnvironment - Adding [springCloudClientHostInfo] PropertySource with lowest search precedence
4445 [main] DEBUG o.s.w.c.s.StandardServletEnvironment - Adding [random] PropertySource with search precedence immediately lower than [systemEnvironment]
4449 [main] DEBUG o.s.c.e.PropertySourcesPropertyResolver - Could not find key 'spring.profiles.active' in any property source
4449 [main] DEBUG o.s.c.e.PropertySourcesPropertyResolver - Could not find key 'spring.profiles.default' in any property source
4453 [main] DEBUG o.s.core.env.MutablePropertySources - Adding [applicationConfig: [profile=]] PropertySource with highest search precedence
4466 [main] DEBUG o.s.w.c.s.StandardServletEnvironment - Adding [applicationConfigurationProperties] PropertySource with search precedence immediately higher than [defaultProperties]
4474 [main] DEBUG o.s.c.e.PropertySourcesPropertyResolver - Found key 'spring.output.ansi.enabled' in [systemProperties] with type [String]
4476 [main] DEBUG o.s.c.e.PropertySourcesPropertyResolver - Could not find key 'logging.file' in any property source
4476 [main] DEBUG o.s.c.e.PropertySourcesPropertyResolver - Could not find key 'logging.path' in any property source
4476 [main] DEBUG o.s.c.e.PropertySourcesPropertyResolver - Could not find key 'debug' in any property source
4476 [main] DEBUG o.s.c.e.PropertySourcesPropertyResolver - Could not find key 'trace' in any property source
4476 [main] DEBUG o.s.c.e.PropertySourcesPropertyResolver - Could not find key 'logging.config' in any property source
4482 [main] DEBUG o.s.b.l.ClasspathLoggingApplicationListener - Application started with classpath: [file:/D:/WorkSoftware/Java/jdk1.8.0_111/jre/lib/charsets.jar, file:/D:/WorkSoftware/Java/jdk1.8.0_111/jre/lib/deploy.jar, file:/D:/WorkSoftware/Java/jdk1.8.0_111/jre/lib/ext/access-bridge-64.jar, file:/D:/WorkSoftware/Java/jdk1.8.0_111/jre/lib/ext/cldrdata.jar, file:/D:/WorkSoftware/Java/jdk1.8.0_111/jre/lib/ext/dnsns.jar, file:/D:/WorkSoftware/Java/jdk1.8.0_111/jre/lib/ext/jaccess.jar, file:/D:/WorkSoftware/Java/jdk1.8.0_111/jre/lib/ext/jfxrt.jar, file:/D:/WorkSoftware/Java/jdk1.8.0_111/jre/lib/ext/localedata.jar, file:/D:/WorkSoftware/Java/jdk1.8.0_111/jre/lib/ext/nashorn.jar, file:/D:/WorkSoftware/Java/jdk1.8.0_111/jre/lib/ext/sunec.jar, file:/D:/WorkSoftware/Java/jdk1.8.0_111/jre/lib/ext/sunjce_provider.jar, file:/D:/WorkSoftware/Java/jdk1.8.0_111/jre/lib/ext/sunmscapi.jar, file:/D:/WorkSoftware/Java/jdk1.8.0_111/jre/lib/ext/sunpkcs11.jar, file:/D:/WorkSoftware/Java/jdk1.8.0_111/jre/lib/ext/zipfs.jar, file:/D:/WorkSoftware/Java/jdk1.8.0_111/jre/lib/javaws.jar, file:/D:/WorkSoftware/Java/jdk1.8.0_111/jre/lib/jce.jar, file:/D:/WorkSoftware/Java/jdk1.8.0_111/jre/lib/jfr.jar, file:/D:/WorkSoftware/Java/jdk1.8.0_111/jre/lib/jfxswt.jar, file:/D:/WorkSoftware/Java/jdk1.8.0_111/jre/lib/jsse.jar, file:/D:/WorkSoftware/Java/jdk1.8.0_111/jre/lib/management-agent.jar, file:/D:/WorkSoftware/Java/jdk1.8.0_111/jre/lib/plugin.jar, file:/D:/WorkSoftware/Java/jdk1.8.0_111/jre/lib/resources.jar, file:/D:/WorkSoftware/Java/jdk1.8.0_111/jre/lib/rt.jar, file:/F:/ideaworkspace201603/learn-for-me/spring-cloud-eureka/target/classes/, file:/D:/mavenHome/org/springframework/boot/spring-boot/1.4.4.RELEASE/spring-boot-1.4.4.RELEASE.jar, file:/D:/mavenHome/org/springframework/spring-context/4.3.6.RELEASE/spring-context-4.3.6.RELEASE.jar, file:/D:/mavenHome/org/springframework/spring-aop/4.3.6.RELEASE/spring-aop-4.3.6.RELEASE.jar, file:/D:/mavenHome/org/springframework/spring-beans/4.3.6.RELEASE/spring-beans-4.3.6.RELEASE.jar, file:/D:/mavenHome/org/springframework/spring-expression/4.3.6.RELEASE/spring-expression-4.3.6.RELEASE.jar, file:/D:/mavenHome/org/springframework/boot/spring-boot-autoconfigure/1.4.4.RELEASE/spring-boot-autoconfigure-1.4.4.RELEASE.jar, file:/D:/mavenHome/org/ow2/asm/asm/5.0.3/asm-5.0.3.jar, file:/D:/mavenHome/org/slf4j/slf4j-api/1.7.22/slf4j-api-1.7.22.jar, file:/D:/mavenHome/org/springframework/spring-core/4.3.6.RELEASE/spring-core-4.3.6.RELEASE.jar, file:/D:/mavenHome/org/springframework/cloud/spring-cloud-starter-eureka-server/1.1.0.RELEASE/spring-cloud-starter-eureka-server-1.1.0.RELEASE.jar, file:/D:/mavenHome/org/springframework/cloud/spring-cloud-starter/1.1.0.RELEASE/spring-cloud-starter-1.1.0.RELEASE.jar, file:/D:/mavenHome/org/springframework/boot/spring-boot-starter/1.4.4.RELEASE/spring-boot-starter-1.4.4.RELEASE.jar, file:/D:/mavenHome/org/springframework/boot/spring-boot-starter-logging/1.4.4.RELEASE/spring-boot-starter-logging-1.4.4.RELEASE.jar, file:/D:/mavenHome/ch/qos/logback/logback-classic/1.1.9/logback-classic-1.1.9.jar, file:/D:/mavenHome/ch/qos/logback/logback-core/1.1.9/logback-core-1.1.9.jar, file:/D:/mavenHome/org/slf4j/jcl-over-slf4j/1.7.22/jcl-over-slf4j-1.7.22.jar, file:/D:/mavenHome/org/slf4j/jul-to-slf4j/1.7.22/jul-to-slf4j-1.7.22.jar, file:/D:/mavenHome/org/slf4j/log4j-over-slf4j/1.7.22/log4j-over-slf4j-1.7.22.jar, file:/D:/mavenHome/org/yaml/snakeyaml/1.17/snakeyaml-1.17.jar, file:/D:/mavenHome/org/springframework/cloud/spring-cloud-context/1.1.0.RELEASE/spring-cloud-context-1.1.0.RELEASE.jar, file:/D:/mavenHome/org/springframework/security/spring-security-crypto/4.1.4.RELEASE/spring-security-crypto-4.1.4.RELEASE.jar, file:/D:/mavenHome/org/springframework/cloud/spring-cloud-commons/1.1.0.RELEASE/spring-cloud-commons-1.1.0.RELEASE.jar, file:/D:/mavenHome/org/springframework/security/spring-security-rsa/1.0.1.RELEASE/spring-security-rsa-1.0.1.RELEASE.jar, file:/D:/mavenHome/org/bouncycastle/bcpkix-jdk15on/1.47/bcpkix-jdk15on-1.47.jar, file:/D:/mavenHome/org/bouncycastle/bcprov-jdk15on/1.47/bcprov-jdk15on-1.47.jar, file:/D:/mavenHome/org/springframework/cloud/spring-cloud-netflix-eureka-server/1.1.0.RELEASE/spring-cloud-netflix-eureka-server-1.1.0.RELEASE.jar, file:/D:/mavenHome/org/springframework/boot/spring-boot-starter-web/1.4.4.RELEASE/spring-boot-starter-web-1.4.4.RELEASE.jar, file:/D:/mavenHome/org/springframework/boot/spring-boot-starter-tomcat/1.4.4.RELEASE/spring-boot-starter-tomcat-1.4.4.RELEASE.jar, file:/D:/mavenHome/org/apache/tomcat/embed/tomcat-embed-core/8.5.11/tomcat-embed-core-8.5.11.jar, file:/D:/mavenHome/org/apache/tomcat/embed/tomcat-embed-el/8.5.11/tomcat-embed-el-8.5.11.jar, file:/D:/mavenHome/org/apache/tomcat/embed/tomcat-embed-websocket/8.5.11/tomcat-embed-websocket-8.5.11.jar, file:/D:/mavenHome/org/hibernate/hibernate-validator/5.2.4.Final/hibernate-validator-5.2.4.Final.jar, file:/D:/mavenHome/javax/validation/validation-api/1.1.0.Final/validation-api-1.1.0.Final.jar, file:/D:/mavenHome/org/jboss/logging/jboss-logging/3.3.0.Final/jboss-logging-3.3.0.Final.jar, file:/D:/mavenHome/com/fasterxml/classmate/1.3.3/classmate-1.3.3.jar, file:/D:/mavenHome/org/springframework/spring-web/4.3.6.RELEASE/spring-web-4.3.6.RELEASE.jar, file:/D:/mavenHome/org/springframework/spring-webmvc/4.3.6.RELEASE/spring-webmvc-4.3.6.RELEASE.jar, file:/D:/mavenHome/org/springframework/boot/spring-boot-starter-actuator/1.4.4.RELEASE/spring-boot-starter-actuator-1.4.4.RELEASE.jar, file:/D:/mavenHome/org/springframework/boot/spring-boot-actuator/1.4.4.RELEASE/spring-boot-actuator-1.4.4.RELEASE.jar, file:/D:/mavenHome/org/springframework/boot/spring-boot-starter-freemarker/1.4.4.RELEASE/spring-boot-starter-freemarker-1.4.4.RELEASE.jar, file:/D:/mavenHome/org/freemarker/freemarker/2.3.25-incubating/freemarker-2.3.25-incubating.jar, file:/D:/mavenHome/org/springframework/spring-context-support/4.3.6.RELEASE/spring-context-support-4.3.6.RELEASE.jar, file:/D:/mavenHome/org/springframework/cloud/spring-cloud-netflix-core/1.1.0.RELEASE/spring-cloud-netflix-core-1.1.0.RELEASE.jar, file:/D:/mavenHome/org/springframework/cloud/spring-cloud-netflix-eureka-client/1.1.0.RELEASE/spring-cloud-netflix-eureka-client-1.1.0.RELEASE.jar, file:/D:/mavenHome/com/netflix/eureka/eureka-client/1.4.6/eureka-client-1.4.6.jar, file:/D:/mavenHome/org/codehaus/jettison/jettison/1.3.7/jettison-1.3.7.jar, file:/D:/mavenHome/stax/stax-api/1.0.1/stax-api-1.0.1.jar, file:/D:/mavenHome/com/netflix/netflix-commons/netflix-eventbus/0.3.0/netflix-eventbus-0.3.0.jar, file:/D:/mavenHome/javax/ws/rs/jsr311-api/1.1.1/jsr311-api-1.1.1.jar, file:/D:/mavenHome/com/netflix/servo/servo-core/0.10.1/servo-core-0.10.1.jar, file:/D:/mavenHome/com/netflix/servo/servo-internal/0.10.1/servo-internal-0.10.1.jar, file:/D:/mavenHome/com/sun/jersey/jersey-core/1.19.1/jersey-core-1.19.1.jar, file:/D:/mavenHome/com/sun/jersey/jersey-client/1.19.1/jersey-client-1.19.1.jar, file:/D:/mavenHome/com/sun/jersey/contribs/jersey-apache-client4/1.19.1/jersey-apache-client4-1.19.1.jar, file:/D:/mavenHome/org/apache/httpcomponents/httpclient/4.5.2/httpclient-4.5.2.jar, file:/D:/mavenHome/org/apache/httpcomponents/httpcore/4.4.6/httpcore-4.4.6.jar, file:/D:/mavenHome/commons-codec/commons-codec/1.10/commons-codec-1.10.jar, file:/D:/mavenHome/com/google/inject/guice/4.0/guice-4.0.jar, file:/D:/mavenHome/aopalliance/aopalliance/1.0/aopalliance-1.0.jar, file:/D:/mavenHome/com/netflix/governator/governator-api/1.12.10/governator-api-1.12.10.jar, file:/D:/mavenHome/com/sun/jersey/jersey-servlet/1.19.1/jersey-servlet-1.19.1.jar, file:/D:/mavenHome/com/sun/jersey/jersey-server/1.19.1/jersey-server-1.19.1.jar, file:/D:/mavenHome/com/netflix/eureka/eureka-core/1.4.6/eureka-core-1.4.6.jar, file:/D:/mavenHome/com/amazonaws/aws-java-sdk-core/1.10.30/aws-java-sdk-core-1.10.30.jar, file:/D:/mavenHome/com/amazonaws/aws-java-sdk-ec2/1.10.30/aws-java-sdk-ec2-1.10.30.jar, file:/D:/mavenHome/com/amazonaws/aws-java-sdk-autoscaling/1.9.3/aws-java-sdk-autoscaling-1.9.3.jar, file:/D:/mavenHome/com/amazonaws/aws-java-sdk-sts/1.9.3/aws-java-sdk-sts-1.9.3.jar, file:/D:/mavenHome/com/amazonaws/aws-java-sdk-route53/1.9.3/aws-java-sdk-route53-1.9.3.jar, file:/D:/mavenHome/com/netflix/governator/governator/1.12.10/governator-1.12.10.jar, file:/D:/mavenHome/com/netflix/governator/governator-core/1.12.10/governator-core-1.12.10.jar, file:/D:/mavenHome/org/codehaus/woodstox/woodstox-core-asl/4.4.1/woodstox-core-asl-4.4.1.jar, file:/D:/mavenHome/javax/xml/stream/stax-api/1.0-2/stax-api-1.0-2.jar, file:/D:/mavenHome/com/netflix/archaius/archaius-core/0.7.4/archaius-core-0.7.4.jar, file:/D:/mavenHome/com/google/code/findbugs/jsr305/3.0.1/jsr305-3.0.1.jar, file:/D:/mavenHome/javax/inject/javax.inject/1/javax.inject-1.jar, file:/D:/mavenHome/com/fasterxml/jackson/dataformat/jackson-dataformat-xml/2.8.6/jackson-dataformat-xml-2.8.6.jar, file:/D:/mavenHome/com/fasterxml/jackson/module/jackson-module-jaxb-annotations/2.8.6/jackson-module-jaxb-annotations-2.8.6.jar, file:/D:/mavenHome/org/codehaus/woodstox/stax2-api/3.1.4/stax2-api-3.1.4.jar, file:/D:/mavenHome/com/fasterxml/woodstox/woodstox-core/5.0.3/woodstox-core-5.0.3.jar, file:/D:/mavenHome/com/thoughtworks/xstream/xstream/1.4.2/xstream-1.4.2.jar, file:/D:/mavenHome/xmlpull/xmlpull/1.1.3.1/xmlpull-1.1.3.1.jar, file:/D:/mavenHome/xpp3/xpp3_min/1.1.4c/xpp3_min-1.1.4c.jar, file:/D:/mavenHome/org/springframework/cloud/spring-cloud-starter-archaius/1.1.0.RELEASE/spring-cloud-starter-archaius-1.1.0.RELEASE.jar, file:/D:/mavenHome/commons-configuration/commons-configuration/1.8/commons-configuration-1.8.jar, file:/D:/mavenHome/commons-lang/commons-lang/2.6/commons-lang-2.6.jar, file:/D:/mavenHome/commons-logging/commons-logging/1.1.1/commons-logging-1.1.1.jar, file:/D:/mavenHome/com/fasterxml/jackson/core/jackson-annotations/2.8.6/jackson-annotations-2.8.6.jar, file:/D:/mavenHome/com/fasterxml/jackson/core/jackson-core/2.8.6/jackson-core-2.8.6.jar, file:/D:/mavenHome/com/fasterxml/jackson/core/jackson-databind/2.8.6/jackson-databind-2.8.6.jar, file:/D:/mavenHome/com/google/guava/guava/18.0/guava-18.0.jar, file:/D:/mavenHome/org/springframework/cloud/spring-cloud-starter-ribbon/1.1.0.RELEASE/spring-cloud-starter-ribbon-1.1.0.RELEASE.jar, file:/D:/mavenHome/com/netflix/ribbon/ribbon/2.1.5/ribbon-2.1.5.jar, file:/D:/mavenHome/com/netflix/ribbon/ribbon-transport/2.1.5/ribbon-transport-2.1.5.jar, file:/D:/mavenHome/io/reactivex/rxnetty-contexts/0.4.9/rxnetty-contexts-0.4.9.jar, file:/D:/mavenHome/io/reactivex/rxnetty-servo/0.4.9/rxnetty-servo-0.4.9.jar, file:/D:/mavenHome/com/netflix/hystrix/hystrix-core/1.5.2/hystrix-core-1.5.2.jar, file:/D:/mavenHome/org/hdrhistogram/HdrHistogram/2.1.7/HdrHistogram-2.1.7.jar, file:/D:/mavenHome/io/reactivex/rxnetty/0.4.9/rxnetty-0.4.9.jar, file:/D:/mavenHome/io/netty/netty-codec-http/4.0.27.Final/netty-codec-http-4.0.27.Final.jar, file:/D:/mavenHome/io/netty/netty-codec/4.0.27.Final/netty-codec-4.0.27.Final.jar, file:/D:/mavenHome/io/netty/netty-handler/4.0.27.Final/netty-handler-4.0.27.Final.jar, file:/D:/mavenHome/io/netty/netty-transport-native-epoll/4.0.27.Final/netty-transport-native-epoll-4.0.27.Final.jar, file:/D:/mavenHome/io/netty/netty-common/4.0.27.Final/netty-common-4.0.27.Final.jar, file:/D:/mavenHome/io/netty/netty-buffer/4.0.27.Final/netty-buffer-4.0.27.Final.jar, file:/D:/mavenHome/io/netty/netty-transport/4.0.27.Final/netty-transport-4.0.27.Final.jar, file:/D:/mavenHome/com/netflix/ribbon/ribbon-core/2.1.5/ribbon-core-2.1.5.jar, file:/D:/mavenHome/com/netflix/ribbon/ribbon-httpclient/2.1.5/ribbon-httpclient-2.1.5.jar, file:/D:/mavenHome/commons-collections/commons-collections/3.2.2/commons-collections-3.2.2.jar, file:/D:/mavenHome/com/netflix/netflix-commons/netflix-commons-util/0.1.1/netflix-commons-util-0.1.1.jar, file:/D:/mavenHome/com/netflix/ribbon/ribbon-loadbalancer/2.1.5/ribbon-loadbalancer-2.1.5.jar, file:/D:/mavenHome/com/netflix/netflix-commons/netflix-statistics/0.1.1/netflix-statistics-0.1.1.jar, file:/D:/mavenHome/io/reactivex/rxjava/1.1.5/rxjava-1.1.5.jar, file:/D:/mavenHome/com/netflix/ribbon/ribbon-eureka/2.1.5/ribbon-eureka-2.1.5.jar, file:/D:/WorkSoftware/JetBrains/IntelliJ%20IDEA%202016.3.2/lib/idea_rt.jar]
4483 [main] DEBUG o.s.c.e.PropertySourcesPropertyResolver - Could not find key 'context.listener.classes' in any property source
4484 [main] DEBUG o.s.c.e.PropertySourcesPropertyResolver - Could not find key 'banner.image.location' in any property source
4485 [main] DEBUG o.s.c.e.PropertySourcesPropertyResolver - Could not find key 'banner.location' in any property source
4489 [main] DEBUG o.s.w.c.s.StandardServletEnvironment - Adding [servletConfigInitParams] PropertySource with lowest search precedence
4489 [main] DEBUG o.s.w.c.s.StandardServletEnvironment - Adding [servletContextInitParams] PropertySource with lowest search precedence
4490 [main] DEBUG o.s.w.c.s.StandardServletEnvironment - Adding [systemProperties] PropertySource with lowest search precedence
4490 [main] DEBUG o.s.w.c.s.StandardServletEnvironment - Adding [systemEnvironment] PropertySource with lowest search precedence
4490 [main] DEBUG o.s.w.c.s.StandardServletEnvironment - Initialized StandardServletEnvironment with PropertySources [servletConfigInitParams,servletContextInitParams,systemProperties,systemEnvironment]
4490 [main] DEBUG o.s.c.a.ClassPathBeanDefinitionScanner - JSR-250 'javax.annotation.ManagedBean' found and supported for component scanning
4490 [main] DEBUG o.s.c.a.ClassPathBeanDefinitionScanner - JSR-330 'javax.inject.Named' annotation found and supported for component scanning
4498 [main] DEBUG o.s.w.c.s.StandardServletEnvironment - Removing [defaultProperties] PropertySource
4498 [main] DEBUG o.s.w.c.s.StandardServletEnvironment - Adding [defaultProperties] PropertySource with lowest search precedence
4499 [main] DEBUG o.s.c.e.PropertySourcesPropertyResolver - Could not find key 'spring.profiles.active' in any property source
4499 [main] DEBUG o.s.c.e.PropertySourcesPropertyResolver - Could not find key 'spring.profiles.default' in any property source
4500 [main] DEBUG o.s.c.e.PropertySourcesPropertyResolver - Could not find key 'context.initializer.classes' in any property source
4500 [main] DEBUG o.s.c.e.PropertySourcesPropertyResolver - Could not find key 'spring.config.name:application' in any property source
4500 [main] DEBUG o.s.c.e.PropertySourcesPropertyResolver - Could not find key 'spring.config.name' in any property source
4500 [main] DEBUG o.s.c.e.PropertySourcesPropertyResolver - Could not find key 'vcap.application.name:application' in any property source
4500 [main] DEBUG o.s.c.e.PropertySourcesPropertyResolver - Could not find key 'vcap.application.name' in any property source
4500 [main] DEBUG o.s.c.e.PropertySourcesPropertyResolver - Could not find key 'spring.application.name:application' in any property source
4500 [main] DEBUG o.s.c.e.PropertySourcesPropertyResolver - Could not find key 'spring.application.name' in any property source
4501 [main] DEBUG o.s.c.e.PropertySourcesPropertyResolver - Could not find key 'PORT:null' in any property source
4501 [main] DEBUG o.s.c.e.PropertySourcesPropertyResolver - Could not find key 'PORT' in any property source
4501 [main] DEBUG o.s.c.e.PropertySourcesPropertyResolver - Could not find key 'server.port:null' in any property source
4501 [main] DEBUG o.s.c.e.PropertySourcesPropertyResolver - Found key 'server.port' in [applicationConfigurationProperties] with type [String]
4501 [main] DEBUG o.s.c.e.PropertySourcesPropertyResolver - Could not find key 'spring.application.index:1111' in any property source
4501 [main] DEBUG o.s.c.e.PropertySourcesPropertyResolver - Could not find key 'spring.application.index' in any property source
4501 [main] DEBUG o.s.c.e.PropertySourcesPropertyResolver - Could not find key 'vcap.application.instance_index:1111' in any property source
4501 [main] DEBUG o.s.c.e.PropertySourcesPropertyResolver - Could not find key 'vcap.application.instance_index' in any property source
4501 [main] DEBUG o.s.c.e.PropertySourcesPropertyResolver - Could not find key 'spring.profiles.active' in any property source
4501 [main] DEBUG o.s.b.f.s.DefaultListableBeanFactory - Returning cached instance of singleton bean 'autoConfigurationReport'
4501 [main] DEBUG o.s.b.f.s.DefaultListableBeanFactory - Returning cached instance of singleton bean 'autoConfigurationReport'
4502 [main] DEBUG o.s.c.e.PropertySourcesPropertyResolver - Could not find key 'spring.profiles.active' in any property source
4502 [main] DEBUG o.s.c.e.PropertySourcesPropertyResolver - Could not find key 'spring.profiles.default' in any property source
4502 [main] INFO  com.yd.Application - No active profile set, falling back to default profiles: default
4502 [main] DEBUG o.s.boot.SpringApplication - Loading source class com.yd.Application
4502 [main] DEBUG o.s.c.a.ClassPathBeanDefinitionScanner - JSR-250 'javax.annotation.ManagedBean' found and supported for component scanning
4503 [main] DEBUG o.s.c.a.ClassPathBeanDefinitionScanner - JSR-330 'javax.inject.Named' annotation found and supported for component scanning
4510 [background-preinit] DEBUG o.h.v.i.e.r.DefaultTraversableResolver - Cannot find javax.persistence.Persistence on classpath. Assuming non JPA 2 environment. All properties will per default be traversable.
4523 [main] DEBUG o.s.b.c.c.ConfigFileApplicationListener - Loaded config file 'file:/F:/ideaworkspace201603/learn-for-me/spring-cloud-eureka/target/classes/application.properties' (classpath:/application.properties)
4523 [main] DEBUG o.s.b.c.c.ConfigFileApplicationListener - Skipped (empty) config file 'file:/F:/ideaworkspace201603/learn-for-me/spring-cloud-eureka/target/classes/application.properties' (classpath:/application.properties) for profile default
4523 [main] INFO  o.s.b.c.e.AnnotationConfigEmbeddedWebApplicationContext - Refreshing org.springframework.boot.context.embedded.AnnotationConfigEmbeddedWebApplicationContext@189aa67a: startup date [Mon Mar 06 18:59:34 CST 2017]; parent: org.springframework.context.annotation.AnnotationConfigApplicationContext@61386958
4526 [main] DEBUG o.s.b.c.e.AnnotationConfigEmbeddedWebApplicationContext - Bean factory for org.springframework.boot.context.embedded.AnnotationConfigEmbeddedWebApplicationContext@189aa67a: org.springframework.beans.factory.support.DefaultListableBeanFactory@7cbc3762: defining beans [org.springframework.context.annotation.internalConfigurationAnnotationProcessor,org.springframework.context.annotation.internalAutowiredAnnotationProcessor,org.springframework.context.annotation.internalRequiredAnnotationProcessor,org.springframework.context.annotation.internalCommonAnnotationProcessor,org.springframework.context.event.internalEventListenerProcessor,org.springframework.context.event.internalEventListenerFactory,application]; parent: org.springframework.beans.factory.support.DefaultListableBeanFactory@58cbafc2
4528 [main] DEBUG o.s.b.f.s.DefaultListableBeanFactory - Creating shared instance of singleton bean 'org.springframework.context.annotation.internalConfigurationAnnotationProcessor'
4528 [main] DEBUG o.s.b.f.s.DefaultListableBeanFactory - Creating instance of bean 'org.springframework.context.annotation.internalConfigurationAnnotationProcessor'
4528 [main] DEBUG o.s.b.f.s.DefaultListableBeanFactory - Eagerly caching bean 'org.springframework.context.annotation.internalConfigurationAnnotationProcessor' to allow for resolving potential circular references
4529 [main] DEBUG o.s.b.f.s.DefaultListableBeanFactory - Creating shared instance of singleton bean 'org.springframework.boot.autoconfigure.internalCachingMetadataReaderFactory'
4529 [main] DEBUG o.s.b.f.s.DefaultListableBeanFactory - Creating instance of bean 'org.springframework.boot.autoconfigure.internalCachingMetadataReaderFactory'
4529 [main] DEBUG o.s.b.f.s.DefaultListableBeanFactory - Eagerly caching bean 'org.springframework.boot.autoconfigure.internalCachingMetadataReaderFactory' to allow for resolving potential circular references
4529 [main] DEBUG o.s.b.f.s.DefaultListableBeanFactory - Finished creating instance of bean 'org.springframework.boot.autoconfigure.internalCachingMetadataReaderFactory'
4533 [main] DEBUG o.s.b.f.s.DefaultListableBeanFactory - Finished creating instance of bean 'org.springframework.context.annotation.internalConfigurationAnnotationProcessor'
4535 [main] DEBUG o.s.c.a.ClassPathBeanDefinitionScanner - JSR-250 'javax.annotation.ManagedBean' found and supported for component scanning
4535 [main] DEBUG o.s.c.a.ClassPathBeanDefinitionScanner - JSR-330 'javax.inject.Named' annotation found and supported for component scanning
4536 [main] DEBUG o.s.c.i.s.PathMatchingResourcePatternResolver - Resolved classpath location [com/yd/] to resources [URL [file:/F:/ideaworkspace201603/learn-for-me/spring-cloud-eureka/target/classes/com/yd/]]
4537 [main] DEBUG o.s.c.i.s.PathMatchingResourcePatternResolver - Looking for matching resources in directory tree [F:\ideaworkspace201603\learn-for-me\spring-cloud-eureka\target\classes\com\yd]
4537 [main] DEBUG o.s.c.i.s.PathMatchingResourcePatternResolver - Searching directory [F:\ideaworkspace201603\learn-for-me\spring-cloud-eureka\target\classes\com\yd] for files matching pattern [F:/ideaworkspace201603/learn-for-me/spring-cloud-eureka/target/classes/com/yd/**/*.class]
4539 [main] DEBUG o.s.c.i.s.PathMatchingResourcePatternResolver - Resolved location pattern [classpath*:com/yd/**/*.class] to resources [file [F:\ideaworkspace201603\learn-for-me\spring-cloud-eureka\target\classes\com\yd\Application.class]]
4555 [main] DEBUG o.s.w.c.s.StandardServletEnvironment - Adding [class path resource [eureka/server.properties]] PropertySource with lowest search precedence
4588 [main] DEBUG o.s.b.f.s.DefaultListableBeanFactory - Returning cached instance of singleton bean 'autoConfigurationReport'
4590 [main] DEBUG o.s.b.f.s.DefaultListableBeanFactory - Returning cached instance of singleton bean 'autoConfigurationReport'
4594 [main] DEBUG o.s.b.f.s.DefaultListableBeanFactory - Returning cached instance of singleton bean 'autoConfigurationReport'
4595 [main] DEBUG o.s.b.f.s.DefaultListableBeanFactory - Returning cached instance of singleton bean 'autoConfigurationReport'
4597 [main] DEBUG o.s.b.f.s.DefaultListableBeanFactory - Returning cached instance of singleton bean 'autoConfigurationReport'
4602 [main] DEBUG o.s.c.e.PropertySourcesPropertyResolver - Could not find key 'spring.boot.enableautoconfiguration' in any property source
4609 [main] DEBUG o.s.c.e.PropertySourcesPropertyResolver - Found key 'java.runtime.name' in [systemProperties] with type [String]
4609 [main] DEBUG o.s.c.e.PropertySourcesPropertyResolver - Found key 'spring.output.ansi.enabled' in [systemProperties] with type [String]
4609 [main] DEBUG o.s.c.e.PropertySourcesPropertyResolver - Found key 'sun.boot.library.path' in [systemProperties] with type [String]
4609 [main] DEBUG o.s.c.e.PropertySourcesPropertyResolver - Found key 'java.vm.version' in [systemProperties] with type [String]
4610 [main] DEBUG o.s.c.e.PropertySourcesPropertyResolver - Found key 'java.vm.vendor' in [systemProperties] with type [String]
4610 [main] DEBUG o.s.c.e.PropertySourcesPropertyResolver - Found key 'java.vendor.url' in [systemProperties] with type [String]
4610 [main] DEBUG o.s.c.e.PropertySourcesPropertyResolver - Found key 'path.separator' in [systemProperties] with type [String]
4610 [main] DEBUG o.s.c.e.PropertySourcesPropertyResolver - Found key 'idea.launcher.port' in [systemProperties] with type [String]
4610 [main] DEBUG o.s.c.e.PropertySourcesPropertyResolver - Found key 'java.vm.name' in [systemProperties] with type [String]
4610 [main] DEBUG o.s.c.e.PropertySourcesPropertyResolver - Found key 'file.encoding.pkg' in [systemProperties] with type [String]
4610 [main] DEBUG o.s.c.e.PropertySourcesPropertyResolver - Found key 'user.country' in [systemProperties] with type [String]
4610 [main] DEBUG o.s.c.e.PropertySourcesPropertyResolver - Found key 'user.script' in [systemProperties] with type [String]
4610 [main] DEBUG o.s.c.e.PropertySourcesPropertyResolver - Found key 'sun.java.launcher' in [systemProperties] with type [String]
4611 [main] DEBUG o.s.c.e.PropertySourcesPropertyResolver - Found key 'sun.os.patch.level' in [systemProperties] with type [String]
4611 [main] DEBUG o.s.c.e.PropertySourcesPropertyResolver - Found key 'PID' in [systemProperties] with type [String]
4611 [main] DEBUG o.s.c.e.PropertySourcesPropertyResolver - Found key 'java.vm.specification.name' in [systemProperties] with type [String]
4611 [main] DEBUG o.s.c.e.PropertySourcesPropertyResolver - Found key 'user.dir' in [systemProperties] with type [String]
4611 [main] DEBUG o.s.c.e.PropertySourcesPropertyResolver - Found key 'java.runtime.version' in [systemProperties] with type [String]
4611 [main] DEBUG o.s.c.e.PropertySourcesPropertyResolver - Found key 'java.awt.graphicsenv' in [systemProperties] with type [String]
4611 [main] DEBUG o.s.c.e.PropertySourcesPropertyResolver - Found key 'org.jboss.logging.provider' in [systemProperties] with type [String]
4611 [main] DEBUG o.s.c.e.PropertySourcesPropertyResolver - Found key 'java.endorsed.dirs' in [systemProperties] with type [String]
4611 [main] DEBUG o.s.c.e.PropertySourcesPropertyResolver - Found key 'os.arch' in [systemProperties] with type [String]
4611 [main] DEBUG o.s.c.e.PropertySourcesPropertyResolver - Found key 'java.io.tmpdir' in [systemProperties] with type [String]
4611 [main] DEBUG o.s.c.e.PropertySourcesPropertyResolver - Found key 'line.separator' in [systemProperties] with type [String]
4612 [main] DEBUG o.s.c.e.PropertySourcesPropertyResolver - Found key 'java.vm.specification.vendor' in [systemProperties] with type [String]
4612 [main] DEBUG o.s.c.e.PropertySourcesPropertyResolver - Found key 'user.variant' in [systemProperties] with type [String]
4612 [main] DEBUG o.s.c.e.PropertySourcesPropertyResolver - Found key 'os.name' in [systemProperties] with type [String]
4612 [main] DEBUG o.s.c.e.PropertySourcesPropertyResolver - Found key 'sun.jnu.encoding' in [systemProperties] with type [String]
4612 [main] DEBUG o.s.c.e.PropertySourcesPropertyResolver - Found key 'spring.beaninfo.ignore' in [systemProperties] with type [String]
4612 [main] DEBUG o.s.c.e.PropertySourcesPropertyResolver - Found key 'java.library.path' in [systemProperties] with type [String]
4612 [main] DEBUG o.s.c.e.PropertySourcesPropertyResolver - Found key 'java.specification.name' in [systemProperties] with type [String]
4612 [main] DEBUG o.s.c.e.PropertySourcesPropertyResolver - Found key 'java.class.version' in [systemProperties] with type [String]
4612 [main] DEBUG o.s.c.e.PropertySourcesPropertyResolver - Found key 'sun.management.compiler' in [systemProperties] with type [String]
4612 [main] DEBUG o.s.c.e.PropertySourcesPropertyResolver - Found key 'os.version' in [systemProperties] with type [String]
4613 [main] DEBUG o.s.c.e.PropertySourcesPropertyResolver - Found key 'user.home' in [systemProperties] with type [String]
4613 [main] DEBUG o.s.c.e.PropertySourcesPropertyResolver - Found key 'user.timezone' in [systemProperties] with type [String]
4613 [main] DEBUG o.s.c.e.PropertySourcesPropertyResolver - Found key 'java.awt.printerjob' in [systemProperties] with type [String]
4613 [main] DEBUG o.s.c.e.PropertySourcesPropertyResolver - Found key 'file.encoding' in [systemProperties] with type [String]
4613 [main] DEBUG o.s.c.e.PropertySourcesPropertyResolver - Found key 'idea.launcher.bin.path' in [systemProperties] with type [String]
4613 [main] DEBUG o.s.c.e.PropertySourcesPropertyResolver - Found key 'java.specification.version' in [systemProperties] with type [String]
4613 [main] DEBUG o.s.c.e.PropertySourcesPropertyResolver - Found key 'java.class.path' in [systemProperties] with type [String]
4613 [main] DEBUG o.s.c.e.PropertySourcesPropertyResolver - Found key 'user.name' in [systemProperties] with type [String]
4613 [main] DEBUG o.s.c.e.PropertySourcesPropertyResolver - Found key 'java.vm.specification.version' in [systemProperties] with type [String]
4613 [main] DEBUG o.s.c.e.PropertySourcesPropertyResolver - Found key 'sun.java.command' in [systemProperties] with type [String]
4614 [main] DEBUG o.s.c.e.PropertySourcesPropertyResolver - Found key 'java.home' in [systemProperties] with type [String]
4614 [main] DEBUG o.s.c.e.PropertySourcesPropertyResolver - Found key 'sun.arch.data.model' in [systemProperties] with type [String]
4614 [main] DEBUG o.s.c.e.PropertySourcesPropertyResolver - Found key 'user.language' in [systemProperties] with type [String]
4614 [main] DEBUG o.s.c.e.PropertySourcesPropertyResolver - Found key 'java.specification.vendor' in [systemProperties] with type [String]
4614 [main] DEBUG o.s.c.e.PropertySourcesPropertyResolver - Found key 'awt.toolkit' in [systemProperties] with type [String]
4614 [main] DEBUG o.s.c.e.PropertySourcesPropertyResolver - Found key 'java.vm.info' in [systemProperties] with type [String]
4614 [main] DEBUG o.s.c.e.PropertySourcesPropertyResolver - Found key 'java.version' in [systemProperties] with type [String]
4614 [main] DEBUG o.s.c.e.PropertySourcesPropertyResolver - Found key 'java.ext.dirs' in [systemProperties] with type [String]
4614 [main] DEBUG o.s.c.e.PropertySourcesPropertyResolver - Found key 'sun.boot.class.path' in [systemProperties] with type [String]
4614 [main] DEBUG o.s.c.e.PropertySourcesPropertyResolver - Found key 'java.awt.headless' in [systemProperties] with type [String]
4615 [main] DEBUG o.s.c.e.PropertySourcesPropertyResolver - Found key 'java.vendor' in [systemProperties] with type [String]
4615 [main] DEBUG o.s.c.e.PropertySourcesPropertyResolver - Found key 'file.separator' in [systemProperties] with type [String]
4615 [main] DEBUG o.s.c.e.PropertySourcesPropertyResolver - Found key 'java.vendor.url.bug' in [systemProperties] with type [String]
4615 [main] DEBUG o.s.c.e.PropertySourcesPropertyResolver - Found key 'sun.io.unicode.encoding' in [systemProperties] with type [String]
4615 [main] DEBUG o.s.c.e.PropertySourcesPropertyResolver - Found key 'sun.cpu.endian' in [systemProperties] with type [String]
4615 [main] DEBUG o.s.c.e.PropertySourcesPropertyResolver - Found key 'sun.desktop' in [systemProperties] with type [String]
4615 [main] DEBUG o.s.c.e.PropertySourcesPropertyResolver - Found key 'sun.cpu.isalist' in [systemProperties] with type [String]
4615 [main] DEBUG o.s.c.e.PropertySourcesPropertyResolver - Found key 'LOCALAPPDATA' in [systemEnvironment] with type [String]
4615 [main] DEBUG o.s.c.e.PropertySourcesPropertyResolver - Found key 'PROCESSOR_LEVEL' in [systemEnvironment] with type [String]
4615 [main] DEBUG o.s.c.e.PropertySourcesPropertyResolver - Found key 'FP_NO_HOST_CHECK' in [systemEnvironment] with type [String]
4615 [main] DEBUG o.s.c.e.PropertySourcesPropertyResolver - Found key 'USERDOMAIN' in [systemEnvironment] with type [String]
4615 [main] DEBUG o.s.c.e.PropertySourcesPropertyResolver - Found key 'LOGONSERVER' in [systemEnvironment] with type [String]
4616 [main] DEBUG o.s.c.e.PropertySourcesPropertyResolver - Found key 'JAVA_HOME' in [systemEnvironment] with type [String]
4616 [main] DEBUG o.s.c.e.PropertySourcesPropertyResolver - Found key 'SESSIONNAME' in [systemEnvironment] with type [String]
4616 [main] DEBUG o.s.c.e.PropertySourcesPropertyResolver - Found key 'ALLUSERSPROFILE' in [systemEnvironment] with type [String]
4616 [main] DEBUG o.s.c.e.PropertySourcesPropertyResolver - Found key 'PROCESSOR_ARCHITECTURE' in [systemEnvironment] with type [String]
4616 [main] DEBUG o.s.c.e.PropertySourcesPropertyResolver - Found key 'PSModulePath' in [systemEnvironment] with type [String]
4616 [main] DEBUG o.s.c.e.PropertySourcesPropertyResolver - Found key 'SystemDrive' in [systemEnvironment] with type [String]
4616 [main] DEBUG o.s.c.e.PropertySourcesPropertyResolver - Found key 'ERLANG_HOME' in [systemEnvironment] with type [String]
4616 [main] DEBUG o.s.c.e.PropertySourcesPropertyResolver - Found key 'MAVEN_HOME' in [systemEnvironment] with type [String]
4616 [main] DEBUG o.s.c.e.PropertySourcesPropertyResolver - Found key 'APPDATA' in [systemEnvironment] with type [String]
4616 [main] DEBUG o.s.c.e.PropertySourcesPropertyResolver - Found key 'USERNAME' in [systemEnvironment] with type [String]
4617 [main] DEBUG o.s.c.e.PropertySourcesPropertyResolver - Found key 'windows_tracing_logfile' in [systemEnvironment] with type [String]
4617 [main] DEBUG o.s.c.e.PropertySourcesPropertyResolver - Found key 'ProgramFiles(x86)' in [systemEnvironment] with type [String]
4617 [main] DEBUG o.s.c.e.PropertySourcesPropertyResolver - Found key 'VBOX_MSI_INSTALL_PATH' in [systemEnvironment] with type [String]
4617 [main] DEBUG o.s.c.e.PropertySourcesPropertyResolver - Found key 'CommonProgramFiles' in [systemEnvironment] with type [String]
4617 [main] DEBUG o.s.c.e.PropertySourcesPropertyResolver - Found key 'Path' in [systemEnvironment] with type [String]
4617 [main] DEBUG o.s.c.e.PropertySourcesPropertyResolver - Found key 'PATHEXT' in [systemEnvironment] with type [String]
4617 [main] DEBUG o.s.c.e.PropertySourcesPropertyResolver - Found key 'OS' in [systemEnvironment] with type [String]
4617 [main] DEBUG o.s.c.e.PropertySourcesPropertyResolver - Found key 'windows_tracing_flags' in [systemEnvironment] with type [String]
4617 [main] DEBUG o.s.c.e.PropertySourcesPropertyResolver - Found key 'COMPUTERNAME' in [systemEnvironment] with type [String]
4617 [main] DEBUG o.s.c.e.PropertySourcesPropertyResolver - Found key 'PROCESSOR_REVISION' in [systemEnvironment] with type [String]
4617 [main] DEBUG o.s.c.e.PropertySourcesPropertyResolver - Found key 'CommonProgramW6432' in [systemEnvironment] with type [String]
4617 [main] DEBUG o.s.c.e.PropertySourcesPropertyResolver - Found key 'ComSpec' in [systemEnvironment] with type [String]
4618 [main] DEBUG o.s.c.e.PropertySourcesPropertyResolver - Found key 'ProgramData' in [systemEnvironment] with type [String]
4618 [main] DEBUG o.s.c.e.PropertySourcesPropertyResolver - Found key 'ProgramW6432' in [systemEnvironment] with type [String]
4618 [main] DEBUG o.s.c.e.PropertySourcesPropertyResolver - Found key 'RABBITMQ_SERVER' in [systemEnvironment] with type [String]
4618 [main] DEBUG o.s.c.e.PropertySourcesPropertyResolver - Found key 'HOMEPATH' in [systemEnvironment] with type [String]
4618 [main] DEBUG o.s.c.e.PropertySourcesPropertyResolver - Found key 'SystemRoot' in [systemEnvironment] with type [String]
4618 [main] DEBUG o.s.c.e.PropertySourcesPropertyResolver - Found key 'TEMP' in [systemEnvironment] with type [String]
4618 [main] DEBUG o.s.c.e.PropertySourcesPropertyResolver - Found key 'HOMEDRIVE' in [systemEnvironment] with type [String]
4619 [main] DEBUG o.s.c.e.PropertySourcesPropertyResolver - Found key 'PROCESSOR_IDENTIFIER' in [systemEnvironment] with type [String]
4619 [main] DEBUG o.s.c.e.PropertySourcesPropertyResolver - Found key 'USERPROFILE' in [systemEnvironment] with type [String]
4619 [main] DEBUG o.s.c.e.PropertySourcesPropertyResolver - Found key 'TMP' in [systemEnvironment] with type [String]
4619 [main] DEBUG o.s.c.e.PropertySourcesPropertyResolver - Found key 'CommonProgramFiles(x86)' in [systemEnvironment] with type [String]
4619 [main] DEBUG o.s.c.e.PropertySourcesPropertyResolver - Found key 'ProgramFiles' in [systemEnvironment] with type [String]
4619 [main] DEBUG o.s.c.e.PropertySourcesPropertyResolver - Found key 'PUBLIC' in [systemEnvironment] with type [String]
4619 [main] DEBUG o.s.c.e.PropertySourcesPropertyResolver - Found key 'NUMBER_OF_PROCESSORS' in [systemEnvironment] with type [String]
4619 [main] DEBUG o.s.c.e.PropertySourcesPropertyResolver - Found key 'windir' in [systemEnvironment] with type [String]
4619 [main] DEBUG o.s.c.e.PropertySourcesPropertyResolver - Found key 'DOCKER_TOOLBOX_INSTALL_PATH' in [systemEnvironment] with type [String]
4619 [main] DEBUG o.s.c.e.PropertySourcesPropertyResolver - Found key 'server.port' in [applicationConfigurationProperties] with type [String]
4619 [main] DEBUG o.s.c.e.PropertySourcesPropertyResolver - Found key 'eureka.client.serviceUrl.defaultZone' in [applicationConfigurationProperties] with type [String]
4620 [main] DEBUG o.s.c.e.PropertySourcesPropertyResolver - Found key 'eureka.server.enable-self-preservation' in [applicationConfigurationProperties] with type [String]
4620 [main] DEBUG o.s.c.e.PropertySourcesPropertyResolver - Found key 'eureka.client.register-with-eureka' in [applicationConfigurationProperties] with type [String]
4620 [main] DEBUG o.s.c.e.PropertySourcesPropertyResolver - Found key 'server.port' in [applicationConfigurationProperties] with type [String]
4620 [main] DEBUG o.s.c.e.PropertySourcesPropertyResolver - Found key 'eureka.server.eviction-interval-timer-in-ms' in [applicationConfigurationProperties] with type [String]
4620 [main] DEBUG o.s.c.e.PropertySourcesPropertyResolver - Found key 'eureka.client.fetch-registry' in [applicationConfigurationProperties] with type [String]
4620 [main] DEBUG o.s.c.e.PropertySourcesPropertyResolver - Found key 'spring.cloud.client.hostname' in [springCloudClientHostInfo] with type [String]
4620 [main] DEBUG o.s.c.e.PropertySourcesPropertyResolver - Found key 'spring.cloud.client.ipAddress' in [springCloudClientHostInfo] with type [String]
4621 [main] DEBUG o.s.c.e.PropertySourcesPropertyResolver - Found key 'spring.aop.proxyTargetClass' in [defaultProperties] with type [String]
4621 [main] DEBUG o.s.c.e.PropertySourcesPropertyResolver - Found key 'spring.http.encoding.force' in [class path resource [eureka/server.properties]] with type [String]
4631 [main] DEBUG o.s.b.f.s.DefaultListableBeanFactory - Returning cached instance of singleton bean 'org.springframework.boot.autoconfigure.internalCachingMetadataReaderFactory'
4852 [main] DEBUG o.s.b.f.s.DefaultListableBeanFactory - Returning cached instance of singleton bean 'autoConfigurationReport'
4864 [main] DEBUG o.s.c.e.PropertySourcesPropertyResolver - Could not find key 'spring.messages.basename' in any property source
4864 [main] DEBUG o.s.c.i.s.PathMatchingResourcePatternResolver - Resolved classpath location [messages.properties] to resources []
4864 [main] DEBUG o.s.b.f.s.DefaultListableBeanFactory - Returning cached instance of singleton bean 'autoConfigurationReport'
4865 [main] DEBUG o.s.b.f.s.DefaultListableBeanFactory - Returning cached instance of singleton bean 'autoConfigurationReport'
4872 [main] DEBUG o.s.b.f.s.DefaultListableBeanFactory - Returning cached instance of singleton bean 'autoConfigurationReport'
4874 [main] DEBUG o.s.b.f.s.DefaultListableBeanFactory - Returning cached instance of singleton bean 'autoConfigurationReport'
4876 [main] DEBUG o.s.b.f.s.DefaultListableBeanFactory - Returning cached instance of singleton bean 'autoConfigurationReport'
4877 [main] DEBUG o.s.b.f.s.DefaultListableBeanFactory - Returning cached instance of singleton bean 'autoConfigurationReport'
4877 [main] DEBUG o.s.b.f.s.DefaultListableBeanFactory - Returning cached instance of singleton bean 'autoConfigurationReport'
4881 [main] DEBUG o.s.b.f.s.DefaultListableBeanFactory - Returning cached instance of singleton bean 'autoConfigurationReport'
4882 [main] DEBUG o.s.b.f.s.DefaultListableBeanFactory - Returning cached instance of singleton bean 'autoConfigurationReport'
4882 [main] DEBUG o.s.b.f.s.DefaultListableBeanFactory - Returning cached instance of singleton bean 'autoConfigurationReport'
4884 [main] DEBUG o.s.b.f.s.DefaultListableBeanFactory - Returning cached instance of singleton bean 'autoConfigurationReport'
4885 [main] DEBUG o.s.b.f.s.DefaultListableBeanFactory - Returning cached instance of singleton bean 'autoConfigurationReport'
4886 [main] DEBUG o.s.b.f.s.DefaultListableBeanFactory - Returning cached instance of singleton bean 'autoConfigurationReport'
4888 [main] DEBUG o.s.b.f.s.DefaultListableBeanFactory - Returning cached instance of singleton bean 'autoConfigurationReport'
4891 [main] DEBUG o.s.b.f.s.DefaultListableBeanFactory - Returning cached instance of singleton bean 'autoConfigurationReport'
4892 [main] DEBUG o.s.b.f.s.DefaultListableBeanFactory - Returning cached instance of singleton bean 'autoConfigurationReport'
4892 [main] DEBUG o.s.b.f.s.DefaultListableBeanFactory - Returning cached instance of singleton bean 'autoConfigurationReport'
4898 [main] DEBUG o.s.b.f.s.DefaultListableBeanFactory - Returning cached instance of singleton bean 'autoConfigurationReport'
4898 [main] DEBUG o.s.b.f.s.DefaultListableBeanFactory - Returning cached instance of singleton bean 'autoConfigurationReport'
4901 [main] DEBUG o.s.b.f.s.DefaultListableBeanFactory - Returning cached instance of singleton bean 'autoConfigurationReport'
4902 [main] DEBUG o.s.b.f.s.DefaultListableBeanFactory - Returning cached instance of singleton bean 'autoConfigurationReport'
4905 [main] DEBUG o.s.b.f.s.DefaultListableBeanFactory - Returning cached instance of singleton bean 'autoConfigurationReport'
4905 [main] DEBUG o.s.b.f.s.DefaultListableBeanFactory - Returning cached instance of singleton bean 'autoConfigurationReport'
4906 [main] DEBUG o.s.b.f.s.DefaultListableBeanFactory - Returning cached instance of singleton bean 'autoConfigurationReport'
4906 [main] DEBUG o.s.b.f.s.DefaultListableBeanFactory - Returning cached instance of singleton bean 'autoConfigurationReport'
4908 [main] DEBUG o.s.b.f.s.DefaultListableBeanFactory - Returning cached instance of singleton bean 'autoConfigurationReport'
4908 [main] DEBUG o.s.b.f.s.DefaultListableBeanFactory - Returning cached instance of singleton bean 'autoConfigurationReport'
4911 [main] DEBUG o.s.b.f.s.DefaultListableBeanFactory - Returning cached instance of singleton bean 'autoConfigurationReport'
4924 [main] DEBUG o.s.b.f.s.DefaultListableBeanFactory - Returning cached instance of singleton bean 'autoConfigurationReport'
4927 [main] DEBUG o.s.b.f.s.DefaultListableBeanFactory - Returning cached instance of singleton bean 'autoConfigurationReport'
4927 [main] DEBUG o.s.b.f.s.DefaultListableBeanFactory - Returning cached instance of singleton bean 'autoConfigurationReport'
4927 [main] DEBUG o.s.b.f.s.DefaultListableBeanFactory - Returning cached instance of singleton bean 'autoConfigurationReport'
4933 [main] DEBUG o.s.c.e.PropertySourcesPropertyResolver - Found key 'java.runtime.name' in [systemProperties] with type [String]
4933 [main] DEBUG o.s.c.e.PropertySourcesPropertyResolver - Found key 'spring.output.ansi.enabled' in [systemProperties] with type [String]
4933 [main] DEBUG o.s.c.e.PropertySourcesPropertyResolver - Found key 'sun.boot.library.path' in [systemProperties] with type [String]
4933 [main] DEBUG o.s.c.e.PropertySourcesPropertyResolver - Found key 'java.vm.version' in [systemProperties] with type [String]
4933 [main] DEBUG o.s.c.e.PropertySourcesPropertyResolver - Found key 'java.vm.vendor' in [systemProperties] with type [String]
4933 [main] DEBUG o.s.c.e.PropertySourcesPropertyResolver - Found key 'java.vendor.url' in [systemProperties] with type [String]
4934 [main] DEBUG o.s.c.e.PropertySourcesPropertyResolver - Found key 'path.separator' in [systemProperties] with type [String]
4934 [main] DEBUG o.s.c.e.PropertySourcesPropertyResolver - Found key 'idea.launcher.port' in [systemProperties] with type [String]
4934 [main] DEBUG o.s.c.e.PropertySourcesPropertyResolver - Found key 'java.vm.name' in [systemProperties] with type [String]
4934 [main] DEBUG o.s.c.e.PropertySourcesPropertyResolver - Found key 'file.encoding.pkg' in [systemProperties] with type [String]
4934 [main] DEBUG o.s.c.e.PropertySourcesPropertyResolver - Found key 'user.country' in [systemProperties] with type [String]
4934 [main] DEBUG o.s.c.e.PropertySourcesPropertyResolver - Found key 'user.script' in [systemProperties] with type [String]
4934 [main] DEBUG o.s.c.e.PropertySourcesPropertyResolver - Found key 'sun.java.launcher' in [systemProperties] with type [String]
4934 [main] DEBUG o.s.c.e.PropertySourcesPropertyResolver - Found key 'sun.os.patch.level' in [systemProperties] with type [String]
4935 [main] DEBUG o.s.c.e.PropertySourcesPropertyResolver - Found key 'PID' in [systemProperties] with type [String]
4935 [main] DEBUG o.s.c.e.PropertySourcesPropertyResolver - Found key 'java.vm.specification.name' in [systemProperties] with type [String]
4935 [main] DEBUG o.s.c.e.PropertySourcesPropertyResolver - Found key 'user.dir' in [systemProperties] with type [String]
4935 [main] DEBUG o.s.c.e.PropertySourcesPropertyResolver - Found key 'java.runtime.version' in [systemProperties] with type [String]
4935 [main] DEBUG o.s.c.e.PropertySourcesPropertyResolver - Found key 'java.awt.graphicsenv' in [systemProperties] with type [String]
4935 [main] DEBUG o.s.c.e.PropertySourcesPropertyResolver - Found key 'org.jboss.logging.provider' in [systemProperties] with type [String]
4935 [main] DEBUG o.s.c.e.PropertySourcesPropertyResolver - Found key 'java.endorsed.dirs' in [systemProperties] with type [String]
4936 [main] DEBUG o.s.c.e.PropertySourcesPropertyResolver - Found key 'os.arch' in [systemProperties] with type [String]
4936 [main] DEBUG o.s.c.e.PropertySourcesPropertyResolver - Found key 'java.io.tmpdir' in [systemProperties] with type [String]
4936 [main] DEBUG o.s.c.e.PropertySourcesPropertyResolver - Found key 'line.separator' in [systemProperties] with type [String]
4936 [main] DEBUG o.s.c.e.PropertySourcesPropertyResolver - Found key 'java.vm.specification.vendor' in [systemProperties] with type [String]
4936 [main] DEBUG o.s.c.e.PropertySourcesPropertyResolver - Found key 'user.variant' in [systemProperties] with type [String]
4936 [main] DEBUG o.s.c.e.PropertySourcesPropertyResolver - Found key 'os.name' in [systemProperties] with type [String]
4936 [main] DEBUG o.s.c.e.PropertySourcesPropertyResolver - Found key 'sun.jnu.encoding' in [systemProperties] with type [String]
4936 [main] DEBUG o.s.c.e.PropertySourcesPropertyResolver - Found key 'spring.beaninfo.ignore' in [systemProperties] with type [String]
4936 [main] DEBUG o.s.c.e.PropertySourcesPropertyResolver - Found key 'java.library.path' in [systemProperties] with type [String]
4936 [main] DEBUG o.s.c.e.PropertySourcesPropertyResolver - Found key 'java.specification.name' in [systemProperties] with type [String]
4936 [main] DEBUG o.s.c.e.PropertySourcesPropertyResolver - Found key 'java.class.version' in [systemProperties] with type [String]
4936 [main] DEBUG o.s.c.e.PropertySourcesPropertyResolver - Found key 'sun.management.compiler' in [systemProperties] with type [String]
4936 [main] DEBUG o.s.c.e.PropertySourcesPropertyResolver - Found key 'os.version' in [systemProperties] with type [String]
4936 [main] DEBUG o.s.c.e.PropertySourcesPropertyResolver - Found key 'user.home' in [systemProperties] with type [String]
4937 [main] DEBUG o.s.c.e.PropertySourcesPropertyResolver - Found key 'user.timezone' in [systemProperties] with type [String]
4937 [main] DEBUG o.s.c.e.PropertySourcesPropertyResolver - Found key 'java.awt.printerjob' in [systemProperties] with type [String]
4937 [main] DEBUG o.s.c.e.PropertySourcesPropertyResolver - Found key 'file.encoding' in [systemProperties] with type [String]
4937 [main] DEBUG o.s.c.e.PropertySourcesPropertyResolver - Found key 'idea.launcher.bin.path' in [systemProperties] with type [String]
4937 [main] DEBUG o.s.c.e.PropertySourcesPropertyResolver - Found key 'java.specification.version' in [systemProperties] with type [String]
4937 [main] DEBUG o.s.c.e.PropertySourcesPropertyResolver - Found key 'java.class.path' in [systemProperties] with type [String]
4937 [main] DEBUG o.s.c.e.PropertySourcesPropertyResolver - Found key 'user.name' in [systemProperties] with type [String]
4937 [main] DEBUG o.s.c.e.PropertySourcesPropertyResolver - Found key 'java.vm.specification.version' in [systemProperties] with type [String]
4937 [main] DEBUG o.s.c.e.PropertySourcesPropertyResolver - Found key 'sun.java.command' in [systemProperties] with type [String]
4937 [main] DEBUG o.s.c.e.PropertySourcesPropertyResolver - Found key 'java.home' in [systemProperties] with type [String]
4937 [main] DEBUG o.s.c.e.PropertySourcesPropertyResolver - Found key 'sun.arch.data.model' in [systemProperties] with type [String]
4937 [main] DEBUG o.s.c.e.PropertySourcesPropertyResolver - Found key 'user.language' in [systemProperties] with type [String]
4937 [main] DEBUG o.s.c.e.PropertySourcesPropertyResolver - Found key 'java.specification.vendor' in [systemProperties] with type [String]
4937 [main] DEBUG o.s.c.e.PropertySourcesPropertyResolver - Found key 'awt.toolkit' in [systemProperties] with type [String]
4938 [main] DEBUG o.s.c.e.PropertySourcesPropertyResolver - Found key 'java.vm.info' in [systemProperties] with type [String]
4938 [main] DEBUG o.s.c.e.PropertySourcesPropertyResolver - Found key 'java.version' in [systemProperties] with type [String]
4938 [main] DEBUG o.s.c.e.PropertySourcesPropertyResolver - Found key 'java.ext.dirs' in [systemProperties] with type [String]
4938 [main] DEBUG o.s.c.e.PropertySourcesPropertyResolver - Found key 'sun.boot.class.path' in [systemProperties] with type [String]
4938 [main] DEBUG o.s.c.e.PropertySourcesPropertyResolver - Found key 'java.awt.headless' in [systemProperties] with type [String]
4938 [main] DEBUG o.s.c.e.PropertySourcesPropertyResolver - Found key 'java.vendor' in [systemProperties] with type [String]
4938 [main] DEBUG o.s.c.e.PropertySourcesPropertyResolver - Found key 'file.separator' in [systemProperties] with type [String]
4938 [main] DEBUG o.s.c.e.PropertySourcesPropertyResolver - Found key 'java.vendor.url.bug' in [systemProperties] with type [String]
4938 [main] DEBUG o.s.c.e.PropertySourcesPropertyResolver - Found key 'sun.io.unicode.encoding' in [systemProperties] with type [String]
4938 [main] DEBUG o.s.c.e.PropertySourcesPropertyResolver - Found key 'sun.cpu.endian' in [systemProperties] with type [String]
4938 [main] DEBUG o.s.c.e.PropertySourcesPropertyResolver - Found key 'sun.desktop' in [systemProperties] with type [String]
4938 [main] DEBUG o.s.c.e.PropertySourcesPropertyResolver - Found key 'sun.cpu.isalist' in [systemProperties] with type [String]
4938 [main] DEBUG o.s.c.e.PropertySourcesPropertyResolver - Found key 'LOCALAPPDATA' in [systemEnvironment] with type [String]
4938 [main] DEBUG o.s.c.e.PropertySourcesPropertyResolver - Found key 'PROCESSOR_LEVEL' in [systemEnvironment] with type [String]
4938 [main] DEBUG o.s.c.e.PropertySourcesPropertyResolver - Found key 'FP_NO_HOST_CHECK' in [systemEnvironment] with type [String]
4939 [main] DEBUG o.s.c.e.PropertySourcesPropertyResolver - Found key 'USERDOMAIN' in [systemEnvironment] with type [String]
4939 [main] DEBUG o.s.c.e.PropertySourcesPropertyResolver - Found key 'LOGONSERVER' in [systemEnvironment] with type [String]
4939 [main] DEBUG o.s.c.e.PropertySourcesPropertyResolver - Found key 'JAVA_HOME' in [systemEnvironment] with type [String]
4939 [main] DEBUG o.s.c.e.PropertySourcesPropertyResolver - Found key 'SESSIONNAME' in [systemEnvironment] with type [String]
4939 [main] DEBUG o.s.c.e.PropertySourcesPropertyResolver - Found key 'ALLUSERSPROFILE' in [systemEnvironment] with type [String]
4939 [main] DEBUG o.s.c.e.PropertySourcesPropertyResolver - Found key 'PROCESSOR_ARCHITECTURE' in [systemEnvironment] with type [String]
4939 [main] DEBUG o.s.c.e.PropertySourcesPropertyResolver - Found key 'PSModulePath' in [systemEnvironment] with type [String]
4939 [main] DEBUG o.s.c.e.PropertySourcesPropertyResolver - Found key 'SystemDrive' in [systemEnvironment] with type [String]
4939 [main] DEBUG o.s.c.e.PropertySourcesPropertyResolver - Found key 'ERLANG_HOME' in [systemEnvironment] with type [String]
4939 [main] DEBUG o.s.c.e.PropertySourcesPropertyResolver - Found key 'MAVEN_HOME' in [systemEnvironment] with type [String]
4940 [main] DEBUG o.s.c.e.PropertySourcesPropertyResolver - Found key 'APPDATA' in [systemEnvironment] with type [String]
4940 [main] DEBUG o.s.c.e.PropertySourcesPropertyResolver - Found key 'USERNAME' in [systemEnvironment] with type [String]
4940 [main] DEBUG o.s.c.e.PropertySourcesPropertyResolver - Found key 'windows_tracing_logfile' in [systemEnvironment] with type [String]
4940 [main] DEBUG o.s.c.e.PropertySourcesPropertyResolver - Found key 'ProgramFiles(x86)' in [systemEnvironment] with type [String]
4940 [main] DEBUG o.s.c.e.PropertySourcesPropertyResolver - Found key 'VBOX_MSI_INSTALL_PATH' in [systemEnvironment] with type [String]
4940 [main] DEBUG o.s.c.e.PropertySourcesPropertyResolver - Found key 'CommonProgramFiles' in [systemEnvironment] with type [String]
4940 [main] DEBUG o.s.c.e.PropertySourcesPropertyResolver - Found key 'Path' in [systemEnvironment] with type [String]
4940 [main] DEBUG o.s.c.e.PropertySourcesPropertyResolver - Found key 'PATHEXT' in [systemEnvironment] with type [String]
4940 [main] DEBUG o.s.c.e.PropertySourcesPropertyResolver - Found key 'OS' in [systemEnvironment] with type [String]
4940 [main] DEBUG o.s.c.e.PropertySourcesPropertyResolver - Found key 'windows_tracing_flags' in [systemEnvironment] with type [String]
4941 [main] DEBUG o.s.c.e.PropertySourcesPropertyResolver - Found key 'COMPUTERNAME' in [systemEnvironment] with type [String]
4941 [main] DEBUG o.s.c.e.PropertySourcesPropertyResolver - Found key 'PROCESSOR_REVISION' in [systemEnvironment] with type [String]
4941 [main] DEBUG o.s.c.e.PropertySourcesPropertyResolver - Found key 'CommonProgramW6432' in [systemEnvironment] with type [String]
4941 [main] DEBUG o.s.c.e.PropertySourcesPropertyResolver - Found key 'ComSpec' in [systemEnvironment] with type [String]
4941 [main] DEBUG o.s.c.e.PropertySourcesPropertyResolver - Found key 'ProgramData' in [systemEnvironment] with type [String]
4941 [main] DEBUG o.s.c.e.PropertySourcesPropertyResolver - Found key 'ProgramW6432' in [systemEnvironment] with type [String]
4941 [main] DEBUG o.s.c.e.PropertySourcesPropertyResolver - Found key 'RABBITMQ_SERVER' in [systemEnvironment] with type [String]
4941 [main] DEBUG o.s.c.e.PropertySourcesPropertyResolver - Found key 'HOMEPATH' in [systemEnvironment] with type [String]
4941 [main] DEBUG o.s.c.e.PropertySourcesPropertyResolver - Found key 'SystemRoot' in [systemEnvironment] with type [String]
4941 [main] DEBUG o.s.c.e.PropertySourcesPropertyResolver - Found key 'TEMP' in [systemEnvironment] with type [String]
4941 [main] DEBUG o.s.c.e.PropertySourcesPropertyResolver - Found key 'HOMEDRIVE' in [systemEnvironment] with type [String]
4941 [main] DEBUG o.s.c.e.PropertySourcesPropertyResolver - Found key 'PROCESSOR_IDENTIFIER' in [systemEnvironment] with type [String]
4941 [main] DEBUG o.s.c.e.PropertySourcesPropertyResolver - Found key 'USERPROFILE' in [systemEnvironment] with type [String]
4942 [main] DEBUG o.s.c.e.PropertySourcesPropertyResolver - Found key 'TMP' in [systemEnvironment] with type [String]
4942 [main] DEBUG o.s.c.e.PropertySourcesPropertyResolver - Found key 'CommonProgramFiles(x86)' in [systemEnvironment] with type [String]
4942 [main] DEBUG o.s.c.e.PropertySourcesPropertyResolver - Found key 'ProgramFiles' in [systemEnvironment] with type [String]
4942 [main] DEBUG o.s.c.e.PropertySourcesPropertyResolver - Found key 'PUBLIC' in [systemEnvironment] with type [String]
4942 [main] DEBUG o.s.c.e.PropertySourcesPropertyResolver - Found key 'NUMBER_OF_PROCESSORS' in [systemEnvironment] with type [String]
4942 [main] DEBUG o.s.c.e.PropertySourcesPropertyResolver - Found key 'windir' in [systemEnvironment] with type [String]
4942 [main] DEBUG o.s.c.e.PropertySourcesPropertyResolver - Found key 'DOCKER_TOOLBOX_INSTALL_PATH' in [systemEnvironment] with type [String]
4942 [main] DEBUG o.s.c.e.PropertySourcesPropertyResolver - Found key 'server.port' in [applicationConfigurationProperties] with type [String]
4942 [main] DEBUG o.s.c.e.PropertySourcesPropertyResolver - Found key 'eureka.client.serviceUrl.defaultZone' in [applicationConfigurationProperties] with type [String]
4942 [main] DEBUG o.s.c.e.PropertySourcesPropertyResolver - Found key 'eureka.server.enable-self-preservation' in [applicationConfigurationProperties] with type [String]
4942 [main] DEBUG o.s.c.e.PropertySourcesPropertyResolver - Found key 'eureka.client.register-with-eureka' in [applicationConfigurationProperties] with type [String]
4942 [main] DEBUG o.s.c.e.PropertySourcesPropertyResolver - Found key 'server.port' in [applicationConfigurationProperties] with type [String]
4942 [main] DEBUG o.s.c.e.PropertySourcesPropertyResolver - Found key 'eureka.server.eviction-interval-timer-in-ms' in [applicationConfigurationProperties] with type [String]
4942 [main] DEBUG o.s.c.e.PropertySourcesPropertyResolver - Found key 'eureka.client.fetch-registry' in [applicationConfigurationProperties] with type [String]
4943 [main] DEBUG o.s.c.e.PropertySourcesPropertyResolver - Found key 'spring.cloud.client.hostname' in [springCloudClientHostInfo] with type [String]
4943 [main] DEBUG o.s.c.e.PropertySourcesPropertyResolver - Found key 'spring.cloud.client.ipAddress' in [springCloudClientHostInfo] with type [String]
4943 [main] DEBUG o.s.c.e.PropertySourcesPropertyResolver - Found key 'spring.aop.proxyTargetClass' in [defaultProperties] with type [String]
4943 [main] DEBUG o.s.c.e.PropertySourcesPropertyResolver - Found key 'spring.http.encoding.force' in [class path resource [eureka/server.properties]] with type [String]
4949 [main] DEBUG o.s.b.f.s.DefaultListableBeanFactory - Returning cached instance of singleton bean 'autoConfigurationReport'
4954 [main] DEBUG o.s.b.f.s.DefaultListableBeanFactory - Returning cached instance of singleton bean 'autoConfigurationReport'
4957 [main] DEBUG o.s.b.f.s.DefaultListableBeanFactory - Returning cached instance of singleton bean 'autoConfigurationReport'
4958 [main] DEBUG o.s.b.f.s.DefaultListableBeanFactory - Returning cached instance of singleton bean 'autoConfigurationReport'
4959 [main] DEBUG o.s.b.f.s.DefaultListableBeanFactory - Returning cached instance of singleton bean 'autoConfigurationReport'
4960 [main] DEBUG o.s.b.f.s.DefaultListableBeanFactory - Returning cached instance of singleton bean 'autoConfigurationReport'
4971 [main] DEBUG o.s.b.f.s.DefaultListableBeanFactory - Returning cached instance of singleton bean 'autoConfigurationReport'
4972 [main] DEBUG o.s.b.f.s.DefaultListableBeanFactory - Returning cached instance of singleton bean 'autoConfigurationReport'
4973 [main] DEBUG o.s.b.f.s.DefaultListableBeanFactory - Returning cached instance of singleton bean 'autoConfigurationReport'
4973 [main] DEBUG o.s.b.f.s.DefaultListableBeanFactory - Returning cached instance of singleton bean 'autoConfigurationReport'
4975 [main] DEBUG o.s.b.f.s.DefaultListableBeanFactory - Returning cached instance of singleton bean 'autoConfigurationReport'
4980 [main] DEBUG o.s.b.f.s.DefaultListableBeanFactory - Returning cached instance of singleton bean 'autoConfigurationReport'
4980 [main] DEBUG o.s.b.f.s.DefaultListableBeanFactory - Returning cached instance of singleton bean 'autoConfigurationReport'
4981 [main] DEBUG o.s.b.f.s.DefaultListableBeanFactory - Returning cached instance of singleton bean 'autoConfigurationReport'
4982 [main] DEBUG o.s.b.f.s.DefaultListableBeanFactory - Returning cached instance of singleton bean 'autoConfigurationReport'
4985 [main] DEBUG o.s.b.f.s.DefaultListableBeanFactory - Returning cached instance of singleton bean 'autoConfigurationReport'
5002 [main] DEBUG o.s.b.f.s.DefaultListableBeanFactory - Returning cached instance of singleton bean 'autoConfigurationReport'
5005 [main] DEBUG o.s.b.f.s.DefaultListableBeanFactory - Returning cached instance of singleton bean 'autoConfigurationReport'
5006 [main] DEBUG o.s.b.f.s.DefaultListableBeanFactory - Returning cached instance of singleton bean 'autoConfigurationReport'
5007 [main] DEBUG o.s.b.f.s.DefaultListableBeanFactory - Returning cached instance of singleton bean 'autoConfigurationReport'
5008 [main] DEBUG o.s.b.f.s.DefaultListableBeanFactory - Returning cached instance of singleton bean 'autoConfigurationReport'
5009 [main] DEBUG o.s.b.f.s.DefaultListableBeanFactory - Returning cached instance of singleton bean 'autoConfigurationReport'
5009 [main] DEBUG o.s.b.f.s.DefaultListableBeanFactory - Returning cached instance of singleton bean 'autoConfigurationReport'
5012 [main] DEBUG o.s.b.f.s.DefaultListableBeanFactory - Returning cached instance of singleton bean 'autoConfigurationReport'
5014 [main] DEBUG o.s.b.f.s.DefaultListableBeanFactory - Returning cached instance of singleton bean 'autoConfigurationReport'
5014 [main] DEBUG o.s.b.f.s.DefaultListableBeanFactory - Returning cached instance of singleton bean 'autoConfigurationReport'
5015 [main] DEBUG o.s.b.f.s.DefaultListableBeanFactory - Returning cached instance of singleton bean 'autoConfigurationReport'
5016 [main] DEBUG o.s.b.f.s.DefaultListableBeanFactory - Returning cached instance of singleton bean 'autoConfigurationReport'
5025 [main] DEBUG o.s.b.f.s.DefaultListableBeanFactory - Returning cached instance of singleton bean 'autoConfigurationReport'
5027 [main] DEBUG o.s.b.f.s.DefaultListableBeanFactory - Returning cached instance of singleton bean 'autoConfigurationReport'
5029 [main] DEBUG o.s.b.f.s.DefaultListableBeanFactory - Returning cached instance of singleton bean 'autoConfigurationReport'
5030 [main] DEBUG o.s.b.f.s.DefaultListableBeanFactory - Returning cached instance of singleton bean 'autoConfigurationReport'
5030 [main] DEBUG o.s.b.f.s.DefaultListableBeanFactory - Returning cached instance of singleton bean 'autoConfigurationReport'
5031 [main] DEBUG o.s.b.f.s.DefaultListableBeanFactory - Returning cached instance of singleton bean 'autoConfigurationReport'
5032 [main] DEBUG o.s.b.f.s.DefaultListableBeanFactory - Returning cached instance of singleton bean 'autoConfigurationReport'
5033 [main] DEBUG o.s.b.f.s.DefaultListableBeanFactory - Returning cached instance of singleton bean 'autoConfigurationReport'
5035 [main] DEBUG o.s.b.f.s.DefaultListableBeanFactory - Returning cached instance of singleton bean 'autoConfigurationReport'
5038 [main] DEBUG o.s.b.f.s.DefaultListableBeanFactory - Returning cached instance of singleton bean 'autoConfigurationReport'
5039 [main] DEBUG o.s.b.f.s.DefaultListableBeanFactory - Returning cached instance of singleton bean 'autoConfigurationReport'
5039 [main] DEBUG o.s.b.f.s.DefaultListableBeanFactory - Returning cached instance of singleton bean 'autoConfigurationReport'
5040 [main] DEBUG o.s.b.f.s.DefaultListableBeanFactory - Returning cached instance of singleton bean 'autoConfigurationReport'
5041 [main] DEBUG o.s.b.f.s.DefaultListableBeanFactory - Returning cached instance of singleton bean 'autoConfigurationReport'
5042 [main] DEBUG o.s.b.f.s.DefaultListableBeanFactory - Returning cached instance of singleton bean 'autoConfigurationReport'
5043 [main] DEBUG o.s.b.f.s.DefaultListableBeanFactory - Returning cached instance of singleton bean 'autoConfigurationReport'
5047 [main] DEBUG o.s.b.f.s.DefaultListableBeanFactory - Returning cached instance of singleton bean 'autoConfigurationReport'
5047 [main] DEBUG o.s.b.f.s.DefaultListableBeanFactory - Returning cached instance of singleton bean 'autoConfigurationReport'
5048 [main] DEBUG o.s.b.f.s.DefaultListableBeanFactory - Returning cached instance of singleton bean 'autoConfigurationReport'
5054 [main] DEBUG o.s.b.f.s.DefaultListableBeanFactory - Returning cached instance of singleton bean 'autoConfigurationReport'
5054 [main] DEBUG o.s.b.f.s.DefaultListableBeanFactory - Returning cached instance of singleton bean 'autoConfigurationReport'
5055 [main] DEBUG o.s.b.f.s.DefaultListableBeanFactory - Returning cached instance of singleton bean 'autoConfigurationReport'
5071 [main] DEBUG o.s.b.f.s.DefaultListableBeanFactory - Returning cached instance of singleton bean 'autoConfigurationReport'
5071 [main] DEBUG o.s.b.f.s.DefaultListableBeanFactory - Returning cached instance of singleton bean 'autoConfigurationReport'
5072 [main] DEBUG o.s.b.f.s.DefaultListableBeanFactory - Returning cached instance of singleton bean 'autoConfigurationReport'
5073 [main] DEBUG o.s.b.f.s.DefaultListableBeanFactory - Returning cached instance of singleton bean 'autoConfigurationReport'
5074 [main] DEBUG o.s.b.f.s.DefaultListableBeanFactory - Returning cached instance of singleton bean 'autoConfigurationReport'
5075 [main] DEBUG o.s.b.f.s.DefaultListableBeanFactory - Returning cached instance of singleton bean 'autoConfigurationReport'
5075 [main] DEBUG o.s.b.f.s.DefaultListableBeanFactory - Returning cached instance of singleton bean 'autoConfigurationReport'
5076 [main] DEBUG o.s.b.f.s.DefaultListableBeanFactory - Returning cached instance of singleton bean 'autoConfigurationReport'
5077 [main] DEBUG o.s.b.f.s.DefaultListableBeanFactory - Returning cached instance of singleton bean 'autoConfigurationReport'
5077 [main] DEBUG o.s.b.f.s.DefaultListableBeanFactory - Returning cached instance of singleton bean 'autoConfigurationReport'
5078 [main] DEBUG o.s.b.f.s.DefaultListableBeanFactory - Returning cached instance of singleton bean 'autoConfigurationReport'
5079 [main] DEBUG o.s.b.f.s.DefaultListableBeanFactory - Returning cached instance of singleton bean 'autoConfigurationReport'
5079 [main] DEBUG o.s.b.f.s.DefaultListableBeanFactory - Returning cached instance of singleton bean 'autoConfigurationReport'
5080 [main] DEBUG o.s.b.f.s.DefaultListableBeanFactory - Returning cached instance of singleton bean 'autoConfigurationReport'
5085 [main] DEBUG o.s.b.f.s.DefaultListableBeanFactory - Returning cached instance of singleton bean 'autoConfigurationReport'
5087 [main] DEBUG o.s.b.f.s.DefaultListableBeanFactory - Returning cached instance of singleton bean 'autoConfigurationReport'
5088 [main] DEBUG o.s.b.f.s.DefaultListableBeanFactory - Returning cached instance of singleton bean 'autoConfigurationReport'
5089 [main] DEBUG o.s.b.f.s.DefaultListableBeanFactory - Returning cached instance of singleton bean 'autoConfigurationReport'
5090 [main] DEBUG o.s.b.f.s.DefaultListableBeanFactory - Returning cached instance of singleton bean 'autoConfigurationReport'
5091 [main] DEBUG o.s.b.f.s.DefaultListableBeanFactory - Returning cached instance of singleton bean 'autoConfigurationReport'
5092 [main] DEBUG o.s.b.f.s.DefaultListableBeanFactory - Returning cached instance of singleton bean 'autoConfigurationReport'
5093 [main] DEBUG o.s.b.f.s.DefaultListableBeanFactory - Returning cached instance of singleton bean 'autoConfigurationReport'
5094 [main] DEBUG o.s.b.f.s.DefaultListableBeanFactory - Returning cached instance of singleton bean 'autoConfigurationReport'
5094 [main] DEBUG o.s.b.f.s.DefaultListableBeanFactory - Returning cached instance of singleton bean 'autoConfigurationReport'
5097 [main] DEBUG o.s.b.f.s.DefaultListableBeanFactory - Returning cached instance of singleton bean 'autoConfigurationReport'
5100 [main] DEBUG o.s.b.f.s.DefaultListableBeanFactory - Returning cached instance of singleton bean 'autoConfigurationReport'
5102 [main] DEBUG o.s.b.f.s.DefaultListableBeanFactory - Returning cached instance of singleton bean 'autoConfigurationReport'
5103 [main] DEBUG o.s.b.f.s.DefaultListableBeanFactory - Returning cached instance of singleton bean 'autoConfigurationReport'
5104 [main] DEBUG o.s.b.f.s.DefaultListableBeanFactory - Returning cached instance of singleton bean 'autoConfigurationReport'
5104 [main] DEBUG o.s.b.f.s.DefaultListableBeanFactory - Returning cached instance of singleton bean 'autoConfigurationReport'
5105 [main] DEBUG o.s.b.f.s.DefaultListableBeanFactory - Returning cached instance of singleton bean 'autoConfigurationReport'
5106 [main] DEBUG o.s.b.f.s.DefaultListableBeanFactory - Returning cached instance of singleton bean 'autoConfigurationReport'
5107 [main] DEBUG o.s.b.f.s.DefaultListableBeanFactory - Returning cached instance of singleton bean 'autoConfigurationReport'
5110 [main] DEBUG o.s.b.f.s.DefaultListableBeanFactory - Returning cached instance of singleton bean 'autoConfigurationReport'
5110 [main] DEBUG o.s.b.f.s.DefaultListableBeanFactory - Returning cached instance of singleton bean 'autoConfigurationReport'
5115 [main] DEBUG o.s.b.f.s.DefaultListableBeanFactory - Returning cached instance of singleton bean 'autoConfigurationReport'
5115 [main] DEBUG o.s.b.f.s.DefaultListableBeanFactory - Returning cached instance of singleton bean 'autoConfigurationReport'
5116 [main] DEBUG o.s.b.f.s.DefaultListableBeanFactory - Returning cached instance of singleton bean 'autoConfigurationReport'
5119 [main] DEBUG o.s.b.f.s.DefaultListableBeanFactory - Returning cached instance of singleton bean 'autoConfigurationReport'
5119 [main] DEBUG o.s.b.f.s.DefaultListableBeanFactory - Returning cached instance of singleton bean 'autoConfigurationReport'
5121 [main] DEBUG o.s.b.f.s.DefaultListableBeanFactory - Returning cached instance of singleton bean 'autoConfigurationReport'
5124 [main] DEBUG o.s.b.f.s.DefaultListableBeanFactory - Returning cached instance of singleton bean 'autoConfigurationReport'
5124 [main] DEBUG o.s.b.f.s.DefaultListableBeanFactory - Returning cached instance of singleton bean 'autoConfigurationReport'
5125 [main] DEBUG o.s.b.f.s.DefaultListableBeanFactory - Returning cached instance of singleton bean 'autoConfigurationReport'
5125 [main] DEBUG o.s.b.f.s.DefaultListableBeanFactory - Returning cached instance of singleton bean 'autoConfigurationReport'
5126 [main] DEBUG o.s.b.f.s.DefaultListableBeanFactory - Returning cached instance of singleton bean 'autoConfigurationReport'
5130 [main] DEBUG o.s.b.f.s.DefaultListableBeanFactory - Returning cached instance of singleton bean 'autoConfigurationReport'
5132 [main] DEBUG o.s.b.f.s.DefaultListableBeanFactory - Returning cached instance of singleton bean 'autoConfigurationReport'
5132 [main] DEBUG o.s.b.f.s.DefaultListableBeanFactory - Returning cached instance of singleton bean 'autoConfigurationReport'
5134 [main] DEBUG o.s.b.f.s.DefaultListableBeanFactory - Returning cached instance of singleton bean 'autoConfigurationReport'
5137 [main] DEBUG o.s.b.f.s.DefaultListableBeanFactory - Returning cached instance of singleton bean 'autoConfigurationReport'
5139 [main] DEBUG o.s.b.f.s.DefaultListableBeanFactory - Returning cached instance of singleton bean 'autoConfigurationReport'
5139 [main] DEBUG o.s.b.f.s.DefaultListableBeanFactory - Returning cached instance of singleton bean 'autoConfigurationReport'
5143 [main] DEBUG o.s.b.f.s.DefaultListableBeanFactory - Returning cached instance of singleton bean 'autoConfigurationReport'
5143 [main] DEBUG o.s.b.f.s.DefaultListableBeanFactory - Returning cached instance of singleton bean 'autoConfigurationReport'
5146 [main] DEBUG o.s.b.f.s.DefaultListableBeanFactory - Returning cached instance of singleton bean 'autoConfigurationReport'
5147 [main] DEBUG o.s.b.f.s.DefaultListableBeanFactory - Returning cached instance of singleton bean 'autoConfigurationReport'
5147 [main] DEBUG o.s.b.f.s.DefaultListableBeanFactory - Returning cached instance of singleton bean 'autoConfigurationReport'
5148 [main] DEBUG o.s.b.f.s.DefaultListableBeanFactory - Returning cached instance of singleton bean 'autoConfigurationReport'
5149 [main] DEBUG o.s.b.f.s.DefaultListableBeanFactory - Returning cached instance of singleton bean 'autoConfigurationReport'
5149 [main] DEBUG o.s.b.f.s.DefaultListableBeanFactory - Returning cached instance of singleton bean 'autoConfigurationReport'
5159 [main] INFO  o.s.core.annotation.AnnotationUtils - Failed to introspect annotations on [class org.springframework.boot.actuate.autoconfigure.EndpointWebMvcHypermediaManagementContextConfiguration]: java.lang.ArrayStoreException: sun.reflect.annotation.TypeNotPresentExceptionProxy
5159 [main] INFO  o.s.core.annotation.AnnotationUtils - Failed to introspect annotations on [class org.springframework.boot.actuate.autoconfigure.EndpointWebMvcHypermediaManagementContextConfiguration]: java.lang.ArrayStoreException: sun.reflect.annotation.TypeNotPresentExceptionProxy
5167 [main] DEBUG o.s.b.f.s.DefaultListableBeanFactory - Returning cached instance of singleton bean 'autoConfigurationReport'
5167 [main] DEBUG o.s.b.f.s.DefaultListableBeanFactory - Returning cached instance of singleton bean 'autoConfigurationReport'
5169 [main] DEBUG o.s.b.f.s.DefaultListableBeanFactory - Returning cached instance of singleton bean 'autoConfigurationReport'
5175 [main] DEBUG o.s.b.f.s.DefaultListableBeanFactory - Returning cached instance of singleton bean 'autoConfigurationReport'
5175 [main] DEBUG o.s.b.f.s.DefaultListableBeanFactory - Returning cached instance of singleton bean 'autoConfigurationReport'
5177 [main] DEBUG o.s.b.f.s.DefaultListableBeanFactory - Returning cached instance of singleton bean 'autoConfigurationReport'
5179 [main] DEBUG o.s.b.f.s.DefaultListableBeanFactory - Returning cached instance of singleton bean 'autoConfigurationReport'
5180 [main] DEBUG o.s.b.f.s.DefaultListableBeanFactory - Returning cached instance of singleton bean 'autoConfigurationReport'
5181 [main] DEBUG o.s.b.f.s.DefaultListableBeanFactory - Returning cached instance of singleton bean 'autoConfigurationReport'
5182 [main] DEBUG o.s.b.f.s.DefaultListableBeanFactory - Returning cached instance of singleton bean 'autoConfigurationReport'
5183 [main] DEBUG o.s.b.f.s.DefaultListableBeanFactory - Returning cached instance of singleton bean 'autoConfigurationReport'
5184 [main] DEBUG o.s.b.f.s.DefaultListableBeanFactory - Returning cached instance of singleton bean 'autoConfigurationReport'
5185 [main] DEBUG o.s.b.f.s.DefaultListableBeanFactory - Returning cached instance of singleton bean 'autoConfigurationReport'
5185 [main] DEBUG o.s.b.f.s.DefaultListableBeanFactory - Returning cached instance of singleton bean 'autoConfigurationReport'
5186 [main] DEBUG o.s.b.f.s.DefaultListableBeanFactory - Returning cached instance of singleton bean 'autoConfigurationReport'
5186 [main] DEBUG o.s.b.f.s.DefaultListableBeanFactory - Returning cached instance of singleton bean 'autoConfigurationReport'
5187 [main] DEBUG o.s.b.f.s.DefaultListableBeanFactory - Returning cached instance of singleton bean 'autoConfigurationReport'
5191 [main] DEBUG o.s.b.f.s.DefaultListableBeanFactory - Returning cached instance of singleton bean 'autoConfigurationReport'
5193 [main] DEBUG o.s.b.f.s.DefaultListableBeanFactory - Returning cached instance of singleton bean 'autoConfigurationReport'
5194 [main] DEBUG o.s.b.f.s.DefaultListableBeanFactory - Returning cached instance of singleton bean 'autoConfigurationReport'
5195 [main] DEBUG o.s.b.f.s.DefaultListableBeanFactory - Returning cached instance of singleton bean 'autoConfigurationReport'
5196 [main] DEBUG o.s.b.f.s.DefaultListableBeanFactory - Returning cached instance of singleton bean 'autoConfigurationReport'
5198 [main] DEBUG o.s.b.f.s.DefaultListableBeanFactory - Returning cached instance of singleton bean 'autoConfigurationReport'
5198 [main] DEBUG o.s.b.f.s.DefaultListableBeanFactory - Returning cached instance of singleton bean 'autoConfigurationReport'
5199 [main] DEBUG o.s.b.f.s.DefaultListableBeanFactory - Returning cached instance of singleton bean 'autoConfigurationReport'
5202 [main] DEBUG o.s.b.f.s.DefaultListableBeanFactory - Returning cached instance of singleton bean 'autoConfigurationReport'
5202 [main] DEBUG o.s.b.f.s.DefaultListableBeanFactory - Returning cached instance of singleton bean 'autoConfigurationReport'
5203 [main] DEBUG o.s.b.f.s.DefaultListableBeanFactory - Returning cached instance of singleton bean 'autoConfigurationReport'
5203 [main] DEBUG o.s.b.f.s.DefaultListableBeanFactory - Returning cached instance of singleton bean 'autoConfigurationReport'
5204 [main] DEBUG o.s.b.f.s.DefaultListableBeanFactory - Returning cached instance of singleton bean 'autoConfigurationReport'
5205 [main] DEBUG o.s.b.f.s.DefaultListableBeanFactory - Returning cached instance of singleton bean 'autoConfigurationReport'
5205 [main] DEBUG o.s.b.f.s.DefaultListableBeanFactory - Returning cached instance of singleton bean 'autoConfigurationReport'
5206 [main] DEBUG o.s.b.f.s.DefaultListableBeanFactory - Returning cached instance of singleton bean 'autoConfigurationReport'
5207 [main] DEBUG o.s.b.f.s.DefaultListableBeanFactory - Returning cached instance of singleton bean 'autoConfigurationReport'
5208 [main] DEBUG o.s.b.f.s.DefaultListableBeanFactory - Returning cached instance of singleton bean 'autoConfigurationReport'
5208 [main] DEBUG o.s.b.f.s.DefaultListableBeanFactory - Returning cached instance of singleton bean 'autoConfigurationReport'
5209 [main] DEBUG o.s.b.f.s.DefaultListableBeanFactory - Returning cached instance of singleton bean 'autoConfigurationReport'
5209 [main] DEBUG o.s.b.f.s.DefaultListableBeanFactory - Returning cached instance of singleton bean 'autoConfigurationReport'
5210 [main] DEBUG o.s.b.f.s.DefaultListableBeanFactory - Returning cached instance of singleton bean 'autoConfigurationReport'
5211 [main] DEBUG o.s.b.f.s.DefaultListableBeanFactory - Returning cached instance of singleton bean 'autoConfigurationReport'
5212 [main] DEBUG o.s.b.f.s.DefaultListableBeanFactory - Returning cached instance of singleton bean 'autoConfigurationReport'
5213 [main] DEBUG o.s.b.f.s.DefaultListableBeanFactory - Returning cached instance of singleton bean 'autoConfigurationReport'
5214 [main] DEBUG o.s.b.f.s.DefaultListableBeanFactory - Returning cached instance of singleton bean 'autoConfigurationReport'
5215 [main] DEBUG o.s.b.f.s.DefaultListableBeanFactory - Returning cached instance of singleton bean 'autoConfigurationReport'
5216 [main] DEBUG o.s.b.f.s.DefaultListableBeanFactory - Returning cached instance of singleton bean 'autoConfigurationReport'
5217 [main] DEBUG o.s.b.f.s.DefaultListableBeanFactory - Returning cached instance of singleton bean 'autoConfigurationReport'
5218 [main] DEBUG o.s.b.f.s.DefaultListableBeanFactory - Returning cached instance of singleton bean 'autoConfigurationReport'
5219 [main] DEBUG o.s.b.f.s.DefaultListableBeanFactory - Returning cached instance of singleton bean 'autoConfigurationReport'
5219 [main] DEBUG o.s.b.f.s.DefaultListableBeanFactory - Returning cached instance of singleton bean 'autoConfigurationReport'
5219 [main] DEBUG o.s.b.f.s.DefaultListableBeanFactory - Returning cached instance of singleton bean 'autoConfigurationReport'
5220 [main] DEBUG o.s.b.f.s.DefaultListableBeanFactory - Returning cached instance of singleton bean 'autoConfigurationReport'
5222 [main] DEBUG o.s.b.f.s.DefaultListableBeanFactory - Returning cached instance of singleton bean 'autoConfigurationReport'
5222 [main] DEBUG o.s.b.f.s.DefaultListableBeanFactory - Returning cached instance of singleton bean 'autoConfigurationReport'
5226 [main] DEBUG o.s.b.f.s.DefaultListableBeanFactory - Returning cached instance of singleton bean 'autoConfigurationReport'
5227 [main] DEBUG o.s.b.f.s.DefaultListableBeanFactory - Returning cached instance of singleton bean 'autoConfigurationReport'
5227 [main] DEBUG o.s.b.f.s.DefaultListableBeanFactory - Returning cached instance of singleton bean 'autoConfigurationReport'
5228 [main] DEBUG o.s.b.f.s.DefaultListableBeanFactory - Returning cached instance of singleton bean 'autoConfigurationReport'
5231 [main] DEBUG o.s.b.f.s.DefaultListableBeanFactory - Returning cached instance of singleton bean 'autoConfigurationReport'
5232 [main] DEBUG o.s.b.f.s.DefaultListableBeanFactory - Returning cached instance of singleton bean 'autoConfigurationReport'
5233 [main] DEBUG o.s.b.f.s.DefaultListableBeanFactory - Returning cached instance of singleton bean 'autoConfigurationReport'
5235 [main] DEBUG o.s.b.f.s.DefaultListableBeanFactory - Returning cached instance of singleton bean 'autoConfigurationReport'
5235 [main] DEBUG o.s.b.f.s.DefaultListableBeanFactory - Returning cached instance of singleton bean 'autoConfigurationReport'
5239 [main] DEBUG o.s.b.f.s.DefaultListableBeanFactory - Returning cached instance of singleton bean 'autoConfigurationReport'
5240 [main] DEBUG o.s.b.f.s.DefaultListableBeanFactory - Returning cached instance of singleton bean 'autoConfigurationReport'
5240 [main] DEBUG o.s.b.f.s.DefaultListableBeanFactory - Returning cached instance of singleton bean 'autoConfigurationReport'
5242 [main] DEBUG o.s.b.f.s.DefaultListableBeanFactory - Returning cached instance of singleton bean 'autoConfigurationReport'
5247 [main] DEBUG o.s.b.f.s.DefaultListableBeanFactory - Returning cached instance of singleton bean 'autoConfigurationReport'
5248 [main] DEBUG o.s.b.f.s.DefaultListableBeanFactory - Returning cached instance of singleton bean 'autoConfigurationReport'
5248 [main] DEBUG o.s.b.f.s.DefaultListableBeanFactory - Returning cached instance of singleton bean 'autoConfigurationReport'
5249 [main] DEBUG o.s.b.f.s.DefaultListableBeanFactory - Returning cached instance of singleton bean 'autoConfigurationReport'
5252 [main] DEBUG o.s.b.f.s.DefaultListableBeanFactory - Returning cached instance of singleton bean 'autoConfigurationReport'
5252 [main] DEBUG o.s.b.f.s.DefaultListableBeanFactory - Returning cached instance of singleton bean 'autoConfigurationReport'
5253 [main] DEBUG o.s.b.f.s.DefaultListableBeanFactory - Returning cached instance of singleton bean 'autoConfigurationReport'
5253 [main] DEBUG o.s.b.f.s.DefaultListableBeanFactory - Returning cached instance of singleton bean 'autoConfigurationReport'
5254 [main] DEBUG o.s.b.f.s.DefaultListableBeanFactory - Returning cached instance of singleton bean 'autoConfigurationReport'
5254 [main] DEBUG o.s.b.f.s.DefaultListableBeanFactory - Returning cached instance of singleton bean 'autoConfigurationReport'
5255 [main] DEBUG o.s.b.f.s.DefaultListableBeanFactory - Returning cached instance of singleton bean 'autoConfigurationReport'
5258 [main] DEBUG o.s.b.f.s.DefaultListableBeanFactory - Returning cached instance of singleton bean 'autoConfigurationReport'
5258 [main] DEBUG o.s.b.f.s.DefaultListableBeanFactory - Returning cached instance of singleton bean 'autoConfigurationReport'
5263 [main] DEBUG o.s.b.f.s.DefaultListableBeanFactory - Returning cached instance of singleton bean 'autoConfigurationReport'
5263 [main] DEBUG o.s.b.f.s.DefaultListableBeanFactory - Returning cached instance of singleton bean 'autoConfigurationReport'
5265 [main] DEBUG o.s.b.f.s.DefaultListableBeanFactory - Returning cached instance of singleton bean 'autoConfigurationReport'
5267 [main] DEBUG o.s.c.a.ConfigurationClassBeanDefinitionReader - Registered bean definition for imported class 'org.springframework.cloud.netflix.eureka.server.EurekaServerConfiguration$EurekaServerConfigBeanConfiguration'
5268 [main] DEBUG o.s.b.f.s.DefaultListableBeanFactory - Creating shared instance of singleton bean 'org.springframework.boot.autoconfigure.condition.BeanTypeRegistry'
5268 [main] DEBUG o.s.b.f.s.DefaultListableBeanFactory - Creating instance of bean 'org.springframework.boot.autoconfigure.condition.BeanTypeRegistry'
5269 [main] DEBUG o.s.b.f.s.DefaultListableBeanFactory - Eagerly caching bean 'org.springframework.boot.autoconfigure.condition.BeanTypeRegistry' to allow for resolving potential circular references
5269 [main] DEBUG o.s.b.f.s.DefaultListableBeanFactory - Finished creating instance of bean 'org.springframework.boot.autoconfigure.condition.BeanTypeRegistry'
5269 [main] DEBUG o.s.b.f.s.DefaultListableBeanFactory - Returning cached instance of singleton bean 'org.springframework.boot.autoconfigure.condition.BeanTypeRegistry'
5269 [main] DEBUG o.s.b.f.s.DefaultListableBeanFactory - Returning cached instance of singleton bean 'autoConfigurationReport'
5269 [main] DEBUG o.s.c.a.ConfigurationClassBeanDefinitionReader - Registering bean definition for @Bean method org.springframework.cloud.netflix.eureka.server.EurekaServerConfiguration$EurekaServerConfigBeanConfiguration.eurekaServerConfig()
5270 [main] DEBUG o.s.c.a.ConfigurationClassBeanDefinitionReader - Registered bean definition for imported class 'org.springframework.cloud.netflix.eureka.server.EurekaServerInitializerConfiguration'
5270 [main] DEBUG o.s.c.a.ConfigurationClassBeanDefinitionReader - Registered bean definition for imported class 'org.springframework.cloud.netflix.eureka.server.EurekaServerConfiguration'
5270 [main] DEBUG o.s.c.a.ConfigurationClassBeanDefinitionReader - Registering bean definition for @Bean method org.springframework.cloud.netflix.eureka.server.EurekaServerConfiguration.eurekaServerFeature()
5271 [main] DEBUG o.s.b.f.s.DefaultListableBeanFactory - Returning cached instance of singleton bean 'autoConfigurationReport'
5271 [main] DEBUG o.s.c.a.ConfigurationClassBeanDefinitionReader - Registering bean definition for @Bean method org.springframework.cloud.netflix.eureka.server.EurekaServerConfiguration.eurekaController()
5272 [main] DEBUG o.s.c.a.ConfigurationClassBeanDefinitionReader - Registering bean definition for @Bean method org.springframework.cloud.netflix.eureka.server.EurekaServerConfiguration.serverCodecs()
5272 [main] DEBUG o.s.c.a.ConfigurationClassBeanDefinitionReader - Registering bean definition for @Bean method org.springframework.cloud.netflix.eureka.server.EurekaServerConfiguration.peerAwareInstanceRegistry()
5272 [main] DEBUG o.s.c.a.ConfigurationClassBeanDefinitionReader - Registering bean definition for @Bean method org.springframework.cloud.netflix.eureka.server.EurekaServerConfiguration.peerEurekaNodes()
5272 [main] DEBUG o.s.c.a.ConfigurationClassBeanDefinitionReader - Registering bean definition for @Bean method org.springframework.cloud.netflix.eureka.server.EurekaServerConfiguration.eurekaServerContext()
5272 [main] DEBUG o.s.c.a.ConfigurationClassBeanDefinitionReader - Registering bean definition for @Bean method org.springframework.cloud.netflix.eureka.server.EurekaServerConfiguration.eurekaServerBootstrap()
5273 [main] DEBUG o.s.c.a.ConfigurationClassBeanDefinitionReader - Registering bean definition for @Bean method org.springframework.cloud.netflix.eureka.server.EurekaServerConfiguration.jerseyFilterRegistration()
5273 [main] DEBUG o.s.c.a.ConfigurationClassBeanDefinitionReader - Registering bean definition for @Bean method org.springframework.cloud.netflix.eureka.server.EurekaServerConfiguration.jerseyApplication()
5274 [main] DEBUG o.s.c.a.ConfigurationClassBeanDefinitionReader - Registering bean definition for @Bean method org.springframework.cloud.netflix.eureka.server.EurekaServerConfiguration.traceFilterRegistration()
5275 [main] DEBUG o.s.b.f.s.DefaultListableBeanFactory - Returning cached instance of singleton bean 'autoConfigurationReport'
5275 [main] DEBUG o.s.b.f.s.DefaultListableBeanFactory - Returning cached instance of singleton bean 'autoConfigurationReport'
5275 [main] DEBUG o.s.b.f.s.DefaultListableBeanFactory - Returning cached instance of singleton bean 'autoConfigurationReport'
5276 [main] DEBUG o.s.c.a.ConfigurationClassBeanDefinitionReader - Registered bean definition for imported class 'org.springframework.cloud.netflix.eureka.EurekaDiscoveryClientConfiguration$EurekaHealthIndicatorConfiguration'
5277 [main] DEBUG o.s.b.f.s.DefaultListableBeanFactory - Returning cached instance of singleton bean 'org.springframework.boot.autoconfigure.condition.BeanTypeRegistry'
5279 [main] DEBUG o.s.b.f.s.DefaultListableBeanFactory - Returning cached instance of singleton bean 'org.springframework.boot.autoconfigure.condition.BeanTypeRegistry'
5279 [main] DEBUG o.s.b.f.s.DefaultListableBeanFactory - Returning cached instance of singleton bean 'autoConfigurationReport'
5279 [main] DEBUG o.s.c.a.ConfigurationClassBeanDefinitionReader - Registering bean definition for @Bean method org.springframework.cloud.netflix.eureka.EurekaDiscoveryClientConfiguration$EurekaHealthIndicatorConfiguration.eurekaHealthIndicator()
5279 [main] DEBUG o.s.b.f.s.DefaultListableBeanFactory - Returning cached instance of singleton bean 'autoConfigurationReport'
5279 [main] DEBUG o.s.c.a.ConfigurationClassBeanDefinitionReader - Registered bean definition for imported class 'org.springframework.cloud.netflix.eureka.EurekaDiscoveryClientConfiguration$EurekaClientConfigurationRefresher'
5279 [main] DEBUG o.s.c.a.ConfigurationClassBeanDefinitionReader - Registered bean definition for imported class 'org.springframework.cloud.netflix.eureka.EurekaDiscoveryClientConfiguration'
5279 [main] DEBUG o.s.c.a.ConfigurationClassBeanDefinitionReader - Registered bean definition for imported class 'org.springframework.boot.autoconfigure.PropertyPlaceholderAutoConfiguration'
5280 [main] DEBUG o.s.b.f.s.DefaultListableBeanFactory - Returning cached instance of singleton bean 'org.springframework.boot.autoconfigure.condition.BeanTypeRegistry'
5281 [main] DEBUG o.s.b.f.s.DefaultListableBeanFactory - Returning cached instance of singleton bean 'autoConfigurationReport'
5281 [main] DEBUG o.s.c.a.ConfigurationClassBeanDefinitionReader - Registering bean definition for @Bean method org.springframework.boot.autoconfigure.PropertyPlaceholderAutoConfiguration.propertySourcesPlaceholderConfigurer()
5281 [main] DEBUG o.s.b.f.s.DefaultListableBeanFactory - Returning cached instance of singleton bean 'autoConfigurationReport'
5281 [main] DEBUG o.s.b.f.s.DefaultListableBeanFactory - Returning cached instance of singleton bean 'autoConfigurationReport'
5281 [main] DEBUG o.s.c.a.ConfigurationClassBeanDefinitionReader - Registered bean definition for imported class 'org.springframework.boot.autoconfigure.jackson.JacksonAutoConfiguration$Jackson2ObjectMapperBuilderCustomizerConfiguration'
5281 [main] DEBUG o.s.c.a.ConfigurationClassBeanDefinitionReader - Registering bean definition for @Bean method org.springframework.boot.autoconfigure.jackson.JacksonAutoConfiguration$Jackson2ObjectMapperBuilderCustomizerConfiguration.standardJacksonObjectMapperBuilderCustomizer()
5282 [main] DEBUG o.s.b.f.s.DefaultListableBeanFactory - Returning cached instance of singleton bean 'autoConfigurationReport'
5282 [main] DEBUG o.s.c.a.ConfigurationClassBeanDefinitionReader - Registered bean definition for imported class 'org.springframework.boot.autoconfigure.jackson.JacksonAutoConfiguration$JacksonObjectMapperBuilderConfiguration'
5282 [main] DEBUG o.s.b.f.s.DefaultListableBeanFactory - Returning cached instance of singleton bean 'org.springframework.boot.autoconfigure.condition.BeanTypeRegistry'
5284 [main] DEBUG o.s.b.f.s.DefaultListableBeanFactory - Returning cached instance of singleton bean 'org.springframework.boot.autoconfigure.condition.BeanTypeRegistry'
5284 [main] DEBUG o.s.b.f.s.DefaultListableBeanFactory - Returning cached instance of singleton bean 'autoConfigurationReport'
5284 [main] DEBUG o.s.c.a.ConfigurationClassBeanDefinitionReader - Registering bean definition for @Bean method org.springframework.boot.autoconfigure.jackson.JacksonAutoConfiguration$JacksonObjectMapperBuilderConfiguration.jacksonObjectMapperBuilder()
5284 [main] DEBUG o.s.b.f.s.DefaultListableBeanFactory - Returning cached instance of singleton bean 'autoConfigurationReport'
5284 [main] DEBUG o.s.c.a.ConfigurationClassBeanDefinitionReader - Registered bean definition for imported class 'org.springframework.boot.autoconfigure.jackson.JacksonAutoConfiguration$JacksonObjectMapperConfiguration'
5285 [main] DEBUG o.s.b.f.s.DefaultListableBeanFactory - Returning cached instance of singleton bean 'org.springframework.boot.autoconfigure.condition.BeanTypeRegistry'
5285 [main] DEBUG o.s.b.f.s.DefaultListableBeanFactory - Returning cached instance of singleton bean 'org.springframework.boot.autoconfigure.condition.BeanTypeRegistry'
5285 [main] DEBUG o.s.b.f.s.DefaultListableBeanFactory - Returning cached instance of singleton bean 'autoConfigurationReport'
5286 [main] DEBUG o.s.c.a.ConfigurationClassBeanDefinitionReader - Registering bean definition for @Bean method org.springframework.boot.autoconfigure.jackson.JacksonAutoConfiguration$JacksonObjectMapperConfiguration.jacksonObjectMapper()
5286 [main] DEBUG o.s.c.a.ConfigurationClassBeanDefinitionReader - Registered bean definition for imported class 'org.springframework.boot.autoconfigure.jackson.JacksonAutoConfiguration'
5286 [main] DEBUG o.s.c.a.ConfigurationClassBeanDefinitionReader - Registering bean definition for @Bean method org.springframework.boot.autoconfigure.jackson.JacksonAutoConfiguration.jsonComponentModule()
5286 [main] DEBUG o.s.b.f.s.DefaultListableBeanFactory - Returning cached instance of singleton bean 'autoConfigurationReport'
5286 [main] DEBUG o.s.b.f.s.DefaultListableBeanFactory - Returning cached instance of singleton bean 'autoConfigurationReport'
5286 [main] DEBUG o.s.b.f.s.DefaultListableBeanFactory - Returning cached instance of singleton bean 'autoConfigurationReport'
5286 [main] DEBUG o.s.c.a.ConfigurationClassBeanDefinitionReader - Registered bean definition for imported class 'org.springframework.boot.autoconfigure.websocket.WebSocketAutoConfiguration$TomcatWebSocketConfiguration'
5286 [main] DEBUG o.s.b.f.s.DefaultListableBeanFactory - Returning cached instance of singleton bean 'autoConfigurationReport'
5286 [main] DEBUG o.s.b.f.s.DefaultListableBeanFactory - Returning cached instance of singleton bean 'autoConfigurationReport'
5286 [main] DEBUG o.s.c.a.ConfigurationClassBeanDefinitionReader - Registering bean definition for @Bean method org.springframework.boot.autoconfigure.websocket.WebSocketAutoConfiguration$TomcatWebSocketConfiguration.websocketContainerCustomizer()
5287 [main] DEBUG o.s.c.a.ConfigurationClassBeanDefinitionReader - Registered bean definition for imported class 'org.springframework.boot.autoconfigure.websocket.WebSocketAutoConfiguration'
5287 [main] DEBUG o.s.b.f.s.DefaultListableBeanFactory - Returning cached instance of singleton bean 'autoConfigurationReport'
5287 [main] DEBUG o.s.b.f.s.DefaultListableBeanFactory - Returning cached instance of singleton bean 'autoConfigurationReport'
5288 [main] DEBUG o.s.b.f.s.DefaultListableBeanFactory - Returning cached instance of singleton bean 'org.springframework.boot.autoconfigure.condition.BeanTypeRegistry'
5291 [main] DEBUG o.s.b.f.s.DefaultListableBeanFactory - Returning cached instance of singleton bean 'autoConfigurationReport'
5291 [main] DEBUG o.s.c.a.ConfigurationClassBeanDefinitionReader - Registered bean definition for imported class 'org.springframework.boot.autoconfigure.web.EmbeddedServletContainerAutoConfiguration$EmbeddedTomcat'
5291 [main] DEBUG o.s.c.a.ConfigurationClassBeanDefinitionReader - Registering bean definition for @Bean method org.springframework.boot.autoconfigure.web.EmbeddedServletContainerAutoConfiguration$EmbeddedTomcat.tomcatEmbeddedServletContainerFactory()
5291 [main] DEBUG o.s.c.a.ConfigurationClassBeanDefinitionReader - Registered bean definition for imported class 'org.springframework.boot.autoconfigure.web.EmbeddedServletContainerAutoConfiguration'
5295 [main] DEBUG o.s.b.f.s.DefaultListableBeanFactory - Returning cached instance of singleton bean 'autoConfigurationReport'
5295 [main] DEBUG o.s.b.f.s.DefaultListableBeanFactory - Returning cached instance of singleton bean 'autoConfigurationReport'
5296 [main] DEBUG o.s.b.f.s.DefaultListableBeanFactory - Returning cached instance of singleton bean 'autoConfigurationReport'
5296 [main] DEBUG o.s.b.f.s.DefaultListableBeanFactory - Returning cached instance of singleton bean 'autoConfigurationReport'
5296 [main] DEBUG o.s.b.f.s.DefaultListableBeanFactory - Returning cached instance of singleton bean 'autoConfigurationReport'
5296 [main] DEBUG o.s.b.f.s.DefaultListableBeanFactory - Returning cached instance of singleton bean 'autoConfigurationReport'
5296 [main] DEBUG o.s.c.a.ConfigurationClassBeanDefinitionReader - Registered bean definition for imported class 'org.springframework.boot.autoconfigure.web.DispatcherServletAutoConfiguration$DispatcherServletConfiguration'
5297 [main] DEBUG o.s.c.a.ConfigurationClassBeanDefinitionReader - Registering bean definition for @Bean method org.springframework.boot.autoconfigure.web.DispatcherServletAutoConfiguration$DispatcherServletConfiguration.dispatcherServlet()
5297 [main] DEBUG o.s.b.f.s.DefaultListableBeanFactory - Returning cached instance of singleton bean 'org.springframework.boot.autoconfigure.condition.BeanTypeRegistry'
5297 [main] DEBUG o.s.b.f.s.DefaultListableBeanFactory - Returning cached instance of singleton bean 'org.springframework.boot.autoconfigure.condition.BeanTypeRegistry'
5297 [main] DEBUG o.s.b.f.s.DefaultListableBeanFactory - Returning cached instance of singleton bean 'autoConfigurationReport'
5298 [main] DEBUG o.s.c.a.ConfigurationClassBeanDefinitionReader - Registered bean definition for imported class 'org.springframework.boot.autoconfigure.web.DispatcherServletAutoConfiguration$DispatcherServletRegistrationConfiguration'
5298 [main] DEBUG o.s.b.f.s.DefaultListableBeanFactory - Returning cached instance of singleton bean 'org.springframework.boot.autoconfigure.condition.BeanTypeRegistry'
5299 [main] DEBUG o.s.b.f.s.DefaultListableBeanFactory - Returning cached instance of singleton bean 'org.springframework.boot.autoconfigure.condition.BeanTypeRegistry'
5299 [main] DEBUG o.s.b.f.s.DefaultListableBeanFactory - Returning cached instance of singleton bean 'autoConfigurationReport'
5299 [main] DEBUG o.s.c.a.ConfigurationClassBeanDefinitionReader - Registering bean definition for @Bean method org.springframework.boot.autoconfigure.web.DispatcherServletAutoConfiguration$DispatcherServletRegistrationConfiguration.dispatcherServletRegistration()
5299 [main] DEBUG o.s.c.a.ConfigurationClassBeanDefinitionReader - Registered bean definition for imported class 'org.springframework.boot.autoconfigure.web.DispatcherServletAutoConfiguration'
5299 [main] DEBUG o.s.b.f.s.DefaultListableBeanFactory - Returning cached instance of singleton bean 'autoConfigurationReport'
5299 [main] DEBUG o.s.b.f.s.DefaultListableBeanFactory - Returning cached instance of singleton bean 'autoConfigurationReport'
5300 [main] DEBUG o.s.b.f.s.DefaultListableBeanFactory - Returning cached instance of singleton bean 'autoConfigurationReport'
5305 [main] DEBUG o.s.b.f.s.DefaultListableBeanFactory - Returning cached instance of singleton bean 'autoConfigurationReport'
5305 [main] DEBUG o.s.c.a.ConfigurationClassBeanDefinitionReader - Registered bean definition for imported class 'org.springframework.boot.autoconfigure.web.ErrorMvcAutoConfiguration$WhitelabelErrorViewConfiguration'
5306 [main] DEBUG o.s.b.f.s.DefaultListableBeanFactory - Returning cached instance of singleton bean 'autoConfigurationReport'
5306 [main] DEBUG o.s.c.a.ConfigurationClassBeanDefinitionReader - Registering bean definition for @Bean method org.springframework.boot.autoconfigure.web.ErrorMvcAutoConfiguration$WhitelabelErrorViewConfiguration.error()
5307 [main] DEBUG o.s.b.f.s.DefaultListableBeanFactory - Returning cached instance of singleton bean 'org.springframework.boot.autoconfigure.condition.BeanTypeRegistry'
5308 [main] DEBUG o.s.b.f.s.DefaultListableBeanFactory - Returning cached instance of singleton bean 'org.springframework.boot.autoconfigure.condition.BeanTypeRegistry'
5308 [main] DEBUG o.s.b.f.s.DefaultListableBeanFactory - Returning cached instance of singleton bean 'autoConfigurationReport'
5308 [main] DEBUG o.s.c.a.ConfigurationClassBeanDefinitionReader - Registering bean definition for @Bean method org.springframework.boot.autoconfigure.web.ErrorMvcAutoConfiguration$WhitelabelErrorViewConfiguration.beanNameViewResolver()
5309 [main] DEBUG o.s.c.a.ConfigurationClassBeanDefinitionReader - Registered bean definition for imported class 'org.springframework.boot.autoconfigure.web.ErrorMvcAutoConfiguration'
5309 [main] DEBUG o.s.b.f.s.DefaultListableBeanFactory - Returning cached instance of singleton bean 'org.springframework.boot.autoconfigure.condition.BeanTypeRegistry'
5310 [main] DEBUG o.s.b.f.s.DefaultListableBeanFactory - Returning cached instance of singleton bean 'autoConfigurationReport'
5310 [main] DEBUG o.s.c.a.ConfigurationClassBeanDefinitionReader - Registering bean definition for @Bean method org.springframework.boot.autoconfigure.web.ErrorMvcAutoConfiguration.errorAttributes()
5311 [main] DEBUG o.s.b.f.s.DefaultListableBeanFactory - Returning cached instance of singleton bean 'org.springframework.boot.autoconfigure.condition.BeanTypeRegistry'
5314 [main] DEBUG o.s.b.f.s.DefaultListableBeanFactory - Returning cached instance of singleton bean 'autoConfigurationReport'
5314 [main] DEBUG o.s.c.a.ConfigurationClassBeanDefinitionReader - Registering bean definition for @Bean method org.springframework.boot.autoconfigure.web.ErrorMvcAutoConfiguration.basicErrorController()
5314 [main] DEBUG o.s.c.a.ConfigurationClassBeanDefinitionReader - Registering bean definition for @Bean method org.springframework.boot.autoconfigure.web.ErrorMvcAutoConfiguration.errorPageCustomizer()
5314 [main] DEBUG o.s.b.f.s.DefaultListableBeanFactory - Returning cached instance of singleton bean 'org.springframework.boot.autoconfigure.condition.BeanTypeRegistry'
5314 [main] DEBUG o.s.b.f.s.DefaultListableBeanFactory - Returning cached instance of singleton bean 'org.springframework.boot.autoconfigure.condition.BeanTypeRegistry'
5314 [main] DEBUG o.s.b.f.s.DefaultListableBeanFactory - Returning cached instance of singleton bean 'org.springframework.boot.autoconfigure.condition.BeanTypeRegistry'
5314 [main] DEBUG o.s.b.f.s.DefaultListableBeanFactory - Returning cached instance of singleton bean 'org.springframework.boot.autoconfigure.condition.BeanTypeRegistry'
5314 [main] DEBUG o.s.b.f.s.DefaultListableBeanFactory - Returning cached instance of singleton bean 'autoConfigurationReport'
5315 [main] DEBUG o.s.b.f.s.DefaultListableBeanFactory - Returning cached instance of singleton bean 'org.springframework.boot.autoconfigure.condition.BeanTypeRegistry'
5315 [main] DEBUG o.s.b.f.s.DefaultListableBeanFactory - Returning cached instance of singleton bean 'org.springframework.boot.autoconfigure.condition.BeanTypeRegistry'
5315 [main] DEBUG o.s.b.f.s.DefaultListableBeanFactory - Returning cached instance of singleton bean 'org.springframework.boot.autoconfigure.condition.BeanTypeRegistry'
5315 [main] DEBUG o.s.b.f.s.DefaultListableBeanFactory - Returning cached instance of singleton bean 'org.springframework.boot.autoconfigure.condition.BeanTypeRegistry'
5315 [main] DEBUG o.s.b.f.s.DefaultListableBeanFactory - Returning cached instance of singleton bean 'autoConfigurationReport'
5315 [main] DEBUG o.s.c.a.ConfigurationClassBeanDefinitionReader - Registering bean definition for @Bean method org.springframework.boot.autoconfigure.web.ErrorMvcAutoConfiguration.conventionErrorViewResolver()
5315 [main] DEBUG o.s.c.a.ConfigurationClassBeanDefinitionReader - Registering bean definition for @Bean method org.springframework.boot.autoconfigure.web.ErrorMvcAutoConfiguration.preserveErrorControllerTargetClassPostProcessor()
5315 [main] DEBUG o.s.b.f.s.DefaultListableBeanFactory - Returning cached instance of singleton bean 'autoConfigurationReport'
5315 [main] DEBUG o.s.b.f.s.DefaultListableBeanFactory - Returning cached instance of singleton bean 'autoConfigurationReport'
5316 [main] DEBUG o.s.b.f.s.DefaultListableBeanFactory - Returning cached instance of singleton bean 'org.springframework.boot.autoconfigure.condition.BeanTypeRegistry'
5316 [main] DEBUG o.s.b.f.s.DefaultListableBeanFactory - Returning cached instance of singleton bean 'org.springframework.boot.autoconfigure.condition.BeanTypeRegistry'
5316 [main] DEBUG o.s.b.f.s.DefaultListableBeanFactory - Returning cached instance of singleton bean 'autoConfigurationReport'
5317 [main] DEBUG o.s.c.a.ConfigurationClassBeanDefinitionReader - Registered bean definition for imported class 'org.springframework.boot.autoconfigure.web.WebMvcAutoConfiguration$EnableWebMvcConfiguration'
5317 [main] DEBUG o.s.c.a.ConfigurationClassBeanDefinitionReader - Registering bean definition for @Bean method org.springframework.boot.autoconfigure.web.WebMvcAutoConfiguration$EnableWebMvcConfiguration.requestMappingHandlerAdapter()
5317 [main] DEBUG o.s.c.a.ConfigurationClassBeanDefinitionReader - Registering bean definition for @Bean method org.springframework.boot.autoconfigure.web.WebMvcAutoConfiguration$EnableWebMvcConfiguration.requestMappingHandlerMapping()
5317 [main] DEBUG o.s.c.a.ConfigurationClassBeanDefinitionReader - Registering bean definition for @Bean method org.springframework.boot.autoconfigure.web.WebMvcAutoConfiguration$EnableWebMvcConfiguration.mvcPathMatcher()
5317 [main] DEBUG o.s.c.a.ConfigurationClassBeanDefinitionReader - Registering bean definition for @Bean method org.springframework.boot.autoconfigure.web.WebMvcAutoConfiguration$EnableWebMvcConfiguration.mvcUrlPathHelper()
5317 [main] DEBUG o.s.c.a.ConfigurationClassBeanDefinitionReader - Registering bean definition for @Bean method org.springframework.boot.autoconfigure.web.WebMvcAutoConfiguration$EnableWebMvcConfiguration.mvcContentNegotiationManager()
5317 [main] DEBUG o.s.c.a.ConfigurationClassBeanDefinitionReader - Registering bean definition for @Bean method org.springframework.boot.autoconfigure.web.WebMvcAutoConfiguration$EnableWebMvcConfiguration.viewControllerHandlerMapping()
5317 [main] DEBUG o.s.c.a.ConfigurationClassBeanDefinitionReader - Registering bean definition for @Bean method org.springframework.boot.autoconfigure.web.WebMvcAutoConfiguration$EnableWebMvcConfiguration.beanNameHandlerMapping()
5317 [main] DEBUG o.s.c.a.ConfigurationClassBeanDefinitionReader - Registering bean definition for @Bean method org.springframework.boot.autoconfigure.web.WebMvcAutoConfiguration$EnableWebMvcConfiguration.resourceHandlerMapping()
5317 [main] DEBUG o.s.c.a.ConfigurationClassBeanDefinitionReader - Registering bean definition for @Bean method org.springframework.boot.autoconfigure.web.WebMvcAutoConfiguration$EnableWebMvcConfiguration.mvcResourceUrlProvider()
5317 [main] DEBUG o.s.c.a.ConfigurationClassBeanDefinitionReader - Registering bean definition for @Bean method org.springframework.boot.autoconfigure.web.WebMvcAutoConfiguration$EnableWebMvcConfiguration.defaultServletHandlerMapping()
5317 [main] DEBUG o.s.c.a.ConfigurationClassBeanDefinitionReader - Registering bean definition for @Bean method org.springframework.boot.autoconfigure.web.WebMvcAutoConfiguration$EnableWebMvcConfiguration.mvcConversionService()
5318 [main] DEBUG o.s.c.a.ConfigurationClassBeanDefinitionReader - Registering bean definition for @Bean method org.springframework.boot.autoconfigure.web.WebMvcAutoConfiguration$EnableWebMvcConfiguration.mvcValidator()
5318 [main] DEBUG o.s.c.a.ConfigurationClassBeanDefinitionReader - Registering bean definition for @Bean method org.springframework.boot.autoconfigure.web.WebMvcAutoConfiguration$EnableWebMvcConfiguration.mvcUriComponentsContributor()
5318 [main] DEBUG o.s.c.a.ConfigurationClassBeanDefinitionReader - Registering bean definition for @Bean method org.springframework.boot.autoconfigure.web.WebMvcAutoConfiguration$EnableWebMvcConfiguration.httpRequestHandlerAdapter()
5318 [main] DEBUG o.s.c.a.ConfigurationClassBeanDefinitionReader - Registering bean definition for @Bean method org.springframework.boot.autoconfigure.web.WebMvcAutoConfiguration$EnableWebMvcConfiguration.simpleControllerHandlerAdapter()
5318 [main] DEBUG o.s.c.a.ConfigurationClassBeanDefinitionReader - Registering bean definition for @Bean method org.springframework.boot.autoconfigure.web.WebMvcAutoConfiguration$EnableWebMvcConfiguration.handlerExceptionResolver()
5318 [main] DEBUG o.s.c.a.ConfigurationClassBeanDefinitionReader - Registering bean definition for @Bean method org.springframework.boot.autoconfigure.web.WebMvcAutoConfiguration$EnableWebMvcConfiguration.mvcViewResolver()
5318 [main] DEBUG o.s.b.f.s.DefaultListableBeanFactory - Returning cached instance of singleton bean 'autoConfigurationReport'
5318 [main] DEBUG o.s.c.a.ConfigurationClassBeanDefinitionReader - Registered bean definition for imported class 'org.springframework.boot.autoconfigure.web.WebMvcAutoConfiguration$WebMvcAutoConfigurationAdapter$FaviconConfiguration'
5318 [main] DEBUG o.s.c.a.ConfigurationClassBeanDefinitionReader - Registering bean definition for @Bean method org.springframework.boot.autoconfigure.web.WebMvcAutoConfiguration$WebMvcAutoConfigurationAdapter$FaviconConfiguration.faviconHandlerMapping()
5318 [main] DEBUG o.s.c.a.ConfigurationClassBeanDefinitionReader - Registering bean definition for @Bean method org.springframework.boot.autoconfigure.web.WebMvcAutoConfiguration$WebMvcAutoConfigurationAdapter$FaviconConfiguration.faviconRequestHandler()
5319 [main] DEBUG o.s.c.a.ConfigurationClassBeanDefinitionReader - Registered bean definition for imported class 'org.springframework.boot.autoconfigure.web.WebMvcAutoConfiguration$WebMvcAutoConfigurationAdapter'
5324 [main] DEBUG o.s.b.f.s.DefaultListableBeanFactory - Returning cached instance of singleton bean 'org.springframework.boot.autoconfigure.condition.BeanTypeRegistry'
5341 [main] DEBUG o.s.b.f.s.DefaultListableBeanFactory - Returning cached instance of singleton bean 'org.springframework.boot.autoconfigure.condition.BeanTypeRegistry'
5341 [main] DEBUG o.s.b.f.s.DefaultListableBeanFactory - Returning cached instance of singleton bean 'autoConfigurationReport'
5341 [main] DEBUG o.s.c.a.ConfigurationClassBeanDefinitionReader - Registering bean definition for @Bean method org.springframework.boot.autoconfigure.web.WebMvcAutoConfiguration$WebMvcAutoConfigurationAdapter.defaultViewResolver()
5341 [main] DEBUG o.s.b.f.s.DefaultListableBeanFactory - Returning cached instance of singleton bean 'org.springframework.boot.autoconfigure.condition.BeanTypeRegistry'
5341 [main] DEBUG o.s.b.f.s.DefaultListableBeanFactory - Returning cached instance of singleton bean 'org.springframework.boot.autoconfigure.condition.BeanTypeRegistry'
5342 [main] DEBUG o.s.b.f.s.DefaultListableBeanFactory - Returning cached instance of singleton bean 'org.springframework.boot.autoconfigure.condition.BeanTypeRegistry'
5342 [main] DEBUG o.s.b.f.s.DefaultListableBeanFactory - Returning cached instance of singleton bean 'org.springframework.boot.autoconfigure.condition.BeanTypeRegistry'
5342 [main] DEBUG o.s.b.f.s.DefaultListableBeanFactory - Returning cached instance of singleton bean 'autoConfigurationReport'
5342 [main] DEBUG o.s.b.f.s.DefaultListableBeanFactory - Returning cached instance of singleton bean 'org.springframework.boot.autoconfigure.condition.BeanTypeRegistry'
5342 [main] DEBUG o.s.b.f.s.DefaultListableBeanFactory - Returning cached instance of singleton bean 'org.springframework.boot.autoconfigure.condition.BeanTypeRegistry'
5342 [main] DEBUG o.s.b.f.s.DefaultListableBeanFactory - Returning cached instance of singleton bean 'org.springframework.boot.autoconfigure.condition.BeanTypeRegistry'
5342 [main] DEBUG o.s.b.f.s.DefaultListableBeanFactory - Returning cached instance of singleton bean 'org.springframework.boot.autoconfigure.condition.BeanTypeRegistry'
5342 [main] DEBUG o.s.b.f.s.DefaultListableBeanFactory - Returning cached instance of singleton bean 'autoConfigurationReport'
5342 [main] DEBUG o.s.b.f.s.DefaultListableBeanFactory - Returning cached instance of singleton bean 'org.springframework.boot.autoconfigure.condition.BeanTypeRegistry'
5342 [main] DEBUG o.s.b.f.s.DefaultListableBeanFactory - Returning cached instance of singleton bean 'org.springframework.boot.autoconfigure.condition.BeanTypeRegistry'
5342 [main] DEBUG o.s.b.f.s.DefaultListableBeanFactory - Returning cached instance of singleton bean 'org.springframework.boot.autoconfigure.condition.BeanTypeRegistry'
5342 [main] DEBUG o.s.b.f.s.DefaultListableBeanFactory - Returning cached instance of singleton bean 'org.springframework.boot.autoconfigure.condition.BeanTypeRegistry'
5343 [main] DEBUG o.s.b.f.s.DefaultListableBeanFactory - Returning cached instance of singleton bean 'autoConfigurationReport'
5343 [main] DEBUG o.s.c.a.ConfigurationClassBeanDefinitionReader - Registering bean definition for @Bean method org.springframework.boot.autoconfigure.web.WebMvcAutoConfiguration$WebMvcAutoConfigurationAdapter.viewResolver()
5343 [main] DEBUG o.s.b.f.s.DefaultListableBeanFactory - Returning cached instance of singleton bean 'autoConfigurationReport'
5343 [main] DEBUG o.s.b.f.s.DefaultListableBeanFactory - Returning cached instance of singleton bean 'autoConfigurationReport'
5343 [main] DEBUG o.s.c.a.ConfigurationClassBeanDefinitionReader - Registering bean definition for @Bean method org.springframework.boot.autoconfigure.web.WebMvcAutoConfiguration$WebMvcAutoConfigurationAdapter.welcomePageHandlerMapping()
5344 [main] DEBUG o.s.b.f.s.DefaultListableBeanFactory - Returning cached instance of singleton bean 'org.springframework.boot.autoconfigure.condition.BeanTypeRegistry'
5345 [main] DEBUG o.s.b.f.s.DefaultListableBeanFactory - Returning cached instance of singleton bean 'org.springframework.boot.autoconfigure.condition.BeanTypeRegistry'
5345 [main] DEBUG o.s.b.f.s.DefaultListableBeanFactory - Returning cached instance of singleton bean 'org.springframework.boot.autoconfigure.condition.BeanTypeRegistry'
5345 [main] DEBUG o.s.b.f.s.DefaultListableBeanFactory - Returning cached instance of singleton bean 'org.springframework.boot.autoconfigure.condition.BeanTypeRegistry'
5345 [main] DEBUG o.s.b.f.s.DefaultListableBeanFactory - Returning cached instance of singleton bean 'autoConfigurationReport'
5345 [main] DEBUG o.s.c.a.ConfigurationClassBeanDefinitionReader - Registering bean definition for @Bean method org.springframework.boot.autoconfigure.web.WebMvcAutoConfiguration$WebMvcAutoConfigurationAdapter.requestContextFilter()
5345 [main] DEBUG o.s.c.a.ConfigurationClassBeanDefinitionReader - Registered bean definition for imported class 'org.springframework.boot.autoconfigure.web.WebMvcAutoConfiguration'
5346 [main] DEBUG o.s.b.f.s.DefaultListableBeanFactory - Returning cached instance of singleton bean 'org.springframework.boot.autoconfigure.condition.BeanTypeRegistry'
5346 [main] DEBUG o.s.b.f.s.DefaultListableBeanFactory - Returning cached instance of singleton bean 'org.springframework.boot.autoconfigure.condition.BeanTypeRegistry'
5346 [main] DEBUG o.s.b.f.s.DefaultListableBeanFactory - Returning cached instance of singleton bean 'autoConfigurationReport'
5346 [main] DEBUG o.s.c.a.ConfigurationClassBeanDefinitionReader - Registering bean definition for @Bean method org.springframework.boot.autoconfigure.web.WebMvcAutoConfiguration.hiddenHttpMethodFilter()
5347 [main] DEBUG o.s.b.f.s.DefaultListableBeanFactory - Returning cached instance of singleton bean 'autoConfigurationReport'
5347 [main] DEBUG o.s.b.f.s.DefaultListableBeanFactory - Returning cached instance of singleton bean 'org.springframework.boot.autoconfigure.condition.BeanTypeRegistry'
5348 [main] DEBUG o.s.b.f.s.DefaultListableBeanFactory - Returning cached instance of singleton bean 'org.springframework.boot.autoconfigure.condition.BeanTypeRegistry'
5348 [main] DEBUG o.s.b.f.s.DefaultListableBeanFactory - Returning cached instance of singleton bean 'autoConfigurationReport'
5349 [main] DEBUG o.s.c.a.ConfigurationClassBeanDefinitionReader - Registering bean definition for @Bean method org.springframework.boot.autoconfigure.web.WebMvcAutoConfiguration.httpPutFormContentFilter()
5349 [main] DEBUG o.s.b.f.s.DefaultListableBeanFactory - Returning cached instance of singleton bean 'autoConfigurationReport'
5349 [main] DEBUG o.s.c.a.ConfigurationClassBeanDefinitionReader - Registered bean definition for imported class 'org.springframework.cloud.autoconfigure.RefreshAutoConfiguration'
5351 [main] DEBUG o.s.b.f.s.DefaultListableBeanFactory - Returning cached instance of singleton bean 'org.springframework.boot.autoconfigure.condition.BeanTypeRegistry'
5352 [main] DEBUG o.s.b.f.s.DefaultListableBeanFactory - Returning cached instance of singleton bean 'org.springframework.boot.autoconfigure.condition.BeanTypeRegistry'
5352 [main] DEBUG o.s.b.f.s.DefaultListableBeanFactory - Returning cached instance of singleton bean 'autoConfigurationReport'
5352 [main] DEBUG o.s.c.a.ConfigurationClassBeanDefinitionReader - Registering bean definition for @Bean method org.springframework.cloud.autoconfigure.RefreshAutoConfiguration.refreshScope()
5352 [main] DEBUG o.s.b.f.s.DefaultListableBeanFactory - Returning cached instance of singleton bean 'org.springframework.boot.autoconfigure.condition.BeanTypeRegistry'
5352 [main] DEBUG o.s.b.f.s.DefaultListableBeanFactory - Returning cached instance of singleton bean 'org.springframework.boot.autoconfigure.condition.BeanTypeRegistry'
5352 [main] DEBUG o.s.b.f.s.DefaultListableBeanFactory - Returning cached instance of singleton bean 'autoConfigurationReport'
5352 [main] DEBUG o.s.c.a.ConfigurationClassBeanDefinitionReader - Registering bean definition for @Bean method org.springframework.cloud.autoconfigure.RefreshAutoConfiguration.loggingRebinder()
5352 [main] DEBUG o.s.b.f.s.DefaultListableBeanFactory - Returning cached instance of singleton bean 'org.springframework.boot.autoconfigure.condition.BeanTypeRegistry'
5353 [main] DEBUG o.s.b.f.s.DefaultListableBeanFactory - Returning cached instance of singleton bean 'org.springframework.boot.autoconfigure.condition.BeanTypeRegistry'
5353 [main] DEBUG o.s.b.f.s.DefaultListableBeanFactory - Returning cached instance of singleton bean 'autoConfigurationReport'
5353 [main] DEBUG o.s.c.a.ConfigurationClassBeanDefinitionReader - Registering bean definition for @Bean method org.springframework.cloud.autoconfigure.RefreshAutoConfiguration.environmentManager()
5353 [main] DEBUG o.s.b.f.s.DefaultListableBeanFactory - Returning cached instance of singleton bean 'org.springframework.boot.autoconfigure.condition.BeanTypeRegistry'
5353 [main] DEBUG o.s.b.f.s.DefaultListableBeanFactory - Returning cached instance of singleton bean 'org.springframework.boot.autoconfigure.condition.BeanTypeRegistry'
5353 [main] DEBUG o.s.b.f.s.DefaultListableBeanFactory - Returning cached instance of singleton bean 'autoConfigurationReport'
5353 [main] DEBUG o.s.c.a.ConfigurationClassBeanDefinitionReader - Registering bean definition for @Bean method org.springframework.cloud.autoconfigure.RefreshAutoConfiguration.contextRefresher()
5354 [main] DEBUG o.s.b.f.s.DefaultListableBeanFactory - Returning cached instance of singleton bean 'autoConfigurationReport'
5354 [main] DEBUG o.s.b.f.s.DefaultListableBeanFactory - Returning cached instance of singleton bean 'autoConfigurationReport'
5357 [main] DEBUG o.s.b.f.s.DefaultListableBeanFactory - Returning cached instance of singleton bean 'org.springframework.boot.autoconfigure.condition.BeanTypeRegistry'
5358 [main] DEBUG o.s.b.f.s.DefaultListableBeanFactory - Returning cached instance of singleton bean 'org.springframework.boot.autoconfigure.condition.BeanTypeRegistry'
5358 [main] DEBUG o.s.b.f.s.DefaultListableBeanFactory - Returning cached instance of singleton bean 'autoConfigurationReport'
5358 [main] DEBUG o.s.c.a.ConfigurationClassBeanDefinitionReader - Registered bean definition for imported class 'org.springframework.cloud.netflix.eureka.EurekaClientAutoConfiguration$RefreshableEurekaClientConfiguration'
5358 [main] DEBUG o.s.b.f.s.DefaultListableBeanFactory - Returning cached instance of singleton bean 'org.springframework.boot.autoconfigure.condition.BeanTypeRegistry'
5359 [main] DEBUG o.s.b.f.s.DefaultListableBeanFactory - Returning cached instance of singleton bean 'autoConfigurationReport'
5361 [main] DEBUG o.s.c.a.ConfigurationClassBeanDefinitionReader - Registering bean definition for @Bean method org.springframework.cloud.netflix.eureka.EurekaClientAutoConfiguration$RefreshableEurekaClientConfiguration.eurekaClient()
5362 [main] DEBUG o.s.b.f.s.DefaultListableBeanFactory - Returning cached instance of singleton bean 'org.springframework.boot.autoconfigure.condition.BeanTypeRegistry'
5362 [main] DEBUG o.s.b.f.s.DefaultListableBeanFactory - Returning cached instance of singleton bean 'autoConfigurationReport'
5363 [main] DEBUG o.s.c.a.ConfigurationClassBeanDefinitionReader - Registering bean definition for @Bean method org.springframework.cloud.netflix.eureka.EurekaClientAutoConfiguration$RefreshableEurekaClientConfiguration.eurekaApplicationInfoManager()
5364 [main] DEBUG o.s.b.f.s.DefaultListableBeanFactory - Returning cached instance of singleton bean 'org.springframework.boot.autoconfigure.condition.BeanTypeRegistry'
5365 [main] DEBUG o.s.b.f.s.DefaultListableBeanFactory - Returning cached instance of singleton bean 'org.springframework.boot.autoconfigure.condition.BeanTypeRegistry'
5365 [main] DEBUG o.s.b.f.s.DefaultListableBeanFactory - Returning cached instance of singleton bean 'autoConfigurationReport'
5366 [main] DEBUG o.s.c.a.ConfigurationClassBeanDefinitionReader - Registered bean definition for imported class 'org.springframework.cloud.netflix.eureka.EurekaClientAutoConfiguration'
5367 [main] DEBUG o.s.c.a.ConfigurationClassBeanDefinitionReader - Registering bean definition for @Bean method org.springframework.cloud.netflix.eureka.EurekaClientAutoConfiguration.eurekaFeature()
5367 [main] DEBUG o.s.b.f.s.DefaultListableBeanFactory - Returning cached instance of singleton bean 'org.springframework.boot.autoconfigure.condition.BeanTypeRegistry'
5370 [main] DEBUG o.s.b.f.s.DefaultListableBeanFactory - Returning cached instance of singleton bean 'autoConfigurationReport'
5370 [main] DEBUG o.s.c.a.ConfigurationClassBeanDefinitionReader - Registering bean definition for @Bean method org.springframework.cloud.netflix.eureka.EurekaClientAutoConfiguration.eurekaClientConfigBean()
5371 [main] DEBUG o.s.b.f.s.DefaultListableBeanFactory - Returning cached instance of singleton bean 'org.springframework.boot.autoconfigure.condition.BeanTypeRegistry'
5371 [main] DEBUG o.s.b.f.s.DefaultListableBeanFactory - Returning cached instance of singleton bean 'autoConfigurationReport'
5371 [main] DEBUG o.s.c.a.ConfigurationClassBeanDefinitionReader - Registering bean definition for @Bean method org.springframework.cloud.netflix.eureka.EurekaClientAutoConfiguration.eurekaInstanceConfigBean()
5371 [main] DEBUG o.s.c.a.ConfigurationClassBeanDefinitionReader - Registering bean definition for @Bean method org.springframework.cloud.netflix.eureka.EurekaClientAutoConfiguration.discoveryClient()
5372 [main] DEBUG o.s.b.f.s.DefaultListableBeanFactory - Returning cached instance of singleton bean 'org.springframework.boot.autoconfigure.condition.BeanTypeRegistry'
5372 [main] DEBUG o.s.b.f.s.DefaultListableBeanFactory - Returning cached instance of singleton bean 'autoConfigurationReport'
5372 [main] DEBUG o.s.c.a.ConfigurationClassBeanDefinitionReader - Registering bean definition for @Bean method org.springframework.cloud.netflix.eureka.EurekaClientAutoConfiguration.discoveryClientOptionalArgs()
5372 [main] DEBUG o.s.b.f.s.DefaultListableBeanFactory - Returning cached instance of singleton bean 'autoConfigurationReport'
5372 [main] DEBUG o.s.b.f.s.DefaultListableBeanFactory - Returning cached instance of singleton bean 'autoConfigurationReport'
5373 [main] DEBUG o.s.b.f.s.DefaultListableBeanFactory - Returning cached instance of singleton bean 'org.springframework.boot.autoconfigure.condition.BeanTypeRegistry'
5373 [main] DEBUG o.s.b.f.s.DefaultListableBeanFactory - Returning cached instance of singleton bean 'org.springframework.boot.autoconfigure.condition.BeanTypeRegistry'
5373 [main] DEBUG o.s.b.f.s.DefaultListableBeanFactory - Returning cached instance of singleton bean 'autoConfigurationReport'
5373 [main] DEBUG o.s.b.f.s.DefaultListableBeanFactory - Returning cached instance of singleton bean 'autoConfigurationReport'
5373 [main] DEBUG o.s.b.f.s.DefaultListableBeanFactory - Returning cached instance of singleton bean 'autoConfigurationReport'
5373 [main] DEBUG o.s.c.a.ConfigurationClassBeanDefinitionReader - Registered bean definition for imported class 'org.springframework.cloud.client.CommonsClientAutoConfiguration$ActuatorConfiguration'
5373 [main] DEBUG o.s.c.a.ConfigurationClassBeanDefinitionReader - Registering bean definition for @Bean method org.springframework.cloud.client.CommonsClientAutoConfiguration$ActuatorConfiguration.featuresEndpoint()
5374 [main] DEBUG o.s.c.a.ConfigurationClassBeanDefinitionReader - Registered bean definition for imported class 'org.springframework.cloud.client.CommonsClientAutoConfiguration'
5374 [main] DEBUG o.s.b.f.s.DefaultListableBeanFactory - Returning cached instance of singleton bean 'autoConfigurationReport'
5374 [main] DEBUG o.s.c.a.ConfigurationClassBeanDefinitionReader - Registering bean definition for @Bean method org.springframework.cloud.client.CommonsClientAutoConfiguration.discoveryClientHealthIndicator()
5374 [main] DEBUG o.s.b.f.s.DefaultListableBeanFactory - Returning cached instance of singleton bean 'autoConfigurationReport'
5374 [main] DEBUG o.s.c.a.ConfigurationClassBeanDefinitionReader - Registering bean definition for @Bean method org.springframework.cloud.client.CommonsClientAutoConfiguration.discoveryCompositeHealthIndicator()
5374 [main] DEBUG o.s.c.a.ConfigurationClassBeanDefinitionReader - Registering bean definition for @Bean method org.springframework.cloud.client.CommonsClientAutoConfiguration.commonsFeatures()
5375 [main] DEBUG o.s.b.f.s.DefaultListableBeanFactory - Returning cached instance of singleton bean 'autoConfigurationReport'
5375 [main] DEBUG o.s.c.a.ConfigurationClassBeanDefinitionReader - Registered bean definition for imported class 'org.springframework.cloud.commons.util.UtilAutoConfiguration'
5375 [main] DEBUG o.s.c.a.ConfigurationClassBeanDefinitionReader - Registering bean definition for @Bean method org.springframework.cloud.commons.util.UtilAutoConfiguration.inetUtilsProperties()
5375 [main] DEBUG o.s.b.f.s.DefaultListableBeanFactory - Returning cached instance of singleton bean 'org.springframework.boot.autoconfigure.condition.BeanTypeRegistry'
5378 [main] DEBUG o.s.b.f.s.DefaultListableBeanFactory - Returning cached instance of singleton bean 'org.springframework.boot.autoconfigure.condition.BeanTypeRegistry'
5379 [main] DEBUG o.s.b.f.s.DefaultListableBeanFactory - Returning cached instance of singleton bean 'autoConfigurationReport'
5379 [main] DEBUG o.s.c.a.ConfigurationClassBeanDefinitionReader - Registering bean definition for @Bean method org.springframework.cloud.commons.util.UtilAutoConfiguration.inetUtils()
5379 [main] DEBUG o.s.b.f.s.DefaultListableBeanFactory - Returning cached instance of singleton bean 'org.springframework.boot.autoconfigure.condition.BeanTypeRegistry'
5379 [main] DEBUG o.s.b.f.s.DefaultListableBeanFactory - Returning cached instance of singleton bean 'org.springframework.boot.autoconfigure.condition.BeanTypeRegistry'
5380 [main] DEBUG o.s.b.f.s.DefaultListableBeanFactory - Returning cached instance of singleton bean 'autoConfigurationReport'
5380 [main] DEBUG o.s.c.a.ConfigurationClassBeanDefinitionReader - Registered bean definition for imported class 'org.springframework.boot.actuate.autoconfigure.AuditAutoConfiguration$AuditEventRepositoryConfiguration'
5380 [main] DEBUG o.s.c.a.ConfigurationClassBeanDefinitionReader - Registering bean definition for @Bean method org.springframework.boot.actuate.autoconfigure.AuditAutoConfiguration$AuditEventRepositoryConfiguration.auditEventRepository()
5380 [main] DEBUG o.s.c.a.ConfigurationClassBeanDefinitionReader - Registered bean definition for imported class 'org.springframework.boot.actuate.autoconfigure.AuditAutoConfiguration'
5380 [main] DEBUG o.s.b.f.s.DefaultListableBeanFactory - Returning cached instance of singleton bean 'org.springframework.boot.autoconfigure.condition.BeanTypeRegistry'
5382 [main] DEBUG o.s.b.f.s.DefaultListableBeanFactory - Returning cached instance of singleton bean 'org.springframework.boot.autoconfigure.condition.BeanTypeRegistry'
5382 [main] DEBUG o.s.b.f.s.DefaultListableBeanFactory - Returning cached instance of singleton bean 'autoConfigurationReport'
5382 [main] DEBUG o.s.c.a.ConfigurationClassBeanDefinitionReader - Registering bean definition for @Bean method org.springframework.boot.actuate.autoconfigure.AuditAutoConfiguration.auditListener()
5383 [main] DEBUG o.s.b.f.s.DefaultListableBeanFactory - Returning cached instance of singleton bean 'autoConfigurationReport'
5383 [main] DEBUG o.s.b.f.s.DefaultListableBeanFactory - Returning cached instance of singleton bean 'autoConfigurationReport'
5383 [main] DEBUG o.s.b.f.s.DefaultListableBeanFactory - Returning cached instance of singleton bean 'autoConfigurationReport'
5385 [main] DEBUG o.s.b.f.s.DefaultListableBeanFactory - Returning cached instance of singleton bean 'org.springframework.boot.autoconfigure.condition.BeanTypeRegistry'
5387 [main] DEBUG o.s.b.f.s.DefaultListableBeanFactory - Returning cached instance of singleton bean 'org.springframework.boot.autoconfigure.condition.BeanTypeRegistry'
5387 [main] DEBUG o.s.b.f.s.DefaultListableBeanFactory - Returning cached instance of singleton bean 'autoConfigurationReport'
5387 [main] DEBUG o.s.b.f.s.DefaultListableBeanFactory - Returning cached instance of singleton bean 'org.springframework.boot.autoconfigure.condition.BeanTypeRegistry'
5387 [main] DEBUG o.s.b.f.s.DefaultListableBeanFactory - Returning cached instance of singleton bean 'org.springframework.boot.autoconfigure.condition.BeanTypeRegistry'
5388 [main] DEBUG o.s.b.f.s.DefaultListableBeanFactory - Returning cached instance of singleton bean 'autoConfigurationReport'
5388 [main] DEBUG o.s.c.a.ConfigurationClassBeanDefinitionReader - Registered bean definition for imported class 'org.springframework.boot.autoconfigure.info.ProjectInfoAutoConfiguration'
5389 [main] DEBUG o.s.b.f.s.DefaultListableBeanFactory - Returning cached instance of singleton bean 'autoConfigurationReport'
5390 [main] DEBUG o.s.c.e.PropertySourcesPropertyResolver - Could not find key 'spring.info.build.location:classpath:META-INF/build-info.properties' in any property source
5390 [main] DEBUG o.s.c.e.PropertySourcesPropertyResolver - Could not find key 'spring.info.build.location' in any property source
5390 [main] DEBUG o.s.b.f.s.DefaultListableBeanFactory - Returning cached instance of singleton bean 'autoConfigurationReport'
5392 [main] DEBUG o.s.c.a.ConfigurationClassBeanDefinitionReader - Registered bean definition for imported class 'org.springframework.boot.actuate.autoconfigure.InfoContributorAutoConfiguration'
5392 [main] DEBUG o.s.b.f.s.DefaultListableBeanFactory - Returning cached instance of singleton bean 'autoConfigurationReport'
5393 [main] DEBUG o.s.c.a.ConfigurationClassBeanDefinitionReader - Registering bean definition for @Bean method org.springframework.boot.actuate.autoconfigure.InfoContributorAutoConfiguration.envInfoContributor()
5393 [main] DEBUG o.s.b.f.s.DefaultListableBeanFactory - Returning cached instance of singleton bean 'autoConfigurationReport'
5394 [main] DEBUG o.s.b.f.s.DefaultListableBeanFactory - Returning cached instance of singleton bean 'org.springframework.boot.autoconfigure.condition.BeanTypeRegistry'
5397 [main] DEBUG o.s.b.f.s.DefaultListableBeanFactory - Returning cached instance of singleton bean 'org.springframework.boot.autoconfigure.condition.BeanTypeRegistry'
5397 [main] DEBUG o.s.b.f.s.DefaultListableBeanFactory - Returning cached instance of singleton bean 'autoConfigurationReport'
5397 [main] DEBUG o.s.b.f.s.DefaultListableBeanFactory - Returning cached instance of singleton bean 'autoConfigurationReport'
5397 [main] DEBUG o.s.b.f.s.DefaultListableBeanFactory - Returning cached instance of singleton bean 'org.springframework.boot.autoconfigure.condition.BeanTypeRegistry'
5397 [main] DEBUG o.s.b.f.s.DefaultListableBeanFactory - Returning cached instance of singleton bean 'org.springframework.boot.autoconfigure.condition.BeanTypeRegistry'
5397 [main] DEBUG o.s.b.f.s.DefaultListableBeanFactory - Returning cached instance of singleton bean 'autoConfigurationReport'
5398 [main] DEBUG o.s.b.f.s.DefaultListableBeanFactory - Returning cached instance of singleton bean 'autoConfigurationReport'
5400 [main] DEBUG o.s.b.f.s.DefaultListableBeanFactory - Returning cached instance of singleton bean 'org.springframework.boot.autoconfigure.condition.BeanTypeRegistry'
5400 [main] DEBUG o.s.b.f.s.DefaultListableBeanFactory - Returning cached instance of singleton bean 'org.springframework.boot.autoconfigure.condition.BeanTypeRegistry'
5400 [main] DEBUG o.s.b.f.s.DefaultListableBeanFactory - Returning cached instance of singleton bean 'autoConfigurationReport'
5401 [main] DEBUG o.s.b.f.s.DefaultListableBeanFactory - Returning cached instance of singleton bean 'autoConfigurationReport'
5401 [main] DEBUG o.s.c.a.ConfigurationClassBeanDefinitionReader - Registered bean definition for imported class 'org.springframework.boot.actuate.autoconfigure.HealthIndicatorAutoConfiguration$DiskSpaceHealthIndicatorConfiguration'
5401 [main] DEBUG o.s.b.f.s.DefaultListableBeanFactory - Returning cached instance of singleton bean 'autoConfigurationReport'
5401 [main] DEBUG o.s.c.a.ConfigurationClassBeanDefinitionReader - Registering bean definition for @Bean method org.springframework.boot.actuate.autoconfigure.HealthIndicatorAutoConfiguration$DiskSpaceHealthIndicatorConfiguration.diskSpaceHealthIndicator()
5401 [main] DEBUG o.s.c.a.ConfigurationClassBeanDefinitionReader - Registering bean definition for @Bean method org.springframework.boot.actuate.autoconfigure.HealthIndicatorAutoConfiguration$DiskSpaceHealthIndicatorConfiguration.diskSpaceHealthIndicatorProperties()
5402 [main] DEBUG o.s.b.f.s.DefaultListableBeanFactory - Returning cached instance of singleton bean 'autoConfigurationReport'
5403 [main] DEBUG o.s.b.f.s.DefaultListableBeanFactory - Returning cached instance of singleton bean 'autoConfigurationReport'
5404 [main] DEBUG o.s.b.f.s.DefaultListableBeanFactory - Returning cached instance of singleton bean 'autoConfigurationReport'
5405 [main] DEBUG o.s.b.f.s.DefaultListableBeanFactory - Returning cached instance of singleton bean 'autoConfigurationReport'
5405 [main] DEBUG o.s.b.f.s.DefaultListableBeanFactory - Returning cached instance of singleton bean 'autoConfigurationReport'
5406 [main] DEBUG o.s.b.f.s.DefaultListableBeanFactory - Returning cached instance of singleton bean 'autoConfigurationReport'
5411 [main] DEBUG o.s.c.a.ConfigurationClassBeanDefinitionReader - Registered bean definition for imported class 'org.springframework.boot.actuate.autoconfigure.HealthIndicatorAutoConfiguration'
5412 [main] DEBUG o.s.b.f.s.DefaultListableBeanFactory - Returning cached instance of singleton bean 'org.springframework.boot.autoconfigure.condition.BeanTypeRegistry'
5414 [main] DEBUG o.s.b.f.s.DefaultListableBeanFactory - Returning cached instance of singleton bean 'org.springframework.boot.autoconfigure.condition.BeanTypeRegistry'
5414 [main] DEBUG o.s.b.f.s.DefaultListableBeanFactory - Returning cached instance of singleton bean 'autoConfigurationReport'
5414 [main] DEBUG o.s.c.a.ConfigurationClassBeanDefinitionReader - Registering bean definition for @Bean method org.springframework.boot.actuate.autoconfigure.HealthIndicatorAutoConfiguration.healthAggregator()
5414 [main] DEBUG o.s.b.f.s.DefaultListableBeanFactory - Returning cached instance of singleton bean 'org.springframework.boot.autoconfigure.condition.BeanTypeRegistry'
5416 [main] DEBUG o.s.b.f.s.DefaultListableBeanFactory - Returning cached instance of singleton bean 'org.springframework.boot.autoconfigure.condition.BeanTypeRegistry'
5416 [main] DEBUG o.s.b.f.s.DefaultListableBeanFactory - Returning cached instance of singleton bean 'autoConfigurationReport'
5417 [main] DEBUG o.s.b.f.s.DefaultListableBeanFactory - Returning cached instance of singleton bean 'autoConfigurationReport'
5418 [main] DEBUG o.s.b.f.s.DefaultListableBeanFactory - Returning cached instance of singleton bean 'autoConfigurationReport'
5418 [main] DEBUG o.s.b.f.s.DefaultListableBeanFactory - Returning cached instance of singleton bean 'autoConfigurationReport'
5418 [main] DEBUG o.s.b.f.s.DefaultListableBeanFactory - Returning cached instance of singleton bean 'autoConfigurationReport'
5418 [main] DEBUG o.s.b.f.s.DefaultListableBeanFactory - Returning cached instance of singleton bean 'autoConfigurationReport'
5418 [main] DEBUG o.s.b.f.s.DefaultListableBeanFactory - Returning cached instance of singleton bean 'org.springframework.boot.autoconfigure.condition.BeanTypeRegistry'
5419 [main] DEBUG o.s.b.f.s.DefaultListableBeanFactory - Returning cached instance of singleton bean 'org.springframework.boot.autoconfigure.condition.BeanTypeRegistry'
5419 [main] DEBUG o.s.b.f.s.DefaultListableBeanFactory - Returning cached instance of singleton bean 'autoConfigurationReport'
5419 [main] DEBUG o.s.b.f.s.DefaultListableBeanFactory - Returning cached instance of singleton bean 'autoConfigurationReport'
5419 [main] DEBUG o.s.c.a.ConfigurationClassBeanDefinitionReader - Registered bean definition for imported class 'org.springframework.cloud.netflix.metrics.MetricsInterceptorConfiguration$MetricsWebResourceConfiguration'
5419 [main] DEBUG o.s.c.a.ConfigurationClassBeanDefinitionReader - Registering bean definition for @Bean method org.springframework.cloud.netflix.metrics.MetricsInterceptorConfiguration$MetricsWebResourceConfiguration.servoMonitoringWebResourceInterceptor()
5419 [main] DEBUG o.s.c.a.ConfigurationClassBeanDefinitionReader - Registered bean definition for imported class 'org.springframework.cloud.netflix.metrics.MetricsInterceptorConfiguration'
5420 [main] DEBUG o.s.c.a.ConfigurationClassBeanDefinitionReader - Registered bean definition for imported class 'org.springframework.cloud.netflix.metrics.servo.ServoMetricsAutoConfiguration'
5422 [main] DEBUG o.s.b.f.s.DefaultListableBeanFactory - Returning cached instance of singleton bean 'org.springframework.boot.autoconfigure.condition.BeanTypeRegistry'
5424 [main] DEBUG o.s.b.f.s.DefaultListableBeanFactory - Returning cached instance of singleton bean 'org.springframework.boot.autoconfigure.condition.BeanTypeRegistry'
5424 [main] DEBUG o.s.b.f.s.DefaultListableBeanFactory - Returning cached instance of singleton bean 'autoConfigurationReport'
5424 [main] DEBUG o.s.c.a.ConfigurationClassBeanDefinitionReader - Registering bean definition for @Bean method org.springframework.cloud.netflix.metrics.servo.ServoMetricsAutoConfiguration.servoMetricsConfig()
5425 [main] DEBUG o.s.b.f.s.DefaultListableBeanFactory - Returning cached instance of singleton bean 'org.springframework.boot.autoconfigure.condition.BeanTypeRegistry'
5425 [main] DEBUG o.s.b.f.s.DefaultListableBeanFactory - Returning cached instance of singleton bean 'org.springframework.boot.autoconfigure.condition.BeanTypeRegistry'
5425 [main] DEBUG o.s.b.f.s.DefaultListableBeanFactory - Returning cached instance of singleton bean 'autoConfigurationReport'
5425 [main] DEBUG o.s.c.a.ConfigurationClassBeanDefinitionReader - Registering bean definition for @Bean method org.springframework.cloud.netflix.metrics.servo.ServoMetricsAutoConfiguration.servoMetricNaming()
5425 [main] DEBUG o.s.b.f.s.DefaultListableBeanFactory - Returning cached instance of singleton bean 'org.springframework.boot.autoconfigure.condition.BeanTypeRegistry'
5425 [main] DEBUG o.s.b.f.s.DefaultListableBeanFactory - Returning cached instance of singleton bean 'org.springframework.boot.autoconfigure.condition.BeanTypeRegistry'
5425 [main] DEBUG o.s.b.f.s.DefaultListableBeanFactory - Returning cached instance of singleton bean 'autoConfigurationReport'
5425 [main] DEBUG o.s.c.a.ConfigurationClassBeanDefinitionReader - Registering bean definition for @Bean method org.springframework.cloud.netflix.metrics.servo.ServoMetricsAutoConfiguration.monitorRegistry()
5425 [main] DEBUG o.s.c.a.ConfigurationClassBeanDefinitionReader - Registering bean definition for @Bean method org.springframework.cloud.netflix.metrics.servo.ServoMetricsAutoConfiguration.monitorCache()
5425 [main] DEBUG o.s.c.a.ConfigurationClassBeanDefinitionReader - Registering bean definition for @Bean method org.springframework.cloud.netflix.metrics.servo.ServoMetricsAutoConfiguration.servoMetricReader()
5425 [main] DEBUG o.s.c.a.ConfigurationClassBeanDefinitionReader - Registering bean definition for @Bean method org.springframework.cloud.netflix.metrics.servo.ServoMetricsAutoConfiguration.servoPublicMetrics()
5426 [main] DEBUG o.s.b.f.s.DefaultListableBeanFactory - Returning cached instance of singleton bean 'org.springframework.boot.autoconfigure.condition.BeanTypeRegistry'
5426 [main] DEBUG o.s.b.f.s.DefaultListableBeanFactory - Returning cached instance of singleton bean 'org.springframework.boot.autoconfigure.condition.BeanTypeRegistry'
5426 [main] DEBUG o.s.b.f.s.DefaultListableBeanFactory - Returning cached instance of singleton bean 'org.springframework.boot.autoconfigure.condition.BeanTypeRegistry'
5426 [main] DEBUG o.s.b.f.s.DefaultListableBeanFactory - Returning cached instance of singleton bean 'org.springframework.boot.autoconfigure.condition.BeanTypeRegistry'
5426 [main] DEBUG o.s.b.f.s.DefaultListableBeanFactory - Returning cached instance of singleton bean 'autoConfigurationReport'
5426 [main] DEBUG o.s.c.a.ConfigurationClassBeanDefinitionReader - Registering bean definition for @Bean method org.springframework.cloud.netflix.metrics.servo.ServoMetricsAutoConfiguration.servoMetricServices()
5426 [main] DEBUG o.s.c.a.ConfigurationClassBeanDefinitionReader - Registering bean definition for @Bean method org.springframework.cloud.netflix.metrics.servo.ServoMetricsAutoConfiguration.defaultMetricsTagProvider()
5426 [main] DEBUG o.s.b.f.s.DefaultListableBeanFactory - Returning cached instance of singleton bean 'autoConfigurationReport'
5426 [main] DEBUG o.s.b.f.s.DefaultListableBeanFactory - Returning cached instance of singleton bean 'org.springframework.boot.autoconfigure.condition.BeanTypeRegistry'
5427 [main] DEBUG o.s.b.f.s.DefaultListableBeanFactory - Returning cached instance of singleton bean 'org.springframework.boot.autoconfigure.condition.BeanTypeRegistry'
5427 [main] DEBUG o.s.b.f.s.DefaultListableBeanFactory - Returning cached instance of singleton bean 'autoConfigurationReport'
5427 [main] DEBUG o.s.c.a.ConfigurationClassBeanDefinitionReader - Registered bean definition for imported class 'org.springframework.boot.actuate.autoconfigure.MetricRepositoryAutoConfiguration'
5427 [main] DEBUG o.s.b.f.s.DefaultListableBeanFactory - Returning cached instance of singleton bean 'autoConfigurationReport'
5427 [main] DEBUG o.s.b.f.s.DefaultListableBeanFactory - Returning cached instance of singleton bean 'autoConfigurationReport'
5427 [main] DEBUG o.s.c.a.ConfigurationClassBeanDefinitionReader - Registered bean definition for imported class 'org.springframework.boot.autoconfigure.jmx.JmxAutoConfiguration'
5427 [main] DEBUG o.s.b.f.s.DefaultListableBeanFactory - Returning cached instance of singleton bean 'org.springframework.boot.autoconfigure.condition.BeanTypeRegistry'
5428 [main] DEBUG o.s.b.f.s.DefaultListableBeanFactory - Returning cached instance of singleton bean 'autoConfigurationReport'
5428 [main] DEBUG o.s.c.a.ConfigurationClassBeanDefinitionReader - Registering bean definition for @Bean method org.springframework.boot.autoconfigure.jmx.JmxAutoConfiguration.mbeanExporter()
5429 [main] DEBUG o.s.b.f.s.DefaultListableBeanFactory - Returning cached instance of singleton bean 'org.springframework.boot.autoconfigure.condition.BeanTypeRegistry'
5430 [main] DEBUG o.s.b.f.s.DefaultListableBeanFactory - Returning cached instance of singleton bean 'autoConfigurationReport'
5430 [main] DEBUG o.s.c.a.ConfigurationClassBeanDefinitionReader - Registering bean definition for @Bean method org.springframework.boot.autoconfigure.jmx.JmxAutoConfiguration.objectNamingStrategy()
5430 [main] DEBUG o.s.b.f.s.DefaultListableBeanFactory - Returning cached instance of singleton bean 'org.springframework.boot.autoconfigure.condition.BeanTypeRegistry'
5430 [main] DEBUG o.s.b.f.s.DefaultListableBeanFactory - Returning cached instance of singleton bean 'org.springframework.boot.autoconfigure.condition.BeanTypeRegistry'
5430 [main] DEBUG o.s.b.f.s.DefaultListableBeanFactory - Returning cached instance of singleton bean 'autoConfigurationReport'
5430 [main] DEBUG o.s.c.a.ConfigurationClassBeanDefinitionReader - Registering bean definition for @Bean method org.springframework.boot.autoconfigure.jmx.JmxAutoConfiguration.mbeanServer()
5431 [main] DEBUG o.s.b.f.s.DefaultListableBeanFactory - Returning cached instance of singleton bean 'autoConfigurationReport'
5431 [main] DEBUG o.s.b.f.s.DefaultListableBeanFactory - Returning cached instance of singleton bean 'org.springframework.boot.autoconfigure.condition.BeanTypeRegistry'
5431 [main] DEBUG o.s.b.f.s.DefaultListableBeanFactory - Returning cached instance of singleton bean 'org.springframework.boot.autoconfigure.condition.BeanTypeRegistry'
5431 [main] DEBUG o.s.b.f.s.DefaultListableBeanFactory - Returning cached instance of singleton bean 'autoConfigurationReport'
5431 [main] DEBUG o.s.b.f.s.DefaultListableBeanFactory - Returning cached instance of singleton bean 'autoConfigurationReport'
5431 [main] DEBUG o.s.b.f.s.DefaultListableBeanFactory - Returning cached instance of singleton bean 'autoConfigurationReport'
5431 [main] DEBUG o.s.c.a.ConfigurationClassBeanDefinitionReader - Registered bean definition for imported class 'org.springframework.boot.actuate.autoconfigure.PublicMetricsAutoConfiguration$TomcatMetricsConfiguration'
5432 [main] DEBUG o.s.b.f.s.DefaultListableBeanFactory - Returning cached instance of singleton bean 'org.springframework.boot.autoconfigure.condition.BeanTypeRegistry'
5433 [main] DEBUG o.s.b.f.s.DefaultListableBeanFactory - Returning cached instance of singleton bean 'org.springframework.boot.autoconfigure.condition.BeanTypeRegistry'
5433 [main] DEBUG o.s.b.f.s.DefaultListableBeanFactory - Returning cached instance of singleton bean 'autoConfigurationReport'
5433 [main] DEBUG o.s.c.a.ConfigurationClassBeanDefinitionReader - Registering bean definition for @Bean method org.springframework.boot.actuate.autoconfigure.PublicMetricsAutoConfiguration$TomcatMetricsConfiguration.tomcatPublicMetrics()
5433 [main] DEBUG o.s.b.f.s.DefaultListableBeanFactory - Returning cached instance of singleton bean 'autoConfigurationReport'
5433 [main] DEBUG o.s.b.f.s.DefaultListableBeanFactory - Returning cached instance of singleton bean 'org.springframework.boot.autoconfigure.condition.BeanTypeRegistry'
5433 [main] DEBUG o.s.b.f.s.DefaultListableBeanFactory - Returning cached instance of singleton bean 'org.springframework.boot.autoconfigure.condition.BeanTypeRegistry'
5433 [main] DEBUG o.s.b.f.s.DefaultListableBeanFactory - Returning cached instance of singleton bean 'autoConfigurationReport'
5434 [main] DEBUG o.s.c.a.ConfigurationClassBeanDefinitionReader - Registered bean definition for imported class 'org.springframework.boot.actuate.autoconfigure.PublicMetricsAutoConfiguration'
5434 [main] DEBUG o.s.c.a.ConfigurationClassBeanDefinitionReader - Registering bean definition for @Bean method org.springframework.boot.actuate.autoconfigure.PublicMetricsAutoConfiguration.systemPublicMetrics()
5434 [main] DEBUG o.s.c.a.ConfigurationClassBeanDefinitionReader - Registering bean definition for @Bean method org.springframework.boot.actuate.autoconfigure.PublicMetricsAutoConfiguration.metricReaderPublicMetrics()
5435 [main] DEBUG o.s.b.f.s.DefaultListableBeanFactory - Returning cached instance of singleton bean 'org.springframework.boot.autoconfigure.condition.BeanTypeRegistry'
5437 [main] DEBUG o.s.b.f.s.DefaultListableBeanFactory - Returning cached instance of singleton bean 'org.springframework.boot.autoconfigure.condition.BeanTypeRegistry'
5437 [main] DEBUG o.s.b.f.s.DefaultListableBeanFactory - Returning cached instance of singleton bean 'autoConfigurationReport'
5437 [main] DEBUG o.s.b.f.s.DefaultListableBeanFactory - Returning cached instance of singleton bean 'autoConfigurationReport'
5437 [main] DEBUG o.s.c.a.ConfigurationClassBeanDefinitionReader - Registered bean definition for imported class 'org.springframework.boot.actuate.autoconfigure.EndpointAutoConfiguration$RequestMappingEndpointConfiguration'
5438 [main] DEBUG o.s.b.f.s.DefaultListableBeanFactory - Returning cached instance of singleton bean 'org.springframework.boot.autoconfigure.condition.BeanTypeRegistry'
5438 [main] DEBUG o.s.b.f.s.DefaultListableBeanFactory - Returning cached instance of singleton bean 'org.springframework.boot.autoconfigure.condition.BeanTypeRegistry'
5439 [main] DEBUG o.s.b.f.s.DefaultListableBeanFactory - Returning cached instance of singleton bean 'autoConfigurationReport'
5439 [main] DEBUG o.s.c.a.ConfigurationClassBeanDefinitionReader - Registering bean definition for @Bean method org.springframework.boot.actuate.autoconfigure.EndpointAutoConfiguration$RequestMappingEndpointConfiguration.requestMappingEndpoint()
5439 [main] DEBUG o.s.c.a.ConfigurationClassBeanDefinitionReader - Registered bean definition for imported class 'org.springframework.boot.actuate.autoconfigure.EndpointAutoConfiguration'
5443 [main] DEBUG o.s.b.f.s.DefaultListableBeanFactory - Returning cached instance of singleton bean 'org.springframework.boot.autoconfigure.condition.BeanTypeRegistry'
5443 [main] DEBUG o.s.b.f.s.DefaultListableBeanFactory - Returning cached instance of singleton bean 'org.springframework.boot.autoconfigure.condition.BeanTypeRegistry'
5443 [main] DEBUG o.s.b.f.s.DefaultListableBeanFactory - Returning cached instance of singleton bean 'autoConfigurationReport'
5443 [main] DEBUG o.s.c.a.ConfigurationClassBeanDefinitionReader - Registering bean definition for @Bean method org.springframework.boot.actuate.autoconfigure.EndpointAutoConfiguration.environmentEndpoint()
5443 [main] DEBUG o.s.b.f.s.DefaultListableBeanFactory - Returning cached instance of singleton bean 'org.springframework.boot.autoconfigure.condition.BeanTypeRegistry'
5444 [main] DEBUG o.s.b.f.s.DefaultListableBeanFactory - Returning cached instance of singleton bean 'org.springframework.boot.autoconfigure.condition.BeanTypeRegistry'
5444 [main] DEBUG o.s.b.f.s.DefaultListableBeanFactory - Returning cached instance of singleton bean 'autoConfigurationReport'
5444 [main] DEBUG o.s.c.a.ConfigurationClassBeanDefinitionReader - Registering bean definition for @Bean method org.springframework.boot.actuate.autoconfigure.EndpointAutoConfiguration.healthEndpoint()
5444 [main] DEBUG o.s.b.f.s.DefaultListableBeanFactory - Returning cached instance of singleton bean 'org.springframework.boot.autoconfigure.condition.BeanTypeRegistry'
5444 [main] DEBUG o.s.b.f.s.DefaultListableBeanFactory - Returning cached instance of singleton bean 'org.springframework.boot.autoconfigure.condition.BeanTypeRegistry'
5444 [main] DEBUG o.s.b.f.s.DefaultListableBeanFactory - Returning cached instance of singleton bean 'autoConfigurationReport'
5444 [main] DEBUG o.s.c.a.ConfigurationClassBeanDefinitionReader - Registering bean definition for @Bean method org.springframework.boot.actuate.autoconfigure.EndpointAutoConfiguration.beansEndpoint()
5444 [main] DEBUG o.s.b.f.s.DefaultListableBeanFactory - Returning cached instance of singleton bean 'org.springframework.boot.autoconfigure.condition.BeanTypeRegistry'
5445 [main] DEBUG o.s.b.f.s.DefaultListableBeanFactory - Returning cached instance of singleton bean 'org.springframework.boot.autoconfigure.condition.BeanTypeRegistry'
5445 [main] DEBUG o.s.b.f.s.DefaultListableBeanFactory - Returning cached instance of singleton bean 'autoConfigurationReport'
5445 [main] DEBUG o.s.c.a.ConfigurationClassBeanDefinitionReader - Registering bean definition for @Bean method org.springframework.boot.actuate.autoconfigure.EndpointAutoConfiguration.infoEndpoint()
5445 [main] DEBUG o.s.b.f.s.DefaultListableBeanFactory - Returning cached instance of singleton bean 'org.springframework.boot.autoconfigure.condition.BeanTypeRegistry'
5445 [main] DEBUG o.s.b.f.s.DefaultListableBeanFactory - Returning cached instance of singleton bean 'org.springframework.boot.autoconfigure.condition.BeanTypeRegistry'
5446 [main] DEBUG o.s.b.f.s.DefaultListableBeanFactory - Returning cached instance of singleton bean 'autoConfigurationReport'
5446 [main] DEBUG o.s.c.a.ConfigurationClassBeanDefinitionReader - Registering bean definition for @Bean method org.springframework.boot.actuate.autoconfigure.EndpointAutoConfiguration.metricsEndpoint()
5446 [main] DEBUG o.s.b.f.s.DefaultListableBeanFactory - Returning cached instance of singleton bean 'org.springframework.boot.autoconfigure.condition.BeanTypeRegistry'
5446 [main] DEBUG o.s.b.f.s.DefaultListableBeanFactory - Returning cached instance of singleton bean 'org.springframework.boot.autoconfigure.condition.BeanTypeRegistry'
5446 [main] DEBUG o.s.b.f.s.DefaultListableBeanFactory - Returning cached instance of singleton bean 'autoConfigurationReport'
5446 [main] DEBUG o.s.c.a.ConfigurationClassBeanDefinitionReader - Registering bean definition for @Bean method org.springframework.boot.actuate.autoconfigure.EndpointAutoConfiguration.traceEndpoint()
5446 [main] DEBUG o.s.b.f.s.DefaultListableBeanFactory - Returning cached instance of singleton bean 'org.springframework.boot.autoconfigure.condition.BeanTypeRegistry'
5447 [main] DEBUG o.s.b.f.s.DefaultListableBeanFactory - Returning cached instance of singleton bean 'org.springframework.boot.autoconfigure.condition.BeanTypeRegistry'
5447 [main] DEBUG o.s.b.f.s.DefaultListableBeanFactory - Returning cached instance of singleton bean 'autoConfigurationReport'
5447 [main] DEBUG o.s.c.a.ConfigurationClassBeanDefinitionReader - Registering bean definition for @Bean method org.springframework.boot.actuate.autoconfigure.EndpointAutoConfiguration.dumpEndpoint()
5447 [main] DEBUG o.s.b.f.s.DefaultListableBeanFactory - Returning cached instance of singleton bean 'org.springframework.boot.autoconfigure.condition.BeanTypeRegistry'
5447 [main] DEBUG o.s.b.f.s.DefaultListableBeanFactory - Returning cached instance of singleton bean 'org.springframework.boot.autoconfigure.condition.BeanTypeRegistry'
5447 [main] DEBUG o.s.b.f.s.DefaultListableBeanFactory - Returning cached instance of singleton bean 'org.springframework.boot.autoconfigure.condition.BeanTypeRegistry'
5447 [main] DEBUG o.s.b.f.s.DefaultListableBeanFactory - Returning cached instance of singleton bean 'autoConfigurationReport'
5447 [main] DEBUG o.s.b.f.s.DefaultListableBeanFactory - Returning cached instance of singleton bean 'org.springframework.boot.autoconfigure.condition.BeanTypeRegistry'
5447 [main] DEBUG o.s.b.f.s.DefaultListableBeanFactory - Returning cached instance of singleton bean 'org.springframework.boot.autoconfigure.condition.BeanTypeRegistry'
5448 [main] DEBUG o.s.b.f.s.DefaultListableBeanFactory - Returning cached instance of singleton bean 'org.springframework.boot.autoconfigure.condition.BeanTypeRegistry'
5448 [main] DEBUG o.s.b.f.s.DefaultListableBeanFactory - Returning cached instance of singleton bean 'autoConfigurationReport'
5448 [main] DEBUG o.s.c.a.ConfigurationClassBeanDefinitionReader - Registering bean definition for @Bean method org.springframework.boot.actuate.autoconfigure.EndpointAutoConfiguration.autoConfigurationReportEndpoint()
5448 [main] DEBUG o.s.b.f.s.DefaultListableBeanFactory - Returning cached instance of singleton bean 'org.springframework.boot.autoconfigure.condition.BeanTypeRegistry'
5448 [main] DEBUG o.s.b.f.s.DefaultListableBeanFactory - Returning cached instance of singleton bean 'org.springframework.boot.autoconfigure.condition.BeanTypeRegistry'
5448 [main] DEBUG o.s.b.f.s.DefaultListableBeanFactory - Returning cached instance of singleton bean 'autoConfigurationReport'
5448 [main] DEBUG o.s.c.a.ConfigurationClassBeanDefinitionReader - Registering bean definition for @Bean method org.springframework.boot.actuate.autoconfigure.EndpointAutoConfiguration.shutdownEndpoint()
5448 [main] DEBUG o.s.b.f.s.DefaultListableBeanFactory - Returning cached instance of singleton bean 'org.springframework.boot.autoconfigure.condition.BeanTypeRegistry'
5448 [main] DEBUG o.s.b.f.s.DefaultListableBeanFactory - Returning cached instance of singleton bean 'org.springframework.boot.autoconfigure.condition.BeanTypeRegistry'
5448 [main] DEBUG o.s.b.f.s.DefaultListableBeanFactory - Returning cached instance of singleton bean 'autoConfigurationReport'
5449 [main] DEBUG o.s.c.a.ConfigurationClassBeanDefinitionReader - Registering bean definition for @Bean method org.springframework.boot.actuate.autoconfigure.EndpointAutoConfiguration.configurationPropertiesReportEndpoint()
5449 [main] DEBUG o.s.b.f.s.DefaultListableBeanFactory - Returning cached instance of singleton bean 'autoConfigurationReport'
5449 [main] DEBUG o.s.c.a.ConfigurationClassBeanDefinitionReader - Registered bean definition for imported class 'org.springframework.boot.actuate.autoconfigure.EndpointMBeanExportAutoConfiguration'
5449 [main] DEBUG o.s.c.a.ConfigurationClassBeanDefinitionReader - Registering bean definition for @Bean method org.springframework.boot.actuate.autoconfigure.EndpointMBeanExportAutoConfiguration.endpointMBeanExporter()
5449 [main] DEBUG o.s.b.f.s.DefaultListableBeanFactory - Returning cached instance of singleton bean 'org.springframework.boot.autoconfigure.condition.BeanTypeRegistry'
5451 [main] DEBUG o.s.b.f.s.DefaultListableBeanFactory - Returning cached instance of singleton bean 'org.springframework.boot.autoconfigure.condition.BeanTypeRegistry'
5451 [main] DEBUG o.s.b.f.s.DefaultListableBeanFactory - Returning cached instance of singleton bean 'autoConfigurationReport'
5452 [main] DEBUG o.s.b.f.s.DefaultListableBeanFactory - Returning cached instance of singleton bean 'autoConfigurationReport'
5452 [main] DEBUG o.s.c.a.ConfigurationClassBeanDefinitionReader - Registered bean definition for imported class 'org.springframework.boot.autoconfigure.web.ServerPropertiesAutoConfiguration'
5453 [main] DEBUG o.s.b.f.s.DefaultListableBeanFactory - Returning cached instance of singleton bean 'org.springframework.boot.autoconfigure.condition.BeanTypeRegistry'
5454 [main] DEBUG o.s.b.f.s.DefaultListableBeanFactory - Returning cached instance of singleton bean 'autoConfigurationReport'
5454 [main] DEBUG o.s.c.a.ConfigurationClassBeanDefinitionReader - Registering bean definition for @Bean method org.springframework.boot.autoconfigure.web.ServerPropertiesAutoConfiguration.serverProperties()
5454 [main] DEBUG o.s.c.a.ConfigurationClassBeanDefinitionReader - Registering bean definition for @Bean method org.springframework.boot.autoconfigure.web.ServerPropertiesAutoConfiguration.duplicateServerPropertiesDetector()
5454 [main] DEBUG o.s.c.a.ConfigurationClassBeanDefinitionReader - Registered bean definition for imported class 'org.springframework.boot.actuate.autoconfigure.ManagementServerPropertiesAutoConfiguration'
5456 [main] DEBUG o.s.b.f.s.DefaultListableBeanFactory - Returning cached instance of singleton bean 'org.springframework.boot.autoconfigure.condition.BeanTypeRegistry'
5456 [main] DEBUG o.s.b.f.s.DefaultListableBeanFactory - Returning cached instance of singleton bean 'org.springframework.boot.autoconfigure.condition.BeanTypeRegistry'
5456 [main] DEBUG o.s.b.f.s.DefaultListableBeanFactory - Returning cached instance of singleton bean 'autoConfigurationReport'
5456 [main] DEBUG o.s.c.a.ConfigurationClassBeanDefinitionReader - Registering bean definition for @Bean method org.springframework.boot.actuate.autoconfigure.ManagementServerPropertiesAutoConfiguration.managementServerProperties()
5457 [main] DEBUG o.s.b.f.s.DefaultListableBeanFactory - Returning cached instance of singleton bean 'autoConfigurationReport'
5457 [main] DEBUG o.s.b.f.s.DefaultListableBeanFactory - Returning cached instance of singleton bean 'autoConfigurationReport'
5457 [main] DEBUG o.s.b.f.s.DefaultListableBeanFactory - Returning cached instance of singleton bean 'org.springframework.boot.autoconfigure.condition.BeanTypeRegistry'
5457 [main] DEBUG o.s.b.f.s.DefaultListableBeanFactory - Returning cached instance of singleton bean 'org.springframework.boot.autoconfigure.condition.BeanTypeRegistry'
5457 [main] DEBUG o.s.b.f.s.DefaultListableBeanFactory - Returning cached instance of singleton bean 'autoConfigurationReport'
5457 [main] DEBUG o.s.b.f.s.DefaultListableBeanFactory - Returning cached instance of singleton bean 'autoConfigurationReport'
5458 [main] DEBUG o.s.b.f.s.DefaultListableBeanFactory - Returning cached instance of singleton bean 'autoConfigurationReport'
5458 [main] DEBUG o.s.c.a.ConfigurationClassBeanDefinitionReader - Registered bean definition for imported class 'org.springframework.boot.autoconfigure.web.HttpMessageConvertersAutoConfiguration$StringHttpMessageConverterConfiguration'
5458 [main] DEBUG o.s.b.f.s.DefaultListableBeanFactory - Returning cached instance of singleton bean 'org.springframework.boot.autoconfigure.condition.BeanTypeRegistry'
5458 [main] DEBUG o.s.b.f.s.DefaultListableBeanFactory - Returning cached instance of singleton bean 'org.springframework.boot.autoconfigure.condition.BeanTypeRegistry'
5458 [main] DEBUG o.s.b.f.s.DefaultListableBeanFactory - Returning cached instance of singleton bean 'autoConfigurationReport'
5459 [main] DEBUG o.s.c.a.ConfigurationClassBeanDefinitionReader - Registering bean definition for @Bean method org.springframework.boot.autoconfigure.web.HttpMessageConvertersAutoConfiguration$StringHttpMessageConverterConfiguration.stringHttpMessageConverter()
5459 [main] DEBUG o.s.b.f.s.DefaultListableBeanFactory - Returning cached instance of singleton bean 'autoConfigurationReport'
5459 [main] DEBUG o.s.b.f.s.DefaultListableBeanFactory - Returning cached instance of singleton bean 'org.springframework.boot.autoconfigure.condition.BeanTypeRegistry'
5459 [main] DEBUG o.s.b.f.s.DefaultListableBeanFactory - Returning cached instance of singleton bean 'org.springframework.boot.autoconfigure.condition.BeanTypeRegistry'
5459 [main] DEBUG o.s.b.f.s.DefaultListableBeanFactory - Returning cached instance of singleton bean 'autoConfigurationReport'
5459 [main] DEBUG o.s.c.a.ConfigurationClassBeanDefinitionReader - Registered bean definition for imported class 'org.springframework.boot.autoconfigure.web.JacksonHttpMessageConvertersConfiguration$MappingJackson2XmlHttpMessageConverterConfiguration'
5460 [main] DEBUG o.s.b.f.s.DefaultListableBeanFactory - Returning cached instance of singleton bean 'org.springframework.boot.autoconfigure.condition.BeanTypeRegistry'
5460 [main] DEBUG o.s.b.f.s.DefaultListableBeanFactory - Returning cached instance of singleton bean 'org.springframework.boot.autoconfigure.condition.BeanTypeRegistry'
5460 [main] DEBUG o.s.b.f.s.DefaultListableBeanFactory - Returning cached instance of singleton bean 'autoConfigurationReport'
5460 [main] DEBUG o.s.c.a.ConfigurationClassBeanDefinitionReader - Registering bean definition for @Bean method org.springframework.boot.autoconfigure.web.JacksonHttpMessageConvertersConfiguration$MappingJackson2XmlHttpMessageConverterConfiguration.mappingJackson2XmlHttpMessageConverter()
5461 [main] DEBUG o.s.b.f.s.DefaultListableBeanFactory - Returning cached instance of singleton bean 'autoConfigurationReport'
5461 [main] DEBUG o.s.b.f.s.DefaultListableBeanFactory - Returning cached instance of singleton bean 'autoConfigurationReport'
5461 [main] DEBUG o.s.b.f.s.DefaultListableBeanFactory - Returning cached instance of singleton bean 'org.springframework.boot.autoconfigure.condition.BeanTypeRegistry'
5461 [main] DEBUG o.s.b.f.s.DefaultListableBeanFactory - Returning cached instance of singleton bean 'org.springframework.boot.autoconfigure.condition.BeanTypeRegistry'
5461 [main] DEBUG o.s.b.f.s.DefaultListableBeanFactory - Returning cached instance of singleton bean 'autoConfigurationReport'
5461 [main] DEBUG o.s.c.a.ConfigurationClassBeanDefinitionReader - Registered bean definition for imported class 'org.springframework.boot.autoconfigure.web.JacksonHttpMessageConvertersConfiguration$MappingJackson2HttpMessageConverterConfiguration'
5461 [main] DEBUG o.s.b.f.s.DefaultListableBeanFactory - Returning cached instance of singleton bean 'org.springframework.boot.autoconfigure.condition.BeanTypeRegistry'
5462 [main] DEBUG o.s.b.f.s.DefaultListableBeanFactory - Returning cached instance of singleton bean 'org.springframework.boot.autoconfigure.condition.BeanTypeRegistry'
5463 [main] DEBUG o.s.b.f.s.DefaultListableBeanFactory - Returning cached instance of singleton bean 'autoConfigurationReport'
5463 [main] DEBUG o.s.c.a.ConfigurationClassBeanDefinitionReader - Registering bean definition for @Bean method org.springframework.boot.autoconfigure.web.JacksonHttpMessageConvertersConfiguration$MappingJackson2HttpMessageConverterConfiguration.mappingJackson2HttpMessageConverter()
5463 [main] DEBUG o.s.c.a.ConfigurationClassBeanDefinitionReader - Registered bean definition for imported class 'org.springframework.boot.autoconfigure.web.JacksonHttpMessageConvertersConfiguration'
5464 [main] DEBUG o.s.c.a.ConfigurationClassBeanDefinitionReader - Registered bean definition for imported class 'org.springframework.boot.autoconfigure.web.HttpMessageConvertersAutoConfiguration'
5466 [main] DEBUG o.s.b.f.s.DefaultListableBeanFactory - Returning cached instance of singleton bean 'org.springframework.boot.autoconfigure.condition.BeanTypeRegistry'
5466 [main] DEBUG o.s.b.f.s.DefaultListableBeanFactory - Returning cached instance of singleton bean 'org.springframework.boot.autoconfigure.condition.BeanTypeRegistry'
5466 [main] DEBUG o.s.b.f.s.DefaultListableBeanFactory - Returning cached instance of singleton bean 'autoConfigurationReport'
5467 [main] DEBUG o.s.c.a.ConfigurationClassBeanDefinitionReader - Registering bean definition for @Bean method org.springframework.boot.autoconfigure.web.HttpMessageConvertersAutoConfiguration.messageConverters()
5467 [main] DEBUG o.s.b.f.s.DefaultListableBeanFactory - Returning cached instance of singleton bean 'autoConfigurationReport'
5467 [main] DEBUG o.s.b.f.s.DefaultListableBeanFactory - Returning cached instance of singleton bean 'autoConfigurationReport'
5468 [main] DEBUG o.s.c.e.PropertySourcesPropertyResolver - Found key 'server.port' in [applicationConfigurationProperties] with type [String]
5471 [main] DEBUG o.s.b.f.s.DefaultListableBeanFactory - Returning cached instance of singleton bean 'autoConfigurationReport'
5471 [main] DEBUG o.s.c.a.ConfigurationClassBeanDefinitionReader - Registered bean definition for imported class 'org.springframework.boot.actuate.autoconfigure.EndpointWebMvcManagementContextConfiguration'
5478 [main] DEBUG o.s.b.f.s.DefaultListableBeanFactory - Returning cached instance of singleton bean 'org.springframework.boot.autoconfigure.condition.BeanTypeRegistry'
5478 [main] DEBUG o.s.b.f.s.DefaultListableBeanFactory - Returning cached instance of singleton bean 'org.springframework.boot.autoconfigure.condition.BeanTypeRegistry'
5478 [main] DEBUG o.s.b.f.s.DefaultListableBeanFactory - Returning cached instance of singleton bean 'autoConfigurationReport'
5478 [main] DEBUG o.s.c.a.ConfigurationClassBeanDefinitionReader - Registering bean definition for @Bean method org.springframework.boot.actuate.autoconfigure.EndpointWebMvcManagementContextConfiguration.endpointHandlerMapping()
5478 [main] DEBUG o.s.b.f.s.DefaultListableBeanFactory - Returning cached instance of singleton bean 'org.springframework.boot.autoconfigure.condition.BeanTypeRegistry'
5479 [main] DEBUG o.s.b.f.s.DefaultListableBeanFactory - Returning cached instance of singleton bean 'org.springframework.boot.autoconfigure.condition.BeanTypeRegistry'
5479 [main] DEBUG o.s.b.f.s.DefaultListableBeanFactory - Returning cached instance of singleton bean 'autoConfigurationReport'
5479 [main] DEBUG o.s.c.a.ConfigurationClassBeanDefinitionReader - Registering bean definition for @Bean method org.springframework.boot.actuate.autoconfigure.EndpointWebMvcManagementContextConfiguration.mvcEndpoints()
5479 [main] DEBUG o.s.b.f.s.DefaultListableBeanFactory - Returning cached instance of singleton bean 'org.springframework.boot.autoconfigure.condition.BeanTypeRegistry'
5479 [main] DEBUG o.s.b.f.s.DefaultListableBeanFactory - Returning cached instance of singleton bean 'org.springframework.boot.autoconfigure.condition.BeanTypeRegistry'
5480 [main] DEBUG o.s.b.f.s.DefaultListableBeanFactory - Returning cached instance of singleton bean 'autoConfigurationReport'
5480 [main] DEBUG o.s.b.f.s.DefaultListableBeanFactory - Returning cached instance of singleton bean 'autoConfigurationReport'
5480 [main] DEBUG o.s.c.a.ConfigurationClassBeanDefinitionReader - Registering bean definition for @Bean method org.springframework.boot.actuate.autoconfigure.EndpointWebMvcManagementContextConfiguration.environmentMvcEndpoint()
5480 [main] DEBUG o.s.b.f.s.DefaultListableBeanFactory - Returning cached instance of singleton bean 'org.springframework.boot.autoconfigure.condition.BeanTypeRegistry'
5480 [main] DEBUG o.s.b.f.s.DefaultListableBeanFactory - Returning cached instance of singleton bean 'org.springframework.boot.autoconfigure.condition.BeanTypeRegistry'
5481 [main] DEBUG o.s.b.f.s.DefaultListableBeanFactory - Returning cached instance of singleton bean 'autoConfigurationReport'
5481 [main] DEBUG o.s.b.f.s.DefaultListableBeanFactory - Returning cached instance of singleton bean 'autoConfigurationReport'
5481 [main] DEBUG o.s.c.a.ConfigurationClassBeanDefinitionReader - Registering bean definition for @Bean method org.springframework.boot.actuate.autoconfigure.EndpointWebMvcManagementContextConfiguration.heapdumpMvcEndpoint()
5481 [main] DEBUG o.s.b.f.s.DefaultListableBeanFactory - Returning cached instance of singleton bean 'org.springframework.boot.autoconfigure.condition.BeanTypeRegistry'
5481 [main] DEBUG o.s.b.f.s.DefaultListableBeanFactory - Returning cached instance of singleton bean 'org.springframework.boot.autoconfigure.condition.BeanTypeRegistry'
5481 [main] DEBUG o.s.b.f.s.DefaultListableBeanFactory - Returning cached instance of singleton bean 'autoConfigurationReport'
5482 [main] DEBUG o.s.b.f.s.DefaultListableBeanFactory - Returning cached instance of singleton bean 'autoConfigurationReport'
5482 [main] DEBUG o.s.c.a.ConfigurationClassBeanDefinitionReader - Registering bean definition for @Bean method org.springframework.boot.actuate.autoconfigure.EndpointWebMvcManagementContextConfiguration.healthMvcEndpoint()
5482 [main] DEBUG o.s.b.f.s.DefaultListableBeanFactory - Returning cached instance of singleton bean 'org.springframework.boot.autoconfigure.condition.BeanTypeRegistry'
5482 [main] DEBUG o.s.b.f.s.DefaultListableBeanFactory - Returning cached instance of singleton bean 'org.springframework.boot.autoconfigure.condition.BeanTypeRegistry'
5482 [main] DEBUG o.s.b.f.s.DefaultListableBeanFactory - Returning cached instance of singleton bean 'autoConfigurationReport'
5482 [main] DEBUG o.s.b.f.s.DefaultListableBeanFactory - Returning cached instance of singleton bean 'autoConfigurationReport'
5483 [main] DEBUG o.s.c.a.ConfigurationClassBeanDefinitionReader - Registering bean definition for @Bean method org.springframework.boot.actuate.autoconfigure.EndpointWebMvcManagementContextConfiguration.metricsMvcEndpoint()
5483 [main] DEBUG o.s.c.e.PropertySourcesPropertyResolver - Could not find key 'logging.file:' in any property source
5483 [main] DEBUG o.s.c.e.PropertySourcesPropertyResolver - Could not find key 'logging.file' in any property source
5483 [main] DEBUG o.s.c.e.PropertySourcesPropertyResolver - Could not find key 'logging.path:' in any property source
5484 [main] DEBUG o.s.c.e.PropertySourcesPropertyResolver - Could not find key 'logging.path' in any property source
5484 [main] DEBUG o.s.b.f.s.DefaultListableBeanFactory - Returning cached instance of singleton bean 'autoConfigurationReport'
5484 [main] DEBUG o.s.b.f.s.DefaultListableBeanFactory - Returning cached instance of singleton bean 'org.springframework.boot.autoconfigure.condition.BeanTypeRegistry'
5484 [main] DEBUG o.s.b.f.s.DefaultListableBeanFactory - Returning cached instance of singleton bean 'org.springframework.boot.autoconfigure.condition.BeanTypeRegistry'
5484 [main] DEBUG o.s.b.f.s.DefaultListableBeanFactory - Returning cached instance of singleton bean 'autoConfigurationReport'
5485 [main] DEBUG o.s.b.f.s.DefaultListableBeanFactory - Returning cached instance of singleton bean 'autoConfigurationReport'
5485 [main] DEBUG o.s.c.a.ConfigurationClassBeanDefinitionReader - Registered bean definition for imported class 'org.springframework.boot.actuate.autoconfigure.EndpointWebMvcAutoConfiguration$EndpointWebMvcConfiguration'
5486 [main] DEBUG o.s.b.f.s.DefaultListableBeanFactory - Returning cached instance of singleton bean 'autoConfigurationReport'
5486 [main] DEBUG o.s.c.a.ConfigurationClassBeanDefinitionReader - Registered bean definition for imported class 'org.springframework.boot.actuate.autoconfigure.EndpointWebMvcAutoConfiguration$ApplicationContextFilterConfiguration'
5486 [main] DEBUG o.s.c.a.ConfigurationClassBeanDefinitionReader - Registering bean definition for @Bean method org.springframework.boot.actuate.autoconfigure.EndpointWebMvcAutoConfiguration$ApplicationContextFilterConfiguration.applicationContextIdFilter()
5487 [main] DEBUG o.s.c.a.ConfigurationClassBeanDefinitionReader - Registered bean definition for imported class 'org.springframework.boot.actuate.autoconfigure.EndpointWebMvcAutoConfiguration'
5487 [main] DEBUG o.s.c.a.ConfigurationClassBeanDefinitionReader - Registering bean definition for @Bean method org.springframework.boot.actuate.autoconfigure.EndpointWebMvcAutoConfiguration.managementContextResolver()
5487 [main] DEBUG o.s.c.a.ConfigurationClassBeanDefinitionReader - Registering bean definition for @Bean method org.springframework.boot.actuate.autoconfigure.EndpointWebMvcAutoConfiguration.managementServletContext()
5487 [main] DEBUG o.s.b.f.s.DefaultListableBeanFactory - Returning cached instance of singleton bean 'autoConfigurationReport'
5487 [main] DEBUG o.s.c.a.ConfigurationClassBeanDefinitionReader - Registered bean definition for imported class 'org.springframework.boot.actuate.autoconfigure.MetricExportAutoConfiguration$MetricExportPropertiesConfiguration'
5488 [main] DEBUG o.s.b.f.s.DefaultListableBeanFactory - Returning cached instance of singleton bean 'org.springframework.boot.autoconfigure.condition.BeanTypeRegistry'
5492 [main] DEBUG o.s.b.f.s.DefaultListableBeanFactory - Returning cached instance of singleton bean 'org.springframework.boot.autoconfigure.condition.BeanTypeRegistry'
5492 [main] DEBUG o.s.b.f.s.DefaultListableBeanFactory - Returning cached instance of singleton bean 'autoConfigurationReport'
5492 [main] DEBUG o.s.c.a.ConfigurationClassBeanDefinitionReader - Registering bean definition for @Bean method org.springframework.boot.actuate.autoconfigure.MetricExportAutoConfiguration$MetricExportPropertiesConfiguration.spring.metrics.export-org.springframework.boot.actuate.metrics.export.MetricExportProperties()
5492 [main] DEBUG o.s.c.a.ConfigurationClassBeanDefinitionReader - Registered bean definition for imported class 'org.springframework.boot.actuate.autoconfigure.MetricExportAutoConfiguration$StatsdConfiguration'
5492 [main] DEBUG o.s.b.f.s.DefaultListableBeanFactory - Returning cached instance of singleton bean 'autoConfigurationReport'
5492 [main] DEBUG o.s.c.a.ConfigurationClassBeanDefinitionReader - Registered bean definition for imported class 'org.springframework.scheduling.annotation.SchedulingConfiguration'
5492 [main] DEBUG o.s.c.a.ConfigurationClassBeanDefinitionReader - Registering bean definition for @Bean method org.springframework.scheduling.annotation.SchedulingConfiguration.org.springframework.context.annotation.internalScheduledAnnotationProcessor()
5492 [main] DEBUG o.s.c.a.ConfigurationClassBeanDefinitionReader - Registered bean definition for imported class 'org.springframework.boot.actuate.autoconfigure.MetricExportAutoConfiguration'
5493 [main] DEBUG o.s.b.f.s.DefaultListableBeanFactory - Returning cached instance of singleton bean 'autoConfigurationReport'
5493 [main] DEBUG o.s.c.a.ConfigurationClassBeanDefinitionReader - Registering bean definition for @Bean method org.springframework.boot.actuate.autoconfigure.MetricExportAutoConfiguration.metricWritersMetricExporter()
5493 [main] DEBUG o.s.b.f.s.DefaultListableBeanFactory - Returning cached instance of singleton bean 'autoConfigurationReport'
5493 [main] DEBUG o.s.b.f.s.DefaultListableBeanFactory - Returning cached instance of singleton bean 'autoConfigurationReport'
5493 [main] DEBUG o.s.b.f.s.DefaultListableBeanFactory - Returning cached instance of singleton bean 'org.springframework.boot.autoconfigure.condition.BeanTypeRegistry'
5495 [main] DEBUG o.s.b.f.s.DefaultListableBeanFactory - Returning cached instance of singleton bean 'org.springframework.boot.autoconfigure.condition.BeanTypeRegistry'
5495 [main] DEBUG o.s.b.f.s.DefaultListableBeanFactory - Returning cached instance of singleton bean 'org.springframework.boot.autoconfigure.condition.BeanTypeRegistry'
5495 [main] DEBUG o.s.b.f.s.DefaultListableBeanFactory - Returning cached instance of singleton bean 'org.springframework.boot.autoconfigure.condition.BeanTypeRegistry'
5495 [main] DEBUG o.s.b.f.s.DefaultListableBeanFactory - Returning cached instance of singleton bean 'autoConfigurationReport'
5496 [main] DEBUG o.s.c.a.ConfigurationClassBeanDefinitionReader - Registered bean definition for imported class 'org.springframework.boot.actuate.autoconfigure.MetricFilterAutoConfiguration'
5496 [main] DEBUG o.s.c.a.ConfigurationClassBeanDefinitionReader - Registering bean definition for @Bean method org.springframework.boot.actuate.autoconfigure.MetricFilterAutoConfiguration.metricsFilter()
5496 [main] DEBUG o.s.c.a.ConfigurationClassBeanDefinitionReader - Registered bean definition for imported class 'org.springframework.boot.actuate.autoconfigure.TraceRepositoryAutoConfiguration'
5496 [main] DEBUG o.s.b.f.s.DefaultListableBeanFactory - Returning cached instance of singleton bean 'org.springframework.boot.autoconfigure.condition.BeanTypeRegistry'
5498 [main] DEBUG o.s.b.f.s.DefaultListableBeanFactory - Returning cached instance of singleton bean 'org.springframework.boot.autoconfigure.condition.BeanTypeRegistry'
5498 [main] DEBUG o.s.b.f.s.DefaultListableBeanFactory - Returning cached instance of singleton bean 'autoConfigurationReport'
5498 [main] DEBUG o.s.c.a.ConfigurationClassBeanDefinitionReader - Registering bean definition for @Bean method org.springframework.boot.actuate.autoconfigure.TraceRepositoryAutoConfiguration.traceRepository()
5498 [main] DEBUG o.s.b.f.s.DefaultListableBeanFactory - Returning cached instance of singleton bean 'autoConfigurationReport'
5498 [main] DEBUG o.s.c.a.ConfigurationClassBeanDefinitionReader - Registered bean definition for imported class 'org.springframework.boot.actuate.autoconfigure.TraceWebFilterAutoConfiguration'
5499 [main] DEBUG o.s.b.f.s.DefaultListableBeanFactory - Returning cached instance of singleton bean 'org.springframework.boot.autoconfigure.condition.BeanTypeRegistry'
5501 [main] DEBUG o.s.b.f.s.DefaultListableBeanFactory - Returning cached instance of singleton bean 'org.springframework.boot.autoconfigure.condition.BeanTypeRegistry'
5501 [main] DEBUG o.s.b.f.s.DefaultListableBeanFactory - Returning cached instance of singleton bean 'autoConfigurationReport'
5501 [main] DEBUG o.s.c.a.ConfigurationClassBeanDefinitionReader - Registering bean definition for @Bean method org.springframework.boot.actuate.autoconfigure.TraceWebFilterAutoConfiguration.webRequestLoggingFilter()
5502 [main] DEBUG o.s.c.a.ConfigurationClassBeanDefinitionReader - Registered bean definition for imported class 'org.springframework.boot.autoconfigure.context.ConfigurationPropertiesAutoConfiguration'
5502 [main] DEBUG o.s.b.f.s.DefaultListableBeanFactory - Returning cached instance of singleton bean 'autoConfigurationReport'
5502 [main] DEBUG o.s.b.f.s.DefaultListableBeanFactory - Returning cached instance of singleton bean 'autoConfigurationReport'
5502 [main] DEBUG o.s.b.f.s.DefaultListableBeanFactory - Returning cached instance of singleton bean 'autoConfigurationReport'
5502 [main] DEBUG o.s.c.a.ConfigurationClassBeanDefinitionReader - Registered bean definition for imported class 'org.springframework.boot.autoconfigure.freemarker.FreeMarkerAutoConfiguration$FreeMarkerWebConfiguration'
5502 [main] DEBUG o.s.b.f.s.DefaultListableBeanFactory - Returning cached instance of singleton bean 'org.springframework.boot.autoconfigure.condition.BeanTypeRegistry'
5503 [main] DEBUG o.s.b.f.s.DefaultListableBeanFactory - Returning cached instance of singleton bean 'org.springframework.boot.autoconfigure.condition.BeanTypeRegistry'
5504 [main] DEBUG o.s.b.f.s.DefaultListableBeanFactory - Returning cached instance of singleton bean 'autoConfigurationReport'
5504 [main] DEBUG o.s.c.a.ConfigurationClassBeanDefinitionReader - Registering bean definition for @Bean method org.springframework.boot.autoconfigure.freemarker.FreeMarkerAutoConfiguration$FreeMarkerWebConfiguration.freeMarkerConfigurer()
5504 [main] DEBUG o.s.c.a.ConfigurationClassBeanDefinitionReader - Registering bean definition for @Bean method org.springframework.boot.autoconfigure.freemarker.FreeMarkerAutoConfiguration$FreeMarkerWebConfiguration.freeMarkerConfiguration()
5504 [main] DEBUG o.s.b.f.s.DefaultListableBeanFactory - Returning cached instance of singleton bean 'autoConfigurationReport'
5504 [main] DEBUG o.s.b.f.s.DefaultListableBeanFactory - Returning cached instance of singleton bean 'autoConfigurationReport'
5504 [main] DEBUG o.s.c.a.ConfigurationClassBeanDefinitionReader - Registering bean definition for @Bean method org.springframework.boot.autoconfigure.freemarker.FreeMarkerAutoConfiguration$FreeMarkerWebConfiguration.freeMarkerViewResolver()
5506 [main] DEBUG o.s.b.f.s.DefaultListableBeanFactory - Returning cached instance of singleton bean 'org.springframework.boot.autoconfigure.condition.BeanTypeRegistry'
5506 [main] DEBUG o.s.b.f.s.DefaultListableBeanFactory - Returning cached instance of singleton bean 'org.springframework.boot.autoconfigure.condition.BeanTypeRegistry'
5507 [main] DEBUG o.s.b.f.s.DefaultListableBeanFactory - Returning cached instance of singleton bean 'autoConfigurationReport'
5507 [main] DEBUG o.s.c.e.PropertySourcesPropertyResolver - Found key 'java.runtime.name' in [systemProperties] with type [String]
5507 [main] DEBUG o.s.c.e.PropertySourcesPropertyResolver - Found key 'spring.output.ansi.enabled' in [systemProperties] with type [String]
5507 [main] DEBUG o.s.c.e.PropertySourcesPropertyResolver - Found key 'sun.boot.library.path' in [systemProperties] with type [String]
5507 [main] DEBUG o.s.c.e.PropertySourcesPropertyResolver - Found key 'java.vm.version' in [systemProperties] with type [String]
5507 [main] DEBUG o.s.c.e.PropertySourcesPropertyResolver - Found key 'java.vm.vendor' in [systemProperties] with type [String]
5507 [main] DEBUG o.s.c.e.PropertySourcesPropertyResolver - Found key 'java.vendor.url' in [systemProperties] with type [String]
5507 [main] DEBUG o.s.c.e.PropertySourcesPropertyResolver - Found key 'path.separator' in [systemProperties] with type [String]
5507 [main] DEBUG o.s.c.e.PropertySourcesPropertyResolver - Found key 'idea.launcher.port' in [systemProperties] with type [String]
5507 [main] DEBUG o.s.c.e.PropertySourcesPropertyResolver - Found key 'java.vm.name' in [systemProperties] with type [String]
5507 [main] DEBUG o.s.c.e.PropertySourcesPropertyResolver - Found key 'file.encoding.pkg' in [systemProperties] with type [String]
5507 [main] DEBUG o.s.c.e.PropertySourcesPropertyResolver - Found key 'user.country' in [systemProperties] with type [String]
5507 [main] DEBUG o.s.c.e.PropertySourcesPropertyResolver - Found key 'user.script' in [systemProperties] with type [String]
5508 [main] DEBUG o.s.c.e.PropertySourcesPropertyResolver - Found key 'sun.java.launcher' in [systemProperties] with type [String]
5508 [main] DEBUG o.s.c.e.PropertySourcesPropertyResolver - Found key 'sun.os.patch.level' in [systemProperties] with type [String]
5508 [main] DEBUG o.s.c.e.PropertySourcesPropertyResolver - Found key 'PID' in [systemProperties] with type [String]
5508 [main] DEBUG o.s.c.e.PropertySourcesPropertyResolver - Found key 'java.vm.specification.name' in [systemProperties] with type [String]
5508 [main] DEBUG o.s.c.e.PropertySourcesPropertyResolver - Found key 'user.dir' in [systemProperties] with type [String]
5508 [main] DEBUG o.s.c.e.PropertySourcesPropertyResolver - Found key 'java.runtime.version' in [systemProperties] with type [String]
5508 [main] DEBUG o.s.c.e.PropertySourcesPropertyResolver - Found key 'java.awt.graphicsenv' in [systemProperties] with type [String]
5508 [main] DEBUG o.s.c.e.PropertySourcesPropertyResolver - Found key 'org.jboss.logging.provider' in [systemProperties] with type [String]
5508 [main] DEBUG o.s.c.e.PropertySourcesPropertyResolver - Found key 'java.endorsed.dirs' in [systemProperties] with type [String]
5508 [main] DEBUG o.s.c.e.PropertySourcesPropertyResolver - Found key 'os.arch' in [systemProperties] with type [String]
5508 [main] DEBUG o.s.c.e.PropertySourcesPropertyResolver - Found key 'java.io.tmpdir' in [systemProperties] with type [String]
5508 [main] DEBUG o.s.c.e.PropertySourcesPropertyResolver - Found key 'line.separator' in [systemProperties] with type [String]
5508 [main] DEBUG o.s.c.e.PropertySourcesPropertyResolver - Found key 'java.vm.specification.vendor' in [systemProperties] with type [String]
5508 [main] DEBUG o.s.c.e.PropertySourcesPropertyResolver - Found key 'user.variant' in [systemProperties] with type [String]
5508 [main] DEBUG o.s.c.e.PropertySourcesPropertyResolver - Found key 'os.name' in [systemProperties] with type [String]
5508 [main] DEBUG o.s.c.e.PropertySourcesPropertyResolver - Found key 'sun.jnu.encoding' in [systemProperties] with type [String]
5508 [main] DEBUG o.s.c.e.PropertySourcesPropertyResolver - Found key 'spring.beaninfo.ignore' in [systemProperties] with type [String]
5508 [main] DEBUG o.s.c.e.PropertySourcesPropertyResolver - Found key 'java.library.path' in [systemProperties] with type [String]
5508 [main] DEBUG o.s.c.e.PropertySourcesPropertyResolver - Found key 'java.specification.name' in [systemProperties] with type [String]
5508 [main] DEBUG o.s.c.e.PropertySourcesPropertyResolver - Found key 'java.class.version' in [systemProperties] with type [String]
5508 [main] DEBUG o.s.c.e.PropertySourcesPropertyResolver - Found key 'sun.management.compiler' in [systemProperties] with type [String]
5508 [main] DEBUG o.s.c.e.PropertySourcesPropertyResolver - Found key 'os.version' in [systemProperties] with type [String]
5508 [main] DEBUG o.s.c.e.PropertySourcesPropertyResolver - Found key 'user.home' in [systemProperties] with type [String]
5508 [main] DEBUG o.s.c.e.PropertySourcesPropertyResolver - Found key 'user.timezone' in [systemProperties] with type [String]
5508 [main] DEBUG o.s.c.e.PropertySourcesPropertyResolver - Found key 'java.awt.printerjob' in [systemProperties] with type [String]
5508 [main] DEBUG o.s.c.e.PropertySourcesPropertyResolver - Found key 'file.encoding' in [systemProperties] with type [String]
5508 [main] DEBUG o.s.c.e.PropertySourcesPropertyResolver - Found key 'idea.launcher.bin.path' in [systemProperties] with type [String]
5508 [main] DEBUG o.s.c.e.PropertySourcesPropertyResolver - Found key 'java.specification.version' in [systemProperties] with type [String]
5508 [main] DEBUG o.s.c.e.PropertySourcesPropertyResolver - Found key 'java.class.path' in [systemProperties] with type [String]
5508 [main] DEBUG o.s.c.e.PropertySourcesPropertyResolver - Found key 'user.name' in [systemProperties] with type [String]
5508 [main] DEBUG o.s.c.e.PropertySourcesPropertyResolver - Found key 'java.vm.specification.version' in [systemProperties] with type [String]
5508 [main] DEBUG o.s.c.e.PropertySourcesPropertyResolver - Found key 'sun.java.command' in [systemProperties] with type [String]
5509 [main] DEBUG o.s.c.e.PropertySourcesPropertyResolver - Found key 'java.home' in [systemProperties] with type [String]
5509 [main] DEBUG o.s.c.e.PropertySourcesPropertyResolver - Found key 'sun.arch.data.model' in [systemProperties] with type [String]
5509 [main] DEBUG o.s.c.e.PropertySourcesPropertyResolver - Found key 'user.language' in [systemProperties] with type [String]
5509 [main] DEBUG o.s.c.e.PropertySourcesPropertyResolver - Found key 'java.specification.vendor' in [systemProperties] with type [String]
5509 [main] DEBUG o.s.c.e.PropertySourcesPropertyResolver - Found key 'awt.toolkit' in [systemProperties] with type [String]
5509 [main] DEBUG o.s.c.e.PropertySourcesPropertyResolver - Found key 'java.vm.info' in [systemProperties] with type [String]
5509 [main] DEBUG o.s.c.e.PropertySourcesPropertyResolver - Found key 'java.version' in [systemProperties] with type [String]
5509 [main] DEBUG o.s.c.e.PropertySourcesPropertyResolver - Found key 'java.ext.dirs' in [systemProperties] with type [String]
5509 [main] DEBUG o.s.c.e.PropertySourcesPropertyResolver - Found key 'sun.boot.class.path' in [systemProperties] with type [String]
5509 [main] DEBUG o.s.c.e.PropertySourcesPropertyResolver - Found key 'java.awt.headless' in [systemProperties] with type [String]
5509 [main] DEBUG o.s.c.e.PropertySourcesPropertyResolver - Found key 'java.vendor' in [systemProperties] with type [String]
5509 [main] DEBUG o.s.c.e.PropertySourcesPropertyResolver - Found key 'file.separator' in [systemProperties] with type [String]
5509 [main] DEBUG o.s.c.e.PropertySourcesPropertyResolver - Found key 'java.vendor.url.bug' in [systemProperties] with type [String]
5509 [main] DEBUG o.s.c.e.PropertySourcesPropertyResolver - Found key 'sun.io.unicode.encoding' in [systemProperties] with type [String]
5509 [main] DEBUG o.s.c.e.PropertySourcesPropertyResolver - Found key 'sun.cpu.endian' in [systemProperties] with type [String]
5509 [main] DEBUG o.s.c.e.PropertySourcesPropertyResolver - Found key 'sun.desktop' in [systemProperties] with type [String]
5509 [main] DEBUG o.s.c.e.PropertySourcesPropertyResolver - Found key 'sun.cpu.isalist' in [systemProperties] with type [String]
5509 [main] DEBUG o.s.c.e.PropertySourcesPropertyResolver - Found key 'LOCALAPPDATA' in [systemEnvironment] with type [String]
5509 [main] DEBUG o.s.c.e.PropertySourcesPropertyResolver - Found key 'PROCESSOR_LEVEL' in [systemEnvironment] with type [String]
5509 [main] DEBUG o.s.c.e.PropertySourcesPropertyResolver - Found key 'FP_NO_HOST_CHECK' in [systemEnvironment] with type [String]
5509 [main] DEBUG o.s.c.e.PropertySourcesPropertyResolver - Found key 'USERDOMAIN' in [systemEnvironment] with type [String]
5509 [main] DEBUG o.s.c.e.PropertySourcesPropertyResolver - Found key 'LOGONSERVER' in [systemEnvironment] with type [String]
5509 [main] DEBUG o.s.c.e.PropertySourcesPropertyResolver - Found key 'JAVA_HOME' in [systemEnvironment] with type [String]
5509 [main] DEBUG o.s.c.e.PropertySourcesPropertyResolver - Found key 'SESSIONNAME' in [systemEnvironment] with type [String]
5509 [main] DEBUG o.s.c.e.PropertySourcesPropertyResolver - Found key 'ALLUSERSPROFILE' in [systemEnvironment] with type [String]
5509 [main] DEBUG o.s.c.e.PropertySourcesPropertyResolver - Found key 'PROCESSOR_ARCHITECTURE' in [systemEnvironment] with type [String]
5509 [main] DEBUG o.s.c.e.PropertySourcesPropertyResolver - Found key 'PSModulePath' in [systemEnvironment] with type [String]
5509 [main] DEBUG o.s.c.e.PropertySourcesPropertyResolver - Found key 'SystemDrive' in [systemEnvironment] with type [String]
5509 [main] DEBUG o.s.c.e.PropertySourcesPropertyResolver - Found key 'ERLANG_HOME' in [systemEnvironment] with type [String]
5509 [main] DEBUG o.s.c.e.PropertySourcesPropertyResolver - Found key 'MAVEN_HOME' in [systemEnvironment] with type [String]
5509 [main] DEBUG o.s.c.e.PropertySourcesPropertyResolver - Found key 'APPDATA' in [systemEnvironment] with type [String]
5509 [main] DEBUG o.s.c.e.PropertySourcesPropertyResolver - Found key 'USERNAME' in [systemEnvironment] with type [String]
5509 [main] DEBUG o.s.c.e.PropertySourcesPropertyResolver - Found key 'windows_tracing_logfile' in [systemEnvironment] with type [String]
5509 [main] DEBUG o.s.c.e.PropertySourcesPropertyResolver - Found key 'ProgramFiles(x86)' in [systemEnvironment] with type [String]
5509 [main] DEBUG o.s.c.e.PropertySourcesPropertyResolver - Found key 'VBOX_MSI_INSTALL_PATH' in [systemEnvironment] with type [String]
5509 [main] DEBUG o.s.c.e.PropertySourcesPropertyResolver - Found key 'CommonProgramFiles' in [systemEnvironment] with type [String]
5510 [main] DEBUG o.s.c.e.PropertySourcesPropertyResolver - Found key 'Path' in [systemEnvironment] with type [String]
5510 [main] DEBUG o.s.c.e.PropertySourcesPropertyResolver - Found key 'PATHEXT' in [systemEnvironment] with type [String]
5510 [main] DEBUG o.s.c.e.PropertySourcesPropertyResolver - Found key 'OS' in [systemEnvironment] with type [String]
5510 [main] DEBUG o.s.c.e.PropertySourcesPropertyResolver - Found key 'windows_tracing_flags' in [systemEnvironment] with type [String]
5510 [main] DEBUG o.s.c.e.PropertySourcesPropertyResolver - Found key 'COMPUTERNAME' in [systemEnvironment] with type [String]
5510 [main] DEBUG o.s.c.e.PropertySourcesPropertyResolver - Found key 'PROCESSOR_REVISION' in [systemEnvironment] with type [String]
5510 [main] DEBUG o.s.c.e.PropertySourcesPropertyResolver - Found key 'CommonProgramW6432' in [systemEnvironment] with type [String]
5510 [main] DEBUG o.s.c.e.PropertySourcesPropertyResolver - Found key 'ComSpec' in [systemEnvironment] with type [String]
5510 [main] DEBUG o.s.c.e.PropertySourcesPropertyResolver - Found key 'ProgramData' in [systemEnvironment] with type [String]
5510 [main] DEBUG o.s.c.e.PropertySourcesPropertyResolver - Found key 'ProgramW6432' in [systemEnvironment] with type [String]
5510 [main] DEBUG o.s.c.e.PropertySourcesPropertyResolver - Found key 'RABBITMQ_SERVER' in [systemEnvironment] with type [String]
5510 [main] DEBUG o.s.c.e.PropertySourcesPropertyResolver - Found key 'HOMEPATH' in [systemEnvironment] with type [String]
5510 [main] DEBUG o.s.c.e.PropertySourcesPropertyResolver - Found key 'SystemRoot' in [systemEnvironment] with type [String]
5510 [main] DEBUG o.s.c.e.PropertySourcesPropertyResolver - Found key 'TEMP' in [systemEnvironment] with type [String]
5510 [main] DEBUG o.s.c.e.PropertySourcesPropertyResolver - Found key 'HOMEDRIVE' in [systemEnvironment] with type [String]
5510 [main] DEBUG o.s.c.e.PropertySourcesPropertyResolver - Found key 'PROCESSOR_IDENTIFIER' in [systemEnvironment] with type [String]
5510 [main] DEBUG o.s.c.e.PropertySourcesPropertyResolver - Found key 'USERPROFILE' in [systemEnvironment] with type [String]
5510 [main] DEBUG o.s.c.e.PropertySourcesPropertyResolver - Found key 'TMP' in [systemEnvironment] with type [String]
5510 [main] DEBUG o.s.c.e.PropertySourcesPropertyResolver - Found key 'CommonProgramFiles(x86)' in [systemEnvironment] with type [String]
5510 [main] DEBUG o.s.c.e.PropertySourcesPropertyResolver - Found key 'ProgramFiles' in [systemEnvironment] with type [String]
5510 [main] DEBUG o.s.c.e.PropertySourcesPropertyResolver - Found key 'PUBLIC' in [systemEnvironment] with type [String]
5510 [main] DEBUG o.s.c.e.PropertySourcesPropertyResolver - Found key 'NUMBER_OF_PROCESSORS' in [systemEnvironment] with type [String]
5510 [main] DEBUG o.s.c.e.PropertySourcesPropertyResolver - Found key 'windir' in [systemEnvironment] with type [String]
5510 [main] DEBUG o.s.c.e.PropertySourcesPropertyResolver - Found key 'DOCKER_TOOLBOX_INSTALL_PATH' in [systemEnvironment] with type [String]
5510 [main] DEBUG o.s.c.e.PropertySourcesPropertyResolver - Found key 'server.port' in [applicationConfigurationProperties] with type [String]
5510 [main] DEBUG o.s.c.e.PropertySourcesPropertyResolver - Found key 'eureka.client.serviceUrl.defaultZone' in [applicationConfigurationProperties] with type [String]
5510 [main] DEBUG o.s.c.e.PropertySourcesPropertyResolver - Found key 'eureka.server.enable-self-preservation' in [applicationConfigurationProperties] with type [String]
5510 [main] DEBUG o.s.c.e.PropertySourcesPropertyResolver - Found key 'eureka.client.register-with-eureka' in [applicationConfigurationProperties] with type [String]
5510 [main] DEBUG o.s.c.e.PropertySourcesPropertyResolver - Found key 'server.port' in [applicationConfigurationProperties] with type [String]
5510 [main] DEBUG o.s.c.e.PropertySourcesPropertyResolver - Found key 'eureka.server.eviction-interval-timer-in-ms' in [applicationConfigurationProperties] with type [String]
5510 [main] DEBUG o.s.c.e.PropertySourcesPropertyResolver - Found key 'eureka.client.fetch-registry' in [applicationConfigurationProperties] with type [String]
5510 [main] DEBUG o.s.c.e.PropertySourcesPropertyResolver - Found key 'spring.cloud.client.hostname' in [springCloudClientHostInfo] with type [String]
5510 [main] DEBUG o.s.c.e.PropertySourcesPropertyResolver - Found key 'spring.cloud.client.ipAddress' in [springCloudClientHostInfo] with type [String]
5510 [main] DEBUG o.s.c.e.PropertySourcesPropertyResolver - Found key 'spring.aop.proxyTargetClass' in [defaultProperties] with type [String]
5511 [main] DEBUG o.s.c.e.PropertySourcesPropertyResolver - Found key 'spring.http.encoding.force' in [class path resource [eureka/server.properties]] with type [String]
5516 [main] DEBUG o.s.b.f.s.DefaultListableBeanFactory - Returning cached instance of singleton bean 'autoConfigurationReport'
5516 [main] DEBUG o.s.c.a.ConfigurationClassBeanDefinitionReader - Registered bean definition for imported class 'org.springframework.boot.autoconfigure.freemarker.FreeMarkerAutoConfiguration'
5516 [main] DEBUG o.s.b.f.s.DefaultListableBeanFactory - Returning cached instance of singleton bean 'autoConfigurationReport'
5516 [main] DEBUG o.s.b.f.s.DefaultListableBeanFactory - Returning cached instance of singleton bean 'autoConfigurationReport'
5517 [main] DEBUG o.s.b.f.s.DefaultListableBeanFactory - Returning cached instance of singleton bean 'autoConfigurationReport'
5517 [main] DEBUG o.s.c.a.ConfigurationClassBeanDefinitionReader - Registered bean definition for imported class 'org.springframework.boot.autoconfigure.web.HttpEncodingAutoConfiguration'
5517 [main] DEBUG o.s.b.f.s.DefaultListableBeanFactory - Returning cached instance of singleton bean 'org.springframework.boot.autoconfigure.condition.BeanTypeRegistry'
5518 [main] DEBUG o.s.b.f.s.DefaultListableBeanFactory - Returning cached instance of singleton bean 'org.springframework.boot.autoconfigure.condition.BeanTypeRegistry'
5518 [main] DEBUG o.s.b.f.s.DefaultListableBeanFactory - Returning cached instance of singleton bean 'autoConfigurationReport'
5518 [main] DEBUG o.s.c.a.ConfigurationClassBeanDefinitionReader - Registering bean definition for @Bean method org.springframework.boot.autoconfigure.web.HttpEncodingAutoConfiguration.characterEncodingFilter()
5518 [main] DEBUG o.s.c.a.ConfigurationClassBeanDefinitionReader - Registering bean definition for @Bean method org.springframework.boot.autoconfigure.web.HttpEncodingAutoConfiguration.localeCharsetMappingsCustomizer()
5519 [main] DEBUG o.s.b.f.s.DefaultListableBeanFactory - Returning cached instance of singleton bean 'autoConfigurationReport'
5519 [main] DEBUG o.s.b.f.s.DefaultListableBeanFactory - Returning cached instance of singleton bean 'autoConfigurationReport'
5519 [main] DEBUG o.s.c.a.ConfigurationClassBeanDefinitionReader - Registered bean definition for imported class 'org.springframework.boot.autoconfigure.web.MultipartAutoConfiguration'
5519 [main] DEBUG o.s.b.f.s.DefaultListableBeanFactory - Returning cached instance of singleton bean 'org.springframework.boot.autoconfigure.condition.BeanTypeRegistry'
5520 [main] DEBUG o.s.b.f.s.DefaultListableBeanFactory - Returning cached instance of singleton bean 'org.springframework.boot.autoconfigure.condition.BeanTypeRegistry'
5520 [main] DEBUG o.s.b.f.s.DefaultListableBeanFactory - Returning cached instance of singleton bean 'autoConfigurationReport'
5520 [main] DEBUG o.s.c.a.ConfigurationClassBeanDefinitionReader - Registering bean definition for @Bean method org.springframework.boot.autoconfigure.web.MultipartAutoConfiguration.multipartConfigElement()
5521 [main] DEBUG o.s.b.f.s.DefaultListableBeanFactory - Returning cached instance of singleton bean 'org.springframework.boot.autoconfigure.condition.BeanTypeRegistry'
5521 [main] DEBUG o.s.b.f.s.DefaultListableBeanFactory - Returning cached instance of singleton bean 'org.springframework.boot.autoconfigure.condition.BeanTypeRegistry'
5521 [main] DEBUG o.s.b.f.s.DefaultListableBeanFactory - Returning cached instance of singleton bean 'autoConfigurationReport'
5521 [main] DEBUG o.s.c.a.ConfigurationClassBeanDefinitionReader - Registering bean definition for @Bean method org.springframework.boot.autoconfigure.web.MultipartAutoConfiguration.multipartResolver()
5521 [main] DEBUG o.s.b.f.s.DefaultListableBeanFactory - Returning cached instance of singleton bean 'autoConfigurationReport'
5521 [main] DEBUG o.s.c.a.ConfigurationClassBeanDefinitionReader - Registered bean definition for imported class 'org.springframework.boot.autoconfigure.web.WebClientAutoConfiguration$RestTemplateConfiguration'
5522 [main] DEBUG o.s.b.f.s.DefaultListableBeanFactory - Returning cached instance of singleton bean 'org.springframework.boot.autoconfigure.condition.BeanTypeRegistry'
5523 [main] DEBUG o.s.b.f.s.DefaultListableBeanFactory - Returning cached instance of singleton bean 'org.springframework.boot.autoconfigure.condition.BeanTypeRegistry'
5523 [main] DEBUG o.s.b.f.s.DefaultListableBeanFactory - Returning cached instance of singleton bean 'autoConfigurationReport'
5523 [main] DEBUG o.s.c.a.ConfigurationClassBeanDefinitionReader - Registering bean definition for @Bean method org.springframework.boot.autoconfigure.web.WebClientAutoConfiguration$RestTemplateConfiguration.restTemplateBuilder()
5523 [main] DEBUG o.s.c.a.ConfigurationClassBeanDefinitionReader - Registered bean definition for imported class 'org.springframework.boot.autoconfigure.web.WebClientAutoConfiguration'
5523 [main] DEBUG o.s.b.f.s.DefaultListableBeanFactory - Returning cached instance of singleton bean 'org.springframework.boot.autoconfigure.condition.BeanTypeRegistry'
5524 [main] DEBUG o.s.b.f.s.DefaultListableBeanFactory - Returning cached instance of singleton bean 'org.springframework.boot.autoconfigure.condition.BeanTypeRegistry'
5524 [main] DEBUG o.s.b.f.s.DefaultListableBeanFactory - Returning cached instance of singleton bean 'autoConfigurationReport'
5524 [main] DEBUG o.s.c.a.ConfigurationClassBeanDefinitionReader - Registered bean definition for imported class 'org.springframework.cloud.autoconfigure.ConfigurationPropertiesRebinderAutoConfiguration'
5524 [main] DEBUG o.s.b.f.s.DefaultListableBeanFactory - Returning cached instance of singleton bean 'org.springframework.boot.autoconfigure.condition.BeanTypeRegistry'
5524 [main] DEBUG o.s.b.f.s.DefaultListableBeanFactory - Returning cached instance of singleton bean 'autoConfigurationReport'
5524 [main] DEBUG o.s.c.a.ConfigurationClassBeanDefinitionReader - Registering bean definition for @Bean method org.springframework.cloud.autoconfigure.ConfigurationPropertiesRebinderAutoConfiguration.configurationPropertiesBeans()
5525 [main] DEBUG o.s.b.f.s.DefaultListableBeanFactory - Returning cached instance of singleton bean 'org.springframework.boot.autoconfigure.condition.BeanTypeRegistry'
5525 [main] DEBUG o.s.b.f.s.DefaultListableBeanFactory - Returning cached instance of singleton bean 'autoConfigurationReport'
5525 [main] DEBUG o.s.c.a.ConfigurationClassBeanDefinitionReader - Registering bean definition for @Bean method org.springframework.cloud.autoconfigure.ConfigurationPropertiesRebinderAutoConfiguration.configurationPropertiesRebinder()
5525 [main] DEBUG o.s.b.f.s.DefaultListableBeanFactory - Returning cached instance of singleton bean 'autoConfigurationReport'
5526 [main] DEBUG o.s.b.f.s.DefaultListableBeanFactory - Returning cached instance of singleton bean 'autoConfigurationReport'
5526 [main] DEBUG o.s.b.f.s.DefaultListableBeanFactory - Returning cached instance of singleton bean 'org.springframework.boot.autoconfigure.condition.BeanTypeRegistry'
5526 [main] DEBUG o.s.b.f.s.DefaultListableBeanFactory - Returning cached instance of singleton bean 'org.springframework.boot.autoconfigure.condition.BeanTypeRegistry'
5526 [main] DEBUG o.s.b.f.s.DefaultListableBeanFactory - Returning cached instance of singleton bean 'autoConfigurationReport'
5526 [main] DEBUG o.s.c.a.ConfigurationClassBeanDefinitionReader - Registered bean definition for imported class 'org.springframework.cloud.autoconfigure.RefreshEndpointAutoConfiguration$RefreshEndpointConfiguration'
5527 [main] DEBUG o.s.b.f.s.DefaultListableBeanFactory - Returning cached instance of singleton bean 'org.springframework.boot.autoconfigure.condition.BeanTypeRegistry'
5528 [main] DEBUG o.s.b.f.s.DefaultListableBeanFactory - Returning cached instance of singleton bean 'org.springframework.boot.autoconfigure.condition.BeanTypeRegistry'
5528 [main] DEBUG o.s.b.f.s.DefaultListableBeanFactory - Returning cached instance of singleton bean 'autoConfigurationReport'
5528 [main] DEBUG o.s.c.a.ConfigurationClassBeanDefinitionReader - Registering bean definition for @Bean method org.springframework.cloud.autoconfigure.RefreshEndpointAutoConfiguration$RefreshEndpointConfiguration.refreshEndpoint()
5528 [main] DEBUG o.s.c.a.ConfigurationClassBeanDefinitionReader - Registering bean definition for @Bean method org.springframework.cloud.autoconfigure.RefreshEndpointAutoConfiguration$RefreshEndpointConfiguration.refreshEventListener()
5529 [main] DEBUG o.s.b.f.s.DefaultListableBeanFactory - Returning cached instance of singleton bean 'autoConfigurationReport'
5529 [main] DEBUG o.s.c.a.ConfigurationClassBeanDefinitionReader - Registered bean definition for imported class 'org.springframework.cloud.autoconfigure.RefreshEndpointAutoConfiguration$RestartEndpointWithoutIntegration'
5530 [main] DEBUG o.s.b.f.s.DefaultListableBeanFactory - Returning cached instance of singleton bean 'org.springframework.boot.autoconfigure.condition.BeanTypeRegistry'
5531 [main] DEBUG o.s.b.f.s.DefaultListableBeanFactory - Returning cached instance of singleton bean 'org.springframework.boot.autoconfigure.condition.BeanTypeRegistry'
5531 [main] DEBUG o.s.b.f.s.DefaultListableBeanFactory - Returning cached instance of singleton bean 'autoConfigurationReport'
5531 [main] DEBUG o.s.c.a.ConfigurationClassBeanDefinitionReader - Registering bean definition for @Bean method org.springframework.cloud.autoconfigure.RefreshEndpointAutoConfiguration$RestartEndpointWithoutIntegration.restartEndpoint()
5531 [main] DEBUG o.s.c.a.ConfigurationClassBeanDefinitionReader - Registered bean definition for imported class 'org.springframework.cloud.autoconfigure.RefreshEndpointAutoConfiguration'
5531 [main] DEBUG o.s.b.f.s.DefaultListableBeanFactory - Returning cached instance of singleton bean 'autoConfigurationReport'
5533 [main] DEBUG o.s.b.f.s.DefaultListableBeanFactory - Returning cached instance of singleton bean 'org.springframework.boot.autoconfigure.condition.BeanTypeRegistry'
5534 [main] DEBUG o.s.b.f.s.DefaultListableBeanFactory - Returning cached instance of singleton bean 'org.springframework.boot.autoconfigure.condition.BeanTypeRegistry'
5534 [main] DEBUG o.s.b.f.s.DefaultListableBeanFactory - Returning cached instance of singleton bean 'autoConfigurationReport'
5534 [main] DEBUG o.s.b.f.s.DefaultListableBeanFactory - Returning cached instance of singleton bean 'autoConfigurationReport'
5534 [main] DEBUG o.s.c.a.ConfigurationClassBeanDefinitionReader - Registering bean definition for @Bean method org.springframework.cloud.autoconfigure.RefreshEndpointAutoConfiguration.refreshScopeHealthIndicator()
5534 [main] DEBUG o.s.c.a.ConfigurationClassBeanDefinitionReader - Registering bean definition for @Bean method org.springframework.cloud.autoconfigure.RefreshEndpointAutoConfiguration.pauseEndpoint()
5534 [main] DEBUG o.s.c.a.ConfigurationClassBeanDefinitionReader - Registering bean definition for @Bean method org.springframework.cloud.autoconfigure.RefreshEndpointAutoConfiguration.resumeEndpoint()
5535 [main] DEBUG o.s.b.f.s.DefaultListableBeanFactory - Returning cached instance of singleton bean 'autoConfigurationReport'
5535 [main] DEBUG o.s.b.f.s.DefaultListableBeanFactory - Returning cached instance of singleton bean 'autoConfigurationReport'
5535 [main] DEBUG o.s.b.f.s.DefaultListableBeanFactory - Returning cached instance of singleton bean 'org.springframework.boot.autoconfigure.condition.BeanTypeRegistry'
5535 [main] DEBUG o.s.b.f.s.DefaultListableBeanFactory - Returning cached instance of singleton bean 'org.springframework.boot.autoconfigure.condition.BeanTypeRegistry'
5535 [main] DEBUG o.s.b.f.s.DefaultListableBeanFactory - Returning cached instance of singleton bean 'autoConfigurationReport'
5535 [main] DEBUG o.s.c.a.ConfigurationClassBeanDefinitionReader - Registered bean definition for imported class 'org.springframework.cloud.autoconfigure.LifecycleMvcEndpointAutoConfiguration'
5536 [main] DEBUG o.s.b.f.s.DefaultListableBeanFactory - Returning cached instance of singleton bean 'autoConfigurationReport'
5536 [main] DEBUG o.s.b.f.s.DefaultListableBeanFactory - Returning cached instance of singleton bean 'org.springframework.boot.autoconfigure.condition.BeanTypeRegistry'
5536 [main] DEBUG o.s.b.f.s.DefaultListableBeanFactory - Returning cached instance of singleton bean 'org.springframework.boot.autoconfigure.condition.BeanTypeRegistry'
5536 [main] DEBUG o.s.b.f.s.DefaultListableBeanFactory - Returning cached instance of singleton bean 'autoConfigurationReport'
5536 [main] DEBUG o.s.c.a.ConfigurationClassBeanDefinitionReader - Registering bean definition for @Bean method org.springframework.cloud.autoconfigure.LifecycleMvcEndpointAutoConfiguration.environmentManagerEndpoint()
5537 [main] DEBUG o.s.b.f.s.DefaultListableBeanFactory - Returning cached instance of singleton bean 'org.springframework.boot.autoconfigure.condition.BeanTypeRegistry'
5538 [main] DEBUG o.s.b.f.s.DefaultListableBeanFactory - Returning cached instance of singleton bean 'org.springframework.boot.autoconfigure.condition.BeanTypeRegistry'
5538 [main] DEBUG o.s.b.f.s.DefaultListableBeanFactory - Returning cached instance of singleton bean 'autoConfigurationReport'
5538 [main] DEBUG o.s.c.a.ConfigurationClassBeanDefinitionReader - Registering bean definition for @Bean method org.springframework.cloud.autoconfigure.LifecycleMvcEndpointAutoConfiguration.refreshMvcEndpoint()
5538 [main] DEBUG o.s.c.a.ConfigurationClassBeanDefinitionReader - Registering bean definition for @Bean method org.springframework.cloud.autoconfigure.LifecycleMvcEndpointAutoConfiguration.restartMvcEndpoint()
5539 [main] DEBUG o.s.b.f.s.DefaultListableBeanFactory - Returning cached instance of singleton bean 'org.springframework.boot.autoconfigure.condition.BeanTypeRegistry'
5539 [main] DEBUG o.s.b.f.s.DefaultListableBeanFactory - Returning cached instance of singleton bean 'org.springframework.boot.autoconfigure.condition.BeanTypeRegistry'
5539 [main] DEBUG o.s.b.f.s.DefaultListableBeanFactory - Returning cached instance of singleton bean 'autoConfigurationReport'
5539 [main] DEBUG o.s.c.a.ConfigurationClassBeanDefinitionReader - Registering bean definition for @Bean method org.springframework.cloud.autoconfigure.LifecycleMvcEndpointAutoConfiguration.pauseMvcEndpoint()
5539 [main] DEBUG o.s.b.f.s.DefaultListableBeanFactory - Returning cached instance of singleton bean 'org.springframework.boot.autoconfigure.condition.BeanTypeRegistry'
5539 [main] DEBUG o.s.b.f.s.DefaultListableBeanFactory - Returning cached instance of singleton bean 'org.springframework.boot.autoconfigure.condition.BeanTypeRegistry'
5539 [main] DEBUG o.s.b.f.s.DefaultListableBeanFactory - Returning cached instance of singleton bean 'autoConfigurationReport'
5540 [main] DEBUG o.s.c.a.ConfigurationClassBeanDefinitionReader - Registering bean definition for @Bean method org.springframework.cloud.autoconfigure.LifecycleMvcEndpointAutoConfiguration.resumeMvcEndpoint()
5540 [main] DEBUG o.s.b.f.s.DefaultListableBeanFactory - Returning cached instance of singleton bean 'org.springframework.boot.autoconfigure.condition.BeanTypeRegistry'
5540 [main] DEBUG o.s.b.f.s.DefaultListableBeanFactory - Returning cached instance of singleton bean 'org.springframework.boot.autoconfigure.condition.BeanTypeRegistry'
5540 [main] DEBUG o.s.b.f.s.DefaultListableBeanFactory - Returning cached instance of singleton bean 'autoConfigurationReport'
5540 [main] DEBUG o.s.b.f.s.DefaultListableBeanFactory - Returning cached instance of singleton bean 'org.springframework.boot.autoconfigure.condition.BeanTypeRegistry'
5540 [main] DEBUG o.s.b.f.s.DefaultListableBeanFactory - Returning cached instance of singleton bean 'org.springframework.boot.autoconfigure.condition.BeanTypeRegistry'
5540 [main] DEBUG o.s.b.f.s.DefaultListableBeanFactory - Returning cached instance of singleton bean 'autoConfigurationReport'
5541 [main] DEBUG o.s.b.f.s.DefaultListableBeanFactory - Returning cached instance of singleton bean 'autoConfigurationReport'
5541 [main] DEBUG o.s.c.a.ConfigurationClassBeanDefinitionReader - Registered bean definition for imported class 'org.springframework.cloud.netflix.ribbon.RibbonAutoConfiguration'
5541 [main] DEBUG o.s.c.a.ConfigurationClassBeanDefinitionReader - Registering bean definition for @Bean method org.springframework.cloud.netflix.ribbon.RibbonAutoConfiguration.ribbonFeature()
5541 [main] DEBUG o.s.c.a.ConfigurationClassBeanDefinitionReader - Registering bean definition for @Bean method org.springframework.cloud.netflix.ribbon.RibbonAutoConfiguration.springClientFactory()
5542 [main] DEBUG o.s.b.f.s.DefaultListableBeanFactory - Returning cached instance of singleton bean 'org.springframework.boot.autoconfigure.condition.BeanTypeRegistry'
5544 [main] DEBUG o.s.b.f.s.DefaultListableBeanFactory - Returning cached instance of singleton bean 'org.springframework.boot.autoconfigure.condition.BeanTypeRegistry'
5544 [main] DEBUG o.s.b.f.s.DefaultListableBeanFactory - Returning cached instance of singleton bean 'autoConfigurationReport'
5544 [main] DEBUG o.s.c.a.ConfigurationClassBeanDefinitionReader - Registering bean definition for @Bean method org.springframework.cloud.netflix.ribbon.RibbonAutoConfiguration.loadBalancerClient()
5545 [main] DEBUG o.s.b.f.s.DefaultListableBeanFactory - Returning cached instance of singleton bean 'autoConfigurationReport'
5545 [main] DEBUG o.s.b.f.s.DefaultListableBeanFactory - Returning cached instance of singleton bean 'org.springframework.boot.autoconfigure.condition.BeanTypeRegistry'
5545 [main] DEBUG o.s.b.f.s.DefaultListableBeanFactory - Returning cached instance of singleton bean 'org.springframework.boot.autoconfigure.condition.BeanTypeRegistry'
5545 [main] DEBUG o.s.b.f.s.DefaultListableBeanFactory - Returning cached instance of singleton bean 'autoConfigurationReport'
5545 [main] DEBUG o.s.c.a.ConfigurationClassBeanDefinitionReader - Registered bean definition for imported class 'org.springframework.cloud.client.loadbalancer.LoadBalancerAutoConfiguration'
5546 [main] DEBUG o.s.c.a.ConfigurationClassBeanDefinitionReader - Registering bean definition for @Bean method org.springframework.cloud.client.loadbalancer.LoadBalancerAutoConfiguration.loadBalancedRestTemplateInitializer()
5547 [main] DEBUG o.s.b.f.s.DefaultListableBeanFactory - Returning cached instance of singleton bean 'org.springframework.boot.autoconfigure.condition.BeanTypeRegistry'
5547 [main] DEBUG o.s.b.f.s.DefaultListableBeanFactory - Returning cached instance of singleton bean 'org.springframework.boot.autoconfigure.condition.BeanTypeRegistry'
5547 [main] DEBUG o.s.b.f.s.DefaultListableBeanFactory - Returning cached instance of singleton bean 'autoConfigurationReport'
5547 [main] DEBUG o.s.c.a.ConfigurationClassBeanDefinitionReader - Registering bean definition for @Bean method org.springframework.cloud.client.loadbalancer.LoadBalancerAutoConfiguration.restTemplateCustomizer()
5547 [main] DEBUG o.s.c.a.ConfigurationClassBeanDefinitionReader - Registering bean definition for @Bean method org.springframework.cloud.client.loadbalancer.LoadBalancerAutoConfiguration.ribbonInterceptor()
5547 [main] DEBUG o.s.b.f.s.DefaultListableBeanFactory - Returning cached instance of singleton bean 'autoConfigurationReport'
5547 [main] DEBUG o.s.b.f.s.DefaultListableBeanFactory - Returning cached instance of singleton bean 'autoConfigurationReport'
5548 [main] DEBUG o.s.b.f.s.DefaultListableBeanFactory - Returning cached instance of singleton bean 'autoConfigurationReport'
5548 [main] DEBUG o.s.c.a.ConfigurationClassBeanDefinitionReader - Registered bean definition for imported class 'org.springframework.cloud.netflix.archaius.ArchaiusAutoConfiguration$PropagateEventsConfiguration'
5548 [main] DEBUG o.s.b.f.s.DefaultListableBeanFactory - Returning cached instance of singleton bean 'autoConfigurationReport'
5548 [main] DEBUG o.s.c.a.ConfigurationClassBeanDefinitionReader - Registered bean definition for imported class 'org.springframework.cloud.netflix.archaius.ArchaiusAutoConfiguration$ArchaiusEndpointConfiguration'
5548 [main] DEBUG o.s.c.a.ConfigurationClassBeanDefinitionReader - Registering bean definition for @Bean method org.springframework.cloud.netflix.archaius.ArchaiusAutoConfiguration$ArchaiusEndpointConfiguration.archaiusEndpoint()
5548 [main] DEBUG o.s.c.a.ConfigurationClassBeanDefinitionReader - Registered bean definition for imported class 'org.springframework.cloud.netflix.archaius.ArchaiusAutoConfiguration'
5548 [main] DEBUG o.s.c.a.ConfigurationClassBeanDefinitionReader - Registering bean definition for @Bean method org.springframework.cloud.netflix.archaius.ArchaiusAutoConfiguration.configurableEnvironmentConfiguration()
5548 [main] DEBUG o.s.b.f.s.DefaultListableBeanFactory - Returning cached instance of singleton bean 'autoConfigurationReport'
5548 [main] DEBUG o.s.c.a.ConfigurationClassBeanDefinitionReader - Registered bean definition for imported class 'org.springframework.cloud.netflix.hystrix.HystrixAutoConfiguration'
5548 [main] DEBUG o.s.b.f.s.DefaultListableBeanFactory - Returning cached instance of singleton bean 'autoConfigurationReport'
5549 [main] DEBUG o.s.c.a.ConfigurationClassBeanDefinitionReader - Registering bean definition for @Bean method org.springframework.cloud.netflix.hystrix.HystrixAutoConfiguration.hystrixHealthIndicator()
5549 [main] DEBUG o.s.b.f.s.DefaultListableBeanFactory - Returning cached instance of singleton bean 'autoConfigurationReport'
5549 [main] DEBUG o.s.b.f.s.DefaultListableBeanFactory - Returning cached instance of singleton bean 'autoConfigurationReport'
5549 [main] DEBUG o.s.b.f.s.DefaultListableBeanFactory - Returning cached instance of singleton bean 'org.springframework.boot.autoconfigure.condition.BeanTypeRegistry'
5555 [main] DEBUG o.s.b.f.s.DefaultListableBeanFactory - Returning cached instance of singleton bean 'org.springframework.boot.autoconfigure.condition.BeanTypeRegistry'
5555 [main] DEBUG o.s.b.f.s.DefaultListableBeanFactory - Returning cached instance of singleton bean 'autoConfigurationReport'
5555 [main] DEBUG o.s.c.a.ConfigurationClassBeanDefinitionReader - Registered bean definition for imported class 'org.springframework.cloud.netflix.ribbon.eureka.RibbonEurekaAutoConfiguration'
5556 [main] DEBUG o.s.b.f.s.DefaultListableBeanFactory - Returning cached instance of singleton bean 'autoConfigurationReport'
5556 [main] DEBUG o.s.b.f.s.DefaultListableBeanFactory - Returning cached instance of singleton bean 'autoConfigurationReport'
5556 [main] DEBUG o.s.b.f.s.DefaultListableBeanFactory - Returning cached instance of singleton bean 'autoConfigurationReport'
5556 [main] DEBUG o.s.c.a.ConfigurationClassBeanDefinitionReader - Registered bean definition for imported class 'org.springframework.cloud.netflix.rx.RxJavaAutoConfiguration$RxJavaReturnValueHandlerConfig'
5556 [main] DEBUG o.s.c.a.ConfigurationClassBeanDefinitionReader - Registering bean definition for @Bean method org.springframework.cloud.netflix.rx.RxJavaAutoConfiguration$RxJavaReturnValueHandlerConfig.singleReturnValueHandler()
5556 [main] DEBUG o.s.c.a.ConfigurationClassBeanDefinitionReader - Registering bean definition for @Bean method org.springframework.cloud.netflix.rx.RxJavaAutoConfiguration$RxJavaReturnValueHandlerConfig.observableMVCConfiguration()
5556 [main] DEBUG o.s.c.a.ConfigurationClassBeanDefinitionReader - Registering bean definition for @Bean method org.springframework.cloud.netflix.rx.RxJavaAutoConfiguration$RxJavaReturnValueHandlerConfig.rxFeature()
5556 [main] DEBUG o.s.c.a.ConfigurationClassBeanDefinitionReader - Registered bean definition for imported class 'org.springframework.cloud.netflix.rx.RxJavaAutoConfiguration'
5568 [main] DEBUG o.s.b.f.s.DefaultListableBeanFactory - Creating shared instance of singleton bean 'refreshScope'
5568 [main] DEBUG o.s.b.f.s.DefaultListableBeanFactory - Creating instance of bean 'refreshScope'
5570 [main] DEBUG o.s.b.f.s.DefaultListableBeanFactory - Eagerly caching bean 'refreshScope' to allow for resolving potential circular references
5570 [main] DEBUG o.s.b.f.s.DefaultListableBeanFactory - Finished creating instance of bean 'refreshScope'
5570 [main] WARN  o.s.c.a.ConfigurationClassPostProcessor - Cannot enhance @Configuration bean definition 'refreshScope' since its singleton instance has been created too early. The typical cause is a non-static @Bean method with a BeanDefinitionRegistryPostProcessor return type: Consider declaring such methods as 'static'.
5573 [main] DEBUG o.s.c.a.ConfigurationClassEnhancer - Successfully enhanced com.yd.Application; enhanced class name is: com.yd.Application$$EnhancerBySpringCGLIB$$875ad1c9
5573 [main] DEBUG o.s.c.a.ConfigurationClassPostProcessor - Replacing bean definition 'application' existing class 'com.yd.Application' with enhanced class 'com.yd.Application$$EnhancerBySpringCGLIB$$875ad1c9'
5575 [main] DEBUG o.s.c.a.ConfigurationClassEnhancer - Successfully enhanced org.springframework.cloud.netflix.eureka.server.EurekaServerConfiguration$EurekaServerConfigBeanConfiguration; enhanced class name is: org.springframework.cloud.netflix.eureka.server.EurekaServerConfiguration$EurekaServerConfigBeanConfiguration$$EnhancerBySpringCGLIB$$a94c807b
5576 [main] DEBUG o.s.c.a.ConfigurationClassPostProcessor - Replacing bean definition 'org.springframework.cloud.netflix.eureka.server.EurekaServerConfiguration$EurekaServerConfigBeanConfiguration' existing class 'org.springframework.cloud.netflix.eureka.server.EurekaServerConfiguration$EurekaServerConfigBeanConfiguration' with enhanced class 'org.springframework.cloud.netflix.eureka.server.EurekaServerConfiguration$EurekaServerConfigBeanConfiguration$$EnhancerBySpringCGLIB$$a94c807b'
5578 [main] DEBUG o.s.c.a.ConfigurationClassEnhancer - Successfully enhanced org.springframework.cloud.netflix.eureka.server.EurekaServerInitializerConfiguration; enhanced class name is: org.springframework.cloud.netflix.eureka.server.EurekaServerInitializerConfiguration$$EnhancerBySpringCGLIB$$a1eabb11
5578 [main] DEBUG o.s.c.a.ConfigurationClassPostProcessor - Replacing bean definition 'org.springframework.cloud.netflix.eureka.server.EurekaServerInitializerConfiguration' existing class 'org.springframework.cloud.netflix.eureka.server.EurekaServerInitializerConfiguration' with enhanced class 'org.springframework.cloud.netflix.eureka.server.EurekaServerInitializerConfiguration$$EnhancerBySpringCGLIB$$a1eabb11'
5584 [main] DEBUG o.s.c.a.ConfigurationClassEnhancer - Successfully enhanced org.springframework.cloud.netflix.eureka.server.EurekaServerConfiguration; enhanced class name is: org.springframework.cloud.netflix.eureka.server.EurekaServerConfiguration$$EnhancerBySpringCGLIB$$f9e40e77
5584 [main] DEBUG o.s.c.a.ConfigurationClassPostProcessor - Replacing bean definition 'org.springframework.cloud.netflix.eureka.server.EurekaServerConfiguration' existing class 'org.springframework.cloud.netflix.eureka.server.EurekaServerConfiguration' with enhanced class 'org.springframework.cloud.netflix.eureka.server.EurekaServerConfiguration$$EnhancerBySpringCGLIB$$f9e40e77'
5586 [main] DEBUG o.s.c.a.ConfigurationClassEnhancer - Successfully enhanced org.springframework.cloud.netflix.eureka.EurekaDiscoveryClientConfiguration$EurekaHealthIndicatorConfiguration; enhanced class name is: org.springframework.cloud.netflix.eureka.EurekaDiscoveryClientConfiguration$EurekaHealthIndicatorConfiguration$$EnhancerBySpringCGLIB$$7f225042
5586 [main] DEBUG o.s.c.a.ConfigurationClassPostProcessor - Replacing bean definition 'org.springframework.cloud.netflix.eureka.EurekaDiscoveryClientConfiguration$EurekaHealthIndicatorConfiguration' existing class 'org.springframework.cloud.netflix.eureka.EurekaDiscoveryClientConfiguration$EurekaHealthIndicatorConfiguration' with enhanced class 'org.springframework.cloud.netflix.eureka.EurekaDiscoveryClientConfiguration$EurekaHealthIndicatorConfiguration$$EnhancerBySpringCGLIB$$7f225042'
5590 [main] DEBUG o.s.c.a.ConfigurationClassEnhancer - Successfully enhanced org.springframework.cloud.netflix.eureka.EurekaDiscoveryClientConfiguration$EurekaClientConfigurationRefresher; enhanced class name is: org.springframework.cloud.netflix.eureka.EurekaDiscoveryClientConfiguration$EurekaClientConfigurationRefresher$$EnhancerBySpringCGLIB$$d9be8efc
5590 [main] DEBUG o.s.c.a.ConfigurationClassPostProcessor - Replacing bean definition 'org.springframework.cloud.netflix.eureka.EurekaDiscoveryClientConfiguration$EurekaClientConfigurationRefresher' existing class 'org.springframework.cloud.netflix.eureka.EurekaDiscoveryClientConfiguration$EurekaClientConfigurationRefresher' with enhanced class 'org.springframework.cloud.netflix.eureka.EurekaDiscoveryClientConfiguration$EurekaClientConfigurationRefresher$$EnhancerBySpringCGLIB$$d9be8efc'
5592 [main] DEBUG o.s.c.a.ConfigurationClassEnhancer - Successfully enhanced org.springframework.cloud.netflix.eureka.EurekaDiscoveryClientConfiguration; enhanced class name is: org.springframework.cloud.netflix.eureka.EurekaDiscoveryClientConfiguration$$EnhancerBySpringCGLIB$$31c787fc
5592 [main] DEBUG o.s.c.a.ConfigurationClassPostProcessor - Replacing bean definition 'org.springframework.cloud.netflix.eureka.EurekaDiscoveryClientConfiguration' existing class 'org.springframework.cloud.netflix.eureka.EurekaDiscoveryClientConfiguration' with enhanced class 'org.springframework.cloud.netflix.eureka.EurekaDiscoveryClientConfiguration$$EnhancerBySpringCGLIB$$31c787fc'
5592 [main] DEBUG o.s.c.a.ConfigurationClassEnhancer - Successfully enhanced org.springframework.boot.autoconfigure.PropertyPlaceholderAutoConfiguration; enhanced class name is: org.springframework.boot.autoconfigure.PropertyPlaceholderAutoConfiguration$$EnhancerBySpringCGLIB$$cc1242c4
5592 [main] DEBUG o.s.c.a.ConfigurationClassPostProcessor - Replacing bean definition 'org.springframework.boot.autoconfigure.PropertyPlaceholderAutoConfiguration' existing class 'org.springframework.boot.autoconfigure.PropertyPlaceholderAutoConfiguration' with enhanced class 'org.springframework.boot.autoconfigure.PropertyPlaceholderAutoConfiguration$$EnhancerBySpringCGLIB$$cc1242c4'
5592 [main] DEBUG o.s.c.a.ConfigurationClassEnhancer - Successfully enhanced org.springframework.boot.autoconfigure.PropertyPlaceholderAutoConfiguration; enhanced class name is: org.springframework.boot.autoconfigure.PropertyPlaceholderAutoConfiguration$$EnhancerBySpringCGLIB$$cc1242c4
5592 [main] DEBUG o.s.c.a.ConfigurationClassPostProcessor - Replacing bean definition 'propertySourcesPlaceholderConfigurer' existing class 'org.springframework.boot.autoconfigure.PropertyPlaceholderAutoConfiguration' with enhanced class 'org.springframework.boot.autoconfigure.PropertyPlaceholderAutoConfiguration$$EnhancerBySpringCGLIB$$cc1242c4'
5595 [main] DEBUG o.s.c.a.ConfigurationClassEnhancer - Successfully enhanced org.springframework.boot.autoconfigure.jackson.JacksonAutoConfiguration$Jackson2ObjectMapperBuilderCustomizerConfiguration; enhanced class name is: org.springframework.boot.autoconfigure.jackson.JacksonAutoConfiguration$Jackson2ObjectMapperBuilderCustomizerConfiguration$$EnhancerBySpringCGLIB$$dd2cc1e3
5595 [main] DEBUG o.s.c.a.ConfigurationClassPostProcessor - Replacing bean definition 'org.springframework.boot.autoconfigure.jackson.JacksonAutoConfiguration$Jackson2ObjectMapperBuilderCustomizerConfiguration' existing class 'org.springframework.boot.autoconfigure.jackson.JacksonAutoConfiguration$Jackson2ObjectMapperBuilderCustomizerConfiguration' with enhanced class 'org.springframework.boot.autoconfigure.jackson.JacksonAutoConfiguration$Jackson2ObjectMapperBuilderCustomizerConfiguration$$EnhancerBySpringCGLIB$$dd2cc1e3'
5597 [main] DEBUG o.s.c.a.ConfigurationClassEnhancer - Successfully enhanced org.springframework.boot.autoconfigure.jackson.JacksonAutoConfiguration$JacksonObjectMapperBuilderConfiguration; enhanced class name is: org.springframework.boot.autoconfigure.jackson.JacksonAutoConfiguration$JacksonObjectMapperBuilderConfiguration$$EnhancerBySpringCGLIB$$2215dbf4
5597 [main] DEBUG o.s.c.a.ConfigurationClassPostProcessor - Replacing bean definition 'org.springframework.boot.autoconfigure.jackson.JacksonAutoConfiguration$JacksonObjectMapperBuilderConfiguration' existing class 'org.springframework.boot.autoconfigure.jackson.JacksonAutoConfiguration$JacksonObjectMapperBuilderConfiguration' with enhanced class 'org.springframework.boot.autoconfigure.jackson.JacksonAutoConfiguration$JacksonObjectMapperBuilderConfiguration$$EnhancerBySpringCGLIB$$2215dbf4'
5601 [main] DEBUG o.s.c.a.ConfigurationClassEnhancer - Successfully enhanced org.springframework.boot.autoconfigure.jackson.JacksonAutoConfiguration$JacksonObjectMapperConfiguration; enhanced class name is: org.springframework.boot.autoconfigure.jackson.JacksonAutoConfiguration$JacksonObjectMapperConfiguration$$EnhancerBySpringCGLIB$$6fc919db
5601 [main] DEBUG o.s.c.a.ConfigurationClassPostProcessor - Replacing bean definition 'org.springframework.boot.autoconfigure.jackson.JacksonAutoConfiguration$JacksonObjectMapperConfiguration' existing class 'org.springframework.boot.autoconfigure.jackson.JacksonAutoConfiguration$JacksonObjectMapperConfiguration' with enhanced class 'org.springframework.boot.autoconfigure.jackson.JacksonAutoConfiguration$JacksonObjectMapperConfiguration$$EnhancerBySpringCGLIB$$6fc919db'
5603 [main] DEBUG o.s.c.a.ConfigurationClassEnhancer - Successfully enhanced org.springframework.boot.autoconfigure.jackson.JacksonAutoConfiguration; enhanced class name is: org.springframework.boot.autoconfigure.jackson.JacksonAutoConfiguration$$EnhancerBySpringCGLIB$$51d4b76a
5603 [main] DEBUG o.s.c.a.ConfigurationClassPostProcessor - Replacing bean definition 'org.springframework.boot.autoconfigure.jackson.JacksonAutoConfiguration' existing class 'org.springframework.boot.autoconfigure.jackson.JacksonAutoConfiguration' with enhanced class 'org.springframework.boot.autoconfigure.jackson.JacksonAutoConfiguration$$EnhancerBySpringCGLIB$$51d4b76a'
5607 [main] DEBUG o.s.c.a.ConfigurationClassEnhancer - Successfully enhanced org.springframework.boot.autoconfigure.websocket.WebSocketAutoConfiguration$TomcatWebSocketConfiguration; enhanced class name is: org.springframework.boot.autoconfigure.websocket.WebSocketAutoConfiguration$TomcatWebSocketConfiguration$$EnhancerBySpringCGLIB$$43081a73
5607 [main] DEBUG o.s.c.a.ConfigurationClassPostProcessor - Replacing bean definition 'org.springframework.boot.autoconfigure.websocket.WebSocketAutoConfiguration$TomcatWebSocketConfiguration' existing class 'org.springframework.boot.autoconfigure.websocket.WebSocketAutoConfiguration$TomcatWebSocketConfiguration' with enhanced class 'org.springframework.boot.autoconfigure.websocket.WebSocketAutoConfiguration$TomcatWebSocketConfiguration$$EnhancerBySpringCGLIB$$43081a73'
5608 [main] DEBUG o.s.c.a.ConfigurationClassEnhancer - Successfully enhanced org.springframework.boot.autoconfigure.websocket.WebSocketAutoConfiguration; enhanced class name is: org.springframework.boot.autoconfigure.websocket.WebSocketAutoConfiguration$$EnhancerBySpringCGLIB$$26e62ea2
5608 [main] DEBUG o.s.c.a.ConfigurationClassPostProcessor - Replacing bean definition 'org.springframework.boot.autoconfigure.websocket.WebSocketAutoConfiguration' existing class 'org.springframework.boot.autoconfigure.websocket.WebSocketAutoConfiguration' with enhanced class 'org.springframework.boot.autoconfigure.websocket.WebSocketAutoConfiguration$$EnhancerBySpringCGLIB$$26e62ea2'
5611 [main] DEBUG o.s.c.a.ConfigurationClassEnhancer - Successfully enhanced org.springframework.boot.autoconfigure.web.EmbeddedServletContainerAutoConfiguration$EmbeddedTomcat; enhanced class name is: org.springframework.boot.autoconfigure.web.EmbeddedServletContainerAutoConfiguration$EmbeddedTomcat$$EnhancerBySpringCGLIB$$c7b8dd66
5611 [main] DEBUG o.s.c.a.ConfigurationClassPostProcessor - Replacing bean definition 'org.springframework.boot.autoconfigure.web.EmbeddedServletContainerAutoConfiguration$EmbeddedTomcat' existing class 'org.springframework.boot.autoconfigure.web.EmbeddedServletContainerAutoConfiguration$EmbeddedTomcat' with enhanced class 'org.springframework.boot.autoconfigure.web.EmbeddedServletContainerAutoConfiguration$EmbeddedTomcat$$EnhancerBySpringCGLIB$$c7b8dd66'
5613 [main] DEBUG o.s.c.a.ConfigurationClassEnhancer - Successfully enhanced org.springframework.boot.autoconfigure.web.EmbeddedServletContainerAutoConfiguration; enhanced class name is: org.springframework.boot.autoconfigure.web.EmbeddedServletContainerAutoConfiguration$$EnhancerBySpringCGLIB$$80a26a8a
5613 [main] DEBUG o.s.c.a.ConfigurationClassPostProcessor - Replacing bean definition 'org.springframework.boot.autoconfigure.web.EmbeddedServletContainerAutoConfiguration' existing class 'org.springframework.boot.autoconfigure.web.EmbeddedServletContainerAutoConfiguration' with enhanced class 'org.springframework.boot.autoconfigure.web.EmbeddedServletContainerAutoConfiguration$$EnhancerBySpringCGLIB$$80a26a8a'
5615 [main] DEBUG o.s.c.a.ConfigurationClassEnhancer - Successfully enhanced org.springframework.boot.autoconfigure.web.DispatcherServletAutoConfiguration$DispatcherServletConfiguration; enhanced class name is: org.springframework.boot.autoconfigure.web.DispatcherServletAutoConfiguration$DispatcherServletConfiguration$$EnhancerBySpringCGLIB$$ba9b499c
5615 [main] DEBUG o.s.c.a.ConfigurationClassPostProcessor - Replacing bean definition 'org.springframework.boot.autoconfigure.web.DispatcherServletAutoConfiguration$DispatcherServletConfiguration' existing class 'org.springframework.boot.autoconfigure.web.DispatcherServletAutoConfiguration$DispatcherServletConfiguration' with enhanced class 'org.springframework.boot.autoconfigure.web.DispatcherServletAutoConfiguration$DispatcherServletConfiguration$$EnhancerBySpringCGLIB$$ba9b499c'
5618 [main] DEBUG o.s.c.a.ConfigurationClassEnhancer - Successfully enhanced org.springframework.boot.autoconfigure.web.DispatcherServletAutoConfiguration$DispatcherServletRegistrationConfiguration; enhanced class name is: org.springframework.boot.autoconfigure.web.DispatcherServletAutoConfiguration$DispatcherServletRegistrationConfiguration$$EnhancerBySpringCGLIB$$358ad8c3
5618 [main] DEBUG o.s.c.a.ConfigurationClassPostProcessor - Replacing bean definition 'org.springframework.boot.autoconfigure.web.DispatcherServletAutoConfiguration$DispatcherServletRegistrationConfiguration' existing class 'org.springframework.boot.autoconfigure.web.DispatcherServletAutoConfiguration$DispatcherServletRegistrationConfiguration' with enhanced class 'org.springframework.boot.autoconfigure.web.DispatcherServletAutoConfiguration$DispatcherServletRegistrationConfiguration$$EnhancerBySpringCGLIB$$358ad8c3'
5620 [main] DEBUG o.s.c.a.ConfigurationClassEnhancer - Successfully enhanced org.springframework.boot.autoconfigure.web.DispatcherServletAutoConfiguration; enhanced class name is: org.springframework.boot.autoconfigure.web.DispatcherServletAutoConfiguration$$EnhancerBySpringCGLIB$$9a9dc9e
5620 [main] DEBUG o.s.c.a.ConfigurationClassPostProcessor - Replacing bean definition 'org.springframework.boot.autoconfigure.web.DispatcherServletAutoConfiguration' existing class 'org.springframework.boot.autoconfigure.web.DispatcherServletAutoConfiguration' with enhanced class 'org.springframework.boot.autoconfigure.web.DispatcherServletAutoConfiguration$$EnhancerBySpringCGLIB$$9a9dc9e'
5622 [main] DEBUG o.s.c.a.ConfigurationClassEnhancer - Successfully enhanced org.springframework.boot.autoconfigure.web.ErrorMvcAutoConfiguration$WhitelabelErrorViewConfiguration; enhanced class name is: org.springframework.boot.autoconfigure.web.ErrorMvcAutoConfiguration$WhitelabelErrorViewConfiguration$$EnhancerBySpringCGLIB$$5a7d0bb8
5622 [main] DEBUG o.s.c.a.ConfigurationClassPostProcessor - Replacing bean definition 'org.springframework.boot.autoconfigure.web.ErrorMvcAutoConfiguration$WhitelabelErrorViewConfiguration' existing class 'org.springframework.boot.autoconfigure.web.ErrorMvcAutoConfiguration$WhitelabelErrorViewConfiguration' with enhanced class 'org.springframework.boot.autoconfigure.web.ErrorMvcAutoConfiguration$WhitelabelErrorViewConfiguration$$EnhancerBySpringCGLIB$$5a7d0bb8'
5625 [main] DEBUG o.s.c.a.ConfigurationClassEnhancer - Successfully enhanced org.springframework.boot.autoconfigure.web.ErrorMvcAutoConfiguration; enhanced class name is: org.springframework.boot.autoconfigure.web.ErrorMvcAutoConfiguration$$EnhancerBySpringCGLIB$$ca30a43e
5625 [main] DEBUG o.s.c.a.ConfigurationClassPostProcessor - Replacing bean definition 'org.springframework.boot.autoconfigure.web.ErrorMvcAutoConfiguration' existing class 'org.springframework.boot.autoconfigure.web.ErrorMvcAutoConfiguration' with enhanced class 'org.springframework.boot.autoconfigure.web.ErrorMvcAutoConfiguration$$EnhancerBySpringCGLIB$$ca30a43e'
5626 [main] DEBUG o.s.c.a.ConfigurationClassEnhancer - Successfully enhanced org.springframework.boot.autoconfigure.web.ErrorMvcAutoConfiguration; enhanced class name is: org.springframework.boot.autoconfigure.web.ErrorMvcAutoConfiguration$$EnhancerBySpringCGLIB$$ca30a43e
5626 [main] DEBUG o.s.c.a.ConfigurationClassPostProcessor - Replacing bean definition 'preserveErrorControllerTargetClassPostProcessor' existing class 'org.springframework.boot.autoconfigure.web.ErrorMvcAutoConfiguration' with enhanced class 'org.springframework.boot.autoconfigure.web.ErrorMvcAutoConfiguration$$EnhancerBySpringCGLIB$$ca30a43e'
5633 [main] DEBUG o.s.c.a.ConfigurationClassEnhancer - Successfully enhanced org.springframework.boot.autoconfigure.web.WebMvcAutoConfiguration$EnableWebMvcConfiguration; enhanced class name is: org.springframework.boot.autoconfigure.web.WebMvcAutoConfiguration$EnableWebMvcConfiguration$$EnhancerBySpringCGLIB$$6b633c53
5633 [main] DEBUG o.s.c.a.ConfigurationClassPostProcessor - Replacing bean definition 'org.springframework.boot.autoconfigure.web.WebMvcAutoConfiguration$EnableWebMvcConfiguration' existing class 'org.springframework.boot.autoconfigure.web.WebMvcAutoConfiguration$EnableWebMvcConfiguration' with enhanced class 'org.springframework.boot.autoconfigure.web.WebMvcAutoConfiguration$EnableWebMvcConfiguration$$EnhancerBySpringCGLIB$$6b633c53'
5635 [main] DEBUG o.s.c.a.ConfigurationClassEnhancer - Successfully enhanced org.springframework.boot.autoconfigure.web.WebMvcAutoConfiguration$WebMvcAutoConfigurationAdapter$FaviconConfiguration; enhanced class name is: org.springframework.boot.autoconfigure.web.WebMvcAutoConfiguration$WebMvcAutoConfigurationAdapter$FaviconConfiguration$$EnhancerBySpringCGLIB$$4c52c63e
5635 [main] DEBUG o.s.c.a.ConfigurationClassPostProcessor - Replacing bean definition 'org.springframework.boot.autoconfigure.web.WebMvcAutoConfiguration$WebMvcAutoConfigurationAdapter$FaviconConfiguration' existing class 'org.springframework.boot.autoconfigure.web.WebMvcAutoConfiguration$WebMvcAutoConfigurationAdapter$FaviconConfiguration' with enhanced class 'org.springframework.boot.autoconfigure.web.WebMvcAutoConfiguration$WebMvcAutoConfigurationAdapter$FaviconConfiguration$$EnhancerBySpringCGLIB$$4c52c63e'
5639 [main] DEBUG o.s.c.a.ConfigurationClassEnhancer - Successfully enhanced org.springframework.boot.autoconfigure.web.WebMvcAutoConfiguration$WebMvcAutoConfigurationAdapter; enhanced class name is: org.springframework.boot.autoconfigure.web.WebMvcAutoConfiguration$WebMvcAutoConfigurationAdapter$$EnhancerBySpringCGLIB$$ff38f1c6
5639 [main] DEBUG o.s.c.a.ConfigurationClassPostProcessor - Replacing bean definition 'org.springframework.boot.autoconfigure.web.WebMvcAutoConfiguration$WebMvcAutoConfigurationAdapter' existing class 'org.springframework.boot.autoconfigure.web.WebMvcAutoConfiguration$WebMvcAutoConfigurationAdapter' with enhanced class 'org.springframework.boot.autoconfigure.web.WebMvcAutoConfiguration$WebMvcAutoConfigurationAdapter$$EnhancerBySpringCGLIB$$ff38f1c6'
5639 [main] DEBUG o.s.c.a.ConfigurationClassEnhancer - Successfully enhanced org.springframework.boot.autoconfigure.web.WebMvcAutoConfiguration$WebMvcAutoConfigurationAdapter; enhanced class name is: org.springframework.boot.autoconfigure.web.WebMvcAutoConfiguration$WebMvcAutoConfigurationAdapter$$EnhancerBySpringCGLIB$$ff38f1c6
5639 [main] DEBUG o.s.c.a.ConfigurationClassPostProcessor - Replacing bean definition 'requestContextFilter' existing class 'org.springframework.boot.autoconfigure.web.WebMvcAutoConfiguration$WebMvcAutoConfigurationAdapter' with enhanced class 'org.springframework.boot.autoconfigure.web.WebMvcAutoConfiguration$WebMvcAutoConfigurationAdapter$$EnhancerBySpringCGLIB$$ff38f1c6'
5642 [main] DEBUG o.s.c.a.ConfigurationClassEnhancer - Successfully enhanced org.springframework.boot.autoconfigure.web.WebMvcAutoConfiguration; enhanced class name is: org.springframework.boot.autoconfigure.web.WebMvcAutoConfiguration$$EnhancerBySpringCGLIB$$8372838a
5642 [main] DEBUG o.s.c.a.ConfigurationClassPostProcessor - Replacing bean definition 'org.springframework.boot.autoconfigure.web.WebMvcAutoConfiguration' existing class 'org.springframework.boot.autoconfigure.web.WebMvcAutoConfiguration' with enhanced class 'org.springframework.boot.autoconfigure.web.WebMvcAutoConfiguration$$EnhancerBySpringCGLIB$$8372838a'
5644 [main] DEBUG o.s.c.a.ConfigurationClassEnhancer - Successfully enhanced org.springframework.cloud.autoconfigure.RefreshAutoConfiguration; enhanced class name is: org.springframework.cloud.autoconfigure.RefreshAutoConfiguration$$EnhancerBySpringCGLIB$$d15c5df2
5644 [main] DEBUG o.s.c.a.ConfigurationClassPostProcessor - Replacing bean definition 'org.springframework.cloud.autoconfigure.RefreshAutoConfiguration' existing class 'org.springframework.cloud.autoconfigure.RefreshAutoConfiguration' with enhanced class 'org.springframework.cloud.autoconfigure.RefreshAutoConfiguration$$EnhancerBySpringCGLIB$$d15c5df2'
5644 [main] DEBUG o.s.c.a.ConfigurationClassEnhancer - Successfully enhanced org.springframework.cloud.autoconfigure.RefreshAutoConfiguration; enhanced class name is: org.springframework.cloud.autoconfigure.RefreshAutoConfiguration$$EnhancerBySpringCGLIB$$d15c5df2
5644 [main] DEBUG o.s.c.a.ConfigurationClassPostProcessor - Replacing bean definition 'refreshScope' existing class 'org.springframework.cloud.autoconfigure.RefreshAutoConfiguration' with enhanced class 'org.springframework.cloud.autoconfigure.RefreshAutoConfiguration$$EnhancerBySpringCGLIB$$d15c5df2'
5644 [main] DEBUG o.s.c.a.ConfigurationClassEnhancer - Successfully enhanced org.springframework.cloud.autoconfigure.RefreshAutoConfiguration; enhanced class name is: org.springframework.cloud.autoconfigure.RefreshAutoConfiguration$$EnhancerBySpringCGLIB$$d15c5df2
5644 [main] DEBUG o.s.c.a.ConfigurationClassPostProcessor - Replacing bean definition 'loggingRebinder' existing class 'org.springframework.cloud.autoconfigure.RefreshAutoConfiguration' with enhanced class 'org.springframework.cloud.autoconfigure.RefreshAutoConfiguration$$EnhancerBySpringCGLIB$$d15c5df2'
5647 [main] DEBUG o.s.c.a.ConfigurationClassEnhancer - Successfully enhanced org.springframework.cloud.netflix.eureka.EurekaClientAutoConfiguration$RefreshableEurekaClientConfiguration; enhanced class name is: org.springframework.cloud.netflix.eureka.EurekaClientAutoConfiguration$RefreshableEurekaClientConfiguration$$EnhancerBySpringCGLIB$$37b89666
5647 [main] DEBUG o.s.c.a.ConfigurationClassPostProcessor - Replacing bean definition 'org.springframework.cloud.netflix.eureka.EurekaClientAutoConfiguration$RefreshableEurekaClientConfiguration' existing class 'org.springframework.cloud.netflix.eureka.EurekaClientAutoConfiguration$RefreshableEurekaClientConfiguration' with enhanced class 'org.springframework.cloud.netflix.eureka.EurekaClientAutoConfiguration$RefreshableEurekaClientConfiguration$$EnhancerBySpringCGLIB$$37b89666'
5650 [main] DEBUG o.s.c.a.ConfigurationClassEnhancer - Successfully enhanced org.springframework.cloud.netflix.eureka.EurekaClientAutoConfiguration; enhanced class name is: org.springframework.cloud.netflix.eureka.EurekaClientAutoConfiguration$$EnhancerBySpringCGLIB$$c62ae619
5650 [main] DEBUG o.s.c.a.ConfigurationClassPostProcessor - Replacing bean definition 'org.springframework.cloud.netflix.eureka.EurekaClientAutoConfiguration' existing class 'org.springframework.cloud.netflix.eureka.EurekaClientAutoConfiguration' with enhanced class 'org.springframework.cloud.netflix.eureka.EurekaClientAutoConfiguration$$EnhancerBySpringCGLIB$$c62ae619'
5651 [main] DEBUG o.s.c.a.ConfigurationClassEnhancer - Successfully enhanced org.springframework.cloud.client.CommonsClientAutoConfiguration$ActuatorConfiguration; enhanced class name is: org.springframework.cloud.client.CommonsClientAutoConfiguration$ActuatorConfiguration$$EnhancerBySpringCGLIB$$f62769df
5651 [main] DEBUG o.s.c.a.ConfigurationClassPostProcessor - Replacing bean definition 'org.springframework.cloud.client.CommonsClientAutoConfiguration$ActuatorConfiguration' existing class 'org.springframework.cloud.client.CommonsClientAutoConfiguration$ActuatorConfiguration' with enhanced class 'org.springframework.cloud.client.CommonsClientAutoConfiguration$ActuatorConfiguration$$EnhancerBySpringCGLIB$$f62769df'
5653 [main] DEBUG o.s.c.a.ConfigurationClassEnhancer - Successfully enhanced org.springframework.cloud.client.CommonsClientAutoConfiguration; enhanced class name is: org.springframework.cloud.client.CommonsClientAutoConfiguration$$EnhancerBySpringCGLIB$$33cc7d46
5653 [main] DEBUG o.s.c.a.ConfigurationClassPostProcessor - Replacing bean definition 'org.springframework.cloud.client.CommonsClientAutoConfiguration' existing class 'org.springframework.cloud.client.CommonsClientAutoConfiguration' with enhanced class 'org.springframework.cloud.client.CommonsClientAutoConfiguration$$EnhancerBySpringCGLIB$$33cc7d46'
5655 [main] DEBUG o.s.c.a.ConfigurationClassEnhancer - Successfully enhanced org.springframework.cloud.commons.util.UtilAutoConfiguration; enhanced class name is: org.springframework.cloud.commons.util.UtilAutoConfiguration$$EnhancerBySpringCGLIB$$dbe363ce
5655 [main] DEBUG o.s.c.a.ConfigurationClassPostProcessor - Replacing bean definition 'org.springframework.cloud.commons.util.UtilAutoConfiguration' existing class 'org.springframework.cloud.commons.util.UtilAutoConfiguration' with enhanced class 'org.springframework.cloud.commons.util.UtilAutoConfiguration$$EnhancerBySpringCGLIB$$dbe363ce'
5657 [main] DEBUG o.s.c.a.ConfigurationClassEnhancer - Successfully enhanced org.springframework.boot.actuate.autoconfigure.AuditAutoConfiguration; enhanced class name is: org.springframework.boot.actuate.autoconfigure.AuditAutoConfiguration$$EnhancerBySpringCGLIB$$b7809026
5657 [main] DEBUG o.s.c.a.ConfigurationClassPostProcessor - Replacing bean definition 'org.springframework.boot.actuate.autoconfigure.AuditAutoConfiguration' existing class 'org.springframework.boot.actuate.autoconfigure.AuditAutoConfiguration' with enhanced class 'org.springframework.boot.actuate.autoconfigure.AuditAutoConfiguration$$EnhancerBySpringCGLIB$$b7809026'
5660 [main] DEBUG o.s.c.a.ConfigurationClassEnhancer - Successfully enhanced org.springframework.boot.autoconfigure.info.ProjectInfoAutoConfiguration; enhanced class name is: org.springframework.boot.autoconfigure.info.ProjectInfoAutoConfiguration$$EnhancerBySpringCGLIB$$502fa763
5660 [main] DEBUG o.s.c.a.ConfigurationClassPostProcessor - Replacing bean definition 'org.springframework.boot.autoconfigure.info.ProjectInfoAutoConfiguration' existing class 'org.springframework.boot.autoconfigure.info.ProjectInfoAutoConfiguration' with enhanced class 'org.springframework.boot.autoconfigure.info.ProjectInfoAutoConfiguration$$EnhancerBySpringCGLIB$$502fa763'
5665 [main] DEBUG o.s.c.a.ConfigurationClassEnhancer - Successfully enhanced org.springframework.boot.actuate.autoconfigure.InfoContributorAutoConfiguration; enhanced class name is: org.springframework.boot.actuate.autoconfigure.InfoContributorAutoConfiguration$$EnhancerBySpringCGLIB$$bd9c64f4
5665 [main] DEBUG o.s.c.a.ConfigurationClassPostProcessor - Replacing bean definition 'org.springframework.boot.actuate.autoconfigure.InfoContributorAutoConfiguration' existing class 'org.springframework.boot.actuate.autoconfigure.InfoContributorAutoConfiguration' with enhanced class 'org.springframework.boot.actuate.autoconfigure.InfoContributorAutoConfiguration$$EnhancerBySpringCGLIB$$bd9c64f4'
5668 [main] DEBUG o.s.c.a.ConfigurationClassEnhancer - Successfully enhanced org.springframework.boot.actuate.autoconfigure.HealthIndicatorAutoConfiguration$DiskSpaceHealthIndicatorConfiguration; enhanced class name is: org.springframework.boot.actuate.autoconfigure.HealthIndicatorAutoConfiguration$DiskSpaceHealthIndicatorConfiguration$$EnhancerBySpringCGLIB$$b95f05d6
5668 [main] DEBUG o.s.c.a.ConfigurationClassPostProcessor - Replacing bean definition 'org.springframework.boot.actuate.autoconfigure.HealthIndicatorAutoConfiguration$DiskSpaceHealthIndicatorConfiguration' existing class 'org.springframework.boot.actuate.autoconfigure.HealthIndicatorAutoConfiguration$DiskSpaceHealthIndicatorConfiguration' with enhanced class 'org.springframework.boot.actuate.autoconfigure.HealthIndicatorAutoConfiguration$DiskSpaceHealthIndicatorConfiguration$$EnhancerBySpringCGLIB$$b95f05d6'
5670 [main] DEBUG o.s.c.a.ConfigurationClassEnhancer - Successfully enhanced org.springframework.boot.actuate.autoconfigure.HealthIndicatorAutoConfiguration; enhanced class name is: org.springframework.boot.actuate.autoconfigure.HealthIndicatorAutoConfiguration$$EnhancerBySpringCGLIB$$d2f3bf2e
5670 [main] DEBUG o.s.c.a.ConfigurationClassPostProcessor - Replacing bean definition 'org.springframework.boot.actuate.autoconfigure.HealthIndicatorAutoConfiguration' existing class 'org.springframework.boot.actuate.autoconfigure.HealthIndicatorAutoConfiguration' with enhanced class 'org.springframework.boot.actuate.autoconfigure.HealthIndicatorAutoConfiguration$$EnhancerBySpringCGLIB$$d2f3bf2e'
5672 [main] DEBUG o.s.c.a.ConfigurationClassEnhancer - Successfully enhanced org.springframework.cloud.netflix.metrics.MetricsInterceptorConfiguration$MetricsWebResourceConfiguration; enhanced class name is: org.springframework.cloud.netflix.metrics.MetricsInterceptorConfiguration$MetricsWebResourceConfiguration$$EnhancerBySpringCGLIB$$dd8d6f8f
5672 [main] DEBUG o.s.c.a.ConfigurationClassPostProcessor - Replacing bean definition 'org.springframework.cloud.netflix.metrics.MetricsInterceptorConfiguration$MetricsWebResourceConfiguration' existing class 'org.springframework.cloud.netflix.metrics.MetricsInterceptorConfiguration$MetricsWebResourceConfiguration' with enhanced class 'org.springframework.cloud.netflix.metrics.MetricsInterceptorConfiguration$MetricsWebResourceConfiguration$$EnhancerBySpringCGLIB$$dd8d6f8f'
5674 [main] DEBUG o.s.c.a.ConfigurationClassEnhancer - Successfully enhanced org.springframework.cloud.netflix.metrics.MetricsInterceptorConfiguration; enhanced class name is: org.springframework.cloud.netflix.metrics.MetricsInterceptorConfiguration$$EnhancerBySpringCGLIB$$5d06c7c
5674 [main] DEBUG o.s.c.a.ConfigurationClassPostProcessor - Replacing bean definition 'org.springframework.cloud.netflix.metrics.MetricsInterceptorConfiguration' existing class 'org.springframework.cloud.netflix.metrics.MetricsInterceptorConfiguration' with enhanced class 'org.springframework.cloud.netflix.metrics.MetricsInterceptorConfiguration$$EnhancerBySpringCGLIB$$5d06c7c'
5679 [main] DEBUG o.s.c.a.ConfigurationClassEnhancer - Successfully enhanced org.springframework.cloud.netflix.metrics.servo.ServoMetricsAutoConfiguration; enhanced class name is: org.springframework.cloud.netflix.metrics.servo.ServoMetricsAutoConfiguration$$EnhancerBySpringCGLIB$$ab6a8f0
5679 [main] DEBUG o.s.c.a.ConfigurationClassPostProcessor - Replacing bean definition 'org.springframework.cloud.netflix.metrics.servo.ServoMetricsAutoConfiguration' existing class 'org.springframework.cloud.netflix.metrics.servo.ServoMetricsAutoConfiguration' with enhanced class 'org.springframework.cloud.netflix.metrics.servo.ServoMetricsAutoConfiguration$$EnhancerBySpringCGLIB$$ab6a8f0'
5681 [main] DEBUG o.s.c.a.ConfigurationClassEnhancer - Successfully enhanced org.springframework.boot.actuate.autoconfigure.MetricRepositoryAutoConfiguration; enhanced class name is: org.springframework.boot.actuate.autoconfigure.MetricRepositoryAutoConfiguration$$EnhancerBySpringCGLIB$$2433aaf1
5681 [main] DEBUG o.s.c.a.ConfigurationClassPostProcessor - Replacing bean definition 'org.springframework.boot.actuate.autoconfigure.MetricRepositoryAutoConfiguration' existing class 'org.springframework.boot.actuate.autoconfigure.MetricRepositoryAutoConfiguration' with enhanced class 'org.springframework.boot.actuate.autoconfigure.MetricRepositoryAutoConfiguration$$EnhancerBySpringCGLIB$$2433aaf1'
5683 [main] DEBUG o.s.c.a.ConfigurationClassEnhancer - Successfully enhanced org.springframework.boot.autoconfigure.jmx.JmxAutoConfiguration; enhanced class name is: org.springframework.boot.autoconfigure.jmx.JmxAutoConfiguration$$EnhancerBySpringCGLIB$$93a10966
5683 [main] DEBUG o.s.c.a.ConfigurationClassPostProcessor - Replacing bean definition 'org.springframework.boot.autoconfigure.jmx.JmxAutoConfiguration' existing class 'org.springframework.boot.autoconfigure.jmx.JmxAutoConfiguration' with enhanced class 'org.springframework.boot.autoconfigure.jmx.JmxAutoConfiguration$$EnhancerBySpringCGLIB$$93a10966'
5685 [main] DEBUG o.s.c.a.ConfigurationClassEnhancer - Successfully enhanced org.springframework.boot.actuate.autoconfigure.PublicMetricsAutoConfiguration$TomcatMetricsConfiguration; enhanced class name is: org.springframework.boot.actuate.autoconfigure.PublicMetricsAutoConfiguration$TomcatMetricsConfiguration$$EnhancerBySpringCGLIB$$32299472
5685 [main] DEBUG o.s.c.a.ConfigurationClassPostProcessor - Replacing bean definition 'org.springframework.boot.actuate.autoconfigure.PublicMetricsAutoConfiguration$TomcatMetricsConfiguration' existing class 'org.springframework.boot.actuate.autoconfigure.PublicMetricsAutoConfiguration$TomcatMetricsConfiguration' with enhanced class 'org.springframework.boot.actuate.autoconfigure.PublicMetricsAutoConfiguration$TomcatMetricsConfiguration$$EnhancerBySpringCGLIB$$32299472'
5687 [main] DEBUG o.s.c.a.ConfigurationClassEnhancer - Successfully enhanced org.springframework.boot.actuate.autoconfigure.PublicMetricsAutoConfiguration; enhanced class name is: org.springframework.boot.actuate.autoconfigure.PublicMetricsAutoConfiguration$$EnhancerBySpringCGLIB$$d630ffe7
5687 [main] DEBUG o.s.c.a.ConfigurationClassPostProcessor - Replacing bean definition 'org.springframework.boot.actuate.autoconfigure.PublicMetricsAutoConfiguration' existing class 'org.springframework.boot.actuate.autoconfigure.PublicMetricsAutoConfiguration' with enhanced class 'org.springframework.boot.actuate.autoconfigure.PublicMetricsAutoConfiguration$$EnhancerBySpringCGLIB$$d630ffe7'
5689 [main] DEBUG o.s.c.a.ConfigurationClassEnhancer - Successfully enhanced org.springframework.boot.actuate.autoconfigure.EndpointAutoConfiguration$RequestMappingEndpointConfiguration; enhanced class name is: org.springframework.boot.actuate.autoconfigure.EndpointAutoConfiguration$RequestMappingEndpointConfiguration$$EnhancerBySpringCGLIB$$dd796f54
5689 [main] DEBUG o.s.c.a.ConfigurationClassPostProcessor - Replacing bean definition 'org.springframework.boot.actuate.autoconfigure.EndpointAutoConfiguration$RequestMappingEndpointConfiguration' existing class 'org.springframework.boot.actuate.autoconfigure.EndpointAutoConfiguration$RequestMappingEndpointConfiguration' with enhanced class 'org.springframework.boot.actuate.autoconfigure.EndpointAutoConfiguration$RequestMappingEndpointConfiguration$$EnhancerBySpringCGLIB$$dd796f54'
5693 [main] DEBUG o.s.c.a.ConfigurationClassEnhancer - Successfully enhanced org.springframework.boot.actuate.autoconfigure.EndpointAutoConfiguration; enhanced class name is: org.springframework.boot.actuate.autoconfigure.EndpointAutoConfiguration$$EnhancerBySpringCGLIB$$223ed476
5693 [main] DEBUG o.s.c.a.ConfigurationClassPostProcessor - Replacing bean definition 'org.springframework.boot.actuate.autoconfigure.EndpointAutoConfiguration' existing class 'org.springframework.boot.actuate.autoconfigure.EndpointAutoConfiguration' with enhanced class 'org.springframework.boot.actuate.autoconfigure.EndpointAutoConfiguration$$EnhancerBySpringCGLIB$$223ed476'
5695 [main] DEBUG o.s.c.a.ConfigurationClassEnhancer - Successfully enhanced org.springframework.boot.actuate.autoconfigure.EndpointMBeanExportAutoConfiguration; enhanced class name is: org.springframework.boot.actuate.autoconfigure.EndpointMBeanExportAutoConfiguration$$EnhancerBySpringCGLIB$$fddfccc5
5695 [main] DEBUG o.s.c.a.ConfigurationClassPostProcessor - Replacing bean definition 'org.springframework.boot.actuate.autoconfigure.EndpointMBeanExportAutoConfiguration' existing class 'org.springframework.boot.actuate.autoconfigure.EndpointMBeanExportAutoConfiguration' with enhanced class 'org.springframework.boot.actuate.autoconfigure.EndpointMBeanExportAutoConfiguration$$EnhancerBySpringCGLIB$$fddfccc5'
5698 [main] DEBUG o.s.c.a.ConfigurationClassEnhancer - Successfully enhanced org.springframework.boot.autoconfigure.web.ServerPropertiesAutoConfiguration; enhanced class name is: org.springframework.boot.autoconfigure.web.ServerPropertiesAutoConfiguration$$EnhancerBySpringCGLIB$$ca8b161a
5698 [main] DEBUG o.s.c.a.ConfigurationClassPostProcessor - Replacing bean definition 'org.springframework.boot.autoconfigure.web.ServerPropertiesAutoConfiguration' existing class 'org.springframework.boot.autoconfigure.web.ServerPropertiesAutoConfiguration' with enhanced class 'org.springframework.boot.autoconfigure.web.ServerPropertiesAutoConfiguration$$EnhancerBySpringCGLIB$$ca8b161a'
5700 [main] DEBUG o.s.c.a.ConfigurationClassEnhancer - Successfully enhanced org.springframework.boot.actuate.autoconfigure.ManagementServerPropertiesAutoConfiguration; enhanced class name is: org.springframework.boot.actuate.autoconfigure.ManagementServerPropertiesAutoConfiguration$$EnhancerBySpringCGLIB$$fcefeb92
5701 [main] DEBUG o.s.c.a.ConfigurationClassPostProcessor - Replacing bean definition 'org.springframework.boot.actuate.autoconfigure.ManagementServerPropertiesAutoConfiguration' existing class 'org.springframework.boot.actuate.autoconfigure.ManagementServerPropertiesAutoConfiguration' with enhanced class 'org.springframework.boot.actuate.autoconfigure.ManagementServerPropertiesAutoConfiguration$$EnhancerBySpringCGLIB$$fcefeb92'
5702 [main] DEBUG o.s.c.a.ConfigurationClassEnhancer - Successfully enhanced org.springframework.boot.autoconfigure.web.HttpMessageConvertersAutoConfiguration$StringHttpMessageConverterConfiguration; enhanced class name is: org.springframework.boot.autoconfigure.web.HttpMessageConvertersAutoConfiguration$StringHttpMessageConverterConfiguration$$EnhancerBySpringCGLIB$$6163c34a
5702 [main] DEBUG o.s.c.a.ConfigurationClassPostProcessor - Replacing bean definition 'org.springframework.boot.autoconfigure.web.HttpMessageConvertersAutoConfiguration$StringHttpMessageConverterConfiguration' existing class 'org.springframework.boot.autoconfigure.web.HttpMessageConvertersAutoConfiguration$StringHttpMessageConverterConfiguration' with enhanced class 'org.springframework.boot.autoconfigure.web.HttpMessageConvertersAutoConfiguration$StringHttpMessageConverterConfiguration$$EnhancerBySpringCGLIB$$6163c34a'
5704 [main] DEBUG o.s.c.a.ConfigurationClassEnhancer - Successfully enhanced org.springframework.boot.autoconfigure.web.JacksonHttpMessageConvertersConfiguration$MappingJackson2XmlHttpMessageConverterConfiguration; enhanced class name is: org.springframework.boot.autoconfigure.web.JacksonHttpMessageConvertersConfiguration$MappingJackson2XmlHttpMessageConverterConfiguration$$EnhancerBySpringCGLIB$$d16c6b47
5704 [main] DEBUG o.s.c.a.ConfigurationClassPostProcessor - Replacing bean definition 'org.springframework.boot.autoconfigure.web.JacksonHttpMessageConvertersConfiguration$MappingJackson2XmlHttpMessageConverterConfiguration' existing class 'org.springframework.boot.autoconfigure.web.JacksonHttpMessageConvertersConfiguration$MappingJackson2XmlHttpMessageConverterConfiguration' with enhanced class 'org.springframework.boot.autoconfigure.web.JacksonHttpMessageConvertersConfiguration$MappingJackson2XmlHttpMessageConverterConfiguration$$EnhancerBySpringCGLIB$$d16c6b47'
5706 [main] DEBUG o.s.c.a.ConfigurationClassEnhancer - Successfully enhanced org.springframework.boot.autoconfigure.web.JacksonHttpMessageConvertersConfiguration$MappingJackson2HttpMessageConverterConfiguration; enhanced class name is: org.springframework.boot.autoconfigure.web.JacksonHttpMessageConvertersConfiguration$MappingJackson2HttpMessageConverterConfiguration$$EnhancerBySpringCGLIB$$ef71ed4a
5706 [main] DEBUG o.s.c.a.ConfigurationClassPostProcessor - Replacing bean definition 'org.springframework.boot.autoconfigure.web.JacksonHttpMessageConvertersConfiguration$MappingJackson2HttpMessageConverterConfiguration' existing class 'org.springframework.boot.autoconfigure.web.JacksonHttpMessageConvertersConfiguration$MappingJackson2HttpMessageConverterConfiguration' with enhanced class 'org.springframework.boot.autoconfigure.web.JacksonHttpMessageConvertersConfiguration$MappingJackson2HttpMessageConverterConfiguration$$EnhancerBySpringCGLIB$$ef71ed4a'
5708 [main] DEBUG o.s.c.a.ConfigurationClassEnhancer - Successfully enhanced org.springframework.boot.autoconfigure.web.JacksonHttpMessageConvertersConfiguration; enhanced class name is: org.springframework.boot.autoconfigure.web.JacksonHttpMessageConvertersConfiguration$$EnhancerBySpringCGLIB$$825f85c0
5708 [main] DEBUG o.s.c.a.ConfigurationClassPostProcessor - Replacing bean definition 'org.springframework.boot.autoconfigure.web.JacksonHttpMessageConvertersConfiguration' existing class 'org.springframework.boot.autoconfigure.web.JacksonHttpMessageConvertersConfiguration' with enhanced class 'org.springframework.boot.autoconfigure.web.JacksonHttpMessageConvertersConfiguration$$EnhancerBySpringCGLIB$$825f85c0'
5709 [main] DEBUG o.s.c.a.ConfigurationClassEnhancer - Successfully enhanced org.springframework.boot.autoconfigure.web.HttpMessageConvertersAutoConfiguration; enhanced class name is: org.springframework.boot.autoconfigure.web.HttpMessageConvertersAutoConfiguration$$EnhancerBySpringCGLIB$$a4edb8aa
5709 [main] DEBUG o.s.c.a.ConfigurationClassPostProcessor - Replacing bean definition 'org.springframework.boot.autoconfigure.web.HttpMessageConvertersAutoConfiguration' existing class 'org.springframework.boot.autoconfigure.web.HttpMessageConvertersAutoConfiguration' with enhanced class 'org.springframework.boot.autoconfigure.web.HttpMessageConvertersAutoConfiguration$$EnhancerBySpringCGLIB$$a4edb8aa'
5717 [main] DEBUG o.s.c.a.ConfigurationClassEnhancer - Successfully enhanced org.springframework.boot.actuate.autoconfigure.EndpointWebMvcManagementContextConfiguration; enhanced class name is: org.springframework.boot.actuate.autoconfigure.EndpointWebMvcManagementContextConfiguration$$EnhancerBySpringCGLIB$$f209ac3f
5717 [main] DEBUG o.s.c.a.ConfigurationClassPostProcessor - Replacing bean definition 'org.springframework.boot.actuate.autoconfigure.EndpointWebMvcManagementContextConfiguration' existing class 'org.springframework.boot.actuate.autoconfigure.EndpointWebMvcManagementContextConfiguration' with enhanced class 'org.springframework.boot.actuate.autoconfigure.EndpointWebMvcManagementContextConfiguration$$EnhancerBySpringCGLIB$$f209ac3f'
5718 [main] DEBUG o.s.c.a.ConfigurationClassEnhancer - Successfully enhanced org.springframework.boot.actuate.autoconfigure.EndpointWebMvcAutoConfiguration$EndpointWebMvcConfiguration; enhanced class name is: org.springframework.boot.actuate.autoconfigure.EndpointWebMvcAutoConfiguration$EndpointWebMvcConfiguration$$EnhancerBySpringCGLIB$$fc398ae7
5718 [main] DEBUG o.s.c.a.ConfigurationClassPostProcessor - Replacing bean definition 'org.springframework.boot.actuate.autoconfigure.EndpointWebMvcAutoConfiguration$EndpointWebMvcConfiguration' existing class 'org.springframework.boot.actuate.autoconfigure.EndpointWebMvcAutoConfiguration$EndpointWebMvcConfiguration' with enhanced class 'org.springframework.boot.actuate.autoconfigure.EndpointWebMvcAutoConfiguration$EndpointWebMvcConfiguration$$EnhancerBySpringCGLIB$$fc398ae7'
5720 [main] DEBUG o.s.c.a.ConfigurationClassEnhancer - Successfully enhanced org.springframework.boot.actuate.autoconfigure.EndpointWebMvcAutoConfiguration$ApplicationContextFilterConfiguration; enhanced class name is: org.springframework.boot.actuate.autoconfigure.EndpointWebMvcAutoConfiguration$ApplicationContextFilterConfiguration$$EnhancerBySpringCGLIB$$68c367eb
5720 [main] DEBUG o.s.c.a.ConfigurationClassPostProcessor - Replacing bean definition 'org.springframework.boot.actuate.autoconfigure.EndpointWebMvcAutoConfiguration$ApplicationContextFilterConfiguration' existing class 'org.springframework.boot.actuate.autoconfigure.EndpointWebMvcAutoConfiguration$ApplicationContextFilterConfiguration' with enhanced class 'org.springframework.boot.actuate.autoconfigure.EndpointWebMvcAutoConfiguration$ApplicationContextFilterConfiguration$$EnhancerBySpringCGLIB$$68c367eb'
5723 [main] DEBUG o.s.c.a.ConfigurationClassEnhancer - Successfully enhanced org.springframework.boot.actuate.autoconfigure.EndpointWebMvcAutoConfiguration; enhanced class name is: org.springframework.boot.actuate.autoconfigure.EndpointWebMvcAutoConfiguration$$EnhancerBySpringCGLIB$$c6d76670
5723 [main] DEBUG o.s.c.a.ConfigurationClassPostProcessor - Replacing bean definition 'org.springframework.boot.actuate.autoconfigure.EndpointWebMvcAutoConfiguration' existing class 'org.springframework.boot.actuate.autoconfigure.EndpointWebMvcAutoConfiguration' with enhanced class 'org.springframework.boot.actuate.autoconfigure.EndpointWebMvcAutoConfiguration$$EnhancerBySpringCGLIB$$c6d76670'
5725 [main] DEBUG o.s.c.a.ConfigurationClassEnhancer - Successfully enhanced org.springframework.boot.actuate.autoconfigure.MetricExportAutoConfiguration$MetricExportPropertiesConfiguration; enhanced class name is: org.springframework.boot.actuate.autoconfigure.MetricExportAutoConfiguration$MetricExportPropertiesConfiguration$$EnhancerBySpringCGLIB$$42fbd02
5725 [main] DEBUG o.s.c.a.ConfigurationClassPostProcessor - Replacing bean definition 'org.springframework.boot.actuate.autoconfigure.MetricExportAutoConfiguration$MetricExportPropertiesConfiguration' existing class 'org.springframework.boot.actuate.autoconfigure.MetricExportAutoConfiguration$MetricExportPropertiesConfiguration' with enhanced class 'org.springframework.boot.actuate.autoconfigure.MetricExportAutoConfiguration$MetricExportPropertiesConfiguration$$EnhancerBySpringCGLIB$$42fbd02'
5729 [main] DEBUG o.s.c.a.ConfigurationClassEnhancer - Successfully enhanced org.springframework.boot.actuate.autoconfigure.MetricExportAutoConfiguration$StatsdConfiguration; enhanced class name is: org.springframework.boot.actuate.autoconfigure.MetricExportAutoConfiguration$StatsdConfiguration$$EnhancerBySpringCGLIB$$59df6e34
5729 [main] DEBUG o.s.c.a.ConfigurationClassPostProcessor - Replacing bean definition 'org.springframework.boot.actuate.autoconfigure.MetricExportAutoConfiguration$StatsdConfiguration' existing class 'org.springframework.boot.actuate.autoconfigure.MetricExportAutoConfiguration$StatsdConfiguration' with enhanced class 'org.springframework.boot.actuate.autoconfigure.MetricExportAutoConfiguration$StatsdConfiguration$$EnhancerBySpringCGLIB$$59df6e34'
5733 [main] DEBUG o.s.c.a.ConfigurationClassEnhancer - Successfully enhanced org.springframework.scheduling.annotation.SchedulingConfiguration; enhanced class name is: org.springframework.scheduling.annotation.SchedulingConfiguration$$EnhancerBySpringCGLIB$$b58450c5
5733 [main] DEBUG o.s.c.a.ConfigurationClassPostProcessor - Replacing bean definition 'org.springframework.scheduling.annotation.SchedulingConfiguration' existing class 'org.springframework.scheduling.annotation.SchedulingConfiguration' with enhanced class 'org.springframework.scheduling.annotation.SchedulingConfiguration$$EnhancerBySpringCGLIB$$b58450c5'
5735 [main] DEBUG o.s.c.a.ConfigurationClassEnhancer - Successfully enhanced org.springframework.boot.actuate.autoconfigure.MetricExportAutoConfiguration; enhanced class name is: org.springframework.boot.actuate.autoconfigure.MetricExportAutoConfiguration$$EnhancerBySpringCGLIB$$5c1edb07
5735 [main] DEBUG o.s.c.a.ConfigurationClassPostProcessor - Replacing bean definition 'org.springframework.boot.actuate.autoconfigure.MetricExportAutoConfiguration' existing class 'org.springframework.boot.actuate.autoconfigure.MetricExportAutoConfiguration' with enhanced class 'org.springframework.boot.actuate.autoconfigure.MetricExportAutoConfiguration$$EnhancerBySpringCGLIB$$5c1edb07'
5737 [main] DEBUG o.s.c.a.ConfigurationClassEnhancer - Successfully enhanced org.springframework.boot.actuate.autoconfigure.MetricFilterAutoConfiguration; enhanced class name is: org.springframework.boot.actuate.autoconfigure.MetricFilterAutoConfiguration$$EnhancerBySpringCGLIB$$3085ef43
5737 [main] DEBUG o.s.c.a.ConfigurationClassPostProcessor - Replacing bean definition 'org.springframework.boot.actuate.autoconfigure.MetricFilterAutoConfiguration' existing class 'org.springframework.boot.actuate.autoconfigure.MetricFilterAutoConfiguration' with enhanced class 'org.springframework.boot.actuate.autoconfigure.MetricFilterAutoConfiguration$$EnhancerBySpringCGLIB$$3085ef43'
5738 [main] DEBUG o.s.c.a.ConfigurationClassEnhancer - Successfully enhanced org.springframework.boot.actuate.autoconfigure.TraceRepositoryAutoConfiguration; enhanced class name is: org.springframework.boot.actuate.autoconfigure.TraceRepositoryAutoConfiguration$$EnhancerBySpringCGLIB$$69827fd2
5738 [main] DEBUG o.s.c.a.ConfigurationClassPostProcessor - Replacing bean definition 'org.springframework.boot.actuate.autoconfigure.TraceRepositoryAutoConfiguration' existing class 'org.springframework.boot.actuate.autoconfigure.TraceRepositoryAutoConfiguration' with enhanced class 'org.springframework.boot.actuate.autoconfigure.TraceRepositoryAutoConfiguration$$EnhancerBySpringCGLIB$$69827fd2'
5740 [main] DEBUG o.s.c.a.ConfigurationClassEnhancer - Successfully enhanced org.springframework.boot.actuate.autoconfigure.TraceWebFilterAutoConfiguration; enhanced class name is: org.springframework.boot.actuate.autoconfigure.TraceWebFilterAutoConfiguration$$EnhancerBySpringCGLIB$$c9dc424
5740 [main] DEBUG o.s.c.a.ConfigurationClassPostProcessor - Replacing bean definition 'org.springframework.boot.actuate.autoconfigure.TraceWebFilterAutoConfiguration' existing class 'org.springframework.boot.actuate.autoconfigure.TraceWebFilterAutoConfiguration' with enhanced class 'org.springframework.boot.actuate.autoconfigure.TraceWebFilterAutoConfiguration$$EnhancerBySpringCGLIB$$c9dc424'
5741 [main] DEBUG o.s.c.a.ConfigurationClassEnhancer - Successfully enhanced org.springframework.boot.autoconfigure.context.ConfigurationPropertiesAutoConfiguration; enhanced class name is: org.springframework.boot.autoconfigure.context.ConfigurationPropertiesAutoConfiguration$$EnhancerBySpringCGLIB$$3bf2598
5741 [main] DEBUG o.s.c.a.ConfigurationClassPostProcessor - Replacing bean definition 'org.springframework.boot.autoconfigure.context.ConfigurationPropertiesAutoConfiguration' existing class 'org.springframework.boot.autoconfigure.context.ConfigurationPropertiesAutoConfiguration' with enhanced class 'org.springframework.boot.autoconfigure.context.ConfigurationPropertiesAutoConfiguration$$EnhancerBySpringCGLIB$$3bf2598'
5745 [main] DEBUG o.s.c.a.ConfigurationClassEnhancer - Successfully enhanced org.springframework.boot.autoconfigure.freemarker.FreeMarkerAutoConfiguration$FreeMarkerWebConfiguration; enhanced class name is: org.springframework.boot.autoconfigure.freemarker.FreeMarkerAutoConfiguration$FreeMarkerWebConfiguration$$EnhancerBySpringCGLIB$$25898816
5746 [main] DEBUG o.s.c.a.ConfigurationClassPostProcessor - Replacing bean definition 'org.springframework.boot.autoconfigure.freemarker.FreeMarkerAutoConfiguration$FreeMarkerWebConfiguration' existing class 'org.springframework.boot.autoconfigure.freemarker.FreeMarkerAutoConfiguration$FreeMarkerWebConfiguration' with enhanced class 'org.springframework.boot.autoconfigure.freemarker.FreeMarkerAutoConfiguration$FreeMarkerWebConfiguration$$EnhancerBySpringCGLIB$$25898816'
5748 [main] DEBUG o.s.c.a.ConfigurationClassEnhancer - Successfully enhanced org.springframework.boot.autoconfigure.freemarker.FreeMarkerAutoConfiguration; enhanced class name is: org.springframework.boot.autoconfigure.freemarker.FreeMarkerAutoConfiguration$$EnhancerBySpringCGLIB$$9ab6ccd4
5748 [main] DEBUG o.s.c.a.ConfigurationClassPostProcessor - Replacing bean definition 'org.springframework.boot.autoconfigure.freemarker.FreeMarkerAutoConfiguration' existing class 'org.springframework.boot.autoconfigure.freemarker.FreeMarkerAutoConfiguration' with enhanced class 'org.springframework.boot.autoconfigure.freemarker.FreeMarkerAutoConfiguration$$EnhancerBySpringCGLIB$$9ab6ccd4'
5751 [main] DEBUG o.s.c.a.ConfigurationClassEnhancer - Successfully enhanced org.springframework.boot.autoconfigure.web.HttpEncodingAutoConfiguration; enhanced class name is: org.springframework.boot.autoconfigure.web.HttpEncodingAutoConfiguration$$EnhancerBySpringCGLIB$$eb2200f5
5751 [main] DEBUG o.s.c.a.ConfigurationClassPostProcessor - Replacing bean definition 'org.springframework.boot.autoconfigure.web.HttpEncodingAutoConfiguration' existing class 'org.springframework.boot.autoconfigure.web.HttpEncodingAutoConfiguration' with enhanced class 'org.springframework.boot.autoconfigure.web.HttpEncodingAutoConfiguration$$EnhancerBySpringCGLIB$$eb2200f5'
5752 [main] DEBUG o.s.c.a.ConfigurationClassEnhancer - Successfully enhanced org.springframework.boot.autoconfigure.web.MultipartAutoConfiguration; enhanced class name is: org.springframework.boot.autoconfigure.web.MultipartAutoConfiguration$$EnhancerBySpringCGLIB$$cee34d90
5753 [main] DEBUG o.s.c.a.ConfigurationClassPostProcessor - Replacing bean definition 'org.springframework.boot.autoconfigure.web.MultipartAutoConfiguration' existing class 'org.springframework.boot.autoconfigure.web.MultipartAutoConfiguration' with enhanced class 'org.springframework.boot.autoconfigure.web.MultipartAutoConfiguration$$EnhancerBySpringCGLIB$$cee34d90'
5754 [main] DEBUG o.s.c.a.ConfigurationClassEnhancer - Successfully enhanced org.springframework.boot.autoconfigure.web.WebClientAutoConfiguration$RestTemplateConfiguration; enhanced class name is: org.springframework.boot.autoconfigure.web.WebClientAutoConfiguration$RestTemplateConfiguration$$EnhancerBySpringCGLIB$$1b651161
5754 [main] DEBUG o.s.c.a.ConfigurationClassPostProcessor - Replacing bean definition 'org.springframework.boot.autoconfigure.web.WebClientAutoConfiguration$RestTemplateConfiguration' existing class 'org.springframework.boot.autoconfigure.web.WebClientAutoConfiguration$RestTemplateConfiguration' with enhanced class 'org.springframework.boot.autoconfigure.web.WebClientAutoConfiguration$RestTemplateConfiguration$$EnhancerBySpringCGLIB$$1b651161'
5756 [main] DEBUG o.s.c.a.ConfigurationClassEnhancer - Successfully enhanced org.springframework.boot.autoconfigure.web.WebClientAutoConfiguration; enhanced class name is: org.springframework.boot.autoconfigure.web.WebClientAutoConfiguration$$EnhancerBySpringCGLIB$$24d4befd
5756 [main] DEBUG o.s.c.a.ConfigurationClassPostProcessor - Replacing bean definition 'org.springframework.boot.autoconfigure.web.WebClientAutoConfiguration' existing class 'org.springframework.boot.autoconfigure.web.WebClientAutoConfiguration' with enhanced class 'org.springframework.boot.autoconfigure.web.WebClientAutoConfiguration$$EnhancerBySpringCGLIB$$24d4befd'
5756 [main] DEBUG o.s.c.a.ConfigurationClassEnhancer - Successfully enhanced org.springframework.cloud.autoconfigure.ConfigurationPropertiesRebinderAutoConfiguration; enhanced class name is: org.springframework.cloud.autoconfigure.ConfigurationPropertiesRebinderAutoConfiguration$$EnhancerBySpringCGLIB$$304f9d47
5756 [main] DEBUG o.s.c.a.ConfigurationClassPostProcessor - Replacing bean definition 'org.springframework.cloud.autoconfigure.ConfigurationPropertiesRebinderAutoConfiguration' existing class 'org.springframework.cloud.autoconfigure.ConfigurationPropertiesRebinderAutoConfiguration' with enhanced class 'org.springframework.cloud.autoconfigure.ConfigurationPropertiesRebinderAutoConfiguration$$EnhancerBySpringCGLIB$$304f9d47'
5758 [main] DEBUG o.s.c.a.ConfigurationClassEnhancer - Successfully enhanced org.springframework.cloud.autoconfigure.RefreshEndpointAutoConfiguration$RefreshEndpointConfiguration; enhanced class name is: org.springframework.cloud.autoconfigure.RefreshEndpointAutoConfiguration$RefreshEndpointConfiguration$$EnhancerBySpringCGLIB$$9c8131ab
5758 [main] DEBUG o.s.c.a.ConfigurationClassPostProcessor - Replacing bean definition 'org.springframework.cloud.autoconfigure.RefreshEndpointAutoConfiguration$RefreshEndpointConfiguration' existing class 'org.springframework.cloud.autoconfigure.RefreshEndpointAutoConfiguration$RefreshEndpointConfiguration' with enhanced class 'org.springframework.cloud.autoconfigure.RefreshEndpointAutoConfiguration$RefreshEndpointConfiguration$$EnhancerBySpringCGLIB$$9c8131ab'
5761 [main] DEBUG o.s.c.a.ConfigurationClassEnhancer - Successfully enhanced org.springframework.cloud.autoconfigure.RefreshEndpointAutoConfiguration; enhanced class name is: org.springframework.cloud.autoconfigure.RefreshEndpointAutoConfiguration$$EnhancerBySpringCGLIB$$d9ae9f3d
5761 [main] DEBUG o.s.c.a.ConfigurationClassPostProcessor - Replacing bean definition 'org.springframework.cloud.autoconfigure.RefreshEndpointAutoConfiguration' existing class 'org.springframework.cloud.autoconfigure.RefreshEndpointAutoConfiguration' with enhanced class 'org.springframework.cloud.autoconfigure.RefreshEndpointAutoConfiguration$$EnhancerBySpringCGLIB$$d9ae9f3d'
5765 [main] DEBUG o.s.c.a.ConfigurationClassEnhancer - Successfully enhanced org.springframework.cloud.autoconfigure.LifecycleMvcEndpointAutoConfiguration; enhanced class name is: org.springframework.cloud.autoconfigure.LifecycleMvcEndpointAutoConfiguration$$EnhancerBySpringCGLIB$$c4d608ba
5765 [main] DEBUG o.s.c.a.ConfigurationClassPostProcessor - Replacing bean definition 'org.springframework.cloud.autoconfigure.LifecycleMvcEndpointAutoConfiguration' existing class 'org.springframework.cloud.autoconfigure.LifecycleMvcEndpointAutoConfiguration' with enhanced class 'org.springframework.cloud.autoconfigure.LifecycleMvcEndpointAutoConfiguration$$EnhancerBySpringCGLIB$$c4d608ba'
5768 [main] DEBUG o.s.c.a.ConfigurationClassEnhancer - Successfully enhanced org.springframework.cloud.netflix.ribbon.RibbonAutoConfiguration; enhanced class name is: org.springframework.cloud.netflix.ribbon.RibbonAutoConfiguration$$EnhancerBySpringCGLIB$$1181fa24
5769 [main] DEBUG o.s.c.a.ConfigurationClassPostProcessor - Replacing bean definition 'org.springframework.cloud.netflix.ribbon.RibbonAutoConfiguration' existing class 'org.springframework.cloud.netflix.ribbon.RibbonAutoConfiguration' with enhanced class 'org.springframework.cloud.netflix.ribbon.RibbonAutoConfiguration$$EnhancerBySpringCGLIB$$1181fa24'
5771 [main] DEBUG o.s.c.a.ConfigurationClassEnhancer - Successfully enhanced org.springframework.cloud.client.loadbalancer.LoadBalancerAutoConfiguration; enhanced class name is: org.springframework.cloud.client.loadbalancer.LoadBalancerAutoConfiguration$$EnhancerBySpringCGLIB$$f200ba8b
5772 [main] DEBUG o.s.c.a.ConfigurationClassPostProcessor - Replacing bean definition 'org.springframework.cloud.client.loadbalancer.LoadBalancerAutoConfiguration' existing class 'org.springframework.cloud.client.loadbalancer.LoadBalancerAutoConfiguration' with enhanced class 'org.springframework.cloud.client.loadbalancer.LoadBalancerAutoConfiguration$$EnhancerBySpringCGLIB$$f200ba8b'
5776 [main] DEBUG o.s.c.a.ConfigurationClassEnhancer - Successfully enhanced org.springframework.cloud.netflix.archaius.ArchaiusAutoConfiguration$PropagateEventsConfiguration; enhanced class name is: org.springframework.cloud.netflix.archaius.ArchaiusAutoConfiguration$PropagateEventsConfiguration$$EnhancerBySpringCGLIB$$73bf7fd2
5776 [main] DEBUG o.s.c.a.ConfigurationClassPostProcessor - Replacing bean definition 'org.springframework.cloud.netflix.archaius.ArchaiusAutoConfiguration$PropagateEventsConfiguration' existing class 'org.springframework.cloud.netflix.archaius.ArchaiusAutoConfiguration$PropagateEventsConfiguration' with enhanced class 'org.springframework.cloud.netflix.archaius.ArchaiusAutoConfiguration$PropagateEventsConfiguration$$EnhancerBySpringCGLIB$$73bf7fd2'
5778 [main] DEBUG o.s.c.a.ConfigurationClassEnhancer - Successfully enhanced org.springframework.cloud.netflix.archaius.ArchaiusAutoConfiguration$ArchaiusEndpointConfiguration; enhanced class name is: org.springframework.cloud.netflix.archaius.ArchaiusAutoConfiguration$ArchaiusEndpointConfiguration$$EnhancerBySpringCGLIB$$4eac76a5
5778 [main] DEBUG o.s.c.a.ConfigurationClassPostProcessor - Replacing bean definition 'org.springframework.cloud.netflix.archaius.ArchaiusAutoConfiguration$ArchaiusEndpointConfiguration' existing class 'org.springframework.cloud.netflix.archaius.ArchaiusAutoConfiguration$ArchaiusEndpointConfiguration' with enhanced class 'org.springframework.cloud.netflix.archaius.ArchaiusAutoConfiguration$ArchaiusEndpointConfiguration$$EnhancerBySpringCGLIB$$4eac76a5'
5780 [main] DEBUG o.s.c.a.ConfigurationClassEnhancer - Successfully enhanced org.springframework.cloud.netflix.archaius.ArchaiusAutoConfiguration; enhanced class name is: org.springframework.cloud.netflix.archaius.ArchaiusAutoConfiguration$$EnhancerBySpringCGLIB$$fd7db64
5780 [main] DEBUG o.s.c.a.ConfigurationClassPostProcessor - Replacing bean definition 'org.springframework.cloud.netflix.archaius.ArchaiusAutoConfiguration' existing class 'org.springframework.cloud.netflix.archaius.ArchaiusAutoConfiguration' with enhanced class 'org.springframework.cloud.netflix.archaius.ArchaiusAutoConfiguration$$EnhancerBySpringCGLIB$$fd7db64'
5781 [main] DEBUG o.s.c.a.ConfigurationClassEnhancer - Successfully enhanced org.springframework.cloud.netflix.hystrix.HystrixAutoConfiguration; enhanced class name is: org.springframework.cloud.netflix.hystrix.HystrixAutoConfiguration$$EnhancerBySpringCGLIB$$c3a3fbe2
5781 [main] DEBUG o.s.c.a.ConfigurationClassPostProcessor - Replacing bean definition 'org.springframework.cloud.netflix.hystrix.HystrixAutoConfiguration' existing class 'org.springframework.cloud.netflix.hystrix.HystrixAutoConfiguration' with enhanced class 'org.springframework.cloud.netflix.hystrix.HystrixAutoConfiguration$$EnhancerBySpringCGLIB$$c3a3fbe2'
5783 [main] DEBUG o.s.c.a.ConfigurationClassEnhancer - Successfully enhanced org.springframework.cloud.netflix.ribbon.eureka.RibbonEurekaAutoConfiguration; enhanced class name is: org.springframework.cloud.netflix.ribbon.eureka.RibbonEurekaAutoConfiguration$$EnhancerBySpringCGLIB$$e73fe6ee
5783 [main] DEBUG o.s.c.a.ConfigurationClassPostProcessor - Replacing bean definition 'org.springframework.cloud.netflix.ribbon.eureka.RibbonEurekaAutoConfiguration' existing class 'org.springframework.cloud.netflix.ribbon.eureka.RibbonEurekaAutoConfiguration' with enhanced class 'org.springframework.cloud.netflix.ribbon.eureka.RibbonEurekaAutoConfiguration$$EnhancerBySpringCGLIB$$e73fe6ee'
5785 [main] DEBUG o.s.c.a.ConfigurationClassEnhancer - Successfully enhanced org.springframework.cloud.netflix.rx.RxJavaAutoConfiguration$RxJavaReturnValueHandlerConfig; enhanced class name is: org.springframework.cloud.netflix.rx.RxJavaAutoConfiguration$RxJavaReturnValueHandlerConfig$$EnhancerBySpringCGLIB$$71fdfd73
5785 [main] DEBUG o.s.c.a.ConfigurationClassPostProcessor - Replacing bean definition 'org.springframework.cloud.netflix.rx.RxJavaAutoConfiguration$RxJavaReturnValueHandlerConfig' existing class 'org.springframework.cloud.netflix.rx.RxJavaAutoConfiguration$RxJavaReturnValueHandlerConfig' with enhanced class 'org.springframework.cloud.netflix.rx.RxJavaAutoConfiguration$RxJavaReturnValueHandlerConfig$$EnhancerBySpringCGLIB$$71fdfd73'
5786 [main] DEBUG o.s.c.a.ConfigurationClassEnhancer - Successfully enhanced org.springframework.cloud.netflix.rx.RxJavaAutoConfiguration; enhanced class name is: org.springframework.cloud.netflix.rx.RxJavaAutoConfiguration$$EnhancerBySpringCGLIB$$e2dbf0e2
5786 [main] DEBUG o.s.c.a.ConfigurationClassPostProcessor - Replacing bean definition 'org.springframework.cloud.netflix.rx.RxJavaAutoConfiguration' existing class 'org.springframework.cloud.netflix.rx.RxJavaAutoConfiguration' with enhanced class 'org.springframework.cloud.netflix.rx.RxJavaAutoConfiguration$$EnhancerBySpringCGLIB$$e2dbf0e2'
5786 [main] DEBUG o.s.b.f.s.DefaultListableBeanFactory - Registering scope 'refresh' with implementation [org.springframework.cloud.context.scope.refresh.RefreshScope@51dbd6e4]
5787 [main] DEBUG o.s.c.context.scope.GenericScope - Generating bean factory id from names: [application, applicationContextIdFilter, archaiusEndpoint, auditEventRepository, auditListener, autoConfigurationReportEndpoint, basicErrorController, beanNameHandlerMapping, beanNameViewResolver, beansEndpoint, characterEncodingFilter, commonsFeatures, configurableEnvironmentConfiguration, configurationPropertiesBeans, configurationPropertiesRebinder, configurationPropertiesReportEndpoint, contextRefresher, conventionErrorViewResolver, default.org.springframework.cloud.netflix.ribbon.RibbonAutoConfiguration.RibbonClientSpecification, default.org.springframework.cloud.netflix.ribbon.eureka.RibbonEurekaAutoConfiguration.RibbonClientSpecification, defaultMetricsTagProvider, defaultServletHandlerMapping, defaultViewResolver, discoveryClient, discoveryClientHealthIndicator, discoveryClientOptionalArgs, discoveryCompositeHealthIndicator, diskSpaceHealthIndicator, diskSpaceHealthIndicatorProperties, dispatcherServlet, dispatcherServletRegistration, dumpEndpoint, duplicateServerPropertiesDetector, embeddedServletContainerCustomizerBeanPostProcessor, endpointHandlerMapping, endpointMBeanExporter, endpoints-org.springframework.boot.actuate.endpoint.EndpointProperties, endpoints.cors-org.springframework.boot.actuate.autoconfigure.EndpointCorsProperties, endpoints.health-org.springframework.boot.actuate.autoconfigure.HealthMvcEndpointProperties, endpoints.jmx-org.springframework.boot.actuate.autoconfigure.EndpointMBeanExportProperties, endpoints.metrics.filter-org.springframework.boot.actuate.autoconfigure.MetricFilterProperties, envInfoContributor, environmentEndpoint, environmentManager, environmentManagerEndpoint, environmentMvcEndpoint, error, errorAttributes, errorPageCustomizer, errorPageRegistrarBeanPostProcessor, eureka.dashboard-org.springframework.cloud.netflix.eureka.server.EurekaDashboardProperties, eurekaApplicationInfoManager, eurekaClient, eurekaClientConfigBean, eurekaController, eurekaFeature, eurekaHealthIndicator, eurekaInstanceConfigBean, eurekaServerBootstrap, eurekaServerConfig, eurekaServerContext, eurekaServerFeature, faviconHandlerMapping, faviconRequestHandler, featuresEndpoint, freeMarkerConfiguration, freeMarkerConfigurer, freeMarkerViewResolver, handlerExceptionResolver, healthAggregator, healthEndpoint, healthMvcEndpoint, heapdumpMvcEndpoint, hiddenHttpMethodFilter, httpPutFormContentFilter, httpRequestHandlerAdapter, hystrixHealthIndicator, inetUtils, inetUtilsProperties, infoEndpoint, jacksonObjectMapper, jacksonObjectMapperBuilder, jerseyApplication, jerseyFilterRegistration, jsonComponentModule, loadBalancedRestTemplateInitializer, loadBalancerClient, localeCharsetMappingsCustomizer, loggingRebinder, management.health.status-org.springframework.boot.actuate.autoconfigure.HealthIndicatorProperties, management.info-org.springframework.boot.actuate.autoconfigure.InfoContributorProperties, management.trace-org.springframework.boot.actuate.trace.TraceProperties, managementContextResolver, managementServerProperties, managementServletContext, mappingJackson2HttpMessageConverter, mappingJackson2XmlHttpMessageConverter, mbeanExporter, mbeanServer, messageConverters, metricReaderPublicMetrics, metricWritersMetricExporter, metricsEndpoint, metricsFilter, metricsMvcEndpoint, monitorCache, monitorRegistry, multipartConfigElement, multipartResolver, mvcContentNegotiationManager, mvcConversionService, mvcEndpoints, mvcPathMatcher, mvcResourceUrlProvider, mvcUriComponentsContributor, mvcUrlPathHelper, mvcValidator, mvcViewResolver, objectNamingStrategy, observableMVCConfiguration, org.springframework.boot.actuate.autoconfigure.AuditAutoConfiguration, org.springframework.boot.actuate.autoconfigure.AuditAutoConfiguration$AuditEventRepositoryConfiguration, org.springframework.boot.actuate.autoconfigure.EndpointAutoConfiguration, org.springframework.boot.actuate.autoconfigure.EndpointAutoConfiguration$RequestMappingEndpointConfiguration, org.springframework.boot.actuate.autoconfigure.EndpointMBeanExportAutoConfiguration, org.springframework.boot.actuate.autoconfigure.EndpointWebMvcAutoConfiguration, org.springframework.boot.actuate.autoconfigure.EndpointWebMvcAutoConfiguration$ApplicationContextFilterConfiguration, org.springframework.boot.actuate.autoconfigure.EndpointWebMvcAutoConfiguration$EndpointWebMvcConfiguration, org.springframework.boot.actuate.autoconfigure.EndpointWebMvcManagementContextConfiguration, org.springframework.boot.actuate.autoconfigure.HealthIndicatorAutoConfiguration, org.springframework.boot.actuate.autoconfigure.HealthIndicatorAutoConfiguration$DiskSpaceHealthIndicatorConfiguration, org.springframework.boot.actuate.autoconfigure.InfoContributorAutoConfiguration, org.springframework.boot.actuate.autoconfigure.ManagementServerPropertiesAutoConfiguration, org.springframework.boot.actuate.autoconfigure.MetricExportAutoConfiguration, org.springframework.boot.actuate.autoconfigure.MetricExportAutoConfiguration$MetricExportPropertiesConfiguration, org.springframework.boot.actuate.autoconfigure.MetricExportAutoConfiguration$StatsdConfiguration, org.springframework.boot.actuate.autoconfigure.MetricFilterAutoConfiguration, org.springframework.boot.actuate.autoconfigure.MetricRepositoryAutoConfiguration, org.springframework.boot.actuate.autoconfigure.PublicMetricsAutoConfiguration, org.springframework.boot.actuate.autoconfigure.PublicMetricsAutoConfiguration$TomcatMetricsConfiguration, org.springframework.boot.actuate.autoconfigure.TraceRepositoryAutoConfiguration, org.springframework.boot.actuate.autoconfigure.TraceWebFilterAutoConfiguration, org.springframework.boot.autoconfigure.AutoConfigurationPackages, org.springframework.boot.autoconfigure.PropertyPlaceholderAutoConfiguration, org.springframework.boot.autoconfigure.condition.BeanTypeRegistry, org.springframework.boot.autoconfigure.context.ConfigurationPropertiesAutoConfiguration, org.springframework.boot.autoconfigure.freemarker.FreeMarkerAutoConfiguration, org.springframework.boot.autoconfigure.freemarker.FreeMarkerAutoConfiguration$FreeMarkerWebConfiguration, org.springframework.boot.autoconfigure.info.ProjectInfoAutoConfiguration, org.springframework.boot.autoconfigure.internalCachingMetadataReaderFactory, org.springframework.boot.autoconfigure.jackson.JacksonAutoConfiguration, org.springframework.boot.autoconfigure.jackson.JacksonAutoConfiguration$Jackson2ObjectMapperBuilderCustomizerConfiguration, org.springframework.boot.autoconfigure.jackson.JacksonAutoConfiguration$JacksonObjectMapperBuilderConfiguration, org.springframework.boot.autoconfigure.jackson.JacksonAutoConfiguration$JacksonObjectMapperConfiguration, org.springframework.boot.autoconfigure.jmx.JmxAutoConfiguration, org.springframework.boot.autoconfigure.web.DispatcherServletAutoConfiguration, org.springframework.boot.autoconfigure.web.DispatcherServletAutoConfiguration$DispatcherServletConfiguration, org.springframework.boot.autoconfigure.web.DispatcherServletAutoConfiguration$DispatcherServletRegistrationConfiguration, org.springframework.boot.autoconfigure.web.EmbeddedServletContainerAutoConfiguration, org.springframework.boot.autoconfigure.web.EmbeddedServletContainerAutoConfiguration$EmbeddedTomcat, org.springframework.boot.autoconfigure.web.ErrorMvcAutoConfiguration, org.springframework.boot.autoconfigure.web.ErrorMvcAutoConfiguration$WhitelabelErrorViewConfiguration, org.springframework.boot.autoconfigure.web.HttpEncodingAutoConfiguration, org.springframework.boot.autoconfigure.web.HttpMessageConvertersAutoConfiguration, org.springframework.boot.autoconfigure.web.HttpMessageConvertersAutoConfiguration$StringHttpMessageConverterConfiguration, org.springframework.boot.autoconfigure.web.JacksonHttpMessageConvertersConfiguration, org.springframework.boot.autoconfigure.web.JacksonHttpMessageConvertersConfiguration$MappingJackson2HttpMessageConverterConfiguration, org.springframework.boot.autoconfigure.web.JacksonHttpMessageConvertersConfiguration$MappingJackson2XmlHttpMessageConverterConfiguration, org.springframework.boot.autoconfigure.web.MultipartAutoConfiguration, org.springframework.boot.autoconfigure.web.ServerPropertiesAutoConfiguration, org.springframework.boot.autoconfigure.web.WebClientAutoConfiguration, org.springframework.boot.autoconfigure.web.WebClientAutoConfiguration$RestTemplateConfiguration, org.springframework.boot.autoconfigure.web.WebMvcAutoConfiguration, org.springframework.boot.autoconfigure.web.WebMvcAutoConfiguration$EnableWebMvcConfiguration, org.springframework.boot.autoconfigure.web.WebMvcAutoConfiguration$WebMvcAutoConfigurationAdapter, org.springframework.boot.autoconfigure.web.WebMvcAutoConfiguration$WebMvcAutoConfigurationAdapter$FaviconConfiguration, org.springframework.boot.autoconfigure.websocket.WebSocketAutoConfiguration, org.springframework.boot.autoconfigure.websocket.WebSocketAutoConfiguration$TomcatWebSocketConfiguration, org.springframework.boot.context.properties.ConfigurationPropertiesBindingPostProcessor, org.springframework.boot.context.properties.ConfigurationPropertiesBindingPostProcessor.store, org.springframework.cloud.autoconfigure.ConfigurationPropertiesRebinderAutoConfiguration, org.springframework.cloud.autoconfigure.LifecycleMvcEndpointAutoConfiguration, org.springframework.cloud.autoconfigure.RefreshAutoConfiguration, org.springframework.cloud.autoconfigure.RefreshEndpointAutoConfiguration, org.springframework.cloud.autoconfigure.RefreshEndpointAutoConfiguration$RefreshEndpointConfiguration, org.springframework.cloud.autoconfigure.RefreshEndpointAutoConfiguration$RestartEndpointWithoutIntegration, org.springframework.cloud.client.CommonsClientAutoConfiguration, org.springframework.cloud.client.CommonsClientAutoConfiguration$ActuatorConfiguration, org.springframework.cloud.client.loadbalancer.LoadBalancerAutoConfiguration, org.springframework.cloud.commons.util.UtilAutoConfiguration, org.springframework.cloud.netflix.archaius.ArchaiusAutoConfiguration, org.springframework.cloud.netflix.archaius.ArchaiusAutoConfiguration$ArchaiusEndpointConfiguration, org.springframework.cloud.netflix.archaius.ArchaiusAutoConfiguration$PropagateEventsConfiguration, org.springframework.cloud.netflix.eureka.EurekaClientAutoConfiguration, org.springframework.cloud.netflix.eureka.EurekaClientAutoConfiguration$RefreshableEurekaClientConfiguration, org.springframework.cloud.netflix.eureka.EurekaDiscoveryClientConfiguration, org.springframework.cloud.netflix.eureka.EurekaDiscoveryClientConfiguration$EurekaClientConfigurationRefresher, org.springframework.cloud.netflix.eureka.EurekaDiscoveryClientConfiguration$EurekaHealthIndicatorConfiguration, org.springframework.cloud.netflix.eureka.server.EurekaServerConfiguration, org.springframework.cloud.netflix.eureka.server.EurekaServerConfiguration$EurekaServerConfigBeanConfiguration, org.springframework.cloud.netflix.eureka.server.EurekaServerInitializerConfiguration, org.springframework.cloud.netflix.hystrix.HystrixAutoConfiguration, org.springframework.cloud.netflix.metrics.MetricsInterceptorConfiguration, org.springframework.cloud.netflix.metrics.MetricsInterceptorConfiguration$MetricsWebResourceConfiguration, org.springframework.cloud.netflix.metrics.servo.ServoMetricsAutoConfiguration, org.springframework.cloud.netflix.ribbon.RibbonAutoConfiguration, org.springframework.cloud.netflix.ribbon.eureka.RibbonEurekaAutoConfiguration, org.springframework.cloud.netflix.rx.RxJavaAutoConfiguration, org.springframework.cloud.netflix.rx.RxJavaAutoConfiguration$RxJavaReturnValueHandlerConfig, org.springframework.context.annotation.internalAutowiredAnnotationProcessor, org.springframework.context.annotation.internalCommonAnnotationProcessor, org.springframework.context.annotation.internalConfigurationAnnotationProcessor, org.springframework.context.annotation.internalRequiredAnnotationProcessor, org.springframework.context.annotation.internalScheduledAnnotationProcessor, org.springframework.context.event.internalEventListenerFactory, org.springframework.context.event.internalEventListenerProcessor, org.springframework.scheduling.annotation.SchedulingConfiguration, pauseEndpoint, pauseMvcEndpoint, peerAwareInstanceRegistry, peerEurekaNodes, preserveErrorControllerTargetClassPostProcessor, propertySourcesPlaceholderConfigurer, refreshEndpoint, refreshEventListener, refreshMvcEndpoint, refreshScope, refreshScopeHealthIndicator, requestContextFilter, requestMappingEndpoint, requestMappingHandlerAdapter, requestMappingHandlerMapping, resourceHandlerMapping, restTemplateBuilder, restTemplateCustomizer, restartEndpoint, restartMvcEndpoint, resumeEndpoint, resumeMvcEndpoint, ribbonFeature, ribbonInterceptor, rxFeature, scopedTarget.eurekaApplicationInfoManager, scopedTarget.eurekaClient, serverCodecs, serverProperties, servoMetricNaming, servoMetricReader, servoMetricServices, servoMetricsConfig, servoMonitoringWebResourceInterceptor, servoPublicMetrics, shutdownEndpoint, simpleControllerHandlerAdapter, singleReturnValueHandler, spring.freemarker-org.springframework.boot.autoconfigure.freemarker.FreeMarkerProperties, spring.http.encoding-org.springframework.boot.autoconfigure.web.HttpEncodingProperties, spring.http.multipart-org.springframework.boot.autoconfigure.web.MultipartProperties, spring.info-org.springframework.boot.autoconfigure.info.ProjectInfoProperties, spring.jackson-org.springframework.boot.autoconfigure.jackson.JacksonProperties, spring.metrics.export-org.springframework.boot.actuate.metrics.export.MetricExportProperties, spring.mvc-org.springframework.boot.autoconfigure.web.WebMvcProperties, spring.resources-org.springframework.boot.autoconfigure.web.ResourceProperties, springClientFactory, standardJacksonObjectMapperBuilderCustomizer, stringHttpMessageConverter, systemPublicMetrics, tomcatEmbeddedServletContainerFactory, tomcatPublicMetrics, traceEndpoint, traceFilterRegistration, traceRepository, viewControllerHandlerMapping, viewResolver, webRequestLoggingFilter, websocketContainerCustomizer, welcomePageHandlerMapping]
5797 [main] INFO  o.s.c.context.scope.GenericScope - BeanFactory id=9d1739f2-fcaa-3f31-83e6-ba8acdc1b351
5797 [main] DEBUG o.s.w.c.s.StandardServletEnvironment - Adding [applicationConfig: [classpath:/application.properties]] PropertySource with search precedence immediately lower than [applicationConfigurationProperties]
5797 [main] DEBUG o.s.w.c.s.StandardServletEnvironment - Removing [applicationConfigurationProperties] PropertySource
5797 [main] DEBUG o.s.w.c.s.StandardServletEnvironment - Removing [defaultProperties] PropertySource
5797 [main] DEBUG o.s.w.c.s.StandardServletEnvironment - Adding [defaultProperties] PropertySource with lowest search precedence
5798 [main] DEBUG o.s.b.f.s.DefaultListableBeanFactory - Creating shared instance of singleton bean 'propertySourcesPlaceholderConfigurer'
5798 [main] DEBUG o.s.b.f.s.DefaultListableBeanFactory - Creating instance of bean 'propertySourcesPlaceholderConfigurer'
5798 [main] DEBUG o.s.b.f.s.DefaultListableBeanFactory - Eagerly caching bean 'propertySourcesPlaceholderConfigurer' to allow for resolving potential circular references
5805 [main] DEBUG o.s.b.f.s.DefaultListableBeanFactory - Finished creating instance of bean 'propertySourcesPlaceholderConfigurer'
5805 [main] DEBUG o.s.core.env.MutablePropertySources - Adding [environmentProperties] PropertySource with lowest search precedence
5805 [main] DEBUG o.s.core.env.MutablePropertySources - Adding [localProperties] PropertySource with lowest search precedence
5807 [main] DEBUG o.s.b.f.s.DefaultListableBeanFactory - Creating shared instance of singleton bean 'org.springframework.boot.context.properties.ConfigurationPropertiesBindingPostProcessor.store'
5807 [main] DEBUG o.s.b.f.s.DefaultListableBeanFactory - Creating instance of bean 'org.springframework.boot.context.properties.ConfigurationPropertiesBindingPostProcessor.store'
5808 [main] DEBUG o.s.b.f.s.DefaultListableBeanFactory - Eagerly caching bean 'org.springframework.boot.context.properties.ConfigurationPropertiesBindingPostProcessor.store' to allow for resolving potential circular references
5810 [main] DEBUG o.s.b.f.s.DefaultListableBeanFactory - Finished creating instance of bean 'org.springframework.boot.context.properties.ConfigurationPropertiesBindingPostProcessor.store'
5810 [main] DEBUG o.s.b.f.s.DefaultListableBeanFactory - Creating shared instance of singleton bean 'preserveErrorControllerTargetClassPostProcessor'
5810 [main] DEBUG o.s.b.f.s.DefaultListableBeanFactory - Creating instance of bean 'preserveErrorControllerTargetClassPostProcessor'
5810 [main] DEBUG o.s.b.f.s.DefaultListableBeanFactory - Eagerly caching bean 'preserveErrorControllerTargetClassPostProcessor' to allow for resolving potential circular references
5812 [main] DEBUG o.s.b.f.s.DefaultListableBeanFactory - Finished creating instance of bean 'preserveErrorControllerTargetClassPostProcessor'
5835 [main] DEBUG o.s.b.f.s.DefaultListableBeanFactory - Creating shared instance of singleton bean 'org.springframework.context.annotation.internalAutowiredAnnotationProcessor'
5835 [main] DEBUG o.s.b.f.s.DefaultListableBeanFactory - Creating instance of bean 'org.springframework.context.annotation.internalAutowiredAnnotationProcessor'
5835 [main] INFO  o.s.b.f.a.AutowiredAnnotationBeanPostProcessor - JSR-330 'javax.inject.Inject' annotation found and supported for autowiring
5835 [main] DEBUG o.s.b.f.s.DefaultListableBeanFactory - Eagerly caching bean 'org.springframework.context.annotation.internalAutowiredAnnotationProcessor' to allow for resolving potential circular references
5843 [main] DEBUG o.s.b.f.s.DefaultListableBeanFactory - Finished creating instance of bean 'org.springframework.context.annotation.internalAutowiredAnnotationProcessor'
5843 [main] DEBUG o.s.b.f.s.DefaultListableBeanFactory - Creating shared instance of singleton bean 'org.springframework.context.annotation.internalRequiredAnnotationProcessor'
5843 [main] DEBUG o.s.b.f.s.DefaultListableBeanFactory - Creating instance of bean 'org.springframework.context.annotation.internalRequiredAnnotationProcessor'
5843 [main] DEBUG o.s.b.f.s.DefaultListableBeanFactory - Eagerly caching bean 'org.springframework.context.annotation.internalRequiredAnnotationProcessor' to allow for resolving potential circular references
5849 [main] DEBUG o.s.b.f.s.DefaultListableBeanFactory - Finished creating instance of bean 'org.springframework.context.annotation.internalRequiredAnnotationProcessor'
5849 [main] DEBUG o.s.b.f.s.DefaultListableBeanFactory - Creating shared instance of singleton bean 'org.springframework.context.annotation.internalCommonAnnotationProcessor'
5849 [main] DEBUG o.s.b.f.s.DefaultListableBeanFactory - Creating instance of bean 'org.springframework.context.annotation.internalCommonAnnotationProcessor'
5849 [main] DEBUG o.s.b.f.s.DefaultListableBeanFactory - Eagerly caching bean 'org.springframework.context.annotation.internalCommonAnnotationProcessor' to allow for resolving potential circular references
5856 [main] DEBUG o.s.b.f.s.DefaultListableBeanFactory - Finished creating instance of bean 'org.springframework.context.annotation.internalCommonAnnotationProcessor'
5856 [main] DEBUG o.s.b.f.s.DefaultListableBeanFactory - Creating shared instance of singleton bean 'org.springframework.boot.context.properties.ConfigurationPropertiesBindingPostProcessor'
5856 [main] DEBUG o.s.b.f.s.DefaultListableBeanFactory - Creating instance of bean 'org.springframework.boot.context.properties.ConfigurationPropertiesBindingPostProcessor'
5856 [main] DEBUG o.s.core.env.StandardEnvironment - Adding [systemProperties] PropertySource with lowest search precedence
5856 [main] DEBUG o.s.core.env.StandardEnvironment - Adding [systemEnvironment] PropertySource with lowest search precedence
5856 [main] DEBUG o.s.core.env.StandardEnvironment - Initialized StandardEnvironment with PropertySources [systemProperties,systemEnvironment]
5856 [main] DEBUG o.s.b.f.s.DefaultListableBeanFactory - Eagerly caching bean 'org.springframework.boot.context.properties.ConfigurationPropertiesBindingPostProcessor' to allow for resolving potential circular references
5865 [main] DEBUG o.s.b.f.s.DefaultListableBeanFactory - Returning cached instance of singleton bean 'org.springframework.boot.context.properties.ConfigurationPropertiesBindingPostProcessor.store'
5866 [main] DEBUG o.s.b.f.s.DefaultListableBeanFactory - Invoking afterPropertiesSet() on bean with name 'org.springframework.boot.context.properties.ConfigurationPropertiesBindingPostProcessor'
5867 [main] DEBUG o.s.b.f.s.DefaultListableBeanFactory - Returning cached instance of singleton bean 'propertySourcesPlaceholderConfigurer'
5867 [main] DEBUG o.s.b.f.s.DefaultListableBeanFactory - Finished creating instance of bean 'org.springframework.boot.context.properties.ConfigurationPropertiesBindingPostProcessor'
5867 [main] DEBUG o.s.b.f.s.DefaultListableBeanFactory - Creating shared instance of singleton bean 'org.springframework.context.annotation.internalScheduledAnnotationProcessor'
5867 [main] DEBUG o.s.b.f.s.DefaultListableBeanFactory - Creating instance of bean 'org.springframework.context.annotation.internalScheduledAnnotationProcessor'
5867 [main] DEBUG o.s.b.f.s.DefaultListableBeanFactory - Creating shared instance of singleton bean 'org.springframework.scheduling.annotation.SchedulingConfiguration'
5867 [main] DEBUG o.s.b.f.s.DefaultListableBeanFactory - Creating instance of bean 'org.springframework.scheduling.annotation.SchedulingConfiguration'
5869 [main] DEBUG o.s.b.f.s.DefaultListableBeanFactory - Eagerly caching bean 'org.springframework.scheduling.annotation.SchedulingConfiguration' to allow for resolving potential circular references
5873 [main] DEBUG o.s.b.f.s.DefaultListableBeanFactory - Finished creating instance of bean 'org.springframework.scheduling.annotation.SchedulingConfiguration'
5880 [main] DEBUG o.s.b.f.s.DefaultListableBeanFactory - Eagerly caching bean 'org.springframework.context.annotation.internalScheduledAnnotationProcessor' to allow for resolving potential circular references
5887 [main] DEBUG o.s.b.f.s.DefaultListableBeanFactory - Finished creating instance of bean 'org.springframework.context.annotation.internalScheduledAnnotationProcessor'
5887 [main] DEBUG o.s.b.f.s.DefaultListableBeanFactory - Creating shared instance of singleton bean 'embeddedServletContainerCustomizerBeanPostProcessor'
5887 [main] DEBUG o.s.b.f.s.DefaultListableBeanFactory - Creating instance of bean 'embeddedServletContainerCustomizerBeanPostProcessor'
5888 [main] DEBUG o.s.b.f.s.DefaultListableBeanFactory - Eagerly caching bean 'embeddedServletContainerCustomizerBeanPostProcessor' to allow for resolving potential circular references
5891 [main] DEBUG o.s.b.f.s.DefaultListableBeanFactory - Finished creating instance of bean 'embeddedServletContainerCustomizerBeanPostProcessor'
5891 [main] DEBUG o.s.b.f.s.DefaultListableBeanFactory - Creating shared instance of singleton bean 'errorPageRegistrarBeanPostProcessor'
5891 [main] DEBUG o.s.b.f.s.DefaultListableBeanFactory - Creating instance of bean 'errorPageRegistrarBeanPostProcessor'
5892 [main] DEBUG o.s.b.f.s.DefaultListableBeanFactory - Eagerly caching bean 'errorPageRegistrarBeanPostProcessor' to allow for resolving potential circular references
5896 [main] DEBUG o.s.b.f.s.DefaultListableBeanFactory - Finished creating instance of bean 'errorPageRegistrarBeanPostProcessor'
5896 [main] DEBUG o.s.b.f.s.DefaultListableBeanFactory - Creating shared instance of singleton bean 'configurationPropertiesBeans'
5896 [main] DEBUG o.s.b.f.s.DefaultListableBeanFactory - Creating instance of bean 'configurationPropertiesBeans'
5896 [main] DEBUG o.s.b.f.s.DefaultListableBeanFactory - Creating shared instance of singleton bean 'org.springframework.cloud.autoconfigure.ConfigurationPropertiesRebinderAutoConfiguration'
5896 [main] DEBUG o.s.b.f.s.DefaultListableBeanFactory - Creating instance of bean 'org.springframework.cloud.autoconfigure.ConfigurationPropertiesRebinderAutoConfiguration'
5896 [main] DEBUG o.s.b.f.s.DefaultListableBeanFactory - Eagerly caching bean 'org.springframework.cloud.autoconfigure.ConfigurationPropertiesRebinderAutoConfiguration' to allow for resolving potential circular references
5901 [main] INFO  o.s.c.s.PostProcessorRegistrationDelegate$BeanPostProcessorChecker - Bean 'org.springframework.cloud.autoconfigure.ConfigurationPropertiesRebinderAutoConfiguration' of type [class org.springframework.cloud.autoconfigure.ConfigurationPropertiesRebinderAutoConfiguration$$EnhancerBySpringCGLIB$$304f9d47] is not eligible for getting processed by all BeanPostProcessors (for example: not eligible for auto-proxying)
5901 [main] DEBUG o.s.b.f.s.DefaultListableBeanFactory - Finished creating instance of bean 'org.springframework.cloud.autoconfigure.ConfigurationPropertiesRebinderAutoConfiguration'
5902 [main] DEBUG o.s.b.f.s.DefaultListableBeanFactory - Returning cached instance of singleton bean 'org.springframework.boot.context.properties.ConfigurationPropertiesBindingPostProcessor.store'
5902 [main] DEBUG o.s.b.f.s.DefaultListableBeanFactory - Eagerly caching bean 'configurationPropertiesBeans' to allow for resolving potential circular references
5906 [main] DEBUG o.s.b.f.s.DefaultListableBeanFactory - Returning cached instance of singleton bean 'configurationPropertiesBeans'
5906 [main] DEBUG o.s.b.f.s.DefaultListableBeanFactory - Finished creating instance of bean 'configurationPropertiesBeans'
5906 [main] DEBUG o.s.b.c.e.AnnotationConfigEmbeddedWebApplicationContext - Unable to locate MessageSource with name 'messageSource': using default [org.springframework.context.support.DelegatingMessageSource@46d8f407]
5906 [main] DEBUG o.s.b.c.e.AnnotationConfigEmbeddedWebApplicationContext - Unable to locate ApplicationEventMulticaster with name 'applicationEventMulticaster': using default [org.springframework.context.event.SimpleApplicationEventMulticaster@3c0036b]
5908 [main] DEBUG o.s.u.c.s.UiApplicationContextUtils - Unable to locate ThemeSource with name 'themeSource': using default [org.springframework.ui.context.support.ResourceBundleThemeSource@17d2ed1b]
5909 [main] DEBUG o.s.b.f.s.DefaultListableBeanFactory - Creating shared instance of singleton bean 'tomcatEmbeddedServletContainerFactory'
5909 [main] DEBUG o.s.b.f.s.DefaultListableBeanFactory - Creating instance of bean 'tomcatEmbeddedServletContainerFactory'
5910 [main] DEBUG o.s.b.f.s.DefaultListableBeanFactory - Creating shared instance of singleton bean 'org.springframework.boot.autoconfigure.web.EmbeddedServletContainerAutoConfiguration$EmbeddedTomcat'
5910 [main] DEBUG o.s.b.f.s.DefaultListableBeanFactory - Creating instance of bean 'org.springframework.boot.autoconfigure.web.EmbeddedServletContainerAutoConfiguration$EmbeddedTomcat'
5911 [main] DEBUG o.s.b.f.s.DefaultListableBeanFactory - Eagerly caching bean 'org.springframework.boot.autoconfigure.web.EmbeddedServletContainerAutoConfiguration$EmbeddedTomcat' to allow for resolving potential circular references
5915 [main] DEBUG o.s.b.f.s.DefaultListableBeanFactory - Finished creating instance of bean 'org.springframework.boot.autoconfigure.web.EmbeddedServletContainerAutoConfiguration$EmbeddedTomcat'
5980 [main] DEBUG o.s.b.f.s.DefaultListableBeanFactory - Eagerly caching bean 'tomcatEmbeddedServletContainerFactory' to allow for resolving potential circular references
5990 [main] DEBUG o.s.b.f.s.DefaultListableBeanFactory - Creating shared instance of singleton bean 'websocketContainerCustomizer'
5990 [main] DEBUG o.s.b.f.s.DefaultListableBeanFactory - Creating instance of bean 'websocketContainerCustomizer'
5990 [main] DEBUG o.s.b.f.s.DefaultListableBeanFactory - Creating shared instance of singleton bean 'org.springframework.boot.autoconfigure.websocket.WebSocketAutoConfiguration$TomcatWebSocketConfiguration'
5990 [main] DEBUG o.s.b.f.s.DefaultListableBeanFactory - Creating instance of bean 'org.springframework.boot.autoconfigure.websocket.WebSocketAutoConfiguration$TomcatWebSocketConfiguration'
5991 [main] DEBUG o.s.b.f.s.DefaultListableBeanFactory - Eagerly caching bean 'org.springframework.boot.autoconfigure.websocket.WebSocketAutoConfiguration$TomcatWebSocketConfiguration' to allow for resolving potential circular references
5994 [main] DEBUG o.s.b.f.s.DefaultListableBeanFactory - Finished creating instance of bean 'org.springframework.boot.autoconfigure.websocket.WebSocketAutoConfiguration$TomcatWebSocketConfiguration'
5998 [main] DEBUG o.s.b.f.s.DefaultListableBeanFactory - Eagerly caching bean 'websocketContainerCustomizer' to allow for resolving potential circular references
6000 [main] DEBUG o.s.b.f.s.DefaultListableBeanFactory - Finished creating instance of bean 'websocketContainerCustomizer'
6000 [main] DEBUG o.s.b.f.s.DefaultListableBeanFactory - Creating shared instance of singleton bean 'serverProperties'
6000 [main] DEBUG o.s.b.f.s.DefaultListableBeanFactory - Creating instance of bean 'serverProperties'
6000 [main] DEBUG o.s.b.f.s.DefaultListableBeanFactory - Creating shared instance of singleton bean 'org.springframework.boot.autoconfigure.web.ServerPropertiesAutoConfiguration'
6000 [main] DEBUG o.s.b.f.s.DefaultListableBeanFactory - Creating instance of bean 'org.springframework.boot.autoconfigure.web.ServerPropertiesAutoConfiguration'
6001 [main] DEBUG o.s.b.f.s.DefaultListableBeanFactory - Eagerly caching bean 'org.springframework.boot.autoconfigure.web.ServerPropertiesAutoConfiguration' to allow for resolving potential circular references
6003 [main] DEBUG o.s.b.f.s.DefaultListableBeanFactory - Finished creating instance of bean 'org.springframework.boot.autoconfigure.web.ServerPropertiesAutoConfiguration'
6016 [main] DEBUG o.s.b.f.s.DefaultListableBeanFactory - Eagerly caching bean 'serverProperties' to allow for resolving potential circular references
6021 [main] DEBUG o.h.v.i.e.r.DefaultTraversableResolver - Cannot find javax.persistence.Persistence on classpath. Assuming non JPA 2 environment. All properties will per default be traversable.
6021 [main] DEBUG o.h.v.i.engine.ConfigurationImpl - Setting custom MessageInterpolator of type org.springframework.validation.beanvalidation.LocaleContextMessageInterpolator
6021 [main] DEBUG o.h.v.i.engine.ConfigurationImpl - Setting custom ConstraintValidatorFactory of type org.springframework.validation.beanvalidation.SpringConstraintValidatorFactory
6022 [main] DEBUG o.h.v.i.engine.ConfigurationImpl - Setting custom ParameterNameProvider of type com.sun.proxy.$Proxy29
6022 [main] DEBUG o.h.v.i.xml.ValidationXmlParser - Trying to load META-INF/validation.xml for XML based Validator configuration.
6022 [main] DEBUG o.h.v.i.xml.ResourceLoaderHelper - Trying to load META-INF/validation.xml via user class loader
6022 [main] DEBUG o.h.v.i.xml.ResourceLoaderHelper - Trying to load META-INF/validation.xml via TCCL
6022 [main] DEBUG o.h.v.i.xml.ResourceLoaderHelper - Trying to load META-INF/validation.xml via Hibernate Validator's class loader
6022 [main] DEBUG o.h.v.i.xml.ValidationXmlParser - No META-INF/validation.xml found. Using annotation based configuration only.
6025 [main] DEBUG o.s.b.f.a.InjectionMetadata - Processing injected element of bean 'org.springframework.boot.context.properties.ConfigurationPropertiesBindingPostProcessor': AutowiredMethodElement for public void org.springframework.boot.context.properties.ConfigurationPropertiesBindingPostProcessor.setGenericConverters(java.util.List)
6029 [main] DEBUG o.s.b.f.a.InjectionMetadata - Processing injected element of bean 'org.springframework.boot.context.properties.ConfigurationPropertiesBindingPostProcessor': AutowiredMethodElement for public void org.springframework.boot.context.properties.ConfigurationPropertiesBindingPostProcessor.setConverters(java.util.List)
6033 [main] DEBUG o.s.core.env.MutablePropertySources - Adding [servletConfigInitParams] PropertySource with lowest search precedence
6034 [main] DEBUG o.s.core.env.MutablePropertySources - Adding [servletContextInitParams] PropertySource with lowest search precedence
6034 [main] DEBUG o.s.core.env.MutablePropertySources - Adding [systemProperties] PropertySource with lowest search precedence
6034 [main] DEBUG o.s.core.env.MutablePropertySources - Adding [systemEnvironment] PropertySource with lowest search precedence
6034 [main] DEBUG o.s.core.env.MutablePropertySources - Adding [random] PropertySource with lowest search precedence
6034 [main] DEBUG o.s.core.env.MutablePropertySources - Adding [applicationConfig: [classpath:/application.properties]] PropertySource with lowest search precedence
6034 [main] DEBUG o.s.core.env.MutablePropertySources - Adding [springCloudClientHostInfo] PropertySource with lowest search precedence
6034 [main] DEBUG o.s.core.env.MutablePropertySources - Adding [class path resource [eureka/server.properties]] PropertySource with lowest search precedence
6034 [main] DEBUG o.s.core.env.MutablePropertySources - Adding [defaultProperties] PropertySource with lowest search precedence
6034 [main] DEBUG o.s.core.env.MutablePropertySources - Adding [localProperties] PropertySource with lowest search precedence
6035 [main] DEBUG o.s.core.env.MutablePropertySources - Adding [servletConfigInitParams] PropertySource with lowest search precedence
6035 [main] DEBUG o.s.core.env.MutablePropertySources - Adding [servletContextInitParams] PropertySource with lowest search precedence
6035 [main] DEBUG o.s.core.env.MutablePropertySources - Adding [systemProperties] PropertySource with lowest search precedence
6035 [main] DEBUG o.s.core.env.MutablePropertySources - Adding [systemEnvironment] PropertySource with lowest search precedence
6035 [main] DEBUG o.s.core.env.MutablePropertySources - Adding [random] PropertySource with lowest search precedence
6035 [main] DEBUG o.s.core.env.MutablePropertySources - Adding [applicationConfig: [classpath:/application.properties]] PropertySource with lowest search precedence
6035 [main] DEBUG o.s.core.env.MutablePropertySources - Adding [springCloudClientHostInfo] PropertySource with lowest search precedence
6035 [main] DEBUG o.s.core.env.MutablePropertySources - Adding [class path resource [eureka/server.properties]] PropertySource with lowest search precedence
6035 [main] DEBUG o.s.core.env.MutablePropertySources - Adding [defaultProperties] PropertySource with lowest search precedence
6035 [main] DEBUG o.s.core.env.MutablePropertySources - Adding [localProperties] PropertySource with lowest search precedence
6035 [main] DEBUG o.s.c.e.PropertySourcesPropertyResolver - Found key 'server.port' in [applicationConfig: [classpath:/application.properties]] with type [String]
6080 [main] DEBUG o.s.b.f.s.DefaultListableBeanFactory - Creating instance of bean 'org.hibernate.validator.internal.constraintvalidators.bv.NotNullValidator'
6082 [main] DEBUG o.s.b.f.s.DefaultListableBeanFactory - Finished creating instance of bean 'org.hibernate.validator.internal.constraintvalidators.bv.NotNullValidator'
6085 [main] DEBUG o.s.b.f.s.DefaultListableBeanFactory - Finished creating instance of bean 'serverProperties'
6086 [main] DEBUG o.s.b.f.s.DefaultListableBeanFactory - Creating shared instance of singleton bean 'duplicateServerPropertiesDetector'
6086 [main] DEBUG o.s.b.f.s.DefaultListableBeanFactory - Creating instance of bean 'duplicateServerPropertiesDetector'
6086 [main] DEBUG o.s.b.f.s.DefaultListableBeanFactory - Returning cached instance of singleton bean 'org.springframework.boot.autoconfigure.web.ServerPropertiesAutoConfiguration'
6086 [main] DEBUG o.s.b.f.s.DefaultListableBeanFactory - Eagerly caching bean 'duplicateServerPropertiesDetector' to allow for resolving potential circular references
6088 [main] DEBUG o.s.b.f.s.DefaultListableBeanFactory - Finished creating instance of bean 'duplicateServerPropertiesDetector'
6088 [main] DEBUG o.s.b.f.s.DefaultListableBeanFactory - Creating shared instance of singleton bean 'localeCharsetMappingsCustomizer'
6089 [main] DEBUG o.s.b.f.s.DefaultListableBeanFactory - Creating instance of bean 'localeCharsetMappingsCustomizer'
6089 [main] DEBUG o.s.b.f.s.DefaultListableBeanFactory - Creating shared instance of singleton bean 'org.springframework.boot.autoconfigure.web.HttpEncodingAutoConfiguration'
6089 [main] DEBUG o.s.b.f.s.DefaultListableBeanFactory - Creating instance of bean 'org.springframework.boot.autoconfigure.web.HttpEncodingAutoConfiguration'
6089 [main] DEBUG o.s.c.LocalVariableTableParameterNameDiscoverer - Cannot find '.class' file for class [class org.springframework.boot.autoconfigure.web.HttpEncodingAutoConfiguration$$EnhancerBySpringCGLIB$$eb2200f5] - unable to determine constructor/method parameter names
6091 [main] DEBUG o.s.b.f.s.DefaultListableBeanFactory - Creating shared instance of singleton bean 'spring.http.encoding-org.springframework.boot.autoconfigure.web.HttpEncodingProperties'
6091 [main] DEBUG o.s.b.f.s.DefaultListableBeanFactory - Creating instance of bean 'spring.http.encoding-org.springframework.boot.autoconfigure.web.HttpEncodingProperties'
6091 [main] DEBUG o.s.b.f.s.DefaultListableBeanFactory - Eagerly caching bean 'spring.http.encoding-org.springframework.boot.autoconfigure.web.HttpEncodingProperties' to allow for resolving potential circular references
6093 [main] DEBUG o.s.core.env.MutablePropertySources - Adding [servletConfigInitParams] PropertySource with lowest search precedence
6093 [main] DEBUG o.s.core.env.MutablePropertySources - Adding [servletContextInitParams] PropertySource with lowest search precedence
6093 [main] DEBUG o.s.core.env.MutablePropertySources - Adding [systemProperties] PropertySource with lowest search precedence
6093 [main] DEBUG o.s.core.env.MutablePropertySources - Adding [systemEnvironment] PropertySource with lowest search precedence
6093 [main] DEBUG o.s.core.env.MutablePropertySources - Adding [random] PropertySource with lowest search precedence
6093 [main] DEBUG o.s.core.env.MutablePropertySources - Adding [applicationConfig: [classpath:/application.properties]] PropertySource with lowest search precedence
6093 [main] DEBUG o.s.core.env.MutablePropertySources - Adding [springCloudClientHostInfo] PropertySource with lowest search precedence
6093 [main] DEBUG o.s.core.env.MutablePropertySources - Adding [class path resource [eureka/server.properties]] PropertySource with lowest search precedence
6093 [main] DEBUG o.s.core.env.MutablePropertySources - Adding [defaultProperties] PropertySource with lowest search precedence
6093 [main] DEBUG o.s.core.env.MutablePropertySources - Adding [localProperties] PropertySource with lowest search precedence
6095 [main] DEBUG o.s.core.env.MutablePropertySources - Adding [servletConfigInitParams] PropertySource with lowest search precedence
6095 [main] DEBUG o.s.core.env.MutablePropertySources - Adding [servletContextInitParams] PropertySource with lowest search precedence
6095 [main] DEBUG o.s.core.env.MutablePropertySources - Adding [systemProperties] PropertySource with lowest search precedence
6095 [main] DEBUG o.s.core.env.MutablePropertySources - Adding [systemEnvironment] PropertySource with lowest search precedence
6095 [main] DEBUG o.s.core.env.MutablePropertySources - Adding [random] PropertySource with lowest search precedence
6095 [main] DEBUG o.s.core.env.MutablePropertySources - Adding [applicationConfig: [classpath:/application.properties]] PropertySource with lowest search precedence
6095 [main] DEBUG o.s.core.env.MutablePropertySources - Adding [springCloudClientHostInfo] PropertySource with lowest search precedence
6095 [main] DEBUG o.s.core.env.MutablePropertySources - Adding [class path resource [eureka/server.properties]] PropertySource with lowest search precedence
6095 [main] DEBUG o.s.core.env.MutablePropertySources - Adding [defaultProperties] PropertySource with lowest search precedence
6095 [main] DEBUG o.s.core.env.MutablePropertySources - Adding [localProperties] PropertySource with lowest search precedence
6095 [main] DEBUG o.s.c.e.PropertySourcesPropertyResolver - Found key 'spring.http.encoding.force' in [class path resource [eureka/server.properties]] with type [String]
6099 [main] DEBUG o.s.b.f.s.DefaultListableBeanFactory - Finished creating instance of bean 'spring.http.encoding-org.springframework.boot.autoconfigure.web.HttpEncodingProperties'
6099 [main] DEBUG o.s.b.f.s.DefaultListableBeanFactory - Autowiring by type from bean name 'org.springframework.boot.autoconfigure.web.HttpEncodingAutoConfiguration' via constructor to bean named 'spring.http.encoding-org.springframework.boot.autoconfigure.web.HttpEncodingProperties'
6099 [main] DEBUG o.s.b.f.s.DefaultListableBeanFactory - Eagerly caching bean 'org.springframework.boot.autoconfigure.web.HttpEncodingAutoConfiguration' to allow for resolving potential circular references
6102 [main] DEBUG o.s.b.f.s.DefaultListableBeanFactory - Finished creating instance of bean 'org.springframework.boot.autoconfigure.web.HttpEncodingAutoConfiguration'
6106 [main] DEBUG o.s.b.f.s.DefaultListableBeanFactory - Eagerly caching bean 'localeCharsetMappingsCustomizer' to allow for resolving potential circular references
6108 [main] DEBUG o.s.b.f.s.DefaultListableBeanFactory - Finished creating instance of bean 'localeCharsetMappingsCustomizer'
6113 [main] DEBUG o.s.b.f.s.DefaultListableBeanFactory - Creating shared instance of singleton bean 'errorPageCustomizer'
6113 [main] DEBUG o.s.b.f.s.DefaultListableBeanFactory - Creating instance of bean 'errorPageCustomizer'
6114 [main] DEBUG o.s.b.f.s.DefaultListableBeanFactory - Creating shared instance of singleton bean 'org.springframework.boot.autoconfigure.web.ErrorMvcAutoConfiguration'
6114 [main] DEBUG o.s.b.f.s.DefaultListableBeanFactory - Creating instance of bean 'org.springframework.boot.autoconfigure.web.ErrorMvcAutoConfiguration'
6114 [main] DEBUG o.s.c.LocalVariableTableParameterNameDiscoverer - Cannot find '.class' file for class [class org.springframework.boot.autoconfigure.web.ErrorMvcAutoConfiguration$$EnhancerBySpringCGLIB$$ca30a43e] - unable to determine constructor/method parameter names
6116 [main] DEBUG o.s.b.f.s.DefaultListableBeanFactory - Returning cached instance of singleton bean 'serverProperties'
6117 [main] DEBUG o.s.b.f.s.DefaultListableBeanFactory - Creating shared instance of singleton bean 'spring.resources-org.springframework.boot.autoconfigure.web.ResourceProperties'
6118 [main] DEBUG o.s.b.f.s.DefaultListableBeanFactory - Creating instance of bean 'spring.resources-org.springframework.boot.autoconfigure.web.ResourceProperties'
6118 [main] DEBUG o.s.b.f.s.DefaultListableBeanFactory - Eagerly caching bean 'spring.resources-org.springframework.boot.autoconfigure.web.ResourceProperties' to allow for resolving potential circular references
6121 [main] DEBUG o.s.core.env.MutablePropertySources - Adding [servletConfigInitParams] PropertySource with lowest search precedence
6121 [main] DEBUG o.s.core.env.MutablePropertySources - Adding [servletContextInitParams] PropertySource with lowest search precedence
6121 [main] DEBUG o.s.core.env.MutablePropertySources - Adding [systemProperties] PropertySource with lowest search precedence
6121 [main] DEBUG o.s.core.env.MutablePropertySources - Adding [systemEnvironment] PropertySource with lowest search precedence
6121 [main] DEBUG o.s.core.env.MutablePropertySources - Adding [random] PropertySource with lowest search precedence
6121 [main] DEBUG o.s.core.env.MutablePropertySources - Adding [applicationConfig: [classpath:/application.properties]] PropertySource with lowest search precedence
6121 [main] DEBUG o.s.core.env.MutablePropertySources - Adding [springCloudClientHostInfo] PropertySource with lowest search precedence
6121 [main] DEBUG o.s.core.env.MutablePropertySources - Adding [class path resource [eureka/server.properties]] PropertySource with lowest search precedence
6121 [main] DEBUG o.s.core.env.MutablePropertySources - Adding [defaultProperties] PropertySource with lowest search precedence
6121 [main] DEBUG o.s.core.env.MutablePropertySources - Adding [localProperties] PropertySource with lowest search precedence
6129 [main] DEBUG o.s.b.f.s.DefaultListableBeanFactory - Finished creating instance of bean 'spring.resources-org.springframework.boot.autoconfigure.web.ResourceProperties'
6129 [main] DEBUG o.s.b.f.s.DefaultListableBeanFactory - Autowiring by type from bean name 'org.springframework.boot.autoconfigure.web.ErrorMvcAutoConfiguration' via constructor to bean named 'org.springframework.boot.context.embedded.AnnotationConfigEmbeddedWebApplicationContext@189aa67a'
6129 [main] DEBUG o.s.b.f.s.DefaultListableBeanFactory - Autowiring by type from bean name 'org.springframework.boot.autoconfigure.web.ErrorMvcAutoConfiguration' via constructor to bean named 'serverProperties'
6129 [main] DEBUG o.s.b.f.s.DefaultListableBeanFactory - Autowiring by type from bean name 'org.springframework.boot.autoconfigure.web.ErrorMvcAutoConfiguration' via constructor to bean named 'spring.resources-org.springframework.boot.autoconfigure.web.ResourceProperties'
6129 [main] DEBUG o.s.b.f.a.InjectionMetadata - Registered injected element on class [org.springframework.boot.autoconfigure.web.ErrorMvcAutoConfiguration$$EnhancerBySpringCGLIB$$ca30a43e]: AutowiredFieldElement for private java.util.List org.springframework.boot.autoconfigure.web.ErrorMvcAutoConfiguration.errorViewResolvers
6129 [main] DEBUG o.s.b.f.s.DefaultListableBeanFactory - Eagerly caching bean 'org.springframework.boot.autoconfigure.web.ErrorMvcAutoConfiguration' to allow for resolving potential circular references
6132 [main] DEBUG o.s.b.f.a.InjectionMetadata - Processing injected element of bean 'org.springframework.boot.autoconfigure.web.ErrorMvcAutoConfiguration': AutowiredFieldElement for private java.util.List org.springframework.boot.autoconfigure.web.ErrorMvcAutoConfiguration.errorViewResolvers
6134 [main] DEBUG o.s.b.f.s.DefaultListableBeanFactory - Creating shared instance of singleton bean 'conventionErrorViewResolver'
6134 [main] DEBUG o.s.b.f.s.DefaultListableBeanFactory - Creating instance of bean 'conventionErrorViewResolver'
6135 [main] DEBUG o.s.b.f.s.DefaultListableBeanFactory - Returning eagerly cached instance of singleton bean 'org.springframework.boot.autoconfigure.web.ErrorMvcAutoConfiguration' that is not fully initialized yet - a consequence of a circular reference
6150 [main] DEBUG o.s.b.f.s.DefaultListableBeanFactory - Eagerly caching bean 'conventionErrorViewResolver' to allow for resolving potential circular references
6153 [main] DEBUG o.s.b.f.s.DefaultListableBeanFactory - Finished creating instance of bean 'conventionErrorViewResolver'
6159 [main] DEBUG o.s.b.f.a.AutowiredAnnotationBeanPostProcessor - Autowiring by type from bean name 'org.springframework.boot.autoconfigure.web.ErrorMvcAutoConfiguration' to bean named 'conventionErrorViewResolver'
6160 [main] DEBUG o.s.b.f.s.DefaultListableBeanFactory - Finished creating instance of bean 'org.springframework.boot.autoconfigure.web.ErrorMvcAutoConfiguration'
6160 [main] DEBUG o.s.b.f.s.DefaultListableBeanFactory - Eagerly caching bean 'errorPageCustomizer' to allow for resolving potential circular references
6163 [main] DEBUG o.s.b.f.s.DefaultListableBeanFactory - Finished creating instance of bean 'errorPageCustomizer'
6164 [main] DEBUG o.s.b.f.s.DefaultListableBeanFactory - Finished creating instance of bean 'tomcatEmbeddedServletContainerFactory'
6744 [main] DEBUG o.s.b.c.e.t.TomcatEmbeddedServletContainerFactory - Code archive: D:\mavenHome\org\springframework\boot\spring-boot\1.4.4.RELEASE\spring-boot-1.4.4.RELEASE.jar
6744 [main] DEBUG o.s.b.c.e.t.TomcatEmbeddedServletContainerFactory - Code archive: D:\mavenHome\org\springframework\boot\spring-boot\1.4.4.RELEASE\spring-boot-1.4.4.RELEASE.jar
6744 [main] DEBUG o.s.b.c.e.t.TomcatEmbeddedServletContainerFactory - None of the document roots [src/main/webapp, public, static] point to a directory and will be ignored.
6799 [main] INFO  o.s.b.c.e.t.TomcatEmbeddedServletContainer - Tomcat initialized with port(s): 1111 (http)
6816 [main] INFO  o.a.catalina.core.StandardService - Starting service Tomcat
6817 [main] INFO  o.a.catalina.core.StandardEngine - Starting Servlet Engine: Apache Tomcat/8.5.11
6959 [localhost-startStop-1] INFO  o.a.c.c.C.[Tomcat].[localhost].[/] - Initializing Spring embedded WebApplicationContext
6959 [localhost-startStop-1] DEBUG o.s.web.context.ContextLoader - Published root WebApplicationContext as ServletContext attribute with name [org.springframework.web.context.WebApplicationContext.ROOT]
6959 [localhost-startStop-1] INFO  o.s.web.context.ContextLoader - Root WebApplicationContext: initialization completed in 2436 ms
6960 [localhost-startStop-1] DEBUG o.s.b.f.s.DefaultListableBeanFactory - Registering scope 'request' with implementation [org.springframework.web.context.request.RequestScope@735c72b5]
6960 [localhost-startStop-1] DEBUG o.s.b.f.s.DefaultListableBeanFactory - Registering scope 'session' with implementation [org.springframework.web.context.request.SessionScope@3b4f4d26]
6960 [localhost-startStop-1] DEBUG o.s.b.f.s.DefaultListableBeanFactory - Registering scope 'globalSession' with implementation [org.springframework.web.context.request.SessionScope@2b965920]
6961 [localhost-startStop-1] DEBUG o.s.b.f.s.DefaultListableBeanFactory - Registering scope 'application' with implementation [org.springframework.web.context.support.ServletContextScope@3e175276]
6966 [localhost-startStop-1] DEBUG o.s.b.f.s.DefaultListableBeanFactory - Creating shared instance of singleton bean 'jerseyFilterRegistration'
6966 [localhost-startStop-1] DEBUG o.s.b.f.s.DefaultListableBeanFactory - Creating instance of bean 'jerseyFilterRegistration'
6966 [localhost-startStop-1] DEBUG o.s.b.f.s.DefaultListableBeanFactory - Creating shared instance of singleton bean 'org.springframework.cloud.netflix.eureka.server.EurekaServerConfiguration'
6966 [localhost-startStop-1] DEBUG o.s.b.f.s.DefaultListableBeanFactory - Creating instance of bean 'org.springframework.cloud.netflix.eureka.server.EurekaServerConfiguration'
6970 [localhost-startStop-1] DEBUG o.s.b.f.a.InjectionMetadata - Registered injected element on class [org.springframework.cloud.netflix.eureka.server.EurekaServerConfiguration$$EnhancerBySpringCGLIB$$f9e40e77]: AutowiredFieldElement for private com.netflix.appinfo.ApplicationInfoManager org.springframework.cloud.netflix.eureka.server.EurekaServerConfiguration.applicationInfoManager
6970 [localhost-startStop-1] DEBUG o.s.b.f.a.InjectionMetadata - Registered injected element on class [org.springframework.cloud.netflix.eureka.server.EurekaServerConfiguration$$EnhancerBySpringCGLIB$$f9e40e77]: AutowiredFieldElement for private com.netflix.eureka.EurekaServerConfig org.springframework.cloud.netflix.eureka.server.EurekaServerConfiguration.eurekaServerConfig
6970 [localhost-startStop-1] DEBUG o.s.b.f.a.InjectionMetadata - Registered injected element on class [org.springframework.cloud.netflix.eureka.server.EurekaServerConfiguration$$EnhancerBySpringCGLIB$$f9e40e77]: AutowiredFieldElement for private com.netflix.discovery.EurekaClientConfig org.springframework.cloud.netflix.eureka.server.EurekaServerConfiguration.eurekaClientConfig
6970 [localhost-startStop-1] DEBUG o.s.b.f.a.InjectionMetadata - Registered injected element on class [org.springframework.cloud.netflix.eureka.server.EurekaServerConfiguration$$EnhancerBySpringCGLIB$$f9e40e77]: AutowiredFieldElement for private com.netflix.discovery.EurekaClient org.springframework.cloud.netflix.eureka.server.EurekaServerConfiguration.eurekaClient
6970 [localhost-startStop-1] DEBUG o.s.b.f.a.InjectionMetadata - Registered injected element on class [org.springframework.cloud.netflix.eureka.server.EurekaServerConfiguration$$EnhancerBySpringCGLIB$$f9e40e77]: AutowiredFieldElement for private int org.springframework.cloud.netflix.eureka.server.EurekaServerConfiguration.expectedNumberOfRenewsPerMin
6970 [localhost-startStop-1] DEBUG o.s.b.f.a.InjectionMetadata - Registered injected element on class [org.springframework.cloud.netflix.eureka.server.EurekaServerConfiguration$$EnhancerBySpringCGLIB$$f9e40e77]: AutowiredFieldElement for private int org.springframework.cloud.netflix.eureka.server.EurekaServerConfiguration.defaultOpenForTrafficCount
6970 [localhost-startStop-1] DEBUG o.s.b.f.s.DefaultListableBeanFactory - Eagerly caching bean 'org.springframework.cloud.netflix.eureka.server.EurekaServerConfiguration' to allow for resolving potential circular references
6978 [localhost-startStop-1] DEBUG o.s.b.f.a.InjectionMetadata - Processing injected element of bean 'org.springframework.cloud.netflix.eureka.server.EurekaServerConfiguration': AutowiredFieldElement for private com.netflix.appinfo.ApplicationInfoManager org.springframework.cloud.netflix.eureka.server.EurekaServerConfiguration.applicationInfoManager
6980 [localhost-startStop-1] DEBUG o.s.b.f.s.DefaultListableBeanFactory - Creating shared instance of singleton bean 'eurekaApplicationInfoManager'
6980 [localhost-startStop-1] DEBUG o.s.b.f.s.DefaultListableBeanFactory - Creating instance of bean 'eurekaApplicationInfoManager'
6981 [localhost-startStop-1] DEBUG o.s.b.f.s.DefaultListableBeanFactory - Eagerly caching bean 'eurekaApplicationInfoManager' to allow for resolving potential circular references
6998 [localhost-startStop-1] DEBUG o.s.aop.framework.CglibAopProxy - Creating CGLIB proxy: target source is SimpleBeanTargetSource for target bean 'scopedTarget.eurekaApplicationInfoManager' of type [com.netflix.appinfo.ApplicationInfoManager]
7011 [localhost-startStop-1] DEBUG o.s.aop.framework.CglibAopProxy - Unable to apply any optimisations to advised method: public com.netflix.appinfo.InstanceInfo com.netflix.appinfo.ApplicationInfoManager.getInfo()
7011 [localhost-startStop-1] DEBUG o.s.aop.framework.CglibAopProxy - Unable to apply any optimisations to advised method: public void com.netflix.appinfo.ApplicationInfoManager.initComponent(com.netflix.appinfo.EurekaInstanceConfig)
7011 [localhost-startStop-1] DEBUG o.s.aop.framework.CglibAopProxy - Unable to apply any optimisations to advised method: public synchronized void com.netflix.appinfo.ApplicationInfoManager.setInstanceStatus(com.netflix.appinfo.InstanceInfo$InstanceStatus)
7011 [localhost-startStop-1] DEBUG o.s.aop.framework.CglibAopProxy - Unable to apply any optimisations to advised method: public com.netflix.appinfo.EurekaInstanceConfig com.netflix.appinfo.ApplicationInfoManager.getEurekaInstanceConfig()
7011 [localhost-startStop-1] DEBUG o.s.aop.framework.CglibAopProxy - Unable to apply any optimisations to advised method: public void com.netflix.appinfo.ApplicationInfoManager.registerAppMetadata(java.util.Map)
7011 [localhost-startStop-1] DEBUG o.s.aop.framework.CglibAopProxy - Unable to apply any optimisations to advised method: public void com.netflix.appinfo.ApplicationInfoManager.registerStatusChangeListener(com.netflix.appinfo.ApplicationInfoManager$StatusChangeListener)
7011 [localhost-startStop-1] DEBUG o.s.aop.framework.CglibAopProxy - Unable to apply any optimisations to advised method: public void com.netflix.appinfo.ApplicationInfoManager.unregisterStatusChangeListener(java.lang.String)
7011 [localhost-startStop-1] DEBUG o.s.aop.framework.CglibAopProxy - Unable to apply any optimisations to advised method: public void com.netflix.appinfo.ApplicationInfoManager.refreshDataCenterInfoIfRequired()
7011 [localhost-startStop-1] DEBUG o.s.aop.framework.CglibAopProxy - Unable to apply any optimisations to advised method: public void com.netflix.appinfo.ApplicationInfoManager.refreshLeaseInfoIfRequired()
7011 [localhost-startStop-1] DEBUG o.s.aop.framework.CglibAopProxy - Found 'equals' method: public boolean java.lang.Object.equals(java.lang.Object)
7011 [localhost-startStop-1] DEBUG o.s.aop.framework.CglibAopProxy - Unable to apply any optimisations to advised method: public java.lang.String java.lang.Object.toString()
7011 [localhost-startStop-1] DEBUG o.s.aop.framework.CglibAopProxy - Found 'hashCode' method: public native int java.lang.Object.hashCode()
7011 [localhost-startStop-1] DEBUG o.s.aop.framework.CglibAopProxy - Unable to apply any optimisations to advised method: protected native java.lang.Object java.lang.Object.clone() throws java.lang.CloneNotSupportedException
7011 [localhost-startStop-1] DEBUG o.s.aop.framework.CglibAopProxy - Unable to apply any optimisations to advised method: public abstract java.lang.Object org.springframework.aop.scope.ScopedObject.getTargetObject()
7011 [localhost-startStop-1] DEBUG o.s.aop.framework.CglibAopProxy - Unable to apply any optimisations to advised method: public abstract void org.springframework.aop.scope.ScopedObject.removeFromScope()
7011 [localhost-startStop-1] DEBUG o.s.aop.framework.CglibAopProxy - Method is declared on Advised interface: public abstract int org.springframework.aop.framework.Advised.indexOf(org.springframework.aop.Advisor)
7011 [localhost-startStop-1] DEBUG o.s.aop.framework.CglibAopProxy - Method is declared on Advised interface: public abstract int org.springframework.aop.framework.Advised.indexOf(org.aopalliance.aop.Advice)
7011 [localhost-startStop-1] DEBUG o.s.aop.framework.CglibAopProxy - Method is declared on Advised interface: public abstract boolean org.springframework.aop.framework.Advised.isFrozen()
7011 [localhost-startStop-1] DEBUG o.s.aop.framework.CglibAopProxy - Method is declared on Advised interface: public abstract org.springframework.aop.TargetSource org.springframework.aop.framework.Advised.getTargetSource()
7012 [localhost-startStop-1] DEBUG o.s.aop.framework.CglibAopProxy - Method is declared on Advised interface: public abstract void org.springframework.aop.framework.Advised.setPreFiltered(boolean)
7012 [localhost-startStop-1] DEBUG o.s.aop.framework.CglibAopProxy - Method is declared on Advised interface: public abstract boolean org.springframework.aop.framework.Advised.isPreFiltered()
7012 [localhost-startStop-1] DEBUG o.s.aop.framework.CglibAopProxy - Method is declared on Advised interface: public abstract org.springframework.aop.Advisor[] org.springframework.aop.framework.Advised.getAdvisors()
7012 [localhost-startStop-1] DEBUG o.s.aop.framework.CglibAopProxy - Method is declared on Advised interface: public abstract void org.springframework.aop.framework.Advised.addAdvisor(org.springframework.aop.Advisor) throws org.springframework.aop.framework.AopConfigException
7012 [localhost-startStop-1] DEBUG o.s.aop.framework.CglibAopProxy - Method is declared on Advised interface: public abstract void org.springframework.aop.framework.Advised.addAdvisor(int,org.springframework.aop.Advisor) throws org.springframework.aop.framework.AopConfigException
7012 [localhost-startStop-1] DEBUG o.s.aop.framework.CglibAopProxy - Method is declared on Advised interface: public abstract void org.springframework.aop.framework.Advised.removeAdvisor(int) throws org.springframework.aop.framework.AopConfigException
7012 [localhost-startStop-1] DEBUG o.s.aop.framework.CglibAopProxy - Method is declared on Advised interface: public abstract boolean org.springframework.aop.framework.Advised.removeAdvisor(org.springframework.aop.Advisor)
7012 [localhost-startStop-1] DEBUG o.s.aop.framework.CglibAopProxy - Method is declared on Advised interface: public abstract boolean org.springframework.aop.framework.Advised.replaceAdvisor(org.springframework.aop.Advisor,org.springframework.aop.Advisor) throws org.springframework.aop.framework.AopConfigException
7012 [localhost-startStop-1] DEBUG o.s.aop.framework.CglibAopProxy - Method is declared on Advised interface: public abstract boolean org.springframework.aop.framework.Advised.removeAdvice(org.aopalliance.aop.Advice)
7012 [localhost-startStop-1] DEBUG o.s.aop.framework.CglibAopProxy - Method is declared on Advised interface: public abstract void org.springframework.aop.framework.Advised.setTargetSource(org.springframework.aop.TargetSource)
7012 [localhost-startStop-1] DEBUG o.s.aop.framework.CglibAopProxy - Method is declared on Advised interface: public abstract void org.springframework.aop.framework.Advised.addAdvice(org.aopalliance.aop.Advice) throws org.springframework.aop.framework.AopConfigException
7012 [localhost-startStop-1] DEBUG o.s.aop.framework.CglibAopProxy - Method is declared on Advised interface: public abstract void org.springframework.aop.framework.Advised.addAdvice(int,org.aopalliance.aop.Advice) throws org.springframework.aop.framework.AopConfigException
7012 [localhost-startStop-1] DEBUG o.s.aop.framework.CglibAopProxy - Method is declared on Advised interface: public abstract void org.springframework.aop.framework.Advised.setExposeProxy(boolean)
7012 [localhost-startStop-1] DEBUG o.s.aop.framework.CglibAopProxy - Method is declared on Advised interface: public abstract boolean org.springframework.aop.framework.Advised.isExposeProxy()
7012 [localhost-startStop-1] DEBUG o.s.aop.framework.CglibAopProxy - Method is declared on Advised interface: public abstract boolean org.springframework.aop.framework.Advised.isProxyTargetClass()
7012 [localhost-startStop-1] DEBUG o.s.aop.framework.CglibAopProxy - Method is declared on Advised interface: public abstract java.lang.Class[] org.springframework.aop.framework.Advised.getProxiedInterfaces()
7012 [localhost-startStop-1] DEBUG o.s.aop.framework.CglibAopProxy - Method is declared on Advised interface: public abstract boolean org.springframework.aop.framework.Advised.isInterfaceProxied(java.lang.Class)
7012 [localhost-startStop-1] DEBUG o.s.aop.framework.CglibAopProxy - Method is declared on Advised interface: public abstract java.lang.String org.springframework.aop.framework.Advised.toProxyConfigString()
7012 [localhost-startStop-1] DEBUG o.s.aop.framework.CglibAopProxy - Method is declared on Advised interface: public abstract java.lang.Class org.springframework.aop.TargetClassAware.getTargetClass()
7031 [localhost-startStop-1] DEBUG o.s.b.f.s.DefaultListableBeanFactory - Finished creating instance of bean 'eurekaApplicationInfoManager'
7031 [localhost-startStop-1] DEBUG o.s.b.f.a.AutowiredAnnotationBeanPostProcessor - Autowiring by type from bean name 'org.springframework.cloud.netflix.eureka.server.EurekaServerConfiguration' to bean named 'eurekaApplicationInfoManager'
7031 [localhost-startStop-1] DEBUG o.s.b.f.a.InjectionMetadata - Processing injected element of bean 'org.springframework.cloud.netflix.eureka.server.EurekaServerConfiguration': AutowiredFieldElement for private com.netflix.eureka.EurekaServerConfig org.springframework.cloud.netflix.eureka.server.EurekaServerConfiguration.eurekaServerConfig
7033 [localhost-startStop-1] DEBUG o.s.b.f.s.DefaultListableBeanFactory - Creating shared instance of singleton bean 'eurekaServerConfig'
7033 [localhost-startStop-1] DEBUG o.s.b.f.s.DefaultListableBeanFactory - Creating instance of bean 'eurekaServerConfig'
7033 [localhost-startStop-1] DEBUG o.s.b.f.s.DefaultListableBeanFactory - Creating shared instance of singleton bean 'org.springframework.cloud.netflix.eureka.server.EurekaServerConfiguration$EurekaServerConfigBeanConfiguration'
7033 [localhost-startStop-1] DEBUG o.s.b.f.s.DefaultListableBeanFactory - Creating instance of bean 'org.springframework.cloud.netflix.eureka.server.EurekaServerConfiguration$EurekaServerConfigBeanConfiguration'
7033 [localhost-startStop-1] DEBUG o.s.b.f.s.DefaultListableBeanFactory - Eagerly caching bean 'org.springframework.cloud.netflix.eureka.server.EurekaServerConfiguration$EurekaServerConfigBeanConfiguration' to allow for resolving potential circular references
7038 [localhost-startStop-1] DEBUG o.s.b.f.s.DefaultListableBeanFactory - Finished creating instance of bean 'org.springframework.cloud.netflix.eureka.server.EurekaServerConfiguration$EurekaServerConfigBeanConfiguration'
7041 [localhost-startStop-1] DEBUG o.s.b.f.s.DefaultListableBeanFactory - Creating shared instance of singleton bean 'eurekaClientConfigBean'
7041 [localhost-startStop-1] DEBUG o.s.b.f.s.DefaultListableBeanFactory - Creating instance of bean 'eurekaClientConfigBean'
7041 [localhost-startStop-1] DEBUG o.s.b.f.s.DefaultListableBeanFactory - Creating shared instance of singleton bean 'org.springframework.cloud.netflix.eureka.EurekaClientAutoConfiguration'
7041 [localhost-startStop-1] DEBUG o.s.b.f.s.DefaultListableBeanFactory - Creating instance of bean 'org.springframework.cloud.netflix.eureka.EurekaClientAutoConfiguration'
7042 [localhost-startStop-1] DEBUG o.s.b.f.a.InjectionMetadata - Registered injected element on class [org.springframework.cloud.netflix.eureka.EurekaClientAutoConfiguration$$EnhancerBySpringCGLIB$$c62ae619]: AutowiredFieldElement for int org.springframework.cloud.netflix.eureka.EurekaClientAutoConfiguration.nonSecurePort
7042 [localhost-startStop-1] DEBUG o.s.b.f.a.InjectionMetadata - Registered injected element on class [org.springframework.cloud.netflix.eureka.EurekaClientAutoConfiguration$$EnhancerBySpringCGLIB$$c62ae619]: AutowiredFieldElement for int org.springframework.cloud.netflix.eureka.EurekaClientAutoConfiguration.managementPort
7042 [localhost-startStop-1] DEBUG o.s.b.f.a.InjectionMetadata - Registered injected element on class [org.springframework.cloud.netflix.eureka.EurekaClientAutoConfiguration$$EnhancerBySpringCGLIB$$c62ae619]: AutowiredFieldElement for java.lang.String org.springframework.cloud.netflix.eureka.EurekaClientAutoConfiguration.hostname
7042 [localhost-startStop-1] DEBUG o.s.b.f.a.InjectionMetadata - Registered injected element on class [org.springframework.cloud.netflix.eureka.EurekaClientAutoConfiguration$$EnhancerBySpringCGLIB$$c62ae619]: AutowiredFieldElement for org.springframework.core.env.ConfigurableEnvironment org.springframework.cloud.netflix.eureka.EurekaClientAutoConfiguration.env
7042 [localhost-startStop-1] DEBUG o.s.b.f.s.DefaultListableBeanFactory - Eagerly caching bean 'org.springframework.cloud.netflix.eureka.EurekaClientAutoConfiguration' to allow for resolving potential circular references
7045 [localhost-startStop-1] DEBUG o.s.b.f.a.InjectionMetadata - Processing injected element of bean 'org.springframework.cloud.netflix.eureka.EurekaClientAutoConfiguration': AutowiredFieldElement for int org.springframework.cloud.netflix.eureka.EurekaClientAutoConfiguration.nonSecurePort
7046 [localhost-startStop-1] DEBUG o.s.c.e.PropertySourcesPropertyResolver - Could not find key 'PORT:8080' in any property source
7046 [localhost-startStop-1] DEBUG o.s.c.e.PropertySourcesPropertyResolver - Could not find key 'PORT:8080' in any property source
7046 [localhost-startStop-1] DEBUG o.s.c.e.PropertySourcesPropertyResolver - Could not find key 'PORT' in any property source
7046 [localhost-startStop-1] DEBUG o.s.c.e.PropertySourcesPropertyResolver - Could not find key 'PORT' in any property source
7046 [localhost-startStop-1] DEBUG o.s.c.e.PropertySourcesPropertyResolver - Could not find key 'SERVER_PORT:8080' in any property source
7046 [localhost-startStop-1] DEBUG o.s.c.e.PropertySourcesPropertyResolver - Could not find key 'SERVER_PORT:8080' in any property source
7046 [localhost-startStop-1] DEBUG o.s.c.e.PropertySourcesPropertyResolver - Could not find key 'SERVER_PORT' in any property source
7046 [localhost-startStop-1] DEBUG o.s.c.e.PropertySourcesPropertyResolver - Could not find key 'SERVER_PORT' in any property source
7046 [localhost-startStop-1] DEBUG o.s.c.e.PropertySourcesPropertyResolver - Could not find key 'server.port:8080' in any property source
7046 [localhost-startStop-1] DEBUG o.s.c.e.PropertySourcesPropertyResolver - Could not find key 'server.port:8080' in any property source
7046 [localhost-startStop-1] DEBUG o.s.c.e.PropertySourcesPropertyResolver - Found key 'server.port' in [applicationConfig: [classpath:/application.properties]] with type [String]
7046 [localhost-startStop-1] DEBUG o.s.c.e.PropertySourcesPropertyResolver - Found key 'server.port' in [environmentProperties] with type [String]
7047 [localhost-startStop-1] DEBUG o.s.b.f.a.InjectionMetadata - Processing injected element of bean 'org.springframework.cloud.netflix.eureka.EurekaClientAutoConfiguration': AutowiredFieldElement for int org.springframework.cloud.netflix.eureka.EurekaClientAutoConfiguration.managementPort
7047 [localhost-startStop-1] DEBUG o.s.c.e.PropertySourcesPropertyResolver - Could not find key 'PORT:8080' in any property source
7047 [localhost-startStop-1] DEBUG o.s.c.e.PropertySourcesPropertyResolver - Could not find key 'PORT:8080' in any property source
7047 [localhost-startStop-1] DEBUG o.s.c.e.PropertySourcesPropertyResolver - Could not find key 'PORT' in any property source
7047 [localhost-startStop-1] DEBUG o.s.c.e.PropertySourcesPropertyResolver - Could not find key 'PORT' in any property source
7047 [localhost-startStop-1] DEBUG o.s.c.e.PropertySourcesPropertyResolver - Could not find key 'SERVER_PORT:8080' in any property source
7047 [localhost-startStop-1] DEBUG o.s.c.e.PropertySourcesPropertyResolver - Could not find key 'SERVER_PORT:8080' in any property source
7047 [localhost-startStop-1] DEBUG o.s.c.e.PropertySourcesPropertyResolver - Could not find key 'SERVER_PORT' in any property source
7047 [localhost-startStop-1] DEBUG o.s.c.e.PropertySourcesPropertyResolver - Could not find key 'SERVER_PORT' in any property source
7047 [localhost-startStop-1] DEBUG o.s.c.e.PropertySourcesPropertyResolver - Could not find key 'server.port:8080' in any property source
7047 [localhost-startStop-1] DEBUG o.s.c.e.PropertySourcesPropertyResolver - Could not find key 'server.port:8080' in any property source
7047 [localhost-startStop-1] DEBUG o.s.c.e.PropertySourcesPropertyResolver - Found key 'server.port' in [applicationConfig: [classpath:/application.properties]] with type [String]
7047 [localhost-startStop-1] DEBUG o.s.c.e.PropertySourcesPropertyResolver - Found key 'server.port' in [environmentProperties] with type [String]
7047 [localhost-startStop-1] DEBUG o.s.c.e.PropertySourcesPropertyResolver - Could not find key 'MANAGEMENT_PORT:1111' in any property source
7047 [localhost-startStop-1] DEBUG o.s.c.e.PropertySourcesPropertyResolver - Could not find key 'MANAGEMENT_PORT:1111' in any property source
7047 [localhost-startStop-1] DEBUG o.s.c.e.PropertySourcesPropertyResolver - Could not find key 'MANAGEMENT_PORT' in any property source
7047 [localhost-startStop-1] DEBUG o.s.c.e.PropertySourcesPropertyResolver - Could not find key 'MANAGEMENT_PORT' in any property source
7047 [localhost-startStop-1] DEBUG o.s.c.e.PropertySourcesPropertyResolver - Could not find key 'management.port:1111' in any property source
7048 [localhost-startStop-1] DEBUG o.s.c.e.PropertySourcesPropertyResolver - Could not find key 'management.port:1111' in any property source
7048 [localhost-startStop-1] DEBUG o.s.c.e.PropertySourcesPropertyResolver - Could not find key 'management.port' in any property source
7048 [localhost-startStop-1] DEBUG o.s.c.e.PropertySourcesPropertyResolver - Could not find key 'management.port' in any property source
7048 [localhost-startStop-1] DEBUG o.s.b.f.a.InjectionMetadata - Processing injected element of bean 'org.springframework.cloud.netflix.eureka.EurekaClientAutoConfiguration': AutowiredFieldElement for java.lang.String org.springframework.cloud.netflix.eureka.EurekaClientAutoConfiguration.hostname
7048 [localhost-startStop-1] DEBUG o.s.c.e.PropertySourcesPropertyResolver - Could not find key 'EUREKA_INSTANCE_HOSTNAME:' in any property source
7048 [localhost-startStop-1] DEBUG o.s.c.e.PropertySourcesPropertyResolver - Could not find key 'EUREKA_INSTANCE_HOSTNAME:' in any property source
7048 [localhost-startStop-1] DEBUG o.s.c.e.PropertySourcesPropertyResolver - Could not find key 'EUREKA_INSTANCE_HOSTNAME' in any property source
7048 [localhost-startStop-1] DEBUG o.s.c.e.PropertySourcesPropertyResolver - Could not find key 'EUREKA_INSTANCE_HOSTNAME' in any property source
7048 [localhost-startStop-1] DEBUG o.s.c.e.PropertySourcesPropertyResolver - Could not find key 'eureka.instance.hostname:' in any property source
7048 [localhost-startStop-1] DEBUG o.s.c.e.PropertySourcesPropertyResolver - Could not find key 'eureka.instance.hostname:' in any property source
7048 [localhost-startStop-1] DEBUG o.s.c.e.PropertySourcesPropertyResolver - Could not find key 'eureka.instance.hostname' in any property source
7048 [localhost-startStop-1] DEBUG o.s.c.e.PropertySourcesPropertyResolver - Could not find key 'eureka.instance.hostname' in any property source
7048 [localhost-startStop-1] DEBUG o.s.b.f.a.InjectionMetadata - Processing injected element of bean 'org.springframework.cloud.netflix.eureka.EurekaClientAutoConfiguration': AutowiredFieldElement for org.springframework.core.env.ConfigurableEnvironment org.springframework.cloud.netflix.eureka.EurekaClientAutoConfiguration.env
7049 [localhost-startStop-1] DEBUG o.s.b.f.s.DefaultListableBeanFactory - Returning cached instance of singleton bean 'environment'
7049 [localhost-startStop-1] DEBUG o.s.b.f.a.AutowiredAnnotationBeanPostProcessor - Autowiring by type from bean name 'org.springframework.cloud.netflix.eureka.EurekaClientAutoConfiguration' to bean named 'environment'
7051 [localhost-startStop-1] DEBUG o.s.b.f.s.DefaultListableBeanFactory - Finished creating instance of bean 'org.springframework.cloud.netflix.eureka.EurekaClientAutoConfiguration'
7062 [localhost-startStop-1] DEBUG o.s.c.e.PropertySourcesPropertyResolver - Could not find key 'spring.config.name' in any property source
7063 [localhost-startStop-1] DEBUG o.s.b.f.a.InjectionMetadata - Registered injected element on class [org.springframework.cloud.netflix.eureka.EurekaClientConfigBean]: AutowiredFieldElement for org.springframework.core.env.PropertyResolver org.springframework.cloud.netflix.eureka.EurekaClientConfigBean.propertyResolver
7063 [localhost-startStop-1] DEBUG o.s.b.f.s.DefaultListableBeanFactory - Eagerly caching bean 'eurekaClientConfigBean' to allow for resolving potential circular references
7071 [localhost-startStop-1] DEBUG o.s.b.f.a.InjectionMetadata - Processing injected element of bean 'eurekaClientConfigBean': AutowiredFieldElement for org.springframework.core.env.PropertyResolver org.springframework.cloud.netflix.eureka.EurekaClientConfigBean.propertyResolver
7072 [localhost-startStop-1] DEBUG o.s.b.f.s.DefaultListableBeanFactory - Returning cached instance of singleton bean 'environment'
7072 [localhost-startStop-1] DEBUG o.s.b.f.a.AutowiredAnnotationBeanPostProcessor - Autowiring by type from bean name 'eurekaClientConfigBean' to bean named 'environment'
7077 [localhost-startStop-1] DEBUG o.s.core.env.MutablePropertySources - Adding [servletConfigInitParams] PropertySource with lowest search precedence
7077 [localhost-startStop-1] DEBUG o.s.core.env.MutablePropertySources - Adding [servletContextInitParams] PropertySource with lowest search precedence
7077 [localhost-startStop-1] DEBUG o.s.core.env.MutablePropertySources - Adding [systemProperties] PropertySource with lowest search precedence
7077 [localhost-startStop-1] DEBUG o.s.core.env.MutablePropertySources - Adding [systemEnvironment] PropertySource with lowest search precedence
7077 [localhost-startStop-1] DEBUG o.s.core.env.MutablePropertySources - Adding [random] PropertySource with lowest search precedence
7077 [localhost-startStop-1] DEBUG o.s.core.env.MutablePropertySources - Adding [applicationConfig: [classpath:/application.properties]] PropertySource with lowest search precedence
7077 [localhost-startStop-1] DEBUG o.s.core.env.MutablePropertySources - Adding [springCloudClientHostInfo] PropertySource with lowest search precedence
7077 [localhost-startStop-1] DEBUG o.s.core.env.MutablePropertySources - Adding [class path resource [eureka/server.properties]] PropertySource with lowest search precedence
7077 [localhost-startStop-1] DEBUG o.s.core.env.MutablePropertySources - Adding [defaultProperties] PropertySource with lowest search precedence
7077 [localhost-startStop-1] DEBUG o.s.core.env.MutablePropertySources - Adding [localProperties] PropertySource with lowest search precedence
7084 [localhost-startStop-1] DEBUG o.s.core.env.MutablePropertySources - Adding [servletConfigInitParams] PropertySource with lowest search precedence
7084 [localhost-startStop-1] DEBUG o.s.core.env.MutablePropertySources - Adding [servletContextInitParams] PropertySource with lowest search precedence
7084 [localhost-startStop-1] DEBUG o.s.core.env.MutablePropertySources - Adding [systemProperties] PropertySource with lowest search precedence
7084 [localhost-startStop-1] DEBUG o.s.core.env.MutablePropertySources - Adding [systemEnvironment] PropertySource with lowest search precedence
7084 [localhost-startStop-1] DEBUG o.s.core.env.MutablePropertySources - Adding [random] PropertySource with lowest search precedence
7084 [localhost-startStop-1] DEBUG o.s.core.env.MutablePropertySources - Adding [applicationConfig: [classpath:/application.properties]] PropertySource with lowest search precedence
7084 [localhost-startStop-1] DEBUG o.s.core.env.MutablePropertySources - Adding [springCloudClientHostInfo] PropertySource with lowest search precedence
7084 [localhost-startStop-1] DEBUG o.s.core.env.MutablePropertySources - Adding [class path resource [eureka/server.properties]] PropertySource with lowest search precedence
7084 [localhost-startStop-1] DEBUG o.s.core.env.MutablePropertySources - Adding [defaultProperties] PropertySource with lowest search precedence
7084 [localhost-startStop-1] DEBUG o.s.core.env.MutablePropertySources - Adding [localProperties] PropertySource with lowest search precedence
7084 [localhost-startStop-1] DEBUG o.s.core.env.MutablePropertySources - Adding [servletConfigInitParams] PropertySource with lowest search precedence
7084 [localhost-startStop-1] DEBUG o.s.core.env.MutablePropertySources - Adding [servletContextInitParams] PropertySource with lowest search precedence
7084 [localhost-startStop-1] DEBUG o.s.core.env.MutablePropertySources - Adding [systemProperties] PropertySource with lowest search precedence
7084 [localhost-startStop-1] DEBUG o.s.core.env.MutablePropertySources - Adding [systemEnvironment] PropertySource with lowest search precedence
7084 [localhost-startStop-1] DEBUG o.s.core.env.MutablePropertySources - Adding [random] PropertySource with lowest search precedence
7084 [localhost-startStop-1] DEBUG o.s.core.env.MutablePropertySources - Adding [applicationConfig: [classpath:/application.properties]] PropertySource with lowest search precedence
7084 [localhost-startStop-1] DEBUG o.s.core.env.MutablePropertySources - Adding [springCloudClientHostInfo] PropertySource with lowest search precedence
7084 [localhost-startStop-1] DEBUG o.s.core.env.MutablePropertySources - Adding [class path resource [eureka/server.properties]] PropertySource with lowest search precedence
7084 [localhost-startStop-1] DEBUG o.s.core.env.MutablePropertySources - Adding [defaultProperties] PropertySource with lowest search precedence
7084 [localhost-startStop-1] DEBUG o.s.core.env.MutablePropertySources - Adding [localProperties] PropertySource with lowest search precedence
7084 [localhost-startStop-1] DEBUG o.s.c.e.PropertySourcesPropertyResolver - Found key 'server.port' in [applicationConfig: [classpath:/application.properties]] with type [String]
7084 [localhost-startStop-1] DEBUG o.s.c.e.PropertySourcesPropertyResolver - Found key 'eureka.client.serviceUrl.defaultZone' in [applicationConfig: [classpath:/application.properties]] with type [String]
7089 [localhost-startStop-1] DEBUG o.s.core.env.MutablePropertySources - Adding [servletConfigInitParams] PropertySource with lowest search precedence
7089 [localhost-startStop-1] DEBUG o.s.core.env.MutablePropertySources - Adding [servletContextInitParams] PropertySource with lowest search precedence
7089 [localhost-startStop-1] DEBUG o.s.core.env.MutablePropertySources - Adding [systemProperties] PropertySource with lowest search precedence
7089 [localhost-startStop-1] DEBUG o.s.core.env.MutablePropertySources - Adding [systemEnvironment] PropertySource with lowest search precedence
7089 [localhost-startStop-1] DEBUG o.s.core.env.MutablePropertySources - Adding [random] PropertySource with lowest search precedence
7089 [localhost-startStop-1] DEBUG o.s.core.env.MutablePropertySources - Adding [applicationConfig: [classpath:/application.properties]] PropertySource with lowest search precedence
7089 [localhost-startStop-1] DEBUG o.s.core.env.MutablePropertySources - Adding [springCloudClientHostInfo] PropertySource with lowest search precedence
7089 [localhost-startStop-1] DEBUG o.s.core.env.MutablePropertySources - Adding [class path resource [eureka/server.properties]] PropertySource with lowest search precedence
7089 [localhost-startStop-1] DEBUG o.s.core.env.MutablePropertySources - Adding [defaultProperties] PropertySource with lowest search precedence
7089 [localhost-startStop-1] DEBUG o.s.core.env.MutablePropertySources - Adding [localProperties] PropertySource with lowest search precedence
7089 [localhost-startStop-1] DEBUG o.s.c.e.PropertySourcesPropertyResolver - Found key 'eureka.client.register-with-eureka' in [applicationConfig: [classpath:/application.properties]] with type [String]
7094 [localhost-startStop-1] DEBUG o.s.core.env.MutablePropertySources - Adding [servletConfigInitParams] PropertySource with lowest search precedence
7094 [localhost-startStop-1] DEBUG o.s.core.env.MutablePropertySources - Adding [servletContextInitParams] PropertySource with lowest search precedence
7094 [localhost-startStop-1] DEBUG o.s.core.env.MutablePropertySources - Adding [systemProperties] PropertySource with lowest search precedence
7094 [localhost-startStop-1] DEBUG o.s.core.env.MutablePropertySources - Adding [systemEnvironment] PropertySource with lowest search precedence
7094 [localhost-startStop-1] DEBUG o.s.core.env.MutablePropertySources - Adding [random] PropertySource with lowest search precedence
7094 [localhost-startStop-1] DEBUG o.s.core.env.MutablePropertySources - Adding [applicationConfig: [classpath:/application.properties]] PropertySource with lowest search precedence
7094 [localhost-startStop-1] DEBUG o.s.core.env.MutablePropertySources - Adding [springCloudClientHostInfo] PropertySource with lowest search precedence
7094 [localhost-startStop-1] DEBUG o.s.core.env.MutablePropertySources - Adding [class path resource [eureka/server.properties]] PropertySource with lowest search precedence
7094 [localhost-startStop-1] DEBUG o.s.core.env.MutablePropertySources - Adding [defaultProperties] PropertySource with lowest search precedence
7094 [localhost-startStop-1] DEBUG o.s.core.env.MutablePropertySources - Adding [localProperties] PropertySource with lowest search precedence
7094 [localhost-startStop-1] DEBUG o.s.c.e.PropertySourcesPropertyResolver - Found key 'eureka.client.fetch-registry' in [applicationConfig: [classpath:/application.properties]] with type [String]
7128 [localhost-startStop-1] DEBUG o.s.b.f.s.DefaultListableBeanFactory - Finished creating instance of bean 'eurekaClientConfigBean'
7128 [localhost-startStop-1] DEBUG o.s.b.f.s.DefaultListableBeanFactory - Autowiring by type from bean name 'eurekaServerConfig' via factory method to bean named 'eurekaClientConfigBean'
7135 [localhost-startStop-1] DEBUG o.s.b.f.a.InjectionMetadata - Registered injected element on class [org.springframework.cloud.netflix.eureka.server.EurekaServerConfigBean]: AutowiredFieldElement for org.springframework.core.env.PropertyResolver org.springframework.cloud.netflix.eureka.server.EurekaServerConfigBean.propertyResolver
7136 [localhost-startStop-1] DEBUG o.s.b.f.s.DefaultListableBeanFactory - Eagerly caching bean 'eurekaServerConfig' to allow for resolving potential circular references
7142 [localhost-startStop-1] DEBUG o.s.b.f.a.InjectionMetadata - Processing injected element of bean 'eurekaServerConfig': AutowiredFieldElement for org.springframework.core.env.PropertyResolver org.springframework.cloud.netflix.eureka.server.EurekaServerConfigBean.propertyResolver
7144 [localhost-startStop-1] DEBUG o.s.b.f.s.DefaultListableBeanFactory - Returning cached instance of singleton bean 'environment'
7144 [localhost-startStop-1] DEBUG o.s.b.f.a.AutowiredAnnotationBeanPostProcessor - Autowiring by type from bean name 'eurekaServerConfig' to bean named 'environment'
7152 [localhost-startStop-1] DEBUG o.s.core.env.MutablePropertySources - Adding [servletConfigInitParams] PropertySource with lowest search precedence
7152 [localhost-startStop-1] DEBUG o.s.core.env.MutablePropertySources - Adding [servletContextInitParams] PropertySource with lowest search precedence
7152 [localhost-startStop-1] DEBUG o.s.core.env.MutablePropertySources - Adding [systemProperties] PropertySource with lowest search precedence
7152 [localhost-startStop-1] DEBUG o.s.core.env.MutablePropertySources - Adding [systemEnvironment] PropertySource with lowest search precedence
7152 [localhost-startStop-1] DEBUG o.s.core.env.MutablePropertySources - Adding [random] PropertySource with lowest search precedence
7152 [localhost-startStop-1] DEBUG o.s.core.env.MutablePropertySources - Adding [applicationConfig: [classpath:/application.properties]] PropertySource with lowest search precedence
7152 [localhost-startStop-1] DEBUG o.s.core.env.MutablePropertySources - Adding [springCloudClientHostInfo] PropertySource with lowest search precedence
7152 [localhost-startStop-1] DEBUG o.s.core.env.MutablePropertySources - Adding [class path resource [eureka/server.properties]] PropertySource with lowest search precedence
7152 [localhost-startStop-1] DEBUG o.s.core.env.MutablePropertySources - Adding [defaultProperties] PropertySource with lowest search precedence
7152 [localhost-startStop-1] DEBUG o.s.core.env.MutablePropertySources - Adding [localProperties] PropertySource with lowest search precedence
7190 [localhost-startStop-1] DEBUG o.s.core.env.MutablePropertySources - Adding [servletConfigInitParams] PropertySource with lowest search precedence
7190 [localhost-startStop-1] DEBUG o.s.core.env.MutablePropertySources - Adding [servletContextInitParams] PropertySource with lowest search precedence
7190 [localhost-startStop-1] DEBUG o.s.core.env.MutablePropertySources - Adding [systemProperties] PropertySource with lowest search precedence
7190 [localhost-startStop-1] DEBUG o.s.core.env.MutablePropertySources - Adding [systemEnvironment] PropertySource with lowest search precedence
7190 [localhost-startStop-1] DEBUG o.s.core.env.MutablePropertySources - Adding [random] PropertySource with lowest search precedence
7190 [localhost-startStop-1] DEBUG o.s.core.env.MutablePropertySources - Adding [applicationConfig: [classpath:/application.properties]] PropertySource with lowest search precedence
7190 [localhost-startStop-1] DEBUG o.s.core.env.MutablePropertySources - Adding [springCloudClientHostInfo] PropertySource with lowest search precedence
7190 [localhost-startStop-1] DEBUG o.s.core.env.MutablePropertySources - Adding [class path resource [eureka/server.properties]] PropertySource with lowest search precedence
7190 [localhost-startStop-1] DEBUG o.s.core.env.MutablePropertySources - Adding [defaultProperties] PropertySource with lowest search precedence
7190 [localhost-startStop-1] DEBUG o.s.core.env.MutablePropertySources - Adding [localProperties] PropertySource with lowest search precedence
7190 [localhost-startStop-1] DEBUG o.s.c.e.PropertySourcesPropertyResolver - Found key 'eureka.server.enable-self-preservation' in [applicationConfig: [classpath:/application.properties]] with type [String]
7199 [localhost-startStop-1] DEBUG o.s.core.env.MutablePropertySources - Adding [servletConfigInitParams] PropertySource with lowest search precedence
7199 [localhost-startStop-1] DEBUG o.s.core.env.MutablePropertySources - Adding [servletContextInitParams] PropertySource with lowest search precedence
7199 [localhost-startStop-1] DEBUG o.s.core.env.MutablePropertySources - Adding [systemProperties] PropertySource with lowest search precedence
7199 [localhost-startStop-1] DEBUG o.s.core.env.MutablePropertySources - Adding [systemEnvironment] PropertySource with lowest search precedence
7199 [localhost-startStop-1] DEBUG o.s.core.env.MutablePropertySources - Adding [random] PropertySource with lowest search precedence
7199 [localhost-startStop-1] DEBUG o.s.core.env.MutablePropertySources - Adding [applicationConfig: [classpath:/application.properties]] PropertySource with lowest search precedence
7199 [localhost-startStop-1] DEBUG o.s.core.env.MutablePropertySources - Adding [springCloudClientHostInfo] PropertySource with lowest search precedence
7199 [localhost-startStop-1] DEBUG o.s.core.env.MutablePropertySources - Adding [class path resource [eureka/server.properties]] PropertySource with lowest search precedence
7199 [localhost-startStop-1] DEBUG o.s.core.env.MutablePropertySources - Adding [defaultProperties] PropertySource with lowest search precedence
7199 [localhost-startStop-1] DEBUG o.s.core.env.MutablePropertySources - Adding [localProperties] PropertySource with lowest search precedence
7199 [localhost-startStop-1] DEBUG o.s.c.e.PropertySourcesPropertyResolver - Found key 'eureka.server.eviction-interval-timer-in-ms' in [applicationConfig: [classpath:/application.properties]] with type [String]
7237 [localhost-startStop-1] DEBUG o.s.b.f.s.DefaultListableBeanFactory - Finished creating instance of bean 'eurekaServerConfig'
7237 [localhost-startStop-1] DEBUG o.s.b.f.a.AutowiredAnnotationBeanPostProcessor - Autowiring by type from bean name 'org.springframework.cloud.netflix.eureka.server.EurekaServerConfiguration' to bean named 'eurekaServerConfig'
7237 [localhost-startStop-1] DEBUG o.s.b.f.a.InjectionMetadata - Processing injected element of bean 'org.springframework.cloud.netflix.eureka.server.EurekaServerConfiguration': AutowiredFieldElement for private com.netflix.discovery.EurekaClientConfig org.springframework.cloud.netflix.eureka.server.EurekaServerConfiguration.eurekaClientConfig
7238 [localhost-startStop-1] DEBUG o.s.b.f.s.DefaultListableBeanFactory - Returning cached instance of singleton bean 'eurekaClientConfigBean'
7238 [localhost-startStop-1] DEBUG o.s.b.f.a.AutowiredAnnotationBeanPostProcessor - Autowiring by type from bean name 'org.springframework.cloud.netflix.eureka.server.EurekaServerConfiguration' to bean named 'eurekaClientConfigBean'
7238 [localhost-startStop-1] DEBUG o.s.b.f.a.InjectionMetadata - Processing injected element of bean 'org.springframework.cloud.netflix.eureka.server.EurekaServerConfiguration': AutowiredFieldElement for private com.netflix.discovery.EurekaClient org.springframework.cloud.netflix.eureka.server.EurekaServerConfiguration.eurekaClient
7240 [localhost-startStop-1] DEBUG o.s.b.f.s.DefaultListableBeanFactory - Creating shared instance of singleton bean 'eurekaClient'
7240 [localhost-startStop-1] DEBUG o.s.b.f.s.DefaultListableBeanFactory - Creating instance of bean 'eurekaClient'
7240 [localhost-startStop-1] DEBUG o.s.b.f.s.DefaultListableBeanFactory - Eagerly caching bean 'eurekaClient' to allow for resolving potential circular references
7242 [localhost-startStop-1] DEBUG o.s.a.framework.JdkDynamicAopProxy - Creating JDK dynamic proxy: target source is SimpleBeanTargetSource for target bean 'scopedTarget.eurekaClient' of type [com.netflix.discovery.EurekaClient]
7248 [localhost-startStop-1] DEBUG o.s.b.f.s.DefaultListableBeanFactory - Finished creating instance of bean 'eurekaClient'
7249 [localhost-startStop-1] DEBUG o.s.b.f.a.AutowiredAnnotationBeanPostProcessor - Autowiring by type from bean name 'org.springframework.cloud.netflix.eureka.server.EurekaServerConfiguration' to bean named 'eurekaClient'
7249 [localhost-startStop-1] DEBUG o.s.b.f.a.InjectionMetadata - Processing injected element of bean 'org.springframework.cloud.netflix.eureka.server.EurekaServerConfiguration': AutowiredFieldElement for private int org.springframework.cloud.netflix.eureka.server.EurekaServerConfiguration.expectedNumberOfRenewsPerMin
7249 [localhost-startStop-1] DEBUG o.s.c.e.PropertySourcesPropertyResolver - Could not find key 'eureka.server.expectedNumberOfRenewsPerMin:1' in any property source
7249 [localhost-startStop-1] DEBUG o.s.c.e.PropertySourcesPropertyResolver - Could not find key 'eureka.server.expectedNumberOfRenewsPerMin:1' in any property source
7249 [localhost-startStop-1] DEBUG o.s.c.e.PropertySourcesPropertyResolver - Could not find key 'eureka.server.expectedNumberOfRenewsPerMin' in any property source
7249 [localhost-startStop-1] DEBUG o.s.c.e.PropertySourcesPropertyResolver - Could not find key 'eureka.server.expectedNumberOfRenewsPerMin' in any property source
7250 [localhost-startStop-1] DEBUG o.s.b.f.a.InjectionMetadata - Processing injected element of bean 'org.springframework.cloud.netflix.eureka.server.EurekaServerConfiguration': AutowiredFieldElement for private int org.springframework.cloud.netflix.eureka.server.EurekaServerConfiguration.defaultOpenForTrafficCount
7250 [localhost-startStop-1] DEBUG o.s.c.e.PropertySourcesPropertyResolver - Could not find key 'eureka.server.defaultOpenForTrafficCount:1' in any property source
7250 [localhost-startStop-1] DEBUG o.s.c.e.PropertySourcesPropertyResolver - Could not find key 'eureka.server.defaultOpenForTrafficCount:1' in any property source
7250 [localhost-startStop-1] DEBUG o.s.c.e.PropertySourcesPropertyResolver - Could not find key 'eureka.server.defaultOpenForTrafficCount' in any property source
7250 [localhost-startStop-1] DEBUG o.s.c.e.PropertySourcesPropertyResolver - Could not find key 'eureka.server.defaultOpenForTrafficCount' in any property source
7250 [localhost-startStop-1] DEBUG o.s.b.f.s.DefaultListableBeanFactory - Finished creating instance of bean 'org.springframework.cloud.netflix.eureka.server.EurekaServerConfiguration'
7253 [localhost-startStop-1] DEBUG o.s.b.f.s.DefaultListableBeanFactory - Creating shared instance of singleton bean 'jerseyApplication'
7253 [localhost-startStop-1] DEBUG o.s.b.f.s.DefaultListableBeanFactory - Creating instance of bean 'jerseyApplication'
7254 [localhost-startStop-1] DEBUG o.s.b.f.s.DefaultListableBeanFactory - Returning cached instance of singleton bean 'org.springframework.cloud.netflix.eureka.server.EurekaServerConfiguration'
7255 [localhost-startStop-1] DEBUG o.s.b.f.s.DefaultListableBeanFactory - Returning cached instance of singleton bean 'environment'
7256 [localhost-startStop-1] DEBUG o.s.b.f.s.DefaultListableBeanFactory - Autowiring by type from bean name 'jerseyApplication' via factory method to bean named 'environment'
7256 [localhost-startStop-1] DEBUG o.s.b.f.s.DefaultListableBeanFactory - Autowiring by type from bean name 'jerseyApplication' via factory method to bean named 'org.springframework.boot.context.embedded.AnnotationConfigEmbeddedWebApplicationContext@189aa67a'
7266 [localhost-startStop-1] DEBUG o.s.c.i.s.PathMatchingResourcePatternResolver - Resolved classpath location [com/netflix/discovery/] to resources [URL [jar:file:/D:/mavenHome/com/netflix/eureka/eureka-client/1.4.6/eureka-client-1.4.6.jar!/com/netflix/discovery/]]
7266 [localhost-startStop-1] DEBUG o.s.c.i.s.PathMatchingResourcePatternResolver - Looking for matching resources in jar file [file:/D:/mavenHome/com/netflix/eureka/eureka-client/1.4.6/eureka-client-1.4.6.jar]
7274 [localhost-startStop-1] DEBUG o.s.c.i.s.PathMatchingResourcePatternResolver - Resolved location pattern [classpath*:com/netflix/discovery/**/*.class] to resources [URL [jar:file:/D:/mavenHome/com/netflix/eureka/eureka-client/1.4.6/eureka-client-1.4.6.jar!/com/netflix/discovery/EurekaIdentityHeaderFilter.class], URL [jar:file:/D:/mavenHome/com/netflix/eureka/eureka-client/1.4.6/eureka-client-1.4.6.jar!/com/netflix/discovery/InternalEurekaStatusModule$UpStatusProvider.class], URL [jar:file:/D:/mavenHome/com/netflix/eureka/eureka-client/1.4.6/eureka-client-1.4.6.jar!/com/netflix/discovery/InstanceInfoReplicator.class], URL [jar:file:/D:/mavenHome/com/netflix/eureka/eureka-client/1.4.6/eureka-client-1.4.6.jar!/com/netflix/discovery/AbstractAzToRegionMapper$1.class], URL [jar:file:/D:/mavenHome/com/netflix/eureka/eureka-client/1.4.6/eureka-client-1.4.6.jar!/com/netflix/discovery/EurekaClientNames.class], URL [jar:file:/D:/mavenHome/com/netflix/eureka/eureka-client/1.4.6/eureka-client-1.4.6.jar!/com/netflix/discovery/DefaultEurekaClientConfig.class], URL [jar:file:/D:/mavenHome/com/netflix/eureka/eureka-client/1.4.6/eureka-client-1.4.6.jar!/com/netflix/discovery/InstanceRegionChecker.class], URL [jar:file:/D:/mavenHome/com/netflix/eureka/eureka-client/1.4.6/eureka-client-1.4.6.jar!/com/netflix/discovery/EurekaUpStatusResolver.class], URL [jar:file:/D:/mavenHome/com/netflix/eureka/eureka-client/1.4.6/eureka-client-1.4.6.jar!/com/netflix/discovery/DiscoveryClient$1.class], URL [jar:file:/D:/mavenHome/com/netflix/eureka/eureka-client/1.4.6/eureka-client-1.4.6.jar!/com/netflix/discovery/InternalEurekaStatusModule$1.class], URL [jar:file:/D:/mavenHome/com/netflix/eureka/eureka-client/1.4.6/eureka-client-1.4.6.jar!/com/netflix/discovery/DiscoveryClient$CacheRefreshThread.class], URL [jar:file:/D:/mavenHome/com/netflix/eureka/eureka-client/1.4.6/eureka-client-1.4.6.jar!/com/netflix/discovery/InternalEurekaStatusModule$DownStatusProvider.class], URL [jar:file:/D:/mavenHome/com/netflix/eureka/eureka-client/1.4.6/eureka-client-1.4.6.jar!/com/netflix/discovery/AbstractAzToRegionMapper.class], URL [jar:file:/D:/mavenHome/com/netflix/eureka/eureka-client/1.4.6/eureka-client-1.4.6.jar!/com/netflix/discovery/DNSBasedAzToRegionMapper.class], URL [jar:file:/D:/mavenHome/com/netflix/eureka/eureka-client/1.4.6/eureka-client-1.4.6.jar!/com/netflix/discovery/StatusChangeEvent.class], URL [jar:file:/D:/mavenHome/com/netflix/eureka/eureka-client/1.4.6/eureka-client-1.4.6.jar!/com/netflix/discovery/InternalEurekaStatusModule$2.class], URL [jar:file:/D:/mavenHome/com/netflix/eureka/eureka-client/1.4.6/eureka-client-1.4.6.jar!/com/netflix/discovery/DiscoveryClient$2.class], URL [jar:file:/D:/mavenHome/com/netflix/eureka/eureka-client/1.4.6/eureka-client-1.4.6.jar!/com/netflix/discovery/DiscoveryClient$3.class], URL [jar:file:/D:/mavenHome/com/netflix/eureka/eureka-client/1.4.6/eureka-client-1.4.6.jar!/com/netflix/discovery/BackupRegistry.class], URL [jar:file:/D:/mavenHome/com/netflix/eureka/eureka-client/1.4.6/eureka-client-1.4.6.jar!/com/netflix/discovery/AzToRegionMapper.class], URL [jar:file:/D:/mavenHome/com/netflix/eureka/eureka-client/1.4.6/eureka-client-1.4.6.jar!/com/netflix/discovery/InternalEurekaStatusModule$UpStatusProvider$1.class], URL [jar:file:/D:/mavenHome/com/netflix/eureka/eureka-client/1.4.6/eureka-client-1.4.6.jar!/com/netflix/discovery/DiscoveryClient$EurekaTransport.class], URL [jar:file:/D:/mavenHome/com/netflix/eureka/eureka-client/1.4.6/eureka-client-1.4.6.jar!/com/netflix/discovery/PropertyBasedAzToRegionMapper.class], URL [jar:file:/D:/mavenHome/com/netflix/eureka/eureka-client/1.4.6/eureka-client-1.4.6.jar!/com/netflix/discovery/TimedSupervisorTask.class], URL [jar:file:/D:/mavenHome/com/netflix/eureka/eureka-client/1.4.6/eureka-client-1.4.6.jar!/com/netflix/discovery/EurekaClient.class], URL [jar:file:/D:/mavenHome/com/netflix/eureka/eureka-client/1.4.6/eureka-client-1.4.6.jar!/com/netflix/discovery/InstanceInfoReplicator$1.class], URL [jar:file:/D:/mavenHome/com/netflix/eureka/eureka-client/1.4.6/eureka-client-1.4.6.jar!/com/netflix/discovery/DiscoveryClient$DiscoveryClientOptionalArgs.class], URL [jar:file:/D:/mavenHome/com/netflix/eureka/eureka-client/1.4.6/eureka-client-1.4.6.jar!/com/netflix/discovery/DiscoveryEvent.class], URL [jar:file:/D:/mavenHome/com/netflix/eureka/eureka-client/1.4.6/eureka-client-1.4.6.jar!/com/netflix/discovery/DiscoveryClient$DiscoveryClientOptionalArgs$1.class], URL [jar:file:/D:/mavenHome/com/netflix/eureka/eureka-client/1.4.6/eureka-client-1.4.6.jar!/com/netflix/discovery/CacheRefreshedEvent.class], URL [jar:file:/D:/mavenHome/com/netflix/eureka/eureka-client/1.4.6/eureka-client-1.4.6.jar!/com/netflix/discovery/DiscoveryClient$HeartbeatThread.class], URL [jar:file:/D:/mavenHome/com/netflix/eureka/eureka-client/1.4.6/eureka-client-1.4.6.jar!/com/netflix/discovery/DiscoveryClient.class], URL [jar:file:/D:/mavenHome/com/netflix/eureka/eureka-client/1.4.6/eureka-client-1.4.6.jar!/com/netflix/discovery/InternalEurekaStatusModule$DownStatusProvider$1.class], URL [jar:file:/D:/mavenHome/com/netflix/eureka/eureka-client/1.4.6/eureka-client-1.4.6.jar!/com/netflix/discovery/EurekaClientConfig.class], URL [jar:file:/D:/mavenHome/com/netflix/eureka/eureka-client/1.4.6/eureka-client-1.4.6.jar!/com/netflix/discovery/InternalEurekaStatusModule.class], URL [jar:file:/D:/mavenHome/com/netflix/eureka/eureka-client/1.4.6/eureka-client-1.4.6.jar!/com/netflix/discovery/EurekaEvent.class], URL [jar:file:/D:/mavenHome/com/netflix/eureka/eureka-client/1.4.6/eureka-client-1.4.6.jar!/com/netflix/discovery/NotImplementedRegistryImpl.class], URL [jar:file:/D:/mavenHome/com/netflix/eureka/eureka-client/1.4.6/eureka-client-1.4.6.jar!/com/netflix/discovery/EurekaNamespace.class], URL [jar:file:/D:/mavenHome/com/netflix/eureka/eureka-client/1.4.6/eureka-client-1.4.6.jar!/com/netflix/discovery/EurekaEventListener.class], URL [jar:file:/D:/mavenHome/com/netflix/eureka/eureka-client/1.4.6/eureka-client-1.4.6.jar!/com/netflix/discovery/DiscoveryManager.class], URL [jar:file:/D:/mavenHome/com/netflix/eureka/eureka-client/1.4.6/eureka-client-1.4.6.jar!/com/netflix/discovery/guice/EurekaModule.class], URL [jar:file:/D:/mavenHome/com/netflix/eureka/eureka-client/1.4.6/eureka-client-1.4.6.jar!/com/netflix/discovery/util/EurekaEntityTransformers$Transformer.class], URL [jar:file:/D:/mavenHome/com/netflix/eureka/eureka-client/1.4.6/eureka-client-1.4.6.jar!/com/netflix/discovery/util/EurekaEntityTransformers$3.class], URL [jar:file:/D:/mavenHome/com/netflix/eureka/eureka-client/1.4.6/eureka-client-1.4.6.jar!/com/netflix/discovery/util/RateLimiter$1.class], URL [jar:file:/D:/mavenHome/com/netflix/eureka/eureka-client/1.4.6/eureka-client-1.4.6.jar!/com/netflix/discovery/util/SystemUtil.class], URL [jar:file:/D:/mavenHome/com/netflix/eureka/eureka-client/1.4.6/eureka-client-1.4.6.jar!/com/netflix/discovery/util/EurekaEntityFunctions$1.class], URL [jar:file:/D:/mavenHome/com/netflix/eureka/eureka-client/1.4.6/eureka-client-1.4.6.jar!/com/netflix/discovery/util/EurekaEntityComparators$EqualFunc.class], URL [jar:file:/D:/mavenHome/com/netflix/eureka/eureka-client/1.4.6/eureka-client-1.4.6.jar!/com/netflix/discovery/util/EurekaEntityTransformers$2.class], URL [jar:file:/D:/mavenHome/com/netflix/eureka/eureka-client/1.4.6/eureka-client-1.4.6.jar!/com/netflix/discovery/util/EurekaEntityComparators$RawIdHandleEmptyEqualFunc.class], URL [jar:file:/D:/mavenHome/com/netflix/eureka/eureka-client/1.4.6/eureka-client-1.4.6.jar!/com/netflix/discovery/util/EurekaEntityComparators.class], URL [jar:file:/D:/mavenHome/com/netflix/eureka/eureka-client/1.4.6/eureka-client-1.4.6.jar!/com/netflix/discovery/util/EurekaEntityFunctions.class], URL [jar:file:/D:/mavenHome/com/netflix/eureka/eureka-client/1.4.6/eureka-client-1.4.6.jar!/com/netflix/discovery/util/EurekaEntityTransformers$1.class], URL [jar:file:/D:/mavenHome/com/netflix/eureka/eureka-client/1.4.6/eureka-client-1.4.6.jar!/com/netflix/discovery/util/EurekaEntityFunctions$InstanceAppIdComparator.class], URL [jar:file:/D:/mavenHome/com/netflix/eureka/eureka-client/1.4.6/eureka-client-1.4.6.jar!/com/netflix/discovery/util/RateLimiter.class], URL [jar:file:/D:/mavenHome/com/netflix/eureka/eureka-client/1.4.6/eureka-client-1.4.6.jar!/com/netflix/discovery/util/ThresholdLevelsMetric.class], URL [jar:file:/D:/mavenHome/com/netflix/eureka/eureka-client/1.4.6/eureka-client-1.4.6.jar!/com/netflix/discovery/util/EurekaEntityComparators$RawIdEqualFunc.class], URL [jar:file:/D:/mavenHome/com/netflix/eureka/eureka-client/1.4.6/eureka-client-1.4.6.jar!/com/netflix/discovery/util/StringCache.class], URL [jar:file:/D:/mavenHome/com/netflix/eureka/eureka-client/1.4.6/eureka-client-1.4.6.jar!/com/netflix/discovery/util/ThresholdLevelsMetric$NoOpThresholdLevelMetric.class], URL [jar:file:/D:/mavenHome/com/netflix/eureka/eureka-client/1.4.6/eureka-client-1.4.6.jar!/com/netflix/discovery/util/EurekaEntityComparators$ResolvedIdEqualFunc.class], URL [jar:file:/D:/mavenHome/com/netflix/eureka/eureka-client/1.4.6/eureka-client-1.4.6.jar!/com/netflix/discovery/util/EurekaEntityTransformers$5.class], URL [jar:file:/D:/mavenHome/com/netflix/eureka/eureka-client/1.4.6/eureka-client-1.4.6.jar!/com/netflix/discovery/util/ExceptionsMetric.class], URL [jar:file:/D:/mavenHome/com/netflix/eureka/eureka-client/1.4.6/eureka-client-1.4.6.jar!/com/netflix/discovery/util/ServoUtil.class], URL [jar:file:/D:/mavenHome/com/netflix/eureka/eureka-client/1.4.6/eureka-client-1.4.6.jar!/com/netflix/discovery/util/StringUtil.class], URL [jar:file:/D:/mavenHome/com/netflix/eureka/eureka-client/1.4.6/eureka-client-1.4.6.jar!/com/netflix/discovery/util/EurekaEntityTransformers$4.class], URL [jar:file:/D:/mavenHome/com/netflix/eureka/eureka-client/1.4.6/eureka-client-1.4.6.jar!/com/netflix/discovery/util/DiscoveryBuildInfo.class], URL [jar:file:/D:/mavenHome/com/netflix/eureka/eureka-client/1.4.6/eureka-client-1.4.6.jar!/com/netflix/discovery/util/EurekaEntityTransformers.class], URL [jar:file:/D:/mavenHome/com/netflix/eureka/eureka-client/1.4.6/eureka-client-1.4.6.jar!/com/netflix/discovery/endpoint/EndpointUtils$DiscoveryUrlType.class], URL [jar:file:/D:/mavenHome/com/netflix/eureka/eureka-client/1.4.6/eureka-client-1.4.6.jar!/com/netflix/discovery/endpoint/EndpointUtils.class], URL [jar:file:/D:/mavenHome/com/netflix/eureka/eureka-client/1.4.6/eureka-client-1.4.6.jar!/com/netflix/discovery/endpoint/EndpointUtils$ServiceUrlRandomizer.class], URL [jar:file:/D:/mavenHome/com/netflix/eureka/eureka-client/1.4.6/eureka-client-1.4.6.jar!/com/netflix/discovery/endpoint/EndpointUtils$InstanceInfoBasedUrlRandomizer.class], URL [jar:file:/D:/mavenHome/com/netflix/eureka/eureka-client/1.4.6/eureka-client-1.4.6.jar!/com/netflix/discovery/endpoint/DnsResolver.class], URL [jar:file:/D:/mavenHome/com/netflix/eureka/eureka-client/1.4.6/eureka-client-1.4.6.jar!/com/netflix/discovery/providers/DefaultEurekaClientConfigProvider.class], URL [jar:file:/D:/mavenHome/com/netflix/eureka/eureka-client/1.4.6/eureka-client-1.4.6.jar!/com/netflix/discovery/converters/XmlXStream.class], URL [jar:file:/D:/mavenHome/com/netflix/eureka/eureka-client/1.4.6/eureka-client-1.4.6.jar!/com/netflix/discovery/converters/Auto.class], URL [jar:file:/D:/mavenHome/com/netflix/eureka/eureka-client/1.4.6/eureka-client-1.4.6.jar!/com/netflix/discovery/converters/EurekaJacksonCodec$ApplicationsDeserializer.class], URL [jar:file:/D:/mavenHome/com/netflix/eureka/eureka-client/1.4.6/eureka-client-1.4.6.jar!/com/netflix/discovery/converters/KeyFormatter.class], URL [jar:file:/D:/mavenHome/com/netflix/eureka/eureka-client/1.4.6/eureka-client-1.4.6.jar!/com/netflix/discovery/converters/Converters$DataCenterInfoConverter.class], URL [jar:file:/D:/mavenHome/com/netflix/eureka/eureka-client/1.4.6/eureka-client-1.4.6.jar!/com/netflix/discovery/converters/EurekaJacksonCodec$InstanceInfoDeserializer.class], URL [jar:file:/D:/mavenHome/com/netflix/eureka/eureka-client/1.4.6/eureka-client-1.4.6.jar!/com/netflix/discovery/converters/Converters$LeaseInfoConverter.class], URL [jar:file:/D:/mavenHome/com/netflix/eureka/eureka-client/1.4.6/eureka-client-1.4.6.jar!/com/netflix/discovery/converters/Converters$DataCenterInfoConverter$1.class], URL [jar:file:/D:/mavenHome/com/netflix/eureka/eureka-client/1.4.6/eureka-client-1.4.6.jar!/com/netflix/discovery/converters/Converters.class], URL [jar:file:/D:/mavenHome/com/netflix/eureka/eureka-client/1.4.6/eureka-client-1.4.6.jar!/com/netflix/discovery/converters/EurekaJacksonCodec$ApplicationSerializer.class], URL [jar:file:/D:/mavenHome/com/netflix/eureka/eureka-client/1.4.6/eureka-client-1.4.6.jar!/com/netflix/discovery/converters/EntityBodyConverter.class], URL [jar:file:/D:/mavenHome/com/netflix/eureka/eureka-client/1.4.6/eureka-client-1.4.6.jar!/com/netflix/discovery/converters/Converters$ApplicationsConverter.class], URL [jar:file:/D:/mavenHome/com/netflix/eureka/eureka-client/1.4.6/eureka-client-1.4.6.jar!/com/netflix/discovery/converters/EurekaJacksonCodec$DataCenterInfoDeserializer.class], URL [jar:file:/D:/mavenHome/com/netflix/eureka/eureka-client/1.4.6/eureka-client-1.4.6.jar!/com/netflix/discovery/converters/Converters$InstanceInfoConverter.class], URL [jar:file:/D:/mavenHome/com/netflix/eureka/eureka-client/1.4.6/eureka-client-1.4.6.jar!/com/netflix/discovery/converters/EurekaJacksonCodec$DataCenterInfoDeserializer$1.class], URL [jar:file:/D:/mavenHome/com/netflix/eureka/eureka-client/1.4.6/eureka-client-1.4.6.jar!/com/netflix/discovery/converters/EurekaJacksonCodec$DataCenterInfoSerializer.class], URL [jar:file:/D:/mavenHome/com/netflix/eureka/eureka-client/1.4.6/eureka-client-1.4.6.jar!/com/netflix/discovery/converters/EurekaJacksonCodec$LeaseInfoDeserializer.class], URL [jar:file:/D:/mavenHome/com/netflix/eureka/eureka-client/1.4.6/eureka-client-1.4.6.jar!/com/netflix/discovery/converters/EurekaJacksonCodec.class], URL [jar:file:/D:/mavenHome/com/netflix/eureka/eureka-client/1.4.6/eureka-client-1.4.6.jar!/com/netflix/discovery/converters/JsonXStream$1.class], URL [jar:file:/D:/mavenHome/com/netflix/eureka/eureka-client/1.4.6/eureka-client-1.4.6.jar!/com/netflix/discovery/converters/EurekaJacksonCodec$ApplicationDeserializer.class], URL [jar:file:/D:/mavenHome/com/netflix/eureka/eureka-client/1.4.6/eureka-client-1.4.6.jar!/com/netflix/discovery/converters/EurekaJacksonCodec$InstanceInfoSerializer.class], URL [jar:file:/D:/mavenHome/com/netflix/eureka/eureka-client/1.4.6/eureka-client-1.4.6.jar!/com/netflix/discovery/converters/Converters$ApplicationConverter.class], URL [jar:file:/D:/mavenHome/com/netflix/eureka/eureka-client/1.4.6/eureka-client-1.4.6.jar!/com/netflix/discovery/converters/Converters$MetadataConverter.class], URL [jar:file:/D:/mavenHome/com/netflix/eureka/eureka-client/1.4.6/eureka-client-1.4.6.jar!/com/netflix/discovery/converters/JsonXStream.class], URL [jar:file:/D:/mavenHome/com/netflix/eureka/eureka-client/1.4.6/eureka-client-1.4.6.jar!/com/netflix/discovery/converters/EurekaJacksonCodec$ApplicationsSerializer.class], URL [jar:file:/D:/mavenHome/com/netflix/eureka/eureka-client/1.4.6/eureka-client-1.4.6.jar!/com/netflix/discovery/converters/jackson/AbstractEurekaJacksonCodec$1.class], URL [jar:file:/D:/mavenHome/com/netflix/eureka/eureka-client/1.4.6/eureka-client-1.4.6.jar!/com/netflix/discovery/converters/jackson/EurekaJsonJacksonCodec.class], URL [jar:file:/D:/mavenHome/com/netflix/eureka/eureka-client/1.4.6/eureka-client-1.4.6.jar!/com/netflix/discovery/converters/jackson/AbstractEurekaJacksonCodec.class], URL [jar:file:/D:/mavenHome/com/netflix/eureka/eureka-client/1.4.6/eureka-client-1.4.6.jar!/com/netflix/discovery/converters/jackson/EurekaJacksonJsonModifiers$1.class], URL [jar:file:/D:/mavenHome/com/netflix/eureka/eureka-client/1.4.6/eureka-client-1.4.6.jar!/com/netflix/discovery/converters/jackson/AbstractEurekaJacksonCodec$2.class], URL [jar:file:/D:/mavenHome/com/netflix/eureka/eureka-client/1.4.6/eureka-client-1.4.6.jar!/com/netflix/discovery/converters/jackson/EurekaJacksonXmlModifiers$1.class], URL [jar:file:/D:/mavenHome/com/netflix/eureka/eureka-client/1.4.6/eureka-client-1.4.6.jar!/com/netflix/discovery/converters/jackson/DataCenterTypeInfoResolver.class], URL [jar:file:/D:/mavenHome/com/netflix/eureka/eureka-client/1.4.6/eureka-client-1.4.6.jar!/com/netflix/discovery/converters/jackson/EurekaXmlJacksonCodec.class], URL [jar:file:/D:/mavenHome/com/netflix/eureka/eureka-client/1.4.6/eureka-client-1.4.6.jar!/com/netflix/discovery/converters/jackson/EurekaJacksonJsonModifiers.class], URL [jar:file:/D:/mavenHome/com/netflix/eureka/eureka-client/1.4.6/eureka-client-1.4.6.jar!/com/netflix/discovery/converters/jackson/EurekaXmlJacksonCodec$1.class], URL [jar:file:/D:/mavenHome/com/netflix/eureka/eureka-client/1.4.6/eureka-client-1.4.6.jar!/com/netflix/discovery/converters/jackson/EurekaJacksonXmlModifiers.class], URL [jar:file:/D:/mavenHome/com/netflix/eureka/eureka-client/1.4.6/eureka-client-1.4.6.jar!/com/netflix/discovery/converters/jackson/builder/StringInterningAmazonInfoBuilder.class], URL [jar:file:/D:/mavenHome/com/netflix/eureka/eureka-client/1.4.6/eureka-client-1.4.6.jar!/com/netflix/discovery/converters/jackson/builder/ApplicationsXmlJacksonBuilder.class], URL [jar:file:/D:/mavenHome/com/netflix/eureka/eureka-client/1.4.6/eureka-client-1.4.6.jar!/com/netflix/discovery/converters/jackson/builder/ApplicationsJacksonBuilder.class], URL [jar:file:/D:/mavenHome/com/netflix/eureka/eureka-client/1.4.6/eureka-client-1.4.6.jar!/com/netflix/discovery/converters/jackson/mixin/ApplicationXmlMixIn.class], URL [jar:file:/D:/mavenHome/com/netflix/eureka/eureka-client/1.4.6/eureka-client-1.4.6.jar!/com/netflix/discovery/converters/jackson/mixin/PortWrapperXmlMixIn.class], URL [jar:file:/D:/mavenHome/com/netflix/eureka/eureka-client/1.4.6/eureka-client-1.4.6.jar!/com/netflix/discovery/converters/jackson/mixin/ApplicationsJsonMixIn.class], URL [jar:file:/D:/mavenHome/com/netflix/eureka/eureka-client/1.4.6/eureka-client-1.4.6.jar!/com/netflix/discovery/converters/jackson/mixin/InstanceInfoJsonMixIn.class], URL [jar:file:/D:/mavenHome/com/netflix/eureka/eureka-client/1.4.6/eureka-client-1.4.6.jar!/com/netflix/discovery/converters/jackson/mixin/ApplicationsXmlMixIn.class], URL [jar:file:/D:/mavenHome/com/netflix/eureka/eureka-client/1.4.6/eureka-client-1.4.6.jar!/com/netflix/discovery/converters/jackson/mixin/DataCenterInfoXmlMixIn.class], URL [jar:file:/D:/mavenHome/com/netflix/eureka/eureka-client/1.4.6/eureka-client-1.4.6.jar!/com/netflix/discovery/converters/jackson/mixin/MiniInstanceInfoMixIn.class], URL [jar:file:/D:/mavenHome/com/netflix/eureka/eureka-client/1.4.6/eureka-client-1.4.6.jar!/com/netflix/discovery/converters/jackson/serializer/InstanceInfoXmlBeanSerializer.class], URL [jar:file:/D:/mavenHome/com/netflix/eureka/eureka-client/1.4.6/eureka-client-1.4.6.jar!/com/netflix/discovery/converters/jackson/serializer/InstanceInfoJsonBeanSerializer.class], URL [jar:file:/D:/mavenHome/com/netflix/eureka/eureka-client/1.4.6/eureka-client-1.4.6.jar!/com/netflix/discovery/converters/jackson/serializer/PortWrapperXmlDeserializer.class], URL [jar:file:/D:/mavenHome/com/netflix/eureka/eureka-client/1.4.6/eureka-client-1.4.6.jar!/com/netflix/discovery/converters/jackson/serializer/ApplicationXmlDeserializer.class], URL [jar:file:/D:/mavenHome/com/netflix/eureka/eureka-client/1.4.6/eureka-client-1.4.6.jar!/com/netflix/discovery/converters/jackson/serializer/ApplicationsXmlBeanSerializer.class], URL [jar:file:/D:/mavenHome/com/netflix/eureka/eureka-client/1.4.6/eureka-client-1.4.6.jar!/com/netflix/discovery/converters/jackson/serializer/ApplicationsJsonBeanSerializer.class], URL [jar:file:/D:/mavenHome/com/netflix/eureka/eureka-client/1.4.6/eureka-client-1.4.6.jar!/com/netflix/discovery/converters/wrappers/CodecWrappers$1.class], URL [jar:file:/D:/mavenHome/com/netflix/eureka/eureka-client/1.4.6/eureka-client-1.4.6.jar!/com/netflix/discovery/converters/wrappers/CodecWrappers$LegacyJacksonJson.class], URL [jar:file:/D:/mavenHome/com/netflix/eureka/eureka-client/1.4.6/eureka-client-1.4.6.jar!/com/netflix/discovery/converters/wrappers/CodecWrappers.class], URL [jar:file:/D:/mavenHome/com/netflix/eureka/eureka-client/1.4.6/eureka-client-1.4.6.jar!/com/netflix/discovery/converters/wrappers/CodecWrappers$JacksonJson.class], URL [jar:file:/D:/mavenHome/com/netflix/eureka/eureka-client/1.4.6/eureka-client-1.4.6.jar!/com/netflix/discovery/converters/wrappers/DecoderWrapper.class], URL [jar:file:/D:/mavenHome/com/netflix/eureka/eureka-client/1.4.6/eureka-client-1.4.6.jar!/com/netflix/discovery/converters/wrappers/CodecWrappers$XStreamXml.class], URL [jar:file:/D:/mavenHome/com/netflix/eureka/eureka-client/1.4.6/eureka-client-1.4.6.jar!/com/netflix/discovery/converters/wrappers/CodecWrapper.class], URL [jar:file:/D:/mavenHome/com/netflix/eureka/eureka-client/1.4.6/eureka-client-1.4.6.jar!/com/netflix/discovery/converters/wrappers/CodecWrapperBase.class], URL [jar:file:/D:/mavenHome/com/netflix/eureka/eureka-client/1.4.6/eureka-client-1.4.6.jar!/com/netflix/discovery/converters/wrappers/CodecWrappers$XStreamJson.class], URL [jar:file:/D:/mavenHome/com/netflix/eureka/eureka-client/1.4.6/eureka-client-1.4.6.jar!/com/netflix/discovery/converters/wrappers/CodecWrappers$JacksonXmlMini.class], URL [jar:file:/D:/mavenHome/com/netflix/eureka/eureka-client/1.4.6/eureka-client-1.4.6.jar!/com/netflix/discovery/converters/wrappers/EncoderWrapper.class], URL [jar:file:/D:/mavenHome/com/netflix/eureka/eureka-client/1.4.6/eureka-client-1.4.6.jar!/com/netflix/discovery/converters/wrappers/CodecWrappers$JacksonJsonMini.class], URL [jar:file:/D:/mavenHome/com/netflix/eureka/eureka-client/1.4.6/eureka-client-1.4.6.jar!/com/netflix/discovery/converters/wrappers/CodecWrappers$JacksonXml.class], URL [jar:file:/D:/mavenHome/com/netflix/eureka/eureka-client/1.4.6/eureka-client-1.4.6.jar!/com/netflix/discovery/provider/Serializer.class], URL [jar:file:/D:/mavenHome/com/netflix/eureka/eureka-client/1.4.6/eureka-client-1.4.6.jar!/com/netflix/discovery/provider/DiscoveryJerseyProvider.class], URL [jar:file:/D:/mavenHome/com/netflix/eureka/eureka-client/1.4.6/eureka-client-1.4.6.jar!/com/netflix/discovery/provider/ISerializer.class], URL [jar:file:/D:/mavenHome/com/netflix/eureka/eureka-client/1.4.6/eureka-client-1.4.6.jar!/com/netflix/discovery/shared/Applications.class], URL [jar:file:/D:/mavenHome/com/netflix/eureka/eureka-client/1.4.6/eureka-client-1.4.6.jar!/com/netflix/discovery/shared/Applications$Pair.class], URL [jar:file:/D:/mavenHome/com/netflix/eureka/eureka-client/1.4.6/eureka-client-1.4.6.jar!/com/netflix/discovery/shared/Application.class], URL [jar:file:/D:/mavenHome/com/netflix/eureka/eureka-client/1.4.6/eureka-client-1.4.6.jar!/com/netflix/discovery/shared/Pair.class], URL [jar:file:/D:/mavenHome/com/netflix/eureka/eureka-client/1.4.6/eureka-client-1.4.6.jar!/com/netflix/discovery/shared/NamedConnectionPool.class], URL [jar:file:/D:/mavenHome/com/netflix/eureka/eureka-client/1.4.6/eureka-client-1.4.6.jar!/com/netflix/discovery/shared/LookupService.class], URL [jar:file:/D:/mavenHome/com/netflix/eureka/eureka-client/1.4.6/eureka-client-1.4.6.jar!/com/netflix/discovery/shared/MonitoredConnectionManager.class], URL [jar:file:/D:/mavenHome/com/netflix/eureka/eureka-client/1.4.6/eureka-client-1.4.6.jar!/com/netflix/discovery/shared/transport/EurekaClientFactoryBuilder.class], URL [jar:file:/D:/mavenHome/com/netflix/eureka/eureka-client/1.4.6/eureka-client-1.4.6.jar!/com/netflix/discovery/shared/transport/EurekaHttpClientFactory.class], URL [jar:file:/D:/mavenHome/com/netflix/eureka/eureka-client/1.4.6/eureka-client-1.4.6.jar!/com/netflix/discovery/shared/transport/EurekaHttpClients$1.class], URL [jar:file:/D:/mavenHome/com/netflix/eureka/eureka-client/1.4.6/eureka-client-1.4.6.jar!/com/netflix/discovery/shared/transport/EurekaHttpClient.class], URL [jar:file:/D:/mavenHome/com/netflix/eureka/eureka-client/1.4.6/eureka-client-1.4.6.jar!/com/netflix/discovery/shared/transport/EurekaHttpClients$2.class], URL [jar:file:/D:/mavenHome/com/netflix/eureka/eureka-client/1.4.6/eureka-client-1.4.6.jar!/com/netflix/discovery/shared/transport/TransportException.class], URL [jar:file:/D:/mavenHome/com/netflix/eureka/eureka-client/1.4.6/eureka-client-1.4.6.jar!/com/netflix/discovery/shared/transport/TransportClientFactory.class], URL [jar:file:/D:/mavenHome/com/netflix/eureka/eureka-client/1.4.6/eureka-client-1.4.6.jar!/com/netflix/discovery/shared/transport/EurekaHttpResponse$EurekaHttpResponseBuilder.class], URL [jar:file:/D:/mavenHome/com/netflix/eureka/eureka-client/1.4.6/eureka-client-1.4.6.jar!/com/netflix/discovery/shared/transport/EurekaHttpClients$3.class], URL [jar:file:/D:/mavenHome/com/netflix/eureka/eureka-client/1.4.6/eureka-client-1.4.6.jar!/com/netflix/discovery/shared/transport/EurekaHttpResponse$1.class], URL [jar:file:/D:/mavenHome/com/netflix/eureka/eureka-client/1.4.6/eureka-client-1.4.6.jar!/com/netflix/discovery/shared/transport/EurekaHttpClients.class], URL [jar:file:/D:/mavenHome/com/netflix/eureka/eureka-client/1.4.6/eureka-client-1.4.6.jar!/com/netflix/discovery/shared/transport/EurekaHttpResponse.class], URL [jar:file:/D:/mavenHome/com/netflix/eureka/eureka-client/1.4.6/eureka-client-1.4.6.jar!/com/netflix/discovery/shared/transport/EurekaHttpClients$4.class], URL [jar:file:/D:/mavenHome/com/netflix/eureka/eureka-client/1.4.6/eureka-client-1.4.6.jar!/com/netflix/discovery/shared/transport/DefaultEurekaTransportConfig.class], URL [jar:file:/D:/mavenHome/com/netflix/eureka/eureka-client/1.4.6/eureka-client-1.4.6.jar!/com/netflix/discovery/shared/transport/TransportUtils.class], URL [jar:file:/D:/mavenHome/com/netflix/eureka/eureka-client/1.4.6/eureka-client-1.4.6.jar!/com/netflix/discovery/shared/transport/EurekaTransportConfig.class], URL [jar:file:/D:/mavenHome/com/netflix/eureka/eureka-client/1.4.6/eureka-client-1.4.6.jar!/com/netflix/discovery/shared/transport/jersey/TransportClientFactories$1.class], URL [jar:file:/D:/mavenHome/com/netflix/eureka/eureka-client/1.4.6/eureka-client-1.4.6.jar!/com/netflix/discovery/shared/transport/jersey/EurekaJerseyClient.class], URL [jar:file:/D:/mavenHome/com/netflix/eureka/eureka-client/1.4.6/eureka-client-1.4.6.jar!/com/netflix/discovery/shared/transport/jersey/EurekaJerseyClientImpl$EurekaJerseyClientBuilder.class], URL [jar:file:/D:/mavenHome/com/netflix/eureka/eureka-client/1.4.6/eureka-client-1.4.6.jar!/com/netflix/discovery/shared/transport/jersey/JerseyEurekaHttpClientFactory.class], URL [jar:file:/D:/mavenHome/com/netflix/eureka/eureka-client/1.4.6/eureka-client-1.4.6.jar!/com/netflix/discovery/shared/transport/jersey/ApacheHttpClientConnectionCleaner.class], URL [jar:file:/D:/mavenHome/com/netflix/eureka/eureka-client/1.4.6/eureka-client-1.4.6.jar!/com/netflix/discovery/shared/transport/jersey/TransportClientFactories$2.class], URL [jar:file:/D:/mavenHome/com/netflix/eureka/eureka-client/1.4.6/eureka-client-1.4.6.jar!/com/netflix/discovery/shared/transport/jersey/JerseyApplicationClient.class], URL [jar:file:/D:/mavenHome/com/netflix/eureka/eureka-client/1.4.6/eureka-client-1.4.6.jar!/com/netflix/discovery/shared/transport/jersey/TransportClientFactories.class], URL [jar:file:/D:/mavenHome/com/netflix/eureka/eureka-client/1.4.6/eureka-client-1.4.6.jar!/com/netflix/discovery/shared/transport/jersey/AbstractJerseyEurekaHttpClient.class], URL [jar:file:/D:/mavenHome/com/netflix/eureka/eureka-client/1.4.6/eureka-client-1.4.6.jar!/com/netflix/discovery/shared/transport/jersey/EurekaJerseyClientImpl.class], URL [jar:file:/D:/mavenHome/com/netflix/eureka/eureka-client/1.4.6/eureka-client-1.4.6.jar!/com/netflix/discovery/shared/transport/jersey/ApacheHttpClientConnectionCleaner$2.class], URL [jar:file:/D:/mavenHome/com/netflix/eureka/eureka-client/1.4.6/eureka-client-1.4.6.jar!/com/netflix/discovery/shared/transport/jersey/ApacheHttpClientConnectionCleaner$1.class], URL [jar:file:/D:/mavenHome/com/netflix/eureka/eureka-client/1.4.6/eureka-client-1.4.6.jar!/com/netflix/discovery/shared/transport/jersey/EurekaJerseyClientImpl$EurekaJerseyClientBuilder$MyDefaultApacheHttpClient4Config.class], URL [jar:file:/D:/mavenHome/com/netflix/eureka/eureka-client/1.4.6/eureka-client-1.4.6.jar!/com/netflix/discovery/shared/transport/jersey/JerseyEurekaHttpClientFactory$JerseyEurekaHttpClientFactoryBuilder.class], URL [jar:file:/D:/mavenHome/com/netflix/eureka/eureka-client/1.4.6/eureka-client-1.4.6.jar!/com/netflix/discovery/shared/transport/decorator/EurekaHttpClientDecorator$1.class], URL [jar:file:/D:/mavenHome/com/netflix/eureka/eureka-client/1.4.6/eureka-client-1.4.6.jar!/com/netflix/discovery/shared/transport/decorator/SessionedEurekaHttpClient.class], URL [jar:file:/D:/mavenHome/com/netflix/eureka/eureka-client/1.4.6/eureka-client-1.4.6.jar!/com/netflix/discovery/shared/transport/decorator/MetricsCollectingEurekaHttpClient$1.class], URL [jar:file:/D:/mavenHome/com/netflix/eureka/eureka-client/1.4.6/eureka-client-1.4.6.jar!/com/netflix/discovery/shared/transport/decorator/RedirectingEurekaHttpClient.class], URL [jar:file:/D:/mavenHome/com/netflix/eureka/eureka-client/1.4.6/eureka-client-1.4.6.jar!/com/netflix/discovery/shared/transport/decorator/MetricsCollectingEurekaHttpClient.class], URL [jar:file:/D:/mavenHome/com/netflix/eureka/eureka-client/1.4.6/eureka-client-1.4.6.jar!/com/netflix/discovery/shared/transport/decorator/EurekaHttpClientDecorator$3.class], URL [jar:file:/D:/mavenHome/com/netflix/eureka/eureka-client/1.4.6/eureka-client-1.4.6.jar!/com/netflix/discovery/shared/transport/decorator/EurekaHttpClientDecorator$2.class], URL [jar:file:/D:/mavenHome/com/netflix/eureka/eureka-client/1.4.6/eureka-client-1.4.6.jar!/com/netflix/discovery/shared/transport/decorator/MetricsCollectingEurekaHttpClient$EurekaHttpClientRequestMetrics.class], URL [jar:file:/D:/mavenHome/com/netflix/eureka/eureka-client/1.4.6/eureka-client-1.4.6.jar!/com/netflix/discovery/shared/transport/decorator/MetricsCollectingEurekaHttpClient$2.class], URL [jar:file:/D:/mavenHome/com/netflix/eureka/eureka-client/1.4.6/eureka-client-1.4.6.jar!/com/netflix/discovery/shared/transport/decorator/ServerStatusEvaluators$2.class], URL [jar:file:/D:/mavenHome/com/netflix/eureka/eureka-client/1.4.6/eureka-client-1.4.6.jar!/com/netflix/discovery/shared/transport/decorator/EurekaHttpClientDecorator$9.class], URL [jar:file:/D:/mavenHome/com/netflix/eureka/eureka-client/1.4.6/eureka-client-1.4.6.jar!/com/netflix/discovery/shared/transport/decorator/EurekaHttpClientDecorator$5.class], URL [jar:file:/D:/mavenHome/com/netflix/eureka/eureka-client/1.4.6/eureka-client-1.4.6.jar!/com/netflix/discovery/shared/transport/decorator/RetryableEurekaHttpClient$1.class], URL [jar:file:/D:/mavenHome/com/netflix/eureka/eureka-client/1.4.6/eureka-client-1.4.6.jar!/com/netflix/discovery/shared/transport/decorator/EurekaHttpClientDecorator$RequestExecutor.class], URL [jar:file:/D:/mavenHome/com/netflix/eureka/eureka-client/1.4.6/eureka-client-1.4.6.jar!/com/netflix/discovery/shared/transport/decorator/RetryableEurekaHttpClient.class], URL [jar:file:/D:/mavenHome/com/netflix/eureka/eureka-client/1.4.6/eureka-client-1.4.6.jar!/com/netflix/discovery/shared/transport/decorator/EurekaHttpClientDecorator$8.class], URL [jar:file:/D:/mavenHome/com/netflix/eureka/eureka-client/1.4.6/eureka-client-1.4.6.jar!/com/netflix/discovery/shared/transport/decorator/EurekaHttpClientDecorator$4.class], URL [jar:file:/D:/mavenHome/com/netflix/eureka/eureka-client/1.4.6/eureka-client-1.4.6.jar!/com/netflix/discovery/shared/transport/decorator/RedirectingEurekaHttpClient$1.class], URL [jar:file:/D:/mavenHome/com/netflix/eureka/eureka-client/1.4.6/eureka-client-1.4.6.jar!/com/netflix/discovery/shared/transport/decorator/EurekaHttpClientDecorator$12.class], URL [jar:file:/D:/mavenHome/com/netflix/eureka/eureka-client/1.4.6/eureka-client-1.4.6.jar!/com/netflix/discovery/shared/transport/decorator/EurekaHttpClientDecorator$7.class], URL [jar:file:/D:/mavenHome/com/netflix/eureka/eureka-client/1.4.6/eureka-client-1.4.6.jar!/com/netflix/discovery/shared/transport/decorator/EurekaHttpClientDecorator$11.class], URL [jar:file:/D:/mavenHome/com/netflix/eureka/eureka-client/1.4.6/eureka-client-1.4.6.jar!/com/netflix/discovery/shared/transport/decorator/EurekaHttpClientDecorator.class], URL [jar:file:/D:/mavenHome/com/netflix/eureka/eureka-client/1.4.6/eureka-client-1.4.6.jar!/com/netflix/discovery/shared/transport/decorator/ServerStatusEvaluator.class], URL [jar:file:/D:/mavenHome/com/netflix/eureka/eureka-client/1.4.6/eureka-client-1.4.6.jar!/com/netflix/discovery/shared/transport/decorator/MetricsCollectingEurekaHttpClient$EurekaHttpClientRequestMetrics$Status.class], URL [jar:file:/D:/mavenHome/com/netflix/eureka/eureka-client/1.4.6/eureka-client-1.4.6.jar!/com/netflix/discovery/shared/transport/decorator/ServerStatusEvaluators$1.class], URL [jar:file:/D:/mavenHome/com/netflix/eureka/eureka-client/1.4.6/eureka-client-1.4.6.jar!/com/netflix/discovery/shared/transport/decorator/EurekaHttpClientDecorator$6.class], URL [jar:file:/D:/mavenHome/com/netflix/eureka/eureka-client/1.4.6/eureka-client-1.4.6.jar!/com/netflix/discovery/shared/transport/decorator/ServerStatusEvaluators.class], URL [jar:file:/D:/mavenHome/com/netflix/eureka/eureka-client/1.4.6/eureka-client-1.4.6.jar!/com/netflix/discovery/shared/transport/decorator/EurekaHttpClientDecorator$10.class], URL [jar:file:/D:/mavenHome/com/netflix/eureka/eureka-client/1.4.6/eureka-client-1.4.6.jar!/com/netflix/discovery/shared/transport/decorator/EurekaHttpClientDecorator$RequestType.class], URL [jar:file:/D:/mavenHome/com/netflix/eureka/eureka-client/1.4.6/eureka-client-1.4.6.jar!/com/netflix/discovery/shared/resolver/LegacyClusterResolver.class], URL [jar:file:/D:/mavenHome/com/netflix/eureka/eureka-client/1.4.6/eureka-client-1.4.6.jar!/com/netflix/discovery/shared/resolver/ClusterResolverException.class], URL [jar:file:/D:/mavenHome/com/netflix/eureka/eureka-client/1.4.6/eureka-client-1.4.6.jar!/com/netflix/discovery/shared/resolver/StaticClusterResolver.class], URL [jar:file:/D:/mavenHome/com/netflix/eureka/eureka-client/1.4.6/eureka-client-1.4.6.jar!/com/netflix/discovery/shared/resolver/LegacyClusterResolver$LegacyClusterResolverFactory.class], URL [jar:file:/D:/mavenHome/com/netflix/eureka/eureka-client/1.4.6/eureka-client-1.4.6.jar!/com/netflix/discovery/shared/resolver/ReloadingClusterResolver.class], URL [jar:file:/D:/mavenHome/com/netflix/eureka/eureka-client/1.4.6/eureka-client-1.4.6.jar!/com/netflix/discovery/shared/resolver/ClusterResolver.class], URL [jar:file:/D:/mavenHome/com/netflix/eureka/eureka-client/1.4.6/eureka-client-1.4.6.jar!/com/netflix/discovery/shared/resolver/EurekaEndpoint.class], URL [jar:file:/D:/mavenHome/com/netflix/eureka/eureka-client/1.4.6/eureka-client-1.4.6.jar!/com/netflix/discovery/shared/resolver/DnsClusterResolver.class], URL [jar:file:/D:/mavenHome/com/netflix/eureka/eureka-client/1.4.6/eureka-client-1.4.6.jar!/com/netflix/discovery/shared/resolver/ClusterResolverFactory.class], URL [jar:file:/D:/mavenHome/com/netflix/eureka/eureka-client/1.4.6/eureka-client-1.4.6.jar!/com/netflix/discovery/shared/resolver/AsyncResolver$1.class], URL [jar:file:/D:/mavenHome/com/netflix/eureka/eureka-client/1.4.6/eureka-client-1.4.6.jar!/com/netflix/discovery/shared/resolver/ResolverUtils.class], URL [jar:file:/D:/mavenHome/com/netflix/eureka/eureka-client/1.4.6/eureka-client-1.4.6.jar!/com/netflix/discovery/shared/resolver/ClosableResolver.class], URL [jar:file:/D:/mavenHome/com/netflix/eureka/eureka-client/1.4.6/eureka-client-1.4.6.jar!/com/netflix/discovery/shared/resolver/DefaultEndpoint.class], URL [jar:file:/D:/mavenHome/com/netflix/eureka/eureka-client/1.4.6/eureka-client-1.4.6.jar!/com/netflix/discovery/shared/resolver/AsyncResolver.class], URL [jar:file:/D:/mavenHome/com/netflix/eureka/eureka-client/1.4.6/eureka-client-1.4.6.jar!/com/netflix/discovery/shared/resolver/aws/EurekaHttpResolver.class], URL [jar:file:/D:/mavenHome/com/netflix/eureka/eureka-client/1.4.6/eureka-client-1.4.6.jar!/com/netflix/discovery/shared/resolver/aws/ConfigClusterResolver.class], URL [jar:file:/D:/mavenHome/com/netflix/eureka/eureka-client/1.4.6/eureka-client-1.4.6.jar!/com/netflix/discovery/shared/resolver/aws/ZoneAffinityClusterResolver.class], URL [jar:file:/D:/mavenHome/com/netflix/eureka/eureka-client/1.4.6/eureka-client-1.4.6.jar!/com/netflix/discovery/shared/resolver/aws/DnsTxtRecordClusterResolver.class], URL [jar:file:/D:/mavenHome/com/netflix/eureka/eureka-client/1.4.6/eureka-client-1.4.6.jar!/com/netflix/discovery/shared/resolver/aws/ApplicationsResolver$ApplicationsSource.class], URL [jar:file:/D:/mavenHome/com/netflix/eureka/eureka-client/1.4.6/eureka-client-1.4.6.jar!/com/netflix/discovery/shared/resolver/aws/AwsEndpoint.class], URL [jar:file:/D:/mavenHome/com/netflix/eureka/eureka-client/1.4.6/eureka-client-1.4.6.jar!/com/netflix/discovery/shared/resolver/aws/ApplicationsResolver.class], URL [jar:file:/D:/mavenHome/com/netflix/eureka/eureka-client/1.4.6/eureka-client-1.4.6.jar!/com/netflix/discovery/shared/dns/DnsServiceImpl.class], URL [jar:file:/D:/mavenHome/com/netflix/eureka/eureka-client/1.4.6/eureka-client-1.4.6.jar!/com/netflix/discovery/shared/dns/DnsService.class]]
7323 [localhost-startStop-1] DEBUG o.s.c.a.ClassPathScanningCandidateComponentProvider - Identified candidate component class: URL [jar:file:/D:/mavenHome/com/netflix/eureka/eureka-client/1.4.6/eureka-client-1.4.6.jar!/com/netflix/discovery/provider/DiscoveryJerseyProvider.class]
7355 [localhost-startStop-1] DEBUG o.s.c.i.s.PathMatchingResourcePatternResolver - Resolved classpath location [com/netflix/eureka/] to resources [URL [jar:file:/D:/mavenHome/com/netflix/eureka/eureka-core/1.4.6/eureka-core-1.4.6.jar!/com/netflix/eureka/]]
7355 [localhost-startStop-1] DEBUG o.s.c.i.s.PathMatchingResourcePatternResolver - Looking for matching resources in jar file [file:/D:/mavenHome/com/netflix/eureka/eureka-core/1.4.6/eureka-core-1.4.6.jar]
7388 [localhost-startStop-1] DEBUG o.s.c.i.s.PathMatchingResourcePatternResolver - Resolved location pattern [classpath*:com/netflix/eureka/**/*.class] to resources [URL [jar:file:/D:/mavenHome/com/netflix/eureka/eureka-core/1.4.6/eureka-core-1.4.6.jar!/com/netflix/eureka/DefaultEurekaServerContext.class], URL [jar:file:/D:/mavenHome/com/netflix/eureka/eureka-core/1.4.6/eureka-core-1.4.6.jar!/com/netflix/eureka/V1AwareInstanceInfoConverter$1.class], URL [jar:file:/D:/mavenHome/com/netflix/eureka/eureka-core/1.4.6/eureka-core-1.4.6.jar!/com/netflix/eureka/EurekaBootStrap.class], URL [jar:file:/D:/mavenHome/com/netflix/eureka/eureka-core/1.4.6/eureka-core-1.4.6.jar!/com/netflix/eureka/StatusFilter.class], URL [jar:file:/D:/mavenHome/com/netflix/eureka/eureka-core/1.4.6/eureka-core-1.4.6.jar!/com/netflix/eureka/Names.class], URL [jar:file:/D:/mavenHome/com/netflix/eureka/eureka-core/1.4.6/eureka-core-1.4.6.jar!/com/netflix/eureka/EurekaServerContext.class], URL [jar:file:/D:/mavenHome/com/netflix/eureka/eureka-core/1.4.6/eureka-core-1.4.6.jar!/com/netflix/eureka/GzipEncodingEnforcingFilter$EnumWrapper.class], URL [jar:file:/D:/mavenHome/com/netflix/eureka/eureka-core/1.4.6/eureka-core-1.4.6.jar!/com/netflix/eureka/ServerRequestAuthFilter.class], URL [jar:file:/D:/mavenHome/com/netflix/eureka/eureka-core/1.4.6/eureka-core-1.4.6.jar!/com/netflix/eureka/GzipEncodingEnforcingFilter.class], URL [jar:file:/D:/mavenHome/com/netflix/eureka/eureka-core/1.4.6/eureka-core-1.4.6.jar!/com/netflix/eureka/EurekaServerContextHolder.class], URL [jar:file:/D:/mavenHome/com/netflix/eureka/eureka-core/1.4.6/eureka-core-1.4.6.jar!/com/netflix/eureka/EurekaServerConfig.class], URL [jar:file:/D:/mavenHome/com/netflix/eureka/eureka-core/1.4.6/eureka-core-1.4.6.jar!/com/netflix/eureka/Version.class], URL [jar:file:/D:/mavenHome/com/netflix/eureka/eureka-core/1.4.6/eureka-core-1.4.6.jar!/com/netflix/eureka/DefaultEurekaServerConfig.class], URL [jar:file:/D:/mavenHome/com/netflix/eureka/eureka-core/1.4.6/eureka-core-1.4.6.jar!/com/netflix/eureka/GzipEncodingEnforcingFilter$1.class], URL [jar:file:/D:/mavenHome/com/netflix/eureka/eureka-core/1.4.6/eureka-core-1.4.6.jar!/com/netflix/eureka/EurekaServerIdentity.class], URL [jar:file:/D:/mavenHome/com/netflix/eureka/eureka-core/1.4.6/eureka-core-1.4.6.jar!/com/netflix/eureka/RateLimitingFilter.class], URL [jar:file:/D:/mavenHome/com/netflix/eureka/eureka-core/1.4.6/eureka-core-1.4.6.jar!/com/netflix/eureka/V1AwareInstanceInfoConverter.class], URL [jar:file:/D:/mavenHome/com/netflix/eureka/eureka-core/1.4.6/eureka-core-1.4.6.jar!/com/netflix/eureka/RateLimitingFilter$Target.class], URL [jar:file:/D:/mavenHome/com/netflix/eureka/eureka-core/1.4.6/eureka-core-1.4.6.jar!/com/netflix/eureka/registry/RemoteRegionRegistry$1.class], URL [jar:file:/D:/mavenHome/com/netflix/eureka/eureka-core/1.4.6/eureka-core-1.4.6.jar!/com/netflix/eureka/registry/Key.class], URL [jar:file:/D:/mavenHome/com/netflix/eureka/eureka-core/1.4.6/eureka-core-1.4.6.jar!/com/netflix/eureka/registry/PeerAwareInstanceRegistryImpl$2.class], URL [jar:file:/D:/mavenHome/com/netflix/eureka/eureka-core/1.4.6/eureka-core-1.4.6.jar!/com/netflix/eureka/registry/ResponseCacheImpl$1.class], URL [jar:file:/D:/mavenHome/com/netflix/eureka/eureka-core/1.4.6/eureka-core-1.4.6.jar!/com/netflix/eureka/registry/PeerAwareInstanceRegistryImpl$Action.class], URL [jar:file:/D:/mavenHome/com/netflix/eureka/eureka-core/1.4.6/eureka-core-1.4.6.jar!/com/netflix/eureka/registry/PeerAwareInstanceRegistryImpl$3.class], URL [jar:file:/D:/mavenHome/com/netflix/eureka/eureka-core/1.4.6/eureka-core-1.4.6.jar!/com/netflix/eureka/registry/ResponseCacheImpl$2.class], URL [jar:file:/D:/mavenHome/com/netflix/eureka/eureka-core/1.4.6/eureka-core-1.4.6.jar!/com/netflix/eureka/registry/AbstractInstanceRegistry$1.class], URL [jar:file:/D:/mavenHome/com/netflix/eureka/eureka-core/1.4.6/eureka-core-1.4.6.jar!/com/netflix/eureka/registry/AwsInstanceRegistry.class], URL [jar:file:/D:/mavenHome/com/netflix/eureka/eureka-core/1.4.6/eureka-core-1.4.6.jar!/com/netflix/eureka/registry/AbstractInstanceRegistry$EvictionTask.class], URL [jar:file:/D:/mavenHome/com/netflix/eureka/eureka-core/1.4.6/eureka-core-1.4.6.jar!/com/netflix/eureka/registry/ResponseCacheImpl$3.class], URL [jar:file:/D:/mavenHome/com/netflix/eureka/eureka-core/1.4.6/eureka-core-1.4.6.jar!/com/netflix/eureka/registry/PeerAwareInstanceRegistryImpl$1.class], URL [jar:file:/D:/mavenHome/com/netflix/eureka/eureka-core/1.4.6/eureka-core-1.4.6.jar!/com/netflix/eureka/registry/ResponseCacheImpl$4.class], URL [jar:file:/D:/mavenHome/com/netflix/eureka/eureka-core/1.4.6/eureka-core-1.4.6.jar!/com/netflix/eureka/registry/PeerAwareInstanceRegistryImpl.class], URL [jar:file:/D:/mavenHome/com/netflix/eureka/eureka-core/1.4.6/eureka-core-1.4.6.jar!/com/netflix/eureka/registry/InstanceRegistry.class], URL [jar:file:/D:/mavenHome/com/netflix/eureka/eureka-core/1.4.6/eureka-core-1.4.6.jar!/com/netflix/eureka/registry/ResponseCache.class], URL [jar:file:/D:/mavenHome/com/netflix/eureka/eureka-core/1.4.6/eureka-core-1.4.6.jar!/com/netflix/eureka/registry/ResponseCacheImpl$Value.class], URL [jar:file:/D:/mavenHome/com/netflix/eureka/eureka-core/1.4.6/eureka-core-1.4.6.jar!/com/netflix/eureka/registry/ResponseCacheImpl$5.class], URL [jar:file:/D:/mavenHome/com/netflix/eureka/eureka-core/1.4.6/eureka-core-1.4.6.jar!/com/netflix/eureka/registry/Key$EntityType.class], URL [jar:file:/D:/mavenHome/com/netflix/eureka/eureka-core/1.4.6/eureka-core-1.4.6.jar!/com/netflix/eureka/registry/Key$KeyType.class], URL [jar:file:/D:/mavenHome/com/netflix/eureka/eureka-core/1.4.6/eureka-core-1.4.6.jar!/com/netflix/eureka/registry/RemoteRegionRegistry.class], URL [jar:file:/D:/mavenHome/com/netflix/eureka/eureka-core/1.4.6/eureka-core-1.4.6.jar!/com/netflix/eureka/registry/PeerAwareInstanceRegistry.class], URL [jar:file:/D:/mavenHome/com/netflix/eureka/eureka-core/1.4.6/eureka-core-1.4.6.jar!/com/netflix/eureka/registry/AbstractInstanceRegistry.class], URL [jar:file:/D:/mavenHome/com/netflix/eureka/eureka-core/1.4.6/eureka-core-1.4.6.jar!/com/netflix/eureka/registry/AbstractInstanceRegistry$CircularQueue.class], URL [jar:file:/D:/mavenHome/com/netflix/eureka/eureka-core/1.4.6/eureka-core-1.4.6.jar!/com/netflix/eureka/registry/AbstractInstanceRegistry$RecentlyChangedItem.class], URL [jar:file:/D:/mavenHome/com/netflix/eureka/eureka-core/1.4.6/eureka-core-1.4.6.jar!/com/netflix/eureka/registry/ResponseCacheImpl.class], URL [jar:file:/D:/mavenHome/com/netflix/eureka/eureka-core/1.4.6/eureka-core-1.4.6.jar!/com/netflix/eureka/aws/Route53Binder$1.class], URL [jar:file:/D:/mavenHome/com/netflix/eureka/eureka-core/1.4.6/eureka-core-1.4.6.jar!/com/netflix/eureka/aws/AwsBindingStrategy.class], URL [jar:file:/D:/mavenHome/com/netflix/eureka/eureka-core/1.4.6/eureka-core-1.4.6.jar!/com/netflix/eureka/aws/EIPManager$EIPBindingTask.class], URL [jar:file:/D:/mavenHome/com/netflix/eureka/eureka-core/1.4.6/eureka-core-1.4.6.jar!/com/netflix/eureka/aws/EIPManager$1.class], URL [jar:file:/D:/mavenHome/com/netflix/eureka/eureka-core/1.4.6/eureka-core-1.4.6.jar!/com/netflix/eureka/aws/AwsAsgUtil$CacheKey.class], URL [jar:file:/D:/mavenHome/com/netflix/eureka/eureka-core/1.4.6/eureka-core-1.4.6.jar!/com/netflix/eureka/aws/AwsAsgUtil.class], URL [jar:file:/D:/mavenHome/com/netflix/eureka/eureka-core/1.4.6/eureka-core-1.4.6.jar!/com/netflix/eureka/aws/AwsBinder.class], URL [jar:file:/D:/mavenHome/com/netflix/eureka/eureka-core/1.4.6/eureka-core-1.4.6.jar!/com/netflix/eureka/aws/Route53Binder.class], URL [jar:file:/D:/mavenHome/com/netflix/eureka/eureka-core/1.4.6/eureka-core-1.4.6.jar!/com/netflix/eureka/aws/AwsAsgUtil$1.class], URL [jar:file:/D:/mavenHome/com/netflix/eureka/eureka-core/1.4.6/eureka-core-1.4.6.jar!/com/netflix/eureka/aws/AwsAsgUtil$2$1.class], URL [jar:file:/D:/mavenHome/com/netflix/eureka/eureka-core/1.4.6/eureka-core-1.4.6.jar!/com/netflix/eureka/aws/AwsBinderDelegate$1.class], URL [jar:file:/D:/mavenHome/com/netflix/eureka/eureka-core/1.4.6/eureka-core-1.4.6.jar!/com/netflix/eureka/aws/AwsAsgUtil$2.class], URL [jar:file:/D:/mavenHome/com/netflix/eureka/eureka-core/1.4.6/eureka-core-1.4.6.jar!/com/netflix/eureka/aws/EIPManager.class], URL [jar:file:/D:/mavenHome/com/netflix/eureka/eureka-core/1.4.6/eureka-core-1.4.6.jar!/com/netflix/eureka/aws/AwsAsgUtil$3.class], URL [jar:file:/D:/mavenHome/com/netflix/eureka/eureka-core/1.4.6/eureka-core-1.4.6.jar!/com/netflix/eureka/aws/AwsBinderDelegate.class], URL [jar:file:/D:/mavenHome/com/netflix/eureka/eureka-core/1.4.6/eureka-core-1.4.6.jar!/com/netflix/eureka/aws/Route53Binder$ResourceRecordSetWithHostedZone.class], URL [jar:file:/D:/mavenHome/com/netflix/eureka/eureka-core/1.4.6/eureka-core-1.4.6.jar!/com/netflix/eureka/lease/Lease.class], URL [jar:file:/D:/mavenHome/com/netflix/eureka/eureka-core/1.4.6/eureka-core-1.4.6.jar!/com/netflix/eureka/lease/Lease$Action.class], URL [jar:file:/D:/mavenHome/com/netflix/eureka/eureka-core/1.4.6/eureka-core-1.4.6.jar!/com/netflix/eureka/lease/LeaseManager.class], URL [jar:file:/D:/mavenHome/com/netflix/eureka/eureka-core/1.4.6/eureka-core-1.4.6.jar!/com/netflix/eureka/resources/AbstractVIPResource.class], URL [jar:file:/D:/mavenHome/com/netflix/eureka/eureka-core/1.4.6/eureka-core-1.4.6.jar!/com/netflix/eureka/resources/PeerReplicationResource.class], URL [jar:file:/D:/mavenHome/com/netflix/eureka/eureka-core/1.4.6/eureka-core-1.4.6.jar!/com/netflix/eureka/resources/DefaultServerCodecs.class], URL [jar:file:/D:/mavenHome/com/netflix/eureka/eureka-core/1.4.6/eureka-core-1.4.6.jar!/com/netflix/eureka/resources/ServerInfoResource.class], URL [jar:file:/D:/mavenHome/com/netflix/eureka/eureka-core/1.4.6/eureka-core-1.4.6.jar!/com/netflix/eureka/resources/SecureVIPResource.class], URL [jar:file:/D:/mavenHome/com/netflix/eureka/eureka-core/1.4.6/eureka-core-1.4.6.jar!/com/netflix/eureka/resources/ASGResource.class], URL [jar:file:/D:/mavenHome/com/netflix/eureka/eureka-core/1.4.6/eureka-core-1.4.6.jar!/com/netflix/eureka/resources/ApplicationsResource.class], URL [jar:file:/D:/mavenHome/com/netflix/eureka/eureka-core/1.4.6/eureka-core-1.4.6.jar!/com/netflix/eureka/resources/VIPResource.class], URL [jar:file:/D:/mavenHome/com/netflix/eureka/eureka-core/1.4.6/eureka-core-1.4.6.jar!/com/netflix/eureka/resources/ApplicationResource.class], URL [jar:file:/D:/mavenHome/com/netflix/eureka/eureka-core/1.4.6/eureka-core-1.4.6.jar!/com/netflix/eureka/resources/DefaultServerCodecs$1.class], URL [jar:file:/D:/mavenHome/com/netflix/eureka/eureka-core/1.4.6/eureka-core-1.4.6.jar!/com/netflix/eureka/resources/PeerReplicationResource$1.class], URL [jar:file:/D:/mavenHome/com/netflix/eureka/eureka-core/1.4.6/eureka-core-1.4.6.jar!/com/netflix/eureka/resources/InstancesResource.class], URL [jar:file:/D:/mavenHome/com/netflix/eureka/eureka-core/1.4.6/eureka-core-1.4.6.jar!/com/netflix/eureka/resources/StatusResource.class], URL [jar:file:/D:/mavenHome/com/netflix/eureka/eureka-core/1.4.6/eureka-core-1.4.6.jar!/com/netflix/eureka/resources/ServerCodecs.class], URL [jar:file:/D:/mavenHome/com/netflix/eureka/eureka-core/1.4.6/eureka-core-1.4.6.jar!/com/netflix/eureka/resources/CurrentRequestVersion.class], URL [jar:file:/D:/mavenHome/com/netflix/eureka/eureka-core/1.4.6/eureka-core-1.4.6.jar!/com/netflix/eureka/resources/ASGResource$ASGStatus.class], URL [jar:file:/D:/mavenHome/com/netflix/eureka/eureka-core/1.4.6/eureka-core-1.4.6.jar!/com/netflix/eureka/resources/DefaultServerCodecs$Builder.class], URL [jar:file:/D:/mavenHome/com/netflix/eureka/eureka-core/1.4.6/eureka-core-1.4.6.jar!/com/netflix/eureka/resources/InstanceResource.class], URL [jar:file:/D:/mavenHome/com/netflix/eureka/eureka-core/1.4.6/eureka-core-1.4.6.jar!/com/netflix/eureka/util/StatusUtil.class], URL [jar:file:/D:/mavenHome/com/netflix/eureka/eureka-core/1.4.6/eureka-core-1.4.6.jar!/com/netflix/eureka/util/EurekaMonitors.class], URL [jar:file:/D:/mavenHome/com/netflix/eureka/eureka-core/1.4.6/eureka-core-1.4.6.jar!/com/netflix/eureka/util/StatusInfo.class], URL [jar:file:/D:/mavenHome/com/netflix/eureka/eureka-core/1.4.6/eureka-core-1.4.6.jar!/com/netflix/eureka/util/StatusInfo$Builder.class], URL [jar:file:/D:/mavenHome/com/netflix/eureka/eureka-core/1.4.6/eureka-core-1.4.6.jar!/com/netflix/eureka/util/MeasuredRate.class], URL [jar:file:/D:/mavenHome/com/netflix/eureka/eureka-core/1.4.6/eureka-core-1.4.6.jar!/com/netflix/eureka/util/MeasuredRate$1.class], URL [jar:file:/D:/mavenHome/com/netflix/eureka/eureka-core/1.4.6/eureka-core-1.4.6.jar!/com/netflix/eureka/util/StatusInfo$1.class], URL [jar:file:/D:/mavenHome/com/netflix/eureka/eureka-core/1.4.6/eureka-core-1.4.6.jar!/com/netflix/eureka/util/batcher/TrafficShaper.class], URL [jar:file:/D:/mavenHome/com/netflix/eureka/eureka-core/1.4.6/eureka-core-1.4.6.jar!/com/netflix/eureka/util/batcher/TaskExecutors$SingleTaskWorkerRunnable.class], URL [jar:file:/D:/mavenHome/com/netflix/eureka/eureka-core/1.4.6/eureka-core-1.4.6.jar!/com/netflix/eureka/util/batcher/TaskExecutors$1.class], URL [jar:file:/D:/mavenHome/com/netflix/eureka/eureka-core/1.4.6/eureka-core-1.4.6.jar!/com/netflix/eureka/util/batcher/TaskDispatchers$1.class], URL [jar:file:/D:/mavenHome/com/netflix/eureka/eureka-core/1.4.6/eureka-core-1.4.6.jar!/com/netflix/eureka/util/batcher/TaskExecutors$WorkerRunnableFactory.class], URL [jar:file:/D:/mavenHome/com/netflix/eureka/eureka-core/1.4.6/eureka-core-1.4.6.jar!/com/netflix/eureka/util/batcher/TaskExecutors$2.class], URL [jar:file:/D:/mavenHome/com/netflix/eureka/eureka-core/1.4.6/eureka-core-1.4.6.jar!/com/netflix/eureka/util/batcher/TaskDispatchers$2.class], URL [jar:file:/D:/mavenHome/com/netflix/eureka/eureka-core/1.4.6/eureka-core-1.4.6.jar!/com/netflix/eureka/util/batcher/TaskProcessor$ProcessingResult.class], URL [jar:file:/D:/mavenHome/com/netflix/eureka/eureka-core/1.4.6/eureka-core-1.4.6.jar!/com/netflix/eureka/util/batcher/TaskExecutors$3.class], URL [jar:file:/D:/mavenHome/com/netflix/eureka/eureka-core/1.4.6/eureka-core-1.4.6.jar!/com/netflix/eureka/util/batcher/TaskHolder.class], URL [jar:file:/D:/mavenHome/com/netflix/eureka/eureka-core/1.4.6/eureka-core-1.4.6.jar!/com/netflix/eureka/util/batcher/TaskExecutors.class], URL [jar:file:/D:/mavenHome/com/netflix/eureka/eureka-core/1.4.6/eureka-core-1.4.6.jar!/com/netflix/eureka/util/batcher/TaskExecutors$BatchWorkerRunnable.class], URL [jar:file:/D:/mavenHome/com/netflix/eureka/eureka-core/1.4.6/eureka-core-1.4.6.jar!/com/netflix/eureka/util/batcher/TaskDispatchers.class], URL [jar:file:/D:/mavenHome/com/netflix/eureka/eureka-core/1.4.6/eureka-core-1.4.6.jar!/com/netflix/eureka/util/batcher/TaskExecutors$WorkerRunnable.class], URL [jar:file:/D:/mavenHome/com/netflix/eureka/eureka-core/1.4.6/eureka-core-1.4.6.jar!/com/netflix/eureka/util/batcher/TaskExecutors$TaskExecutorMetrics.class], URL [jar:file:/D:/mavenHome/com/netflix/eureka/eureka-core/1.4.6/eureka-core-1.4.6.jar!/com/netflix/eureka/util/batcher/AcceptorExecutor.class], URL [jar:file:/D:/mavenHome/com/netflix/eureka/eureka-core/1.4.6/eureka-core-1.4.6.jar!/com/netflix/eureka/util/batcher/TaskDispatcher.class], URL [jar:file:/D:/mavenHome/com/netflix/eureka/eureka-core/1.4.6/eureka-core-1.4.6.jar!/com/netflix/eureka/util/batcher/TaskProcessor.class], URL [jar:file:/D:/mavenHome/com/netflix/eureka/eureka-core/1.4.6/eureka-core-1.4.6.jar!/com/netflix/eureka/util/batcher/AcceptorExecutor$AcceptorRunner.class], URL [jar:file:/D:/mavenHome/com/netflix/eureka/eureka-core/1.4.6/eureka-core-1.4.6.jar!/com/netflix/eureka/cluster/HttpReplicationClient.class], URL [jar:file:/D:/mavenHome/com/netflix/eureka/eureka-core/1.4.6/eureka-core-1.4.6.jar!/com/netflix/eureka/cluster/PeerEurekaNode$3.class], URL [jar:file:/D:/mavenHome/com/netflix/eureka/eureka-core/1.4.6/eureka-core-1.4.6.jar!/com/netflix/eureka/cluster/ReplicationTaskProcessor.class], URL [jar:file:/D:/mavenHome/com/netflix/eureka/eureka-core/1.4.6/eureka-core-1.4.6.jar!/com/netflix/eureka/cluster/InstanceReplicationTask.class], URL [jar:file:/D:/mavenHome/com/netflix/eureka/eureka-core/1.4.6/eureka-core-1.4.6.jar!/com/netflix/eureka/cluster/PeerEurekaNode$2.class], URL [jar:file:/D:/mavenHome/com/netflix/eureka/eureka-core/1.4.6/eureka-core-1.4.6.jar!/com/netflix/eureka/cluster/DynamicGZIPContentEncodingFilter.class], URL [jar:file:/D:/mavenHome/com/netflix/eureka/eureka-core/1.4.6/eureka-core-1.4.6.jar!/com/netflix/eureka/cluster/ReplicationTask.class], URL [jar:file:/D:/mavenHome/com/netflix/eureka/eureka-core/1.4.6/eureka-core-1.4.6.jar!/com/netflix/eureka/cluster/PeerEurekaNode$1.class], URL [jar:file:/D:/mavenHome/com/netflix/eureka/eureka-core/1.4.6/eureka-core-1.4.6.jar!/com/netflix/eureka/cluster/DynamicGZIPContentEncodingFilter$GzipAdapter.class], URL [jar:file:/D:/mavenHome/com/netflix/eureka/eureka-core/1.4.6/eureka-core-1.4.6.jar!/com/netflix/eureka/cluster/PeerEurekaNodes$2.class], URL [jar:file:/D:/mavenHome/com/netflix/eureka/eureka-core/1.4.6/eureka-core-1.4.6.jar!/com/netflix/eureka/cluster/PeerEurekaNodes.class], URL [jar:file:/D:/mavenHome/com/netflix/eureka/eureka-core/1.4.6/eureka-core-1.4.6.jar!/com/netflix/eureka/cluster/PeerEurekaNode$6.class], URL [jar:file:/D:/mavenHome/com/netflix/eureka/eureka-core/1.4.6/eureka-core-1.4.6.jar!/com/netflix/eureka/cluster/PeerEurekaNode.class], URL [jar:file:/D:/mavenHome/com/netflix/eureka/eureka-core/1.4.6/eureka-core-1.4.6.jar!/com/netflix/eureka/cluster/PeerEurekaNode$5.class], URL [jar:file:/D:/mavenHome/com/netflix/eureka/eureka-core/1.4.6/eureka-core-1.4.6.jar!/com/netflix/eureka/cluster/AsgReplicationTask.class], URL [jar:file:/D:/mavenHome/com/netflix/eureka/eureka-core/1.4.6/eureka-core-1.4.6.jar!/com/netflix/eureka/cluster/PeerEurekaNodes$1.class], URL [jar:file:/D:/mavenHome/com/netflix/eureka/eureka-core/1.4.6/eureka-core-1.4.6.jar!/com/netflix/eureka/cluster/PeerEurekaNode$4.class], URL [jar:file:/D:/mavenHome/com/netflix/eureka/eureka-core/1.4.6/eureka-core-1.4.6.jar!/com/netflix/eureka/cluster/protocol/ReplicationList.class], URL [jar:file:/D:/mavenHome/com/netflix/eureka/eureka-core/1.4.6/eureka-core-1.4.6.jar!/com/netflix/eureka/cluster/protocol/ReplicationListResponse.class], URL [jar:file:/D:/mavenHome/com/netflix/eureka/eureka-core/1.4.6/eureka-core-1.4.6.jar!/com/netflix/eureka/cluster/protocol/ReplicationInstanceResponse$Builder.class], URL [jar:file:/D:/mavenHome/com/netflix/eureka/eureka-core/1.4.6/eureka-core-1.4.6.jar!/com/netflix/eureka/cluster/protocol/ReplicationInstance$ReplicationInstanceBuilder.class], URL [jar:file:/D:/mavenHome/com/netflix/eureka/eureka-core/1.4.6/eureka-core-1.4.6.jar!/com/netflix/eureka/cluster/protocol/ReplicationInstance.class], URL [jar:file:/D:/mavenHome/com/netflix/eureka/eureka-core/1.4.6/eureka-core-1.4.6.jar!/com/netflix/eureka/cluster/protocol/ReplicationInstanceResponse.class], URL [jar:file:/D:/mavenHome/com/netflix/eureka/eureka-core/1.4.6/eureka-core-1.4.6.jar!/com/netflix/eureka/transport/EurekaServerHttpClients.class], URL [jar:file:/D:/mavenHome/com/netflix/eureka/eureka-core/1.4.6/eureka-core-1.4.6.jar!/com/netflix/eureka/transport/EurekaServerHttpClients$1.class], URL [jar:file:/D:/mavenHome/com/netflix/eureka/eureka-core/1.4.6/eureka-core-1.4.6.jar!/com/netflix/eureka/transport/JerseyRemoteRegionClientFactory.class], URL [jar:file:/D:/mavenHome/com/netflix/eureka/eureka-core/1.4.6/eureka-core-1.4.6.jar!/com/netflix/eureka/transport/JerseyReplicationClient.class]]
7409 [localhost-startStop-1] DEBUG o.s.c.a.ClassPathScanningCandidateComponentProvider - Identified candidate component class: URL [jar:file:/D:/mavenHome/com/netflix/eureka/eureka-core/1.4.6/eureka-core-1.4.6.jar!/com/netflix/eureka/resources/PeerReplicationResource.class]
7410 [localhost-startStop-1] DEBUG o.s.c.a.ClassPathScanningCandidateComponentProvider - Identified candidate component class: URL [jar:file:/D:/mavenHome/com/netflix/eureka/eureka-core/1.4.6/eureka-core-1.4.6.jar!/com/netflix/eureka/resources/ServerInfoResource.class]
7411 [localhost-startStop-1] DEBUG o.s.c.a.ClassPathScanningCandidateComponentProvider - Identified candidate component class: URL [jar:file:/D:/mavenHome/com/netflix/eureka/eureka-core/1.4.6/eureka-core-1.4.6.jar!/com/netflix/eureka/resources/SecureVIPResource.class]
7412 [localhost-startStop-1] DEBUG o.s.c.a.ClassPathScanningCandidateComponentProvider - Identified candidate component class: URL [jar:file:/D:/mavenHome/com/netflix/eureka/eureka-core/1.4.6/eureka-core-1.4.6.jar!/com/netflix/eureka/resources/ASGResource.class]
7412 [localhost-startStop-1] DEBUG o.s.c.a.ClassPathScanningCandidateComponentProvider - Identified candidate component class: URL [jar:file:/D:/mavenHome/com/netflix/eureka/eureka-core/1.4.6/eureka-core-1.4.6.jar!/com/netflix/eureka/resources/ApplicationsResource.class]
7413 [localhost-startStop-1] DEBUG o.s.c.a.ClassPathScanningCandidateComponentProvider - Identified candidate component class: URL [jar:file:/D:/mavenHome/com/netflix/eureka/eureka-core/1.4.6/eureka-core-1.4.6.jar!/com/netflix/eureka/resources/VIPResource.class]
7415 [localhost-startStop-1] DEBUG o.s.c.a.ClassPathScanningCandidateComponentProvider - Identified candidate component class: URL [jar:file:/D:/mavenHome/com/netflix/eureka/eureka-core/1.4.6/eureka-core-1.4.6.jar!/com/netflix/eureka/resources/InstancesResource.class]
7415 [localhost-startStop-1] DEBUG o.s.c.a.ClassPathScanningCandidateComponentProvider - Identified candidate component class: URL [jar:file:/D:/mavenHome/com/netflix/eureka/eureka-core/1.4.6/eureka-core-1.4.6.jar!/com/netflix/eureka/resources/StatusResource.class]
7430 [localhost-startStop-1] DEBUG o.s.b.f.s.DefaultListableBeanFactory - Eagerly caching bean 'jerseyApplication' to allow for resolving potential circular references
7436 [localhost-startStop-1] DEBUG o.s.b.f.s.DefaultListableBeanFactory - Finished creating instance of bean 'jerseyApplication'
7436 [localhost-startStop-1] DEBUG o.s.b.f.s.DefaultListableBeanFactory - Autowiring by type from bean name 'jerseyFilterRegistration' via factory method to bean named 'jerseyApplication'
7444 [localhost-startStop-1] DEBUG o.s.b.f.s.DefaultListableBeanFactory - Eagerly caching bean 'jerseyFilterRegistration' to allow for resolving potential circular references
7455 [localhost-startStop-1] DEBUG o.s.b.f.s.DefaultListableBeanFactory - Finished creating instance of bean 'jerseyFilterRegistration'
7455 [localhost-startStop-1] DEBUG o.s.b.f.s.DefaultListableBeanFactory - Creating shared instance of singleton bean 'traceFilterRegistration'
7455 [localhost-startStop-1] DEBUG o.s.b.f.s.DefaultListableBeanFactory - Creating instance of bean 'traceFilterRegistration'
7456 [localhost-startStop-1] DEBUG o.s.b.f.s.DefaultListableBeanFactory - Returning cached instance of singleton bean 'org.springframework.cloud.netflix.eureka.server.EurekaServerConfiguration'
7458 [localhost-startStop-1] DEBUG o.s.b.f.s.DefaultListableBeanFactory - Creating shared instance of singleton bean 'webRequestLoggingFilter'
7458 [localhost-startStop-1] DEBUG o.s.b.f.s.DefaultListableBeanFactory - Creating instance of bean 'webRequestLoggingFilter'
7458 [localhost-startStop-1] DEBUG o.s.b.f.s.DefaultListableBeanFactory - Creating shared instance of singleton bean 'org.springframework.boot.actuate.autoconfigure.TraceWebFilterAutoConfiguration'
7458 [localhost-startStop-1] DEBUG o.s.b.f.s.DefaultListableBeanFactory - Creating instance of bean 'org.springframework.boot.actuate.autoconfigure.TraceWebFilterAutoConfiguration'
7459 [localhost-startStop-1] DEBUG o.s.c.LocalVariableTableParameterNameDiscoverer - Cannot find '.class' file for class [class org.springframework.boot.actuate.autoconfigure.TraceWebFilterAutoConfiguration$$EnhancerBySpringCGLIB$$c9dc424] - unable to determine constructor/method parameter names
7460 [localhost-startStop-1] DEBUG o.s.b.f.s.DefaultListableBeanFactory - Creating shared instance of singleton bean 'traceRepository'
7460 [localhost-startStop-1] DEBUG o.s.b.f.s.DefaultListableBeanFactory - Creating instance of bean 'traceRepository'
7461 [localhost-startStop-1] DEBUG o.s.b.f.s.DefaultListableBeanFactory - Creating shared instance of singleton bean 'org.springframework.boot.actuate.autoconfigure.TraceRepositoryAutoConfiguration'
7461 [localhost-startStop-1] DEBUG o.s.b.f.s.DefaultListableBeanFactory - Creating instance of bean 'org.springframework.boot.actuate.autoconfigure.TraceRepositoryAutoConfiguration'
7461 [localhost-startStop-1] DEBUG o.s.b.f.s.DefaultListableBeanFactory - Eagerly caching bean 'org.springframework.boot.actuate.autoconfigure.TraceRepositoryAutoConfiguration' to allow for resolving potential circular references
7465 [localhost-startStop-1] DEBUG o.s.b.f.s.DefaultListableBeanFactory - Finished creating instance of bean 'org.springframework.boot.actuate.autoconfigure.TraceRepositoryAutoConfiguration'
7468 [localhost-startStop-1] DEBUG o.s.b.f.s.DefaultListableBeanFactory - Eagerly caching bean 'traceRepository' to allow for resolving potential circular references
7471 [localhost-startStop-1] DEBUG o.s.b.f.s.DefaultListableBeanFactory - Finished creating instance of bean 'traceRepository'
7473 [localhost-startStop-1] DEBUG o.s.b.f.s.DefaultListableBeanFactory - Creating shared instance of singleton bean 'management.trace-org.springframework.boot.actuate.trace.TraceProperties'
7473 [localhost-startStop-1] DEBUG o.s.b.f.s.DefaultListableBeanFactory - Creating instance of bean 'management.trace-org.springframework.boot.actuate.trace.TraceProperties'
7473 [localhost-startStop-1] DEBUG o.s.b.f.s.DefaultListableBeanFactory - Eagerly caching bean 'management.trace-org.springframework.boot.actuate.trace.TraceProperties' to allow for resolving potential circular references
7476 [localhost-startStop-1] DEBUG o.s.core.env.MutablePropertySources - Adding [servletConfigInitParams] PropertySource with lowest search precedence
7476 [localhost-startStop-1] DEBUG o.s.core.env.MutablePropertySources - Adding [servletContextInitParams] PropertySource with lowest search precedence
7476 [localhost-startStop-1] DEBUG o.s.core.env.MutablePropertySources - Adding [systemProperties] PropertySource with lowest search precedence
7476 [localhost-startStop-1] DEBUG o.s.core.env.MutablePropertySources - Adding [systemEnvironment] PropertySource with lowest search precedence
7476 [localhost-startStop-1] DEBUG o.s.core.env.MutablePropertySources - Adding [random] PropertySource with lowest search precedence
7476 [localhost-startStop-1] DEBUG o.s.core.env.MutablePropertySources - Adding [applicationConfig: [classpath:/application.properties]] PropertySource with lowest search precedence
7476 [localhost-startStop-1] DEBUG o.s.core.env.MutablePropertySources - Adding [springCloudClientHostInfo] PropertySource with lowest search precedence
7476 [localhost-startStop-1] DEBUG o.s.core.env.MutablePropertySources - Adding [class path resource [eureka/server.properties]] PropertySource with lowest search precedence
7476 [localhost-startStop-1] DEBUG o.s.core.env.MutablePropertySources - Adding [defaultProperties] PropertySource with lowest search precedence
7476 [localhost-startStop-1] DEBUG o.s.core.env.MutablePropertySources - Adding [localProperties] PropertySource with lowest search precedence
7479 [localhost-startStop-1] DEBUG o.s.b.f.s.DefaultListableBeanFactory - Finished creating instance of bean 'management.trace-org.springframework.boot.actuate.trace.TraceProperties'
7480 [localhost-startStop-1] DEBUG o.s.b.f.s.DefaultListableBeanFactory - Autowiring by type from bean name 'org.springframework.boot.actuate.autoconfigure.TraceWebFilterAutoConfiguration' via constructor to bean named 'traceRepository'
7481 [localhost-startStop-1] DEBUG o.s.b.f.s.DefaultListableBeanFactory - Autowiring by type from bean name 'org.springframework.boot.actuate.autoconfigure.TraceWebFilterAutoConfiguration' via constructor to bean named 'management.trace-org.springframework.boot.actuate.trace.TraceProperties'
7482 [localhost-startStop-1] DEBUG o.s.b.f.s.DefaultListableBeanFactory - Creating shared instance of singleton bean 'errorAttributes'
7482 [localhost-startStop-1] DEBUG o.s.b.f.s.DefaultListableBeanFactory - Creating instance of bean 'errorAttributes'
7482 [localhost-startStop-1] DEBUG o.s.b.f.s.DefaultListableBeanFactory - Returning cached instance of singleton bean 'org.springframework.boot.autoconfigure.web.ErrorMvcAutoConfiguration'
7483 [localhost-startStop-1] DEBUG o.s.b.f.s.DefaultListableBeanFactory - Eagerly caching bean 'errorAttributes' to allow for resolving potential circular references
7488 [localhost-startStop-1] DEBUG o.s.b.f.s.DefaultListableBeanFactory - Finished creating instance of bean 'errorAttributes'
7489 [localhost-startStop-1] DEBUG o.s.b.f.s.DefaultListableBeanFactory - Eagerly caching bean 'org.springframework.boot.actuate.autoconfigure.TraceWebFilterAutoConfiguration' to allow for resolving potential circular references
7493 [localhost-startStop-1] DEBUG o.s.b.f.s.DefaultListableBeanFactory - Finished creating instance of bean 'org.springframework.boot.actuate.autoconfigure.TraceWebFilterAutoConfiguration'
7495 [localhost-startStop-1] DEBUG o.s.b.f.s.DefaultListableBeanFactory - Autowiring by type from bean name 'webRequestLoggingFilter' via factory method to bean named 'org.springframework.beans.factory.support.DefaultListableBeanFactory@7cbc3762'
7499 [localhost-startStop-1] DEBUG o.s.w.c.s.StandardServletEnvironment - Adding [servletConfigInitParams] PropertySource with lowest search precedence
7499 [localhost-startStop-1] DEBUG o.s.w.c.s.StandardServletEnvironment - Adding [servletContextInitParams] PropertySource with lowest search precedence
7500 [localhost-startStop-1] DEBUG o.s.w.c.s.StandardServletEnvironment - Adding [systemProperties] PropertySource with lowest search precedence
7500 [localhost-startStop-1] DEBUG o.s.w.c.s.StandardServletEnvironment - Adding [systemEnvironment] PropertySource with lowest search precedence
7500 [localhost-startStop-1] DEBUG o.s.w.c.s.StandardServletEnvironment - Initialized StandardServletEnvironment with PropertySources [servletConfigInitParams,servletContextInitParams,systemProperties,systemEnvironment]
7501 [localhost-startStop-1] DEBUG o.s.b.f.s.DefaultListableBeanFactory - Eagerly caching bean 'webRequestLoggingFilter' to allow for resolving potential circular references
7510 [localhost-startStop-1] DEBUG o.s.b.f.s.DefaultListableBeanFactory - Invoking afterPropertiesSet() on bean with name 'webRequestLoggingFilter'
7511 [localhost-startStop-1] DEBUG o.s.b.f.s.DefaultListableBeanFactory - Finished creating instance of bean 'webRequestLoggingFilter'
7511 [localhost-startStop-1] DEBUG o.s.b.f.s.DefaultListableBeanFactory - Autowiring by type from bean name 'traceFilterRegistration' via factory method to bean named 'webRequestLoggingFilter'
7511 [localhost-startStop-1] DEBUG o.s.b.f.s.DefaultListableBeanFactory - Eagerly caching bean 'traceFilterRegistration' to allow for resolving potential circular references
7512 [localhost-startStop-1] DEBUG o.s.b.f.s.DefaultListableBeanFactory - Finished creating instance of bean 'traceFilterRegistration'
7512 [localhost-startStop-1] DEBUG o.s.b.f.s.DefaultListableBeanFactory - Creating shared instance of singleton bean 'dispatcherServletRegistration'
7512 [localhost-startStop-1] DEBUG o.s.b.f.s.DefaultListableBeanFactory - Creating instance of bean 'dispatcherServletRegistration'
7512 [localhost-startStop-1] DEBUG o.s.b.f.s.DefaultListableBeanFactory - Creating shared instance of singleton bean 'org.springframework.boot.autoconfigure.web.DispatcherServletAutoConfiguration$DispatcherServletRegistrationConfiguration'
7512 [localhost-startStop-1] DEBUG o.s.b.f.s.DefaultListableBeanFactory - Creating instance of bean 'org.springframework.boot.autoconfigure.web.DispatcherServletAutoConfiguration$DispatcherServletRegistrationConfiguration'
7512 [localhost-startStop-1] DEBUG o.s.c.LocalVariableTableParameterNameDiscoverer - Cannot find '.class' file for class [class org.springframework.boot.autoconfigure.web.DispatcherServletAutoConfiguration$DispatcherServletRegistrationConfiguration$$EnhancerBySpringCGLIB$$358ad8c3] - unable to determine constructor/method parameter names
7513 [localhost-startStop-1] DEBUG o.s.b.f.s.DefaultListableBeanFactory - Returning cached instance of singleton bean 'serverProperties'
7515 [localhost-startStop-1] DEBUG o.s.b.f.s.DefaultListableBeanFactory - Creating shared instance of singleton bean 'spring.mvc-org.springframework.boot.autoconfigure.web.WebMvcProperties'
7515 [localhost-startStop-1] DEBUG o.s.b.f.s.DefaultListableBeanFactory - Creating instance of bean 'spring.mvc-org.springframework.boot.autoconfigure.web.WebMvcProperties'
7515 [localhost-startStop-1] DEBUG o.s.b.f.s.DefaultListableBeanFactory - Eagerly caching bean 'spring.mvc-org.springframework.boot.autoconfigure.web.WebMvcProperties' to allow for resolving potential circular references
7519 [localhost-startStop-1] DEBUG o.s.core.env.MutablePropertySources - Adding [servletConfigInitParams] PropertySource with lowest search precedence
7519 [localhost-startStop-1] DEBUG o.s.core.env.MutablePropertySources - Adding [servletContextInitParams] PropertySource with lowest search precedence
7519 [localhost-startStop-1] DEBUG o.s.core.env.MutablePropertySources - Adding [systemProperties] PropertySource with lowest search precedence
7519 [localhost-startStop-1] DEBUG o.s.core.env.MutablePropertySources - Adding [systemEnvironment] PropertySource with lowest search precedence
7519 [localhost-startStop-1] DEBUG o.s.core.env.MutablePropertySources - Adding [random] PropertySource with lowest search precedence
7519 [localhost-startStop-1] DEBUG o.s.core.env.MutablePropertySources - Adding [applicationConfig: [classpath:/application.properties]] PropertySource with lowest search precedence
7519 [localhost-startStop-1] DEBUG o.s.core.env.MutablePropertySources - Adding [springCloudClientHostInfo] PropertySource with lowest search precedence
7519 [localhost-startStop-1] DEBUG o.s.core.env.MutablePropertySources - Adding [class path resource [eureka/server.properties]] PropertySource with lowest search precedence
7519 [localhost-startStop-1] DEBUG o.s.core.env.MutablePropertySources - Adding [defaultProperties] PropertySource with lowest search precedence
7519 [localhost-startStop-1] DEBUG o.s.core.env.MutablePropertySources - Adding [localProperties] PropertySource with lowest search precedence
7536 [localhost-startStop-1] DEBUG o.s.b.f.s.DefaultListableBeanFactory - Finished creating instance of bean 'spring.mvc-org.springframework.boot.autoconfigure.web.WebMvcProperties'
7536 [localhost-startStop-1] DEBUG o.s.b.f.s.DefaultListableBeanFactory - Autowiring by type from bean name 'org.springframework.boot.autoconfigure.web.DispatcherServletAutoConfiguration$DispatcherServletRegistrationConfiguration' via constructor to bean named 'serverProperties'
7536 [localhost-startStop-1] DEBUG o.s.b.f.s.DefaultListableBeanFactory - Autowiring by type from bean name 'org.springframework.boot.autoconfigure.web.DispatcherServletAutoConfiguration$DispatcherServletRegistrationConfiguration' via constructor to bean named 'spring.mvc-org.springframework.boot.autoconfigure.web.WebMvcProperties'
7537 [localhost-startStop-1] DEBUG o.s.b.f.s.DefaultListableBeanFactory - Creating shared instance of singleton bean 'multipartConfigElement'
7537 [localhost-startStop-1] DEBUG o.s.b.f.s.DefaultListableBeanFactory - Creating instance of bean 'multipartConfigElement'
7538 [localhost-startStop-1] DEBUG o.s.b.f.s.DefaultListableBeanFactory - Creating shared instance of singleton bean 'org.springframework.boot.autoconfigure.web.MultipartAutoConfiguration'
7538 [localhost-startStop-1] DEBUG o.s.b.f.s.DefaultListableBeanFactory - Creating instance of bean 'org.springframework.boot.autoconfigure.web.MultipartAutoConfiguration'
7538 [localhost-startStop-1] DEBUG o.s.c.LocalVariableTableParameterNameDiscoverer - Cannot find '.class' file for class [class org.springframework.boot.autoconfigure.web.MultipartAutoConfiguration$$EnhancerBySpringCGLIB$$cee34d90] - unable to determine constructor/method parameter names
7539 [localhost-startStop-1] DEBUG o.s.b.f.s.DefaultListableBeanFactory - Creating shared instance of singleton bean 'spring.http.multipart-org.springframework.boot.autoconfigure.web.MultipartProperties'
7539 [localhost-startStop-1] DEBUG o.s.b.f.s.DefaultListableBeanFactory - Creating instance of bean 'spring.http.multipart-org.springframework.boot.autoconfigure.web.MultipartProperties'
7540 [localhost-startStop-1] DEBUG o.s.b.f.s.DefaultListableBeanFactory - Eagerly caching bean 'spring.http.multipart-org.springframework.boot.autoconfigure.web.MultipartProperties' to allow for resolving potential circular references
7542 [localhost-startStop-1] DEBUG o.s.core.env.MutablePropertySources - Adding [servletConfigInitParams] PropertySource with lowest search precedence
7542 [localhost-startStop-1] DEBUG o.s.core.env.MutablePropertySources - Adding [servletContextInitParams] PropertySource with lowest search precedence
7542 [localhost-startStop-1] DEBUG o.s.core.env.MutablePropertySources - Adding [systemProperties] PropertySource with lowest search precedence
7543 [localhost-startStop-1] DEBUG o.s.core.env.MutablePropertySources - Adding [systemEnvironment] PropertySource with lowest search precedence
7543 [localhost-startStop-1] DEBUG o.s.core.env.MutablePropertySources - Adding [random] PropertySource with lowest search precedence
7543 [localhost-startStop-1] DEBUG o.s.core.env.MutablePropertySources - Adding [applicationConfig: [classpath:/application.properties]] PropertySource with lowest search precedence
7543 [localhost-startStop-1] DEBUG o.s.core.env.MutablePropertySources - Adding [springCloudClientHostInfo] PropertySource with lowest search precedence
7543 [localhost-startStop-1] DEBUG o.s.core.env.MutablePropertySources - Adding [class path resource [eureka/server.properties]] PropertySource with lowest search precedence
7543 [localhost-startStop-1] DEBUG o.s.core.env.MutablePropertySources - Adding [defaultProperties] PropertySource with lowest search precedence
7543 [localhost-startStop-1] DEBUG o.s.core.env.MutablePropertySources - Adding [localProperties] PropertySource with lowest search precedence
7545 [localhost-startStop-1] DEBUG o.s.b.f.s.DefaultListableBeanFactory - Finished creating instance of bean 'spring.http.multipart-org.springframework.boot.autoconfigure.web.MultipartProperties'
7546 [localhost-startStop-1] DEBUG o.s.b.f.s.DefaultListableBeanFactory - Autowiring by type from bean name 'org.springframework.boot.autoconfigure.web.MultipartAutoConfiguration' via constructor to bean named 'spring.http.multipart-org.springframework.boot.autoconfigure.web.MultipartProperties'
7546 [localhost-startStop-1] DEBUG o.s.b.f.s.DefaultListableBeanFactory - Eagerly caching bean 'org.springframework.boot.autoconfigure.web.MultipartAutoConfiguration' to allow for resolving potential circular references
7550 [localhost-startStop-1] DEBUG o.s.b.f.s.DefaultListableBeanFactory - Finished creating instance of bean 'org.springframework.boot.autoconfigure.web.MultipartAutoConfiguration'
7554 [localhost-startStop-1] DEBUG o.s.b.f.s.DefaultListableBeanFactory - Eagerly caching bean 'multipartConfigElement' to allow for resolving potential circular references
7556 [localhost-startStop-1] DEBUG o.s.b.f.s.DefaultListableBeanFactory - Finished creating instance of bean 'multipartConfigElement'
7557 [localhost-startStop-1] DEBUG o.s.b.f.s.DefaultListableBeanFactory - Eagerly caching bean 'org.springframework.boot.autoconfigure.web.DispatcherServletAutoConfiguration$DispatcherServletRegistrationConfiguration' to allow for resolving potential circular references
7561 [localhost-startStop-1] DEBUG o.s.b.f.s.DefaultListableBeanFactory - Finished creating instance of bean 'org.springframework.boot.autoconfigure.web.DispatcherServletAutoConfiguration$DispatcherServletRegistrationConfiguration'
7563 [localhost-startStop-1] DEBUG o.s.b.f.s.DefaultListableBeanFactory - Creating shared instance of singleton bean 'dispatcherServlet'
7563 [localhost-startStop-1] DEBUG o.s.b.f.s.DefaultListableBeanFactory - Creating instance of bean 'dispatcherServlet'
7563 [localhost-startStop-1] DEBUG o.s.b.f.s.DefaultListableBeanFactory - Creating shared instance of singleton bean 'org.springframework.boot.autoconfigure.web.DispatcherServletAutoConfiguration$DispatcherServletConfiguration'
7563 [localhost-startStop-1] DEBUG o.s.b.f.s.DefaultListableBeanFactory - Creating instance of bean 'org.springframework.boot.autoconfigure.web.DispatcherServletAutoConfiguration$DispatcherServletConfiguration'
7563 [localhost-startStop-1] DEBUG o.s.c.LocalVariableTableParameterNameDiscoverer - Cannot find '.class' file for class [class org.springframework.boot.autoconfigure.web.DispatcherServletAutoConfiguration$DispatcherServletConfiguration$$EnhancerBySpringCGLIB$$ba9b499c] - unable to determine constructor/method parameter names
7564 [localhost-startStop-1] DEBUG o.s.b.f.s.DefaultListableBeanFactory - Returning cached instance of singleton bean 'spring.mvc-org.springframework.boot.autoconfigure.web.WebMvcProperties'
7564 [localhost-startStop-1] DEBUG o.s.b.f.s.DefaultListableBeanFactory - Autowiring by type from bean name 'org.springframework.boot.autoconfigure.web.DispatcherServletAutoConfiguration$DispatcherServletConfiguration' via constructor to bean named 'spring.mvc-org.springframework.boot.autoconfigure.web.WebMvcProperties'
7565 [localhost-startStop-1] DEBUG o.s.b.f.s.DefaultListableBeanFactory - Eagerly caching bean 'org.springframework.boot.autoconfigure.web.DispatcherServletAutoConfiguration$DispatcherServletConfiguration' to allow for resolving potential circular references
7569 [localhost-startStop-1] DEBUG o.s.b.f.s.DefaultListableBeanFactory - Finished creating instance of bean 'org.springframework.boot.autoconfigure.web.DispatcherServletAutoConfiguration$DispatcherServletConfiguration'
7582 [localhost-startStop-1] DEBUG o.s.b.f.s.DefaultListableBeanFactory - Eagerly caching bean 'dispatcherServlet' to allow for resolving potential circular references
7595 [localhost-startStop-1] DEBUG o.s.b.f.s.DefaultListableBeanFactory - Finished creating instance of bean 'dispatcherServlet'
7595 [localhost-startStop-1] DEBUG o.s.b.f.s.DefaultListableBeanFactory - Autowiring by type from bean name 'dispatcherServletRegistration' via factory method to bean named 'dispatcherServlet'
7599 [localhost-startStop-1] DEBUG o.s.b.f.s.DefaultListableBeanFactory - Eagerly caching bean 'dispatcherServletRegistration' to allow for resolving potential circular references
7603 [localhost-startStop-1] DEBUG o.s.b.f.s.DefaultListableBeanFactory - Finished creating instance of bean 'dispatcherServletRegistration'
7604 [localhost-startStop-1] DEBUG o.s.b.w.s.ServletContextInitializerBeans - Added existing Filter initializer bean 'traceFilterRegistration'; order=2147483637, resource=org.springframework.cloud.netflix.eureka.server.EurekaServerConfiguration
7604 [localhost-startStop-1] DEBUG o.s.b.w.s.ServletContextInitializerBeans - Added existing Filter initializer bean 'jerseyFilterRegistration'; order=2147483647, resource=org.springframework.cloud.netflix.eureka.server.EurekaServerConfiguration
7604 [localhost-startStop-1] DEBUG o.s.b.w.s.ServletContextInitializerBeans - Added existing Servlet initializer bean 'dispatcherServletRegistration'; order=2147483647, resource=class path resource [org/springframework/boot/autoconfigure/web/DispatcherServletAutoConfiguration$DispatcherServletRegistrationConfiguration.class]
7605 [localhost-startStop-1] DEBUG o.s.b.f.s.DefaultListableBeanFactory - Returning cached instance of singleton bean 'multipartConfigElement'
7607 [localhost-startStop-1] DEBUG o.s.b.f.s.DefaultListableBeanFactory - Returning cached instance of singleton bean 'dispatcherServlet'
7609 [localhost-startStop-1] DEBUG o.s.b.f.s.DefaultListableBeanFactory - Creating shared instance of singleton bean 'requestContextFilter'
7609 [localhost-startStop-1] DEBUG o.s.b.f.s.DefaultListableBeanFactory - Creating instance of bean 'requestContextFilter'
7609 [localhost-startStop-1] DEBUG o.s.w.c.s.StandardServletEnvironment - Adding [servletConfigInitParams] PropertySource with lowest search precedence
7609 [localhost-startStop-1] DEBUG o.s.w.c.s.StandardServletEnvironment - Adding [servletContextInitParams] PropertySource with lowest search precedence
7610 [localhost-startStop-1] DEBUG o.s.w.c.s.StandardServletEnvironment - Adding [systemProperties] PropertySource with lowest search precedence
7610 [localhost-startStop-1] DEBUG o.s.w.c.s.StandardServletEnvironment - Adding [systemEnvironment] PropertySource with lowest search precedence
7610 [localhost-startStop-1] DEBUG o.s.w.c.s.StandardServletEnvironment - Initialized StandardServletEnvironment with PropertySources [servletConfigInitParams,servletContextInitParams,systemProperties,systemEnvironment]
7610 [localhost-startStop-1] DEBUG o.s.b.f.s.DefaultListableBeanFactory - Eagerly caching bean 'requestContextFilter' to allow for resolving potential circular references
7617 [localhost-startStop-1] DEBUG o.s.b.f.s.DefaultListableBeanFactory - Invoking afterPropertiesSet() on bean with name 'requestContextFilter'
7618 [localhost-startStop-1] DEBUG o.s.b.f.s.DefaultListableBeanFactory - Finished creating instance of bean 'requestContextFilter'
7618 [localhost-startStop-1] DEBUG o.s.b.f.s.DefaultListableBeanFactory - Creating shared instance of singleton bean 'hiddenHttpMethodFilter'
7618 [localhost-startStop-1] DEBUG o.s.b.f.s.DefaultListableBeanFactory - Creating instance of bean 'hiddenHttpMethodFilter'
7618 [localhost-startStop-1] DEBUG o.s.b.f.s.DefaultListableBeanFactory - Creating shared instance of singleton bean 'org.springframework.boot.autoconfigure.web.WebMvcAutoConfiguration'
7618 [localhost-startStop-1] DEBUG o.s.b.f.s.DefaultListableBeanFactory - Creating instance of bean 'org.springframework.boot.autoconfigure.web.WebMvcAutoConfiguration'
7618 [localhost-startStop-1] DEBUG o.s.b.f.s.DefaultListableBeanFactory - Eagerly caching bean 'org.springframework.boot.autoconfigure.web.WebMvcAutoConfiguration' to allow for resolving potential circular references
7623 [localhost-startStop-1] DEBUG o.s.b.f.s.DefaultListableBeanFactory - Finished creating instance of bean 'org.springframework.boot.autoconfigure.web.WebMvcAutoConfiguration'
7627 [localhost-startStop-1] DEBUG o.s.w.c.s.StandardServletEnvironment - Adding [servletConfigInitParams] PropertySource with lowest search precedence
7627 [localhost-startStop-1] DEBUG o.s.w.c.s.StandardServletEnvironment - Adding [servletContextInitParams] PropertySource with lowest search precedence
7627 [localhost-startStop-1] DEBUG o.s.w.c.s.StandardServletEnvironment - Adding [systemProperties] PropertySource with lowest search precedence
7627 [localhost-startStop-1] DEBUG o.s.w.c.s.StandardServletEnvironment - Adding [systemEnvironment] PropertySource with lowest search precedence
7627 [localhost-startStop-1] DEBUG o.s.w.c.s.StandardServletEnvironment - Initialized StandardServletEnvironment with PropertySources [servletConfigInitParams,servletContextInitParams,systemProperties,systemEnvironment]
7627 [localhost-startStop-1] DEBUG o.s.b.f.s.DefaultListableBeanFactory - Eagerly caching bean 'hiddenHttpMethodFilter' to allow for resolving potential circular references
7635 [localhost-startStop-1] DEBUG o.s.b.f.s.DefaultListableBeanFactory - Invoking afterPropertiesSet() on bean with name 'hiddenHttpMethodFilter'
7635 [localhost-startStop-1] DEBUG o.s.b.f.s.DefaultListableBeanFactory - Finished creating instance of bean 'hiddenHttpMethodFilter'
7635 [localhost-startStop-1] DEBUG o.s.b.f.s.DefaultListableBeanFactory - Creating shared instance of singleton bean 'httpPutFormContentFilter'
7635 [localhost-startStop-1] DEBUG o.s.b.f.s.DefaultListableBeanFactory - Creating instance of bean 'httpPutFormContentFilter'
7635 [localhost-startStop-1] DEBUG o.s.b.f.s.DefaultListableBeanFactory - Returning cached instance of singleton bean 'org.springframework.boot.autoconfigure.web.WebMvcAutoConfiguration'
7636 [localhost-startStop-1] DEBUG o.s.w.c.s.StandardServletEnvironment - Adding [servletConfigInitParams] PropertySource with lowest search precedence
7636 [localhost-startStop-1] DEBUG o.s.w.c.s.StandardServletEnvironment - Adding [servletContextInitParams] PropertySource with lowest search precedence
7636 [localhost-startStop-1] DEBUG o.s.w.c.s.StandardServletEnvironment - Adding [systemProperties] PropertySource with lowest search precedence
7636 [localhost-startStop-1] DEBUG o.s.w.c.s.StandardServletEnvironment - Adding [systemEnvironment] PropertySource with lowest search precedence
7636 [localhost-startStop-1] DEBUG o.s.w.c.s.StandardServletEnvironment - Initialized StandardServletEnvironment with PropertySources [servletConfigInitParams,servletContextInitParams,systemProperties,systemEnvironment]
7643 [localhost-startStop-1] DEBUG o.s.b.f.s.DefaultListableBeanFactory - Eagerly caching bean 'httpPutFormContentFilter' to allow for resolving potential circular references
7649 [localhost-startStop-1] DEBUG o.s.b.f.s.DefaultListableBeanFactory - Invoking afterPropertiesSet() on bean with name 'httpPutFormContentFilter'
7649 [localhost-startStop-1] DEBUG o.s.b.f.s.DefaultListableBeanFactory - Finished creating instance of bean 'httpPutFormContentFilter'
7649 [localhost-startStop-1] DEBUG o.s.b.f.s.DefaultListableBeanFactory - Creating shared instance of singleton bean 'applicationContextIdFilter'
7649 [localhost-startStop-1] DEBUG o.s.b.f.s.DefaultListableBeanFactory - Creating instance of bean 'applicationContextIdFilter'
7649 [localhost-startStop-1] DEBUG o.s.b.f.s.DefaultListableBeanFactory - Creating shared instance of singleton bean 'org.springframework.boot.actuate.autoconfigure.EndpointWebMvcAutoConfiguration$ApplicationContextFilterConfiguration'
7649 [localhost-startStop-1] DEBUG o.s.b.f.s.DefaultListableBeanFactory - Creating instance of bean 'org.springframework.boot.actuate.autoconfigure.EndpointWebMvcAutoConfiguration$ApplicationContextFilterConfiguration'
7649 [localhost-startStop-1] DEBUG o.s.b.f.s.DefaultListableBeanFactory - Eagerly caching bean 'org.springframework.boot.actuate.autoconfigure.EndpointWebMvcAutoConfiguration$ApplicationContextFilterConfiguration' to allow for resolving potential circular references
7652 [localhost-startStop-1] DEBUG o.s.b.f.s.DefaultListableBeanFactory - Finished creating instance of bean 'org.springframework.boot.actuate.autoconfigure.EndpointWebMvcAutoConfiguration$ApplicationContextFilterConfiguration'
7653 [localhost-startStop-1] DEBUG o.s.b.f.s.DefaultListableBeanFactory - Autowiring by type from bean name 'applicationContextIdFilter' via factory method to bean named 'org.springframework.boot.context.embedded.AnnotationConfigEmbeddedWebApplicationContext@189aa67a'
7656 [localhost-startStop-1] DEBUG o.s.w.c.s.StandardServletEnvironment - Adding [servletConfigInitParams] PropertySource with lowest search precedence
7656 [localhost-startStop-1] DEBUG o.s.w.c.s.StandardServletEnvironment - Adding [servletContextInitParams] PropertySource with lowest search precedence
7656 [localhost-startStop-1] DEBUG o.s.w.c.s.StandardServletEnvironment - Adding [systemProperties] PropertySource with lowest search precedence
7656 [localhost-startStop-1] DEBUG o.s.w.c.s.StandardServletEnvironment - Adding [systemEnvironment] PropertySource with lowest search precedence
7656 [localhost-startStop-1] DEBUG o.s.w.c.s.StandardServletEnvironment - Initialized StandardServletEnvironment with PropertySources [servletConfigInitParams,servletContextInitParams,systemProperties,systemEnvironment]
7657 [localhost-startStop-1] DEBUG o.s.b.f.s.DefaultListableBeanFactory - Eagerly caching bean 'applicationContextIdFilter' to allow for resolving potential circular references
7661 [localhost-startStop-1] DEBUG o.s.b.f.s.DefaultListableBeanFactory - Invoking afterPropertiesSet() on bean with name 'applicationContextIdFilter'
7661 [localhost-startStop-1] DEBUG o.s.b.f.s.DefaultListableBeanFactory - Finished creating instance of bean 'applicationContextIdFilter'
7661 [localhost-startStop-1] DEBUG o.s.b.f.s.DefaultListableBeanFactory - Creating shared instance of singleton bean 'metricsFilter'
7661 [localhost-startStop-1] DEBUG o.s.b.f.s.DefaultListableBeanFactory - Creating instance of bean 'metricsFilter'
7661 [localhost-startStop-1] DEBUG o.s.b.f.s.DefaultListableBeanFactory - Creating shared instance of singleton bean 'org.springframework.boot.actuate.autoconfigure.MetricFilterAutoConfiguration'
7661 [localhost-startStop-1] DEBUG o.s.b.f.s.DefaultListableBeanFactory - Creating instance of bean 'org.springframework.boot.actuate.autoconfigure.MetricFilterAutoConfiguration'
7662 [localhost-startStop-1] DEBUG o.s.c.LocalVariableTableParameterNameDiscoverer - Cannot find '.class' file for class [class org.springframework.boot.actuate.autoconfigure.MetricFilterAutoConfiguration$$EnhancerBySpringCGLIB$$3085ef43] - unable to determine constructor/method parameter names
7663 [localhost-startStop-1] DEBUG o.s.b.f.s.DefaultListableBeanFactory - Creating shared instance of singleton bean 'servoMetricServices'
7663 [localhost-startStop-1] DEBUG o.s.b.f.s.DefaultListableBeanFactory - Creating instance of bean 'servoMetricServices'
7663 [localhost-startStop-1] DEBUG o.s.b.f.s.DefaultListableBeanFactory - Creating shared instance of singleton bean 'org.springframework.cloud.netflix.metrics.servo.ServoMetricsAutoConfiguration'
7663 [localhost-startStop-1] DEBUG o.s.b.f.s.DefaultListableBeanFactory - Creating instance of bean 'org.springframework.cloud.netflix.metrics.servo.ServoMetricsAutoConfiguration'
7663 [localhost-startStop-1] DEBUG o.s.b.f.s.DefaultListableBeanFactory - Eagerly caching bean 'org.springframework.cloud.netflix.metrics.servo.ServoMetricsAutoConfiguration' to allow for resolving potential circular references
7668 [localhost-startStop-1] DEBUG o.s.b.f.s.DefaultListableBeanFactory - Finished creating instance of bean 'org.springframework.cloud.netflix.metrics.servo.ServoMetricsAutoConfiguration'
7669 [localhost-startStop-1] DEBUG o.s.b.f.s.DefaultListableBeanFactory - Creating shared instance of singleton bean 'monitorRegistry'
7669 [localhost-startStop-1] DEBUG o.s.b.f.s.DefaultListableBeanFactory - Creating instance of bean 'monitorRegistry'
7669 [localhost-startStop-1] DEBUG o.s.b.f.s.DefaultListableBeanFactory - Returning cached instance of singleton bean 'org.springframework.cloud.netflix.metrics.servo.ServoMetricsAutoConfiguration'
7670 [localhost-startStop-1] DEBUG o.s.b.f.s.DefaultListableBeanFactory - Creating shared instance of singleton bean 'servoMetricsConfig'
7670 [localhost-startStop-1] DEBUG o.s.b.f.s.DefaultListableBeanFactory - Creating instance of bean 'servoMetricsConfig'
7671 [localhost-startStop-1] DEBUG o.s.b.f.s.DefaultListableBeanFactory - Returning cached instance of singleton bean 'org.springframework.cloud.netflix.metrics.servo.ServoMetricsAutoConfiguration'
7675 [localhost-startStop-1] DEBUG o.s.b.f.s.DefaultListableBeanFactory - Eagerly caching bean 'servoMetricsConfig' to allow for resolving potential circular references
7677 [localhost-startStop-1] DEBUG o.s.core.env.MutablePropertySources - Adding [servletConfigInitParams] PropertySource with lowest search precedence
7677 [localhost-startStop-1] DEBUG o.s.core.env.MutablePropertySources - Adding [servletContextInitParams] PropertySource with lowest search precedence
7677 [localhost-startStop-1] DEBUG o.s.core.env.MutablePropertySources - Adding [systemProperties] PropertySource with lowest search precedence
7677 [localhost-startStop-1] DEBUG o.s.core.env.MutablePropertySources - Adding [systemEnvironment] PropertySource with lowest search precedence
7677 [localhost-startStop-1] DEBUG o.s.core.env.MutablePropertySources - Adding [random] PropertySource with lowest search precedence
7677 [localhost-startStop-1] DEBUG o.s.core.env.MutablePropertySources - Adding [applicationConfig: [classpath:/application.properties]] PropertySource with lowest search precedence
7677 [localhost-startStop-1] DEBUG o.s.core.env.MutablePropertySources - Adding [springCloudClientHostInfo] PropertySource with lowest search precedence
7677 [localhost-startStop-1] DEBUG o.s.core.env.MutablePropertySources - Adding [class path resource [eureka/server.properties]] PropertySource with lowest search precedence
7677 [localhost-startStop-1] DEBUG o.s.core.env.MutablePropertySources - Adding [defaultProperties] PropertySource with lowest search precedence
7677 [localhost-startStop-1] DEBUG o.s.core.env.MutablePropertySources - Adding [localProperties] PropertySource with lowest search precedence
7680 [localhost-startStop-1] DEBUG o.s.b.f.s.DefaultListableBeanFactory - Finished creating instance of bean 'servoMetricsConfig'
7680 [localhost-startStop-1] DEBUG o.s.b.f.s.DefaultListableBeanFactory - Autowiring by type from bean name 'monitorRegistry' via factory method to bean named 'servoMetricsConfig'
7683 [localhost-startStop-1] DEBUG o.s.b.f.s.DefaultListableBeanFactory - Eagerly caching bean 'monitorRegistry' to allow for resolving potential circular references
7687 [localhost-startStop-1] DEBUG o.s.b.f.s.DefaultListableBeanFactory - Finished creating instance of bean 'monitorRegistry'
7687 [localhost-startStop-1] DEBUG o.s.b.f.s.DefaultListableBeanFactory - Autowiring by type from bean name 'servoMetricServices' via factory method to bean named 'monitorRegistry'
7688 [localhost-startStop-1] DEBUG o.s.b.f.s.DefaultListableBeanFactory - Eagerly caching bean 'servoMetricServices' to allow for resolving potential circular references
7692 [localhost-startStop-1] DEBUG o.s.b.f.s.DefaultListableBeanFactory - Finished creating instance of bean 'servoMetricServices'
7693 [localhost-startStop-1] DEBUG o.s.b.f.s.DefaultListableBeanFactory - Returning cached instance of singleton bean 'servoMetricServices'
7694 [localhost-startStop-1] DEBUG o.s.b.f.s.DefaultListableBeanFactory - Creating shared instance of singleton bean 'endpoints.metrics.filter-org.springframework.boot.actuate.autoconfigure.MetricFilterProperties'
7694 [localhost-startStop-1] DEBUG o.s.b.f.s.DefaultListableBeanFactory - Creating instance of bean 'endpoints.metrics.filter-org.springframework.boot.actuate.autoconfigure.MetricFilterProperties'
7695 [localhost-startStop-1] DEBUG o.s.b.f.s.DefaultListableBeanFactory - Eagerly caching bean 'endpoints.metrics.filter-org.springframework.boot.actuate.autoconfigure.MetricFilterProperties' to allow for resolving potential circular references
7697 [localhost-startStop-1] DEBUG o.s.core.env.MutablePropertySources - Adding [servletConfigInitParams] PropertySource with lowest search precedence
7697 [localhost-startStop-1] DEBUG o.s.core.env.MutablePropertySources - Adding [servletContextInitParams] PropertySource with lowest search precedence
7697 [localhost-startStop-1] DEBUG o.s.core.env.MutablePropertySources - Adding [systemProperties] PropertySource with lowest search precedence
7697 [localhost-startStop-1] DEBUG o.s.core.env.MutablePropertySources - Adding [systemEnvironment] PropertySource with lowest search precedence
7697 [localhost-startStop-1] DEBUG o.s.core.env.MutablePropertySources - Adding [random] PropertySource with lowest search precedence
7697 [localhost-startStop-1] DEBUG o.s.core.env.MutablePropertySources - Adding [applicationConfig: [classpath:/application.properties]] PropertySource with lowest search precedence
7697 [localhost-startStop-1] DEBUG o.s.core.env.MutablePropertySources - Adding [springCloudClientHostInfo] PropertySource with lowest search precedence
7697 [localhost-startStop-1] DEBUG o.s.core.env.MutablePropertySources - Adding [class path resource [eureka/server.properties]] PropertySource with lowest search precedence
7697 [localhost-startStop-1] DEBUG o.s.core.env.MutablePropertySources - Adding [defaultProperties] PropertySource with lowest search precedence
7697 [localhost-startStop-1] DEBUG o.s.core.env.MutablePropertySources - Adding [localProperties] PropertySource with lowest search precedence
7700 [localhost-startStop-1] DEBUG o.s.b.f.s.DefaultListableBeanFactory - Finished creating instance of bean 'endpoints.metrics.filter-org.springframework.boot.actuate.autoconfigure.MetricFilterProperties'
7700 [localhost-startStop-1] DEBUG o.s.b.f.s.DefaultListableBeanFactory - Autowiring by type from bean name 'org.springframework.boot.actuate.autoconfigure.MetricFilterAutoConfiguration' via constructor to bean named 'servoMetricServices'
7700 [localhost-startStop-1] DEBUG o.s.b.f.s.DefaultListableBeanFactory - Autowiring by type from bean name 'org.springframework.boot.actuate.autoconfigure.MetricFilterAutoConfiguration' via constructor to bean named 'endpoints.metrics.filter-org.springframework.boot.actuate.autoconfigure.MetricFilterProperties'
7700 [localhost-startStop-1] DEBUG o.s.b.f.s.DefaultListableBeanFactory - Eagerly caching bean 'org.springframework.boot.actuate.autoconfigure.MetricFilterAutoConfiguration' to allow for resolving potential circular references
7704 [localhost-startStop-1] DEBUG o.s.b.f.s.DefaultListableBeanFactory - Finished creating instance of bean 'org.springframework.boot.actuate.autoconfigure.MetricFilterAutoConfiguration'
7708 [localhost-startStop-1] DEBUG o.s.w.c.s.StandardServletEnvironment - Adding [servletConfigInitParams] PropertySource with lowest search precedence
7708 [localhost-startStop-1] DEBUG o.s.w.c.s.StandardServletEnvironment - Adding [servletContextInitParams] PropertySource with lowest search precedence
7708 [localhost-startStop-1] DEBUG o.s.w.c.s.StandardServletEnvironment - Adding [systemProperties] PropertySource with lowest search precedence
7708 [localhost-startStop-1] DEBUG o.s.w.c.s.StandardServletEnvironment - Adding [systemEnvironment] PropertySource with lowest search precedence
7708 [localhost-startStop-1] DEBUG o.s.w.c.s.StandardServletEnvironment - Initialized StandardServletEnvironment with PropertySources [servletConfigInitParams,servletContextInitParams,systemProperties,systemEnvironment]
7709 [localhost-startStop-1] DEBUG o.s.b.f.s.DefaultListableBeanFactory - Eagerly caching bean 'metricsFilter' to allow for resolving potential circular references
7716 [localhost-startStop-1] DEBUG o.s.b.f.s.DefaultListableBeanFactory - Invoking afterPropertiesSet() on bean with name 'metricsFilter'
7716 [localhost-startStop-1] DEBUG o.s.b.f.s.DefaultListableBeanFactory - Finished creating instance of bean 'metricsFilter'
7716 [localhost-startStop-1] DEBUG o.s.b.f.s.DefaultListableBeanFactory - Returning cached instance of singleton bean 'webRequestLoggingFilter'
7716 [localhost-startStop-1] DEBUG o.s.b.f.s.DefaultListableBeanFactory - Creating shared instance of singleton bean 'characterEncodingFilter'
7716 [localhost-startStop-1] DEBUG o.s.b.f.s.DefaultListableBeanFactory - Creating instance of bean 'characterEncodingFilter'
7716 [localhost-startStop-1] DEBUG o.s.b.f.s.DefaultListableBeanFactory - Returning cached instance of singleton bean 'org.springframework.boot.autoconfigure.web.HttpEncodingAutoConfiguration'
7717 [localhost-startStop-1] DEBUG o.s.w.c.s.StandardServletEnvironment - Adding [servletConfigInitParams] PropertySource with lowest search precedence
7717 [localhost-startStop-1] DEBUG o.s.w.c.s.StandardServletEnvironment - Adding [servletContextInitParams] PropertySource with lowest search precedence
7717 [localhost-startStop-1] DEBUG o.s.w.c.s.StandardServletEnvironment - Adding [systemProperties] PropertySource with lowest search precedence
7717 [localhost-startStop-1] DEBUG o.s.w.c.s.StandardServletEnvironment - Adding [systemEnvironment] PropertySource with lowest search precedence
7717 [localhost-startStop-1] DEBUG o.s.w.c.s.StandardServletEnvironment - Initialized StandardServletEnvironment with PropertySources [servletConfigInitParams,servletContextInitParams,systemProperties,systemEnvironment]
7717 [localhost-startStop-1] DEBUG o.s.b.f.s.DefaultListableBeanFactory - Eagerly caching bean 'characterEncodingFilter' to allow for resolving potential circular references
7727 [localhost-startStop-1] DEBUG o.s.b.f.s.DefaultListableBeanFactory - Invoking afterPropertiesSet() on bean with name 'characterEncodingFilter'
7727 [localhost-startStop-1] DEBUG o.s.b.f.s.DefaultListableBeanFactory - Finished creating instance of bean 'characterEncodingFilter'
7727 [localhost-startStop-1] DEBUG o.s.b.w.s.ServletContextInitializerBeans - Created Filter initializer for bean 'metricsFilter'; order=-2147483648, resource=class path resource [org/springframework/boot/actuate/autoconfigure/MetricFilterAutoConfiguration.class]
7727 [localhost-startStop-1] DEBUG o.s.b.w.s.ServletContextInitializerBeans - Created Filter initializer for bean 'characterEncodingFilter'; order=-2147483648, resource=class path resource [org/springframework/boot/autoconfigure/web/HttpEncodingAutoConfiguration.class]
7727 [localhost-startStop-1] DEBUG o.s.b.w.s.ServletContextInitializerBeans - Created Filter initializer for bean 'hiddenHttpMethodFilter'; order=-10000, resource=class path resource [org/springframework/boot/autoconfigure/web/WebMvcAutoConfiguration.class]
7727 [localhost-startStop-1] DEBUG o.s.b.w.s.ServletContextInitializerBeans - Created Filter initializer for bean 'httpPutFormContentFilter'; order=-9900, resource=class path resource [org/springframework/boot/autoconfigure/web/WebMvcAutoConfiguration.class]
7727 [localhost-startStop-1] DEBUG o.s.b.w.s.ServletContextInitializerBeans - Created Filter initializer for bean 'requestContextFilter'; order=-105, resource=class path resource [org/springframework/boot/autoconfigure/web/WebMvcAutoConfiguration$WebMvcAutoConfigurationAdapter.class]
7728 [localhost-startStop-1] DEBUG o.s.b.w.s.ServletContextInitializerBeans - Created Filter initializer for bean 'applicationContextIdFilter'; order=2147483647, resource=class path resource [org/springframework/boot/actuate/autoconfigure/EndpointWebMvcAutoConfiguration$ApplicationContextFilterConfiguration.class]
7740 [localhost-startStop-1] INFO  o.s.b.w.s.FilterRegistrationBean - Mapping filter: 'metricsFilter' to: [/*]
7740 [localhost-startStop-1] INFO  o.s.b.w.s.FilterRegistrationBean - Mapping filter: 'characterEncodingFilter' to: [/*]
7740 [localhost-startStop-1] INFO  o.s.b.w.s.FilterRegistrationBean - Mapping filter: 'hiddenHttpMethodFilter' to: [/*]
7741 [localhost-startStop-1] INFO  o.s.b.w.s.FilterRegistrationBean - Mapping filter: 'httpPutFormContentFilter' to: [/*]
7741 [localhost-startStop-1] INFO  o.s.b.w.s.FilterRegistrationBean - Mapping filter: 'requestContextFilter' to: [/*]
7741 [localhost-startStop-1] INFO  o.s.b.c.e.FilterRegistrationBean - Mapping filter: 'webRequestTraceFilter' to: [/*]
7741 [localhost-startStop-1] INFO  o.s.b.c.e.FilterRegistrationBean - Mapping filter: 'servletContainer' to urls: [/eureka/*]
7741 [localhost-startStop-1] INFO  o.s.b.w.s.FilterRegistrationBean - Mapping filter: 'applicationContextIdFilter' to: [/*]
7741 [localhost-startStop-1] INFO  o.s.b.w.s.ServletRegistrationBean - Mapping servlet: 'dispatcherServlet' to [/]
7767 [localhost-startStop-1] DEBUG o.s.b.w.f.OrderedRequestContextFilter - Initializing filter 'requestContextFilter'
7769 [localhost-startStop-1] DEBUG o.s.b.w.f.OrderedRequestContextFilter - Filter 'requestContextFilter' configured successfully
7769 [localhost-startStop-1] DEBUG o.s.b.a.trace.WebRequestTraceFilter - Initializing filter 'webRequestTraceFilter'
7769 [localhost-startStop-1] DEBUG o.s.b.a.trace.WebRequestTraceFilter - Filter 'webRequestTraceFilter' configured successfully
7769 [localhost-startStop-1] DEBUG o.s.b.w.f.ApplicationContextHeaderFilter - Initializing filter 'applicationContextIdFilter'
7769 [localhost-startStop-1] DEBUG o.s.b.w.f.ApplicationContextHeaderFilter - Filter 'applicationContextIdFilter' configured successfully
7770 [localhost-startStop-1] DEBUG o.s.b.w.f.OrderedHttpPutFormContentFilter - Initializing filter 'httpPutFormContentFilter'
7770 [localhost-startStop-1] DEBUG o.s.b.w.f.OrderedHttpPutFormContentFilter - Filter 'httpPutFormContentFilter' configured successfully
7770 [localhost-startStop-1] DEBUG o.s.b.w.f.OrderedHiddenHttpMethodFilter - Initializing filter 'hiddenHttpMethodFilter'
7770 [localhost-startStop-1] DEBUG o.s.b.w.f.OrderedHiddenHttpMethodFilter - Filter 'hiddenHttpMethodFilter' configured successfully
7770 [localhost-startStop-1] DEBUG o.s.b.w.f.OrderedCharacterEncodingFilter - Initializing filter 'characterEncodingFilter'
7770 [localhost-startStop-1] DEBUG o.s.b.w.f.OrderedCharacterEncodingFilter - Filter 'characterEncodingFilter' configured successfully
7846 [localhost-startStop-1] INFO  c.s.j.s.i.a.WebApplicationImpl - Initiating Jersey application, version 'Jersey: 1.19.1 03/11/2016 02:08 PM'
7968 [localhost-startStop-1] INFO  c.n.d.p.DiscoveryJerseyProvider - Using JSON encoding codec LegacyJacksonJson
7968 [localhost-startStop-1] INFO  c.n.d.p.DiscoveryJerseyProvider - Using JSON decoding codec LegacyJacksonJson
8100 [localhost-startStop-1] INFO  c.n.d.p.DiscoveryJerseyProvider - Using XML encoding codec XStreamXml
8100 [localhost-startStop-1] INFO  c.n.d.p.DiscoveryJerseyProvider - Using XML decoding codec XStreamXml
8615 [localhost-startStop-1] DEBUG o.s.b.a.autoconfigure.MetricsFilter - Initializing filter 'metricsFilter'
8615 [localhost-startStop-1] DEBUG o.s.b.a.autoconfigure.MetricsFilter - Filter 'metricsFilter' configured successfully
8622 [main] DEBUG o.s.w.c.s.StandardServletEnvironment - Replacing [servletContextInitParams] PropertySource with [servletContextInitParams]
8625 [main] DEBUG o.s.b.f.s.DefaultListableBeanFactory - Pre-instantiating singletons in org.springframework.beans.factory.support.DefaultListableBeanFactory@7cbc3762: defining beans [org.springframework.context.annotation.internalConfigurationAnnotationProcessor,org.springframework.context.annotation.internalAutowiredAnnotationProcessor,org.springframework.context.annotation.internalRequiredAnnotationProcessor,org.springframework.context.annotation.internalCommonAnnotationProcessor,org.springframework.context.event.internalEventListenerProcessor,org.springframework.context.event.internalEventListenerFactory,application,org.springframework.boot.autoconfigure.internalCachingMetadataReaderFactory,org.springframework.cloud.netflix.eureka.server.EurekaServerConfiguration$EurekaServerConfigBeanConfiguration,org.springframework.boot.autoconfigure.condition.BeanTypeRegistry,eurekaServerConfig,org.springframework.cloud.netflix.eureka.server.EurekaServerInitializerConfiguration,org.springframework.cloud.netflix.eureka.server.EurekaServerConfiguration,eurekaServerFeature,eurekaController,serverCodecs,peerAwareInstanceRegistry,peerEurekaNodes,eurekaServerContext,eurekaServerBootstrap,jerseyFilterRegistration,jerseyApplication,traceFilterRegistration,eureka.dashboard-org.springframework.cloud.netflix.eureka.server.EurekaDashboardProperties,org.springframework.boot.context.properties.ConfigurationPropertiesBindingPostProcessor,org.springframework.boot.context.properties.ConfigurationPropertiesBindingPostProcessor.store,org.springframework.boot.autoconfigure.AutoConfigurationPackages,org.springframework.cloud.netflix.eureka.EurekaDiscoveryClientConfiguration$EurekaHealthIndicatorConfiguration,eurekaHealthIndicator,org.springframework.cloud.netflix.eureka.EurekaDiscoveryClientConfiguration$EurekaClientConfigurationRefresher,org.springframework.cloud.netflix.eureka.EurekaDiscoveryClientConfiguration,org.springframework.boot.autoconfigure.PropertyPlaceholderAutoConfiguration,propertySourcesPlaceholderConfigurer,org.springframework.boot.autoconfigure.jackson.JacksonAutoConfiguration$Jackson2ObjectMapperBuilderCustomizerConfiguration,standardJacksonObjectMapperBuilderCustomizer,spring.jackson-org.springframework.boot.autoconfigure.jackson.JacksonProperties,org.springframework.boot.autoconfigure.jackson.JacksonAutoConfiguration$JacksonObjectMapperBuilderConfiguration,jacksonObjectMapperBuilder,org.springframework.boot.autoconfigure.jackson.JacksonAutoConfiguration$JacksonObjectMapperConfiguration,jacksonObjectMapper,org.springframework.boot.autoconfigure.jackson.JacksonAutoConfiguration,jsonComponentModule,org.springframework.boot.autoconfigure.websocket.WebSocketAutoConfiguration$TomcatWebSocketConfiguration,websocketContainerCustomizer,org.springframework.boot.autoconfigure.websocket.WebSocketAutoConfiguration,org.springframework.boot.autoconfigure.web.EmbeddedServletContainerAutoConfiguration$EmbeddedTomcat,tomcatEmbeddedServletContainerFactory,org.springframework.boot.autoconfigure.web.EmbeddedServletContainerAutoConfiguration,embeddedServletContainerCustomizerBeanPostProcessor,errorPageRegistrarBeanPostProcessor,org.springframework.boot.autoconfigure.web.DispatcherServletAutoConfiguration$DispatcherServletConfiguration,dispatcherServlet,spring.mvc-org.springframework.boot.autoconfigure.web.WebMvcProperties,org.springframework.boot.autoconfigure.web.DispatcherServletAutoConfiguration$DispatcherServletRegistrationConfiguration,dispatcherServletRegistration,org.springframework.boot.autoconfigure.web.DispatcherServletAutoConfiguration,org.springframework.boot.autoconfigure.web.ErrorMvcAutoConfiguration$WhitelabelErrorViewConfiguration,error,beanNameViewResolver,org.springframework.boot.autoconfigure.web.ErrorMvcAutoConfiguration,errorAttributes,basicErrorController,errorPageCustomizer,conventionErrorViewResolver,preserveErrorControllerTargetClassPostProcessor,spring.resources-org.springframework.boot.autoconfigure.web.ResourceProperties,org.springframework.boot.autoconfigure.web.WebMvcAutoConfiguration$EnableWebMvcConfiguration,requestMappingHandlerAdapter,requestMappingHandlerMapping,mvcPathMatcher,mvcUrlPathHelper,mvcContentNegotiationManager,viewControllerHandlerMapping,beanNameHandlerMapping,resourceHandlerMapping,mvcResourceUrlProvider,defaultServletHandlerMapping,mvcConversionService,mvcValidator,mvcUriComponentsContributor,httpRequestHandlerAdapter,simpleControllerHandlerAdapter,handlerExceptionResolver,mvcViewResolver,org.springframework.boot.autoconfigure.web.WebMvcAutoConfiguration$WebMvcAutoConfigurationAdapter$FaviconConfiguration,faviconHandlerMapping,faviconRequestHandler,org.springframework.boot.autoconfigure.web.WebMvcAutoConfiguration$WebMvcAutoConfigurationAdapter,defaultViewResolver,viewResolver,welcomePageHandlerMapping,requestContextFilter,org.springframework.boot.autoconfigure.web.WebMvcAutoConfiguration,hiddenHttpMethodFilter,httpPutFormContentFilter,org.springframework.cloud.autoconfigure.RefreshAutoConfiguration,refreshScope,loggingRebinder,environmentManager,contextRefresher,org.springframework.cloud.netflix.eureka.EurekaClientAutoConfiguration$RefreshableEurekaClientConfiguration,scopedTarget.eurekaClient,eurekaClient,scopedTarget.eurekaApplicationInfoManager,eurekaApplicationInfoManager,org.springframework.cloud.netflix.eureka.EurekaClientAutoConfiguration,eurekaFeature,eurekaClientConfigBean,eurekaInstanceConfigBean,discoveryClient,discoveryClientOptionalArgs,org.springframework.cloud.client.CommonsClientAutoConfiguration$ActuatorConfiguration,featuresEndpoint,org.springframework.cloud.client.CommonsClientAutoConfiguration,discoveryClientHealthIndicator,discoveryCompositeHealthIndicator,commonsFeatures,org.springframework.cloud.commons.util.UtilAutoConfiguration,inetUtilsProperties,inetUtils,org.springframework.boot.actuate.autoconfigure.AuditAutoConfiguration$AuditEventRepositoryConfiguration,auditEventRepository,org.springframework.boot.actuate.autoconfigure.AuditAutoConfiguration,auditListener,org.springframework.boot.autoconfigure.info.ProjectInfoAutoConfiguration,spring.info-org.springframework.boot.autoconfigure.info.ProjectInfoProperties,org.springframework.boot.actuate.autoconfigure.InfoContributorAutoConfiguration,envInfoContributor,management.info-org.springframework.boot.actuate.autoconfigure.InfoContributorProperties,org.springframework.boot.actuate.autoconfigure.HealthIndicatorAutoConfiguration$DiskSpaceHealthIndicatorConfiguration,diskSpaceHealthIndicator,diskSpaceHealthIndicatorProperties,org.springframework.boot.actuate.autoconfigure.HealthIndicatorAutoConfiguration,healthAggregator,management.health.status-org.springframework.boot.actuate.autoconfigure.HealthIndicatorProperties,org.springframework.cloud.netflix.metrics.MetricsInterceptorConfiguration$MetricsWebResourceConfiguration,servoMonitoringWebResourceInterceptor,org.springframework.cloud.netflix.metrics.MetricsInterceptorConfiguration,org.springframework.cloud.netflix.metrics.servo.ServoMetricsAutoConfiguration,servoMetricsConfig,servoMetricNaming,monitorRegistry,monitorCache,servoMetricReader,servoPublicMetrics,servoMetricServices,defaultMetricsTagProvider,org.springframework.boot.actuate.autoconfigure.MetricRepositoryAutoConfiguration,org.springframework.boot.autoconfigure.jmx.JmxAutoConfiguration,mbeanExporter,objectNamingStrategy,mbeanServer,org.springframework.boot.actuate.autoconfigure.PublicMetricsAutoConfiguration$TomcatMetricsConfiguration,tomcatPublicMetrics,org.springframework.boot.actuate.autoconfigure.PublicMetricsAutoConfiguration,systemPublicMetrics,metricReaderPublicMetrics,org.springframework.boot.actuate.autoconfigure.EndpointAutoConfiguration$RequestMappingEndpointConfiguration,requestMappingEndpoint,org.springframework.boot.actuate.autoconfigure.EndpointAutoConfiguration,environmentEndpoint,healthEndpoint,beansEndpoint,infoEndpoint,metricsEndpoint,traceEndpoint,dumpEndpoint,autoConfigurationReportEndpoint,shutdownEndpoint,configurationPropertiesReportEndpoint,endpoints-org.springframework.boot.actuate.endpoint.EndpointProperties,org.springframework.boot.actuate.autoconfigure.EndpointMBeanExportAutoConfiguration,endpointMBeanExporter,endpoints.jmx-org.springframework.boot.actuate.autoconfigure.EndpointMBeanExportProperties,org.springframework.boot.autoconfigure.web.ServerPropertiesAutoConfiguration,serverProperties,duplicateServerPropertiesDetector,org.springframework.boot.actuate.autoconfigure.ManagementServerPropertiesAutoConfiguration,managementServerProperties,org.springframework.boot.autoconfigure.web.HttpMessageConvertersAutoConfiguration$StringHttpMessageConverterConfiguration,stringHttpMessageConverter,spring.http.encoding-org.springframework.boot.autoconfigure.web.HttpEncodingProperties,org.springframework.boot.autoconfigure.web.JacksonHttpMessageConvertersConfiguration$MappingJackson2XmlHttpMessageConverterConfiguration,mappingJackson2XmlHttpMessageConverter,org.springframework.boot.autoconfigure.web.JacksonHttpMessageConvertersConfiguration$MappingJackson2HttpMessageConverterConfiguration,mappingJackson2HttpMessageConverter,org.springframework.boot.autoconfigure.web.JacksonHttpMessageConvertersConfiguration,org.springframework.boot.autoconfigure.web.HttpMessageConvertersAutoConfiguration,messageConverters,org.springframework.boot.actuate.autoconfigure.EndpointWebMvcManagementContextConfiguration,endpointHandlerMapping,mvcEndpoints,environmentMvcEndpoint,heapdumpMvcEndpoint,healthMvcEndpoint,metricsMvcEndpoint,endpoints.health-org.springframework.boot.actuate.autoconfigure.HealthMvcEndpointProperties,endpoints.cors-org.springframework.boot.actuate.autoconfigure.EndpointCorsProperties,org.springframework.boot.actuate.autoconfigure.EndpointWebMvcAutoConfiguration$EndpointWebMvcConfiguration,org.springframework.boot.actuate.autoconfigure.EndpointWebMvcAutoConfiguration$ApplicationContextFilterConfiguration,applicationContextIdFilter,org.springframework.boot.actuate.autoconfigure.EndpointWebMvcAutoConfiguration,managementContextResolver,managementServletContext,org.springframework.boot.actuate.autoconfigure.MetricExportAutoConfiguration$MetricExportPropertiesConfiguration,spring.metrics.export-org.springframework.boot.actuate.metrics.export.MetricExportProperties,org.springframework.boot.actuate.autoconfigure.MetricExportAutoConfiguration$StatsdConfiguration,org.springframework.scheduling.annotation.SchedulingConfiguration,org.springframework.context.annotation.internalScheduledAnnotationProcessor,org.springframework.boot.actuate.autoconfigure.MetricExportAutoConfiguration,metricWritersMetricExporter,org.springframework.boot.actuate.autoconfigure.MetricFilterAutoConfiguration,metricsFilter,endpoints.metrics.filter-org.springframework.boot.actuate.autoconfigure.MetricFilterProperties,org.springframework.boot.actuate.autoconfigure.TraceRepositoryAutoConfiguration,traceRepository,org.springframework.boot.actuate.autoconfigure.TraceWebFilterAutoConfiguration,webRequestLoggingFilter,management.trace-org.springframework.boot.actuate.trace.TraceProperties,org.springframework.boot.autoconfigure.context.ConfigurationPropertiesAutoConfiguration,org.springframework.boot.autoconfigure.freemarker.FreeMarkerAutoConfiguration$FreeMarkerWebConfiguration,freeMarkerConfigurer,freeMarkerConfiguration,freeMarkerViewResolver,org.springframework.boot.autoconfigure.freemarker.FreeMarkerAutoConfiguration,spring.freemarker-org.springframework.boot.autoconfigure.freemarker.FreeMarkerProperties,org.springframework.boot.autoconfigure.web.HttpEncodingAutoConfiguration,characterEncodingFilter,localeCharsetMappingsCustomizer,org.springframework.boot.autoconfigure.web.MultipartAutoConfiguration,multipartConfigElement,multipartResolver,spring.http.multipart-org.springframework.boot.autoconfigure.web.MultipartProperties,org.springframework.boot.autoconfigure.web.WebClientAutoConfiguration$RestTemplateConfiguration,restTemplateBuilder,org.springframework.boot.autoconfigure.web.WebClientAutoConfiguration,org.springframework.cloud.autoconfigure.ConfigurationPropertiesRebinderAutoConfiguration,configurationPropertiesBeans,configurationPropertiesRebinder,org.springframework.cloud.autoconfigure.RefreshEndpointAutoConfiguration$RefreshEndpointConfiguration,refreshEndpoint,refreshEventListener,org.springframework.cloud.autoconfigure.RefreshEndpointAutoConfiguration$RestartEndpointWithoutIntegration,restartEndpoint,org.springframework.cloud.autoconfigure.RefreshEndpointAutoConfiguration,refreshScopeHealthIndicator,pauseEndpoint,resumeEndpoint,org.springframework.cloud.autoconfigure.LifecycleMvcEndpointAutoConfiguration,environmentManagerEndpoint,refreshMvcEndpoint,restartMvcEndpoint,pauseMvcEndpoint,resumeMvcEndpoint,org.springframework.cloud.netflix.ribbon.RibbonAutoConfiguration,ribbonFeature,springClientFactory,loadBalancerClient,default.org.springframework.cloud.netflix.ribbon.RibbonAutoConfiguration.RibbonClientSpecification,org.springframework.cloud.client.loadbalancer.LoadBalancerAutoConfiguration,loadBalancedRestTemplateInitializer,restTemplateCustomizer,ribbonInterceptor,org.springframework.cloud.netflix.archaius.ArchaiusAutoConfiguration$PropagateEventsConfiguration,org.springframework.cloud.netflix.archaius.ArchaiusAutoConfiguration$ArchaiusEndpointConfiguration,archaiusEndpoint,org.springframework.cloud.netflix.archaius.ArchaiusAutoConfiguration,configurableEnvironmentConfiguration,org.springframework.cloud.netflix.hystrix.HystrixAutoConfiguration,hystrixHealthIndicator,org.springframework.cloud.netflix.ribbon.eureka.RibbonEurekaAutoConfiguration,default.org.springframework.cloud.netflix.ribbon.eureka.RibbonEurekaAutoConfiguration.RibbonClientSpecification,org.springframework.cloud.netflix.rx.RxJavaAutoConfiguration$RxJavaReturnValueHandlerConfig,singleReturnValueHandler,observableMVCConfiguration,rxFeature,org.springframework.cloud.netflix.rx.RxJavaAutoConfiguration]; parent: org.springframework.beans.factory.support.DefaultListableBeanFactory@58cbafc2
8625 [main] DEBUG o.s.b.f.s.DefaultListableBeanFactory - Returning cached instance of singleton bean 'org.springframework.context.annotation.internalConfigurationAnnotationProcessor'
8625 [main] DEBUG o.s.b.f.s.DefaultListableBeanFactory - Returning cached instance of singleton bean 'org.springframework.context.annotation.internalAutowiredAnnotationProcessor'
8625 [main] DEBUG o.s.b.f.s.DefaultListableBeanFactory - Returning cached instance of singleton bean 'org.springframework.context.annotation.internalRequiredAnnotationProcessor'
8625 [main] DEBUG o.s.b.f.s.DefaultListableBeanFactory - Returning cached instance of singleton bean 'org.springframework.context.annotation.internalCommonAnnotationProcessor'
8625 [main] DEBUG o.s.b.f.s.DefaultListableBeanFactory - Creating shared instance of singleton bean 'org.springframework.context.event.internalEventListenerProcessor'
8625 [main] DEBUG o.s.b.f.s.DefaultListableBeanFactory - Creating instance of bean 'org.springframework.context.event.internalEventListenerProcessor'
8626 [main] DEBUG o.s.b.f.s.DefaultListableBeanFactory - Eagerly caching bean 'org.springframework.context.event.internalEventListenerProcessor' to allow for resolving potential circular references
8628 [main] DEBUG o.s.b.f.s.DefaultListableBeanFactory - Finished creating instance of bean 'org.springframework.context.event.internalEventListenerProcessor'
8629 [main] DEBUG o.s.b.f.s.DefaultListableBeanFactory - Creating shared instance of singleton bean 'org.springframework.context.event.internalEventListenerFactory'
8629 [main] DEBUG o.s.b.f.s.DefaultListableBeanFactory - Creating instance of bean 'org.springframework.context.event.internalEventListenerFactory'
8629 [main] DEBUG o.s.b.f.s.DefaultListableBeanFactory - Eagerly caching bean 'org.springframework.context.event.internalEventListenerFactory' to allow for resolving potential circular references
8631 [main] DEBUG o.s.b.f.s.DefaultListableBeanFactory - Finished creating instance of bean 'org.springframework.context.event.internalEventListenerFactory'
8631 [main] DEBUG o.s.b.f.s.DefaultListableBeanFactory - Creating shared instance of singleton bean 'application'
8631 [main] DEBUG o.s.b.f.s.DefaultListableBeanFactory - Creating instance of bean 'application'
8632 [main] DEBUG o.s.b.f.s.DefaultListableBeanFactory - Eagerly caching bean 'application' to allow for resolving potential circular references
8634 [main] DEBUG o.s.b.f.s.DefaultListableBeanFactory - Finished creating instance of bean 'application'
8634 [main] DEBUG o.s.b.f.s.DefaultListableBeanFactory - Returning cached instance of singleton bean 'org.springframework.boot.autoconfigure.internalCachingMetadataReaderFactory'
8634 [main] DEBUG o.s.b.f.s.DefaultListableBeanFactory - Returning cached instance of singleton bean 'org.springframework.cloud.netflix.eureka.server.EurekaServerConfiguration$EurekaServerConfigBeanConfiguration'
8634 [main] DEBUG o.s.b.f.s.DefaultListableBeanFactory - Returning cached instance of singleton bean 'org.springframework.boot.autoconfigure.condition.BeanTypeRegistry'
8635 [main] DEBUG o.s.b.f.s.DefaultListableBeanFactory - Returning cached instance of singleton bean 'eurekaServerConfig'
8635 [main] DEBUG o.s.b.f.s.DefaultListableBeanFactory - Creating shared instance of singleton bean 'org.springframework.cloud.netflix.eureka.server.EurekaServerInitializerConfiguration'
8635 [main] DEBUG o.s.b.f.s.DefaultListableBeanFactory - Creating instance of bean 'org.springframework.cloud.netflix.eureka.server.EurekaServerInitializerConfiguration'
8635 [main] DEBUG o.s.b.f.a.InjectionMetadata - Registered injected element on class [org.springframework.cloud.netflix.eureka.server.EurekaServerInitializerConfiguration$$EnhancerBySpringCGLIB$$a1eabb11]: AutowiredFieldElement for private com.netflix.eureka.EurekaServerConfig org.springframework.cloud.netflix.eureka.server.EurekaServerInitializerConfiguration.eurekaServerConfig
8636 [main] DEBUG o.s.b.f.a.InjectionMetadata - Registered injected element on class [org.springframework.cloud.netflix.eureka.server.EurekaServerInitializerConfiguration$$EnhancerBySpringCGLIB$$a1eabb11]: AutowiredFieldElement for private org.springframework.context.ApplicationContext org.springframework.cloud.netflix.eureka.server.EurekaServerInitializerConfiguration.applicationContext
8636 [main] DEBUG o.s.b.f.a.InjectionMetadata - Registered injected element on class [org.springframework.cloud.netflix.eureka.server.EurekaServerInitializerConfiguration$$EnhancerBySpringCGLIB$$a1eabb11]: AutowiredFieldElement for private org.springframework.cloud.netflix.eureka.server.EurekaServerBootstrap org.springframework.cloud.netflix.eureka.server.EurekaServerInitializerConfiguration.eurekaServerBootstrap
8636 [main] DEBUG o.s.b.f.s.DefaultListableBeanFactory - Eagerly caching bean 'org.springframework.cloud.netflix.eureka.server.EurekaServerInitializerConfiguration' to allow for resolving potential circular references
8639 [main] DEBUG o.s.b.f.a.InjectionMetadata - Processing injected element of bean 'org.springframework.cloud.netflix.eureka.server.EurekaServerInitializerConfiguration': AutowiredFieldElement for private com.netflix.eureka.EurekaServerConfig org.springframework.cloud.netflix.eureka.server.EurekaServerInitializerConfiguration.eurekaServerConfig
8640 [main] DEBUG o.s.b.f.s.DefaultListableBeanFactory - Returning cached instance of singleton bean 'eurekaServerConfig'
8641 [main] DEBUG o.s.b.f.a.AutowiredAnnotationBeanPostProcessor - Autowiring by type from bean name 'org.springframework.cloud.netflix.eureka.server.EurekaServerInitializerConfiguration' to bean named 'eurekaServerConfig'
8641 [main] DEBUG o.s.b.f.a.InjectionMetadata - Processing injected element of bean 'org.springframework.cloud.netflix.eureka.server.EurekaServerInitializerConfiguration': AutowiredFieldElement for private org.springframework.context.ApplicationContext org.springframework.cloud.netflix.eureka.server.EurekaServerInitializerConfiguration.applicationContext
8641 [main] DEBUG o.s.b.f.a.AutowiredAnnotationBeanPostProcessor - Autowiring by type from bean name 'org.springframework.cloud.netflix.eureka.server.EurekaServerInitializerConfiguration' to bean named 'org.springframework.boot.context.embedded.AnnotationConfigEmbeddedWebApplicationContext@189aa67a'
8642 [main] DEBUG o.s.b.f.a.InjectionMetadata - Processing injected element of bean 'org.springframework.cloud.netflix.eureka.server.EurekaServerInitializerConfiguration': AutowiredFieldElement for private org.springframework.cloud.netflix.eureka.server.EurekaServerBootstrap org.springframework.cloud.netflix.eureka.server.EurekaServerInitializerConfiguration.eurekaServerBootstrap
8643 [main] DEBUG o.s.b.f.s.DefaultListableBeanFactory - Creating shared instance of singleton bean 'eurekaServerBootstrap'
8643 [main] DEBUG o.s.b.f.s.DefaultListableBeanFactory - Creating instance of bean 'eurekaServerBootstrap'
8643 [main] DEBUG o.s.b.f.s.DefaultListableBeanFactory - Returning cached instance of singleton bean 'org.springframework.cloud.netflix.eureka.server.EurekaServerConfiguration'
8644 [main] DEBUG o.s.b.f.s.DefaultListableBeanFactory - Creating shared instance of singleton bean 'peerAwareInstanceRegistry'
8644 [main] DEBUG o.s.b.f.s.DefaultListableBeanFactory - Creating instance of bean 'peerAwareInstanceRegistry'
8644 [main] DEBUG o.s.b.f.s.DefaultListableBeanFactory - Returning cached instance of singleton bean 'org.springframework.cloud.netflix.eureka.server.EurekaServerConfiguration'
8646 [main] DEBUG o.s.b.f.s.DefaultListableBeanFactory - Creating shared instance of singleton bean 'serverCodecs'
8646 [main] DEBUG o.s.b.f.s.DefaultListableBeanFactory - Creating instance of bean 'serverCodecs'
8646 [main] DEBUG o.s.b.f.s.DefaultListableBeanFactory - Returning cached instance of singleton bean 'org.springframework.cloud.netflix.eureka.server.EurekaServerConfiguration'
8665 [main] DEBUG o.s.b.f.s.DefaultListableBeanFactory - Eagerly caching bean 'serverCodecs' to allow for resolving potential circular references
8668 [main] DEBUG o.s.b.f.s.DefaultListableBeanFactory - Finished creating instance of bean 'serverCodecs'
8668 [main] DEBUG o.s.b.f.s.DefaultListableBeanFactory - Autowiring by type from bean name 'peerAwareInstanceRegistry' via factory method to bean named 'serverCodecs'
8670 [main] DEBUG o.s.b.f.s.DefaultListableBeanFactory - Creating instance of bean 'scopedTarget.eurekaClient'
8670 [main] DEBUG o.s.b.f.s.DefaultListableBeanFactory - Creating shared instance of singleton bean 'org.springframework.cloud.netflix.eureka.EurekaClientAutoConfiguration$RefreshableEurekaClientConfiguration'
8670 [main] DEBUG o.s.b.f.s.DefaultListableBeanFactory - Creating instance of bean 'org.springframework.cloud.netflix.eureka.EurekaClientAutoConfiguration$RefreshableEurekaClientConfiguration'
8671 [main] DEBUG o.s.b.f.a.InjectionMetadata - Registered injected element on class [org.springframework.cloud.netflix.eureka.EurekaClientAutoConfiguration$RefreshableEurekaClientConfiguration$$EnhancerBySpringCGLIB$$37b89666]: AutowiredFieldElement for private org.springframework.context.ApplicationContext org.springframework.cloud.netflix.eureka.EurekaClientAutoConfiguration$RefreshableEurekaClientConfiguration.context
8671 [main] DEBUG o.s.b.f.a.InjectionMetadata - Registered injected element on class [org.springframework.cloud.netflix.eureka.EurekaClientAutoConfiguration$RefreshableEurekaClientConfiguration$$EnhancerBySpringCGLIB$$37b89666]: AutowiredFieldElement for private com.netflix.discovery.DiscoveryClient$DiscoveryClientOptionalArgs org.springframework.cloud.netflix.eureka.EurekaClientAutoConfiguration$RefreshableEurekaClientConfiguration.optionalArgs
8671 [main] DEBUG o.s.b.f.s.DefaultListableBeanFactory - Eagerly caching bean 'org.springframework.cloud.netflix.eureka.EurekaClientAutoConfiguration$RefreshableEurekaClientConfiguration' to allow for resolving potential circular references
8674 [main] DEBUG o.s.b.f.a.InjectionMetadata - Processing injected element of bean 'org.springframework.cloud.netflix.eureka.EurekaClientAutoConfiguration$RefreshableEurekaClientConfiguration': AutowiredFieldElement for private org.springframework.context.ApplicationContext org.springframework.cloud.netflix.eureka.EurekaClientAutoConfiguration$RefreshableEurekaClientConfiguration.context
8674 [main] DEBUG o.s.b.f.a.AutowiredAnnotationBeanPostProcessor - Autowiring by type from bean name 'org.springframework.cloud.netflix.eureka.EurekaClientAutoConfiguration$RefreshableEurekaClientConfiguration' to bean named 'org.springframework.boot.context.embedded.AnnotationConfigEmbeddedWebApplicationContext@189aa67a'
8675 [main] DEBUG o.s.b.f.a.InjectionMetadata - Processing injected element of bean 'org.springframework.cloud.netflix.eureka.EurekaClientAutoConfiguration$RefreshableEurekaClientConfiguration': AutowiredFieldElement for private com.netflix.discovery.DiscoveryClient$DiscoveryClientOptionalArgs org.springframework.cloud.netflix.eureka.EurekaClientAutoConfiguration$RefreshableEurekaClientConfiguration.optionalArgs
8676 [main] DEBUG o.s.b.f.s.DefaultListableBeanFactory - Creating shared instance of singleton bean 'discoveryClientOptionalArgs'
8676 [main] DEBUG o.s.b.f.s.DefaultListableBeanFactory - Creating instance of bean 'discoveryClientOptionalArgs'
8676 [main] DEBUG o.s.b.f.s.DefaultListableBeanFactory - Returning cached instance of singleton bean 'org.springframework.cloud.netflix.eureka.EurekaClientAutoConfiguration'
8678 [main] DEBUG o.s.b.f.s.DefaultListableBeanFactory - Eagerly caching bean 'discoveryClientOptionalArgs' to allow for resolving potential circular references
8683 [main] DEBUG o.s.b.f.s.DefaultListableBeanFactory - Finished creating instance of bean 'discoveryClientOptionalArgs'
8683 [main] DEBUG o.s.b.f.a.AutowiredAnnotationBeanPostProcessor - Autowiring by type from bean name 'org.springframework.cloud.netflix.eureka.EurekaClientAutoConfiguration$RefreshableEurekaClientConfiguration' to bean named 'discoveryClientOptionalArgs'
8684 [main] DEBUG o.s.b.f.s.DefaultListableBeanFactory - Finished creating instance of bean 'org.springframework.cloud.netflix.eureka.EurekaClientAutoConfiguration$RefreshableEurekaClientConfiguration'
8686 [main] DEBUG o.s.b.f.s.DefaultListableBeanFactory - Returning cached instance of singleton bean 'eurekaApplicationInfoManager'
8687 [main] DEBUG o.s.b.f.s.DefaultListableBeanFactory - Returning cached instance of singleton bean 'eurekaClientConfigBean'
8688 [main] DEBUG o.s.b.f.s.DefaultListableBeanFactory - Creating shared instance of singleton bean 'eurekaInstanceConfigBean'
8688 [main] DEBUG o.s.b.f.s.DefaultListableBeanFactory - Creating instance of bean 'eurekaInstanceConfigBean'
8688 [main] DEBUG o.s.b.f.s.DefaultListableBeanFactory - Returning cached instance of singleton bean 'org.springframework.cloud.netflix.eureka.EurekaClientAutoConfiguration'
8690 [main] DEBUG o.s.b.f.s.DefaultListableBeanFactory - Creating shared instance of singleton bean 'inetUtils'
8690 [main] DEBUG o.s.b.f.s.DefaultListableBeanFactory - Creating instance of bean 'inetUtils'
8690 [main] DEBUG o.s.b.f.s.DefaultListableBeanFactory - Creating shared instance of singleton bean 'org.springframework.cloud.commons.util.UtilAutoConfiguration'
8690 [main] DEBUG o.s.b.f.s.DefaultListableBeanFactory - Creating instance of bean 'org.springframework.cloud.commons.util.UtilAutoConfiguration'
8690 [main] DEBUG o.s.b.f.s.DefaultListableBeanFactory - Eagerly caching bean 'org.springframework.cloud.commons.util.UtilAutoConfiguration' to allow for resolving potential circular references
8694 [main] DEBUG o.s.b.f.s.DefaultListableBeanFactory - Finished creating instance of bean 'org.springframework.cloud.commons.util.UtilAutoConfiguration'
8695 [main] DEBUG o.s.b.f.s.DefaultListableBeanFactory - Creating shared instance of singleton bean 'inetUtilsProperties'
8695 [main] DEBUG o.s.b.f.s.DefaultListableBeanFactory - Creating instance of bean 'inetUtilsProperties'
8696 [main] DEBUG o.s.b.f.s.DefaultListableBeanFactory - Returning cached instance of singleton bean 'org.springframework.cloud.commons.util.UtilAutoConfiguration'
8699 [main] DEBUG o.s.b.f.a.InjectionMetadata - Registered injected element on class [org.springframework.cloud.commons.util.InetUtilsProperties]: AutowiredFieldElement for private int org.springframework.cloud.commons.util.InetUtilsProperties.timeoutSeconds
8699 [main] DEBUG o.s.b.f.s.DefaultListableBeanFactory - Eagerly caching bean 'inetUtilsProperties' to allow for resolving potential circular references
8701 [main] DEBUG o.s.b.f.a.InjectionMetadata - Processing injected element of bean 'inetUtilsProperties': AutowiredFieldElement for private int org.springframework.cloud.commons.util.InetUtilsProperties.timeoutSeconds
8701 [main] DEBUG o.s.c.e.PropertySourcesPropertyResolver - Could not find key 'SPRING_UTIL_TIMEOUT_SEC:1' in any property source
8701 [main] DEBUG o.s.c.e.PropertySourcesPropertyResolver - Could not find key 'SPRING_UTIL_TIMEOUT_SEC:1' in any property source
8701 [main] DEBUG o.s.c.e.PropertySourcesPropertyResolver - Could not find key 'SPRING_UTIL_TIMEOUT_SEC' in any property source
8701 [main] DEBUG o.s.c.e.PropertySourcesPropertyResolver - Could not find key 'SPRING_UTIL_TIMEOUT_SEC' in any property source
8701 [main] DEBUG o.s.c.e.PropertySourcesPropertyResolver - Could not find key 'spring.util.timeout.sec:1' in any property source
8701 [main] DEBUG o.s.c.e.PropertySourcesPropertyResolver - Could not find key 'spring.util.timeout.sec:1' in any property source
8701 [main] DEBUG o.s.c.e.PropertySourcesPropertyResolver - Could not find key 'spring.util.timeout.sec' in any property source
8701 [main] DEBUG o.s.c.e.PropertySourcesPropertyResolver - Could not find key 'spring.util.timeout.sec' in any property source
8702 [main] DEBUG o.s.core.env.MutablePropertySources - Adding [servletConfigInitParams] PropertySource with lowest search precedence
8702 [main] DEBUG o.s.core.env.MutablePropertySources - Adding [servletContextInitParams] PropertySource with lowest search precedence
8702 [main] DEBUG o.s.core.env.MutablePropertySources - Adding [systemProperties] PropertySource with lowest search precedence
8702 [main] DEBUG o.s.core.env.MutablePropertySources - Adding [systemEnvironment] PropertySource with lowest search precedence
8702 [main] DEBUG o.s.core.env.MutablePropertySources - Adding [random] PropertySource with lowest search precedence
8702 [main] DEBUG o.s.core.env.MutablePropertySources - Adding [applicationConfig: [classpath:/application.properties]] PropertySource with lowest search precedence
8702 [main] DEBUG o.s.core.env.MutablePropertySources - Adding [springCloudClientHostInfo] PropertySource with lowest search precedence
8702 [main] DEBUG o.s.core.env.MutablePropertySources - Adding [class path resource [eureka/server.properties]] PropertySource with lowest search precedence
8702 [main] DEBUG o.s.core.env.MutablePropertySources - Adding [defaultProperties] PropertySource with lowest search precedence
8702 [main] DEBUG o.s.core.env.MutablePropertySources - Adding [localProperties] PropertySource with lowest search precedence
8705 [main] DEBUG o.s.b.f.s.DefaultListableBeanFactory - Finished creating instance of bean 'inetUtilsProperties'
8705 [main] DEBUG o.s.b.f.s.DefaultListableBeanFactory - Autowiring by type from bean name 'inetUtils' via factory method to bean named 'inetUtilsProperties'
8705 [main] DEBUG o.s.b.f.s.DefaultListableBeanFactory - Eagerly caching bean 'inetUtils' to allow for resolving potential circular references
8707 [main] DEBUG o.s.b.f.s.DefaultListableBeanFactory - Finished creating instance of bean 'inetUtils'
8707 [main] DEBUG o.s.b.f.s.DefaultListableBeanFactory - Autowiring by type from bean name 'eurekaInstanceConfigBean' via factory method to bean named 'inetUtils'
9653 [main] DEBUG o.s.c.e.PropertySourcesPropertyResolver - Found key 'spring.cloud.client.hostname' in [springCloudClientHostInfo] with type [String]
9654 [main] DEBUG o.s.c.e.PropertySourcesPropertyResolver - Found key 'server.port' in [applicationConfig: [classpath:/application.properties]] with type [String]
9654 [main] DEBUG o.s.b.f.a.InjectionMetadata - Registered injected element on class [org.springframework.cloud.netflix.eureka.EurekaInstanceConfigBean]: AutowiredFieldElement for private java.lang.String org.springframework.cloud.netflix.eureka.EurekaInstanceConfigBean.appname
9654 [main] DEBUG o.s.b.f.a.InjectionMetadata - Registered injected element on class [org.springframework.cloud.netflix.eureka.EurekaInstanceConfigBean]: AutowiredFieldElement for private java.lang.String org.springframework.cloud.netflix.eureka.EurekaInstanceConfigBean.virtualHostName
9654 [main] DEBUG o.s.b.f.a.InjectionMetadata - Registered injected element on class [org.springframework.cloud.netflix.eureka.EurekaInstanceConfigBean]: AutowiredFieldElement for private java.lang.String org.springframework.cloud.netflix.eureka.EurekaInstanceConfigBean.secureVirtualHostName
9654 [main] DEBUG o.s.b.f.s.DefaultListableBeanFactory - Eagerly caching bean 'eurekaInstanceConfigBean' to allow for resolving potential circular references
9657 [main] DEBUG o.s.b.f.a.InjectionMetadata - Processing injected element of bean 'eurekaInstanceConfigBean': AutowiredFieldElement for private java.lang.String org.springframework.cloud.netflix.eureka.EurekaInstanceConfigBean.appname
9658 [main] DEBUG o.s.c.e.PropertySourcesPropertyResolver - Could not find key 'spring.application.name:unknown' in any property source
9658 [main] DEBUG o.s.c.e.PropertySourcesPropertyResolver - Could not find key 'spring.application.name:unknown' in any property source
9658 [main] DEBUG o.s.c.e.PropertySourcesPropertyResolver - Could not find key 'spring.application.name' in any property source
9658 [main] DEBUG o.s.c.e.PropertySourcesPropertyResolver - Could not find key 'spring.application.name' in any property source
9658 [main] DEBUG o.s.b.f.a.InjectionMetadata - Processing injected element of bean 'eurekaInstanceConfigBean': AutowiredFieldElement for private java.lang.String org.springframework.cloud.netflix.eureka.EurekaInstanceConfigBean.virtualHostName
9658 [main] DEBUG o.s.c.e.PropertySourcesPropertyResolver - Could not find key 'spring.application.name:unknown' in any property source
9658 [main] DEBUG o.s.c.e.PropertySourcesPropertyResolver - Could not find key 'spring.application.name:unknown' in any property source
9658 [main] DEBUG o.s.c.e.PropertySourcesPropertyResolver - Could not find key 'spring.application.name' in any property source
9658 [main] DEBUG o.s.c.e.PropertySourcesPropertyResolver - Could not find key 'spring.application.name' in any property source
9658 [main] DEBUG o.s.b.f.a.InjectionMetadata - Processing injected element of bean 'eurekaInstanceConfigBean': AutowiredFieldElement for private java.lang.String org.springframework.cloud.netflix.eureka.EurekaInstanceConfigBean.secureVirtualHostName
9658 [main] DEBUG o.s.c.e.PropertySourcesPropertyResolver - Could not find key 'spring.application.name:unknown' in any property source
9658 [main] DEBUG o.s.c.e.PropertySourcesPropertyResolver - Could not find key 'spring.application.name:unknown' in any property source
9658 [main] DEBUG o.s.c.e.PropertySourcesPropertyResolver - Could not find key 'spring.application.name' in any property source
9658 [main] DEBUG o.s.c.e.PropertySourcesPropertyResolver - Could not find key 'spring.application.name' in any property source
9662 [main] DEBUG o.s.core.env.MutablePropertySources - Adding [servletConfigInitParams] PropertySource with lowest search precedence
9662 [main] DEBUG o.s.core.env.MutablePropertySources - Adding [servletContextInitParams] PropertySource with lowest search precedence
9662 [main] DEBUG o.s.core.env.MutablePropertySources - Adding [systemProperties] PropertySource with lowest search precedence
9662 [main] DEBUG o.s.core.env.MutablePropertySources - Adding [systemEnvironment] PropertySource with lowest search precedence
9662 [main] DEBUG o.s.core.env.MutablePropertySources - Adding [random] PropertySource with lowest search precedence
9662 [main] DEBUG o.s.core.env.MutablePropertySources - Adding [applicationConfig: [classpath:/application.properties]] PropertySource with lowest search precedence
9662 [main] DEBUG o.s.core.env.MutablePropertySources - Adding [springCloudClientHostInfo] PropertySource with lowest search precedence
9662 [main] DEBUG o.s.core.env.MutablePropertySources - Adding [class path resource [eureka/server.properties]] PropertySource with lowest search precedence
9662 [main] DEBUG o.s.core.env.MutablePropertySources - Adding [defaultProperties] PropertySource with lowest search precedence
9662 [main] DEBUG o.s.core.env.MutablePropertySources - Adding [localProperties] PropertySource with lowest search precedence
9688 [main] DEBUG o.s.b.f.s.DefaultListableBeanFactory - Finished creating instance of bean 'eurekaInstanceConfigBean'
9688 [main] DEBUG o.s.b.f.s.DefaultListableBeanFactory - Autowiring by type from bean name 'scopedTarget.eurekaClient' via factory method to bean named 'eurekaApplicationInfoManager'
9688 [main] DEBUG o.s.b.f.s.DefaultListableBeanFactory - Autowiring by type from bean name 'scopedTarget.eurekaClient' via factory method to bean named 'eurekaClientConfigBean'
9688 [main] DEBUG o.s.b.f.s.DefaultListableBeanFactory - Autowiring by type from bean name 'scopedTarget.eurekaClient' via factory method to bean named 'eurekaInstanceConfigBean'
9693 [main] DEBUG o.s.b.f.s.DefaultListableBeanFactory - Creating instance of bean 'scopedTarget.eurekaApplicationInfoManager'
9693 [main] DEBUG o.s.b.f.s.DefaultListableBeanFactory - Returning cached instance of singleton bean 'org.springframework.cloud.netflix.eureka.EurekaClientAutoConfiguration$RefreshableEurekaClientConfiguration'
9694 [main] DEBUG o.s.b.f.s.DefaultListableBeanFactory - Returning cached instance of singleton bean 'eurekaInstanceConfigBean'
9694 [main] DEBUG o.s.b.f.s.DefaultListableBeanFactory - Autowiring by type from bean name 'scopedTarget.eurekaApplicationInfoManager' via factory method to bean named 'eurekaInstanceConfigBean'
9697 [main] INFO  o.s.c.n.eureka.InstanceInfoFactory - Setting initial instance status as: STARTING
9698 [main] DEBUG o.s.b.f.s.DefaultListableBeanFactory - Finished creating instance of bean 'scopedTarget.eurekaApplicationInfoManager'
9757 [main] INFO  c.netflix.discovery.DiscoveryClient - Client configured to neither register nor query for data.
9773 [main] DEBUG o.s.c.a.CommonAnnotationBeanPostProcessor - Found destroy method on class [org.springframework.cloud.netflix.eureka.CloudEurekaClient]: public void com.netflix.discovery.DiscoveryClient.shutdown()
9775 [main] DEBUG o.s.c.a.CommonAnnotationBeanPostProcessor - Registered destroy method on class [org.springframework.cloud.netflix.eureka.CloudEurekaClient]: org.springframework.beans.factory.annotation.InitDestroyAnnotationBeanPostProcessor$LifecycleElement@f5e80656
9781 [main] DEBUG o.s.b.f.s.DefaultListableBeanFactory - Finished creating instance of bean 'scopedTarget.eurekaClient'
9784 [main] DEBUG o.s.aop.framework.CglibAopProxy - Creating CGLIB proxy: target source is SingletonTargetSource for target object [org.springframework.cloud.netflix.eureka.CloudEurekaClient@c2e3264]
9787 [main] DEBUG o.s.aop.framework.CglibAopProxy - Unable to apply any optimisations to advised method: protected void org.springframework.cloud.netflix.eureka.CloudEurekaClient.onCacheRefreshed()
9787 [main] DEBUG o.s.aop.framework.CglibAopProxy - Unable to apply any optimisations to advised method: public void com.netflix.discovery.DiscoveryClient.shutdown()
9787 [main] DEBUG o.s.aop.framework.CglibAopProxy - Unable to apply any optimisations to advised method: public long com.netflix.discovery.DiscoveryClient.getLastSuccessfulRegistryFetchTimePeriod()
9787 [main] DEBUG o.s.aop.framework.CglibAopProxy - Unable to apply any optimisations to advised method: public com.netflix.appinfo.InstanceInfo com.netflix.discovery.DiscoveryClient.getNextServerFromEureka(java.lang.String,boolean)
9787 [main] DEBUG o.s.aop.framework.CglibAopProxy - Unable to apply any optimisations to advised method: public java.util.List com.netflix.discovery.DiscoveryClient.getDiscoveryServiceUrls(java.lang.String)
9787 [main] DEBUG o.s.aop.framework.CglibAopProxy - Unable to apply any optimisations to advised method: public com.netflix.discovery.shared.Application com.netflix.discovery.DiscoveryClient.getApplication(java.lang.String)
9787 [main] DEBUG o.s.aop.framework.CglibAopProxy - Unable to apply any optimisations to advised method: public java.util.List com.netflix.discovery.DiscoveryClient.getInstancesById(java.lang.String)
9787 [main] DEBUG o.s.aop.framework.CglibAopProxy - Unable to apply any optimisations to advised method: public com.netflix.discovery.shared.Applications com.netflix.discovery.DiscoveryClient.getApplications()
9788 [main] DEBUG o.s.aop.framework.CglibAopProxy - Unable to apply any optimisations to advised method: public com.netflix.discovery.shared.Applications com.netflix.discovery.DiscoveryClient.getApplications(java.lang.String)
9788 [main] DEBUG o.s.aop.framework.CglibAopProxy - Unable to apply any optimisations to advised method: public com.netflix.discovery.EurekaClientConfig com.netflix.discovery.DiscoveryClient.getEurekaClientConfig()
9788 [main] DEBUG o.s.aop.framework.CglibAopProxy - Unable to apply any optimisations to advised method: public java.util.List com.netflix.discovery.DiscoveryClient.getInstancesByVipAddressAndAppName(java.lang.String,java.lang.String,boolean)
9788 [main] DEBUG o.s.aop.framework.CglibAopProxy - Unable to apply any optimisations to advised method: public long com.netflix.discovery.DiscoveryClient.getLastSuccessfulHeartbeatTimePeriod()
9788 [main] DEBUG o.s.aop.framework.CglibAopProxy - Unable to apply any optimisations to advised method: protected void com.netflix.discovery.DiscoveryClient.fireEvent(com.netflix.discovery.EurekaEvent)
9788 [main] DEBUG o.s.aop.framework.CglibAopProxy - Unable to apply any optimisations to advised method: public com.netflix.discovery.shared.Applications com.netflix.discovery.DiscoveryClient.getApplicationsForARegion(java.lang.String)
9788 [main] DEBUG o.s.aop.framework.CglibAopProxy - Unable to apply any optimisations to advised method: public java.util.List com.netflix.discovery.DiscoveryClient.getInstancesByVipAddress(java.lang.String,boolean,java.lang.String)
9788 [main] DEBUG o.s.aop.framework.CglibAopProxy - Unable to apply any optimisations to advised method: public java.util.List com.netflix.discovery.DiscoveryClient.getInstancesByVipAddress(java.lang.String,boolean)
9788 [main] DEBUG o.s.aop.framework.CglibAopProxy - Unable to apply any optimisations to advised method: public java.util.Set com.netflix.discovery.DiscoveryClient.getAllKnownRegions()
9788 [main] DEBUG o.s.aop.framework.CglibAopProxy - Unable to apply any optimisations to advised method: public com.netflix.appinfo.InstanceInfo$InstanceStatus com.netflix.discovery.DiscoveryClient.getInstanceRemoteStatus()
9788 [main] DEBUG o.s.aop.framework.CglibAopProxy - Unable to apply any optimisations to advised method: public java.util.List com.netflix.discovery.DiscoveryClient.getServiceUrlsFromConfig(java.lang.String,boolean)
9788 [main] DEBUG o.s.aop.framework.CglibAopProxy - Unable to apply any optimisations to advised method: public java.util.List com.netflix.discovery.DiscoveryClient.getServiceUrlsFromDNS(java.lang.String,boolean)
9788 [main] DEBUG o.s.aop.framework.CglibAopProxy - Unable to apply any optimisations to advised method: public void com.netflix.discovery.DiscoveryClient.registerHealthCheckCallback(com.netflix.appinfo.HealthCheckCallback)
9788 [main] DEBUG o.s.aop.framework.CglibAopProxy - Unable to apply any optimisations to advised method: public void com.netflix.discovery.DiscoveryClient.registerHealthCheck(com.netflix.appinfo.HealthCheckHandler)
9788 [main] DEBUG o.s.aop.framework.CglibAopProxy - Unable to apply any optimisations to advised method: public void com.netflix.discovery.DiscoveryClient.registerEventListener(com.netflix.discovery.EurekaEventListener)
9788 [main] DEBUG o.s.aop.framework.CglibAopProxy - Unable to apply any optimisations to advised method: public boolean com.netflix.discovery.DiscoveryClient.unregisterEventListener(com.netflix.discovery.EurekaEventListener)
9788 [main] DEBUG o.s.aop.framework.CglibAopProxy - Unable to apply any optimisations to advised method: public com.netflix.appinfo.HealthCheckHandler com.netflix.discovery.DiscoveryClient.getHealthCheckHandler()
9788 [main] DEBUG o.s.aop.framework.CglibAopProxy - Unable to apply any optimisations to advised method: protected com.netflix.discovery.BackupRegistry com.netflix.discovery.DiscoveryClient.newBackupRegistryInstance() throws java.lang.ClassNotFoundException,java.lang.IllegalAccessException,java.lang.InstantiationException
9788 [main] DEBUG o.s.aop.framework.CglibAopProxy - Unable to apply any optimisations to advised method: protected void com.netflix.discovery.DiscoveryClient.onRemoteStatusChanged(com.netflix.appinfo.InstanceInfo$InstanceStatus,com.netflix.appinfo.InstanceInfo$InstanceStatus)
9788 [main] DEBUG o.s.aop.framework.CglibAopProxy - Unable to apply any optimisations to advised method: public int com.netflix.discovery.DiscoveryClient.localRegistrySize()
9788 [main] DEBUG o.s.aop.framework.CglibAopProxy - Found 'equals' method: public boolean java.lang.Object.equals(java.lang.Object)
9788 [main] DEBUG o.s.aop.framework.CglibAopProxy - Unable to apply any optimisations to advised method: public java.lang.String java.lang.Object.toString()
9788 [main] DEBUG o.s.aop.framework.CglibAopProxy - Found 'hashCode' method: public native int java.lang.Object.hashCode()
9788 [main] DEBUG o.s.aop.framework.CglibAopProxy - Unable to apply any optimisations to advised method: protected native java.lang.Object java.lang.Object.clone() throws java.lang.CloneNotSupportedException
9788 [main] DEBUG o.s.aop.framework.CglibAopProxy - Method is declared on Advised interface: public abstract int org.springframework.aop.framework.Advised.indexOf(org.springframework.aop.Advisor)
9788 [main] DEBUG o.s.aop.framework.CglibAopProxy - Method is declared on Advised interface: public abstract int org.springframework.aop.framework.Advised.indexOf(org.aopalliance.aop.Advice)
9788 [main] DEBUG o.s.aop.framework.CglibAopProxy - Method is declared on Advised interface: public abstract boolean org.springframework.aop.framework.Advised.isFrozen()
9788 [main] DEBUG o.s.aop.framework.CglibAopProxy - Method is declared on Advised interface: public abstract org.springframework.aop.TargetSource org.springframework.aop.framework.Advised.getTargetSource()
9788 [main] DEBUG o.s.aop.framework.CglibAopProxy - Method is declared on Advised interface: public abstract void org.springframework.aop.framework.Advised.setPreFiltered(boolean)
9788 [main] DEBUG o.s.aop.framework.CglibAopProxy - Method is declared on Advised interface: public abstract boolean org.springframework.aop.framework.Advised.isPreFiltered()
9788 [main] DEBUG o.s.aop.framework.CglibAopProxy - Method is declared on Advised interface: public abstract org.springframework.aop.Advisor[] org.springframework.aop.framework.Advised.getAdvisors()
9788 [main] DEBUG o.s.aop.framework.CglibAopProxy - Method is declared on Advised interface: public abstract void org.springframework.aop.framework.Advised.addAdvisor(org.springframework.aop.Advisor) throws org.springframework.aop.framework.AopConfigException
9788 [main] DEBUG o.s.aop.framework.CglibAopProxy - Method is declared on Advised interface: public abstract void org.springframework.aop.framework.Advised.addAdvisor(int,org.springframework.aop.Advisor) throws org.springframework.aop.framework.AopConfigException
9788 [main] DEBUG o.s.aop.framework.CglibAopProxy - Method is declared on Advised interface: public abstract void org.springframework.aop.framework.Advised.removeAdvisor(int) throws org.springframework.aop.framework.AopConfigException
9788 [main] DEBUG o.s.aop.framework.CglibAopProxy - Method is declared on Advised interface: public abstract boolean org.springframework.aop.framework.Advised.removeAdvisor(org.springframework.aop.Advisor)
9788 [main] DEBUG o.s.aop.framework.CglibAopProxy - Method is declared on Advised interface: public abstract boolean org.springframework.aop.framework.Advised.replaceAdvisor(org.springframework.aop.Advisor,org.springframework.aop.Advisor) throws org.springframework.aop.framework.AopConfigException
9788 [main] DEBUG o.s.aop.framework.CglibAopProxy - Method is declared on Advised interface: public abstract boolean org.springframework.aop.framework.Advised.removeAdvice(org.aopalliance.aop.Advice)
9788 [main] DEBUG o.s.aop.framework.CglibAopProxy - Method is declared on Advised interface: public abstract void org.springframework.aop.framework.Advised.setTargetSource(org.springframework.aop.TargetSource)
9788 [main] DEBUG o.s.aop.framework.CglibAopProxy - Method is declared on Advised interface: public abstract void org.springframework.aop.framework.Advised.addAdvice(org.aopalliance.aop.Advice) throws org.springframework.aop.framework.AopConfigException
9788 [main] DEBUG o.s.aop.framework.CglibAopProxy - Method is declared on Advised interface: public abstract void org.springframework.aop.framework.Advised.addAdvice(int,org.aopalliance.aop.Advice) throws org.springframework.aop.framework.AopConfigException
9788 [main] DEBUG o.s.aop.framework.CglibAopProxy - Method is declared on Advised interface: public abstract void org.springframework.aop.framework.Advised.setExposeProxy(boolean)
9789 [main] DEBUG o.s.aop.framework.CglibAopProxy - Method is declared on Advised interface: public abstract boolean org.springframework.aop.framework.Advised.isExposeProxy()
9789 [main] DEBUG o.s.aop.framework.CglibAopProxy - Method is declared on Advised interface: public abstract boolean org.springframework.aop.framework.Advised.isProxyTargetClass()
9789 [main] DEBUG o.s.aop.framework.CglibAopProxy - Method is declared on Advised interface: public abstract java.lang.Class[] org.springframework.aop.framework.Advised.getProxiedInterfaces()
9789 [main] DEBUG o.s.aop.framework.CglibAopProxy - Method is declared on Advised interface: public abstract boolean org.springframework.aop.framework.Advised.isInterfaceProxied(java.lang.Class)
9789 [main] DEBUG o.s.aop.framework.CglibAopProxy - Method is declared on Advised interface: public abstract java.lang.String org.springframework.aop.framework.Advised.toProxyConfigString()
9789 [main] DEBUG o.s.aop.framework.CglibAopProxy - Method is declared on Advised interface: public abstract java.lang.Class org.springframework.aop.TargetClassAware.getTargetClass()
9861 [main] DEBUG o.s.b.f.s.DefaultListableBeanFactory - Eagerly caching bean 'peerAwareInstanceRegistry' to allow for resolving potential circular references
9870 [main] DEBUG o.s.b.f.s.DefaultListableBeanFactory - Finished creating instance of bean 'peerAwareInstanceRegistry'
9871 [main] DEBUG o.s.b.f.s.DefaultListableBeanFactory - Creating shared instance of singleton bean 'eurekaServerContext'
9871 [main] DEBUG o.s.b.f.s.DefaultListableBeanFactory - Creating instance of bean 'eurekaServerContext'
9871 [main] DEBUG o.s.b.f.s.DefaultListableBeanFactory - Returning cached instance of singleton bean 'org.springframework.cloud.netflix.eureka.server.EurekaServerConfiguration'
9871 [main] DEBUG o.s.b.f.s.DefaultListableBeanFactory - Returning cached instance of singleton bean 'serverCodecs'
9871 [main] DEBUG o.s.b.f.s.DefaultListableBeanFactory - Returning cached instance of singleton bean 'peerAwareInstanceRegistry'
9872 [main] DEBUG o.s.b.f.s.DefaultListableBeanFactory - Creating shared instance of singleton bean 'peerEurekaNodes'
9873 [main] DEBUG o.s.b.f.s.DefaultListableBeanFactory - Creating instance of bean 'peerEurekaNodes'
9873 [main] DEBUG o.s.b.f.s.DefaultListableBeanFactory - Returning cached instance of singleton bean 'org.springframework.cloud.netflix.eureka.server.EurekaServerConfiguration'
9873 [main] DEBUG o.s.b.f.s.DefaultListableBeanFactory - Returning cached instance of singleton bean 'peerAwareInstanceRegistry'
9873 [main] DEBUG o.s.b.f.s.DefaultListableBeanFactory - Returning cached instance of singleton bean 'serverCodecs'
9873 [main] DEBUG o.s.b.f.s.DefaultListableBeanFactory - Autowiring by type from bean name 'peerEurekaNodes' via factory method to bean named 'peerAwareInstanceRegistry'
9873 [main] DEBUG o.s.b.f.s.DefaultListableBeanFactory - Autowiring by type from bean name 'peerEurekaNodes' via factory method to bean named 'serverCodecs'
9874 [main] DEBUG o.s.b.f.s.DefaultListableBeanFactory - Eagerly caching bean 'peerEurekaNodes' to allow for resolving potential circular references
9876 [main] DEBUG o.s.b.f.s.DefaultListableBeanFactory - Finished creating instance of bean 'peerEurekaNodes'
9876 [main] DEBUG o.s.b.f.s.DefaultListableBeanFactory - Autowiring by type from bean name 'eurekaServerContext' via factory method to bean named 'serverCodecs'
9876 [main] DEBUG o.s.b.f.s.DefaultListableBeanFactory - Autowiring by type from bean name 'eurekaServerContext' via factory method to bean named 'peerAwareInstanceRegistry'
9876 [main] DEBUG o.s.b.f.s.DefaultListableBeanFactory - Autowiring by type from bean name 'eurekaServerContext' via factory method to bean named 'peerEurekaNodes'
9877 [main] DEBUG o.s.c.a.CommonAnnotationBeanPostProcessor - Found destroy method on class [com.netflix.eureka.DefaultEurekaServerContext]: public void com.netflix.eureka.DefaultEurekaServerContext.shutdown() throws java.lang.Exception
9877 [main] DEBUG o.s.c.a.CommonAnnotationBeanPostProcessor - Found init method on class [com.netflix.eureka.DefaultEurekaServerContext]: public void com.netflix.eureka.DefaultEurekaServerContext.initialize() throws java.lang.Exception
9877 [main] DEBUG o.s.c.a.CommonAnnotationBeanPostProcessor - Registered init method on class [com.netflix.eureka.DefaultEurekaServerContext]: org.springframework.beans.factory.annotation.InitDestroyAnnotationBeanPostProcessor$LifecycleElement@33ebcb90
9877 [main] DEBUG o.s.c.a.CommonAnnotationBeanPostProcessor - Registered destroy method on class [com.netflix.eureka.DefaultEurekaServerContext]: org.springframework.beans.factory.annotation.InitDestroyAnnotationBeanPostProcessor$LifecycleElement@f5e80656
9878 [main] DEBUG o.s.b.f.s.DefaultListableBeanFactory - Eagerly caching bean 'eurekaServerContext' to allow for resolving potential circular references
9880 [main] DEBUG o.s.c.a.CommonAnnotationBeanPostProcessor - Invoking init method on bean 'eurekaServerContext': public void com.netflix.eureka.DefaultEurekaServerContext.initialize() throws java.lang.Exception
9880 [main] INFO  c.n.e.DefaultEurekaServerContext - Initializing ...
9883 [main] DEBUG c.n.d.endpoint.EndpointUtils - The availability zone for the given region us-east-1 are [defaultZone]
9884 [main] INFO  c.n.eureka.cluster.PeerEurekaNodes - Adding new peer nodes [http://localhost:1111/eureka/]
10043 [main] INFO  c.n.d.p.DiscoveryJerseyProvider - Using JSON encoding codec CloudJacksonJson
10043 [main] INFO  c.n.d.p.DiscoveryJerseyProvider - Using JSON decoding codec CloudJacksonJson
10043 [main] INFO  c.n.d.p.DiscoveryJerseyProvider - Using XML encoding codec XStreamXml
10043 [main] INFO  c.n.d.p.DiscoveryJerseyProvider - Using XML decoding codec XStreamXml
10143 [main] DEBUG c.n.d.s.t.j.AbstractJerseyEurekaHttpClient - Created client for url: http://localhost:1111/eureka/
10174 [main] INFO  c.n.eureka.cluster.PeerEurekaNodes - Replica node URL:  http://localhost:1111/eureka/
10184 [main] INFO  c.n.e.r.AbstractInstanceRegistry - Finished initializing remote region registries. All known remote regions: []
10185 [main] INFO  c.n.e.DefaultEurekaServerContext - Initialized
10185 [main] DEBUG o.s.b.f.s.DefaultListableBeanFactory - Finished creating instance of bean 'eurekaServerContext'
10185 [main] DEBUG o.s.b.f.s.DefaultListableBeanFactory - Autowiring by type from bean name 'eurekaServerBootstrap' via factory method to bean named 'peerAwareInstanceRegistry'
10185 [main] DEBUG o.s.b.f.s.DefaultListableBeanFactory - Autowiring by type from bean name 'eurekaServerBootstrap' via factory method to bean named 'eurekaServerContext'
10186 [main] DEBUG o.s.b.f.s.DefaultListableBeanFactory - Eagerly caching bean 'eurekaServerBootstrap' to allow for resolving potential circular references
10188 [main] DEBUG o.s.b.f.s.DefaultListableBeanFactory - Finished creating instance of bean 'eurekaServerBootstrap'
10188 [main] DEBUG o.s.b.f.a.AutowiredAnnotationBeanPostProcessor - Autowiring by type from bean name 'org.springframework.cloud.netflix.eureka.server.EurekaServerInitializerConfiguration' to bean named 'eurekaServerBootstrap'
10188 [main] DEBUG o.s.b.f.s.DefaultListableBeanFactory - Finished creating instance of bean 'org.springframework.cloud.netflix.eureka.server.EurekaServerInitializerConfiguration'
10188 [main] DEBUG o.s.b.f.s.DefaultListableBeanFactory - Returning cached instance of singleton bean 'org.springframework.cloud.netflix.eureka.server.EurekaServerConfiguration'
10188 [main] DEBUG o.s.b.f.s.DefaultListableBeanFactory - Creating shared instance of singleton bean 'eurekaServerFeature'
10188 [main] DEBUG o.s.b.f.s.DefaultListableBeanFactory - Creating instance of bean 'eurekaServerFeature'
10188 [main] DEBUG o.s.b.f.s.DefaultListableBeanFactory - Returning cached instance of singleton bean 'org.springframework.cloud.netflix.eureka.server.EurekaServerConfiguration'
10189 [main] DEBUG o.s.b.f.s.DefaultListableBeanFactory - Eagerly caching bean 'eurekaServerFeature' to allow for resolving potential circular references
10191 [main] DEBUG o.s.b.f.s.DefaultListableBeanFactory - Finished creating instance of bean 'eurekaServerFeature'
10191 [main] DEBUG o.s.b.f.s.DefaultListableBeanFactory - Creating shared instance of singleton bean 'eurekaController'
10192 [main] DEBUG o.s.b.f.s.DefaultListableBeanFactory - Creating instance of bean 'eurekaController'
10192 [main] DEBUG o.s.b.f.s.DefaultListableBeanFactory - Returning cached instance of singleton bean 'org.springframework.cloud.netflix.eureka.server.EurekaServerConfiguration'
10197 [main] DEBUG o.s.b.f.a.InjectionMetadata - Registered injected element on class [org.springframework.cloud.netflix.eureka.server.EurekaController]: AutowiredFieldElement for private java.lang.String org.springframework.cloud.netflix.eureka.server.EurekaController.dashboardPath
10197 [main] DEBUG o.s.b.f.s.DefaultListableBeanFactory - Eagerly caching bean 'eurekaController' to allow for resolving potential circular references
10198 [main] DEBUG o.s.b.f.a.InjectionMetadata - Processing injected element of bean 'eurekaController': AutowiredFieldElement for private java.lang.String org.springframework.cloud.netflix.eureka.server.EurekaController.dashboardPath
10199 [main] DEBUG o.s.c.e.PropertySourcesPropertyResolver - Could not find key 'eureka.dashboard.path:/' in any property source
10199 [main] DEBUG o.s.c.e.PropertySourcesPropertyResolver - Could not find key 'eureka.dashboard.path:/' in any property source
10199 [main] DEBUG o.s.c.e.PropertySourcesPropertyResolver - Could not find key 'eureka.dashboard.path' in any property source
10199 [main] DEBUG o.s.c.e.PropertySourcesPropertyResolver - Could not find key 'eureka.dashboard.path' in any property source
10200 [main] DEBUG o.s.b.f.s.DefaultListableBeanFactory - Finished creating instance of bean 'eurekaController'
10201 [main] DEBUG o.s.b.f.s.DefaultListableBeanFactory - Returning cached instance of singleton bean 'serverCodecs'
10201 [main] DEBUG o.s.b.f.s.DefaultListableBeanFactory - Returning cached instance of singleton bean 'peerAwareInstanceRegistry'
10201 [main] DEBUG o.s.b.f.s.DefaultListableBeanFactory - Returning cached instance of singleton bean 'peerEurekaNodes'
10201 [main] DEBUG o.s.b.f.s.DefaultListableBeanFactory - Returning cached instance of singleton bean 'eurekaServerContext'
10201 [main] DEBUG o.s.b.f.s.DefaultListableBeanFactory - Returning cached instance of singleton bean 'eurekaServerBootstrap'
10201 [main] DEBUG o.s.b.f.s.DefaultListableBeanFactory - Returning cached instance of singleton bean 'jerseyFilterRegistration'
10201 [main] DEBUG o.s.b.f.s.DefaultListableBeanFactory - Returning cached instance of singleton bean 'jerseyApplication'
10201 [main] DEBUG o.s.b.f.s.DefaultListableBeanFactory - Returning cached instance of singleton bean 'traceFilterRegistration'
10201 [main] DEBUG o.s.b.f.s.DefaultListableBeanFactory - Creating shared instance of singleton bean 'eureka.dashboard-org.springframework.cloud.netflix.eureka.server.EurekaDashboardProperties'
10201 [main] DEBUG o.s.b.f.s.DefaultListableBeanFactory - Creating instance of bean 'eureka.dashboard-org.springframework.cloud.netflix.eureka.server.EurekaDashboardProperties'
10201 [main] DEBUG o.s.b.f.s.DefaultListableBeanFactory - Eagerly caching bean 'eureka.dashboard-org.springframework.cloud.netflix.eureka.server.EurekaDashboardProperties' to allow for resolving potential circular references
10202 [main] DEBUG o.s.core.env.MutablePropertySources - Adding [servletConfigInitParams] PropertySource with lowest search precedence
10202 [main] DEBUG o.s.core.env.MutablePropertySources - Adding [servletContextInitParams] PropertySource with lowest search precedence
10203 [main] DEBUG o.s.core.env.MutablePropertySources - Adding [systemProperties] PropertySource with lowest search precedence
10203 [main] DEBUG o.s.core.env.MutablePropertySources - Adding [systemEnvironment] PropertySource with lowest search precedence
10203 [main] DEBUG o.s.core.env.MutablePropertySources - Adding [random] PropertySource with lowest search precedence
10203 [main] DEBUG o.s.core.env.MutablePropertySources - Adding [applicationConfig: [classpath:/application.properties]] PropertySource with lowest search precedence
10203 [main] DEBUG o.s.core.env.MutablePropertySources - Adding [springCloudClientHostInfo] PropertySource with lowest search precedence
10203 [main] DEBUG o.s.core.env.MutablePropertySources - Adding [class path resource [eureka/server.properties]] PropertySource with lowest search precedence
10203 [main] DEBUG o.s.core.env.MutablePropertySources - Adding [defaultProperties] PropertySource with lowest search precedence
10203 [main] DEBUG o.s.core.env.MutablePropertySources - Adding [localProperties] PropertySource with lowest search precedence
10205 [main] DEBUG o.s.b.f.s.DefaultListableBeanFactory - Finished creating instance of bean 'eureka.dashboard-org.springframework.cloud.netflix.eureka.server.EurekaDashboardProperties'
10205 [main] DEBUG o.s.b.f.s.DefaultListableBeanFactory - Returning cached instance of singleton bean 'org.springframework.boot.context.properties.ConfigurationPropertiesBindingPostProcessor'
10205 [main] DEBUG o.s.b.f.s.DefaultListableBeanFactory - Returning cached instance of singleton bean 'org.springframework.boot.context.properties.ConfigurationPropertiesBindingPostProcessor.store'
10205 [main] DEBUG o.s.b.f.s.DefaultListableBeanFactory - Creating shared instance of singleton bean 'org.springframework.boot.autoconfigure.AutoConfigurationPackages'
10205 [main] DEBUG o.s.b.f.s.DefaultListableBeanFactory - Creating instance of bean 'org.springframework.boot.autoconfigure.AutoConfigurationPackages'
10206 [main] DEBUG o.s.b.f.s.DefaultListableBeanFactory - Eagerly caching bean 'org.springframework.boot.autoconfigure.AutoConfigurationPackages' to allow for resolving potential circular references
10207 [main] DEBUG o.s.b.f.s.DefaultListableBeanFactory - Finished creating instance of bean 'org.springframework.boot.autoconfigure.AutoConfigurationPackages'
10207 [main] DEBUG o.s.b.f.s.DefaultListableBeanFactory - Creating shared instance of singleton bean 'org.springframework.cloud.netflix.eureka.EurekaDiscoveryClientConfiguration$EurekaHealthIndicatorConfiguration'
10207 [main] DEBUG o.s.b.f.s.DefaultListableBeanFactory - Creating instance of bean 'org.springframework.cloud.netflix.eureka.EurekaDiscoveryClientConfiguration$EurekaHealthIndicatorConfiguration'
10207 [main] DEBUG o.s.b.f.s.DefaultListableBeanFactory - Eagerly caching bean 'org.springframework.cloud.netflix.eureka.EurekaDiscoveryClientConfiguration$EurekaHealthIndicatorConfiguration' to allow for resolving potential circular references
10210 [main] DEBUG o.s.b.f.s.DefaultListableBeanFactory - Finished creating instance of bean 'org.springframework.cloud.netflix.eureka.EurekaDiscoveryClientConfiguration$EurekaHealthIndicatorConfiguration'
10211 [main] DEBUG o.s.b.f.s.DefaultListableBeanFactory - Creating shared instance of singleton bean 'eurekaHealthIndicator'
10211 [main] DEBUG o.s.b.f.s.DefaultListableBeanFactory - Creating instance of bean 'eurekaHealthIndicator'
10211 [main] DEBUG o.s.b.f.s.DefaultListableBeanFactory - Returning cached instance of singleton bean 'org.springframework.cloud.netflix.eureka.EurekaDiscoveryClientConfiguration$EurekaHealthIndicatorConfiguration'
10212 [main] DEBUG o.s.b.f.s.DefaultListableBeanFactory - Returning cached instance of singleton bean 'eurekaClient'
10212 [main] DEBUG o.s.b.f.s.DefaultListableBeanFactory - Returning cached instance of singleton bean 'eurekaInstanceConfigBean'
10212 [main] DEBUG o.s.b.f.s.DefaultListableBeanFactory - Returning cached instance of singleton bean 'eurekaClientConfigBean'
10212 [main] DEBUG o.s.b.f.s.DefaultListableBeanFactory - Autowiring by type from bean name 'eurekaHealthIndicator' via factory method to bean named 'eurekaClient'
10212 [main] DEBUG o.s.b.f.s.DefaultListableBeanFactory - Autowiring by type from bean name 'eurekaHealthIndicator' via factory method to bean named 'eurekaInstanceConfigBean'
10212 [main] DEBUG o.s.b.f.s.DefaultListableBeanFactory - Autowiring by type from bean name 'eurekaHealthIndicator' via factory method to bean named 'eurekaClientConfigBean'
10216 [main] DEBUG o.s.b.f.s.DefaultListableBeanFactory - Eagerly caching bean 'eurekaHealthIndicator' to allow for resolving potential circular references
10217 [main] DEBUG o.s.b.f.s.DefaultListableBeanFactory - Finished creating instance of bean 'eurekaHealthIndicator'
10217 [main] DEBUG o.s.b.f.s.DefaultListableBeanFactory - Creating shared instance of singleton bean 'org.springframework.cloud.netflix.eureka.EurekaDiscoveryClientConfiguration$EurekaClientConfigurationRefresher'
10217 [main] DEBUG o.s.b.f.s.DefaultListableBeanFactory - Creating instance of bean 'org.springframework.cloud.netflix.eureka.EurekaDiscoveryClientConfiguration$EurekaClientConfigurationRefresher'
10218 [main] DEBUG o.s.b.f.a.InjectionMetadata - Registered injected element on class [org.springframework.cloud.netflix.eureka.EurekaDiscoveryClientConfiguration$EurekaClientConfigurationRefresher$$EnhancerBySpringCGLIB$$d9be8efc]: AutowiredFieldElement for private org.springframework.cloud.netflix.eureka.EurekaDiscoveryClientConfiguration org.springframework.cloud.netflix.eureka.EurekaDiscoveryClientConfiguration$EurekaClientConfigurationRefresher.clientConfig
10218 [main] DEBUG o.s.b.f.s.DefaultListableBeanFactory - Eagerly caching bean 'org.springframework.cloud.netflix.eureka.EurekaDiscoveryClientConfiguration$EurekaClientConfigurationRefresher' to allow for resolving potential circular references
10219 [main] DEBUG o.s.b.f.a.InjectionMetadata - Processing injected element of bean 'org.springframework.cloud.netflix.eureka.EurekaDiscoveryClientConfiguration$EurekaClientConfigurationRefresher': AutowiredFieldElement for private org.springframework.cloud.netflix.eureka.EurekaDiscoveryClientConfiguration org.springframework.cloud.netflix.eureka.EurekaDiscoveryClientConfiguration$EurekaClientConfigurationRefresher.clientConfig
10221 [main] DEBUG o.s.b.f.s.DefaultListableBeanFactory - Creating shared instance of singleton bean 'org.springframework.cloud.netflix.eureka.EurekaDiscoveryClientConfiguration'
10221 [main] DEBUG o.s.b.f.s.DefaultListableBeanFactory - Creating instance of bean 'org.springframework.cloud.netflix.eureka.EurekaDiscoveryClientConfiguration'
10221 [main] DEBUG o.s.b.f.a.InjectionMetadata - Registered injected element on class [org.springframework.cloud.netflix.eureka.EurekaDiscoveryClientConfiguration$$EnhancerBySpringCGLIB$$31c787fc]: AutowiredFieldElement for private org.springframework.cloud.netflix.eureka.CloudEurekaInstanceConfig org.springframework.cloud.netflix.eureka.EurekaDiscoveryClientConfiguration.instanceConfig
10222 [main] DEBUG o.s.b.f.a.InjectionMetadata - Registered injected element on class [org.springframework.cloud.netflix.eureka.EurekaDiscoveryClientConfiguration$$EnhancerBySpringCGLIB$$31c787fc]: AutowiredFieldElement for private com.netflix.appinfo.HealthCheckHandler org.springframework.cloud.netflix.eureka.EurekaDiscoveryClientConfiguration.healthCheckHandler
10222 [main] DEBUG o.s.b.f.a.InjectionMetadata - Registered injected element on class [org.springframework.cloud.netflix.eureka.EurekaDiscoveryClientConfiguration$$EnhancerBySpringCGLIB$$31c787fc]: AutowiredFieldElement for private org.springframework.context.ApplicationContext org.springframework.cloud.netflix.eureka.EurekaDiscoveryClientConfiguration.context
10222 [main] DEBUG o.s.b.f.a.InjectionMetadata - Registered injected element on class [org.springframework.cloud.netflix.eureka.EurekaDiscoveryClientConfiguration$$EnhancerBySpringCGLIB$$31c787fc]: AutowiredFieldElement for private com.netflix.appinfo.ApplicationInfoManager org.springframework.cloud.netflix.eureka.EurekaDiscoveryClientConfiguration.applicationInfoManager
10222 [main] DEBUG o.s.b.f.a.InjectionMetadata - Registered injected element on class [org.springframework.cloud.netflix.eureka.EurekaDiscoveryClientConfiguration$$EnhancerBySpringCGLIB$$31c787fc]: AutowiredFieldElement for private com.netflix.discovery.EurekaClient org.springframework.cloud.netflix.eureka.EurekaDiscoveryClientConfiguration.eurekaClient
10222 [main] DEBUG o.s.b.f.s.DefaultListableBeanFactory - Eagerly caching bean 'org.springframework.cloud.netflix.eureka.EurekaDiscoveryClientConfiguration' to allow for resolving potential circular references
10224 [main] DEBUG o.s.b.f.a.InjectionMetadata - Processing injected element of bean 'org.springframework.cloud.netflix.eureka.EurekaDiscoveryClientConfiguration': AutowiredFieldElement for private org.springframework.cloud.netflix.eureka.CloudEurekaInstanceConfig org.springframework.cloud.netflix.eureka.EurekaDiscoveryClientConfiguration.instanceConfig
10225 [main] DEBUG o.s.b.f.s.DefaultListableBeanFactory - Returning cached instance of singleton bean 'eurekaInstanceConfigBean'
10225 [main] DEBUG o.s.b.f.a.AutowiredAnnotationBeanPostProcessor - Autowiring by type from bean name 'org.springframework.cloud.netflix.eureka.EurekaDiscoveryClientConfiguration' to bean named 'eurekaInstanceConfigBean'
10225 [main] DEBUG o.s.b.f.a.InjectionMetadata - Processing injected element of bean 'org.springframework.cloud.netflix.eureka.EurekaDiscoveryClientConfiguration': AutowiredFieldElement for private com.netflix.appinfo.HealthCheckHandler org.springframework.cloud.netflix.eureka.EurekaDiscoveryClientConfiguration.healthCheckHandler
10226 [main] DEBUG o.s.b.f.a.InjectionMetadata - Processing injected element of bean 'org.springframework.cloud.netflix.eureka.EurekaDiscoveryClientConfiguration': AutowiredFieldElement for private org.springframework.context.ApplicationContext org.springframework.cloud.netflix.eureka.EurekaDiscoveryClientConfiguration.context
10226 [main] DEBUG o.s.b.f.a.AutowiredAnnotationBeanPostProcessor - Autowiring by type from bean name 'org.springframework.cloud.netflix.eureka.EurekaDiscoveryClientConfiguration' to bean named 'org.springframework.boot.context.embedded.AnnotationConfigEmbeddedWebApplicationContext@189aa67a'
10226 [main] DEBUG o.s.b.f.a.InjectionMetadata - Processing injected element of bean 'org.springframework.cloud.netflix.eureka.EurekaDiscoveryClientConfiguration': AutowiredFieldElement for private com.netflix.appinfo.ApplicationInfoManager org.springframework.cloud.netflix.eureka.EurekaDiscoveryClientConfiguration.applicationInfoManager
10226 [main] DEBUG o.s.b.f.s.DefaultListableBeanFactory - Returning cached instance of singleton bean 'eurekaApplicationInfoManager'
10226 [main] DEBUG o.s.b.f.a.AutowiredAnnotationBeanPostProcessor - Autowiring by type from bean name 'org.springframework.cloud.netflix.eureka.EurekaDiscoveryClientConfiguration' to bean named 'eurekaApplicationInfoManager'
10226 [main] DEBUG o.s.b.f.a.InjectionMetadata - Processing injected element of bean 'org.springframework.cloud.netflix.eureka.EurekaDiscoveryClientConfiguration': AutowiredFieldElement for private com.netflix.discovery.EurekaClient org.springframework.cloud.netflix.eureka.EurekaDiscoveryClientConfiguration.eurekaClient
10226 [main] DEBUG o.s.b.f.s.DefaultListableBeanFactory - Returning cached instance of singleton bean 'eurekaClient'
10226 [main] DEBUG o.s.b.f.a.AutowiredAnnotationBeanPostProcessor - Autowiring by type from bean name 'org.springframework.cloud.netflix.eureka.EurekaDiscoveryClientConfiguration' to bean named 'eurekaClient'
10227 [main] DEBUG o.s.b.f.s.DefaultListableBeanFactory - Finished creating instance of bean 'org.springframework.cloud.netflix.eureka.EurekaDiscoveryClientConfiguration'
10227 [main] DEBUG o.s.b.f.a.AutowiredAnnotationBeanPostProcessor - Autowiring by type from bean name 'org.springframework.cloud.netflix.eureka.EurekaDiscoveryClientConfiguration$EurekaClientConfigurationRefresher' to bean named 'org.springframework.cloud.netflix.eureka.EurekaDiscoveryClientConfiguration'
10227 [main] DEBUG o.s.b.f.s.DefaultListableBeanFactory - Finished creating instance of bean 'org.springframework.cloud.netflix.eureka.EurekaDiscoveryClientConfiguration$EurekaClientConfigurationRefresher'
10227 [main] DEBUG o.s.b.f.s.DefaultListableBeanFactory - Returning cached instance of singleton bean 'org.springframework.cloud.netflix.eureka.EurekaDiscoveryClientConfiguration'
10227 [main] DEBUG o.s.b.f.s.DefaultListableBeanFactory - Creating shared instance of singleton bean 'org.springframework.boot.autoconfigure.PropertyPlaceholderAutoConfiguration'
10227 [main] DEBUG o.s.b.f.s.DefaultListableBeanFactory - Creating instance of bean 'org.springframework.boot.autoconfigure.PropertyPlaceholderAutoConfiguration'
10228 [main] DEBUG o.s.b.f.s.DefaultListableBeanFactory - Eagerly caching bean 'org.springframework.boot.autoconfigure.PropertyPlaceholderAutoConfiguration' to allow for resolving potential circular references
10229 [main] DEBUG o.s.b.f.s.DefaultListableBeanFactory - Finished creating instance of bean 'org.springframework.boot.autoconfigure.PropertyPlaceholderAutoConfiguration'
10229 [main] DEBUG o.s.b.f.s.DefaultListableBeanFactory - Returning cached instance of singleton bean 'propertySourcesPlaceholderConfigurer'
10230 [main] DEBUG o.s.b.f.s.DefaultListableBeanFactory - Creating shared instance of singleton bean 'org.springframework.boot.autoconfigure.jackson.JacksonAutoConfiguration$Jackson2ObjectMapperBuilderCustomizerConfiguration'
10230 [main] DEBUG o.s.b.f.s.DefaultListableBeanFactory - Creating instance of bean 'org.springframework.boot.autoconfigure.jackson.JacksonAutoConfiguration$Jackson2ObjectMapperBuilderCustomizerConfiguration'
10230 [main] DEBUG o.s.b.f.s.DefaultListableBeanFactory - Eagerly caching bean 'org.springframework.boot.autoconfigure.jackson.JacksonAutoConfiguration$Jackson2ObjectMapperBuilderCustomizerConfiguration' to allow for resolving potential circular references
10232 [main] DEBUG o.s.b.f.s.DefaultListableBeanFactory - Finished creating instance of bean 'org.springframework.boot.autoconfigure.jackson.JacksonAutoConfiguration$Jackson2ObjectMapperBuilderCustomizerConfiguration'
10232 [main] DEBUG o.s.b.f.s.DefaultListableBeanFactory - Creating shared instance of singleton bean 'standardJacksonObjectMapperBuilderCustomizer'
10232 [main] DEBUG o.s.b.f.s.DefaultListableBeanFactory - Creating instance of bean 'standardJacksonObjectMapperBuilderCustomizer'
10232 [main] DEBUG o.s.b.f.s.DefaultListableBeanFactory - Returning cached instance of singleton bean 'org.springframework.boot.autoconfigure.jackson.JacksonAutoConfiguration$Jackson2ObjectMapperBuilderCustomizerConfiguration'
10234 [main] DEBUG o.s.b.f.s.DefaultListableBeanFactory - Creating shared instance of singleton bean 'spring.jackson-org.springframework.boot.autoconfigure.jackson.JacksonProperties'
10234 [main] DEBUG o.s.b.f.s.DefaultListableBeanFactory - Creating instance of bean 'spring.jackson-org.springframework.boot.autoconfigure.jackson.JacksonProperties'
10234 [main] DEBUG o.s.b.f.s.DefaultListableBeanFactory - Eagerly caching bean 'spring.jackson-org.springframework.boot.autoconfigure.jackson.JacksonProperties' to allow for resolving potential circular references
10238 [main] DEBUG o.s.core.env.MutablePropertySources - Adding [servletConfigInitParams] PropertySource with lowest search precedence
10238 [main] DEBUG o.s.core.env.MutablePropertySources - Adding [servletContextInitParams] PropertySource with lowest search precedence
10238 [main] DEBUG o.s.core.env.MutablePropertySources - Adding [systemProperties] PropertySource with lowest search precedence
10238 [main] DEBUG o.s.core.env.MutablePropertySources - Adding [systemEnvironment] PropertySource with lowest search precedence
10238 [main] DEBUG o.s.core.env.MutablePropertySources - Adding [random] PropertySource with lowest search precedence
10238 [main] DEBUG o.s.core.env.MutablePropertySources - Adding [applicationConfig: [classpath:/application.properties]] PropertySource with lowest search precedence
10238 [main] DEBUG o.s.core.env.MutablePropertySources - Adding [springCloudClientHostInfo] PropertySource with lowest search precedence
10238 [main] DEBUG o.s.core.env.MutablePropertySources - Adding [class path resource [eureka/server.properties]] PropertySource with lowest search precedence
10238 [main] DEBUG o.s.core.env.MutablePropertySources - Adding [defaultProperties] PropertySource with lowest search precedence
10238 [main] DEBUG o.s.core.env.MutablePropertySources - Adding [localProperties] PropertySource with lowest search precedence
10242 [main] DEBUG o.s.b.f.s.DefaultListableBeanFactory - Finished creating instance of bean 'spring.jackson-org.springframework.boot.autoconfigure.jackson.JacksonProperties'
10242 [main] DEBUG o.s.b.f.s.DefaultListableBeanFactory - Autowiring by type from bean name 'standardJacksonObjectMapperBuilderCustomizer' via factory method to bean named 'org.springframework.boot.context.embedded.AnnotationConfigEmbeddedWebApplicationContext@189aa67a'
10242 [main] DEBUG o.s.b.f.s.DefaultListableBeanFactory - Autowiring by type from bean name 'standardJacksonObjectMapperBuilderCustomizer' via factory method to bean named 'spring.jackson-org.springframework.boot.autoconfigure.jackson.JacksonProperties'
10245 [main] DEBUG o.s.b.f.s.DefaultListableBeanFactory - Eagerly caching bean 'standardJacksonObjectMapperBuilderCustomizer' to allow for resolving potential circular references
10247 [main] DEBUG o.s.b.f.s.DefaultListableBeanFactory - Finished creating instance of bean 'standardJacksonObjectMapperBuilderCustomizer'
10247 [main] DEBUG o.s.b.f.s.DefaultListableBeanFactory - Returning cached instance of singleton bean 'spring.jackson-org.springframework.boot.autoconfigure.jackson.JacksonProperties'
10247 [main] DEBUG o.s.b.f.s.DefaultListableBeanFactory - Creating shared instance of singleton bean 'org.springframework.boot.autoconfigure.jackson.JacksonAutoConfiguration$JacksonObjectMapperBuilderConfiguration'
10247 [main] DEBUG o.s.b.f.s.DefaultListableBeanFactory - Creating instance of bean 'org.springframework.boot.autoconfigure.jackson.JacksonAutoConfiguration$JacksonObjectMapperBuilderConfiguration'
10247 [main] DEBUG o.s.c.LocalVariableTableParameterNameDiscoverer - Cannot find '.class' file for class [class org.springframework.boot.autoconfigure.jackson.JacksonAutoConfiguration$JacksonObjectMapperBuilderConfiguration$$EnhancerBySpringCGLIB$$2215dbf4] - unable to determine constructor/method parameter names
10247 [main] DEBUG o.s.b.f.s.DefaultListableBeanFactory - Returning cached instance of singleton bean 'spring.jackson-org.springframework.boot.autoconfigure.jackson.JacksonProperties'
10249 [main] DEBUG o.s.b.f.s.DefaultListableBeanFactory - Returning cached instance of singleton bean 'standardJacksonObjectMapperBuilderCustomizer'
10249 [main] DEBUG o.s.b.f.s.DefaultListableBeanFactory - Autowiring by type from bean name 'org.springframework.boot.autoconfigure.jackson.JacksonAutoConfiguration$JacksonObjectMapperBuilderConfiguration' via constructor to bean named 'org.springframework.boot.context.embedded.AnnotationConfigEmbeddedWebApplicationContext@189aa67a'
10249 [main] DEBUG o.s.b.f.s.DefaultListableBeanFactory - Autowiring by type from bean name 'org.springframework.boot.autoconfigure.jackson.JacksonAutoConfiguration$JacksonObjectMapperBuilderConfiguration' via constructor to bean named 'spring.jackson-org.springframework.boot.autoconfigure.jackson.JacksonProperties'
10249 [main] DEBUG o.s.b.f.s.DefaultListableBeanFactory - Autowiring by type from bean name 'org.springframework.boot.autoconfigure.jackson.JacksonAutoConfiguration$JacksonObjectMapperBuilderConfiguration' via constructor to bean named 'standardJacksonObjectMapperBuilderCustomizer'
10249 [main] DEBUG o.s.b.f.s.DefaultListableBeanFactory - Eagerly caching bean 'org.springframework.boot.autoconfigure.jackson.JacksonAutoConfiguration$JacksonObjectMapperBuilderConfiguration' to allow for resolving potential circular references
10252 [main] DEBUG o.s.b.f.s.DefaultListableBeanFactory - Finished creating instance of bean 'org.springframework.boot.autoconfigure.jackson.JacksonAutoConfiguration$JacksonObjectMapperBuilderConfiguration'
10252 [main] DEBUG o.s.b.f.s.DefaultListableBeanFactory - Creating shared instance of singleton bean 'jacksonObjectMapperBuilder'
10252 [main] DEBUG o.s.b.f.s.DefaultListableBeanFactory - Creating instance of bean 'jacksonObjectMapperBuilder'
10252 [main] DEBUG o.s.b.f.s.DefaultListableBeanFactory - Returning cached instance of singleton bean 'org.springframework.boot.autoconfigure.jackson.JacksonAutoConfiguration$JacksonObjectMapperBuilderConfiguration'
10253 [main] DEBUG o.s.b.f.s.DefaultListableBeanFactory - Returning cached instance of singleton bean 'standardJacksonObjectMapperBuilderCustomizer'
10253 [main] DEBUG o.s.b.f.s.DefaultListableBeanFactory - Autowiring by type from bean name 'jacksonObjectMapperBuilder' via factory method to bean named 'standardJacksonObjectMapperBuilderCustomizer'
10256 [main] DEBUG o.s.b.f.s.DefaultListableBeanFactory - Creating shared instance of singleton bean 'jsonComponentModule'
10256 [main] DEBUG o.s.b.f.s.DefaultListableBeanFactory - Creating instance of bean 'jsonComponentModule'
10257 [main] DEBUG o.s.b.f.s.DefaultListableBeanFactory - Creating shared instance of singleton bean 'org.springframework.boot.autoconfigure.jackson.JacksonAutoConfiguration'
10257 [main] DEBUG o.s.b.f.s.DefaultListableBeanFactory - Creating instance of bean 'org.springframework.boot.autoconfigure.jackson.JacksonAutoConfiguration'
10257 [main] DEBUG o.s.b.f.s.DefaultListableBeanFactory - Eagerly caching bean 'org.springframework.boot.autoconfigure.jackson.JacksonAutoConfiguration' to allow for resolving potential circular references
10259 [main] DEBUG o.s.b.f.s.DefaultListableBeanFactory - Finished creating instance of bean 'org.springframework.boot.autoconfigure.jackson.JacksonAutoConfiguration'
10262 [main] DEBUG o.s.c.a.CommonAnnotationBeanPostProcessor - Found init method on class [org.springframework.boot.jackson.JsonComponentModule]: public void org.springframework.boot.jackson.JsonComponentModule.registerJsonComponents()
10264 [main] DEBUG o.s.c.a.CommonAnnotationBeanPostProcessor - Registered init method on class [org.springframework.boot.jackson.JsonComponentModule]: org.springframework.beans.factory.annotation.InitDestroyAnnotationBeanPostProcessor$LifecycleElement@65126ba1
10264 [main] DEBUG o.s.b.f.s.DefaultListableBeanFactory - Eagerly caching bean 'jsonComponentModule' to allow for resolving potential circular references
10273 [main] DEBUG o.s.c.a.CommonAnnotationBeanPostProcessor - Invoking init method on bean 'jsonComponentModule': public void org.springframework.boot.jackson.JsonComponentModule.registerJsonComponents()
10285 [main] DEBUG o.s.b.f.s.DefaultListableBeanFactory - Finished creating instance of bean 'jsonComponentModule'
10285 [main] DEBUG o.s.b.f.s.DefaultListableBeanFactory - Eagerly caching bean 'jacksonObjectMapperBuilder' to allow for resolving potential circular references
10287 [main] DEBUG o.s.b.f.s.DefaultListableBeanFactory - Finished creating instance of bean 'jacksonObjectMapperBuilder'
10287 [main] DEBUG o.s.b.f.s.DefaultListableBeanFactory - Creating shared instance of singleton bean 'org.springframework.boot.autoconfigure.jackson.JacksonAutoConfiguration$JacksonObjectMapperConfiguration'
10287 [main] DEBUG o.s.b.f.s.DefaultListableBeanFactory - Creating instance of bean 'org.springframework.boot.autoconfigure.jackson.JacksonAutoConfiguration$JacksonObjectMapperConfiguration'
10287 [main] DEBUG o.s.b.f.s.DefaultListableBeanFactory - Eagerly caching bean 'org.springframework.boot.autoconfigure.jackson.JacksonAutoConfiguration$JacksonObjectMapperConfiguration' to allow for resolving potential circular references
10290 [main] DEBUG o.s.b.f.s.DefaultListableBeanFactory - Finished creating instance of bean 'org.springframework.boot.autoconfigure.jackson.JacksonAutoConfiguration$JacksonObjectMapperConfiguration'
10290 [main] DEBUG o.s.b.f.s.DefaultListableBeanFactory - Creating shared instance of singleton bean 'jacksonObjectMapper'
10290 [main] DEBUG o.s.b.f.s.DefaultListableBeanFactory - Creating instance of bean 'jacksonObjectMapper'
10290 [main] DEBUG o.s.b.f.s.DefaultListableBeanFactory - Returning cached instance of singleton bean 'org.springframework.boot.autoconfigure.jackson.JacksonAutoConfiguration$JacksonObjectMapperConfiguration'
10291 [main] DEBUG o.s.b.f.s.DefaultListableBeanFactory - Returning cached instance of singleton bean 'jacksonObjectMapperBuilder'
10291 [main] DEBUG o.s.b.f.s.DefaultListableBeanFactory - Autowiring by type from bean name 'jacksonObjectMapper' via factory method to bean named 'jacksonObjectMapperBuilder'
10303 [main] DEBUG o.s.b.f.s.DefaultListableBeanFactory - Eagerly caching bean 'jacksonObjectMapper' to allow for resolving potential circular references
10313 [main] DEBUG o.s.b.f.s.DefaultListableBeanFactory - Finished creating instance of bean 'jacksonObjectMapper'
10313 [main] DEBUG o.s.b.f.s.DefaultListableBeanFactory - Returning cached instance of singleton bean 'org.springframework.boot.autoconfigure.jackson.JacksonAutoConfiguration'
10313 [main] DEBUG o.s.b.f.s.DefaultListableBeanFactory - Returning cached instance of singleton bean 'jsonComponentModule'
10313 [main] DEBUG o.s.b.f.s.DefaultListableBeanFactory - Returning cached instance of singleton bean 'org.springframework.boot.autoconfigure.websocket.WebSocketAutoConfiguration$TomcatWebSocketConfiguration'
10313 [main] DEBUG o.s.b.f.s.DefaultListableBeanFactory - Returning cached instance of singleton bean 'websocketContainerCustomizer'
10313 [main] DEBUG o.s.b.f.s.DefaultListableBeanFactory - Creating shared instance of singleton bean 'org.springframework.boot.autoconfigure.websocket.WebSocketAutoConfiguration'
10313 [main] DEBUG o.s.b.f.s.DefaultListableBeanFactory - Creating instance of bean 'org.springframework.boot.autoconfigure.websocket.WebSocketAutoConfiguration'
10314 [main] DEBUG o.s.b.f.s.DefaultListableBeanFactory - Eagerly caching bean 'org.springframework.boot.autoconfigure.websocket.WebSocketAutoConfiguration' to allow for resolving potential circular references
10316 [main] DEBUG o.s.b.f.s.DefaultListableBeanFactory - Finished creating instance of bean 'org.springframework.boot.autoconfigure.websocket.WebSocketAutoConfiguration'
10316 [main] DEBUG o.s.b.f.s.DefaultListableBeanFactory - Returning cached instance of singleton bean 'org.springframework.boot.autoconfigure.web.EmbeddedServletContainerAutoConfiguration$EmbeddedTomcat'
10316 [main] DEBUG o.s.b.f.s.DefaultListableBeanFactory - Returning cached instance of singleton bean 'tomcatEmbeddedServletContainerFactory'
10316 [main] DEBUG o.s.b.f.s.DefaultListableBeanFactory - Creating shared instance of singleton bean 'org.springframework.boot.autoconfigure.web.EmbeddedServletContainerAutoConfiguration'
10316 [main] DEBUG o.s.b.f.s.DefaultListableBeanFactory - Creating instance of bean 'org.springframework.boot.autoconfigure.web.EmbeddedServletContainerAutoConfiguration'
10316 [main] DEBUG o.s.b.f.s.DefaultListableBeanFactory - Eagerly caching bean 'org.springframework.boot.autoconfigure.web.EmbeddedServletContainerAutoConfiguration' to allow for resolving potential circular references
10319 [main] DEBUG o.s.b.f.s.DefaultListableBeanFactory - Finished creating instance of bean 'org.springframework.boot.autoconfigure.web.EmbeddedServletContainerAutoConfiguration'
10319 [main] DEBUG o.s.b.f.s.DefaultListableBeanFactory - Returning cached instance of singleton bean 'embeddedServletContainerCustomizerBeanPostProcessor'
10319 [main] DEBUG o.s.b.f.s.DefaultListableBeanFactory - Returning cached instance of singleton bean 'errorPageRegistrarBeanPostProcessor'
10319 [main] DEBUG o.s.b.f.s.DefaultListableBeanFactory - Returning cached instance of singleton bean 'org.springframework.boot.autoconfigure.web.DispatcherServletAutoConfiguration$DispatcherServletConfiguration'
10319 [main] DEBUG o.s.b.f.s.DefaultListableBeanFactory - Returning cached instance of singleton bean 'dispatcherServlet'
10319 [main] DEBUG o.s.b.f.s.DefaultListableBeanFactory - Returning cached instance of singleton bean 'spring.mvc-org.springframework.boot.autoconfigure.web.WebMvcProperties'
10319 [main] DEBUG o.s.b.f.s.DefaultListableBeanFactory - Returning cached instance of singleton bean 'org.springframework.boot.autoconfigure.web.DispatcherServletAutoConfiguration$DispatcherServletRegistrationConfiguration'
10319 [main] DEBUG o.s.b.f.s.DefaultListableBeanFactory - Returning cached instance of singleton bean 'dispatcherServletRegistration'
10319 [main] DEBUG o.s.b.f.s.DefaultListableBeanFactory - Creating shared instance of singleton bean 'org.springframework.boot.autoconfigure.web.DispatcherServletAutoConfiguration'
10319 [main] DEBUG o.s.b.f.s.DefaultListableBeanFactory - Creating instance of bean 'org.springframework.boot.autoconfigure.web.DispatcherServletAutoConfiguration'
10319 [main] DEBUG o.s.b.f.s.DefaultListableBeanFactory - Eagerly caching bean 'org.springframework.boot.autoconfigure.web.DispatcherServletAutoConfiguration' to allow for resolving potential circular references
10322 [main] DEBUG o.s.b.f.s.DefaultListableBeanFactory - Finished creating instance of bean 'org.springframework.boot.autoconfigure.web.DispatcherServletAutoConfiguration'
10322 [main] DEBUG o.s.b.f.s.DefaultListableBeanFactory - Creating shared instance of singleton bean 'org.springframework.boot.autoconfigure.web.ErrorMvcAutoConfiguration$WhitelabelErrorViewConfiguration'
10322 [main] DEBUG o.s.b.f.s.DefaultListableBeanFactory - Creating instance of bean 'org.springframework.boot.autoconfigure.web.ErrorMvcAutoConfiguration$WhitelabelErrorViewConfiguration'
10324 [main] DEBUG o.s.b.f.s.DefaultListableBeanFactory - Eagerly caching bean 'org.springframework.boot.autoconfigure.web.ErrorMvcAutoConfiguration$WhitelabelErrorViewConfiguration' to allow for resolving potential circular references
10326 [main] DEBUG o.s.b.f.s.DefaultListableBeanFactory - Finished creating instance of bean 'org.springframework.boot.autoconfigure.web.ErrorMvcAutoConfiguration$WhitelabelErrorViewConfiguration'
10326 [main] DEBUG o.s.b.f.s.DefaultListableBeanFactory - Creating shared instance of singleton bean 'error'
10326 [main] DEBUG o.s.b.f.s.DefaultListableBeanFactory - Creating instance of bean 'error'
10326 [main] DEBUG o.s.b.f.s.DefaultListableBeanFactory - Returning cached instance of singleton bean 'org.springframework.boot.autoconfigure.web.ErrorMvcAutoConfiguration$WhitelabelErrorViewConfiguration'
10329 [main] DEBUG o.s.b.f.s.DefaultListableBeanFactory - Eagerly caching bean 'error' to allow for resolving potential circular references
10330 [main] DEBUG o.s.b.f.s.DefaultListableBeanFactory - Finished creating instance of bean 'error'
10330 [main] DEBUG o.s.b.f.s.DefaultListableBeanFactory - Creating shared instance of singleton bean 'beanNameViewResolver'
10330 [main] DEBUG o.s.b.f.s.DefaultListableBeanFactory - Creating instance of bean 'beanNameViewResolver'
10330 [main] DEBUG o.s.b.f.s.DefaultListableBeanFactory - Returning cached instance of singleton bean 'org.springframework.boot.autoconfigure.web.ErrorMvcAutoConfiguration$WhitelabelErrorViewConfiguration'
10331 [main] DEBUG o.s.b.f.s.DefaultListableBeanFactory - Eagerly caching bean 'beanNameViewResolver' to allow for resolving potential circular references
10335 [main] DEBUG o.s.b.f.s.DefaultListableBeanFactory - Finished creating instance of bean 'beanNameViewResolver'
10335 [main] DEBUG o.s.b.f.s.DefaultListableBeanFactory - Returning cached instance of singleton bean 'org.springframework.boot.autoconfigure.web.ErrorMvcAutoConfiguration'
10335 [main] DEBUG o.s.b.f.s.DefaultListableBeanFactory - Returning cached instance of singleton bean 'errorAttributes'
10335 [main] DEBUG o.s.b.f.s.DefaultListableBeanFactory - Creating shared instance of singleton bean 'basicErrorController'
10335 [main] DEBUG o.s.b.f.s.DefaultListableBeanFactory - Creating instance of bean 'basicErrorController'
10335 [main] DEBUG o.s.b.f.s.DefaultListableBeanFactory - Returning cached instance of singleton bean 'org.springframework.boot.autoconfigure.web.ErrorMvcAutoConfiguration'
10337 [main] DEBUG o.s.b.f.s.DefaultListableBeanFactory - Returning cached instance of singleton bean 'errorAttributes'
10337 [main] DEBUG o.s.b.f.s.DefaultListableBeanFactory - Autowiring by type from bean name 'basicErrorController' via factory method to bean named 'errorAttributes'
10340 [main] DEBUG o.s.b.f.s.DefaultListableBeanFactory - Eagerly caching bean 'basicErrorController' to allow for resolving potential circular references
10342 [main] DEBUG o.s.b.f.s.DefaultListableBeanFactory - Finished creating instance of bean 'basicErrorController'
10342 [main] DEBUG o.s.b.f.s.DefaultListableBeanFactory - Returning cached instance of singleton bean 'errorPageCustomizer'
10342 [main] DEBUG o.s.b.f.s.DefaultListableBeanFactory - Returning cached instance of singleton bean 'conventionErrorViewResolver'
10342 [main] DEBUG o.s.b.f.s.DefaultListableBeanFactory - Returning cached instance of singleton bean 'preserveErrorControllerTargetClassPostProcessor'
10342 [main] DEBUG o.s.b.f.s.DefaultListableBeanFactory - Returning cached instance of singleton bean 'spring.resources-org.springframework.boot.autoconfigure.web.ResourceProperties'
10342 [main] DEBUG o.s.b.f.s.DefaultListableBeanFactory - Creating shared instance of singleton bean 'org.springframework.boot.autoconfigure.web.WebMvcAutoConfiguration$EnableWebMvcConfiguration'
10342 [main] DEBUG o.s.b.f.s.DefaultListableBeanFactory - Creating instance of bean 'org.springframework.boot.autoconfigure.web.WebMvcAutoConfiguration$EnableWebMvcConfiguration'
10343 [main] DEBUG o.s.c.LocalVariableTableParameterNameDiscoverer - Cannot find '.class' file for class [class org.springframework.boot.autoconfigure.web.WebMvcAutoConfiguration$EnableWebMvcConfiguration$$EnhancerBySpringCGLIB$$6b633c53] - unable to determine constructor/method parameter names
10344 [main] DEBUG o.s.b.f.s.DefaultListableBeanFactory - Autowiring by type from bean name 'org.springframework.boot.autoconfigure.web.WebMvcAutoConfiguration$EnableWebMvcConfiguration' via constructor to bean named 'org.springframework.beans.factory.support.DefaultListableBeanFactory@7cbc3762'
10346 [main] DEBUG o.s.b.f.s.DefaultListableBeanFactory - Returning cached instance of singleton bean 'spring.mvc-org.springframework.boot.autoconfigure.web.WebMvcProperties'
10352 [main] DEBUG o.s.b.f.a.InjectionMetadata - Registered injected element on class [org.springframework.boot.autoconfigure.web.WebMvcAutoConfiguration$EnableWebMvcConfiguration$$EnhancerBySpringCGLIB$$6b633c53]: AutowiredMethodElement for public void org.springframework.web.servlet.config.annotation.DelegatingWebMvcConfiguration.setConfigurers(java.util.List)
10352 [main] DEBUG o.s.b.f.s.DefaultListableBeanFactory - Eagerly caching bean 'org.springframework.boot.autoconfigure.web.WebMvcAutoConfiguration$EnableWebMvcConfiguration' to allow for resolving potential circular references
10352 [main] DEBUG o.s.b.f.a.InjectionMetadata - Processing injected element of bean 'org.springframework.boot.autoconfigure.web.WebMvcAutoConfiguration$EnableWebMvcConfiguration': AutowiredMethodElement for public void org.springframework.web.servlet.config.annotation.DelegatingWebMvcConfiguration.setConfigurers(java.util.List)
10353 [main] DEBUG o.s.b.f.s.DefaultListableBeanFactory - Returning cached instance of singleton bean 'org.springframework.cloud.netflix.eureka.server.EurekaServerConfiguration'
10353 [main] DEBUG o.s.b.f.s.DefaultListableBeanFactory - Creating shared instance of singleton bean 'org.springframework.boot.autoconfigure.web.WebMvcAutoConfiguration$WebMvcAutoConfigurationAdapter'
10353 [main] DEBUG o.s.b.f.s.DefaultListableBeanFactory - Creating instance of bean 'org.springframework.boot.autoconfigure.web.WebMvcAutoConfiguration$WebMvcAutoConfigurationAdapter'
10353 [main] DEBUG o.s.c.LocalVariableTableParameterNameDiscoverer - Cannot find '.class' file for class [class org.springframework.boot.autoconfigure.web.WebMvcAutoConfiguration$WebMvcAutoConfigurationAdapter$$EnhancerBySpringCGLIB$$ff38f1c6] - unable to determine constructor/method parameter names
10354 [main] DEBUG o.s.b.f.s.DefaultListableBeanFactory - Returning cached instance of singleton bean 'spring.resources-org.springframework.boot.autoconfigure.web.ResourceProperties'
10354 [main] DEBUG o.s.b.f.s.DefaultListableBeanFactory - Returning cached instance of singleton bean 'spring.mvc-org.springframework.boot.autoconfigure.web.WebMvcProperties'
10355 [main] DEBUG o.s.b.f.s.DefaultListableBeanFactory - Creating shared instance of singleton bean 'messageConverters'
10355 [main] DEBUG o.s.b.f.s.DefaultListableBeanFactory - Creating instance of bean 'messageConverters'
10355 [main] DEBUG o.s.b.f.s.DefaultListableBeanFactory - Creating shared instance of singleton bean 'org.springframework.boot.autoconfigure.web.HttpMessageConvertersAutoConfiguration'
10355 [main] DEBUG o.s.b.f.s.DefaultListableBeanFactory - Creating instance of bean 'org.springframework.boot.autoconfigure.web.HttpMessageConvertersAutoConfiguration'
10356 [main] DEBUG o.s.c.LocalVariableTableParameterNameDiscoverer - Cannot find '.class' file for class [class org.springframework.boot.autoconfigure.web.HttpMessageConvertersAutoConfiguration$$EnhancerBySpringCGLIB$$a4edb8aa] - unable to determine constructor/method parameter names
10359 [main] DEBUG o.s.b.f.s.DefaultListableBeanFactory - Creating shared instance of singleton bean 'stringHttpMessageConverter'
10359 [main] DEBUG o.s.b.f.s.DefaultListableBeanFactory - Creating instance of bean 'stringHttpMessageConverter'
10359 [main] DEBUG o.s.b.f.s.DefaultListableBeanFactory - Creating shared instance of singleton bean 'org.springframework.boot.autoconfigure.web.HttpMessageConvertersAutoConfiguration$StringHttpMessageConverterConfiguration'
10359 [main] DEBUG o.s.b.f.s.DefaultListableBeanFactory - Creating instance of bean 'org.springframework.boot.autoconfigure.web.HttpMessageConvertersAutoConfiguration$StringHttpMessageConverterConfiguration'
10359 [main] DEBUG o.s.c.LocalVariableTableParameterNameDiscoverer - Cannot find '.class' file for class [class org.springframework.boot.autoconfigure.web.HttpMessageConvertersAutoConfiguration$StringHttpMessageConverterConfiguration$$EnhancerBySpringCGLIB$$6163c34a] - unable to determine constructor/method parameter names
10360 [main] DEBUG o.s.b.f.s.DefaultListableBeanFactory - Returning cached instance of singleton bean 'spring.http.encoding-org.springframework.boot.autoconfigure.web.HttpEncodingProperties'
10360 [main] DEBUG o.s.b.f.s.DefaultListableBeanFactory - Autowiring by type from bean name 'org.springframework.boot.autoconfigure.web.HttpMessageConvertersAutoConfiguration$StringHttpMessageConverterConfiguration' via constructor to bean named 'spring.http.encoding-org.springframework.boot.autoconfigure.web.HttpEncodingProperties'
10361 [main] DEBUG o.s.b.f.s.DefaultListableBeanFactory - Eagerly caching bean 'org.springframework.boot.autoconfigure.web.HttpMessageConvertersAutoConfiguration$StringHttpMessageConverterConfiguration' to allow for resolving potential circular references
10363 [main] DEBUG o.s.b.f.s.DefaultListableBeanFactory - Finished creating instance of bean 'org.springframework.boot.autoconfigure.web.HttpMessageConvertersAutoConfiguration$StringHttpMessageConverterConfiguration'
10369 [main] DEBUG o.s.b.f.s.DefaultListableBeanFactory - Eagerly caching bean 'stringHttpMessageConverter' to allow for resolving potential circular references
10373 [main] DEBUG o.s.b.f.s.DefaultListableBeanFactory - Finished creating instance of bean 'stringHttpMessageConverter'
10373 [main] DEBUG o.s.b.f.s.DefaultListableBeanFactory - Creating shared instance of singleton bean 'mappingJackson2XmlHttpMessageConverter'
10373 [main] DEBUG o.s.b.f.s.DefaultListableBeanFactory - Creating instance of bean 'mappingJackson2XmlHttpMessageConverter'
10373 [main] DEBUG o.s.b.f.s.DefaultListableBeanFactory - Creating shared instance of singleton bean 'org.springframework.boot.autoconfigure.web.JacksonHttpMessageConvertersConfiguration$MappingJackson2XmlHttpMessageConverterConfiguration'
10373 [main] DEBUG o.s.b.f.s.DefaultListableBeanFactory - Creating instance of bean 'org.springframework.boot.autoconfigure.web.JacksonHttpMessageConvertersConfiguration$MappingJackson2XmlHttpMessageConverterConfiguration'
10374 [main] DEBUG o.s.b.f.s.DefaultListableBeanFactory - Eagerly caching bean 'org.springframework.boot.autoconfigure.web.JacksonHttpMessageConvertersConfiguration$MappingJackson2XmlHttpMessageConverterConfiguration' to allow for resolving potential circular references
10377 [main] DEBUG o.s.b.f.s.DefaultListableBeanFactory - Finished creating instance of bean 'org.springframework.boot.autoconfigure.web.JacksonHttpMessageConvertersConfiguration$MappingJackson2XmlHttpMessageConverterConfiguration'
10378 [main] DEBUG o.s.b.f.s.DefaultListableBeanFactory - Returning cached instance of singleton bean 'jacksonObjectMapperBuilder'
10378 [main] DEBUG o.s.b.f.s.DefaultListableBeanFactory - Autowiring by type from bean name 'mappingJackson2XmlHttpMessageConverter' via factory method to bean named 'jacksonObjectMapperBuilder'
10384 [main] DEBUG o.s.b.f.s.DefaultListableBeanFactory - Eagerly caching bean 'mappingJackson2XmlHttpMessageConverter' to allow for resolving potential circular references
10390 [main] DEBUG o.s.b.f.s.DefaultListableBeanFactory - Finished creating instance of bean 'mappingJackson2XmlHttpMessageConverter'
10390 [main] DEBUG o.s.b.f.s.DefaultListableBeanFactory - Creating shared instance of singleton bean 'mappingJackson2HttpMessageConverter'
10390 [main] DEBUG o.s.b.f.s.DefaultListableBeanFactory - Creating instance of bean 'mappingJackson2HttpMessageConverter'
10390 [main] DEBUG o.s.b.f.s.DefaultListableBeanFactory - Creating shared instance of singleton bean 'org.springframework.boot.autoconfigure.web.JacksonHttpMessageConvertersConfiguration$MappingJackson2HttpMessageConverterConfiguration'
10390 [main] DEBUG o.s.b.f.s.DefaultListableBeanFactory - Creating instance of bean 'org.springframework.boot.autoconfigure.web.JacksonHttpMessageConvertersConfiguration$MappingJackson2HttpMessageConverterConfiguration'
10390 [main] DEBUG o.s.b.f.s.DefaultListableBeanFactory - Eagerly caching bean 'org.springframework.boot.autoconfigure.web.JacksonHttpMessageConvertersConfiguration$MappingJackson2HttpMessageConverterConfiguration' to allow for resolving potential circular references
10393 [main] DEBUG o.s.b.f.s.DefaultListableBeanFactory - Finished creating instance of bean 'org.springframework.boot.autoconfigure.web.JacksonHttpMessageConvertersConfiguration$MappingJackson2HttpMessageConverterConfiguration'
10394 [main] DEBUG o.s.b.f.s.DefaultListableBeanFactory - Returning cached instance of singleton bean 'jacksonObjectMapper'
10394 [main] DEBUG o.s.b.f.s.DefaultListableBeanFactory - Autowiring by type from bean name 'mappingJackson2HttpMessageConverter' via factory method to bean named 'jacksonObjectMapper'
10397 [main] DEBUG o.s.b.f.s.DefaultListableBeanFactory - Eagerly caching bean 'mappingJackson2HttpMessageConverter' to allow for resolving potential circular references
10401 [main] DEBUG o.s.b.f.s.DefaultListableBeanFactory - Finished creating instance of bean 'mappingJackson2HttpMessageConverter'
10402 [main] DEBUG o.s.b.f.s.DefaultListableBeanFactory - Eagerly caching bean 'org.springframework.boot.autoconfigure.web.HttpMessageConvertersAutoConfiguration' to allow for resolving potential circular references
10404 [main] DEBUG o.s.b.f.s.DefaultListableBeanFactory - Finished creating instance of bean 'org.springframework.boot.autoconfigure.web.HttpMessageConvertersAutoConfiguration'
10420 [main] DEBUG o.s.b.f.s.DefaultListableBeanFactory - Eagerly caching bean 'messageConverters' to allow for resolving potential circular references
10422 [main] DEBUG o.s.b.f.s.DefaultListableBeanFactory - Finished creating instance of bean 'messageConverters'
10422 [main] DEBUG o.s.b.f.s.DefaultListableBeanFactory - Autowiring by type from bean name 'org.springframework.boot.autoconfigure.web.WebMvcAutoConfiguration$WebMvcAutoConfigurationAdapter' via constructor to bean named 'spring.resources-org.springframework.boot.autoconfigure.web.ResourceProperties'
10423 [main] DEBUG o.s.b.f.s.DefaultListableBeanFactory - Autowiring by type from bean name 'org.springframework.boot.autoconfigure.web.WebMvcAutoConfiguration$WebMvcAutoConfigurationAdapter' via constructor to bean named 'spring.mvc-org.springframework.boot.autoconfigure.web.WebMvcProperties'
10423 [main] DEBUG o.s.b.f.s.DefaultListableBeanFactory - Autowiring by type from bean name 'org.springframework.boot.autoconfigure.web.WebMvcAutoConfiguration$WebMvcAutoConfigurationAdapter' via constructor to bean named 'org.springframework.beans.factory.support.DefaultListableBeanFactory@7cbc3762'
10423 [main] DEBUG o.s.b.f.s.DefaultListableBeanFactory - Autowiring by type from bean name 'org.springframework.boot.autoconfigure.web.WebMvcAutoConfiguration$WebMvcAutoConfigurationAdapter' via constructor to bean named 'messageConverters'
10424 [main] DEBUG o.s.b.f.s.DefaultListableBeanFactory - Eagerly caching bean 'org.springframework.boot.autoconfigure.web.WebMvcAutoConfiguration$WebMvcAutoConfigurationAdapter' to allow for resolving potential circular references
10429 [main] DEBUG o.s.b.f.s.DefaultListableBeanFactory - Finished creating instance of bean 'org.springframework.boot.autoconfigure.web.WebMvcAutoConfiguration$WebMvcAutoConfigurationAdapter'
10429 [main] DEBUG o.s.b.f.s.DefaultListableBeanFactory - Creating shared instance of singleton bean 'org.springframework.cloud.netflix.metrics.MetricsInterceptorConfiguration$MetricsWebResourceConfiguration'
10429 [main] DEBUG o.s.b.f.s.DefaultListableBeanFactory - Creating instance of bean 'org.springframework.cloud.netflix.metrics.MetricsInterceptorConfiguration$MetricsWebResourceConfiguration'
10429 [main] DEBUG o.s.b.f.s.DefaultListableBeanFactory - Eagerly caching bean 'org.springframework.cloud.netflix.metrics.MetricsInterceptorConfiguration$MetricsWebResourceConfiguration' to allow for resolving potential circular references
10433 [main] DEBUG o.s.b.f.s.DefaultListableBeanFactory - Finished creating instance of bean 'org.springframework.cloud.netflix.metrics.MetricsInterceptorConfiguration$MetricsWebResourceConfiguration'
10433 [main] DEBUG o.s.b.f.s.DefaultListableBeanFactory - Creating shared instance of singleton bean 'heapdumpMvcEndpoint'
10433 [main] DEBUG o.s.b.f.s.DefaultListableBeanFactory - Creating instance of bean 'heapdumpMvcEndpoint'
10433 [main] DEBUG o.s.b.f.s.DefaultListableBeanFactory - Creating shared instance of singleton bean 'org.springframework.boot.actuate.autoconfigure.EndpointWebMvcManagementContextConfiguration'
10433 [main] DEBUG o.s.b.f.s.DefaultListableBeanFactory - Creating instance of bean 'org.springframework.boot.actuate.autoconfigure.EndpointWebMvcManagementContextConfiguration'
10434 [main] DEBUG o.s.b.f.a.InjectionMetadata - Registered injected element on class [org.springframework.boot.actuate.autoconfigure.EndpointWebMvcManagementContextConfiguration$$EnhancerBySpringCGLIB$$f209ac3f]: AutowiredFieldElement for private org.springframework.boot.actuate.autoconfigure.HealthMvcEndpointProperties org.springframework.boot.actuate.autoconfigure.EndpointWebMvcManagementContextConfiguration.healthMvcEndpointProperties
10434 [main] DEBUG o.s.b.f.a.InjectionMetadata - Registered injected element on class [org.springframework.boot.actuate.autoconfigure.EndpointWebMvcManagementContextConfiguration$$EnhancerBySpringCGLIB$$f209ac3f]: AutowiredFieldElement for private org.springframework.boot.actuate.autoconfigure.ManagementServerProperties org.springframework.boot.actuate.autoconfigure.EndpointWebMvcManagementContextConfiguration.managementServerProperties
10434 [main] DEBUG o.s.b.f.a.InjectionMetadata - Registered injected element on class [org.springframework.boot.actuate.autoconfigure.EndpointWebMvcManagementContextConfiguration$$EnhancerBySpringCGLIB$$f209ac3f]: AutowiredFieldElement for private org.springframework.boot.actuate.autoconfigure.EndpointCorsProperties org.springframework.boot.actuate.autoconfigure.EndpointWebMvcManagementContextConfiguration.corsProperties
10435 [main] DEBUG o.s.b.f.a.InjectionMetadata - Registered injected element on class [org.springframework.boot.actuate.autoconfigure.EndpointWebMvcManagementContextConfiguration$$EnhancerBySpringCGLIB$$f209ac3f]: AutowiredFieldElement for private java.util.List org.springframework.boot.actuate.autoconfigure.EndpointWebMvcManagementContextConfiguration.mappingCustomizers
10435 [main] DEBUG o.s.b.f.s.DefaultListableBeanFactory - Eagerly caching bean 'org.springframework.boot.actuate.autoconfigure.EndpointWebMvcManagementContextConfiguration' to allow for resolving potential circular references
10437 [main] DEBUG o.s.b.f.a.InjectionMetadata - Processing injected element of bean 'org.springframework.boot.actuate.autoconfigure.EndpointWebMvcManagementContextConfiguration': AutowiredFieldElement for private org.springframework.boot.actuate.autoconfigure.HealthMvcEndpointProperties org.springframework.boot.actuate.autoconfigure.EndpointWebMvcManagementContextConfiguration.healthMvcEndpointProperties
10438 [main] DEBUG o.s.b.f.s.DefaultListableBeanFactory - Creating shared instance of singleton bean 'endpoints.health-org.springframework.boot.actuate.autoconfigure.HealthMvcEndpointProperties'
10438 [main] DEBUG o.s.b.f.s.DefaultListableBeanFactory - Creating instance of bean 'endpoints.health-org.springframework.boot.actuate.autoconfigure.HealthMvcEndpointProperties'
10439 [main] DEBUG o.s.b.f.s.DefaultListableBeanFactory - Eagerly caching bean 'endpoints.health-org.springframework.boot.actuate.autoconfigure.HealthMvcEndpointProperties' to allow for resolving potential circular references
10440 [main] DEBUG o.s.core.env.MutablePropertySources - Adding [servletConfigInitParams] PropertySource with lowest search precedence
10440 [main] DEBUG o.s.core.env.MutablePropertySources - Adding [servletContextInitParams] PropertySource with lowest search precedence
10440 [main] DEBUG o.s.core.env.MutablePropertySources - Adding [systemProperties] PropertySource with lowest search precedence
10440 [main] DEBUG o.s.core.env.MutablePropertySources - Adding [systemEnvironment] PropertySource with lowest search precedence
10440 [main] DEBUG o.s.core.env.MutablePropertySources - Adding [random] PropertySource with lowest search precedence
10440 [main] DEBUG o.s.core.env.MutablePropertySources - Adding [applicationConfig: [classpath:/application.properties]] PropertySource with lowest search precedence
10440 [main] DEBUG o.s.core.env.MutablePropertySources - Adding [springCloudClientHostInfo] PropertySource with lowest search precedence
10441 [main] DEBUG o.s.core.env.MutablePropertySources - Adding [class path resource [eureka/server.properties]] PropertySource with lowest search precedence
10441 [main] DEBUG o.s.core.env.MutablePropertySources - Adding [defaultProperties] PropertySource with lowest search precedence
10441 [main] DEBUG o.s.core.env.MutablePropertySources - Adding [localProperties] PropertySource with lowest search precedence
10443 [main] DEBUG o.s.b.f.s.DefaultListableBeanFactory - Finished creating instance of bean 'endpoints.health-org.springframework.boot.actuate.autoconfigure.HealthMvcEndpointProperties'
10443 [main] DEBUG o.s.b.f.a.AutowiredAnnotationBeanPostProcessor - Autowiring by type from bean name 'org.springframework.boot.actuate.autoconfigure.EndpointWebMvcManagementContextConfiguration' to bean named 'endpoints.health-org.springframework.boot.actuate.autoconfigure.HealthMvcEndpointProperties'
10443 [main] DEBUG o.s.b.f.a.InjectionMetadata - Processing injected element of bean 'org.springframework.boot.actuate.autoconfigure.EndpointWebMvcManagementContextConfiguration': AutowiredFieldElement for private org.springframework.boot.actuate.autoconfigure.ManagementServerProperties org.springframework.boot.actuate.autoconfigure.EndpointWebMvcManagementContextConfiguration.managementServerProperties
10444 [main] DEBUG o.s.b.f.s.DefaultListableBeanFactory - Creating shared instance of singleton bean 'managementServerProperties'
10444 [main] DEBUG o.s.b.f.s.DefaultListableBeanFactory - Creating instance of bean 'managementServerProperties'
10444 [main] DEBUG o.s.b.f.s.DefaultListableBeanFactory - Creating shared instance of singleton bean 'org.springframework.boot.actuate.autoconfigure.ManagementServerPropertiesAutoConfiguration'
10444 [main] DEBUG o.s.b.f.s.DefaultListableBeanFactory - Creating instance of bean 'org.springframework.boot.actuate.autoconfigure.ManagementServerPropertiesAutoConfiguration'
10445 [main] DEBUG o.s.b.f.s.DefaultListableBeanFactory - Eagerly caching bean 'org.springframework.boot.actuate.autoconfigure.ManagementServerPropertiesAutoConfiguration' to allow for resolving potential circular references
10448 [main] DEBUG o.s.b.f.s.DefaultListableBeanFactory - Finished creating instance of bean 'org.springframework.boot.actuate.autoconfigure.ManagementServerPropertiesAutoConfiguration'
10452 [main] DEBUG o.s.b.f.s.DefaultListableBeanFactory - Eagerly caching bean 'managementServerProperties' to allow for resolving potential circular references
10455 [main] DEBUG o.s.core.env.MutablePropertySources - Adding [servletConfigInitParams] PropertySource with lowest search precedence
10455 [main] DEBUG o.s.core.env.MutablePropertySources - Adding [servletContextInitParams] PropertySource with lowest search precedence
10455 [main] DEBUG o.s.core.env.MutablePropertySources - Adding [systemProperties] PropertySource with lowest search precedence
10455 [main] DEBUG o.s.core.env.MutablePropertySources - Adding [systemEnvironment] PropertySource with lowest search precedence
10455 [main] DEBUG o.s.core.env.MutablePropertySources - Adding [random] PropertySource with lowest search precedence
10455 [main] DEBUG o.s.core.env.MutablePropertySources - Adding [applicationConfig: [classpath:/application.properties]] PropertySource with lowest search precedence
10455 [main] DEBUG o.s.core.env.MutablePropertySources - Adding [springCloudClientHostInfo] PropertySource with lowest search precedence
10455 [main] DEBUG o.s.core.env.MutablePropertySources - Adding [class path resource [eureka/server.properties]] PropertySource with lowest search precedence
10455 [main] DEBUG o.s.core.env.MutablePropertySources - Adding [defaultProperties] PropertySource with lowest search precedence
10455 [main] DEBUG o.s.core.env.MutablePropertySources - Adding [localProperties] PropertySource with lowest search precedence
10458 [main] DEBUG o.s.b.f.s.DefaultListableBeanFactory - Finished creating instance of bean 'managementServerProperties'
10458 [main] DEBUG o.s.b.f.a.AutowiredAnnotationBeanPostProcessor - Autowiring by type from bean name 'org.springframework.boot.actuate.autoconfigure.EndpointWebMvcManagementContextConfiguration' to bean named 'managementServerProperties'
10458 [main] DEBUG o.s.b.f.a.InjectionMetadata - Processing injected element of bean 'org.springframework.boot.actuate.autoconfigure.EndpointWebMvcManagementContextConfiguration': AutowiredFieldElement for private org.springframework.boot.actuate.autoconfigure.EndpointCorsProperties org.springframework.boot.actuate.autoconfigure.EndpointWebMvcManagementContextConfiguration.corsProperties
10459 [main] DEBUG o.s.b.f.s.DefaultListableBeanFactory - Creating shared instance of singleton bean 'endpoints.cors-org.springframework.boot.actuate.autoconfigure.EndpointCorsProperties'
10459 [main] DEBUG o.s.b.f.s.DefaultListableBeanFactory - Creating instance of bean 'endpoints.cors-org.springframework.boot.actuate.autoconfigure.EndpointCorsProperties'
10460 [main] DEBUG o.s.b.f.s.DefaultListableBeanFactory - Eagerly caching bean 'endpoints.cors-org.springframework.boot.actuate.autoconfigure.EndpointCorsProperties' to allow for resolving potential circular references
10462 [main] DEBUG o.s.core.env.MutablePropertySources - Adding [servletConfigInitParams] PropertySource with lowest search precedence
10462 [main] DEBUG o.s.core.env.MutablePropertySources - Adding [servletContextInitParams] PropertySource with lowest search precedence
10462 [main] DEBUG o.s.core.env.MutablePropertySources - Adding [systemProperties] PropertySource with lowest search precedence
10462 [main] DEBUG o.s.core.env.MutablePropertySources - Adding [systemEnvironment] PropertySource with lowest search precedence
10462 [main] DEBUG o.s.core.env.MutablePropertySources - Adding [random] PropertySource with lowest search precedence
10463 [main] DEBUG o.s.core.env.MutablePropertySources - Adding [applicationConfig: [classpath:/application.properties]] PropertySource with lowest search precedence
10463 [main] DEBUG o.s.core.env.MutablePropertySources - Adding [springCloudClientHostInfo] PropertySource with lowest search precedence
10463 [main] DEBUG o.s.core.env.MutablePropertySources - Adding [class path resource [eureka/server.properties]] PropertySource with lowest search precedence
10463 [main] DEBUG o.s.core.env.MutablePropertySources - Adding [defaultProperties] PropertySource with lowest search precedence
10463 [main] DEBUG o.s.core.env.MutablePropertySources - Adding [localProperties] PropertySource with lowest search precedence
10466 [main] DEBUG o.s.b.f.s.DefaultListableBeanFactory - Finished creating instance of bean 'endpoints.cors-org.springframework.boot.actuate.autoconfigure.EndpointCorsProperties'
10466 [main] DEBUG o.s.b.f.a.AutowiredAnnotationBeanPostProcessor - Autowiring by type from bean name 'org.springframework.boot.actuate.autoconfigure.EndpointWebMvcManagementContextConfiguration' to bean named 'endpoints.cors-org.springframework.boot.actuate.autoconfigure.EndpointCorsProperties'
10466 [main] DEBUG o.s.b.f.a.InjectionMetadata - Processing injected element of bean 'org.springframework.boot.actuate.autoconfigure.EndpointWebMvcManagementContextConfiguration': AutowiredFieldElement for private java.util.List org.springframework.boot.actuate.autoconfigure.EndpointWebMvcManagementContextConfiguration.mappingCustomizers
10469 [main] DEBUG o.s.b.f.s.DefaultListableBeanFactory - Finished creating instance of bean 'org.springframework.boot.actuate.autoconfigure.EndpointWebMvcManagementContextConfiguration'
10477 [main] DEBUG o.s.b.f.s.DefaultListableBeanFactory - Eagerly caching bean 'heapdumpMvcEndpoint' to allow for resolving potential circular references
10483 [main] DEBUG o.s.core.env.MutablePropertySources - Adding [servletConfigInitParams] PropertySource with lowest search precedence
10483 [main] DEBUG o.s.core.env.MutablePropertySources - Adding [servletContextInitParams] PropertySource with lowest search precedence
10483 [main] DEBUG o.s.core.env.MutablePropertySources - Adding [systemProperties] PropertySource with lowest search precedence
10483 [main] DEBUG o.s.core.env.MutablePropertySources - Adding [systemEnvironment] PropertySource with lowest search precedence
10483 [main] DEBUG o.s.core.env.MutablePropertySources - Adding [random] PropertySource with lowest search precedence
10483 [main] DEBUG o.s.core.env.MutablePropertySources - Adding [applicationConfig: [classpath:/application.properties]] PropertySource with lowest search precedence
10483 [main] DEBUG o.s.core.env.MutablePropertySources - Adding [springCloudClientHostInfo] PropertySource with lowest search precedence
10483 [main] DEBUG o.s.core.env.MutablePropertySources - Adding [class path resource [eureka/server.properties]] PropertySource with lowest search precedence
10483 [main] DEBUG o.s.core.env.MutablePropertySources - Adding [defaultProperties] PropertySource with lowest search precedence
10483 [main] DEBUG o.s.core.env.MutablePropertySources - Adding [localProperties] PropertySource with lowest search precedence
10494 [main] DEBUG o.s.b.f.s.DefaultListableBeanFactory - Creating instance of bean 'org.hibernate.validator.internal.constraintvalidators.bv.PatternValidator'
10497 [main] DEBUG o.s.b.f.s.DefaultListableBeanFactory - Finished creating instance of bean 'org.hibernate.validator.internal.constraintvalidators.bv.PatternValidator'
10500 [main] DEBUG o.s.b.f.s.DefaultListableBeanFactory - Finished creating instance of bean 'heapdumpMvcEndpoint'
10500 [main] DEBUG o.s.b.f.s.DefaultListableBeanFactory - Creating shared instance of singleton bean 'observableMVCConfiguration'
10500 [main] DEBUG o.s.b.f.s.DefaultListableBeanFactory - Creating instance of bean 'observableMVCConfiguration'
10500 [main] DEBUG o.s.b.f.s.DefaultListableBeanFactory - Creating shared instance of singleton bean 'org.springframework.cloud.netflix.rx.RxJavaAutoConfiguration$RxJavaReturnValueHandlerConfig'
10500 [main] DEBUG o.s.b.f.s.DefaultListableBeanFactory - Creating instance of bean 'org.springframework.cloud.netflix.rx.RxJavaAutoConfiguration$RxJavaReturnValueHandlerConfig'
10500 [main] DEBUG o.s.b.f.s.DefaultListableBeanFactory - Eagerly caching bean 'org.springframework.cloud.netflix.rx.RxJavaAutoConfiguration$RxJavaReturnValueHandlerConfig' to allow for resolving potential circular references
10504 [main] DEBUG o.s.b.f.s.DefaultListableBeanFactory - Finished creating instance of bean 'org.springframework.cloud.netflix.rx.RxJavaAutoConfiguration$RxJavaReturnValueHandlerConfig'
10505 [main] DEBUG o.s.b.f.s.DefaultListableBeanFactory - Creating shared instance of singleton bean 'singleReturnValueHandler'
10505 [main] DEBUG o.s.b.f.s.DefaultListableBeanFactory - Creating instance of bean 'singleReturnValueHandler'
10505 [main] DEBUG o.s.b.f.s.DefaultListableBeanFactory - Returning cached instance of singleton bean 'org.springframework.cloud.netflix.rx.RxJavaAutoConfiguration$RxJavaReturnValueHandlerConfig'
10513 [main] DEBUG o.s.b.f.s.DefaultListableBeanFactory - Eagerly caching bean 'singleReturnValueHandler' to allow for resolving potential circular references
10515 [main] DEBUG o.s.b.f.s.DefaultListableBeanFactory - Finished creating instance of bean 'singleReturnValueHandler'
10515 [main] DEBUG o.s.b.f.s.DefaultListableBeanFactory - Autowiring by type from bean name 'observableMVCConfiguration' via factory method to bean named 'singleReturnValueHandler'
10515 [main] DEBUG o.s.b.f.s.DefaultListableBeanFactory - Eagerly caching bean 'observableMVCConfiguration' to allow for resolving potential circular references
10518 [main] DEBUG o.s.b.f.s.DefaultListableBeanFactory - Finished creating instance of bean 'observableMVCConfiguration'
10519 [main] DEBUG o.s.b.f.a.AutowiredAnnotationBeanPostProcessor - Autowiring by type from bean name 'org.springframework.boot.autoconfigure.web.WebMvcAutoConfiguration$EnableWebMvcConfiguration' to bean named 'org.springframework.cloud.netflix.eureka.server.EurekaServerConfiguration'
10519 [main] DEBUG o.s.b.f.a.AutowiredAnnotationBeanPostProcessor - Autowiring by type from bean name 'org.springframework.boot.autoconfigure.web.WebMvcAutoConfiguration$EnableWebMvcConfiguration' to bean named 'org.springframework.boot.autoconfigure.web.WebMvcAutoConfiguration$WebMvcAutoConfigurationAdapter'
10519 [main] DEBUG o.s.b.f.a.AutowiredAnnotationBeanPostProcessor - Autowiring by type from bean name 'org.springframework.boot.autoconfigure.web.WebMvcAutoConfiguration$EnableWebMvcConfiguration' to bean named 'org.springframework.cloud.netflix.metrics.MetricsInterceptorConfiguration$MetricsWebResourceConfiguration'
10519 [main] DEBUG o.s.b.f.a.AutowiredAnnotationBeanPostProcessor - Autowiring by type from bean name 'org.springframework.boot.autoconfigure.web.WebMvcAutoConfiguration$EnableWebMvcConfiguration' to bean named 'heapdumpMvcEndpoint'
10519 [main] DEBUG o.s.b.f.a.AutowiredAnnotationBeanPostProcessor - Autowiring by type from bean name 'org.springframework.boot.autoconfigure.web.WebMvcAutoConfiguration$EnableWebMvcConfiguration' to bean named 'observableMVCConfiguration'
10520 [main] DEBUG o.s.b.f.s.DefaultListableBeanFactory - Finished creating instance of bean 'org.springframework.boot.autoconfigure.web.WebMvcAutoConfiguration$EnableWebMvcConfiguration'
10520 [main] DEBUG o.s.b.f.s.DefaultListableBeanFactory - Creating shared instance of singleton bean 'requestMappingHandlerAdapter'
10520 [main] DEBUG o.s.b.f.s.DefaultListableBeanFactory - Creating instance of bean 'requestMappingHandlerAdapter'
10520 [main] DEBUG o.s.b.f.s.DefaultListableBeanFactory - Returning cached instance of singleton bean 'org.springframework.boot.autoconfigure.web.WebMvcAutoConfiguration$EnableWebMvcConfiguration'
10542 [main] DEBUG o.s.b.f.s.DefaultListableBeanFactory - Creating shared instance of singleton bean 'mvcContentNegotiationManager'
10542 [main] DEBUG o.s.b.f.s.DefaultListableBeanFactory - Creating instance of bean 'mvcContentNegotiationManager'
10542 [main] DEBUG o.s.b.f.s.DefaultListableBeanFactory - Returning cached instance of singleton bean 'org.springframework.boot.autoconfigure.web.WebMvcAutoConfiguration$EnableWebMvcConfiguration'
10548 [main] DEBUG o.s.b.f.s.DefaultListableBeanFactory - Eagerly caching bean 'mvcContentNegotiationManager' to allow for resolving potential circular references
10550 [main] DEBUG o.s.b.f.s.DefaultListableBeanFactory - Finished creating instance of bean 'mvcContentNegotiationManager'
10552 [main] DEBUG o.s.b.f.s.DefaultListableBeanFactory - Creating shared instance of singleton bean 'mvcConversionService'
10552 [main] DEBUG o.s.b.f.s.DefaultListableBeanFactory - Creating instance of bean 'mvcConversionService'
10552 [main] DEBUG o.s.b.f.s.DefaultListableBeanFactory - Returning cached instance of singleton bean 'org.springframework.boot.autoconfigure.web.WebMvcAutoConfiguration$EnableWebMvcConfiguration'
10555 [main] DEBUG o.s.b.f.s.DefaultListableBeanFactory - Eagerly caching bean 'mvcConversionService' to allow for resolving potential circular references
10560 [main] DEBUG o.s.b.f.s.DefaultListableBeanFactory - Finished creating instance of bean 'mvcConversionService'
10560 [main] DEBUG o.s.b.f.s.DefaultListableBeanFactory - Creating shared instance of singleton bean 'mvcValidator'
10560 [main] DEBUG o.s.b.f.s.DefaultListableBeanFactory - Creating instance of bean 'mvcValidator'
10560 [main] DEBUG o.s.b.f.s.DefaultListableBeanFactory - Returning cached instance of singleton bean 'org.springframework.boot.autoconfigure.web.WebMvcAutoConfiguration$EnableWebMvcConfiguration'
10562 [main] DEBUG o.s.b.f.s.DefaultListableBeanFactory - Eagerly caching bean 'mvcValidator' to allow for resolving potential circular references
10570 [main] DEBUG o.s.b.f.s.DefaultListableBeanFactory - Invoking afterPropertiesSet() on bean with name 'mvcValidator'
10572 [main] DEBUG o.h.v.i.e.r.DefaultTraversableResolver - Cannot find javax.persistence.Persistence on classpath. Assuming non JPA 2 environment. All properties will per default be traversable.
10572 [main] DEBUG o.h.v.i.engine.ConfigurationImpl - Setting custom MessageInterpolator of type org.springframework.validation.beanvalidation.LocaleContextMessageInterpolator
10572 [main] DEBUG o.h.v.i.engine.ConfigurationImpl - Setting custom ConstraintValidatorFactory of type org.springframework.validation.beanvalidation.SpringConstraintValidatorFactory
10572 [main] DEBUG o.h.v.i.engine.ConfigurationImpl - Setting custom ParameterNameProvider of type com.sun.proxy.$Proxy29
10572 [main] DEBUG o.h.v.i.xml.ValidationXmlParser - Trying to load META-INF/validation.xml for XML based Validator configuration.
10572 [main] DEBUG o.h.v.i.xml.ResourceLoaderHelper - Trying to load META-INF/validation.xml via user class loader
10572 [main] DEBUG o.h.v.i.xml.ResourceLoaderHelper - Trying to load META-INF/validation.xml via TCCL
10572 [main] DEBUG o.h.v.i.xml.ResourceLoaderHelper - Trying to load META-INF/validation.xml via Hibernate Validator's class loader
10573 [main] DEBUG o.h.v.i.xml.ValidationXmlParser - No META-INF/validation.xml found. Using annotation based configuration only.
10575 [main] DEBUG o.s.b.f.s.DefaultListableBeanFactory - Finished creating instance of bean 'mvcValidator'
10582 [main] DEBUG o.s.b.f.s.DefaultListableBeanFactory - Eagerly caching bean 'requestMappingHandlerAdapter' to allow for resolving potential circular references
10592 [main] DEBUG o.s.b.f.s.DefaultListableBeanFactory - Invoking afterPropertiesSet() on bean with name 'requestMappingHandlerAdapter'
10593 [main] INFO  o.s.w.s.m.m.a.RequestMappingHandlerAdapter - Looking for @ControllerAdvice: org.springframework.boot.context.embedded.AnnotationConfigEmbeddedWebApplicationContext@189aa67a: startup date [Mon Mar 06 18:59:34 CST 2017]; parent: org.springframework.context.annotation.AnnotationConfigApplicationContext@61386958
10640 [main] DEBUG o.s.b.f.s.DefaultListableBeanFactory - Finished creating instance of bean 'requestMappingHandlerAdapter'
10640 [main] DEBUG o.s.b.f.s.DefaultListableBeanFactory - Creating shared instance of singleton bean 'requestMappingHandlerMapping'
10640 [main] DEBUG o.s.b.f.s.DefaultListableBeanFactory - Creating instance of bean 'requestMappingHandlerMapping'
10640 [main] DEBUG o.s.b.f.s.DefaultListableBeanFactory - Returning cached instance of singleton bean 'org.springframework.boot.autoconfigure.web.WebMvcAutoConfiguration$EnableWebMvcConfiguration'
10649 [main] DEBUG o.s.b.f.s.DefaultListableBeanFactory - Creating shared instance of singleton bean 'servoMonitoringWebResourceInterceptor'
10649 [main] DEBUG o.s.b.f.s.DefaultListableBeanFactory - Creating instance of bean 'servoMonitoringWebResourceInterceptor'
10649 [main] DEBUG o.s.b.f.s.DefaultListableBeanFactory - Returning cached instance of singleton bean 'org.springframework.cloud.netflix.metrics.MetricsInterceptorConfiguration$MetricsWebResourceConfiguration'
10655 [main] DEBUG o.s.b.f.a.InjectionMetadata - Registered injected element on class [org.springframework.cloud.netflix.metrics.MetricsHandlerInterceptor]: AutowiredFieldElement for java.lang.String org.springframework.cloud.netflix.metrics.MetricsHandlerInterceptor.metricName
10655 [main] DEBUG o.s.b.f.a.InjectionMetadata - Registered injected element on class [org.springframework.cloud.netflix.metrics.MetricsHandlerInterceptor]: AutowiredFieldElement for java.lang.String org.springframework.cloud.netflix.metrics.MetricsHandlerInterceptor.callerHeader
10655 [main] DEBUG o.s.b.f.a.InjectionMetadata - Registered injected element on class [org.springframework.cloud.netflix.metrics.MetricsHandlerInterceptor]: AutowiredFieldElement for com.netflix.servo.MonitorRegistry org.springframework.cloud.netflix.metrics.MetricsHandlerInterceptor.registry
10655 [main] DEBUG o.s.b.f.a.InjectionMetadata - Registered injected element on class [org.springframework.cloud.netflix.metrics.MetricsHandlerInterceptor]: AutowiredFieldElement for org.springframework.cloud.netflix.metrics.servo.ServoMonitorCache org.springframework.cloud.netflix.metrics.MetricsHandlerInterceptor.servoMonitorCache
10655 [main] DEBUG o.s.b.f.a.InjectionMetadata - Registered injected element on class [org.springframework.cloud.netflix.metrics.MetricsHandlerInterceptor]: AutowiredFieldElement for java.util.Collection org.springframework.cloud.netflix.metrics.MetricsHandlerInterceptor.tagProviders
10655 [main] DEBUG o.s.b.f.s.DefaultListableBeanFactory - Eagerly caching bean 'servoMonitoringWebResourceInterceptor' to allow for resolving potential circular references
10657 [main] DEBUG o.s.b.f.a.InjectionMetadata - Processing injected element of bean 'servoMonitoringWebResourceInterceptor': AutowiredFieldElement for java.lang.String org.springframework.cloud.netflix.metrics.MetricsHandlerInterceptor.metricName
10657 [main] DEBUG o.s.c.e.PropertySourcesPropertyResolver - Could not find key 'netflix.metrics.rest.metricName:rest' in any property source
10657 [main] DEBUG o.s.c.e.PropertySourcesPropertyResolver - Could not find key 'netflix.metrics.rest.metricName:rest' in any property source
10657 [main] DEBUG o.s.c.e.PropertySourcesPropertyResolver - Could not find key 'netflix.metrics.rest.metricName' in any property source
10658 [main] DEBUG o.s.c.e.PropertySourcesPropertyResolver - Could not find key 'netflix.metrics.rest.metricName' in any property source
10658 [main] DEBUG o.s.b.f.a.InjectionMetadata - Processing injected element of bean 'servoMonitoringWebResourceInterceptor': AutowiredFieldElement for java.lang.String org.springframework.cloud.netflix.metrics.MetricsHandlerInterceptor.callerHeader
10658 [main] DEBUG o.s.c.e.PropertySourcesPropertyResolver - Could not find key 'netflix.metrics.rest.callerHeader:#{null}' in any property source
10658 [main] DEBUG o.s.c.e.PropertySourcesPropertyResolver - Could not find key 'netflix.metrics.rest.callerHeader:#{null}' in any property source
10658 [main] DEBUG o.s.c.e.PropertySourcesPropertyResolver - Could not find key 'netflix.metrics.rest.callerHeader' in any property source
10658 [main] DEBUG o.s.c.e.PropertySourcesPropertyResolver - Could not find key 'netflix.metrics.rest.callerHeader' in any property source
10687 [main] DEBUG o.s.b.f.a.InjectionMetadata - Processing injected element of bean 'servoMonitoringWebResourceInterceptor': AutowiredFieldElement for com.netflix.servo.MonitorRegistry org.springframework.cloud.netflix.metrics.MetricsHandlerInterceptor.registry
10688 [main] DEBUG o.s.b.f.s.DefaultListableBeanFactory - Returning cached instance of singleton bean 'monitorRegistry'
10688 [main] DEBUG o.s.b.f.a.AutowiredAnnotationBeanPostProcessor - Autowiring by type from bean name 'servoMonitoringWebResourceInterceptor' to bean named 'monitorRegistry'
10688 [main] DEBUG o.s.b.f.a.InjectionMetadata - Processing injected element of bean 'servoMonitoringWebResourceInterceptor': AutowiredFieldElement for org.springframework.cloud.netflix.metrics.servo.ServoMonitorCache org.springframework.cloud.netflix.metrics.MetricsHandlerInterceptor.servoMonitorCache
10689 [main] DEBUG o.s.b.f.s.DefaultListableBeanFactory - Creating shared instance of singleton bean 'monitorCache'
10689 [main] DEBUG o.s.b.f.s.DefaultListableBeanFactory - Creating instance of bean 'monitorCache'
10690 [main] DEBUG o.s.b.f.s.DefaultListableBeanFactory - Returning cached instance of singleton bean 'org.springframework.cloud.netflix.metrics.servo.ServoMetricsAutoConfiguration'
10690 [main] DEBUG o.s.b.f.s.DefaultListableBeanFactory - Returning cached instance of singleton bean 'monitorRegistry'
10691 [main] DEBUG o.s.b.f.s.DefaultListableBeanFactory - Returning cached instance of singleton bean 'servoMetricsConfig'
10691 [main] DEBUG o.s.b.f.s.DefaultListableBeanFactory - Autowiring by type from bean name 'monitorCache' via factory method to bean named 'monitorRegistry'
10691 [main] DEBUG o.s.b.f.s.DefaultListableBeanFactory - Autowiring by type from bean name 'monitorCache' via factory method to bean named 'servoMetricsConfig'
10691 [main] DEBUG o.s.b.f.s.DefaultListableBeanFactory - Eagerly caching bean 'monitorCache' to allow for resolving potential circular references
10693 [main] DEBUG o.s.b.f.s.DefaultListableBeanFactory - Finished creating instance of bean 'monitorCache'
10693 [main] DEBUG o.s.b.f.a.AutowiredAnnotationBeanPostProcessor - Autowiring by type from bean name 'servoMonitoringWebResourceInterceptor' to bean named 'monitorCache'
10693 [main] DEBUG o.s.b.f.a.InjectionMetadata - Processing injected element of bean 'servoMonitoringWebResourceInterceptor': AutowiredFieldElement for java.util.Collection org.springframework.cloud.netflix.metrics.MetricsHandlerInterceptor.tagProviders
10694 [main] DEBUG o.s.b.f.s.DefaultListableBeanFactory - Creating shared instance of singleton bean 'defaultMetricsTagProvider'
10694 [main] DEBUG o.s.b.f.s.DefaultListableBeanFactory - Creating instance of bean 'defaultMetricsTagProvider'
10694 [main] DEBUG o.s.b.f.s.DefaultListableBeanFactory - Returning cached instance of singleton bean 'org.springframework.cloud.netflix.metrics.servo.ServoMetricsAutoConfiguration'
10696 [main] DEBUG o.s.b.f.s.DefaultListableBeanFactory - Eagerly caching bean 'defaultMetricsTagProvider' to allow for resolving potential circular references
10698 [main] DEBUG o.s.b.f.s.DefaultListableBeanFactory - Finished creating instance of bean 'defaultMetricsTagProvider'
10699 [main] DEBUG o.s.b.f.a.AutowiredAnnotationBeanPostProcessor - Autowiring by type from bean name 'servoMonitoringWebResourceInterceptor' to bean named 'defaultMetricsTagProvider'
10699 [main] DEBUG o.s.b.f.s.DefaultListableBeanFactory - Finished creating instance of bean 'servoMonitoringWebResourceInterceptor'
10700 [main] DEBUG o.s.b.f.s.DefaultListableBeanFactory - Returning cached instance of singleton bean 'mvcConversionService'
10701 [main] DEBUG o.s.b.f.s.DefaultListableBeanFactory - Creating shared instance of singleton bean 'mvcResourceUrlProvider'
10701 [main] DEBUG o.s.b.f.s.DefaultListableBeanFactory - Creating instance of bean 'mvcResourceUrlProvider'
10701 [main] DEBUG o.s.b.f.s.DefaultListableBeanFactory - Returning cached instance of singleton bean 'org.springframework.boot.autoconfigure.web.WebMvcAutoConfiguration$EnableWebMvcConfiguration'
10703 [main] DEBUG o.s.b.f.s.DefaultListableBeanFactory - Eagerly caching bean 'mvcResourceUrlProvider' to allow for resolving potential circular references
10705 [main] DEBUG o.s.b.f.s.DefaultListableBeanFactory - Finished creating instance of bean 'mvcResourceUrlProvider'
10706 [main] DEBUG o.s.b.f.s.DefaultListableBeanFactory - Returning cached instance of singleton bean 'mvcContentNegotiationManager'
10710 [main] DEBUG o.s.b.f.s.DefaultListableBeanFactory - Eagerly caching bean 'requestMappingHandlerMapping' to allow for resolving potential circular references
10722 [main] DEBUG o.s.b.f.s.DefaultListableBeanFactory - Invoking afterPropertiesSet() on bean with name 'requestMappingHandlerMapping'
10722 [main] DEBUG o.s.w.s.m.m.a.RequestMappingHandlerMapping - Looking for request mappings in application context: org.springframework.boot.context.embedded.AnnotationConfigEmbeddedWebApplicationContext@189aa67a: startup date [Mon Mar 06 18:59:34 CST 2017]; parent: org.springframework.context.annotation.AnnotationConfigApplicationContext@61386958
10734 [main] DEBUG o.s.c.e.PropertySourcesPropertyResolver - Could not find key 'eureka.dashboard.path:/' in any property source
10734 [main] DEBUG o.s.c.e.PropertySourcesPropertyResolver - Could not find key 'eureka.dashboard.path:/' in any property source
10734 [main] DEBUG o.s.c.e.PropertySourcesPropertyResolver - Could not find key 'eureka.dashboard.path' in any property source
10734 [main] DEBUG o.s.c.e.PropertySourcesPropertyResolver - Could not find key 'eureka.dashboard.path' in any property source
10735 [main] DEBUG o.s.c.e.PropertySourcesPropertyResolver - Could not find key 'eureka.dashboard.path:/' in any property source
10735 [main] DEBUG o.s.c.e.PropertySourcesPropertyResolver - Could not find key 'eureka.dashboard.path:/' in any property source
10735 [main] DEBUG o.s.c.e.PropertySourcesPropertyResolver - Could not find key 'eureka.dashboard.path' in any property source
10735 [main] DEBUG o.s.c.e.PropertySourcesPropertyResolver - Could not find key 'eureka.dashboard.path' in any property source
10735 [main] DEBUG o.s.w.s.m.m.a.RequestMappingHandlerMapping - 2 request handler methods found on class org.springframework.cloud.netflix.eureka.server.EurekaController: {public java.lang.String org.springframework.cloud.netflix.eureka.server.EurekaController.status(javax.servlet.http.HttpServletRequest,java.util.Map)={[/],methods=[GET]}, public java.lang.String org.springframework.cloud.netflix.eureka.server.EurekaController.lastn(javax.servlet.http.HttpServletRequest,java.util.Map)={[/lastn],methods=[GET]}}
10735 [main] INFO  o.s.w.s.m.m.a.RequestMappingHandlerMapping - Mapped "{[/],methods=[GET]}" onto public java.lang.String org.springframework.cloud.netflix.eureka.server.EurekaController.status(javax.servlet.http.HttpServletRequest,java.util.Map<java.lang.String, java.lang.Object>)
10737 [main] INFO  o.s.w.s.m.m.a.RequestMappingHandlerMapping - Mapped "{[/lastn],methods=[GET]}" onto public java.lang.String org.springframework.cloud.netflix.eureka.server.EurekaController.lastn(javax.servlet.http.HttpServletRequest,java.util.Map<java.lang.String, java.lang.Object>)
10738 [main] DEBUG o.s.c.e.PropertySourcesPropertyResolver - Could not find key 'error.path:/error' in any property source
10738 [main] DEBUG o.s.c.e.PropertySourcesPropertyResolver - Could not find key 'error.path:/error' in any property source
10738 [main] DEBUG o.s.c.e.PropertySourcesPropertyResolver - Could not find key 'error.path' in any property source
10738 [main] DEBUG o.s.c.e.PropertySourcesPropertyResolver - Could not find key 'error.path' in any property source
10739 [main] DEBUG o.s.c.e.PropertySourcesPropertyResolver - Could not find key 'server.error.path:/error' in any property source
10739 [main] DEBUG o.s.c.e.PropertySourcesPropertyResolver - Could not find key 'server.error.path:/error' in any property source
10739 [main] DEBUG o.s.c.e.PropertySourcesPropertyResolver - Could not find key 'server.error.path' in any property source
10739 [main] DEBUG o.s.c.e.PropertySourcesPropertyResolver - Could not find key 'server.error.path' in any property source
10739 [main] DEBUG o.s.c.e.PropertySourcesPropertyResolver - Could not find key 'error.path:/error' in any property source
10739 [main] DEBUG o.s.c.e.PropertySourcesPropertyResolver - Could not find key 'error.path:/error' in any property source
10739 [main] DEBUG o.s.c.e.PropertySourcesPropertyResolver - Could not find key 'error.path' in any property source
10739 [main] DEBUG o.s.c.e.PropertySourcesPropertyResolver - Could not find key 'error.path' in any property source
10739 [main] DEBUG o.s.c.e.PropertySourcesPropertyResolver - Could not find key 'server.error.path:/error' in any property source
10739 [main] DEBUG o.s.c.e.PropertySourcesPropertyResolver - Could not find key 'server.error.path:/error' in any property source
10739 [main] DEBUG o.s.c.e.PropertySourcesPropertyResolver - Could not find key 'server.error.path' in any property source
10739 [main] DEBUG o.s.c.e.PropertySourcesPropertyResolver - Could not find key 'server.error.path' in any property source
10740 [main] DEBUG o.s.w.s.m.m.a.RequestMappingHandlerMapping - 2 request handler methods found on class org.springframework.boot.autoconfigure.web.BasicErrorController: {public org.springframework.http.ResponseEntity org.springframework.boot.autoconfigure.web.BasicErrorController.error(javax.servlet.http.HttpServletRequest)={[/error]}, public org.springframework.web.servlet.ModelAndView org.springframework.boot.autoconfigure.web.BasicErrorController.errorHtml(javax.servlet.http.HttpServletRequest,javax.servlet.http.HttpServletResponse)={[/error],produces=[text/html]}}
10740 [main] INFO  o.s.w.s.m.m.a.RequestMappingHandlerMapping - Mapped "{[/error]}" onto public org.springframework.http.ResponseEntity<java.util.Map<java.lang.String, java.lang.Object>> org.springframework.boot.autoconfigure.web.BasicErrorController.error(javax.servlet.http.HttpServletRequest)
10740 [main] INFO  o.s.w.s.m.m.a.RequestMappingHandlerMapping - Mapped "{[/error],produces=[text/html]}" onto public org.springframework.web.servlet.ModelAndView org.springframework.boot.autoconfigure.web.BasicErrorController.errorHtml(javax.servlet.http.HttpServletRequest,javax.servlet.http.HttpServletResponse)
10744 [main] DEBUG o.s.b.f.s.DefaultListableBeanFactory - Finished creating instance of bean 'requestMappingHandlerMapping'
10744 [main] DEBUG o.s.b.f.s.DefaultListableBeanFactory - Creating shared instance of singleton bean 'mvcPathMatcher'
10744 [main] DEBUG o.s.b.f.s.DefaultListableBeanFactory - Creating instance of bean 'mvcPathMatcher'
10744 [main] DEBUG o.s.b.f.s.DefaultListableBeanFactory - Returning cached instance of singleton bean 'org.springframework.boot.autoconfigure.web.WebMvcAutoConfiguration$EnableWebMvcConfiguration'
10744 [main] DEBUG o.s.b.f.s.DefaultListableBeanFactory - Eagerly caching bean 'mvcPathMatcher' to allow for resolving potential circular references
10747 [main] DEBUG o.s.b.f.s.DefaultListableBeanFactory - Finished creating instance of bean 'mvcPathMatcher'
10747 [main] DEBUG o.s.b.f.s.DefaultListableBeanFactory - Creating shared instance of singleton bean 'mvcUrlPathHelper'
10747 [main] DEBUG o.s.b.f.s.DefaultListableBeanFactory - Creating instance of bean 'mvcUrlPathHelper'
10747 [main] DEBUG o.s.b.f.s.DefaultListableBeanFactory - Returning cached instance of singleton bean 'org.springframework.boot.autoconfigure.web.WebMvcAutoConfiguration$EnableWebMvcConfiguration'
10747 [main] DEBUG o.s.b.f.s.DefaultListableBeanFactory - Eagerly caching bean 'mvcUrlPathHelper' to allow for resolving potential circular references
10749 [main] DEBUG o.s.b.f.s.DefaultListableBeanFactory - Finished creating instance of bean 'mvcUrlPathHelper'
10749 [main] DEBUG o.s.b.f.s.DefaultListableBeanFactory - Returning cached instance of singleton bean 'mvcContentNegotiationManager'
10749 [main] DEBUG o.s.b.f.s.DefaultListableBeanFactory - Creating shared instance of singleton bean 'viewControllerHandlerMapping'
10749 [main] DEBUG o.s.b.f.s.DefaultListableBeanFactory - Creating instance of bean 'viewControllerHandlerMapping'
10749 [main] DEBUG o.s.b.f.s.DefaultListableBeanFactory - Returning cached instance of singleton bean 'org.springframework.boot.autoconfigure.web.WebMvcAutoConfiguration$EnableWebMvcConfiguration'
10750 [main] DEBUG o.s.b.f.s.DefaultListableBeanFactory - Returning cached instance of singleton bean 'mvcPathMatcher'
10750 [main] DEBUG o.s.b.f.s.DefaultListableBeanFactory - Returning cached instance of singleton bean 'mvcUrlPathHelper'
10750 [main] DEBUG o.s.b.f.s.DefaultListableBeanFactory - Eagerly caching bean 'viewControllerHandlerMapping' to allow for resolving potential circular references
10757 [main] DEBUG o.s.b.f.s.DefaultListableBeanFactory - Finished creating instance of bean 'viewControllerHandlerMapping'
10757 [main] DEBUG o.s.b.f.s.DefaultListableBeanFactory - Creating shared instance of singleton bean 'beanNameHandlerMapping'
10757 [main] DEBUG o.s.b.f.s.DefaultListableBeanFactory - Creating instance of bean 'beanNameHandlerMapping'
10757 [main] DEBUG o.s.b.f.s.DefaultListableBeanFactory - Returning cached instance of singleton bean 'org.springframework.boot.autoconfigure.web.WebMvcAutoConfiguration$EnableWebMvcConfiguration'
10759 [main] DEBUG o.s.b.f.s.DefaultListableBeanFactory - Eagerly caching bean 'beanNameHandlerMapping' to allow for resolving potential circular references
10769 [main] DEBUG o.s.w.s.h.BeanNameUrlHandlerMapping - Looking for URL mappings in application context: org.springframework.boot.context.embedded.AnnotationConfigEmbeddedWebApplicationContext@189aa67a: startup date [Mon Mar 06 18:59:34 CST 2017]; parent: org.springframework.context.annotation.AnnotationConfigApplicationContext@61386958
10769 [main] DEBUG o.s.w.s.h.BeanNameUrlHandlerMapping - Rejected bean name 'org.springframework.context.annotation.internalConfigurationAnnotationProcessor': no URL paths identified
10769 [main] DEBUG o.s.w.s.h.BeanNameUrlHandlerMapping - Rejected bean name 'org.springframework.context.annotation.internalAutowiredAnnotationProcessor': no URL paths identified
10769 [main] DEBUG o.s.w.s.h.BeanNameUrlHandlerMapping - Rejected bean name 'org.springframework.context.annotation.internalRequiredAnnotationProcessor': no URL paths identified
10769 [main] DEBUG o.s.w.s.h.BeanNameUrlHandlerMapping - Rejected bean name 'org.springframework.context.annotation.internalCommonAnnotationProcessor': no URL paths identified
10769 [main] DEBUG o.s.w.s.h.BeanNameUrlHandlerMapping - Rejected bean name 'org.springframework.context.event.internalEventListenerProcessor': no URL paths identified
10769 [main] DEBUG o.s.w.s.h.BeanNameUrlHandlerMapping - Rejected bean name 'org.springframework.context.event.internalEventListenerFactory': no URL paths identified
10769 [main] DEBUG o.s.w.s.h.BeanNameUrlHandlerMapping - Rejected bean name 'application': no URL paths identified
10769 [main] DEBUG o.s.w.s.h.BeanNameUrlHandlerMapping - Rejected bean name 'org.springframework.boot.autoconfigure.internalCachingMetadataReaderFactory': no URL paths identified
10769 [main] DEBUG o.s.w.s.h.BeanNameUrlHandlerMapping - Rejected bean name 'org.springframework.cloud.netflix.eureka.server.EurekaServerConfiguration$EurekaServerConfigBeanConfiguration': no URL paths identified
10769 [main] DEBUG o.s.w.s.h.BeanNameUrlHandlerMapping - Rejected bean name 'org.springframework.boot.autoconfigure.condition.BeanTypeRegistry': no URL paths identified
10769 [main] DEBUG o.s.w.s.h.BeanNameUrlHandlerMapping - Rejected bean name 'eurekaServerConfig': no URL paths identified
10769 [main] DEBUG o.s.w.s.h.BeanNameUrlHandlerMapping - Rejected bean name 'org.springframework.cloud.netflix.eureka.server.EurekaServerInitializerConfiguration': no URL paths identified
10769 [main] DEBUG o.s.w.s.h.BeanNameUrlHandlerMapping - Rejected bean name 'org.springframework.cloud.netflix.eureka.server.EurekaServerConfiguration': no URL paths identified
10769 [main] DEBUG o.s.w.s.h.BeanNameUrlHandlerMapping - Rejected bean name 'eurekaServerFeature': no URL paths identified
10769 [main] DEBUG o.s.w.s.h.BeanNameUrlHandlerMapping - Rejected bean name 'eurekaController': no URL paths identified
10769 [main] DEBUG o.s.w.s.h.BeanNameUrlHandlerMapping - Rejected bean name 'serverCodecs': no URL paths identified
10769 [main] DEBUG o.s.w.s.h.BeanNameUrlHandlerMapping - Rejected bean name 'peerAwareInstanceRegistry': no URL paths identified
10769 [main] DEBUG o.s.w.s.h.BeanNameUrlHandlerMapping - Rejected bean name 'peerEurekaNodes': no URL paths identified
10769 [main] DEBUG o.s.w.s.h.BeanNameUrlHandlerMapping - Rejected bean name 'eurekaServerContext': no URL paths identified
10769 [main] DEBUG o.s.w.s.h.BeanNameUrlHandlerMapping - Rejected bean name 'eurekaServerBootstrap': no URL paths identified
10769 [main] DEBUG o.s.w.s.h.BeanNameUrlHandlerMapping - Rejected bean name 'jerseyFilterRegistration': no URL paths identified
10769 [main] DEBUG o.s.w.s.h.BeanNameUrlHandlerMapping - Rejected bean name 'jerseyApplication': no URL paths identified
10769 [main] DEBUG o.s.w.s.h.BeanNameUrlHandlerMapping - Rejected bean name 'traceFilterRegistration': no URL paths identified
10769 [main] DEBUG o.s.w.s.h.BeanNameUrlHandlerMapping - Rejected bean name 'eureka.dashboard-org.springframework.cloud.netflix.eureka.server.EurekaDashboardProperties': no URL paths identified
10769 [main] DEBUG o.s.w.s.h.BeanNameUrlHandlerMapping - Rejected bean name 'org.springframework.boot.context.properties.ConfigurationPropertiesBindingPostProcessor': no URL paths identified
10769 [main] DEBUG o.s.w.s.h.BeanNameUrlHandlerMapping - Rejected bean name 'org.springframework.boot.context.properties.ConfigurationPropertiesBindingPostProcessor.store': no URL paths identified
10769 [main] DEBUG o.s.w.s.h.BeanNameUrlHandlerMapping - Rejected bean name 'org.springframework.boot.autoconfigure.AutoConfigurationPackages': no URL paths identified
10769 [main] DEBUG o.s.w.s.h.BeanNameUrlHandlerMapping - Rejected bean name 'org.springframework.cloud.netflix.eureka.EurekaDiscoveryClientConfiguration$EurekaHealthIndicatorConfiguration': no URL paths identified
10769 [main] DEBUG o.s.w.s.h.BeanNameUrlHandlerMapping - Rejected bean name 'eurekaHealthIndicator': no URL paths identified
10769 [main] DEBUG o.s.w.s.h.BeanNameUrlHandlerMapping - Rejected bean name 'org.springframework.cloud.netflix.eureka.EurekaDiscoveryClientConfiguration$EurekaClientConfigurationRefresher': no URL paths identified
10769 [main] DEBUG o.s.w.s.h.BeanNameUrlHandlerMapping - Rejected bean name 'org.springframework.cloud.netflix.eureka.EurekaDiscoveryClientConfiguration': no URL paths identified
10769 [main] DEBUG o.s.w.s.h.BeanNameUrlHandlerMapping - Rejected bean name 'org.springframework.boot.autoconfigure.PropertyPlaceholderAutoConfiguration': no URL paths identified
10769 [main] DEBUG o.s.w.s.h.BeanNameUrlHandlerMapping - Rejected bean name 'propertySourcesPlaceholderConfigurer': no URL paths identified
10769 [main] DEBUG o.s.w.s.h.BeanNameUrlHandlerMapping - Rejected bean name 'org.springframework.boot.autoconfigure.jackson.JacksonAutoConfiguration$Jackson2ObjectMapperBuilderCustomizerConfiguration': no URL paths identified
10769 [main] DEBUG o.s.w.s.h.BeanNameUrlHandlerMapping - Rejected bean name 'standardJacksonObjectMapperBuilderCustomizer': no URL paths identified
10769 [main] DEBUG o.s.w.s.h.BeanNameUrlHandlerMapping - Rejected bean name 'spring.jackson-org.springframework.boot.autoconfigure.jackson.JacksonProperties': no URL paths identified
10769 [main] DEBUG o.s.w.s.h.BeanNameUrlHandlerMapping - Rejected bean name 'org.springframework.boot.autoconfigure.jackson.JacksonAutoConfiguration$JacksonObjectMapperBuilderConfiguration': no URL paths identified
10769 [main] DEBUG o.s.w.s.h.BeanNameUrlHandlerMapping - Rejected bean name 'jacksonObjectMapperBuilder': no URL paths identified
10769 [main] DEBUG o.s.w.s.h.BeanNameUrlHandlerMapping - Rejected bean name 'org.springframework.boot.autoconfigure.jackson.JacksonAutoConfiguration$JacksonObjectMapperConfiguration': no URL paths identified
10769 [main] DEBUG o.s.w.s.h.BeanNameUrlHandlerMapping - Rejected bean name 'jacksonObjectMapper': no URL paths identified
10769 [main] DEBUG o.s.w.s.h.BeanNameUrlHandlerMapping - Rejected bean name 'org.springframework.boot.autoconfigure.jackson.JacksonAutoConfiguration': no URL paths identified
10769 [main] DEBUG o.s.w.s.h.BeanNameUrlHandlerMapping - Rejected bean name 'jsonComponentModule': no URL paths identified
10769 [main] DEBUG o.s.w.s.h.BeanNameUrlHandlerMapping - Rejected bean name 'org.springframework.boot.autoconfigure.websocket.WebSocketAutoConfiguration$TomcatWebSocketConfiguration': no URL paths identified
10769 [main] DEBUG o.s.w.s.h.BeanNameUrlHandlerMapping - Rejected bean name 'websocketContainerCustomizer': no URL paths identified
10769 [main] DEBUG o.s.w.s.h.BeanNameUrlHandlerMapping - Rejected bean name 'org.springframework.boot.autoconfigure.websocket.WebSocketAutoConfiguration': no URL paths identified
10769 [main] DEBUG o.s.w.s.h.BeanNameUrlHandlerMapping - Rejected bean name 'org.springframework.boot.autoconfigure.web.EmbeddedServletContainerAutoConfiguration$EmbeddedTomcat': no URL paths identified
10769 [main] DEBUG o.s.w.s.h.BeanNameUrlHandlerMapping - Rejected bean name 'tomcatEmbeddedServletContainerFactory': no URL paths identified
10769 [main] DEBUG o.s.w.s.h.BeanNameUrlHandlerMapping - Rejected bean name 'org.springframework.boot.autoconfigure.web.EmbeddedServletContainerAutoConfiguration': no URL paths identified
10769 [main] DEBUG o.s.w.s.h.BeanNameUrlHandlerMapping - Rejected bean name 'embeddedServletContainerCustomizerBeanPostProcessor': no URL paths identified
10769 [main] DEBUG o.s.w.s.h.BeanNameUrlHandlerMapping - Rejected bean name 'errorPageRegistrarBeanPostProcessor': no URL paths identified
10769 [main] DEBUG o.s.w.s.h.BeanNameUrlHandlerMapping - Rejected bean name 'org.springframework.boot.autoconfigure.web.DispatcherServletAutoConfiguration$DispatcherServletConfiguration': no URL paths identified
10769 [main] DEBUG o.s.w.s.h.BeanNameUrlHandlerMapping - Rejected bean name 'dispatcherServlet': no URL paths identified
10769 [main] DEBUG o.s.w.s.h.BeanNameUrlHandlerMapping - Rejected bean name 'spring.mvc-org.springframework.boot.autoconfigure.web.WebMvcProperties': no URL paths identified
10769 [main] DEBUG o.s.w.s.h.BeanNameUrlHandlerMapping - Rejected bean name 'org.springframework.boot.autoconfigure.web.DispatcherServletAutoConfiguration$DispatcherServletRegistrationConfiguration': no URL paths identified
10769 [main] DEBUG o.s.w.s.h.BeanNameUrlHandlerMapping - Rejected bean name 'dispatcherServletRegistration': no URL paths identified
10770 [main] DEBUG o.s.w.s.h.BeanNameUrlHandlerMapping - Rejected bean name 'org.springframework.boot.autoconfigure.web.DispatcherServletAutoConfiguration': no URL paths identified
10770 [main] DEBUG o.s.w.s.h.BeanNameUrlHandlerMapping - Rejected bean name 'org.springframework.boot.autoconfigure.web.ErrorMvcAutoConfiguration$WhitelabelErrorViewConfiguration': no URL paths identified
10770 [main] DEBUG o.s.w.s.h.BeanNameUrlHandlerMapping - Rejected bean name 'error': no URL paths identified
10770 [main] DEBUG o.s.w.s.h.BeanNameUrlHandlerMapping - Rejected bean name 'beanNameViewResolver': no URL paths identified
10770 [main] DEBUG o.s.w.s.h.BeanNameUrlHandlerMapping - Rejected bean name 'org.springframework.boot.autoconfigure.web.ErrorMvcAutoConfiguration': no URL paths identified
10770 [main] DEBUG o.s.w.s.h.BeanNameUrlHandlerMapping - Rejected bean name 'errorAttributes': no URL paths identified
10770 [main] DEBUG o.s.w.s.h.BeanNameUrlHandlerMapping - Rejected bean name 'basicErrorController': no URL paths identified
10770 [main] DEBUG o.s.w.s.h.BeanNameUrlHandlerMapping - Rejected bean name 'errorPageCustomizer': no URL paths identified
10770 [main] DEBUG o.s.w.s.h.BeanNameUrlHandlerMapping - Rejected bean name 'conventionErrorViewResolver': no URL paths identified
10770 [main] DEBUG o.s.w.s.h.BeanNameUrlHandlerMapping - Rejected bean name 'preserveErrorControllerTargetClassPostProcessor': no URL paths identified
10770 [main] DEBUG o.s.w.s.h.BeanNameUrlHandlerMapping - Rejected bean name 'spring.resources-org.springframework.boot.autoconfigure.web.ResourceProperties': no URL paths identified
10770 [main] DEBUG o.s.w.s.h.BeanNameUrlHandlerMapping - Rejected bean name 'org.springframework.boot.autoconfigure.web.WebMvcAutoConfiguration$EnableWebMvcConfiguration': no URL paths identified
10770 [main] DEBUG o.s.w.s.h.BeanNameUrlHandlerMapping - Rejected bean name 'requestMappingHandlerAdapter': no URL paths identified
10770 [main] DEBUG o.s.w.s.h.BeanNameUrlHandlerMapping - Rejected bean name 'requestMappingHandlerMapping': no URL paths identified
10770 [main] DEBUG o.s.w.s.h.BeanNameUrlHandlerMapping - Rejected bean name 'mvcPathMatcher': no URL paths identified
10770 [main] DEBUG o.s.w.s.h.BeanNameUrlHandlerMapping - Rejected bean name 'mvcUrlPathHelper': no URL paths identified
10770 [main] DEBUG o.s.w.s.h.BeanNameUrlHandlerMapping - Rejected bean name 'mvcContentNegotiationManager': no URL paths identified
10770 [main] DEBUG o.s.w.s.h.BeanNameUrlHandlerMapping - Rejected bean name 'viewControllerHandlerMapping': no URL paths identified
10770 [main] DEBUG o.s.w.s.h.BeanNameUrlHandlerMapping - Rejected bean name 'beanNameHandlerMapping': no URL paths identified
10770 [main] DEBUG o.s.w.s.h.BeanNameUrlHandlerMapping - Rejected bean name 'resourceHandlerMapping': no URL paths identified
10770 [main] DEBUG o.s.w.s.h.BeanNameUrlHandlerMapping - Rejected bean name 'mvcResourceUrlProvider': no URL paths identified
10770 [main] DEBUG o.s.w.s.h.BeanNameUrlHandlerMapping - Rejected bean name 'defaultServletHandlerMapping': no URL paths identified
10770 [main] DEBUG o.s.w.s.h.BeanNameUrlHandlerMapping - Rejected bean name 'mvcConversionService': no URL paths identified
10770 [main] DEBUG o.s.w.s.h.BeanNameUrlHandlerMapping - Rejected bean name 'mvcValidator': no URL paths identified
10770 [main] DEBUG o.s.w.s.h.BeanNameUrlHandlerMapping - Rejected bean name 'mvcUriComponentsContributor': no URL paths identified
10770 [main] DEBUG o.s.w.s.h.BeanNameUrlHandlerMapping - Rejected bean name 'httpRequestHandlerAdapter': no URL paths identified
10770 [main] DEBUG o.s.w.s.h.BeanNameUrlHandlerMapping - Rejected bean name 'simpleControllerHandlerAdapter': no URL paths identified
10770 [main] DEBUG o.s.w.s.h.BeanNameUrlHandlerMapping - Rejected bean name 'handlerExceptionResolver': no URL paths identified
10770 [main] DEBUG o.s.w.s.h.BeanNameUrlHandlerMapping - Rejected bean name 'mvcViewResolver': no URL paths identified
10770 [main] DEBUG o.s.w.s.h.BeanNameUrlHandlerMapping - Rejected bean name 'org.springframework.boot.autoconfigure.web.WebMvcAutoConfiguration$WebMvcAutoConfigurationAdapter$FaviconConfiguration': no URL paths identified
10770 [main] DEBUG o.s.w.s.h.BeanNameUrlHandlerMapping - Rejected bean name 'faviconHandlerMapping': no URL paths identified
10770 [main] DEBUG o.s.w.s.h.BeanNameUrlHandlerMapping - Rejected bean name 'faviconRequestHandler': no URL paths identified
10770 [main] DEBUG o.s.w.s.h.BeanNameUrlHandlerMapping - Rejected bean name 'org.springframework.boot.autoconfigure.web.WebMvcAutoConfiguration$WebMvcAutoConfigurationAdapter': no URL paths identified
10770 [main] DEBUG o.s.w.s.h.BeanNameUrlHandlerMapping - Rejected bean name 'defaultViewResolver': no URL paths identified
10770 [main] DEBUG o.s.w.s.h.BeanNameUrlHandlerMapping - Rejected bean name 'viewResolver': no URL paths identified
10770 [main] DEBUG o.s.w.s.h.BeanNameUrlHandlerMapping - Rejected bean name 'welcomePageHandlerMapping': no URL paths identified
10770 [main] DEBUG o.s.w.s.h.BeanNameUrlHandlerMapping - Rejected bean name 'requestContextFilter': no URL paths identified
10770 [main] DEBUG o.s.w.s.h.BeanNameUrlHandlerMapping - Rejected bean name 'org.springframework.boot.autoconfigure.web.WebMvcAutoConfiguration': no URL paths identified
10770 [main] DEBUG o.s.w.s.h.BeanNameUrlHandlerMapping - Rejected bean name 'hiddenHttpMethodFilter': no URL paths identified
10770 [main] DEBUG o.s.w.s.h.BeanNameUrlHandlerMapping - Rejected bean name 'httpPutFormContentFilter': no URL paths identified
10770 [main] DEBUG o.s.w.s.h.BeanNameUrlHandlerMapping - Rejected bean name 'org.springframework.cloud.autoconfigure.RefreshAutoConfiguration': no URL paths identified
10770 [main] DEBUG o.s.w.s.h.BeanNameUrlHandlerMapping - Rejected bean name 'refreshScope': no URL paths identified
10770 [main] DEBUG o.s.w.s.h.BeanNameUrlHandlerMapping - Rejected bean name 'loggingRebinder': no URL paths identified
10770 [main] DEBUG o.s.w.s.h.BeanNameUrlHandlerMapping - Rejected bean name 'environmentManager': no URL paths identified
10770 [main] DEBUG o.s.w.s.h.BeanNameUrlHandlerMapping - Rejected bean name 'contextRefresher': no URL paths identified
10770 [main] DEBUG o.s.w.s.h.BeanNameUrlHandlerMapping - Rejected bean name 'org.springframework.cloud.netflix.eureka.EurekaClientAutoConfiguration$RefreshableEurekaClientConfiguration': no URL paths identified
10770 [main] DEBUG o.s.w.s.h.BeanNameUrlHandlerMapping - Rejected bean name 'scopedTarget.eurekaClient': no URL paths identified
10770 [main] DEBUG o.s.w.s.h.BeanNameUrlHandlerMapping - Rejected bean name 'eurekaClient': no URL paths identified
10770 [main] DEBUG o.s.w.s.h.BeanNameUrlHandlerMapping - Rejected bean name 'scopedTarget.eurekaApplicationInfoManager': no URL paths identified
10770 [main] DEBUG o.s.w.s.h.BeanNameUrlHandlerMapping - Rejected bean name 'eurekaApplicationInfoManager': no URL paths identified
10770 [main] DEBUG o.s.w.s.h.BeanNameUrlHandlerMapping - Rejected bean name 'org.springframework.cloud.netflix.eureka.EurekaClientAutoConfiguration': no URL paths identified
10770 [main] DEBUG o.s.w.s.h.BeanNameUrlHandlerMapping - Rejected bean name 'eurekaFeature': no URL paths identified
10770 [main] DEBUG o.s.w.s.h.BeanNameUrlHandlerMapping - Rejected bean name 'eurekaClientConfigBean': no URL paths identified
10770 [main] DEBUG o.s.w.s.h.BeanNameUrlHandlerMapping - Rejected bean name 'eurekaInstanceConfigBean': no URL paths identified
10770 [main] DEBUG o.s.w.s.h.BeanNameUrlHandlerMapping - Rejected bean name 'discoveryClient': no URL paths identified
10770 [main] DEBUG o.s.w.s.h.BeanNameUrlHandlerMapping - Rejected bean name 'discoveryClientOptionalArgs': no URL paths identified
10770 [main] DEBUG o.s.w.s.h.BeanNameUrlHandlerMapping - Rejected bean name 'org.springframework.cloud.client.CommonsClientAutoConfiguration$ActuatorConfiguration': no URL paths identified
10770 [main] DEBUG o.s.w.s.h.BeanNameUrlHandlerMapping - Rejected bean name 'featuresEndpoint': no URL paths identified
10770 [main] DEBUG o.s.w.s.h.BeanNameUrlHandlerMapping - Rejected bean name 'org.springframework.cloud.client.CommonsClientAutoConfiguration': no URL paths identified
10770 [main] DEBUG o.s.w.s.h.BeanNameUrlHandlerMapping - Rejected bean name 'discoveryClientHealthIndicator': no URL paths identified
10770 [main] DEBUG o.s.w.s.h.BeanNameUrlHandlerMapping - Rejected bean name 'discoveryCompositeHealthIndicator': no URL paths identified
10770 [main] DEBUG o.s.w.s.h.BeanNameUrlHandlerMapping - Rejected bean name 'commonsFeatures': no URL paths identified
10770 [main] DEBUG o.s.w.s.h.BeanNameUrlHandlerMapping - Rejected bean name 'org.springframework.cloud.commons.util.UtilAutoConfiguration': no URL paths identified
10770 [main] DEBUG o.s.w.s.h.BeanNameUrlHandlerMapping - Rejected bean name 'inetUtilsProperties': no URL paths identified
10770 [main] DEBUG o.s.w.s.h.BeanNameUrlHandlerMapping - Rejected bean name 'inetUtils': no URL paths identified
10770 [main] DEBUG o.s.w.s.h.BeanNameUrlHandlerMapping - Rejected bean name 'org.springframework.boot.actuate.autoconfigure.AuditAutoConfiguration$AuditEventRepositoryConfiguration': no URL paths identified
10770 [main] DEBUG o.s.w.s.h.BeanNameUrlHandlerMapping - Rejected bean name 'auditEventRepository': no URL paths identified
10770 [main] DEBUG o.s.w.s.h.BeanNameUrlHandlerMapping - Rejected bean name 'org.springframework.boot.actuate.autoconfigure.AuditAutoConfiguration': no URL paths identified
10770 [main] DEBUG o.s.w.s.h.BeanNameUrlHandlerMapping - Rejected bean name 'auditListener': no URL paths identified
10771 [main] DEBUG o.s.w.s.h.BeanNameUrlHandlerMapping - Rejected bean name 'org.springframework.boot.autoconfigure.info.ProjectInfoAutoConfiguration': no URL paths identified
10771 [main] DEBUG o.s.w.s.h.BeanNameUrlHandlerMapping - Rejected bean name 'spring.info-org.springframework.boot.autoconfigure.info.ProjectInfoProperties': no URL paths identified
10771 [main] DEBUG o.s.w.s.h.BeanNameUrlHandlerMapping - Rejected bean name 'org.springframework.boot.actuate.autoconfigure.InfoContributorAutoConfiguration': no URL paths identified
10771 [main] DEBUG o.s.w.s.h.BeanNameUrlHandlerMapping - Rejected bean name 'envInfoContributor': no URL paths identified
10771 [main] DEBUG o.s.w.s.h.BeanNameUrlHandlerMapping - Rejected bean name 'management.info-org.springframework.boot.actuate.autoconfigure.InfoContributorProperties': no URL paths identified
10771 [main] DEBUG o.s.w.s.h.BeanNameUrlHandlerMapping - Rejected bean name 'org.springframework.boot.actuate.autoconfigure.HealthIndicatorAutoConfiguration$DiskSpaceHealthIndicatorConfiguration': no URL paths identified
10771 [main] DEBUG o.s.w.s.h.BeanNameUrlHandlerMapping - Rejected bean name 'diskSpaceHealthIndicator': no URL paths identified
10771 [main] DEBUG o.s.w.s.h.BeanNameUrlHandlerMapping - Rejected bean name 'diskSpaceHealthIndicatorProperties': no URL paths identified
10771 [main] DEBUG o.s.w.s.h.BeanNameUrlHandlerMapping - Rejected bean name 'org.springframework.boot.actuate.autoconfigure.HealthIndicatorAutoConfiguration': no URL paths identified
10771 [main] DEBUG o.s.w.s.h.BeanNameUrlHandlerMapping - Rejected bean name 'healthAggregator': no URL paths identified
10771 [main] DEBUG o.s.w.s.h.BeanNameUrlHandlerMapping - Rejected bean name 'management.health.status-org.springframework.boot.actuate.autoconfigure.HealthIndicatorProperties': no URL paths identified
10771 [main] DEBUG o.s.w.s.h.BeanNameUrlHandlerMapping - Rejected bean name 'org.springframework.cloud.netflix.metrics.MetricsInterceptorConfiguration$MetricsWebResourceConfiguration': no URL paths identified
10771 [main] DEBUG o.s.w.s.h.BeanNameUrlHandlerMapping - Rejected bean name 'servoMonitoringWebResourceInterceptor': no URL paths identified
10771 [main] DEBUG o.s.w.s.h.BeanNameUrlHandlerMapping - Rejected bean name 'org.springframework.cloud.netflix.metrics.MetricsInterceptorConfiguration': no URL paths identified
10771 [main] DEBUG o.s.w.s.h.BeanNameUrlHandlerMapping - Rejected bean name 'org.springframework.cloud.netflix.metrics.servo.ServoMetricsAutoConfiguration': no URL paths identified
10771 [main] DEBUG o.s.w.s.h.BeanNameUrlHandlerMapping - Rejected bean name 'servoMetricsConfig': no URL paths identified
10771 [main] DEBUG o.s.w.s.h.BeanNameUrlHandlerMapping - Rejected bean name 'servoMetricNaming': no URL paths identified
10771 [main] DEBUG o.s.w.s.h.BeanNameUrlHandlerMapping - Rejected bean name 'monitorRegistry': no URL paths identified
10771 [main] DEBUG o.s.w.s.h.BeanNameUrlHandlerMapping - Rejected bean name 'monitorCache': no URL paths identified
10771 [main] DEBUG o.s.w.s.h.BeanNameUrlHandlerMapping - Rejected bean name 'servoMetricReader': no URL paths identified
10771 [main] DEBUG o.s.w.s.h.BeanNameUrlHandlerMapping - Rejected bean name 'servoPublicMetrics': no URL paths identified
10771 [main] DEBUG o.s.w.s.h.BeanNameUrlHandlerMapping - Rejected bean name 'servoMetricServices': no URL paths identified
10771 [main] DEBUG o.s.w.s.h.BeanNameUrlHandlerMapping - Rejected bean name 'defaultMetricsTagProvider': no URL paths identified
10771 [main] DEBUG o.s.w.s.h.BeanNameUrlHandlerMapping - Rejected bean name 'org.springframework.boot.actuate.autoconfigure.MetricRepositoryAutoConfiguration': no URL paths identified
10771 [main] DEBUG o.s.w.s.h.BeanNameUrlHandlerMapping - Rejected bean name 'org.springframework.boot.autoconfigure.jmx.JmxAutoConfiguration': no URL paths identified
10771 [main] DEBUG o.s.w.s.h.BeanNameUrlHandlerMapping - Rejected bean name 'mbeanExporter': no URL paths identified
10771 [main] DEBUG o.s.w.s.h.BeanNameUrlHandlerMapping - Rejected bean name 'objectNamingStrategy': no URL paths identified
10771 [main] DEBUG o.s.w.s.h.BeanNameUrlHandlerMapping - Rejected bean name 'mbeanServer': no URL paths identified
10771 [main] DEBUG o.s.w.s.h.BeanNameUrlHandlerMapping - Rejected bean name 'org.springframework.boot.actuate.autoconfigure.PublicMetricsAutoConfiguration$TomcatMetricsConfiguration': no URL paths identified
10771 [main] DEBUG o.s.w.s.h.BeanNameUrlHandlerMapping - Rejected bean name 'tomcatPublicMetrics': no URL paths identified
10771 [main] DEBUG o.s.w.s.h.BeanNameUrlHandlerMapping - Rejected bean name 'org.springframework.boot.actuate.autoconfigure.PublicMetricsAutoConfiguration': no URL paths identified
10771 [main] DEBUG o.s.w.s.h.BeanNameUrlHandlerMapping - Rejected bean name 'systemPublicMetrics': no URL paths identified
10771 [main] DEBUG o.s.w.s.h.BeanNameUrlHandlerMapping - Rejected bean name 'metricReaderPublicMetrics': no URL paths identified
10771 [main] DEBUG o.s.w.s.h.BeanNameUrlHandlerMapping - Rejected bean name 'org.springframework.boot.actuate.autoconfigure.EndpointAutoConfiguration$RequestMappingEndpointConfiguration': no URL paths identified
10771 [main] DEBUG o.s.w.s.h.BeanNameUrlHandlerMapping - Rejected bean name 'requestMappingEndpoint': no URL paths identified
10771 [main] DEBUG o.s.w.s.h.BeanNameUrlHandlerMapping - Rejected bean name 'org.springframework.boot.actuate.autoconfigure.EndpointAutoConfiguration': no URL paths identified
10771 [main] DEBUG o.s.w.s.h.BeanNameUrlHandlerMapping - Rejected bean name 'environmentEndpoint': no URL paths identified
10771 [main] DEBUG o.s.w.s.h.BeanNameUrlHandlerMapping - Rejected bean name 'healthEndpoint': no URL paths identified
10771 [main] DEBUG o.s.w.s.h.BeanNameUrlHandlerMapping - Rejected bean name 'beansEndpoint': no URL paths identified
10771 [main] DEBUG o.s.w.s.h.BeanNameUrlHandlerMapping - Rejected bean name 'infoEndpoint': no URL paths identified
10771 [main] DEBUG o.s.w.s.h.BeanNameUrlHandlerMapping - Rejected bean name 'metricsEndpoint': no URL paths identified
10771 [main] DEBUG o.s.w.s.h.BeanNameUrlHandlerMapping - Rejected bean name 'traceEndpoint': no URL paths identified
10771 [main] DEBUG o.s.w.s.h.BeanNameUrlHandlerMapping - Rejected bean name 'dumpEndpoint': no URL paths identified
10771 [main] DEBUG o.s.w.s.h.BeanNameUrlHandlerMapping - Rejected bean name 'autoConfigurationReportEndpoint': no URL paths identified
10771 [main] DEBUG o.s.w.s.h.BeanNameUrlHandlerMapping - Rejected bean name 'shutdownEndpoint': no URL paths identified
10771 [main] DEBUG o.s.w.s.h.BeanNameUrlHandlerMapping - Rejected bean name 'configurationPropertiesReportEndpoint': no URL paths identified
10771 [main] DEBUG o.s.w.s.h.BeanNameUrlHandlerMapping - Rejected bean name 'endpoints-org.springframework.boot.actuate.endpoint.EndpointProperties': no URL paths identified
10771 [main] DEBUG o.s.w.s.h.BeanNameUrlHandlerMapping - Rejected bean name 'org.springframework.boot.actuate.autoconfigure.EndpointMBeanExportAutoConfiguration': no URL paths identified
10771 [main] DEBUG o.s.w.s.h.BeanNameUrlHandlerMapping - Rejected bean name 'endpointMBeanExporter': no URL paths identified
10771 [main] DEBUG o.s.w.s.h.BeanNameUrlHandlerMapping - Rejected bean name 'endpoints.jmx-org.springframework.boot.actuate.autoconfigure.EndpointMBeanExportProperties': no URL paths identified
10771 [main] DEBUG o.s.w.s.h.BeanNameUrlHandlerMapping - Rejected bean name 'org.springframework.boot.autoconfigure.web.ServerPropertiesAutoConfiguration': no URL paths identified
10771 [main] DEBUG o.s.w.s.h.BeanNameUrlHandlerMapping - Rejected bean name 'serverProperties': no URL paths identified
10771 [main] DEBUG o.s.w.s.h.BeanNameUrlHandlerMapping - Rejected bean name 'duplicateServerPropertiesDetector': no URL paths identified
10771 [main] DEBUG o.s.w.s.h.BeanNameUrlHandlerMapping - Rejected bean name 'org.springframework.boot.actuate.autoconfigure.ManagementServerPropertiesAutoConfiguration': no URL paths identified
10771 [main] DEBUG o.s.w.s.h.BeanNameUrlHandlerMapping - Rejected bean name 'managementServerProperties': no URL paths identified
10771 [main] DEBUG o.s.w.s.h.BeanNameUrlHandlerMapping - Rejected bean name 'org.springframework.boot.autoconfigure.web.HttpMessageConvertersAutoConfiguration$StringHttpMessageConverterConfiguration': no URL paths identified
10771 [main] DEBUG o.s.w.s.h.BeanNameUrlHandlerMapping - Rejected bean name 'stringHttpMessageConverter': no URL paths identified
10771 [main] DEBUG o.s.w.s.h.BeanNameUrlHandlerMapping - Rejected bean name 'spring.http.encoding-org.springframework.boot.autoconfigure.web.HttpEncodingProperties': no URL paths identified
10771 [main] DEBUG o.s.w.s.h.BeanNameUrlHandlerMapping - Rejected bean name 'org.springframework.boot.autoconfigure.web.JacksonHttpMessageConvertersConfiguration$MappingJackson2XmlHttpMessageConverterConfiguration': no URL paths identified
10771 [main] DEBUG o.s.w.s.h.BeanNameUrlHandlerMapping - Rejected bean name 'mappingJackson2XmlHttpMessageConverter': no URL paths identified
10771 [main] DEBUG o.s.w.s.h.BeanNameUrlHandlerMapping - Rejected bean name 'org.springframework.boot.autoconfigure.web.JacksonHttpMessageConvertersConfiguration$MappingJackson2HttpMessageConverterConfiguration': no URL paths identified
10771 [main] DEBUG o.s.w.s.h.BeanNameUrlHandlerMapping - Rejected bean name 'mappingJackson2HttpMessageConverter': no URL paths identified
10771 [main] DEBUG o.s.w.s.h.BeanNameUrlHandlerMapping - Rejected bean name 'org.springframework.boot.autoconfigure.web.JacksonHttpMessageConvertersConfiguration': no URL paths identified
10771 [main] DEBUG o.s.w.s.h.BeanNameUrlHandlerMapping - Rejected bean name 'org.springframework.boot.autoconfigure.web.HttpMessageConvertersAutoConfiguration': no URL paths identified
10771 [main] DEBUG o.s.w.s.h.BeanNameUrlHandlerMapping - Rejected bean name 'messageConverters': no URL paths identified
10771 [main] DEBUG o.s.w.s.h.BeanNameUrlHandlerMapping - Rejected bean name 'org.springframework.boot.actuate.autoconfigure.EndpointWebMvcManagementContextConfiguration': no URL paths identified
10771 [main] DEBUG o.s.w.s.h.BeanNameUrlHandlerMapping - Rejected bean name 'endpointHandlerMapping': no URL paths identified
10771 [main] DEBUG o.s.w.s.h.BeanNameUrlHandlerMapping - Rejected bean name 'mvcEndpoints': no URL paths identified
10771 [main] DEBUG o.s.w.s.h.BeanNameUrlHandlerMapping - Rejected bean name 'environmentMvcEndpoint': no URL paths identified
10771 [main] DEBUG o.s.w.s.h.BeanNameUrlHandlerMapping - Rejected bean name 'heapdumpMvcEndpoint': no URL paths identified
10771 [main] DEBUG o.s.w.s.h.BeanNameUrlHandlerMapping - Rejected bean name 'healthMvcEndpoint': no URL paths identified
10771 [main] DEBUG o.s.w.s.h.BeanNameUrlHandlerMapping - Rejected bean name 'metricsMvcEndpoint': no URL paths identified
10771 [main] DEBUG o.s.w.s.h.BeanNameUrlHandlerMapping - Rejected bean name 'endpoints.health-org.springframework.boot.actuate.autoconfigure.HealthMvcEndpointProperties': no URL paths identified
10772 [main] DEBUG o.s.w.s.h.BeanNameUrlHandlerMapping - Rejected bean name 'endpoints.cors-org.springframework.boot.actuate.autoconfigure.EndpointCorsProperties': no URL paths identified
10772 [main] DEBUG o.s.w.s.h.BeanNameUrlHandlerMapping - Rejected bean name 'org.springframework.boot.actuate.autoconfigure.EndpointWebMvcAutoConfiguration$EndpointWebMvcConfiguration': no URL paths identified
10772 [main] DEBUG o.s.w.s.h.BeanNameUrlHandlerMapping - Rejected bean name 'org.springframework.boot.actuate.autoconfigure.EndpointWebMvcAutoConfiguration$ApplicationContextFilterConfiguration': no URL paths identified
10772 [main] DEBUG o.s.w.s.h.BeanNameUrlHandlerMapping - Rejected bean name 'applicationContextIdFilter': no URL paths identified
10772 [main] DEBUG o.s.w.s.h.BeanNameUrlHandlerMapping - Rejected bean name 'org.springframework.boot.actuate.autoconfigure.EndpointWebMvcAutoConfiguration': no URL paths identified
10772 [main] DEBUG o.s.w.s.h.BeanNameUrlHandlerMapping - Rejected bean name 'managementContextResolver': no URL paths identified
10772 [main] DEBUG o.s.w.s.h.BeanNameUrlHandlerMapping - Rejected bean name 'managementServletContext': no URL paths identified
10772 [main] DEBUG o.s.w.s.h.BeanNameUrlHandlerMapping - Rejected bean name 'org.springframework.boot.actuate.autoconfigure.MetricExportAutoConfiguration$MetricExportPropertiesConfiguration': no URL paths identified
10772 [main] DEBUG o.s.w.s.h.BeanNameUrlHandlerMapping - Rejected bean name 'spring.metrics.export-org.springframework.boot.actuate.metrics.export.MetricExportProperties': no URL paths identified
10772 [main] DEBUG o.s.w.s.h.BeanNameUrlHandlerMapping - Rejected bean name 'org.springframework.boot.actuate.autoconfigure.MetricExportAutoConfiguration$StatsdConfiguration': no URL paths identified
10772 [main] DEBUG o.s.w.s.h.BeanNameUrlHandlerMapping - Rejected bean name 'org.springframework.scheduling.annotation.SchedulingConfiguration': no URL paths identified
10772 [main] DEBUG o.s.w.s.h.BeanNameUrlHandlerMapping - Rejected bean name 'org.springframework.context.annotation.internalScheduledAnnotationProcessor': no URL paths identified
10772 [main] DEBUG o.s.w.s.h.BeanNameUrlHandlerMapping - Rejected bean name 'org.springframework.boot.actuate.autoconfigure.MetricExportAutoConfiguration': no URL paths identified
10772 [main] DEBUG o.s.w.s.h.BeanNameUrlHandlerMapping - Rejected bean name 'metricWritersMetricExporter': no URL paths identified
10772 [main] DEBUG o.s.w.s.h.BeanNameUrlHandlerMapping - Rejected bean name 'org.springframework.boot.actuate.autoconfigure.MetricFilterAutoConfiguration': no URL paths identified
10772 [main] DEBUG o.s.w.s.h.BeanNameUrlHandlerMapping - Rejected bean name 'metricsFilter': no URL paths identified
10772 [main] DEBUG o.s.w.s.h.BeanNameUrlHandlerMapping - Rejected bean name 'endpoints.metrics.filter-org.springframework.boot.actuate.autoconfigure.MetricFilterProperties': no URL paths identified
10772 [main] DEBUG o.s.w.s.h.BeanNameUrlHandlerMapping - Rejected bean name 'org.springframework.boot.actuate.autoconfigure.TraceRepositoryAutoConfiguration': no URL paths identified
10772 [main] DEBUG o.s.w.s.h.BeanNameUrlHandlerMapping - Rejected bean name 'traceRepository': no URL paths identified
10772 [main] DEBUG o.s.w.s.h.BeanNameUrlHandlerMapping - Rejected bean name 'org.springframework.boot.actuate.autoconfigure.TraceWebFilterAutoConfiguration': no URL paths identified
10772 [main] DEBUG o.s.w.s.h.BeanNameUrlHandlerMapping - Rejected bean name 'webRequestLoggingFilter': no URL paths identified
10772 [main] DEBUG o.s.w.s.h.BeanNameUrlHandlerMapping - Rejected bean name 'management.trace-org.springframework.boot.actuate.trace.TraceProperties': no URL paths identified
10772 [main] DEBUG o.s.w.s.h.BeanNameUrlHandlerMapping - Rejected bean name 'org.springframework.boot.autoconfigure.context.ConfigurationPropertiesAutoConfiguration': no URL paths identified
10772 [main] DEBUG o.s.w.s.h.BeanNameUrlHandlerMapping - Rejected bean name 'org.springframework.boot.autoconfigure.freemarker.FreeMarkerAutoConfiguration$FreeMarkerWebConfiguration': no URL paths identified
10772 [main] DEBUG o.s.w.s.h.BeanNameUrlHandlerMapping - Rejected bean name 'freeMarkerConfigurer': no URL paths identified
10772 [main] DEBUG o.s.w.s.h.BeanNameUrlHandlerMapping - Rejected bean name 'freeMarkerConfiguration': no URL paths identified
10772 [main] DEBUG o.s.w.s.h.BeanNameUrlHandlerMapping - Rejected bean name 'freeMarkerViewResolver': no URL paths identified
10772 [main] DEBUG o.s.w.s.h.BeanNameUrlHandlerMapping - Rejected bean name 'org.springframework.boot.autoconfigure.freemarker.FreeMarkerAutoConfiguration': no URL paths identified
10772 [main] DEBUG o.s.w.s.h.BeanNameUrlHandlerMapping - Rejected bean name 'spring.freemarker-org.springframework.boot.autoconfigure.freemarker.FreeMarkerProperties': no URL paths identified
10772 [main] DEBUG o.s.w.s.h.BeanNameUrlHandlerMapping - Rejected bean name 'org.springframework.boot.autoconfigure.web.HttpEncodingAutoConfiguration': no URL paths identified
10772 [main] DEBUG o.s.w.s.h.BeanNameUrlHandlerMapping - Rejected bean name 'characterEncodingFilter': no URL paths identified
10772 [main] DEBUG o.s.w.s.h.BeanNameUrlHandlerMapping - Rejected bean name 'localeCharsetMappingsCustomizer': no URL paths identified
10772 [main] DEBUG o.s.w.s.h.BeanNameUrlHandlerMapping - Rejected bean name 'org.springframework.boot.autoconfigure.web.MultipartAutoConfiguration': no URL paths identified
10772 [main] DEBUG o.s.w.s.h.BeanNameUrlHandlerMapping - Rejected bean name 'multipartConfigElement': no URL paths identified
10772 [main] DEBUG o.s.w.s.h.BeanNameUrlHandlerMapping - Rejected bean name 'multipartResolver': no URL paths identified
10772 [main] DEBUG o.s.w.s.h.BeanNameUrlHandlerMapping - Rejected bean name 'spring.http.multipart-org.springframework.boot.autoconfigure.web.MultipartProperties': no URL paths identified
10772 [main] DEBUG o.s.w.s.h.BeanNameUrlHandlerMapping - Rejected bean name 'org.springframework.boot.autoconfigure.web.WebClientAutoConfiguration$RestTemplateConfiguration': no URL paths identified
10772 [main] DEBUG o.s.w.s.h.BeanNameUrlHandlerMapping - Rejected bean name 'restTemplateBuilder': no URL paths identified
10772 [main] DEBUG o.s.w.s.h.BeanNameUrlHandlerMapping - Rejected bean name 'org.springframework.boot.autoconfigure.web.WebClientAutoConfiguration': no URL paths identified
10772 [main] DEBUG o.s.w.s.h.BeanNameUrlHandlerMapping - Rejected bean name 'org.springframework.cloud.autoconfigure.ConfigurationPropertiesRebinderAutoConfiguration': no URL paths identified
10772 [main] DEBUG o.s.w.s.h.BeanNameUrlHandlerMapping - Rejected bean name 'configurationPropertiesBeans': no URL paths identified
10772 [main] DEBUG o.s.w.s.h.BeanNameUrlHandlerMapping - Rejected bean name 'configurationPropertiesRebinder': no URL paths identified
10772 [main] DEBUG o.s.w.s.h.BeanNameUrlHandlerMapping - Rejected bean name 'org.springframework.cloud.autoconfigure.RefreshEndpointAutoConfiguration$RefreshEndpointConfiguration': no URL paths identified
10772 [main] DEBUG o.s.w.s.h.BeanNameUrlHandlerMapping - Rejected bean name 'refreshEndpoint': no URL paths identified
10772 [main] DEBUG o.s.w.s.h.BeanNameUrlHandlerMapping - Rejected bean name 'refreshEventListener': no URL paths identified
10772 [main] DEBUG o.s.w.s.h.BeanNameUrlHandlerMapping - Rejected bean name 'org.springframework.cloud.autoconfigure.RefreshEndpointAutoConfiguration$RestartEndpointWithoutIntegration': no URL paths identified
10772 [main] DEBUG o.s.w.s.h.BeanNameUrlHandlerMapping - Rejected bean name 'restartEndpoint': no URL paths identified
10772 [main] DEBUG o.s.w.s.h.BeanNameUrlHandlerMapping - Rejected bean name 'org.springframework.cloud.autoconfigure.RefreshEndpointAutoConfiguration': no URL paths identified
10772 [main] DEBUG o.s.w.s.h.BeanNameUrlHandlerMapping - Rejected bean name 'refreshScopeHealthIndicator': no URL paths identified
10772 [main] DEBUG o.s.w.s.h.BeanNameUrlHandlerMapping - Rejected bean name 'pauseEndpoint': no URL paths identified
10772 [main] DEBUG o.s.w.s.h.BeanNameUrlHandlerMapping - Rejected bean name 'resumeEndpoint': no URL paths identified
10772 [main] DEBUG o.s.w.s.h.BeanNameUrlHandlerMapping - Rejected bean name 'org.springframework.cloud.autoconfigure.LifecycleMvcEndpointAutoConfiguration': no URL paths identified
10772 [main] DEBUG o.s.w.s.h.BeanNameUrlHandlerMapping - Rejected bean name 'environmentManagerEndpoint': no URL paths identified
10772 [main] DEBUG o.s.w.s.h.BeanNameUrlHandlerMapping - Rejected bean name 'refreshMvcEndpoint': no URL paths identified
10772 [main] DEBUG o.s.w.s.h.BeanNameUrlHandlerMapping - Rejected bean name 'restartMvcEndpoint': no URL paths identified
10772 [main] DEBUG o.s.w.s.h.BeanNameUrlHandlerMapping - Rejected bean name 'pauseMvcEndpoint': no URL paths identified
10772 [main] DEBUG o.s.w.s.h.BeanNameUrlHandlerMapping - Rejected bean name 'resumeMvcEndpoint': no URL paths identified
10772 [main] DEBUG o.s.w.s.h.BeanNameUrlHandlerMapping - Rejected bean name 'org.springframework.cloud.netflix.ribbon.RibbonAutoConfiguration': no URL paths identified
10772 [main] DEBUG o.s.w.s.h.BeanNameUrlHandlerMapping - Rejected bean name 'ribbonFeature': no URL paths identified
10772 [main] DEBUG o.s.w.s.h.BeanNameUrlHandlerMapping - Rejected bean name 'springClientFactory': no URL paths identified
10772 [main] DEBUG o.s.w.s.h.BeanNameUrlHandlerMapping - Rejected bean name 'loadBalancerClient': no URL paths identified
10772 [main] DEBUG o.s.w.s.h.BeanNameUrlHandlerMapping - Rejected bean name 'default.org.springframework.cloud.netflix.ribbon.RibbonAutoConfiguration.RibbonClientSpecification': no URL paths identified
10772 [main] DEBUG o.s.w.s.h.BeanNameUrlHandlerMapping - Rejected bean name 'org.springframework.cloud.client.loadbalancer.LoadBalancerAutoConfiguration': no URL paths identified
10772 [main] DEBUG o.s.w.s.h.BeanNameUrlHandlerMapping - Rejected bean name 'loadBalancedRestTemplateInitializer': no URL paths identified
10772 [main] DEBUG o.s.w.s.h.BeanNameUrlHandlerMapping - Rejected bean name 'restTemplateCustomizer': no URL paths identified
10772 [main] DEBUG o.s.w.s.h.BeanNameUrlHandlerMapping - Rejected bean name 'ribbonInterceptor': no URL paths identified
10772 [main] DEBUG o.s.w.s.h.BeanNameUrlHandlerMapping - Rejected bean name 'org.springframework.cloud.netflix.archaius.ArchaiusAutoConfiguration$PropagateEventsConfiguration': no URL paths identified
10772 [main] DEBUG o.s.w.s.h.BeanNameUrlHandlerMapping - Rejected bean name 'org.springframework.cloud.netflix.archaius.ArchaiusAutoConfiguration$ArchaiusEndpointConfiguration': no URL paths identified
10772 [main] DEBUG o.s.w.s.h.BeanNameUrlHandlerMapping - Rejected bean name 'archaiusEndpoint': no URL paths identified
10772 [main] DEBUG o.s.w.s.h.BeanNameUrlHandlerMapping - Rejected bean name 'org.springframework.cloud.netflix.archaius.ArchaiusAutoConfiguration': no URL paths identified
10772 [main] DEBUG o.s.w.s.h.BeanNameUrlHandlerMapping - Rejected bean name 'configurableEnvironmentConfiguration': no URL paths identified
10772 [main] DEBUG o.s.w.s.h.BeanNameUrlHandlerMapping - Rejected bean name 'org.springframework.cloud.netflix.hystrix.HystrixAutoConfiguration': no URL paths identified
10772 [main] DEBUG o.s.w.s.h.BeanNameUrlHandlerMapping - Rejected bean name 'hystrixHealthIndicator': no URL paths identified
10772 [main] DEBUG o.s.w.s.h.BeanNameUrlHandlerMapping - Rejected bean name 'org.springframework.cloud.netflix.ribbon.eureka.RibbonEurekaAutoConfiguration': no URL paths identified
10772 [main] DEBUG o.s.w.s.h.BeanNameUrlHandlerMapping - Rejected bean name 'default.org.springframework.cloud.netflix.ribbon.eureka.RibbonEurekaAutoConfiguration.RibbonClientSpecification': no URL paths identified
10772 [main] DEBUG o.s.w.s.h.BeanNameUrlHandlerMapping - Rejected bean name 'org.springframework.cloud.netflix.rx.RxJavaAutoConfiguration$RxJavaReturnValueHandlerConfig': no URL paths identified
10772 [main] DEBUG o.s.w.s.h.BeanNameUrlHandlerMapping - Rejected bean name 'singleReturnValueHandler': no URL paths identified
10772 [main] DEBUG o.s.w.s.h.BeanNameUrlHandlerMapping - Rejected bean name 'observableMVCConfiguration': no URL paths identified
10772 [main] DEBUG o.s.w.s.h.BeanNameUrlHandlerMapping - Rejected bean name 'rxFeature': no URL paths identified
10772 [main] DEBUG o.s.w.s.h.BeanNameUrlHandlerMapping - Rejected bean name 'org.springframework.cloud.netflix.rx.RxJavaAutoConfiguration': no URL paths identified
10773 [main] DEBUG o.s.w.s.h.BeanNameUrlHandlerMapping - Rejected bean name 'autoConfigurationReport': no URL paths identified
10773 [main] DEBUG o.s.w.s.h.BeanNameUrlHandlerMapping - Rejected bean name 'springApplicationArguments': no URL paths identified
10773 [main] DEBUG o.s.w.s.h.BeanNameUrlHandlerMapping - Rejected bean name 'springBootBanner': no URL paths identified
10773 [main] DEBUG o.s.w.s.h.BeanNameUrlHandlerMapping - Rejected bean name 'environment': no URL paths identified
10773 [main] DEBUG o.s.w.s.h.BeanNameUrlHandlerMapping - Rejected bean name 'systemProperties': no URL paths identified
10773 [main] DEBUG o.s.w.s.h.BeanNameUrlHandlerMapping - Rejected bean name 'systemEnvironment': no URL paths identified
10773 [main] DEBUG o.s.w.s.h.BeanNameUrlHandlerMapping - Rejected bean name 'org.springframework.context.annotation.ConfigurationClassPostProcessor.importRegistry': no URL paths identified
10773 [main] DEBUG o.s.w.s.h.BeanNameUrlHandlerMapping - Rejected bean name 'messageSource': no URL paths identified
10773 [main] DEBUG o.s.w.s.h.BeanNameUrlHandlerMapping - Rejected bean name 'applicationEventMulticaster': no URL paths identified
10773 [main] DEBUG o.s.w.s.h.BeanNameUrlHandlerMapping - Rejected bean name 'servletContext': no URL paths identified
10773 [main] DEBUG o.s.w.s.h.BeanNameUrlHandlerMapping - Rejected bean name 'contextParameters': no URL paths identified
10773 [main] DEBUG o.s.w.s.h.BeanNameUrlHandlerMapping - Rejected bean name 'contextAttributes': no URL paths identified
10773 [main] DEBUG o.s.b.f.s.DefaultListableBeanFactory - Finished creating instance of bean 'beanNameHandlerMapping'
10773 [main] DEBUG o.s.b.f.s.DefaultListableBeanFactory - Creating shared instance of singleton bean 'resourceHandlerMapping'
10773 [main] DEBUG o.s.b.f.s.DefaultListableBeanFactory - Creating instance of bean 'resourceHandlerMapping'
10774 [main] DEBUG o.s.b.f.s.DefaultListableBeanFactory - Returning cached instance of singleton bean 'org.springframework.boot.autoconfigure.web.WebMvcAutoConfiguration$EnableWebMvcConfiguration'
10774 [main] DEBUG o.s.b.f.s.DefaultListableBeanFactory - Returning cached instance of singleton bean 'mvcContentNegotiationManager'
10779 [main] DEBUG o.s.b.f.s.DefaultListableBeanFactory - Returning cached instance of singleton bean 'mvcPathMatcher'
10779 [main] DEBUG o.s.b.f.s.DefaultListableBeanFactory - Returning cached instance of singleton bean 'mvcUrlPathHelper'
10780 [main] DEBUG o.s.b.f.s.DefaultListableBeanFactory - Returning cached instance of singleton bean 'mvcResourceUrlProvider'
10780 [main] DEBUG o.s.b.f.s.DefaultListableBeanFactory - Eagerly caching bean 'resourceHandlerMapping' to allow for resolving potential circular references
10789 [main] INFO  o.s.w.s.h.SimpleUrlHandlerMapping - Mapped URL path [/webjars/**] onto handler of type [class org.springframework.web.servlet.resource.ResourceHttpRequestHandler]
10789 [main] INFO  o.s.w.s.h.SimpleUrlHandlerMapping - Mapped URL path [/**] onto handler of type [class org.springframework.web.servlet.resource.ResourceHttpRequestHandler]
10789 [main] DEBUG o.s.b.f.s.DefaultListableBeanFactory - Finished creating instance of bean 'resourceHandlerMapping'
10789 [main] DEBUG o.s.b.f.s.DefaultListableBeanFactory - Returning cached instance of singleton bean 'mvcResourceUrlProvider'
10789 [main] DEBUG o.s.b.f.s.DefaultListableBeanFactory - Creating shared instance of singleton bean 'defaultServletHandlerMapping'
10789 [main] DEBUG o.s.b.f.s.DefaultListableBeanFactory - Creating instance of bean 'defaultServletHandlerMapping'
10790 [main] DEBUG o.s.b.f.s.DefaultListableBeanFactory - Returning cached instance of singleton bean 'org.springframework.boot.autoconfigure.web.WebMvcAutoConfiguration$EnableWebMvcConfiguration'
10790 [main] DEBUG o.s.b.f.s.DefaultListableBeanFactory - Eagerly caching bean 'defaultServletHandlerMapping' to allow for resolving potential circular references
10791 [main] DEBUG o.s.b.f.s.DefaultListableBeanFactory - Finished creating instance of bean 'defaultServletHandlerMapping'
10791 [main] DEBUG o.s.b.f.s.DefaultListableBeanFactory - Returning cached instance of singleton bean 'mvcConversionService'
10791 [main] DEBUG o.s.b.f.s.DefaultListableBeanFactory - Returning cached instance of singleton bean 'mvcValidator'
10792 [main] DEBUG o.s.b.f.s.DefaultListableBeanFactory - Creating shared instance of singleton bean 'mvcUriComponentsContributor'
10792 [main] DEBUG o.s.b.f.s.DefaultListableBeanFactory - Creating instance of bean 'mvcUriComponentsContributor'
10792 [main] DEBUG o.s.b.f.s.DefaultListableBeanFactory - Returning cached instance of singleton bean 'org.springframework.boot.autoconfigure.web.WebMvcAutoConfiguration$EnableWebMvcConfiguration'
10792 [main] DEBUG o.s.b.f.s.DefaultListableBeanFactory - Returning cached instance of singleton bean 'requestMappingHandlerAdapter'
10792 [main] DEBUG o.s.b.f.s.DefaultListableBeanFactory - Returning cached instance of singleton bean 'mvcConversionService'
10794 [main] DEBUG o.s.b.f.s.DefaultListableBeanFactory - Eagerly caching bean 'mvcUriComponentsContributor' to allow for resolving potential circular references
10797 [main] DEBUG o.s.b.f.s.DefaultListableBeanFactory - Finished creating instance of bean 'mvcUriComponentsContributor'
10797 [main] DEBUG o.s.b.f.s.DefaultListableBeanFactory - Creating shared instance of singleton bean 'httpRequestHandlerAdapter'
10797 [main] DEBUG o.s.b.f.s.DefaultListableBeanFactory - Creating instance of bean 'httpRequestHandlerAdapter'
10797 [main] DEBUG o.s.b.f.s.DefaultListableBeanFactory - Returning cached instance of singleton bean 'org.springframework.boot.autoconfigure.web.WebMvcAutoConfiguration$EnableWebMvcConfiguration'
10798 [main] DEBUG o.s.b.f.s.DefaultListableBeanFactory - Eagerly caching bean 'httpRequestHandlerAdapter' to allow for resolving potential circular references
10800 [main] DEBUG o.s.b.f.s.DefaultListableBeanFactory - Finished creating instance of bean 'httpRequestHandlerAdapter'
10800 [main] DEBUG o.s.b.f.s.DefaultListableBeanFactory - Creating shared instance of singleton bean 'simpleControllerHandlerAdapter'
10800 [main] DEBUG o.s.b.f.s.DefaultListableBeanFactory - Creating instance of bean 'simpleControllerHandlerAdapter'
10800 [main] DEBUG o.s.b.f.s.DefaultListableBeanFactory - Returning cached instance of singleton bean 'org.springframework.boot.autoconfigure.web.WebMvcAutoConfiguration$EnableWebMvcConfiguration'
10800 [main] DEBUG o.s.b.f.s.DefaultListableBeanFactory - Eagerly caching bean 'simpleControllerHandlerAdapter' to allow for resolving potential circular references
10803 [main] DEBUG o.s.b.f.s.DefaultListableBeanFactory - Finished creating instance of bean 'simpleControllerHandlerAdapter'
10803 [main] DEBUG o.s.b.f.s.DefaultListableBeanFactory - Creating shared instance of singleton bean 'handlerExceptionResolver'
10803 [main] DEBUG o.s.b.f.s.DefaultListableBeanFactory - Creating instance of bean 'handlerExceptionResolver'
10803 [main] DEBUG o.s.b.f.s.DefaultListableBeanFactory - Returning cached instance of singleton bean 'org.springframework.boot.autoconfigure.web.WebMvcAutoConfiguration$EnableWebMvcConfiguration'
10811 [main] DEBUG o.s.b.f.s.DefaultListableBeanFactory - Returning cached instance of singleton bean 'mvcContentNegotiationManager'
10811 [main] DEBUG o.s.w.s.m.m.a.ExceptionHandlerExceptionResolver - Looking for exception mappings: org.springframework.boot.context.embedded.AnnotationConfigEmbeddedWebApplicationContext@189aa67a: startup date [Mon Mar 06 18:59:34 CST 2017]; parent: org.springframework.context.annotation.AnnotationConfigApplicationContext@61386958
10819 [main] DEBUG o.s.b.f.s.DefaultListableBeanFactory - Eagerly caching bean 'handlerExceptionResolver' to allow for resolving potential circular references
10822 [main] DEBUG o.s.b.f.s.DefaultListableBeanFactory - Finished creating instance of bean 'handlerExceptionResolver'
10822 [main] DEBUG o.s.b.f.s.DefaultListableBeanFactory - Creating shared instance of singleton bean 'mvcViewResolver'
10822 [main] DEBUG o.s.b.f.s.DefaultListableBeanFactory - Creating instance of bean 'mvcViewResolver'
10823 [main] DEBUG o.s.b.f.s.DefaultListableBeanFactory - Returning cached instance of singleton bean 'org.springframework.boot.autoconfigure.web.WebMvcAutoConfiguration$EnableWebMvcConfiguration'
10825 [main] DEBUG o.s.b.f.s.DefaultListableBeanFactory - Returning cached instance of singleton bean 'mvcContentNegotiationManager'
10827 [main] DEBUG o.s.b.f.s.DefaultListableBeanFactory - Eagerly caching bean 'mvcViewResolver' to allow for resolving potential circular references
10832 [main] DEBUG o.s.b.f.s.DefaultListableBeanFactory - Invoking afterPropertiesSet() on bean with name 'mvcViewResolver'
10832 [main] DEBUG o.s.b.f.s.DefaultListableBeanFactory - Finished creating instance of bean 'mvcViewResolver'
10832 [main] DEBUG o.s.b.f.s.DefaultListableBeanFactory - Creating shared instance of singleton bean 'org.springframework.boot.autoconfigure.web.WebMvcAutoConfiguration$WebMvcAutoConfigurationAdapter$FaviconConfiguration'
10832 [main] DEBUG o.s.b.f.s.DefaultListableBeanFactory - Creating instance of bean 'org.springframework.boot.autoconfigure.web.WebMvcAutoConfiguration$WebMvcAutoConfigurationAdapter$FaviconConfiguration'
10833 [main] DEBUG o.s.c.LocalVariableTableParameterNameDiscoverer - Cannot find '.class' file for class [class org.springframework.boot.autoconfigure.web.WebMvcAutoConfiguration$WebMvcAutoConfigurationAdapter$FaviconConfiguration$$EnhancerBySpringCGLIB$$4c52c63e] - unable to determine constructor/method parameter names
10833 [main] DEBUG o.s.b.f.s.DefaultListableBeanFactory - Returning cached instance of singleton bean 'spring.resources-org.springframework.boot.autoconfigure.web.ResourceProperties'
10833 [main] DEBUG o.s.b.f.s.DefaultListableBeanFactory - Autowiring by type from bean name 'org.springframework.boot.autoconfigure.web.WebMvcAutoConfiguration$WebMvcAutoConfigurationAdapter$FaviconConfiguration' via constructor to bean named 'spring.resources-org.springframework.boot.autoconfigure.web.ResourceProperties'
10833 [main] DEBUG o.s.b.f.s.DefaultListableBeanFactory - Eagerly caching bean 'org.springframework.boot.autoconfigure.web.WebMvcAutoConfiguration$WebMvcAutoConfigurationAdapter$FaviconConfiguration' to allow for resolving potential circular references
10837 [main] DEBUG o.s.b.f.s.DefaultListableBeanFactory - Finished creating instance of bean 'org.springframework.boot.autoconfigure.web.WebMvcAutoConfiguration$WebMvcAutoConfigurationAdapter$FaviconConfiguration'
10837 [main] DEBUG o.s.b.f.s.DefaultListableBeanFactory - Creating shared instance of singleton bean 'faviconHandlerMapping'
10837 [main] DEBUG o.s.b.f.s.DefaultListableBeanFactory - Creating instance of bean 'faviconHandlerMapping'
10837 [main] DEBUG o.s.b.f.s.DefaultListableBeanFactory - Returning cached instance of singleton bean 'org.springframework.boot.autoconfigure.web.WebMvcAutoConfiguration$WebMvcAutoConfigurationAdapter$FaviconConfiguration'
10840 [main] DEBUG o.s.b.f.s.DefaultListableBeanFactory - Creating shared instance of singleton bean 'faviconRequestHandler'
10841 [main] DEBUG o.s.b.f.s.DefaultListableBeanFactory - Creating instance of bean 'faviconRequestHandler'
10841 [main] DEBUG o.s.b.f.s.DefaultListableBeanFactory - Returning cached instance of singleton bean 'org.springframework.boot.autoconfigure.web.WebMvcAutoConfiguration$WebMvcAutoConfigurationAdapter$FaviconConfiguration'
10842 [main] DEBUG o.s.b.f.s.DefaultListableBeanFactory - Eagerly caching bean 'faviconRequestHandler' to allow for resolving potential circular references
10850 [main] DEBUG o.s.b.f.s.DefaultListableBeanFactory - Invoking afterPropertiesSet() on bean with name 'faviconRequestHandler'
10851 [main] DEBUG o.s.b.f.s.DefaultListableBeanFactory - Finished creating instance of bean 'faviconRequestHandler'
10852 [main] DEBUG o.s.b.f.s.DefaultListableBeanFactory - Eagerly caching bean 'faviconHandlerMapping' to allow for resolving potential circular references
10853 [main] INFO  o.s.w.s.h.SimpleUrlHandlerMapping - Mapped URL path [/**/favicon.ico] onto handler of type [class org.springframework.web.servlet.resource.ResourceHttpRequestHandler]
10853 [main] DEBUG o.s.b.f.s.DefaultListableBeanFactory - Finished creating instance of bean 'faviconHandlerMapping'
10853 [main] DEBUG o.s.b.f.s.DefaultListableBeanFactory - Returning cached instance of singleton bean 'faviconRequestHandler'
10853 [main] DEBUG o.s.b.f.s.DefaultListableBeanFactory - Returning cached instance of singleton bean 'org.springframework.boot.autoconfigure.web.WebMvcAutoConfiguration$WebMvcAutoConfigurationAdapter'
10853 [main] DEBUG o.s.b.f.s.DefaultListableBeanFactory - Creating shared instance of singleton bean 'defaultViewResolver'
10853 [main] DEBUG o.s.b.f.s.DefaultListableBeanFactory - Creating instance of bean 'defaultViewResolver'
10853 [main] DEBUG o.s.b.f.s.DefaultListableBeanFactory - Returning cached instance of singleton bean 'org.springframework.boot.autoconfigure.web.WebMvcAutoConfiguration$WebMvcAutoConfigurationAdapter'
10865 [main] DEBUG o.s.b.f.s.DefaultListableBeanFactory - Eagerly caching bean 'defaultViewResolver' to allow for resolving potential circular references
10874 [main] DEBUG o.s.b.f.s.DefaultListableBeanFactory - Finished creating instance of bean 'defaultViewResolver'
10874 [main] DEBUG o.s.b.f.s.DefaultListableBeanFactory - Creating shared instance of singleton bean 'viewResolver'
10874 [main] DEBUG o.s.b.f.s.DefaultListableBeanFactory - Creating instance of bean 'viewResolver'
10874 [main] DEBUG o.s.b.f.s.DefaultListableBeanFactory - Returning cached instance of singleton bean 'org.springframework.boot.autoconfigure.web.WebMvcAutoConfiguration$WebMvcAutoConfigurationAdapter'
10876 [main] DEBUG o.s.b.f.s.DefaultListableBeanFactory - Autowiring by type from bean name 'viewResolver' via factory method to bean named 'org.springframework.beans.factory.support.DefaultListableBeanFactory@7cbc3762'
10878 [main] DEBUG o.s.b.f.s.DefaultListableBeanFactory - Returning cached instance of singleton bean 'mvcContentNegotiationManager'
10879 [main] DEBUG o.s.b.f.s.DefaultListableBeanFactory - Eagerly caching bean 'viewResolver' to allow for resolving potential circular references
10885 [main] DEBUG o.s.b.f.s.DefaultListableBeanFactory - Returning cached instance of singleton bean 'beanNameViewResolver'
10885 [main] DEBUG o.s.b.f.s.DefaultListableBeanFactory - Returning cached instance of singleton bean 'mvcViewResolver'
10885 [main] DEBUG o.s.b.f.s.DefaultListableBeanFactory - Returning cached instance of singleton bean 'defaultViewResolver'
10885 [main] DEBUG o.s.b.f.s.DefaultListableBeanFactory - Returning eagerly cached instance of singleton bean 'viewResolver' that is not fully initialized yet - a consequence of a circular reference
10885 [main] DEBUG o.s.b.f.s.DefaultListableBeanFactory - Creating shared instance of singleton bean 'freeMarkerViewResolver'
10885 [main] DEBUG o.s.b.f.s.DefaultListableBeanFactory - Creating instance of bean 'freeMarkerViewResolver'
10885 [main] DEBUG o.s.b.f.s.DefaultListableBeanFactory - Creating shared instance of singleton bean 'org.springframework.boot.autoconfigure.freemarker.FreeMarkerAutoConfiguration$FreeMarkerWebConfiguration'
10885 [main] DEBUG o.s.b.f.s.DefaultListableBeanFactory - Creating instance of bean 'org.springframework.boot.autoconfigure.freemarker.FreeMarkerAutoConfiguration$FreeMarkerWebConfiguration'
10886 [main] DEBUG o.s.b.f.a.InjectionMetadata - Registered injected element on class [org.springframework.boot.autoconfigure.freemarker.FreeMarkerAutoConfiguration$FreeMarkerWebConfiguration$$EnhancerBySpringCGLIB$$25898816]: AutowiredFieldElement for protected org.springframework.boot.autoconfigure.freemarker.FreeMarkerProperties org.springframework.boot.autoconfigure.freemarker.FreeMarkerAutoConfiguration$FreeMarkerConfiguration.properties
10886 [main] DEBUG o.s.b.f.s.DefaultListableBeanFactory - Eagerly caching bean 'org.springframework.boot.autoconfigure.freemarker.FreeMarkerAutoConfiguration$FreeMarkerWebConfiguration' to allow for resolving potential circular references
10889 [main] DEBUG o.s.b.f.a.InjectionMetadata - Processing injected element of bean 'org.springframework.boot.autoconfigure.freemarker.FreeMarkerAutoConfiguration$FreeMarkerWebConfiguration': AutowiredFieldElement for protected org.springframework.boot.autoconfigure.freemarker.FreeMarkerProperties org.springframework.boot.autoconfigure.freemarker.FreeMarkerAutoConfiguration$FreeMarkerConfiguration.properties
10890 [main] DEBUG o.s.b.f.s.DefaultListableBeanFactory - Creating shared instance of singleton bean 'spring.freemarker-org.springframework.boot.autoconfigure.freemarker.FreeMarkerProperties'
10890 [main] DEBUG o.s.b.f.s.DefaultListableBeanFactory - Creating instance of bean 'spring.freemarker-org.springframework.boot.autoconfigure.freemarker.FreeMarkerProperties'
10891 [main] DEBUG o.s.b.f.s.DefaultListableBeanFactory - Eagerly caching bean 'spring.freemarker-org.springframework.boot.autoconfigure.freemarker.FreeMarkerProperties' to allow for resolving potential circular references
10896 [main] DEBUG o.s.core.env.MutablePropertySources - Adding [servletConfigInitParams] PropertySource with lowest search precedence
10896 [main] DEBUG o.s.core.env.MutablePropertySources - Adding [servletContextInitParams] PropertySource with lowest search precedence
10896 [main] DEBUG o.s.core.env.MutablePropertySources - Adding [systemProperties] PropertySource with lowest search precedence
10896 [main] DEBUG o.s.core.env.MutablePropertySources - Adding [systemEnvironment] PropertySource with lowest search precedence
10896 [main] DEBUG o.s.core.env.MutablePropertySources - Adding [random] PropertySource with lowest search precedence
10896 [main] DEBUG o.s.core.env.MutablePropertySources - Adding [applicationConfig: [classpath:/application.properties]] PropertySource with lowest search precedence
10896 [main] DEBUG o.s.core.env.MutablePropertySources - Adding [springCloudClientHostInfo] PropertySource with lowest search precedence
10896 [main] DEBUG o.s.core.env.MutablePropertySources - Adding [class path resource [eureka/server.properties]] PropertySource with lowest search precedence
10896 [main] DEBUG o.s.core.env.MutablePropertySources - Adding [defaultProperties] PropertySource with lowest search precedence
10896 [main] DEBUG o.s.core.env.MutablePropertySources - Adding [localProperties] PropertySource with lowest search precedence
10904 [main] DEBUG o.s.b.f.s.DefaultListableBeanFactory - Finished creating instance of bean 'spring.freemarker-org.springframework.boot.autoconfigure.freemarker.FreeMarkerProperties'
10904 [main] DEBUG o.s.b.f.a.AutowiredAnnotationBeanPostProcessor - Autowiring by type from bean name 'org.springframework.boot.autoconfigure.freemarker.FreeMarkerAutoConfiguration$FreeMarkerWebConfiguration' to bean named 'spring.freemarker-org.springframework.boot.autoconfigure.freemarker.FreeMarkerProperties'
10904 [main] DEBUG o.s.b.f.s.DefaultListableBeanFactory - Finished creating instance of bean 'org.springframework.boot.autoconfigure.freemarker.FreeMarkerAutoConfiguration$FreeMarkerWebConfiguration'
10909 [main] DEBUG o.s.b.f.s.DefaultListableBeanFactory - Eagerly caching bean 'freeMarkerViewResolver' to allow for resolving potential circular references
10943 [main] DEBUG o.s.b.f.s.DefaultListableBeanFactory - Finished creating instance of bean 'freeMarkerViewResolver'
10943 [main] DEBUG o.s.b.f.s.DefaultListableBeanFactory - Invoking afterPropertiesSet() on bean with name 'viewResolver'
10944 [main] DEBUG o.s.b.f.s.DefaultListableBeanFactory - Finished creating instance of bean 'viewResolver'
10944 [main] DEBUG o.s.b.f.s.DefaultListableBeanFactory - Creating shared instance of singleton bean 'welcomePageHandlerMapping'
10944 [main] DEBUG o.s.b.f.s.DefaultListableBeanFactory - Creating instance of bean 'welcomePageHandlerMapping'
10944 [main] DEBUG o.s.b.f.s.DefaultListableBeanFactory - Returning cached instance of singleton bean 'org.springframework.boot.autoconfigure.web.WebMvcAutoConfiguration$WebMvcAutoConfigurationAdapter'
10944 [main] DEBUG o.s.b.f.s.DefaultListableBeanFactory - Returning cached instance of singleton bean 'spring.resources-org.springframework.boot.autoconfigure.web.ResourceProperties'
10944 [main] DEBUG o.s.b.f.s.DefaultListableBeanFactory - Autowiring by type from bean name 'welcomePageHandlerMapping' via factory method to bean named 'spring.resources-org.springframework.boot.autoconfigure.web.ResourceProperties'
10946 [main] DEBUG o.s.b.f.s.DefaultListableBeanFactory - Eagerly caching bean 'welcomePageHandlerMapping' to allow for resolving potential circular references
10954 [main] DEBUG o.s.b.f.s.DefaultListableBeanFactory - Finished creating instance of bean 'welcomePageHandlerMapping'
10954 [main] DEBUG o.s.b.f.s.DefaultListableBeanFactory - Returning cached instance of singleton bean 'requestContextFilter'
10954 [main] DEBUG o.s.b.f.s.DefaultListableBeanFactory - Returning cached instance of singleton bean 'org.springframework.boot.autoconfigure.web.WebMvcAutoConfiguration'
10954 [main] DEBUG o.s.b.f.s.DefaultListableBeanFactory - Returning cached instance of singleton bean 'hiddenHttpMethodFilter'
10954 [main] DEBUG o.s.b.f.s.DefaultListableBeanFactory - Returning cached instance of singleton bean 'httpPutFormContentFilter'
10954 [main] DEBUG o.s.b.f.s.DefaultListableBeanFactory - Creating shared instance of singleton bean 'org.springframework.cloud.autoconfigure.RefreshAutoConfiguration'
10954 [main] DEBUG o.s.b.f.s.DefaultListableBeanFactory - Creating instance of bean 'org.springframework.cloud.autoconfigure.RefreshAutoConfiguration'
10955 [main] DEBUG o.s.b.f.s.DefaultListableBeanFactory - Eagerly caching bean 'org.springframework.cloud.autoconfigure.RefreshAutoConfiguration' to allow for resolving potential circular references
10958 [main] DEBUG o.s.b.f.s.DefaultListableBeanFactory - Finished creating instance of bean 'org.springframework.cloud.autoconfigure.RefreshAutoConfiguration'
10958 [main] DEBUG o.s.b.f.s.DefaultListableBeanFactory - Returning cached instance of singleton bean 'refreshScope'
10958 [main] DEBUG o.s.b.f.s.DefaultListableBeanFactory - Creating shared instance of singleton bean 'loggingRebinder'
10958 [main] DEBUG o.s.b.f.s.DefaultListableBeanFactory - Creating instance of bean 'loggingRebinder'
10959 [main] DEBUG o.s.b.f.s.DefaultListableBeanFactory - Eagerly caching bean 'loggingRebinder' to allow for resolving potential circular references
10961 [main] DEBUG o.s.b.f.s.DefaultListableBeanFactory - Finished creating instance of bean 'loggingRebinder'
10961 [main] DEBUG o.s.b.f.s.DefaultListableBeanFactory - Creating shared instance of singleton bean 'environmentManager'
10961 [main] DEBUG o.s.b.f.s.DefaultListableBeanFactory - Creating instance of bean 'environmentManager'
10961 [main] DEBUG o.s.b.f.s.DefaultListableBeanFactory - Returning cached instance of singleton bean 'org.springframework.cloud.autoconfigure.RefreshAutoConfiguration'
10963 [main] DEBUG o.s.b.f.s.DefaultListableBeanFactory - Returning cached instance of singleton bean 'environment'
10963 [main] DEBUG o.s.b.f.s.DefaultListableBeanFactory - Autowiring by type from bean name 'environmentManager' via factory method to bean named 'environment'
10966 [main] DEBUG o.s.b.f.s.DefaultListableBeanFactory - Eagerly caching bean 'environmentManager' to allow for resolving potential circular references
10968 [main] DEBUG o.s.b.f.s.DefaultListableBeanFactory - Finished creating instance of bean 'environmentManager'
10968 [main] DEBUG o.s.b.f.s.DefaultListableBeanFactory - Creating shared instance of singleton bean 'contextRefresher'
10968 [main] DEBUG o.s.b.f.s.DefaultListableBeanFactory - Creating instance of bean 'contextRefresher'
10968 [main] DEBUG o.s.b.f.s.DefaultListableBeanFactory - Returning cached instance of singleton bean 'org.springframework.cloud.autoconfigure.RefreshAutoConfiguration'
10970 [main] DEBUG o.s.b.f.s.DefaultListableBeanFactory - Returning cached instance of singleton bean 'refreshScope'
10970 [main] DEBUG o.s.b.f.s.DefaultListableBeanFactory - Autowiring by type from bean name 'contextRefresher' via factory method to bean named 'org.springframework.boot.context.embedded.AnnotationConfigEmbeddedWebApplicationContext@189aa67a'
10970 [main] DEBUG o.s.b.f.s.DefaultListableBeanFactory - Autowiring by type from bean name 'contextRefresher' via factory method to bean named 'refreshScope'
10971 [main] DEBUG o.s.b.f.s.DefaultListableBeanFactory - Eagerly caching bean 'contextRefresher' to allow for resolving potential circular references
10972 [main] DEBUG o.s.b.f.s.DefaultListableBeanFactory - Finished creating instance of bean 'contextRefresher'
10972 [main] DEBUG o.s.b.f.s.DefaultListableBeanFactory - Returning cached instance of singleton bean 'org.springframework.cloud.netflix.eureka.EurekaClientAutoConfiguration$RefreshableEurekaClientConfiguration'
10972 [main] DEBUG o.s.b.f.s.DefaultListableBeanFactory - Returning cached instance of singleton bean 'eurekaClient'
10972 [main] DEBUG o.s.b.f.s.DefaultListableBeanFactory - Returning cached instance of singleton bean 'eurekaApplicationInfoManager'
10972 [main] DEBUG o.s.b.f.s.DefaultListableBeanFactory - Returning cached instance of singleton bean 'org.springframework.cloud.netflix.eureka.EurekaClientAutoConfiguration'
10972 [main] DEBUG o.s.b.f.s.DefaultListableBeanFactory - Creating shared instance of singleton bean 'eurekaFeature'
10972 [main] DEBUG o.s.b.f.s.DefaultListableBeanFactory - Creating instance of bean 'eurekaFeature'
10972 [main] DEBUG o.s.b.f.s.DefaultListableBeanFactory - Returning cached instance of singleton bean 'org.springframework.cloud.netflix.eureka.EurekaClientAutoConfiguration'
10972 [main] DEBUG o.s.b.f.s.DefaultListableBeanFactory - Eagerly caching bean 'eurekaFeature' to allow for resolving potential circular references
10973 [main] DEBUG o.s.b.f.s.DefaultListableBeanFactory - Finished creating instance of bean 'eurekaFeature'
10973 [main] DEBUG o.s.b.f.s.DefaultListableBeanFactory - Returning cached instance of singleton bean 'eurekaClientConfigBean'
10973 [main] DEBUG o.s.b.f.s.DefaultListableBeanFactory - Returning cached instance of singleton bean 'eurekaInstanceConfigBean'
10973 [main] DEBUG o.s.b.f.s.DefaultListableBeanFactory - Creating shared instance of singleton bean 'discoveryClient'
10973 [main] DEBUG o.s.b.f.s.DefaultListableBeanFactory - Creating instance of bean 'discoveryClient'
10973 [main] DEBUG o.s.b.f.s.DefaultListableBeanFactory - Returning cached instance of singleton bean 'org.springframework.cloud.netflix.eureka.EurekaClientAutoConfiguration'
10973 [main] DEBUG o.s.b.f.s.DefaultListableBeanFactory - Returning cached instance of singleton bean 'eurekaInstanceConfigBean'
10973 [main] DEBUG o.s.b.f.s.DefaultListableBeanFactory - Returning cached instance of singleton bean 'eurekaClient'
10973 [main] DEBUG o.s.b.f.s.DefaultListableBeanFactory - Autowiring by type from bean name 'discoveryClient' via factory method to bean named 'eurekaInstanceConfigBean'
10973 [main] DEBUG o.s.b.f.s.DefaultListableBeanFactory - Autowiring by type from bean name 'discoveryClient' via factory method to bean named 'eurekaClient'
10974 [main] DEBUG o.s.b.f.s.DefaultListableBeanFactory - Eagerly caching bean 'discoveryClient' to allow for resolving potential circular references
10976 [main] DEBUG o.s.b.f.s.DefaultListableBeanFactory - Finished creating instance of bean 'discoveryClient'
10977 [main] DEBUG o.s.b.f.s.DefaultListableBeanFactory - Returning cached instance of singleton bean 'discoveryClientOptionalArgs'
10977 [main] DEBUG o.s.b.f.s.DefaultListableBeanFactory - Creating shared instance of singleton bean 'org.springframework.cloud.client.CommonsClientAutoConfiguration$ActuatorConfiguration'
10977 [main] DEBUG o.s.b.f.s.DefaultListableBeanFactory - Creating instance of bean 'org.springframework.cloud.client.CommonsClientAutoConfiguration$ActuatorConfiguration'
10977 [main] DEBUG o.s.b.f.a.InjectionMetadata - Registered injected element on class [org.springframework.cloud.client.CommonsClientAutoConfiguration$ActuatorConfiguration$$EnhancerBySpringCGLIB$$f62769df]: AutowiredFieldElement for private java.util.List org.springframework.cloud.client.CommonsClientAutoConfiguration$ActuatorConfiguration.hasFeatures
10977 [main] DEBUG o.s.b.f.s.DefaultListableBeanFactory - Eagerly caching bean 'org.springframework.cloud.client.CommonsClientAutoConfiguration$ActuatorConfiguration' to allow for resolving potential circular references
10979 [main] DEBUG o.s.b.f.a.InjectionMetadata - Processing injected element of bean 'org.springframework.cloud.client.CommonsClientAutoConfiguration$ActuatorConfiguration': AutowiredFieldElement for private java.util.List org.springframework.cloud.client.CommonsClientAutoConfiguration$ActuatorConfiguration.hasFeatures
10980 [main] DEBUG o.s.b.f.s.DefaultListableBeanFactory - Returning cached instance of singleton bean 'eurekaServerFeature'
10980 [main] DEBUG o.s.b.f.s.DefaultListableBeanFactory - Returning cached instance of singleton bean 'eurekaFeature'
10980 [main] DEBUG o.s.b.f.s.DefaultListableBeanFactory - Creating shared instance of singleton bean 'commonsFeatures'
10980 [main] DEBUG o.s.b.f.s.DefaultListableBeanFactory - Creating instance of bean 'commonsFeatures'
10980 [main] DEBUG o.s.b.f.s.DefaultListableBeanFactory - Creating shared instance of singleton bean 'org.springframework.cloud.client.CommonsClientAutoConfiguration'
10980 [main] DEBUG o.s.b.f.s.DefaultListableBeanFactory - Creating instance of bean 'org.springframework.cloud.client.CommonsClientAutoConfiguration'
10981 [main] DEBUG o.s.b.f.s.DefaultListableBeanFactory - Eagerly caching bean 'org.springframework.cloud.client.CommonsClientAutoConfiguration' to allow for resolving potential circular references
10983 [main] DEBUG o.s.b.f.s.DefaultListableBeanFactory - Finished creating instance of bean 'org.springframework.cloud.client.CommonsClientAutoConfiguration'
10985 [main] DEBUG o.s.b.f.s.DefaultListableBeanFactory - Eagerly caching bean 'commonsFeatures' to allow for resolving potential circular references
10985 [main] DEBUG o.s.b.f.s.DefaultListableBeanFactory - Finished creating instance of bean 'commonsFeatures'
10986 [main] DEBUG o.s.b.f.s.DefaultListableBeanFactory - Creating shared instance of singleton bean 'ribbonFeature'
10986 [main] DEBUG o.s.b.f.s.DefaultListableBeanFactory - Creating instance of bean 'ribbonFeature'
10986 [main] DEBUG o.s.b.f.s.DefaultListableBeanFactory - Creating shared instance of singleton bean 'org.springframework.cloud.netflix.ribbon.RibbonAutoConfiguration'
10986 [main] DEBUG o.s.b.f.s.DefaultListableBeanFactory - Creating instance of bean 'org.springframework.cloud.netflix.ribbon.RibbonAutoConfiguration'
10986 [main] DEBUG o.s.b.f.a.InjectionMetadata - Registered injected element on class [org.springframework.cloud.netflix.ribbon.RibbonAutoConfiguration$$EnhancerBySpringCGLIB$$1181fa24]: AutowiredFieldElement for private java.util.List org.springframework.cloud.netflix.ribbon.RibbonAutoConfiguration.configurations
10986 [main] DEBUG o.s.b.f.s.DefaultListableBeanFactory - Eagerly caching bean 'org.springframework.cloud.netflix.ribbon.RibbonAutoConfiguration' to allow for resolving potential circular references
10988 [main] DEBUG o.s.b.f.a.InjectionMetadata - Processing injected element of bean 'org.springframework.cloud.netflix.ribbon.RibbonAutoConfiguration': AutowiredFieldElement for private java.util.List org.springframework.cloud.netflix.ribbon.RibbonAutoConfiguration.configurations
10989 [main] DEBUG o.s.b.f.s.DefaultListableBeanFactory - Creating shared instance of singleton bean 'default.org.springframework.cloud.netflix.ribbon.RibbonAutoConfiguration.RibbonClientSpecification'
10989 [main] DEBUG o.s.b.f.s.DefaultListableBeanFactory - Creating instance of bean 'default.org.springframework.cloud.netflix.ribbon.RibbonAutoConfiguration.RibbonClientSpecification'
10990 [main] DEBUG o.s.b.f.s.DefaultListableBeanFactory - Eagerly caching bean 'default.org.springframework.cloud.netflix.ribbon.RibbonAutoConfiguration.RibbonClientSpecification' to allow for resolving potential circular references
10992 [main] DEBUG o.s.b.f.s.DefaultListableBeanFactory - Finished creating instance of bean 'default.org.springframework.cloud.netflix.ribbon.RibbonAutoConfiguration.RibbonClientSpecification'
10992 [main] DEBUG o.s.b.f.s.DefaultListableBeanFactory - Creating shared instance of singleton bean 'default.org.springframework.cloud.netflix.ribbon.eureka.RibbonEurekaAutoConfiguration.RibbonClientSpecification'
10992 [main] DEBUG o.s.b.f.s.DefaultListableBeanFactory - Creating instance of bean 'default.org.springframework.cloud.netflix.ribbon.eureka.RibbonEurekaAutoConfiguration.RibbonClientSpecification'
10993 [main] DEBUG o.s.b.f.s.DefaultListableBeanFactory - Eagerly caching bean 'default.org.springframework.cloud.netflix.ribbon.eureka.RibbonEurekaAutoConfiguration.RibbonClientSpecification' to allow for resolving potential circular references
10993 [main] DEBUG o.s.b.f.s.DefaultListableBeanFactory - Finished creating instance of bean 'default.org.springframework.cloud.netflix.ribbon.eureka.RibbonEurekaAutoConfiguration.RibbonClientSpecification'
10993 [main] DEBUG o.s.b.f.a.AutowiredAnnotationBeanPostProcessor - Autowiring by type from bean name 'org.springframework.cloud.netflix.ribbon.RibbonAutoConfiguration' to bean named 'default.org.springframework.cloud.netflix.ribbon.RibbonAutoConfiguration.RibbonClientSpecification'
10993 [main] DEBUG o.s.b.f.a.AutowiredAnnotationBeanPostProcessor - Autowiring by type from bean name 'org.springframework.cloud.netflix.ribbon.RibbonAutoConfiguration' to bean named 'default.org.springframework.cloud.netflix.ribbon.eureka.RibbonEurekaAutoConfiguration.RibbonClientSpecification'
10993 [main] DEBUG o.s.b.f.s.DefaultListableBeanFactory - Finished creating instance of bean 'org.springframework.cloud.netflix.ribbon.RibbonAutoConfiguration'
10996 [main] DEBUG o.s.b.f.s.DefaultListableBeanFactory - Eagerly caching bean 'ribbonFeature' to allow for resolving potential circular references
10996 [main] DEBUG o.s.b.f.s.DefaultListableBeanFactory - Finished creating instance of bean 'ribbonFeature'
10996 [main] DEBUG o.s.b.f.s.DefaultListableBeanFactory - Creating shared instance of singleton bean 'rxFeature'
10996 [main] DEBUG o.s.b.f.s.DefaultListableBeanFactory - Creating instance of bean 'rxFeature'
10996 [main] DEBUG o.s.b.f.s.DefaultListableBeanFactory - Returning cached instance of singleton bean 'org.springframework.cloud.netflix.rx.RxJavaAutoConfiguration$RxJavaReturnValueHandlerConfig'
10996 [main] DEBUG o.s.b.f.s.DefaultListableBeanFactory - Eagerly caching bean 'rxFeature' to allow for resolving potential circular references
10997 [main] DEBUG o.s.b.f.s.DefaultListableBeanFactory - Finished creating instance of bean 'rxFeature'
10997 [main] DEBUG o.s.b.f.a.AutowiredAnnotationBeanPostProcessor - Autowiring by type from bean name 'org.springframework.cloud.client.CommonsClientAutoConfiguration$ActuatorConfiguration' to bean named 'eurekaServerFeature'
10997 [main] DEBUG o.s.b.f.a.AutowiredAnnotationBeanPostProcessor - Autowiring by type from bean name 'org.springframework.cloud.client.CommonsClientAutoConfiguration$ActuatorConfiguration' to bean named 'eurekaFeature'
10997 [main] DEBUG o.s.b.f.a.AutowiredAnnotationBeanPostProcessor - Autowiring by type from bean name 'org.springframework.cloud.client.CommonsClientAutoConfiguration$ActuatorConfiguration' to bean named 'commonsFeatures'
10997 [main] DEBUG o.s.b.f.a.AutowiredAnnotationBeanPostProcessor - Autowiring by type from bean name 'org.springframework.cloud.client.CommonsClientAutoConfiguration$ActuatorConfiguration' to bean named 'ribbonFeature'
10997 [main] DEBUG o.s.b.f.a.AutowiredAnnotationBeanPostProcessor - Autowiring by type from bean name 'org.springframework.cloud.client.CommonsClientAutoConfiguration$ActuatorConfiguration' to bean named 'rxFeature'
10997 [main] DEBUG o.s.b.f.s.DefaultListableBeanFactory - Finished creating instance of bean 'org.springframework.cloud.client.CommonsClientAutoConfiguration$ActuatorConfiguration'
10997 [main] DEBUG o.s.b.f.s.DefaultListableBeanFactory - Creating shared instance of singleton bean 'featuresEndpoint'
10997 [main] DEBUG o.s.b.f.s.DefaultListableBeanFactory - Creating instance of bean 'featuresEndpoint'
10997 [main] DEBUG o.s.b.f.s.DefaultListableBeanFactory - Returning cached instance of singleton bean 'org.springframework.cloud.client.CommonsClientAutoConfiguration$ActuatorConfiguration'
11001 [main] DEBUG o.s.b.f.s.DefaultListableBeanFactory - Eagerly caching bean 'featuresEndpoint' to allow for resolving potential circular references
11006 [main] DEBUG o.s.core.env.MutablePropertySources - Adding [servletConfigInitParams] PropertySource with lowest search precedence
11006 [main] DEBUG o.s.core.env.MutablePropertySources - Adding [servletContextInitParams] PropertySource with lowest search precedence
11006 [main] DEBUG o.s.core.env.MutablePropertySources - Adding [systemProperties] PropertySource with lowest search precedence
11006 [main] DEBUG o.s.core.env.MutablePropertySources - Adding [systemEnvironment] PropertySource with lowest search precedence
11006 [main] DEBUG o.s.core.env.MutablePropertySources - Adding [random] PropertySource with lowest search precedence
11006 [main] DEBUG o.s.core.env.MutablePropertySources - Adding [applicationConfig: [classpath:/application.properties]] PropertySource with lowest search precedence
11006 [main] DEBUG o.s.core.env.MutablePropertySources - Adding [springCloudClientHostInfo] PropertySource with lowest search precedence
11006 [main] DEBUG o.s.core.env.MutablePropertySources - Adding [class path resource [eureka/server.properties]] PropertySource with lowest search precedence
11006 [main] DEBUG o.s.core.env.MutablePropertySources - Adding [defaultProperties] PropertySource with lowest search precedence
11006 [main] DEBUG o.s.core.env.MutablePropertySources - Adding [localProperties] PropertySource with lowest search precedence
11012 [main] DEBUG o.s.b.f.s.DefaultListableBeanFactory - Creating instance of bean 'org.hibernate.validator.internal.constraintvalidators.bv.PatternValidator'
11012 [main] DEBUG o.s.b.f.s.DefaultListableBeanFactory - Finished creating instance of bean 'org.hibernate.validator.internal.constraintvalidators.bv.PatternValidator'
11013 [main] DEBUG o.s.b.f.s.DefaultListableBeanFactory - Finished creating instance of bean 'featuresEndpoint'
11013 [main] DEBUG o.s.b.f.s.DefaultListableBeanFactory - Returning cached instance of singleton bean 'org.springframework.cloud.client.CommonsClientAutoConfiguration'
11013 [main] DEBUG o.s.b.f.s.DefaultListableBeanFactory - Creating shared instance of singleton bean 'discoveryClientHealthIndicator'
11013 [main] DEBUG o.s.b.f.s.DefaultListableBeanFactory - Creating instance of bean 'discoveryClientHealthIndicator'
11013 [main] DEBUG o.s.b.f.s.DefaultListableBeanFactory - Returning cached instance of singleton bean 'org.springframework.cloud.client.CommonsClientAutoConfiguration'
11014 [main] DEBUG o.s.b.f.s.DefaultListableBeanFactory - Returning cached instance of singleton bean 'discoveryClient'
11014 [main] DEBUG o.s.b.f.s.DefaultListableBeanFactory - Autowiring by type from bean name 'discoveryClientHealthIndicator' via factory method to bean named 'discoveryClient'
11015 [main] DEBUG o.s.b.f.s.DefaultListableBeanFactory - Eagerly caching bean 'discoveryClientHealthIndicator' to allow for resolving potential circular references
11018 [main] DEBUG o.s.b.f.s.DefaultListableBeanFactory - Finished creating instance of bean 'discoveryClientHealthIndicator'
11018 [main] DEBUG o.s.b.f.s.DefaultListableBeanFactory - Creating shared instance of singleton bean 'discoveryCompositeHealthIndicator'
11018 [main] DEBUG o.s.b.f.s.DefaultListableBeanFactory - Creating instance of bean 'discoveryCompositeHealthIndicator'
11019 [main] DEBUG o.s.b.f.s.DefaultListableBeanFactory - Returning cached instance of singleton bean 'org.springframework.cloud.client.CommonsClientAutoConfiguration'
11019 [main] DEBUG o.s.b.f.s.DefaultListableBeanFactory - Creating shared instance of singleton bean 'healthAggregator'
11019 [main] DEBUG o.s.b.f.s.DefaultListableBeanFactory - Creating instance of bean 'healthAggregator'
11019 [main] DEBUG o.s.b.f.s.DefaultListableBeanFactory - Creating shared instance of singleton bean 'org.springframework.boot.actuate.autoconfigure.HealthIndicatorAutoConfiguration'
11019 [main] DEBUG o.s.b.f.s.DefaultListableBeanFactory - Creating instance of bean 'org.springframework.boot.actuate.autoconfigure.HealthIndicatorAutoConfiguration'
11020 [main] DEBUG o.s.c.LocalVariableTableParameterNameDiscoverer - Cannot find '.class' file for class [class org.springframework.boot.actuate.autoconfigure.HealthIndicatorAutoConfiguration$$EnhancerBySpringCGLIB$$d2f3bf2e] - unable to determine constructor/method parameter names
11020 [main] DEBUG o.s.b.f.s.DefaultListableBeanFactory - Creating shared instance of singleton bean 'management.health.status-org.springframework.boot.actuate.autoconfigure.HealthIndicatorProperties'
11020 [main] DEBUG o.s.b.f.s.DefaultListableBeanFactory - Creating instance of bean 'management.health.status-org.springframework.boot.actuate.autoconfigure.HealthIndicatorProperties'
11021 [main] DEBUG o.s.b.f.s.DefaultListableBeanFactory - Eagerly caching bean 'management.health.status-org.springframework.boot.actuate.autoconfigure.HealthIndicatorProperties' to allow for resolving potential circular references
11022 [main] DEBUG o.s.core.env.MutablePropertySources - Adding [servletConfigInitParams] PropertySource with lowest search precedence
11022 [main] DEBUG o.s.core.env.MutablePropertySources - Adding [servletContextInitParams] PropertySource with lowest search precedence
11022 [main] DEBUG o.s.core.env.MutablePropertySources - Adding [systemProperties] PropertySource with lowest search precedence
11022 [main] DEBUG o.s.core.env.MutablePropertySources - Adding [systemEnvironment] PropertySource with lowest search precedence
11022 [main] DEBUG o.s.core.env.MutablePropertySources - Adding [random] PropertySource with lowest search precedence
11022 [main] DEBUG o.s.core.env.MutablePropertySources - Adding [applicationConfig: [classpath:/application.properties]] PropertySource with lowest search precedence
11022 [main] DEBUG o.s.core.env.MutablePropertySources - Adding [springCloudClientHostInfo] PropertySource with lowest search precedence
11022 [main] DEBUG o.s.core.env.MutablePropertySources - Adding [class path resource [eureka/server.properties]] PropertySource with lowest search precedence
11022 [main] DEBUG o.s.core.env.MutablePropertySources - Adding [defaultProperties] PropertySource with lowest search precedence
11022 [main] DEBUG o.s.core.env.MutablePropertySources - Adding [localProperties] PropertySource with lowest search precedence
11023 [main] DEBUG o.s.b.f.s.DefaultListableBeanFactory - Finished creating instance of bean 'management.health.status-org.springframework.boot.actuate.autoconfigure.HealthIndicatorProperties'
11023 [main] DEBUG o.s.b.f.s.DefaultListableBeanFactory - Autowiring by type from bean name 'org.springframework.boot.actuate.autoconfigure.HealthIndicatorAutoConfiguration' via constructor to bean named 'management.health.status-org.springframework.boot.actuate.autoconfigure.HealthIndicatorProperties'
11023 [main] DEBUG o.s.b.f.s.DefaultListableBeanFactory - Eagerly caching bean 'org.springframework.boot.actuate.autoconfigure.HealthIndicatorAutoConfiguration' to allow for resolving potential circular references
11025 [main] DEBUG o.s.b.f.s.DefaultListableBeanFactory - Finished creating instance of bean 'org.springframework.boot.actuate.autoconfigure.HealthIndicatorAutoConfiguration'
11027 [main] DEBUG o.s.b.f.s.DefaultListableBeanFactory - Eagerly caching bean 'healthAggregator' to allow for resolving potential circular references
11029 [main] DEBUG o.s.b.f.s.DefaultListableBeanFactory - Finished creating instance of bean 'healthAggregator'
11030 [main] DEBUG o.s.b.f.s.DefaultListableBeanFactory - Returning cached instance of singleton bean 'eurekaHealthIndicator'
11030 [main] DEBUG o.s.b.f.s.DefaultListableBeanFactory - Returning cached instance of singleton bean 'discoveryClientHealthIndicator'
11031 [main] DEBUG o.s.b.f.s.DefaultListableBeanFactory - Autowiring by type from bean name 'discoveryCompositeHealthIndicator' via factory method to bean named 'healthAggregator'
11031 [main] DEBUG o.s.b.f.s.DefaultListableBeanFactory - Autowiring by type from bean name 'discoveryCompositeHealthIndicator' via factory method to bean named 'eurekaHealthIndicator'
11031 [main] DEBUG o.s.b.f.s.DefaultListableBeanFactory - Autowiring by type from bean name 'discoveryCompositeHealthIndicator' via factory method to bean named 'discoveryClientHealthIndicator'
11032 [main] DEBUG o.s.b.f.s.DefaultListableBeanFactory - Eagerly caching bean 'discoveryCompositeHealthIndicator' to allow for resolving potential circular references
11034 [main] DEBUG o.s.b.f.s.DefaultListableBeanFactory - Finished creating instance of bean 'discoveryCompositeHealthIndicator'
11035 [main] DEBUG o.s.b.f.s.DefaultListableBeanFactory - Returning cached instance of singleton bean 'commonsFeatures'
11035 [main] DEBUG o.s.b.f.s.DefaultListableBeanFactory - Returning cached instance of singleton bean 'org.springframework.cloud.commons.util.UtilAutoConfiguration'
11035 [main] DEBUG o.s.b.f.s.DefaultListableBeanFactory - Returning cached instance of singleton bean 'inetUtilsProperties'
11035 [main] DEBUG o.s.b.f.s.DefaultListableBeanFactory - Returning cached instance of singleton bean 'inetUtils'
11035 [main] DEBUG o.s.b.f.s.DefaultListableBeanFactory - Creating shared instance of singleton bean 'org.springframework.boot.actuate.autoconfigure.AuditAutoConfiguration$AuditEventRepositoryConfiguration'
11035 [main] DEBUG o.s.b.f.s.DefaultListableBeanFactory - Creating instance of bean 'org.springframework.boot.actuate.autoconfigure.AuditAutoConfiguration$AuditEventRepositoryConfiguration'
11035 [main] DEBUG o.s.b.f.s.DefaultListableBeanFactory - Eagerly caching bean 'org.springframework.boot.actuate.autoconfigure.AuditAutoConfiguration$AuditEventRepositoryConfiguration' to allow for resolving potential circular references
11036 [main] DEBUG o.s.b.f.s.DefaultListableBeanFactory - Finished creating instance of bean 'org.springframework.boot.actuate.autoconfigure.AuditAutoConfiguration$AuditEventRepositoryConfiguration'
11036 [main] DEBUG o.s.b.f.s.DefaultListableBeanFactory - Creating shared instance of singleton bean 'auditEventRepository'
11036 [main] DEBUG o.s.b.f.s.DefaultListableBeanFactory - Creating instance of bean 'auditEventRepository'
11036 [main] DEBUG o.s.b.f.s.DefaultListableBeanFactory - Returning cached instance of singleton bean 'org.springframework.boot.actuate.autoconfigure.AuditAutoConfiguration$AuditEventRepositoryConfiguration'
11037 [main] DEBUG o.s.b.f.s.DefaultListableBeanFactory - Eagerly caching bean 'auditEventRepository' to allow for resolving potential circular references
11040 [main] DEBUG o.s.b.f.s.DefaultListableBeanFactory - Finished creating instance of bean 'auditEventRepository'
11040 [main] DEBUG o.s.b.f.s.DefaultListableBeanFactory - Creating shared instance of singleton bean 'org.springframework.boot.actuate.autoconfigure.AuditAutoConfiguration'
11040 [main] DEBUG o.s.b.f.s.DefaultListableBeanFactory - Creating instance of bean 'org.springframework.boot.actuate.autoconfigure.AuditAutoConfiguration'
11040 [main] DEBUG o.s.c.LocalVariableTableParameterNameDiscoverer - Cannot find '.class' file for class [class org.springframework.boot.actuate.autoconfigure.AuditAutoConfiguration$$EnhancerBySpringCGLIB$$b7809026] - unable to determine constructor/method parameter names
11041 [main] DEBUG o.s.b.f.s.DefaultListableBeanFactory - Returning cached instance of singleton bean 'auditEventRepository'
11042 [main] DEBUG o.s.b.f.s.DefaultListableBeanFactory - Eagerly caching bean 'org.springframework.boot.actuate.autoconfigure.AuditAutoConfiguration' to allow for resolving potential circular references
11044 [main] DEBUG o.s.b.f.s.DefaultListableBeanFactory - Finished creating instance of bean 'org.springframework.boot.actuate.autoconfigure.AuditAutoConfiguration'
11044 [main] DEBUG o.s.b.f.s.DefaultListableBeanFactory - Creating shared instance of singleton bean 'auditListener'
11044 [main] DEBUG o.s.b.f.s.DefaultListableBeanFactory - Creating instance of bean 'auditListener'
11044 [main] DEBUG o.s.b.f.s.DefaultListableBeanFactory - Returning cached instance of singleton bean 'org.springframework.boot.actuate.autoconfigure.AuditAutoConfiguration'
11047 [main] DEBUG o.s.b.f.s.DefaultListableBeanFactory - Eagerly caching bean 'auditListener' to allow for resolving potential circular references
11050 [main] DEBUG o.s.b.f.s.DefaultListableBeanFactory - Finished creating instance of bean 'auditListener'
11050 [main] DEBUG o.s.b.f.s.DefaultListableBeanFactory - Creating shared instance of singleton bean 'org.springframework.boot.autoconfigure.info.ProjectInfoAutoConfiguration'
11050 [main] DEBUG o.s.b.f.s.DefaultListableBeanFactory - Creating instance of bean 'org.springframework.boot.autoconfigure.info.ProjectInfoAutoConfiguration'
11050 [main] DEBUG o.s.c.LocalVariableTableParameterNameDiscoverer - Cannot find '.class' file for class [class org.springframework.boot.autoconfigure.info.ProjectInfoAutoConfiguration$$EnhancerBySpringCGLIB$$502fa763] - unable to determine constructor/method parameter names
11051 [main] DEBUG o.s.b.f.s.DefaultListableBeanFactory - Creating shared instance of singleton bean 'spring.info-org.springframework.boot.autoconfigure.info.ProjectInfoProperties'
11051 [main] DEBUG o.s.b.f.s.DefaultListableBeanFactory - Creating instance of bean 'spring.info-org.springframework.boot.autoconfigure.info.ProjectInfoProperties'
11052 [main] DEBUG o.s.b.f.a.InjectionMetadata - Registered injected element on class [org.springframework.boot.autoconfigure.info.ProjectInfoProperties]: AutowiredMethodElement for void org.springframework.boot.autoconfigure.info.ProjectInfoProperties.setDefaultGitLocation(org.springframework.core.io.Resource)
11052 [main] DEBUG o.s.b.f.s.DefaultListableBeanFactory - Eagerly caching bean 'spring.info-org.springframework.boot.autoconfigure.info.ProjectInfoProperties' to allow for resolving potential circular references
11052 [main] DEBUG o.s.b.f.a.InjectionMetadata - Processing injected element of bean 'spring.info-org.springframework.boot.autoconfigure.info.ProjectInfoProperties': AutowiredMethodElement for void org.springframework.boot.autoconfigure.info.ProjectInfoProperties.setDefaultGitLocation(org.springframework.core.io.Resource)
11052 [main] DEBUG o.s.c.e.PropertySourcesPropertyResolver - Could not find key 'spring.git.properties:classpath:git.properties' in any property source
11052 [main] DEBUG o.s.c.e.PropertySourcesPropertyResolver - Could not find key 'spring.git.properties:classpath:git.properties' in any property source
11052 [main] DEBUG o.s.c.e.PropertySourcesPropertyResolver - Could not find key 'spring.git.properties' in any property source
11052 [main] DEBUG o.s.c.e.PropertySourcesPropertyResolver - Could not find key 'spring.git.properties' in any property source
11053 [main] DEBUG o.s.core.env.MutablePropertySources - Adding [servletConfigInitParams] PropertySource with lowest search precedence
11053 [main] DEBUG o.s.core.env.MutablePropertySources - Adding [servletContextInitParams] PropertySource with lowest search precedence
11053 [main] DEBUG o.s.core.env.MutablePropertySources - Adding [systemProperties] PropertySource with lowest search precedence
11053 [main] DEBUG o.s.core.env.MutablePropertySources - Adding [systemEnvironment] PropertySource with lowest search precedence
11053 [main] DEBUG o.s.core.env.MutablePropertySources - Adding [random] PropertySource with lowest search precedence
11053 [main] DEBUG o.s.core.env.MutablePropertySources - Adding [applicationConfig: [classpath:/application.properties]] PropertySource with lowest search precedence
11053 [main] DEBUG o.s.core.env.MutablePropertySources - Adding [springCloudClientHostInfo] PropertySource with lowest search precedence
11053 [main] DEBUG o.s.core.env.MutablePropertySources - Adding [class path resource [eureka/server.properties]] PropertySource with lowest search precedence
11053 [main] DEBUG o.s.core.env.MutablePropertySources - Adding [defaultProperties] PropertySource with lowest search precedence
11053 [main] DEBUG o.s.core.env.MutablePropertySources - Adding [localProperties] PropertySource with lowest search precedence
11054 [main] DEBUG o.s.b.f.s.DefaultListableBeanFactory - Finished creating instance of bean 'spring.info-org.springframework.boot.autoconfigure.info.ProjectInfoProperties'
11054 [main] DEBUG o.s.b.f.s.DefaultListableBeanFactory - Autowiring by type from bean name 'org.springframework.boot.autoconfigure.info.ProjectInfoAutoConfiguration' via constructor to bean named 'spring.info-org.springframework.boot.autoconfigure.info.ProjectInfoProperties'
11054 [main] DEBUG o.s.b.f.s.DefaultListableBeanFactory - Eagerly caching bean 'org.springframework.boot.autoconfigure.info.ProjectInfoAutoConfiguration' to allow for resolving potential circular references
11056 [main] DEBUG o.s.b.f.s.DefaultListableBeanFactory - Finished creating instance of bean 'org.springframework.boot.autoconfigure.info.ProjectInfoAutoConfiguration'
11056 [main] DEBUG o.s.b.f.s.DefaultListableBeanFactory - Returning cached instance of singleton bean 'spring.info-org.springframework.boot.autoconfigure.info.ProjectInfoProperties'
11056 [main] DEBUG o.s.b.f.s.DefaultListableBeanFactory - Creating shared instance of singleton bean 'org.springframework.boot.actuate.autoconfigure.InfoContributorAutoConfiguration'
11056 [main] DEBUG o.s.b.f.s.DefaultListableBeanFactory - Creating instance of bean 'org.springframework.boot.actuate.autoconfigure.InfoContributorAutoConfiguration'
11057 [main] DEBUG o.s.c.LocalVariableTableParameterNameDiscoverer - Cannot find '.class' file for class [class org.springframework.boot.actuate.autoconfigure.InfoContributorAutoConfiguration$$EnhancerBySpringCGLIB$$bd9c64f4] - unable to determine constructor/method parameter names
11057 [main] DEBUG o.s.b.f.s.DefaultListableBeanFactory - Creating shared instance of singleton bean 'management.info-org.springframework.boot.actuate.autoconfigure.InfoContributorProperties'
11057 [main] DEBUG o.s.b.f.s.DefaultListableBeanFactory - Creating instance of bean 'management.info-org.springframework.boot.actuate.autoconfigure.InfoContributorProperties'
11058 [main] DEBUG o.s.b.f.s.DefaultListableBeanFactory - Eagerly caching bean 'management.info-org.springframework.boot.actuate.autoconfigure.InfoContributorProperties' to allow for resolving potential circular references
11059 [main] DEBUG o.s.core.env.MutablePropertySources - Adding [servletConfigInitParams] PropertySource with lowest search precedence
11059 [main] DEBUG o.s.core.env.MutablePropertySources - Adding [servletContextInitParams] PropertySource with lowest search precedence
11059 [main] DEBUG o.s.core.env.MutablePropertySources - Adding [systemProperties] PropertySource with lowest search precedence
11059 [main] DEBUG o.s.core.env.MutablePropertySources - Adding [systemEnvironment] PropertySource with lowest search precedence
11059 [main] DEBUG o.s.core.env.MutablePropertySources - Adding [random] PropertySource with lowest search precedence
11059 [main] DEBUG o.s.core.env.MutablePropertySources - Adding [applicationConfig: [classpath:/application.properties]] PropertySource with lowest search precedence
11059 [main] DEBUG o.s.core.env.MutablePropertySources - Adding [springCloudClientHostInfo] PropertySource with lowest search precedence
11059 [main] DEBUG o.s.core.env.MutablePropertySources - Adding [class path resource [eureka/server.properties]] PropertySource with lowest search precedence
11059 [main] DEBUG o.s.core.env.MutablePropertySources - Adding [defaultProperties] PropertySource with lowest search precedence
11059 [main] DEBUG o.s.core.env.MutablePropertySources - Adding [localProperties] PropertySource with lowest search precedence
11060 [main] DEBUG o.s.b.f.s.DefaultListableBeanFactory - Finished creating instance of bean 'management.info-org.springframework.boot.actuate.autoconfigure.InfoContributorProperties'
11060 [main] DEBUG o.s.b.f.s.DefaultListableBeanFactory - Autowiring by type from bean name 'org.springframework.boot.actuate.autoconfigure.InfoContributorAutoConfiguration' via constructor to bean named 'management.info-org.springframework.boot.actuate.autoconfigure.InfoContributorProperties'
11060 [main] DEBUG o.s.b.f.s.DefaultListableBeanFactory - Eagerly caching bean 'org.springframework.boot.actuate.autoconfigure.InfoContributorAutoConfiguration' to allow for resolving potential circular references
11063 [main] DEBUG o.s.b.f.s.DefaultListableBeanFactory - Finished creating instance of bean 'org.springframework.boot.actuate.autoconfigure.InfoContributorAutoConfiguration'
11063 [main] DEBUG o.s.b.f.s.DefaultListableBeanFactory - Creating shared instance of singleton bean 'envInfoContributor'
11063 [main] DEBUG o.s.b.f.s.DefaultListableBeanFactory - Creating instance of bean 'envInfoContributor'
11063 [main] DEBUG o.s.b.f.s.DefaultListableBeanFactory - Returning cached instance of singleton bean 'org.springframework.boot.actuate.autoconfigure.InfoContributorAutoConfiguration'
11063 [main] DEBUG o.s.b.f.s.DefaultListableBeanFactory - Returning cached instance of singleton bean 'environment'
11064 [main] DEBUG o.s.b.f.s.DefaultListableBeanFactory - Autowiring by type from bean name 'envInfoContributor' via factory method to bean named 'environment'
11067 [main] DEBUG o.s.b.f.s.DefaultListableBeanFactory - Eagerly caching bean 'envInfoContributor' to allow for resolving potential circular references
11069 [main] DEBUG o.s.b.f.s.DefaultListableBeanFactory - Finished creating instance of bean 'envInfoContributor'
11069 [main] DEBUG o.s.b.f.s.DefaultListableBeanFactory - Returning cached instance of singleton bean 'management.info-org.springframework.boot.actuate.autoconfigure.InfoContributorProperties'
11069 [main] DEBUG o.s.b.f.s.DefaultListableBeanFactory - Creating shared instance of singleton bean 'org.springframework.boot.actuate.autoconfigure.HealthIndicatorAutoConfiguration$DiskSpaceHealthIndicatorConfiguration'
11069 [main] DEBUG o.s.b.f.s.DefaultListableBeanFactory - Creating instance of bean 'org.springframework.boot.actuate.autoconfigure.HealthIndicatorAutoConfiguration$DiskSpaceHealthIndicatorConfiguration'
11070 [main] DEBUG o.s.b.f.s.DefaultListableBeanFactory - Eagerly caching bean 'org.springframework.boot.actuate.autoconfigure.HealthIndicatorAutoConfiguration$DiskSpaceHealthIndicatorConfiguration' to allow for resolving potential circular references
11071 [main] DEBUG o.s.b.f.s.DefaultListableBeanFactory - Finished creating instance of bean 'org.springframework.boot.actuate.autoconfigure.HealthIndicatorAutoConfiguration$DiskSpaceHealthIndicatorConfiguration'
11071 [main] DEBUG o.s.b.f.s.DefaultListableBeanFactory - Creating shared instance of singleton bean 'diskSpaceHealthIndicator'
11071 [main] DEBUG o.s.b.f.s.DefaultListableBeanFactory - Creating instance of bean 'diskSpaceHealthIndicator'
11071 [main] DEBUG o.s.b.f.s.DefaultListableBeanFactory - Returning cached instance of singleton bean 'org.springframework.boot.actuate.autoconfigure.HealthIndicatorAutoConfiguration$DiskSpaceHealthIndicatorConfiguration'
11072 [main] DEBUG o.s.b.f.s.DefaultListableBeanFactory - Creating shared instance of singleton bean 'diskSpaceHealthIndicatorProperties'
11072 [main] DEBUG o.s.b.f.s.DefaultListableBeanFactory - Creating instance of bean 'diskSpaceHealthIndicatorProperties'
11072 [main] DEBUG o.s.b.f.s.DefaultListableBeanFactory - Returning cached instance of singleton bean 'org.springframework.boot.actuate.autoconfigure.HealthIndicatorAutoConfiguration$DiskSpaceHealthIndicatorConfiguration'
11075 [main] DEBUG o.s.b.f.s.DefaultListableBeanFactory - Eagerly caching bean 'diskSpaceHealthIndicatorProperties' to allow for resolving potential circular references
11076 [main] DEBUG o.s.core.env.MutablePropertySources - Adding [servletConfigInitParams] PropertySource with lowest search precedence
11076 [main] DEBUG o.s.core.env.MutablePropertySources - Adding [servletContextInitParams] PropertySource with lowest search precedence
11076 [main] DEBUG o.s.core.env.MutablePropertySources - Adding [systemProperties] PropertySource with lowest search precedence
11076 [main] DEBUG o.s.core.env.MutablePropertySources - Adding [systemEnvironment] PropertySource with lowest search precedence
11076 [main] DEBUG o.s.core.env.MutablePropertySources - Adding [random] PropertySource with lowest search precedence
11076 [main] DEBUG o.s.core.env.MutablePropertySources - Adding [applicationConfig: [classpath:/application.properties]] PropertySource with lowest search precedence
11076 [main] DEBUG o.s.core.env.MutablePropertySources - Adding [springCloudClientHostInfo] PropertySource with lowest search precedence
11076 [main] DEBUG o.s.core.env.MutablePropertySources - Adding [class path resource [eureka/server.properties]] PropertySource with lowest search precedence
11076 [main] DEBUG o.s.core.env.MutablePropertySources - Adding [defaultProperties] PropertySource with lowest search precedence
11076 [main] DEBUG o.s.core.env.MutablePropertySources - Adding [localProperties] PropertySource with lowest search precedence
11077 [main] DEBUG o.s.b.f.s.DefaultListableBeanFactory - Finished creating instance of bean 'diskSpaceHealthIndicatorProperties'
11077 [main] DEBUG o.s.b.f.s.DefaultListableBeanFactory - Autowiring by type from bean name 'diskSpaceHealthIndicator' via factory method to bean named 'diskSpaceHealthIndicatorProperties'
11078 [main] DEBUG o.s.b.f.s.DefaultListableBeanFactory - Eagerly caching bean 'diskSpaceHealthIndicator' to allow for resolving potential circular references
11080 [main] DEBUG o.s.b.f.s.DefaultListableBeanFactory - Finished creating instance of bean 'diskSpaceHealthIndicator'
11080 [main] DEBUG o.s.b.f.s.DefaultListableBeanFactory - Returning cached instance of singleton bean 'diskSpaceHealthIndicatorProperties'
11080 [main] DEBUG o.s.b.f.s.DefaultListableBeanFactory - Returning cached instance of singleton bean 'org.springframework.boot.actuate.autoconfigure.HealthIndicatorAutoConfiguration'
11080 [main] DEBUG o.s.b.f.s.DefaultListableBeanFactory - Returning cached instance of singleton bean 'healthAggregator'
11080 [main] DEBUG o.s.b.f.s.DefaultListableBeanFactory - Returning cached instance of singleton bean 'management.health.status-org.springframework.boot.actuate.autoconfigure.HealthIndicatorProperties'
11080 [main] DEBUG o.s.b.f.s.DefaultListableBeanFactory - Returning cached instance of singleton bean 'org.springframework.cloud.netflix.metrics.MetricsInterceptorConfiguration$MetricsWebResourceConfiguration'
11080 [main] DEBUG o.s.b.f.s.DefaultListableBeanFactory - Returning cached instance of singleton bean 'servoMonitoringWebResourceInterceptor'
11080 [main] DEBUG o.s.b.f.s.DefaultListableBeanFactory - Creating shared instance of singleton bean 'org.springframework.cloud.netflix.metrics.MetricsInterceptorConfiguration'
11080 [main] DEBUG o.s.b.f.s.DefaultListableBeanFactory - Creating instance of bean 'org.springframework.cloud.netflix.metrics.MetricsInterceptorConfiguration'
11080 [main] DEBUG o.s.b.f.s.DefaultListableBeanFactory - Eagerly caching bean 'org.springframework.cloud.netflix.metrics.MetricsInterceptorConfiguration' to allow for resolving potential circular references
11082 [main] DEBUG o.s.b.f.s.DefaultListableBeanFactory - Finished creating instance of bean 'org.springframework.cloud.netflix.metrics.MetricsInterceptorConfiguration'
11082 [main] DEBUG o.s.b.f.s.DefaultListableBeanFactory - Returning cached instance of singleton bean 'org.springframework.cloud.netflix.metrics.servo.ServoMetricsAutoConfiguration'
11082 [main] DEBUG o.s.b.f.s.DefaultListableBeanFactory - Returning cached instance of singleton bean 'servoMetricsConfig'
11082 [main] DEBUG o.s.b.f.s.DefaultListableBeanFactory - Creating shared instance of singleton bean 'servoMetricNaming'
11082 [main] DEBUG o.s.b.f.s.DefaultListableBeanFactory - Creating instance of bean 'servoMetricNaming'
11082 [main] DEBUG o.s.b.f.s.DefaultListableBeanFactory - Returning cached instance of singleton bean 'org.springframework.cloud.netflix.metrics.servo.ServoMetricsAutoConfiguration'
11083 [main] DEBUG o.s.b.f.s.DefaultListableBeanFactory - Eagerly caching bean 'servoMetricNaming' to allow for resolving potential circular references
11085 [main] DEBUG o.s.b.f.s.DefaultListableBeanFactory - Finished creating instance of bean 'servoMetricNaming'
11085 [main] DEBUG o.s.b.f.s.DefaultListableBeanFactory - Returning cached instance of singleton bean 'monitorRegistry'
11085 [main] DEBUG o.s.b.f.s.DefaultListableBeanFactory - Returning cached instance of singleton bean 'monitorCache'
11085 [main] DEBUG o.s.b.f.s.DefaultListableBeanFactory - Creating shared instance of singleton bean 'servoMetricReader'
11085 [main] DEBUG o.s.b.f.s.DefaultListableBeanFactory - Creating instance of bean 'servoMetricReader'
11085 [main] DEBUG o.s.b.f.s.DefaultListableBeanFactory - Returning cached instance of singleton bean 'org.springframework.cloud.netflix.metrics.servo.ServoMetricsAutoConfiguration'
11085 [main] DEBUG o.s.b.f.s.DefaultListableBeanFactory - Returning cached instance of singleton bean 'monitorRegistry'
11086 [main] DEBUG o.s.b.f.s.DefaultListableBeanFactory - Returning cached instance of singleton bean 'servoMetricNaming'
11086 [main] DEBUG o.s.b.f.s.DefaultListableBeanFactory - Autowiring by type from bean name 'servoMetricReader' via factory method to bean named 'monitorRegistry'
11086 [main] DEBUG o.s.b.f.s.DefaultListableBeanFactory - Autowiring by type from bean name 'servoMetricReader' via factory method to bean named 'servoMetricNaming'
11088 [main] DEBUG o.s.b.f.s.DefaultListableBeanFactory - Eagerly caching bean 'servoMetricReader' to allow for resolving potential circular references
11090 [main] DEBUG o.s.b.f.s.DefaultListableBeanFactory - Finished creating instance of bean 'servoMetricReader'
11090 [main] DEBUG o.s.b.f.s.DefaultListableBeanFactory - Creating shared instance of singleton bean 'servoPublicMetrics'
11090 [main] DEBUG o.s.b.f.s.DefaultListableBeanFactory - Creating instance of bean 'servoPublicMetrics'
11090 [main] DEBUG o.s.b.f.s.DefaultListableBeanFactory - Returning cached instance of singleton bean 'org.springframework.cloud.netflix.metrics.servo.ServoMetricsAutoConfiguration'
11091 [main] DEBUG o.s.b.f.s.DefaultListableBeanFactory - Returning cached instance of singleton bean 'servoMetricReader'
11091 [main] DEBUG o.s.b.f.s.DefaultListableBeanFactory - Autowiring by type from bean name 'servoPublicMetrics' via factory method to bean named 'servoMetricReader'
11091 [main] DEBUG o.s.b.f.s.DefaultListableBeanFactory - Eagerly caching bean 'servoPublicMetrics' to allow for resolving potential circular references
11093 [main] DEBUG o.s.b.f.s.DefaultListableBeanFactory - Finished creating instance of bean 'servoPublicMetrics'
11093 [main] DEBUG o.s.b.f.s.DefaultListableBeanFactory - Returning cached instance of singleton bean 'servoMetricServices'
11093 [main] DEBUG o.s.b.f.s.DefaultListableBeanFactory - Returning cached instance of singleton bean 'defaultMetricsTagProvider'
11093 [main] DEBUG o.s.b.f.s.DefaultListableBeanFactory - Creating shared instance of singleton bean 'org.springframework.boot.actuate.autoconfigure.MetricRepositoryAutoConfiguration'
11093 [main] DEBUG o.s.b.f.s.DefaultListableBeanFactory - Creating instance of bean 'org.springframework.boot.actuate.autoconfigure.MetricRepositoryAutoConfiguration'
11094 [main] DEBUG o.s.b.f.s.DefaultListableBeanFactory - Eagerly caching bean 'org.springframework.boot.actuate.autoconfigure.MetricRepositoryAutoConfiguration' to allow for resolving potential circular references
11096 [main] DEBUG o.s.b.f.s.DefaultListableBeanFactory - Finished creating instance of bean 'org.springframework.boot.actuate.autoconfigure.MetricRepositoryAutoConfiguration'
11096 [main] DEBUG o.s.b.f.s.DefaultListableBeanFactory - Creating shared instance of singleton bean 'org.springframework.boot.autoconfigure.jmx.JmxAutoConfiguration'
11096 [main] DEBUG o.s.b.f.s.DefaultListableBeanFactory - Creating instance of bean 'org.springframework.boot.autoconfigure.jmx.JmxAutoConfiguration'
11097 [main] DEBUG o.s.b.f.s.DefaultListableBeanFactory - Eagerly caching bean 'org.springframework.boot.autoconfigure.jmx.JmxAutoConfiguration' to allow for resolving potential circular references
11103 [main] DEBUG o.s.b.f.s.DefaultListableBeanFactory - Finished creating instance of bean 'org.springframework.boot.autoconfigure.jmx.JmxAutoConfiguration'
11103 [main] DEBUG o.s.b.f.s.DefaultListableBeanFactory - Creating shared instance of singleton bean 'mbeanExporter'
11103 [main] DEBUG o.s.b.f.s.DefaultListableBeanFactory - Creating instance of bean 'mbeanExporter'
11103 [main] DEBUG o.s.b.f.s.DefaultListableBeanFactory - Returning cached instance of singleton bean 'org.springframework.boot.autoconfigure.jmx.JmxAutoConfiguration'
11105 [main] DEBUG o.s.b.f.s.DefaultListableBeanFactory - Creating shared instance of singleton bean 'objectNamingStrategy'
11105 [main] DEBUG o.s.b.f.s.DefaultListableBeanFactory - Creating instance of bean 'objectNamingStrategy'
11105 [main] DEBUG o.s.b.f.s.DefaultListableBeanFactory - Returning cached instance of singleton bean 'org.springframework.boot.autoconfigure.jmx.JmxAutoConfiguration'
11107 [main] DEBUG o.s.b.f.s.DefaultListableBeanFactory - Eagerly caching bean 'objectNamingStrategy' to allow for resolving potential circular references
11111 [main] DEBUG o.s.b.f.s.DefaultListableBeanFactory - Invoking afterPropertiesSet() on bean with name 'objectNamingStrategy'
11111 [main] DEBUG o.s.b.f.s.DefaultListableBeanFactory - Finished creating instance of bean 'objectNamingStrategy'
11111 [main] DEBUG o.s.b.f.s.DefaultListableBeanFactory - Autowiring by type from bean name 'mbeanExporter' via factory method to bean named 'objectNamingStrategy'
11121 [main] DEBUG o.s.b.f.s.DefaultListableBeanFactory - Creating shared instance of singleton bean 'mbeanServer'
11121 [main] DEBUG o.s.b.f.s.DefaultListableBeanFactory - Creating instance of bean 'mbeanServer'
11121 [main] DEBUG o.s.b.f.s.DefaultListableBeanFactory - Returning cached instance of singleton bean 'org.springframework.boot.autoconfigure.jmx.JmxAutoConfiguration'
11126 [main] DEBUG o.s.jmx.support.JmxUtils - Found MBeanServer: com.sun.jmx.mbeanserver.JmxMBeanServer@1b1cff3c
11127 [main] DEBUG o.s.b.f.s.DefaultListableBeanFactory - Eagerly caching bean 'mbeanServer' to allow for resolving potential circular references
11130 [main] DEBUG o.s.b.f.s.DefaultListableBeanFactory - Finished creating instance of bean 'mbeanServer'
11132 [main] DEBUG o.s.b.f.s.DefaultListableBeanFactory - Eagerly caching bean 'mbeanExporter' to allow for resolving potential circular references
11139 [main] DEBUG o.s.b.f.s.DefaultListableBeanFactory - Invoking afterPropertiesSet() on bean with name 'mbeanExporter'
11139 [main] DEBUG o.s.b.f.s.DefaultListableBeanFactory - Finished creating instance of bean 'mbeanExporter'
11139 [main] DEBUG o.s.b.f.s.DefaultListableBeanFactory - Returning cached instance of singleton bean 'objectNamingStrategy'
11139 [main] DEBUG o.s.b.f.s.DefaultListableBeanFactory - Returning cached instance of singleton bean 'mbeanServer'
11139 [main] DEBUG o.s.b.f.s.DefaultListableBeanFactory - Creating shared instance of singleton bean 'org.springframework.boot.actuate.autoconfigure.PublicMetricsAutoConfiguration$TomcatMetricsConfiguration'
11139 [main] DEBUG o.s.b.f.s.DefaultListableBeanFactory - Creating instance of bean 'org.springframework.boot.actuate.autoconfigure.PublicMetricsAutoConfiguration$TomcatMetricsConfiguration'
11140 [main] DEBUG o.s.b.f.s.DefaultListableBeanFactory - Eagerly caching bean 'org.springframework.boot.actuate.autoconfigure.PublicMetricsAutoConfiguration$TomcatMetricsConfiguration' to allow for resolving potential circular references
11142 [main] DEBUG o.s.b.f.s.DefaultListableBeanFactory - Finished creating instance of bean 'org.springframework.boot.actuate.autoconfigure.PublicMetricsAutoConfiguration$TomcatMetricsConfiguration'
11142 [main] DEBUG o.s.b.f.s.DefaultListableBeanFactory - Creating shared instance of singleton bean 'tomcatPublicMetrics'
11142 [main] DEBUG o.s.b.f.s.DefaultListableBeanFactory - Creating instance of bean 'tomcatPublicMetrics'
11142 [main] DEBUG o.s.b.f.s.DefaultListableBeanFactory - Returning cached instance of singleton bean 'org.springframework.boot.actuate.autoconfigure.PublicMetricsAutoConfiguration$TomcatMetricsConfiguration'
11145 [main] DEBUG o.s.b.f.s.DefaultListableBeanFactory - Eagerly caching bean 'tomcatPublicMetrics' to allow for resolving potential circular references
11148 [main] DEBUG o.s.b.f.s.DefaultListableBeanFactory - Finished creating instance of bean 'tomcatPublicMetrics'
11148 [main] DEBUG o.s.b.f.s.DefaultListableBeanFactory - Creating shared instance of singleton bean 'org.springframework.boot.actuate.autoconfigure.PublicMetricsAutoConfiguration'
11148 [main] DEBUG o.s.b.f.s.DefaultListableBeanFactory - Creating instance of bean 'org.springframework.boot.actuate.autoconfigure.PublicMetricsAutoConfiguration'
11148 [main] DEBUG o.s.c.LocalVariableTableParameterNameDiscoverer - Cannot find '.class' file for class [class org.springframework.boot.actuate.autoconfigure.PublicMetricsAutoConfiguration$$EnhancerBySpringCGLIB$$d630ffe7] - unable to determine constructor/method parameter names
11150 [main] DEBUG o.s.b.f.s.DefaultListableBeanFactory - Returning cached instance of singleton bean 'servoMetricReader'
11150 [main] DEBUG o.s.b.f.s.DefaultListableBeanFactory - Eagerly caching bean 'org.springframework.boot.actuate.autoconfigure.PublicMetricsAutoConfiguration' to allow for resolving potential circular references
11152 [main] DEBUG o.s.b.f.s.DefaultListableBeanFactory - Finished creating instance of bean 'org.springframework.boot.actuate.autoconfigure.PublicMetricsAutoConfiguration'
11153 [main] DEBUG o.s.b.f.s.DefaultListableBeanFactory - Creating shared instance of singleton bean 'systemPublicMetrics'
11153 [main] DEBUG o.s.b.f.s.DefaultListableBeanFactory - Creating instance of bean 'systemPublicMetrics'
11153 [main] DEBUG o.s.b.f.s.DefaultListableBeanFactory - Returning cached instance of singleton bean 'org.springframework.boot.actuate.autoconfigure.PublicMetricsAutoConfiguration'
11156 [main] DEBUG o.s.b.f.s.DefaultListableBeanFactory - Eagerly caching bean 'systemPublicMetrics' to allow for resolving potential circular references
11158 [main] DEBUG o.s.b.f.s.DefaultListableBeanFactory - Finished creating instance of bean 'systemPublicMetrics'
11158 [main] DEBUG o.s.b.f.s.DefaultListableBeanFactory - Creating shared instance of singleton bean 'metricReaderPublicMetrics'
11158 [main] DEBUG o.s.b.f.s.DefaultListableBeanFactory - Creating instance of bean 'metricReaderPublicMetrics'
11158 [main] DEBUG o.s.b.f.s.DefaultListableBeanFactory - Returning cached instance of singleton bean 'org.springframework.boot.actuate.autoconfigure.PublicMetricsAutoConfiguration'
11159 [main] DEBUG o.s.b.f.s.DefaultListableBeanFactory - Eagerly caching bean 'metricReaderPublicMetrics' to allow for resolving potential circular references
11159 [main] DEBUG o.s.b.f.s.DefaultListableBeanFactory - Finished creating instance of bean 'metricReaderPublicMetrics'
11159 [main] DEBUG o.s.b.f.s.DefaultListableBeanFactory - Creating shared instance of singleton bean 'org.springframework.boot.actuate.autoconfigure.EndpointAutoConfiguration$RequestMappingEndpointConfiguration'
11159 [main] DEBUG o.s.b.f.s.DefaultListableBeanFactory - Creating instance of bean 'org.springframework.boot.actuate.autoconfigure.EndpointAutoConfiguration$RequestMappingEndpointConfiguration'
11160 [main] DEBUG o.s.b.f.s.DefaultListableBeanFactory - Eagerly caching bean 'org.springframework.boot.actuate.autoconfigure.EndpointAutoConfiguration$RequestMappingEndpointConfiguration' to allow for resolving potential circular references
11162 [main] DEBUG o.s.b.f.s.DefaultListableBeanFactory - Finished creating instance of bean 'org.springframework.boot.actuate.autoconfigure.EndpointAutoConfiguration$RequestMappingEndpointConfiguration'
11162 [main] DEBUG o.s.b.f.s.DefaultListableBeanFactory - Creating shared instance of singleton bean 'requestMappingEndpoint'
11162 [main] DEBUG o.s.b.f.s.DefaultListableBeanFactory - Creating instance of bean 'requestMappingEndpoint'
11162 [main] DEBUG o.s.b.f.s.DefaultListableBeanFactory - Returning cached instance of singleton bean 'org.springframework.boot.actuate.autoconfigure.EndpointAutoConfiguration$RequestMappingEndpointConfiguration'
11165 [main] DEBUG o.s.b.f.s.DefaultListableBeanFactory - Eagerly caching bean 'requestMappingEndpoint' to allow for resolving potential circular references
11169 [main] DEBUG o.s.core.env.MutablePropertySources - Adding [servletConfigInitParams] PropertySource with lowest search precedence
11169 [main] DEBUG o.s.core.env.MutablePropertySources - Adding [servletContextInitParams] PropertySource with lowest search precedence
11169 [main] DEBUG o.s.core.env.MutablePropertySources - Adding [systemProperties] PropertySource with lowest search precedence
11170 [main] DEBUG o.s.core.env.MutablePropertySources - Adding [systemEnvironment] PropertySource with lowest search precedence
11170 [main] DEBUG o.s.core.env.MutablePropertySources - Adding [random] PropertySource with lowest search precedence
11170 [main] DEBUG o.s.core.env.MutablePropertySources - Adding [applicationConfig: [classpath:/application.properties]] PropertySource with lowest search precedence
11170 [main] DEBUG o.s.core.env.MutablePropertySources - Adding [springCloudClientHostInfo] PropertySource with lowest search precedence
11170 [main] DEBUG o.s.core.env.MutablePropertySources - Adding [class path resource [eureka/server.properties]] PropertySource with lowest search precedence
11170 [main] DEBUG o.s.core.env.MutablePropertySources - Adding [defaultProperties] PropertySource with lowest search precedence
11170 [main] DEBUG o.s.core.env.MutablePropertySources - Adding [localProperties] PropertySource with lowest search precedence
11175 [main] DEBUG o.s.b.f.s.DefaultListableBeanFactory - Finished creating instance of bean 'requestMappingEndpoint'
11175 [main] DEBUG o.s.b.f.s.DefaultListableBeanFactory - Creating shared instance of singleton bean 'org.springframework.boot.actuate.autoconfigure.EndpointAutoConfiguration'
11175 [main] DEBUG o.s.b.f.s.DefaultListableBeanFactory - Creating instance of bean 'org.springframework.boot.actuate.autoconfigure.EndpointAutoConfiguration'
11176 [main] DEBUG o.s.c.LocalVariableTableParameterNameDiscoverer - Cannot find '.class' file for class [class org.springframework.boot.actuate.autoconfigure.EndpointAutoConfiguration$$EnhancerBySpringCGLIB$$223ed476] - unable to determine constructor/method parameter names
11176 [main] DEBUG o.s.b.f.s.DefaultListableBeanFactory - Returning cached instance of singleton bean 'healthAggregator'
11177 [main] DEBUG o.s.b.f.s.DefaultListableBeanFactory - Returning cached instance of singleton bean 'discoveryCompositeHealthIndicator'
11177 [main] DEBUG o.s.b.f.s.DefaultListableBeanFactory - Returning cached instance of singleton bean 'diskSpaceHealthIndicator'
11177 [main] DEBUG o.s.b.f.s.DefaultListableBeanFactory - Creating shared instance of singleton bean 'refreshScopeHealthIndicator'
11177 [main] DEBUG o.s.b.f.s.DefaultListableBeanFactory - Creating instance of bean 'refreshScopeHealthIndicator'
11177 [main] DEBUG o.s.b.f.s.DefaultListableBeanFactory - Creating shared instance of singleton bean 'org.springframework.cloud.autoconfigure.RefreshEndpointAutoConfiguration'
11177 [main] DEBUG o.s.b.f.s.DefaultListableBeanFactory - Creating instance of bean 'org.springframework.cloud.autoconfigure.RefreshEndpointAutoConfiguration'
11178 [main] DEBUG o.s.b.f.s.DefaultListableBeanFactory - Eagerly caching bean 'org.springframework.cloud.autoconfigure.RefreshEndpointAutoConfiguration' to allow for resolving potential circular references
11180 [main] DEBUG o.s.b.f.s.DefaultListableBeanFactory - Finished creating instance of bean 'org.springframework.cloud.autoconfigure.RefreshEndpointAutoConfiguration'
11181 [main] DEBUG o.s.b.f.s.DefaultListableBeanFactory - Returning cached instance of singleton bean 'refreshScope'
11182 [main] DEBUG o.s.b.f.s.DefaultListableBeanFactory - Creating shared instance of singleton bean 'configurationPropertiesRebinder'
11182 [main] DEBUG o.s.b.f.s.DefaultListableBeanFactory - Creating instance of bean 'configurationPropertiesRebinder'
11182 [main] DEBUG o.s.b.f.s.DefaultListableBeanFactory - Returning cached instance of singleton bean 'org.springframework.cloud.autoconfigure.ConfigurationPropertiesRebinderAutoConfiguration'
11183 [main] DEBUG o.s.b.f.s.DefaultListableBeanFactory - Returning cached instance of singleton bean 'configurationPropertiesBeans'
11184 [main] DEBUG o.s.b.f.s.DefaultListableBeanFactory - Returning cached instance of singleton bean 'org.springframework.boot.context.properties.ConfigurationPropertiesBindingPostProcessor'
11184 [main] DEBUG o.s.b.f.s.DefaultListableBeanFactory - Autowiring by type from bean name 'configurationPropertiesRebinder' via factory method to bean named 'configurationPropertiesBeans'
11184 [main] DEBUG o.s.b.f.s.DefaultListableBeanFactory - Autowiring by type from bean name 'configurationPropertiesRebinder' via factory method to bean named 'org.springframework.boot.context.properties.ConfigurationPropertiesBindingPostProcessor'
11184 [main] DEBUG o.s.b.f.s.DefaultListableBeanFactory - Eagerly caching bean 'configurationPropertiesRebinder' to allow for resolving potential circular references
11187 [main] DEBUG o.s.b.f.s.DefaultListableBeanFactory - Finished creating instance of bean 'configurationPropertiesRebinder'
11187 [main] DEBUG o.s.b.f.s.DefaultListableBeanFactory - Autowiring by type from bean name 'refreshScopeHealthIndicator' via factory method to bean named 'refreshScope'
11187 [main] DEBUG o.s.b.f.s.DefaultListableBeanFactory - Autowiring by type from bean name 'refreshScopeHealthIndicator' via factory method to bean named 'configurationPropertiesRebinder'
11189 [main] DEBUG o.s.b.f.s.DefaultListableBeanFactory - Eagerly caching bean 'refreshScopeHealthIndicator' to allow for resolving potential circular references
11192 [main] DEBUG o.s.b.f.s.DefaultListableBeanFactory - Finished creating instance of bean 'refreshScopeHealthIndicator'
11192 [main] DEBUG o.s.b.f.s.DefaultListableBeanFactory - Creating shared instance of singleton bean 'hystrixHealthIndicator'
11192 [main] DEBUG o.s.b.f.s.DefaultListableBeanFactory - Creating instance of bean 'hystrixHealthIndicator'
11192 [main] DEBUG o.s.b.f.s.DefaultListableBeanFactory - Creating shared instance of singleton bean 'org.springframework.cloud.netflix.hystrix.HystrixAutoConfiguration'
11192 [main] DEBUG o.s.b.f.s.DefaultListableBeanFactory - Creating instance of bean 'org.springframework.cloud.netflix.hystrix.HystrixAutoConfiguration'
11192 [main] DEBUG o.s.b.f.s.DefaultListableBeanFactory - Eagerly caching bean 'org.springframework.cloud.netflix.hystrix.HystrixAutoConfiguration' to allow for resolving potential circular references
11195 [main] DEBUG o.s.b.f.s.DefaultListableBeanFactory - Finished creating instance of bean 'org.springframework.cloud.netflix.hystrix.HystrixAutoConfiguration'
11197 [main] DEBUG o.s.b.f.s.DefaultListableBeanFactory - Eagerly caching bean 'hystrixHealthIndicator' to allow for resolving potential circular references
11199 [main] DEBUG o.s.b.f.s.DefaultListableBeanFactory - Finished creating instance of bean 'hystrixHealthIndicator'
11200 [main] DEBUG o.s.b.f.s.DefaultListableBeanFactory - Returning cached instance of singleton bean 'envInfoContributor'
11201 [main] DEBUG o.s.b.f.s.DefaultListableBeanFactory - Returning cached instance of singleton bean 'servoPublicMetrics'
11201 [main] DEBUG o.s.b.f.s.DefaultListableBeanFactory - Returning cached instance of singleton bean 'tomcatPublicMetrics'
11201 [main] DEBUG o.s.b.f.s.DefaultListableBeanFactory - Returning cached instance of singleton bean 'systemPublicMetrics'
11201 [main] DEBUG o.s.b.f.s.DefaultListableBeanFactory - Returning cached instance of singleton bean 'metricReaderPublicMetrics'
11202 [main] DEBUG o.s.b.f.s.DefaultListableBeanFactory - Returning cached instance of singleton bean 'traceRepository'
11202 [main] DEBUG o.s.b.f.s.DefaultListableBeanFactory - Eagerly caching bean 'org.springframework.boot.actuate.autoconfigure.EndpointAutoConfiguration' to allow for resolving potential circular references
11204 [main] DEBUG o.s.b.f.s.DefaultListableBeanFactory - Finished creating instance of bean 'org.springframework.boot.actuate.autoconfigure.EndpointAutoConfiguration'
11204 [main] DEBUG o.s.b.f.s.DefaultListableBeanFactory - Creating shared instance of singleton bean 'environmentEndpoint'
11204 [main] DEBUG o.s.b.f.s.DefaultListableBeanFactory - Creating instance of bean 'environmentEndpoint'
11204 [main] DEBUG o.s.b.f.s.DefaultListableBeanFactory - Returning cached instance of singleton bean 'org.springframework.boot.actuate.autoconfigure.EndpointAutoConfiguration'
11209 [main] DEBUG o.s.b.f.s.DefaultListableBeanFactory - Eagerly caching bean 'environmentEndpoint' to allow for resolving potential circular references
11212 [main] DEBUG o.s.core.env.MutablePropertySources - Adding [servletConfigInitParams] PropertySource with lowest search precedence
11212 [main] DEBUG o.s.core.env.MutablePropertySources - Adding [servletContextInitParams] PropertySource with lowest search precedence
11212 [main] DEBUG o.s.core.env.MutablePropertySources - Adding [systemProperties] PropertySource with lowest search precedence
11212 [main] DEBUG o.s.core.env.MutablePropertySources - Adding [systemEnvironment] PropertySource with lowest search precedence
11212 [main] DEBUG o.s.core.env.MutablePropertySources - Adding [random] PropertySource with lowest search precedence
11212 [main] DEBUG o.s.core.env.MutablePropertySources - Adding [applicationConfig: [classpath:/application.properties]] PropertySource with lowest search precedence
11212 [main] DEBUG o.s.core.env.MutablePropertySources - Adding [springCloudClientHostInfo] PropertySource with lowest search precedence
11212 [main] DEBUG o.s.core.env.MutablePropertySources - Adding [class path resource [eureka/server.properties]] PropertySource with lowest search precedence
11212 [main] DEBUG o.s.core.env.MutablePropertySources - Adding [defaultProperties] PropertySource with lowest search precedence
11212 [main] DEBUG o.s.core.env.MutablePropertySources - Adding [localProperties] PropertySource with lowest search precedence
11216 [main] DEBUG o.s.b.f.s.DefaultListableBeanFactory - Finished creating instance of bean 'environmentEndpoint'
11216 [main] DEBUG o.s.b.f.s.DefaultListableBeanFactory - Creating shared instance of singleton bean 'healthEndpoint'
11216 [main] DEBUG o.s.b.f.s.DefaultListableBeanFactory - Creating instance of bean 'healthEndpoint'
11216 [main] DEBUG o.s.b.f.s.DefaultListableBeanFactory - Returning cached instance of singleton bean 'org.springframework.boot.actuate.autoconfigure.EndpointAutoConfiguration'
11217 [main] DEBUG o.s.b.f.s.DefaultListableBeanFactory - Eagerly caching bean 'healthEndpoint' to allow for resolving potential circular references
11220 [main] DEBUG o.s.core.env.MutablePropertySources - Adding [servletConfigInitParams] PropertySource with lowest search precedence
11220 [main] DEBUG o.s.core.env.MutablePropertySources - Adding [servletContextInitParams] PropertySource with lowest search precedence
11220 [main] DEBUG o.s.core.env.MutablePropertySources - Adding [systemProperties] PropertySource with lowest search precedence
11220 [main] DEBUG o.s.core.env.MutablePropertySources - Adding [systemEnvironment] PropertySource with lowest search precedence
11220 [main] DEBUG o.s.core.env.MutablePropertySources - Adding [random] PropertySource with lowest search precedence
11220 [main] DEBUG o.s.core.env.MutablePropertySources - Adding [applicationConfig: [classpath:/application.properties]] PropertySource with lowest search precedence
11220 [main] DEBUG o.s.core.env.MutablePropertySources - Adding [springCloudClientHostInfo] PropertySource with lowest search precedence
11221 [main] DEBUG o.s.core.env.MutablePropertySources - Adding [class path resource [eureka/server.properties]] PropertySource with lowest search precedence
11221 [main] DEBUG o.s.core.env.MutablePropertySources - Adding [defaultProperties] PropertySource with lowest search precedence
11221 [main] DEBUG o.s.core.env.MutablePropertySources - Adding [localProperties] PropertySource with lowest search precedence
11224 [main] DEBUG o.s.b.f.s.DefaultListableBeanFactory - Finished creating instance of bean 'healthEndpoint'
11224 [main] DEBUG o.s.b.f.s.DefaultListableBeanFactory - Creating shared instance of singleton bean 'beansEndpoint'
11224 [main] DEBUG o.s.b.f.s.DefaultListableBeanFactory - Creating instance of bean 'beansEndpoint'
11224 [main] DEBUG o.s.b.f.s.DefaultListableBeanFactory - Returning cached instance of singleton bean 'org.springframework.boot.actuate.autoconfigure.EndpointAutoConfiguration'
11225 [main] DEBUG o.s.b.f.s.DefaultListableBeanFactory - Eagerly caching bean 'beansEndpoint' to allow for resolving potential circular references
11228 [main] DEBUG o.s.c.e.PropertySourcesPropertyResolver - Could not find key 'spring.liveBeansView.mbeanDomain' in any property source
11229 [main] DEBUG o.s.core.env.MutablePropertySources - Adding [servletConfigInitParams] PropertySource with lowest search precedence
11229 [main] DEBUG o.s.core.env.MutablePropertySources - Adding [servletContextInitParams] PropertySource with lowest search precedence
11229 [main] DEBUG o.s.core.env.MutablePropertySources - Adding [systemProperties] PropertySource with lowest search precedence
11229 [main] DEBUG o.s.core.env.MutablePropertySources - Adding [systemEnvironment] PropertySource with lowest search precedence
11229 [main] DEBUG o.s.core.env.MutablePropertySources - Adding [random] PropertySource with lowest search precedence
11229 [main] DEBUG o.s.core.env.MutablePropertySources - Adding [applicationConfig: [classpath:/application.properties]] PropertySource with lowest search precedence
11229 [main] DEBUG o.s.core.env.MutablePropertySources - Adding [springCloudClientHostInfo] PropertySource with lowest search precedence
11229 [main] DEBUG o.s.core.env.MutablePropertySources - Adding [class path resource [eureka/server.properties]] PropertySource with lowest search precedence
11229 [main] DEBUG o.s.core.env.MutablePropertySources - Adding [defaultProperties] PropertySource with lowest search precedence
11229 [main] DEBUG o.s.core.env.MutablePropertySources - Adding [localProperties] PropertySource with lowest search precedence
11233 [main] DEBUG o.s.b.f.s.DefaultListableBeanFactory - Finished creating instance of bean 'beansEndpoint'
11233 [main] DEBUG o.s.b.f.s.DefaultListableBeanFactory - Creating shared instance of singleton bean 'infoEndpoint'
11233 [main] DEBUG o.s.b.f.s.DefaultListableBeanFactory - Creating instance of bean 'infoEndpoint'
11233 [main] DEBUG o.s.b.f.s.DefaultListableBeanFactory - Returning cached instance of singleton bean 'org.springframework.boot.actuate.autoconfigure.EndpointAutoConfiguration'
11234 [main] DEBUG o.s.b.f.s.DefaultListableBeanFactory - Eagerly caching bean 'infoEndpoint' to allow for resolving potential circular references
11236 [main] DEBUG o.s.core.env.MutablePropertySources - Adding [servletConfigInitParams] PropertySource with lowest search precedence
11236 [main] DEBUG o.s.core.env.MutablePropertySources - Adding [servletContextInitParams] PropertySource with lowest search precedence
11236 [main] DEBUG o.s.core.env.MutablePropertySources - Adding [systemProperties] PropertySource with lowest search precedence
11236 [main] DEBUG o.s.core.env.MutablePropertySources - Adding [systemEnvironment] PropertySource with lowest search precedence
11236 [main] DEBUG o.s.core.env.MutablePropertySources - Adding [random] PropertySource with lowest search precedence
11236 [main] DEBUG o.s.core.env.MutablePropertySources - Adding [applicationConfig: [classpath:/application.properties]] PropertySource with lowest search precedence
11237 [main] DEBUG o.s.core.env.MutablePropertySources - Adding [springCloudClientHostInfo] PropertySource with lowest search precedence
11237 [main] DEBUG o.s.core.env.MutablePropertySources - Adding [class path resource [eureka/server.properties]] PropertySource with lowest search precedence
11237 [main] DEBUG o.s.core.env.MutablePropertySources - Adding [defaultProperties] PropertySource with lowest search precedence
11237 [main] DEBUG o.s.core.env.MutablePropertySources - Adding [localProperties] PropertySource with lowest search precedence
11240 [main] DEBUG o.s.b.f.s.DefaultListableBeanFactory - Finished creating instance of bean 'infoEndpoint'
11240 [main] DEBUG o.s.b.f.s.DefaultListableBeanFactory - Creating shared instance of singleton bean 'metricsEndpoint'
11240 [main] DEBUG o.s.b.f.s.DefaultListableBeanFactory - Creating instance of bean 'metricsEndpoint'
11240 [main] DEBUG o.s.b.f.s.DefaultListableBeanFactory - Returning cached instance of singleton bean 'org.springframework.boot.actuate.autoconfigure.EndpointAutoConfiguration'
11240 [main] DEBUG o.s.b.f.s.DefaultListableBeanFactory - Eagerly caching bean 'metricsEndpoint' to allow for resolving potential circular references
11243 [main] DEBUG o.s.core.env.MutablePropertySources - Adding [servletConfigInitParams] PropertySource with lowest search precedence
11243 [main] DEBUG o.s.core.env.MutablePropertySources - Adding [servletContextInitParams] PropertySource with lowest search precedence
11243 [main] DEBUG o.s.core.env.MutablePropertySources - Adding [systemProperties] PropertySource with lowest search precedence
11243 [main] DEBUG o.s.core.env.MutablePropertySources - Adding [systemEnvironment] PropertySource with lowest search precedence
11243 [main] DEBUG o.s.core.env.MutablePropertySources - Adding [random] PropertySource with lowest search precedence
11243 [main] DEBUG o.s.core.env.MutablePropertySources - Adding [applicationConfig: [classpath:/application.properties]] PropertySource with lowest search precedence
11243 [main] DEBUG o.s.core.env.MutablePropertySources - Adding [springCloudClientHostInfo] PropertySource with lowest search precedence
11243 [main] DEBUG o.s.core.env.MutablePropertySources - Adding [class path resource [eureka/server.properties]] PropertySource with lowest search precedence
11243 [main] DEBUG o.s.core.env.MutablePropertySources - Adding [defaultProperties] PropertySource with lowest search precedence
11243 [main] DEBUG o.s.core.env.MutablePropertySources - Adding [localProperties] PropertySource with lowest search precedence
11246 [main] DEBUG o.s.b.f.s.DefaultListableBeanFactory - Finished creating instance of bean 'metricsEndpoint'
11246 [main] DEBUG o.s.b.f.s.DefaultListableBeanFactory - Creating shared instance of singleton bean 'traceEndpoint'
11246 [main] DEBUG o.s.b.f.s.DefaultListableBeanFactory - Creating instance of bean 'traceEndpoint'
11246 [main] DEBUG o.s.b.f.s.DefaultListableBeanFactory - Returning cached instance of singleton bean 'org.springframework.boot.actuate.autoconfigure.EndpointAutoConfiguration'
11246 [main] DEBUG o.s.b.f.s.DefaultListableBeanFactory - Eagerly caching bean 'traceEndpoint' to allow for resolving potential circular references
11249 [main] DEBUG o.s.core.env.MutablePropertySources - Adding [servletConfigInitParams] PropertySource with lowest search precedence
11249 [main] DEBUG o.s.core.env.MutablePropertySources - Adding [servletContextInitParams] PropertySource with lowest search precedence
11249 [main] DEBUG o.s.core.env.MutablePropertySources - Adding [systemProperties] PropertySource with lowest search precedence
11249 [main] DEBUG o.s.core.env.MutablePropertySources - Adding [systemEnvironment] PropertySource with lowest search precedence
11249 [main] DEBUG o.s.core.env.MutablePropertySources - Adding [random] PropertySource with lowest search precedence
11250 [main] DEBUG o.s.core.env.MutablePropertySources - Adding [applicationConfig: [classpath:/application.properties]] PropertySource with lowest search precedence
11250 [main] DEBUG o.s.core.env.MutablePropertySources - Adding [springCloudClientHostInfo] PropertySource with lowest search precedence
11250 [main] DEBUG o.s.core.env.MutablePropertySources - Adding [class path resource [eureka/server.properties]] PropertySource with lowest search precedence
11250 [main] DEBUG o.s.core.env.MutablePropertySources - Adding [defaultProperties] PropertySource with lowest search precedence
11250 [main] DEBUG o.s.core.env.MutablePropertySources - Adding [localProperties] PropertySource with lowest search precedence
11253 [main] DEBUG o.s.b.f.s.DefaultListableBeanFactory - Finished creating instance of bean 'traceEndpoint'
11253 [main] DEBUG o.s.b.f.s.DefaultListableBeanFactory - Creating shared instance of singleton bean 'dumpEndpoint'
11253 [main] DEBUG o.s.b.f.s.DefaultListableBeanFactory - Creating instance of bean 'dumpEndpoint'
11253 [main] DEBUG o.s.b.f.s.DefaultListableBeanFactory - Returning cached instance of singleton bean 'org.springframework.boot.actuate.autoconfigure.EndpointAutoConfiguration'
11254 [main] DEBUG o.s.b.f.s.DefaultListableBeanFactory - Eagerly caching bean 'dumpEndpoint' to allow for resolving potential circular references
11257 [main] DEBUG o.s.core.env.MutablePropertySources - Adding [servletConfigInitParams] PropertySource with lowest search precedence
11257 [main] DEBUG o.s.core.env.MutablePropertySources - Adding [servletContextInitParams] PropertySource with lowest search precedence
11257 [main] DEBUG o.s.core.env.MutablePropertySources - Adding [systemProperties] PropertySource with lowest search precedence
11257 [main] DEBUG o.s.core.env.MutablePropertySources - Adding [systemEnvironment] PropertySource with lowest search precedence
11257 [main] DEBUG o.s.core.env.MutablePropertySources - Adding [random] PropertySource with lowest search precedence
11257 [main] DEBUG o.s.core.env.MutablePropertySources - Adding [applicationConfig: [classpath:/application.properties]] PropertySource with lowest search precedence
11257 [main] DEBUG o.s.core.env.MutablePropertySources - Adding [springCloudClientHostInfo] PropertySource with lowest search precedence
11257 [main] DEBUG o.s.core.env.MutablePropertySources - Adding [class path resource [eureka/server.properties]] PropertySource with lowest search precedence
11257 [main] DEBUG o.s.core.env.MutablePropertySources - Adding [defaultProperties] PropertySource with lowest search precedence
11257 [main] DEBUG o.s.core.env.MutablePropertySources - Adding [localProperties] PropertySource with lowest search precedence
11259 [main] DEBUG o.s.b.f.s.DefaultListableBeanFactory - Finished creating instance of bean 'dumpEndpoint'
11259 [main] DEBUG o.s.b.f.s.DefaultListableBeanFactory - Creating shared instance of singleton bean 'autoConfigurationReportEndpoint'
11259 [main] DEBUG o.s.b.f.s.DefaultListableBeanFactory - Creating instance of bean 'autoConfigurationReportEndpoint'
11259 [main] DEBUG o.s.b.f.s.DefaultListableBeanFactory - Returning cached instance of singleton bean 'org.springframework.boot.actuate.autoconfigure.EndpointAutoConfiguration'
11260 [main] DEBUG o.s.b.f.a.InjectionMetadata - Registered injected element on class [org.springframework.boot.actuate.endpoint.AutoConfigurationReportEndpoint]: AutowiredFieldElement for private org.springframework.boot.autoconfigure.condition.ConditionEvaluationReport org.springframework.boot.actuate.endpoint.AutoConfigurationReportEndpoint.autoConfigurationReport
11260 [main] DEBUG o.s.b.f.s.DefaultListableBeanFactory - Eagerly caching bean 'autoConfigurationReportEndpoint' to allow for resolving potential circular references
11263 [main] DEBUG o.s.b.f.a.InjectionMetadata - Processing injected element of bean 'autoConfigurationReportEndpoint': AutowiredFieldElement for private org.springframework.boot.autoconfigure.condition.ConditionEvaluationReport org.springframework.boot.actuate.endpoint.AutoConfigurationReportEndpoint.autoConfigurationReport
11264 [main] DEBUG o.s.b.f.s.DefaultListableBeanFactory - Returning cached instance of singleton bean 'autoConfigurationReport'
11264 [main] DEBUG o.s.b.f.a.AutowiredAnnotationBeanPostProcessor - Autowiring by type from bean name 'autoConfigurationReportEndpoint' to bean named 'autoConfigurationReport'
11264 [main] DEBUG o.s.core.env.MutablePropertySources - Adding [servletConfigInitParams] PropertySource with lowest search precedence
11264 [main] DEBUG o.s.core.env.MutablePropertySources - Adding [servletContextInitParams] PropertySource with lowest search precedence
11264 [main] DEBUG o.s.core.env.MutablePropertySources - Adding [systemProperties] PropertySource with lowest search precedence
11264 [main] DEBUG o.s.core.env.MutablePropertySources - Adding [systemEnvironment] PropertySource with lowest search precedence
11264 [main] DEBUG o.s.core.env.MutablePropertySources - Adding [random] PropertySource with lowest search precedence
11264 [main] DEBUG o.s.core.env.MutablePropertySources - Adding [applicationConfig: [classpath:/application.properties]] PropertySource with lowest search precedence
11264 [main] DEBUG o.s.core.env.MutablePropertySources - Adding [springCloudClientHostInfo] PropertySource with lowest search precedence
11264 [main] DEBUG o.s.core.env.MutablePropertySources - Adding [class path resource [eureka/server.properties]] PropertySource with lowest search precedence
11264 [main] DEBUG o.s.core.env.MutablePropertySources - Adding [defaultProperties] PropertySource with lowest search precedence
11264 [main] DEBUG o.s.core.env.MutablePropertySources - Adding [localProperties] PropertySource with lowest search precedence
11267 [main] DEBUG o.s.b.f.s.DefaultListableBeanFactory - Finished creating instance of bean 'autoConfigurationReportEndpoint'
11267 [main] DEBUG o.s.b.f.s.DefaultListableBeanFactory - Creating shared instance of singleton bean 'shutdownEndpoint'
11267 [main] DEBUG o.s.b.f.s.DefaultListableBeanFactory - Creating instance of bean 'shutdownEndpoint'
11267 [main] DEBUG o.s.b.f.s.DefaultListableBeanFactory - Returning cached instance of singleton bean 'org.springframework.boot.actuate.autoconfigure.EndpointAutoConfiguration'
11268 [main] DEBUG o.s.b.f.s.DefaultListableBeanFactory - Eagerly caching bean 'shutdownEndpoint' to allow for resolving potential circular references
11272 [main] DEBUG o.s.core.env.MutablePropertySources - Adding [servletConfigInitParams] PropertySource with lowest search precedence
11272 [main] DEBUG o.s.core.env.MutablePropertySources - Adding [servletContextInitParams] PropertySource with lowest search precedence
11272 [main] DEBUG o.s.core.env.MutablePropertySources - Adding [systemProperties] PropertySource with lowest search precedence
11272 [main] DEBUG o.s.core.env.MutablePropertySources - Adding [systemEnvironment] PropertySource with lowest search precedence
11272 [main] DEBUG o.s.core.env.MutablePropertySources - Adding [random] PropertySource with lowest search precedence
11272 [main] DEBUG o.s.core.env.MutablePropertySources - Adding [applicationConfig: [classpath:/application.properties]] PropertySource with lowest search precedence
11272 [main] DEBUG o.s.core.env.MutablePropertySources - Adding [springCloudClientHostInfo] PropertySource with lowest search precedence
11272 [main] DEBUG o.s.core.env.MutablePropertySources - Adding [class path resource [eureka/server.properties]] PropertySource with lowest search precedence
11272 [main] DEBUG o.s.core.env.MutablePropertySources - Adding [defaultProperties] PropertySource with lowest search precedence
11273 [main] DEBUG o.s.core.env.MutablePropertySources - Adding [localProperties] PropertySource with lowest search precedence
11276 [main] DEBUG o.s.b.f.s.DefaultListableBeanFactory - Finished creating instance of bean 'shutdownEndpoint'
11276 [main] DEBUG o.s.b.f.s.DefaultListableBeanFactory - Creating shared instance of singleton bean 'configurationPropertiesReportEndpoint'
11276 [main] DEBUG o.s.b.f.s.DefaultListableBeanFactory - Creating instance of bean 'configurationPropertiesReportEndpoint'
11276 [main] DEBUG o.s.b.f.s.DefaultListableBeanFactory - Returning cached instance of singleton bean 'org.springframework.boot.actuate.autoconfigure.EndpointAutoConfiguration'
11278 [main] DEBUG o.s.b.f.s.DefaultListableBeanFactory - Eagerly caching bean 'configurationPropertiesReportEndpoint' to allow for resolving potential circular references
11282 [main] DEBUG o.s.core.env.MutablePropertySources - Adding [servletConfigInitParams] PropertySource with lowest search precedence
11282 [main] DEBUG o.s.core.env.MutablePropertySources - Adding [servletContextInitParams] PropertySource with lowest search precedence
11282 [main] DEBUG o.s.core.env.MutablePropertySources - Adding [systemProperties] PropertySource with lowest search precedence
11282 [main] DEBUG o.s.core.env.MutablePropertySources - Adding [systemEnvironment] PropertySource with lowest search precedence
11282 [main] DEBUG o.s.core.env.MutablePropertySources - Adding [random] PropertySource with lowest search precedence
11282 [main] DEBUG o.s.core.env.MutablePropertySources - Adding [applicationConfig: [classpath:/application.properties]] PropertySource with lowest search precedence
11282 [main] DEBUG o.s.core.env.MutablePropertySources - Adding [springCloudClientHostInfo] PropertySource with lowest search precedence
11282 [main] DEBUG o.s.core.env.MutablePropertySources - Adding [class path resource [eureka/server.properties]] PropertySource with lowest search precedence
11282 [main] DEBUG o.s.core.env.MutablePropertySources - Adding [defaultProperties] PropertySource with lowest search precedence
11282 [main] DEBUG o.s.core.env.MutablePropertySources - Adding [localProperties] PropertySource with lowest search precedence
11286 [main] DEBUG o.s.b.f.s.DefaultListableBeanFactory - Finished creating instance of bean 'configurationPropertiesReportEndpoint'
11286 [main] DEBUG o.s.b.f.s.DefaultListableBeanFactory - Creating shared instance of singleton bean 'endpoints-org.springframework.boot.actuate.endpoint.EndpointProperties'
11286 [main] DEBUG o.s.b.f.s.DefaultListableBeanFactory - Creating instance of bean 'endpoints-org.springframework.boot.actuate.endpoint.EndpointProperties'
11286 [main] DEBUG o.s.b.f.s.DefaultListableBeanFactory - Eagerly caching bean 'endpoints-org.springframework.boot.actuate.endpoint.EndpointProperties' to allow for resolving potential circular references
11287 [main] DEBUG o.s.core.env.MutablePropertySources - Adding [servletConfigInitParams] PropertySource with lowest search precedence
11287 [main] DEBUG o.s.core.env.MutablePropertySources - Adding [servletContextInitParams] PropertySource with lowest search precedence
11288 [main] DEBUG o.s.core.env.MutablePropertySources - Adding [systemProperties] PropertySource with lowest search precedence
11288 [main] DEBUG o.s.core.env.MutablePropertySources - Adding [systemEnvironment] PropertySource with lowest search precedence
11288 [main] DEBUG o.s.core.env.MutablePropertySources - Adding [random] PropertySource with lowest search precedence
11288 [main] DEBUG o.s.core.env.MutablePropertySources - Adding [applicationConfig: [classpath:/application.properties]] PropertySource with lowest search precedence
11288 [main] DEBUG o.s.core.env.MutablePropertySources - Adding [springCloudClientHostInfo] PropertySource with lowest search precedence
11288 [main] DEBUG o.s.core.env.MutablePropertySources - Adding [class path resource [eureka/server.properties]] PropertySource with lowest search precedence
11288 [main] DEBUG o.s.core.env.MutablePropertySources - Adding [defaultProperties] PropertySource with lowest search precedence
11288 [main] DEBUG o.s.core.env.MutablePropertySources - Adding [localProperties] PropertySource with lowest search precedence
11289 [main] DEBUG o.s.b.f.s.DefaultListableBeanFactory - Finished creating instance of bean 'endpoints-org.springframework.boot.actuate.endpoint.EndpointProperties'
11289 [main] DEBUG o.s.b.f.s.DefaultListableBeanFactory - Creating shared instance of singleton bean 'org.springframework.boot.actuate.autoconfigure.EndpointMBeanExportAutoConfiguration'
11289 [main] DEBUG o.s.b.f.s.DefaultListableBeanFactory - Creating instance of bean 'org.springframework.boot.actuate.autoconfigure.EndpointMBeanExportAutoConfiguration'
11290 [main] DEBUG o.s.c.LocalVariableTableParameterNameDiscoverer - Cannot find '.class' file for class [class org.springframework.boot.actuate.autoconfigure.EndpointMBeanExportAutoConfiguration$$EnhancerBySpringCGLIB$$fddfccc5] - unable to determine constructor/method parameter names
11291 [main] DEBUG o.s.b.f.s.DefaultListableBeanFactory - Creating shared instance of singleton bean 'endpoints.jmx-org.springframework.boot.actuate.autoconfigure.EndpointMBeanExportProperties'
11291 [main] DEBUG o.s.b.f.s.DefaultListableBeanFactory - Creating instance of bean 'endpoints.jmx-org.springframework.boot.actuate.autoconfigure.EndpointMBeanExportProperties'
11291 [main] DEBUG o.s.b.f.a.InjectionMetadata - Registered injected element on class [org.springframework.boot.actuate.autoconfigure.EndpointMBeanExportProperties]: AutowiredFieldElement for private java.lang.String org.springframework.boot.actuate.autoconfigure.EndpointMBeanExportProperties.domain
11291 [main] DEBUG o.s.b.f.s.DefaultListableBeanFactory - Eagerly caching bean 'endpoints.jmx-org.springframework.boot.actuate.autoconfigure.EndpointMBeanExportProperties' to allow for resolving potential circular references
11293 [main] DEBUG o.s.b.f.a.InjectionMetadata - Processing injected element of bean 'endpoints.jmx-org.springframework.boot.actuate.autoconfigure.EndpointMBeanExportProperties': AutowiredFieldElement for private java.lang.String org.springframework.boot.actuate.autoconfigure.EndpointMBeanExportProperties.domain
11293 [main] DEBUG o.s.c.e.PropertySourcesPropertyResolver - Could not find key 'spring.jmx.default-domain:' in any property source
11293 [main] DEBUG o.s.c.e.PropertySourcesPropertyResolver - Could not find key 'spring.jmx.default-domain:' in any property source
11293 [main] DEBUG o.s.c.e.PropertySourcesPropertyResolver - Could not find key 'spring.jmx.default-domain' in any property source
11293 [main] DEBUG o.s.c.e.PropertySourcesPropertyResolver - Could not find key 'spring.jmx.default-domain' in any property source
11293 [main] DEBUG o.s.core.env.MutablePropertySources - Adding [servletConfigInitParams] PropertySource with lowest search precedence
11293 [main] DEBUG o.s.core.env.MutablePropertySources - Adding [servletContextInitParams] PropertySource with lowest search precedence
11293 [main] DEBUG o.s.core.env.MutablePropertySources - Adding [systemProperties] PropertySource with lowest search precedence
11293 [main] DEBUG o.s.core.env.MutablePropertySources - Adding [systemEnvironment] PropertySource with lowest search precedence
11293 [main] DEBUG o.s.core.env.MutablePropertySources - Adding [random] PropertySource with lowest search precedence
11293 [main] DEBUG o.s.core.env.MutablePropertySources - Adding [applicationConfig: [classpath:/application.properties]] PropertySource with lowest search precedence
11293 [main] DEBUG o.s.core.env.MutablePropertySources - Adding [springCloudClientHostInfo] PropertySource with lowest search precedence
11293 [main] DEBUG o.s.core.env.MutablePropertySources - Adding [class path resource [eureka/server.properties]] PropertySource with lowest search precedence
11293 [main] DEBUG o.s.core.env.MutablePropertySources - Adding [defaultProperties] PropertySource with lowest search precedence
11293 [main] DEBUG o.s.core.env.MutablePropertySources - Adding [localProperties] PropertySource with lowest search precedence
11295 [main] DEBUG o.s.b.f.s.DefaultListableBeanFactory - Finished creating instance of bean 'endpoints.jmx-org.springframework.boot.actuate.autoconfigure.EndpointMBeanExportProperties'
11296 [main] DEBUG o.s.b.f.s.DefaultListableBeanFactory - Autowiring by type from bean name 'org.springframework.boot.actuate.autoconfigure.EndpointMBeanExportAutoConfiguration' via constructor to bean named 'endpoints.jmx-org.springframework.boot.actuate.autoconfigure.EndpointMBeanExportProperties'
11296 [main] DEBUG o.s.b.f.s.DefaultListableBeanFactory - Returning cached instance of singleton bean 'jacksonObjectMapper'
11296 [main] DEBUG o.s.b.f.s.DefaultListableBeanFactory - Eagerly caching bean 'org.springframework.boot.actuate.autoconfigure.EndpointMBeanExportAutoConfiguration' to allow for resolving potential circular references
11298 [main] DEBUG o.s.b.f.s.DefaultListableBeanFactory - Finished creating instance of bean 'org.springframework.boot.actuate.autoconfigure.EndpointMBeanExportAutoConfiguration'
11298 [main] DEBUG o.s.b.f.s.DefaultListableBeanFactory - Creating shared instance of singleton bean 'endpointMBeanExporter'
11299 [main] DEBUG o.s.b.f.s.DefaultListableBeanFactory - Creating instance of bean 'endpointMBeanExporter'
11299 [main] DEBUG o.s.b.f.s.DefaultListableBeanFactory - Returning cached instance of singleton bean 'org.springframework.boot.actuate.autoconfigure.EndpointMBeanExportAutoConfiguration'
11300 [main] DEBUG o.s.b.f.s.DefaultListableBeanFactory - Returning cached instance of singleton bean 'mbeanServer'
11300 [main] DEBUG o.s.b.f.s.DefaultListableBeanFactory - Autowiring by type from bean name 'endpointMBeanExporter' via factory method to bean named 'mbeanServer'
11304 [main] DEBUG o.s.b.f.s.DefaultListableBeanFactory - Eagerly caching bean 'endpointMBeanExporter' to allow for resolving potential circular references
11310 [main] DEBUG o.s.b.f.s.DefaultListableBeanFactory - Invoking afterPropertiesSet() on bean with name 'endpointMBeanExporter'
11311 [main] DEBUG o.s.b.f.s.DefaultListableBeanFactory - Finished creating instance of bean 'endpointMBeanExporter'
11311 [main] DEBUG o.s.b.f.s.DefaultListableBeanFactory - Returning cached instance of singleton bean 'endpoints.jmx-org.springframework.boot.actuate.autoconfigure.EndpointMBeanExportProperties'
11311 [main] DEBUG o.s.b.f.s.DefaultListableBeanFactory - Returning cached instance of singleton bean 'org.springframework.boot.autoconfigure.web.ServerPropertiesAutoConfiguration'
11311 [main] DEBUG o.s.b.f.s.DefaultListableBeanFactory - Returning cached instance of singleton bean 'serverProperties'
11311 [main] DEBUG o.s.b.f.s.DefaultListableBeanFactory - Returning cached instance of singleton bean 'duplicateServerPropertiesDetector'
11311 [main] DEBUG o.s.b.f.s.DefaultListableBeanFactory - Returning cached instance of singleton bean 'org.springframework.boot.actuate.autoconfigure.ManagementServerPropertiesAutoConfiguration'
11311 [main] DEBUG o.s.b.f.s.DefaultListableBeanFactory - Returning cached instance of singleton bean 'managementServerProperties'
11311 [main] DEBUG o.s.b.f.s.DefaultListableBeanFactory - Returning cached instance of singleton bean 'org.springframework.boot.autoconfigure.web.HttpMessageConvertersAutoConfiguration$StringHttpMessageConverterConfiguration'
11311 [main] DEBUG o.s.b.f.s.DefaultListableBeanFactory - Returning cached instance of singleton bean 'stringHttpMessageConverter'
11311 [main] DEBUG o.s.b.f.s.DefaultListableBeanFactory - Returning cached instance of singleton bean 'spring.http.encoding-org.springframework.boot.autoconfigure.web.HttpEncodingProperties'
11311 [main] DEBUG o.s.b.f.s.DefaultListableBeanFactory - Returning cached instance of singleton bean 'org.springframework.boot.autoconfigure.web.JacksonHttpMessageConvertersConfiguration$MappingJackson2XmlHttpMessageConverterConfiguration'
11311 [main] DEBUG o.s.b.f.s.DefaultListableBeanFactory - Returning cached instance of singleton bean 'mappingJackson2XmlHttpMessageConverter'
11311 [main] DEBUG o.s.b.f.s.DefaultListableBeanFactory - Returning cached instance of singleton bean 'org.springframework.boot.autoconfigure.web.JacksonHttpMessageConvertersConfiguration$MappingJackson2HttpMessageConverterConfiguration'
11311 [main] DEBUG o.s.b.f.s.DefaultListableBeanFactory - Returning cached instance of singleton bean 'mappingJackson2HttpMessageConverter'
11311 [main] DEBUG o.s.b.f.s.DefaultListableBeanFactory - Creating shared instance of singleton bean 'org.springframework.boot.autoconfigure.web.JacksonHttpMessageConvertersConfiguration'
11311 [main] DEBUG o.s.b.f.s.DefaultListableBeanFactory - Creating instance of bean 'org.springframework.boot.autoconfigure.web.JacksonHttpMessageConvertersConfiguration'
11311 [main] DEBUG o.s.b.f.s.DefaultListableBeanFactory - Eagerly caching bean 'org.springframework.boot.autoconfigure.web.JacksonHttpMessageConvertersConfiguration' to allow for resolving potential circular references
11313 [main] DEBUG o.s.b.f.s.DefaultListableBeanFactory - Finished creating instance of bean 'org.springframework.boot.autoconfigure.web.JacksonHttpMessageConvertersConfiguration'
11313 [main] DEBUG o.s.b.f.s.DefaultListableBeanFactory - Returning cached instance of singleton bean 'org.springframework.boot.autoconfigure.web.HttpMessageConvertersAutoConfiguration'
11313 [main] DEBUG o.s.b.f.s.DefaultListableBeanFactory - Returning cached instance of singleton bean 'messageConverters'
11313 [main] DEBUG o.s.b.f.s.DefaultListableBeanFactory - Returning cached instance of singleton bean 'org.springframework.boot.actuate.autoconfigure.EndpointWebMvcManagementContextConfiguration'
11313 [main] DEBUG o.s.b.f.s.DefaultListableBeanFactory - Creating shared instance of singleton bean 'endpointHandlerMapping'
11313 [main] DEBUG o.s.b.f.s.DefaultListableBeanFactory - Creating instance of bean 'endpointHandlerMapping'
11313 [main] DEBUG o.s.b.f.s.DefaultListableBeanFactory - Returning cached instance of singleton bean 'org.springframework.boot.actuate.autoconfigure.EndpointWebMvcManagementContextConfiguration'
11314 [main] DEBUG o.s.b.f.s.DefaultListableBeanFactory - Creating shared instance of singleton bean 'mvcEndpoints'
11314 [main] DEBUG o.s.b.f.s.DefaultListableBeanFactory - Creating instance of bean 'mvcEndpoints'
11314 [main] DEBUG o.s.b.f.s.DefaultListableBeanFactory - Returning cached instance of singleton bean 'org.springframework.boot.actuate.autoconfigure.EndpointWebMvcManagementContextConfiguration'
11314 [main] DEBUG o.s.b.f.s.DefaultListableBeanFactory - Eagerly caching bean 'mvcEndpoints' to allow for resolving potential circular references
11317 [main] DEBUG o.s.b.f.s.DefaultListableBeanFactory - Invoking afterPropertiesSet() on bean with name 'mvcEndpoints'
11317 [main] DEBUG o.s.b.f.s.DefaultListableBeanFactory - Creating shared instance of singleton bean 'environmentMvcEndpoint'
11317 [main] DEBUG o.s.b.f.s.DefaultListableBeanFactory - Creating instance of bean 'environmentMvcEndpoint'
11317 [main] DEBUG o.s.b.f.s.DefaultListableBeanFactory - Returning cached instance of singleton bean 'org.springframework.boot.actuate.autoconfigure.EndpointWebMvcManagementContextConfiguration'
11319 [main] DEBUG o.s.b.f.s.DefaultListableBeanFactory - Returning cached instance of singleton bean 'environmentEndpoint'
11319 [main] DEBUG o.s.b.f.s.DefaultListableBeanFactory - Autowiring by type from bean name 'environmentMvcEndpoint' via factory method to bean named 'environmentEndpoint'
11322 [main] DEBUG o.s.b.f.s.DefaultListableBeanFactory - Eagerly caching bean 'environmentMvcEndpoint' to allow for resolving potential circular references
11327 [main] DEBUG o.s.core.env.MutablePropertySources - Adding [servletConfigInitParams] PropertySource with lowest search precedence
11327 [main] DEBUG o.s.core.env.MutablePropertySources - Adding [servletContextInitParams] PropertySource with lowest search precedence
11327 [main] DEBUG o.s.core.env.MutablePropertySources - Adding [systemProperties] PropertySource with lowest search precedence
11327 [main] DEBUG o.s.core.env.MutablePropertySources - Adding [systemEnvironment] PropertySource with lowest search precedence
11327 [main] DEBUG o.s.core.env.MutablePropertySources - Adding [random] PropertySource with lowest search precedence
11327 [main] DEBUG o.s.core.env.MutablePropertySources - Adding [applicationConfig: [classpath:/application.properties]] PropertySource with lowest search precedence
11327 [main] DEBUG o.s.core.env.MutablePropertySources - Adding [springCloudClientHostInfo] PropertySource with lowest search precedence
11327 [main] DEBUG o.s.core.env.MutablePropertySources - Adding [class path resource [eureka/server.properties]] PropertySource with lowest search precedence
11327 [main] DEBUG o.s.core.env.MutablePropertySources - Adding [defaultProperties] PropertySource with lowest search precedence
11327 [main] DEBUG o.s.core.env.MutablePropertySources - Adding [localProperties] PropertySource with lowest search precedence
11333 [main] DEBUG o.s.b.f.s.DefaultListableBeanFactory - Finished creating instance of bean 'environmentMvcEndpoint'
11333 [main] DEBUG o.s.b.f.s.DefaultListableBeanFactory - Returning cached instance of singleton bean 'heapdumpMvcEndpoint'
11333 [main] DEBUG o.s.b.f.s.DefaultListableBeanFactory - Creating shared instance of singleton bean 'healthMvcEndpoint'
11333 [main] DEBUG o.s.b.f.s.DefaultListableBeanFactory - Creating instance of bean 'healthMvcEndpoint'
11333 [main] DEBUG o.s.b.f.s.DefaultListableBeanFactory - Returning cached instance of singleton bean 'org.springframework.boot.actuate.autoconfigure.EndpointWebMvcManagementContextConfiguration'
11334 [main] DEBUG o.s.b.f.s.DefaultListableBeanFactory - Returning cached instance of singleton bean 'healthEndpoint'
11334 [main] DEBUG o.s.b.f.s.DefaultListableBeanFactory - Autowiring by type from bean name 'healthMvcEndpoint' via factory method to bean named 'healthEndpoint'
11337 [main] DEBUG o.s.b.f.s.DefaultListableBeanFactory - Eagerly caching bean 'healthMvcEndpoint' to allow for resolving potential circular references
11340 [main] DEBUG o.s.core.env.MutablePropertySources - Adding [servletConfigInitParams] PropertySource with lowest search precedence
11341 [main] DEBUG o.s.core.env.MutablePropertySources - Adding [servletContextInitParams] PropertySource with lowest search precedence
11341 [main] DEBUG o.s.core.env.MutablePropertySources - Adding [systemProperties] PropertySource with lowest search precedence
11341 [main] DEBUG o.s.core.env.MutablePropertySources - Adding [systemEnvironment] PropertySource with lowest search precedence
11341 [main] DEBUG o.s.core.env.MutablePropertySources - Adding [random] PropertySource with lowest search precedence
11341 [main] DEBUG o.s.core.env.MutablePropertySources - Adding [applicationConfig: [classpath:/application.properties]] PropertySource with lowest search precedence
11341 [main] DEBUG o.s.core.env.MutablePropertySources - Adding [springCloudClientHostInfo] PropertySource with lowest search precedence
11341 [main] DEBUG o.s.core.env.MutablePropertySources - Adding [class path resource [eureka/server.properties]] PropertySource with lowest search precedence
11341 [main] DEBUG o.s.core.env.MutablePropertySources - Adding [defaultProperties] PropertySource with lowest search precedence
11341 [main] DEBUG o.s.core.env.MutablePropertySources - Adding [localProperties] PropertySource with lowest search precedence
11344 [main] DEBUG o.s.b.f.s.DefaultListableBeanFactory - Finished creating instance of bean 'healthMvcEndpoint'
11344 [main] DEBUG o.s.b.f.s.DefaultListableBeanFactory - Creating shared instance of singleton bean 'metricsMvcEndpoint'
11344 [main] DEBUG o.s.b.f.s.DefaultListableBeanFactory - Creating instance of bean 'metricsMvcEndpoint'
11344 [main] DEBUG o.s.b.f.s.DefaultListableBeanFactory - Returning cached instance of singleton bean 'org.springframework.boot.actuate.autoconfigure.EndpointWebMvcManagementContextConfiguration'
11345 [main] DEBUG o.s.b.f.s.DefaultListableBeanFactory - Returning cached instance of singleton bean 'metricsEndpoint'
11345 [main] DEBUG o.s.b.f.s.DefaultListableBeanFactory - Autowiring by type from bean name 'metricsMvcEndpoint' via factory method to bean named 'metricsEndpoint'
11346 [main] DEBUG o.s.b.f.s.DefaultListableBeanFactory - Eagerly caching bean 'metricsMvcEndpoint' to allow for resolving potential circular references
11349 [main] DEBUG o.s.core.env.MutablePropertySources - Adding [servletConfigInitParams] PropertySource with lowest search precedence
11349 [main] DEBUG o.s.core.env.MutablePropertySources - Adding [servletContextInitParams] PropertySource with lowest search precedence
11349 [main] DEBUG o.s.core.env.MutablePropertySources - Adding [systemProperties] PropertySource with lowest search precedence
11349 [main] DEBUG o.s.core.env.MutablePropertySources - Adding [systemEnvironment] PropertySource with lowest search precedence
11349 [main] DEBUG o.s.core.env.MutablePropertySources - Adding [random] PropertySource with lowest search precedence
11349 [main] DEBUG o.s.core.env.MutablePropertySources - Adding [applicationConfig: [classpath:/application.properties]] PropertySource with lowest search precedence
11349 [main] DEBUG o.s.core.env.MutablePropertySources - Adding [springCloudClientHostInfo] PropertySource with lowest search precedence
11349 [main] DEBUG o.s.core.env.MutablePropertySources - Adding [class path resource [eureka/server.properties]] PropertySource with lowest search precedence
11349 [main] DEBUG o.s.core.env.MutablePropertySources - Adding [defaultProperties] PropertySource with lowest search precedence
11349 [main] DEBUG o.s.core.env.MutablePropertySources - Adding [localProperties] PropertySource with lowest search precedence
11352 [main] DEBUG o.s.b.f.s.DefaultListableBeanFactory - Finished creating instance of bean 'metricsMvcEndpoint'
11352 [main] DEBUG o.s.b.f.s.DefaultListableBeanFactory - Creating shared instance of singleton bean 'environmentManagerEndpoint'
11352 [main] DEBUG o.s.b.f.s.DefaultListableBeanFactory - Creating instance of bean 'environmentManagerEndpoint'
11352 [main] DEBUG o.s.b.f.s.DefaultListableBeanFactory - Creating shared instance of singleton bean 'org.springframework.cloud.autoconfigure.LifecycleMvcEndpointAutoConfiguration'
11352 [main] DEBUG o.s.b.f.s.DefaultListableBeanFactory - Creating instance of bean 'org.springframework.cloud.autoconfigure.LifecycleMvcEndpointAutoConfiguration'
11352 [main] DEBUG o.s.b.f.a.InjectionMetadata - Registered injected element on class [org.springframework.cloud.autoconfigure.LifecycleMvcEndpointAutoConfiguration$$EnhancerBySpringCGLIB$$c4d608ba]: AutowiredFieldElement for private org.springframework.cloud.context.restart.RestartEndpoint org.springframework.cloud.autoconfigure.LifecycleMvcEndpointAutoConfiguration.restartEndpoint
11352 [main] DEBUG o.s.b.f.s.DefaultListableBeanFactory - Eagerly caching bean 'org.springframework.cloud.autoconfigure.LifecycleMvcEndpointAutoConfiguration' to allow for resolving potential circular references
11355 [main] DEBUG o.s.b.f.a.InjectionMetadata - Processing injected element of bean 'org.springframework.cloud.autoconfigure.LifecycleMvcEndpointAutoConfiguration': AutowiredFieldElement for private org.springframework.cloud.context.restart.RestartEndpoint org.springframework.cloud.autoconfigure.LifecycleMvcEndpointAutoConfiguration.restartEndpoint
11356 [main] DEBUG o.s.b.f.s.DefaultListableBeanFactory - Creating shared instance of singleton bean 'restartEndpoint'
11356 [main] DEBUG o.s.b.f.s.DefaultListableBeanFactory - Creating instance of bean 'restartEndpoint'
11356 [main] DEBUG o.s.b.f.s.DefaultListableBeanFactory - Creating shared instance of singleton bean 'org.springframework.cloud.autoconfigure.RefreshEndpointAutoConfiguration$RestartEndpointWithoutIntegration'
11356 [main] DEBUG o.s.b.f.s.DefaultListableBeanFactory - Creating instance of bean 'org.springframework.cloud.autoconfigure.RefreshEndpointAutoConfiguration$RestartEndpointWithoutIntegration'
11356 [main] DEBUG o.s.b.f.s.DefaultListableBeanFactory - Eagerly caching bean 'org.springframework.cloud.autoconfigure.RefreshEndpointAutoConfiguration$RestartEndpointWithoutIntegration' to allow for resolving potential circular references
11357 [main] DEBUG o.s.b.f.s.DefaultListableBeanFactory - Finished creating instance of bean 'org.springframework.cloud.autoconfigure.RefreshEndpointAutoConfiguration$RestartEndpointWithoutIntegration'
11359 [main] DEBUG o.s.b.f.s.DefaultListableBeanFactory - Eagerly caching bean 'restartEndpoint' to allow for resolving potential circular references
11364 [main] DEBUG o.s.core.env.MutablePropertySources - Adding [servletConfigInitParams] PropertySource with lowest search precedence
11364 [main] DEBUG o.s.core.env.MutablePropertySources - Adding [servletContextInitParams] PropertySource with lowest search precedence
11364 [main] DEBUG o.s.core.env.MutablePropertySources - Adding [systemProperties] PropertySource with lowest search precedence
11364 [main] DEBUG o.s.core.env.MutablePropertySources - Adding [systemEnvironment] PropertySource with lowest search precedence
11364 [main] DEBUG o.s.core.env.MutablePropertySources - Adding [random] PropertySource with lowest search precedence
11364 [main] DEBUG o.s.core.env.MutablePropertySources - Adding [applicationConfig: [classpath:/application.properties]] PropertySource with lowest search precedence
11364 [main] DEBUG o.s.core.env.MutablePropertySources - Adding [springCloudClientHostInfo] PropertySource with lowest search precedence
11364 [main] DEBUG o.s.core.env.MutablePropertySources - Adding [class path resource [eureka/server.properties]] PropertySource with lowest search precedence
11364 [main] DEBUG o.s.core.env.MutablePropertySources - Adding [defaultProperties] PropertySource with lowest search precedence
11364 [main] DEBUG o.s.core.env.MutablePropertySources - Adding [localProperties] PropertySource with lowest search precedence
11369 [main] DEBUG o.s.b.f.s.DefaultListableBeanFactory - Finished creating instance of bean 'restartEndpoint'
11370 [main] DEBUG o.s.b.f.a.AutowiredAnnotationBeanPostProcessor - Autowiring by type from bean name 'org.springframework.cloud.autoconfigure.LifecycleMvcEndpointAutoConfiguration' to bean named 'restartEndpoint'
11370 [main] DEBUG o.s.b.f.s.DefaultListableBeanFactory - Finished creating instance of bean 'org.springframework.cloud.autoconfigure.LifecycleMvcEndpointAutoConfiguration'
11370 [main] DEBUG o.s.b.f.s.DefaultListableBeanFactory - Returning cached instance of singleton bean 'environmentEndpoint'
11371 [main] DEBUG o.s.b.f.s.DefaultListableBeanFactory - Returning cached instance of singleton bean 'environmentManager'
11371 [main] DEBUG o.s.b.f.s.DefaultListableBeanFactory - Autowiring by type from bean name 'environmentManagerEndpoint' via factory method to bean named 'environmentEndpoint'
11371 [main] DEBUG o.s.b.f.s.DefaultListableBeanFactory - Autowiring by type from bean name 'environmentManagerEndpoint' via factory method to bean named 'environmentManager'
11374 [main] DEBUG o.s.b.f.s.DefaultListableBeanFactory - Eagerly caching bean 'environmentManagerEndpoint' to allow for resolving potential circular references
11377 [main] DEBUG o.s.b.f.s.DefaultListableBeanFactory - Finished creating instance of bean 'environmentManagerEndpoint'
11377 [main] DEBUG o.s.b.f.s.DefaultListableBeanFactory - Creating shared instance of singleton bean 'refreshMvcEndpoint'
11377 [main] DEBUG o.s.b.f.s.DefaultListableBeanFactory - Creating instance of bean 'refreshMvcEndpoint'
11377 [main] DEBUG o.s.b.f.s.DefaultListableBeanFactory - Returning cached instance of singleton bean 'org.springframework.cloud.autoconfigure.LifecycleMvcEndpointAutoConfiguration'
11378 [main] DEBUG o.s.b.f.s.DefaultListableBeanFactory - Creating shared instance of singleton bean 'refreshEndpoint'
11378 [main] DEBUG o.s.b.f.s.DefaultListableBeanFactory - Creating instance of bean 'refreshEndpoint'
11378 [main] DEBUG o.s.b.f.s.DefaultListableBeanFactory - Creating shared instance of singleton bean 'org.springframework.cloud.autoconfigure.RefreshEndpointAutoConfiguration$RefreshEndpointConfiguration'
11378 [main] DEBUG o.s.b.f.s.DefaultListableBeanFactory - Creating instance of bean 'org.springframework.cloud.autoconfigure.RefreshEndpointAutoConfiguration$RefreshEndpointConfiguration'
11378 [main] DEBUG o.s.b.f.s.DefaultListableBeanFactory - Eagerly caching bean 'org.springframework.cloud.autoconfigure.RefreshEndpointAutoConfiguration$RefreshEndpointConfiguration' to allow for resolving potential circular references
11382 [main] DEBUG o.s.b.f.s.DefaultListableBeanFactory - Finished creating instance of bean 'org.springframework.cloud.autoconfigure.RefreshEndpointAutoConfiguration$RefreshEndpointConfiguration'
11383 [main] DEBUG o.s.b.f.s.DefaultListableBeanFactory - Returning cached instance of singleton bean 'contextRefresher'
11383 [main] DEBUG o.s.b.f.s.DefaultListableBeanFactory - Autowiring by type from bean name 'refreshEndpoint' via factory method to bean named 'contextRefresher'
11385 [main] DEBUG o.s.b.f.s.DefaultListableBeanFactory - Eagerly caching bean 'refreshEndpoint' to allow for resolving potential circular references
11387 [main] DEBUG o.s.core.env.MutablePropertySources - Adding [servletConfigInitParams] PropertySource with lowest search precedence
11387 [main] DEBUG o.s.core.env.MutablePropertySources - Adding [servletContextInitParams] PropertySource with lowest search precedence
11387 [main] DEBUG o.s.core.env.MutablePropertySources - Adding [systemProperties] PropertySource with lowest search precedence
11387 [main] DEBUG o.s.core.env.MutablePropertySources - Adding [systemEnvironment] PropertySource with lowest search precedence
11387 [main] DEBUG o.s.core.env.MutablePropertySources - Adding [random] PropertySource with lowest search precedence
11387 [main] DEBUG o.s.core.env.MutablePropertySources - Adding [applicationConfig: [classpath:/application.properties]] PropertySource with lowest search precedence
11387 [main] DEBUG o.s.core.env.MutablePropertySources - Adding [springCloudClientHostInfo] PropertySource with lowest search precedence
11387 [main] DEBUG o.s.core.env.MutablePropertySources - Adding [class path resource [eureka/server.properties]] PropertySource with lowest search precedence
11387 [main] DEBUG o.s.core.env.MutablePropertySources - Adding [defaultProperties] PropertySource with lowest search precedence
11387 [main] DEBUG o.s.core.env.MutablePropertySources - Adding [localProperties] PropertySource with lowest search precedence
11390 [main] DEBUG o.s.b.f.s.DefaultListableBeanFactory - Finished creating instance of bean 'refreshEndpoint'
11390 [main] DEBUG o.s.b.f.s.DefaultListableBeanFactory - Autowiring by type from bean name 'refreshMvcEndpoint' via factory method to bean named 'refreshEndpoint'
11391 [main] DEBUG o.s.b.f.s.DefaultListableBeanFactory - Eagerly caching bean 'refreshMvcEndpoint' to allow for resolving potential circular references
11393 [main] DEBUG o.s.b.f.s.DefaultListableBeanFactory - Finished creating instance of bean 'refreshMvcEndpoint'
11393 [main] DEBUG o.s.b.f.s.DefaultListableBeanFactory - Creating shared instance of singleton bean 'restartMvcEndpoint'
11393 [main] DEBUG o.s.b.f.s.DefaultListableBeanFactory - Creating instance of bean 'restartMvcEndpoint'
11393 [main] DEBUG o.s.b.f.s.DefaultListableBeanFactory - Returning cached instance of singleton bean 'org.springframework.cloud.autoconfigure.LifecycleMvcEndpointAutoConfiguration'
11394 [main] DEBUG o.s.b.f.s.DefaultListableBeanFactory - Eagerly caching bean 'restartMvcEndpoint' to allow for resolving potential circular references
11397 [main] DEBUG o.s.b.f.s.DefaultListableBeanFactory - Finished creating instance of bean 'restartMvcEndpoint'
11397 [main] DEBUG o.s.b.f.s.DefaultListableBeanFactory - Creating shared instance of singleton bean 'pauseMvcEndpoint'
11397 [main] DEBUG o.s.b.f.s.DefaultListableBeanFactory - Creating instance of bean 'pauseMvcEndpoint'
11397 [main] DEBUG o.s.b.f.s.DefaultListableBeanFactory - Returning cached instance of singleton bean 'org.springframework.cloud.autoconfigure.LifecycleMvcEndpointAutoConfiguration'
11398 [main] DEBUG o.s.b.f.s.DefaultListableBeanFactory - Creating shared instance of singleton bean 'pauseEndpoint'
11398 [main] DEBUG o.s.b.f.s.DefaultListableBeanFactory - Creating instance of bean 'pauseEndpoint'
11398 [main] DEBUG o.s.b.f.s.DefaultListableBeanFactory - Returning cached instance of singleton bean 'org.springframework.cloud.autoconfigure.RefreshEndpointAutoConfiguration'
11398 [main] DEBUG o.s.b.f.s.DefaultListableBeanFactory - Returning cached instance of singleton bean 'restartEndpoint'
11398 [main] DEBUG o.s.b.f.s.DefaultListableBeanFactory - Autowiring by type from bean name 'pauseEndpoint' via factory method to bean named 'restartEndpoint'
11398 [main] DEBUG o.s.b.f.s.DefaultListableBeanFactory - Eagerly caching bean 'pauseEndpoint' to allow for resolving potential circular references
11402 [main] DEBUG o.s.core.env.MutablePropertySources - Adding [servletConfigInitParams] PropertySource with lowest search precedence
11402 [main] DEBUG o.s.core.env.MutablePropertySources - Adding [servletContextInitParams] PropertySource with lowest search precedence
11402 [main] DEBUG o.s.core.env.MutablePropertySources - Adding [systemProperties] PropertySource with lowest search precedence
11402 [main] DEBUG o.s.core.env.MutablePropertySources - Adding [systemEnvironment] PropertySource with lowest search precedence
11402 [main] DEBUG o.s.core.env.MutablePropertySources - Adding [random] PropertySource with lowest search precedence
11402 [main] DEBUG o.s.core.env.MutablePropertySources - Adding [applicationConfig: [classpath:/application.properties]] PropertySource with lowest search precedence
11402 [main] DEBUG o.s.core.env.MutablePropertySources - Adding [springCloudClientHostInfo] PropertySource with lowest search precedence
11402 [main] DEBUG o.s.core.env.MutablePropertySources - Adding [class path resource [eureka/server.properties]] PropertySource with lowest search precedence
11402 [main] DEBUG o.s.core.env.MutablePropertySources - Adding [defaultProperties] PropertySource with lowest search precedence
11402 [main] DEBUG o.s.core.env.MutablePropertySources - Adding [localProperties] PropertySource with lowest search precedence
11404 [main] DEBUG o.s.b.f.s.DefaultListableBeanFactory - Finished creating instance of bean 'pauseEndpoint'
11404 [main] DEBUG o.s.b.f.s.DefaultListableBeanFactory - Autowiring by type from bean name 'pauseMvcEndpoint' via factory method to bean named 'pauseEndpoint'
11405 [main] DEBUG o.s.b.f.s.DefaultListableBeanFactory - Eagerly caching bean 'pauseMvcEndpoint' to allow for resolving potential circular references
11405 [main] DEBUG o.s.b.f.s.DefaultListableBeanFactory - Finished creating instance of bean 'pauseMvcEndpoint'
11405 [main] DEBUG o.s.b.f.s.DefaultListableBeanFactory - Creating shared instance of singleton bean 'resumeMvcEndpoint'
11405 [main] DEBUG o.s.b.f.s.DefaultListableBeanFactory - Creating instance of bean 'resumeMvcEndpoint'
11405 [main] DEBUG o.s.b.f.s.DefaultListableBeanFactory - Returning cached instance of singleton bean 'org.springframework.cloud.autoconfigure.LifecycleMvcEndpointAutoConfiguration'
11406 [main] DEBUG o.s.b.f.s.DefaultListableBeanFactory - Creating shared instance of singleton bean 'resumeEndpoint'
11406 [main] DEBUG o.s.b.f.s.DefaultListableBeanFactory - Creating instance of bean 'resumeEndpoint'
11406 [main] DEBUG o.s.b.f.s.DefaultListableBeanFactory - Returning cached instance of singleton bean 'org.springframework.cloud.autoconfigure.RefreshEndpointAutoConfiguration'
11406 [main] DEBUG o.s.b.f.s.DefaultListableBeanFactory - Returning cached instance of singleton bean 'restartEndpoint'
11406 [main] DEBUG o.s.b.f.s.DefaultListableBeanFactory - Autowiring by type from bean name 'resumeEndpoint' via factory method to bean named 'restartEndpoint'
11406 [main] DEBUG o.s.b.f.s.DefaultListableBeanFactory - Eagerly caching bean 'resumeEndpoint' to allow for resolving potential circular references
11409 [main] DEBUG o.s.core.env.MutablePropertySources - Adding [servletConfigInitParams] PropertySource with lowest search precedence
11409 [main] DEBUG o.s.core.env.MutablePropertySources - Adding [servletContextInitParams] PropertySource with lowest search precedence
11409 [main] DEBUG o.s.core.env.MutablePropertySources - Adding [systemProperties] PropertySource with lowest search precedence
11409 [main] DEBUG o.s.core.env.MutablePropertySources - Adding [systemEnvironment] PropertySource with lowest search precedence
11409 [main] DEBUG o.s.core.env.MutablePropertySources - Adding [random] PropertySource with lowest search precedence
11409 [main] DEBUG o.s.core.env.MutablePropertySources - Adding [applicationConfig: [classpath:/application.properties]] PropertySource with lowest search precedence
11409 [main] DEBUG o.s.core.env.MutablePropertySources - Adding [springCloudClientHostInfo] PropertySource with lowest search precedence
11409 [main] DEBUG o.s.core.env.MutablePropertySources - Adding [class path resource [eureka/server.properties]] PropertySource with lowest search precedence
11409 [main] DEBUG o.s.core.env.MutablePropertySources - Adding [defaultProperties] PropertySource with lowest search precedence
11409 [main] DEBUG o.s.core.env.MutablePropertySources - Adding [localProperties] PropertySource with lowest search precedence
11411 [main] DEBUG o.s.b.f.s.DefaultListableBeanFactory - Finished creating instance of bean 'resumeEndpoint'
11412 [main] DEBUG o.s.b.f.s.DefaultListableBeanFactory - Autowiring by type from bean name 'resumeMvcEndpoint' via factory method to bean named 'resumeEndpoint'
11412 [main] DEBUG o.s.b.f.s.DefaultListableBeanFactory - Eagerly caching bean 'resumeMvcEndpoint' to allow for resolving potential circular references
11412 [main] DEBUG o.s.b.f.s.DefaultListableBeanFactory - Finished creating instance of bean 'resumeMvcEndpoint'
11413 [main] DEBUG o.s.b.f.s.DefaultListableBeanFactory - Returning cached instance of singleton bean 'featuresEndpoint'
11413 [main] DEBUG o.s.b.f.s.DefaultListableBeanFactory - Returning cached instance of singleton bean 'requestMappingEndpoint'
11413 [main] DEBUG o.s.b.f.s.DefaultListableBeanFactory - Returning cached instance of singleton bean 'environmentEndpoint'
11413 [main] DEBUG o.s.b.f.s.DefaultListableBeanFactory - Returning cached instance of singleton bean 'healthEndpoint'
11413 [main] DEBUG o.s.b.f.s.DefaultListableBeanFactory - Returning cached instance of singleton bean 'beansEndpoint'
11413 [main] DEBUG o.s.b.f.s.DefaultListableBeanFactory - Returning cached instance of singleton bean 'infoEndpoint'
11413 [main] DEBUG o.s.b.f.s.DefaultListableBeanFactory - Returning cached instance of singleton bean 'metricsEndpoint'
11413 [main] DEBUG o.s.b.f.s.DefaultListableBeanFactory - Returning cached instance of singleton bean 'traceEndpoint'
11413 [main] DEBUG o.s.b.f.s.DefaultListableBeanFactory - Returning cached instance of singleton bean 'dumpEndpoint'
11413 [main] DEBUG o.s.b.f.s.DefaultListableBeanFactory - Returning cached instance of singleton bean 'autoConfigurationReportEndpoint'
11413 [main] DEBUG o.s.b.f.s.DefaultListableBeanFactory - Returning cached instance of singleton bean 'shutdownEndpoint'
11413 [main] DEBUG o.s.b.f.s.DefaultListableBeanFactory - Returning cached instance of singleton bean 'configurationPropertiesReportEndpoint'
11413 [main] DEBUG o.s.b.f.s.DefaultListableBeanFactory - Returning cached instance of singleton bean 'refreshEndpoint'
11413 [main] DEBUG o.s.b.f.s.DefaultListableBeanFactory - Returning cached instance of singleton bean 'restartEndpoint'
11413 [main] DEBUG o.s.b.f.s.DefaultListableBeanFactory - Returning cached instance of singleton bean 'pauseEndpoint'
11413 [main] DEBUG o.s.b.f.s.DefaultListableBeanFactory - Returning cached instance of singleton bean 'resumeEndpoint'
11413 [main] DEBUG o.s.b.f.s.DefaultListableBeanFactory - Creating shared instance of singleton bean 'archaiusEndpoint'
11413 [main] DEBUG o.s.b.f.s.DefaultListableBeanFactory - Creating instance of bean 'archaiusEndpoint'
11413 [main] DEBUG o.s.b.f.s.DefaultListableBeanFactory - Creating shared instance of singleton bean 'org.springframework.cloud.netflix.archaius.ArchaiusAutoConfiguration$ArchaiusEndpointConfiguration'
11413 [main] DEBUG o.s.b.f.s.DefaultListableBeanFactory - Creating instance of bean 'org.springframework.cloud.netflix.archaius.ArchaiusAutoConfiguration$ArchaiusEndpointConfiguration'
11413 [main] DEBUG o.s.b.f.s.DefaultListableBeanFactory - Eagerly caching bean 'org.springframework.cloud.netflix.archaius.ArchaiusAutoConfiguration$ArchaiusEndpointConfiguration' to allow for resolving potential circular references
11415 [main] DEBUG o.s.b.f.s.DefaultListableBeanFactory - Finished creating instance of bean 'org.springframework.cloud.netflix.archaius.ArchaiusAutoConfiguration$ArchaiusEndpointConfiguration'
11417 [main] DEBUG o.s.b.f.s.DefaultListableBeanFactory - Eagerly caching bean 'archaiusEndpoint' to allow for resolving potential circular references
11420 [main] DEBUG o.s.b.f.s.DefaultListableBeanFactory - Finished creating instance of bean 'archaiusEndpoint'
11421 [main] DEBUG o.s.c.e.PropertySourcesPropertyResolver - Could not find key 'endpoints.features.path' in any property source
11421 [main] DEBUG o.s.c.e.PropertySourcesPropertyResolver - Could not find key 'endpoints.mappings.path' in any property source
11421 [main] DEBUG o.s.c.e.PropertySourcesPropertyResolver - Could not find key 'endpoints.beans.path' in any property source
11421 [main] DEBUG o.s.c.e.PropertySourcesPropertyResolver - Could not find key 'endpoints.info.path' in any property source
11421 [main] DEBUG o.s.c.e.PropertySourcesPropertyResolver - Could not find key 'endpoints.trace.path' in any property source
11421 [main] DEBUG o.s.c.e.PropertySourcesPropertyResolver - Could not find key 'endpoints.dump.path' in any property source
11421 [main] DEBUG o.s.c.e.PropertySourcesPropertyResolver - Could not find key 'endpoints.autoconfig.path' in any property source
11421 [main] DEBUG o.s.c.e.PropertySourcesPropertyResolver - Could not find key 'endpoints.configprops.path' in any property source
11421 [main] DEBUG o.s.b.f.s.DefaultListableBeanFactory - Finished creating instance of bean 'mvcEndpoints'
11423 [main] DEBUG o.s.b.f.s.DefaultListableBeanFactory - Eagerly caching bean 'endpointHandlerMapping' to allow for resolving potential circular references
11433 [main] DEBUG o.s.b.f.s.DefaultListableBeanFactory - Invoking afterPropertiesSet() on bean with name 'endpointHandlerMapping'
11433 [main] DEBUG o.s.b.a.e.m.EndpointHandlerMapping - Looking for request mappings in application context: org.springframework.boot.context.embedded.AnnotationConfigEmbeddedWebApplicationContext@189aa67a: startup date [Mon Mar 06 18:59:34 CST 2017]; parent: org.springframework.context.annotation.AnnotationConfigApplicationContext@61386958
11435 [main] DEBUG o.s.b.a.e.m.EndpointHandlerMapping - 1 request handler methods found on class org.springframework.boot.actuate.endpoint.mvc.EndpointMvcAdapter: {public java.lang.Object org.springframework.boot.actuate.endpoint.mvc.EndpointMvcAdapter.invoke()={[],methods=[GET],produces=[application/json]}}
11436 [main] INFO  o.s.b.a.e.m.EndpointHandlerMapping - Mapped "{[/beans || /beans.json],methods=[GET],produces=[application/json]}" onto public java.lang.Object org.springframework.boot.actuate.endpoint.mvc.EndpointMvcAdapter.invoke()
11437 [main] DEBUG o.s.b.a.e.m.EndpointHandlerMapping - 1 request handler methods found on class org.springframework.boot.actuate.endpoint.mvc.EndpointMvcAdapter: {public java.lang.Object org.springframework.boot.actuate.endpoint.mvc.EndpointMvcAdapter.invoke()={[],methods=[GET],produces=[application/json]}}
11437 [main] INFO  o.s.b.a.e.m.EndpointHandlerMapping - Mapped "{[/archaius || /archaius.json],methods=[GET],produces=[application/json]}" onto public java.lang.Object org.springframework.boot.actuate.endpoint.mvc.EndpointMvcAdapter.invoke()
11437 [main] DEBUG o.s.b.a.e.m.EndpointHandlerMapping - 1 request handler methods found on class org.springframework.cloud.endpoint.GenericPostableMvcEndpoint: {public java.lang.Object org.springframework.cloud.endpoint.GenericPostableMvcEndpoint.invoke()={[],methods=[POST]}}
11437 [main] INFO  o.s.b.a.e.m.EndpointHandlerMapping - Mapped "{[/pause || /pause.json],methods=[POST]}" onto public java.lang.Object org.springframework.cloud.endpoint.GenericPostableMvcEndpoint.invoke()
11438 [main] DEBUG o.s.b.a.e.m.EndpointHandlerMapping - 1 request handler methods found on class org.springframework.boot.actuate.endpoint.mvc.EndpointMvcAdapter: {public java.lang.Object org.springframework.boot.actuate.endpoint.mvc.EndpointMvcAdapter.invoke()={[],methods=[GET],produces=[application/json]}}
11438 [main] INFO  o.s.b.a.e.m.EndpointHandlerMapping - Mapped "{[/info || /info.json],methods=[GET],produces=[application/json]}" onto public java.lang.Object org.springframework.boot.actuate.endpoint.mvc.EndpointMvcAdapter.invoke()
11439 [main] DEBUG o.s.b.a.e.m.EndpointHandlerMapping - 1 request handler methods found on class org.springframework.boot.actuate.endpoint.mvc.EndpointMvcAdapter: {public java.lang.Object org.springframework.boot.actuate.endpoint.mvc.EndpointMvcAdapter.invoke()={[],methods=[GET],produces=[application/json]}}
11439 [main] INFO  o.s.b.a.e.m.EndpointHandlerMapping - Mapped "{[/mappings || /mappings.json],methods=[GET],produces=[application/json]}" onto public java.lang.Object org.springframework.boot.actuate.endpoint.mvc.EndpointMvcAdapter.invoke()
11440 [main] DEBUG o.s.b.a.e.m.EndpointHandlerMapping - 2 request handler methods found on class org.springframework.boot.actuate.endpoint.mvc.EnvironmentMvcEndpoint: {public java.lang.Object org.springframework.boot.actuate.endpoint.mvc.EnvironmentMvcEndpoint.value(java.lang.String)={[/{name:.*}],methods=[GET],produces=[application/json]}, public java.lang.Object org.springframework.boot.actuate.endpoint.mvc.EndpointMvcAdapter.invoke()={[],methods=[GET],produces=[application/json]}}
11440 [main] INFO  o.s.b.a.e.m.EndpointHandlerMapping - Mapped "{[/env/{name:.*}],methods=[GET],produces=[application/json]}" onto public java.lang.Object org.springframework.boot.actuate.endpoint.mvc.EnvironmentMvcEndpoint.value(java.lang.String)
11440 [main] INFO  o.s.b.a.e.m.EndpointHandlerMapping - Mapped "{[/env || /env.json],methods=[GET],produces=[application/json]}" onto public java.lang.Object org.springframework.boot.actuate.endpoint.mvc.EndpointMvcAdapter.invoke()
11441 [main] DEBUG o.s.b.a.e.m.EndpointHandlerMapping - 1 request handler methods found on class org.springframework.boot.actuate.endpoint.mvc.EndpointMvcAdapter: {public java.lang.Object org.springframework.boot.actuate.endpoint.mvc.EndpointMvcAdapter.invoke()={[],methods=[GET],produces=[application/json]}}
11442 [main] INFO  o.s.b.a.e.m.EndpointHandlerMapping - Mapped "{[/dump || /dump.json],methods=[GET],produces=[application/json]}" onto public java.lang.Object org.springframework.boot.actuate.endpoint.mvc.EndpointMvcAdapter.invoke()
11442 [main] DEBUG o.s.b.a.e.m.EndpointHandlerMapping - 1 request handler methods found on class org.springframework.boot.actuate.endpoint.mvc.EndpointMvcAdapter: {public java.lang.Object org.springframework.boot.actuate.endpoint.mvc.EndpointMvcAdapter.invoke()={[],methods=[GET],produces=[application/json]}}
11442 [main] INFO  o.s.b.a.e.m.EndpointHandlerMapping - Mapped "{[/configprops || /configprops.json],methods=[GET],produces=[application/json]}" onto public java.lang.Object org.springframework.boot.actuate.endpoint.mvc.EndpointMvcAdapter.invoke()
11442 [main] DEBUG o.s.b.a.e.m.EndpointHandlerMapping - 1 request handler methods found on class org.springframework.boot.actuate.endpoint.mvc.HeapdumpMvcEndpoint: {public void org.springframework.boot.actuate.endpoint.mvc.HeapdumpMvcEndpoint.invoke(boolean,javax.servlet.http.HttpServletRequest,javax.servlet.http.HttpServletResponse) throws IOException,javax.servlet.ServletException={[],methods=[GET],produces=[application/octet-stream]}}
11443 [main] INFO  o.s.b.a.e.m.EndpointHandlerMapping - Mapped "{[/heapdump || /heapdump.json],methods=[GET],produces=[application/octet-stream]}" onto public void org.springframework.boot.actuate.endpoint.mvc.HeapdumpMvcEndpoint.invoke(boolean,javax.servlet.http.HttpServletRequest,javax.servlet.http.HttpServletResponse) throws IOException,javax.servlet.ServletException
11443 [main] DEBUG o.s.b.a.e.m.EndpointHandlerMapping - 1 request handler methods found on class org.springframework.cloud.endpoint.GenericPostableMvcEndpoint: {public java.lang.Object org.springframework.cloud.endpoint.GenericPostableMvcEndpoint.invoke()={[],methods=[POST]}}
11443 [main] INFO  o.s.b.a.e.m.EndpointHandlerMapping - Mapped "{[/refresh || /refresh.json],methods=[POST]}" onto public java.lang.Object org.springframework.cloud.endpoint.GenericPostableMvcEndpoint.invoke()
11447 [main] DEBUG o.s.b.a.e.m.EndpointHandlerMapping - 1 request handler methods found on class org.springframework.boot.actuate.endpoint.mvc.EndpointMvcAdapter: {public java.lang.Object org.springframework.boot.actuate.endpoint.mvc.EndpointMvcAdapter.invoke()={[],methods=[GET],produces=[application/json]}}
11447 [main] INFO  o.s.b.a.e.m.EndpointHandlerMapping - Mapped "{[/autoconfig || /autoconfig.json],methods=[GET],produces=[application/json]}" onto public java.lang.Object org.springframework.boot.actuate.endpoint.mvc.EndpointMvcAdapter.invoke()
11447 [main] DEBUG o.s.b.a.e.m.EndpointHandlerMapping - 2 request handler methods found on class org.springframework.cloud.context.environment.EnvironmentManagerMvcEndpoint: {public java.lang.Object org.springframework.cloud.context.environment.EnvironmentManagerMvcEndpoint.value(java.util.Map)={[],methods=[POST]}, public java.util.Map org.springframework.cloud.context.environment.EnvironmentManagerMvcEndpoint.reset()={[/reset],methods=[POST]}}
11447 [main] INFO  o.s.b.a.e.m.EndpointHandlerMapping - Mapped "{[/env],methods=[POST]}" onto public java.lang.Object org.springframework.cloud.context.environment.EnvironmentManagerMvcEndpoint.value(java.util.Map<java.lang.String, java.lang.String>)
11447 [main] INFO  o.s.b.a.e.m.EndpointHandlerMapping - Mapped "{[/env/reset],methods=[POST]}" onto public java.util.Map<java.lang.String, java.lang.Object> org.springframework.cloud.context.environment.EnvironmentManagerMvcEndpoint.reset()
11448 [main] DEBUG o.s.b.a.e.m.EndpointHandlerMapping - 2 request handler methods found on class org.springframework.boot.actuate.endpoint.mvc.MetricsMvcEndpoint: {public java.lang.Object org.springframework.boot.actuate.endpoint.mvc.MetricsMvcEndpoint.value(java.lang.String)={[/{name:.*}],methods=[GET],produces=[application/json]}, public java.lang.Object org.springframework.boot.actuate.endpoint.mvc.EndpointMvcAdapter.invoke()={[],methods=[GET],produces=[application/json]}}
11448 [main] INFO  o.s.b.a.e.m.EndpointHandlerMapping - Mapped "{[/metrics/{name:.*}],methods=[GET],produces=[application/json]}" onto public java.lang.Object org.springframework.boot.actuate.endpoint.mvc.MetricsMvcEndpoint.value(java.lang.String)
11448 [main] INFO  o.s.b.a.e.m.EndpointHandlerMapping - Mapped "{[/metrics || /metrics.json],methods=[GET],produces=[application/json]}" onto public java.lang.Object org.springframework.boot.actuate.endpoint.mvc.EndpointMvcAdapter.invoke()
11449 [main] DEBUG o.s.b.a.e.m.EndpointHandlerMapping - 1 request handler methods found on class org.springframework.boot.actuate.endpoint.mvc.EndpointMvcAdapter: {public java.lang.Object org.springframework.boot.actuate.endpoint.mvc.EndpointMvcAdapter.invoke()={[],methods=[GET],produces=[application/json]}}
11449 [main] INFO  o.s.b.a.e.m.EndpointHandlerMapping - Mapped "{[/trace || /trace.json],methods=[GET],produces=[application/json]}" onto public java.lang.Object org.springframework.boot.actuate.endpoint.mvc.EndpointMvcAdapter.invoke()
11450 [main] DEBUG o.s.b.a.e.m.EndpointHandlerMapping - 1 request handler methods found on class org.springframework.cloud.context.restart.RestartMvcEndpoint: {public java.lang.Object org.springframework.cloud.context.restart.RestartMvcEndpoint.invoke()={[],methods=[POST]}}
11450 [main] INFO  o.s.b.a.e.m.EndpointHandlerMapping - Mapped "{[/restart || /restart.json],methods=[POST]}" onto public java.lang.Object org.springframework.cloud.context.restart.RestartMvcEndpoint.invoke()
11451 [main] DEBUG o.s.b.a.e.m.EndpointHandlerMapping - 1 request handler methods found on class org.springframework.cloud.endpoint.GenericPostableMvcEndpoint: {public java.lang.Object org.springframework.cloud.endpoint.GenericPostableMvcEndpoint.invoke()={[],methods=[POST]}}
11451 [main] INFO  o.s.b.a.e.m.EndpointHandlerMapping - Mapped "{[/resume || /resume.json],methods=[POST]}" onto public java.lang.Object org.springframework.cloud.endpoint.GenericPostableMvcEndpoint.invoke()
11451 [main] DEBUG o.s.b.a.e.m.EndpointHandlerMapping - 1 request handler methods found on class org.springframework.boot.actuate.endpoint.mvc.EndpointMvcAdapter: {public java.lang.Object org.springframework.boot.actuate.endpoint.mvc.EndpointMvcAdapter.invoke()={[],methods=[GET],produces=[application/json]}}
11451 [main] INFO  o.s.b.a.e.m.EndpointHandlerMapping - Mapped "{[/features || /features.json],methods=[GET],produces=[application/json]}" onto public java.lang.Object org.springframework.boot.actuate.endpoint.mvc.EndpointMvcAdapter.invoke()
11452 [main] DEBUG o.s.b.a.e.m.EndpointHandlerMapping - 1 request handler methods found on class org.springframework.boot.actuate.endpoint.mvc.HealthMvcEndpoint: {public java.lang.Object org.springframework.boot.actuate.endpoint.mvc.HealthMvcEndpoint.invoke(java.security.Principal)={[],produces=[application/json]}}
11452 [main] INFO  o.s.b.a.e.m.EndpointHandlerMapping - Mapped "{[/health || /health.json],produces=[application/json]}" onto public java.lang.Object org.springframework.boot.actuate.endpoint.mvc.HealthMvcEndpoint.invoke(java.security.Principal)
11452 [main] DEBUG o.s.b.f.s.DefaultListableBeanFactory - Finished creating instance of bean 'endpointHandlerMapping'
11452 [main] DEBUG o.s.b.f.s.DefaultListableBeanFactory - Returning cached instance of singleton bean 'mvcEndpoints'
11452 [main] DEBUG o.s.b.f.s.DefaultListableBeanFactory - Returning cached instance of singleton bean 'environmentMvcEndpoint'
11452 [main] DEBUG o.s.b.f.s.DefaultListableBeanFactory - Returning cached instance of singleton bean 'heapdumpMvcEndpoint'
11452 [main] DEBUG o.s.b.f.s.DefaultListableBeanFactory - Returning cached instance of singleton bean 'healthMvcEndpoint'
11452 [main] DEBUG o.s.b.f.s.DefaultListableBeanFactory - Returning cached instance of singleton bean 'metricsMvcEndpoint'
11452 [main] DEBUG o.s.b.f.s.DefaultListableBeanFactory - Returning cached instance of singleton bean 'endpoints.health-org.springframework.boot.actuate.autoconfigure.HealthMvcEndpointProperties'
11453 [main] DEBUG o.s.b.f.s.DefaultListableBeanFactory - Returning cached instance of singleton bean 'endpoints.cors-org.springframework.boot.actuate.autoconfigure.EndpointCorsProperties'
11453 [main] DEBUG o.s.b.f.s.DefaultListableBeanFactory - Creating shared instance of singleton bean 'org.springframework.boot.actuate.autoconfigure.EndpointWebMvcAutoConfiguration$EndpointWebMvcConfiguration'
11453 [main] DEBUG o.s.b.f.s.DefaultListableBeanFactory - Creating instance of bean 'org.springframework.boot.actuate.autoconfigure.EndpointWebMvcAutoConfiguration$EndpointWebMvcConfiguration'
11453 [main] DEBUG o.s.b.f.s.DefaultListableBeanFactory - Eagerly caching bean 'org.springframework.boot.actuate.autoconfigure.EndpointWebMvcAutoConfiguration$EndpointWebMvcConfiguration' to allow for resolving potential circular references
11455 [main] DEBUG o.s.b.f.s.DefaultListableBeanFactory - Finished creating instance of bean 'org.springframework.boot.actuate.autoconfigure.EndpointWebMvcAutoConfiguration$EndpointWebMvcConfiguration'
11455 [main] DEBUG o.s.b.f.s.DefaultListableBeanFactory - Returning cached instance of singleton bean 'org.springframework.boot.actuate.autoconfigure.EndpointWebMvcAutoConfiguration$ApplicationContextFilterConfiguration'
11455 [main] DEBUG o.s.b.f.s.DefaultListableBeanFactory - Returning cached instance of singleton bean 'applicationContextIdFilter'
11455 [main] DEBUG o.s.b.f.s.DefaultListableBeanFactory - Creating shared instance of singleton bean 'org.springframework.boot.actuate.autoconfigure.EndpointWebMvcAutoConfiguration'
11455 [main] DEBUG o.s.b.f.s.DefaultListableBeanFactory - Creating instance of bean 'org.springframework.boot.actuate.autoconfigure.EndpointWebMvcAutoConfiguration'
11455 [main] DEBUG o.s.b.f.s.DefaultListableBeanFactory - Eagerly caching bean 'org.springframework.boot.actuate.autoconfigure.EndpointWebMvcAutoConfiguration' to allow for resolving potential circular references
11460 [main] DEBUG o.s.b.f.s.DefaultListableBeanFactory - Finished creating instance of bean 'org.springframework.boot.actuate.autoconfigure.EndpointWebMvcAutoConfiguration'
11460 [main] DEBUG o.s.b.f.s.DefaultListableBeanFactory - Creating shared instance of singleton bean 'managementContextResolver'
11460 [main] DEBUG o.s.b.f.s.DefaultListableBeanFactory - Creating instance of bean 'managementContextResolver'
11460 [main] DEBUG o.s.b.f.s.DefaultListableBeanFactory - Returning cached instance of singleton bean 'org.springframework.boot.actuate.autoconfigure.EndpointWebMvcAutoConfiguration'
11461 [main] DEBUG o.s.b.f.s.DefaultListableBeanFactory - Eagerly caching bean 'managementContextResolver' to allow for resolving potential circular references
11462 [main] DEBUG o.s.b.f.s.DefaultListableBeanFactory - Finished creating instance of bean 'managementContextResolver'
11462 [main] DEBUG o.s.b.f.s.DefaultListableBeanFactory - Creating shared instance of singleton bean 'managementServletContext'
11462 [main] DEBUG o.s.b.f.s.DefaultListableBeanFactory - Creating instance of bean 'managementServletContext'
11462 [main] DEBUG o.s.b.f.s.DefaultListableBeanFactory - Returning cached instance of singleton bean 'org.springframework.boot.actuate.autoconfigure.EndpointWebMvcAutoConfiguration'
11463 [main] DEBUG o.s.b.f.s.DefaultListableBeanFactory - Returning cached instance of singleton bean 'managementServerProperties'
11463 [main] DEBUG o.s.b.f.s.DefaultListableBeanFactory - Autowiring by type from bean name 'managementServletContext' via factory method to bean named 'managementServerProperties'
11464 [main] DEBUG o.s.b.f.s.DefaultListableBeanFactory - Eagerly caching bean 'managementServletContext' to allow for resolving potential circular references
11465 [main] DEBUG o.s.b.f.s.DefaultListableBeanFactory - Finished creating instance of bean 'managementServletContext'
11465 [main] DEBUG o.s.b.f.s.DefaultListableBeanFactory - Creating shared instance of singleton bean 'org.springframework.boot.actuate.autoconfigure.MetricExportAutoConfiguration$MetricExportPropertiesConfiguration'
11465 [main] DEBUG o.s.b.f.s.DefaultListableBeanFactory - Creating instance of bean 'org.springframework.boot.actuate.autoconfigure.MetricExportAutoConfiguration$MetricExportPropertiesConfiguration'
11466 [main] DEBUG o.s.b.f.a.InjectionMetadata - Registered injected element on class [org.springframework.boot.actuate.autoconfigure.MetricExportAutoConfiguration$MetricExportPropertiesConfiguration$$EnhancerBySpringCGLIB$$42fbd02]: AutowiredFieldElement for private java.lang.String org.springframework.boot.actuate.autoconfigure.MetricExportAutoConfiguration$MetricExportPropertiesConfiguration.prefix
11466 [main] DEBUG o.s.b.f.s.DefaultListableBeanFactory - Eagerly caching bean 'org.springframework.boot.actuate.autoconfigure.MetricExportAutoConfiguration$MetricExportPropertiesConfiguration' to allow for resolving potential circular references
11469 [main] DEBUG o.s.b.f.a.InjectionMetadata - Processing injected element of bean 'org.springframework.boot.actuate.autoconfigure.MetricExportAutoConfiguration$MetricExportPropertiesConfiguration': AutowiredFieldElement for private java.lang.String org.springframework.boot.actuate.autoconfigure.MetricExportAutoConfiguration$MetricExportPropertiesConfiguration.prefix
11469 [main] DEBUG o.s.c.e.PropertySourcesPropertyResolver - Could not find key 'spring.application.name:application' in any property source
11469 [main] DEBUG o.s.c.e.PropertySourcesPropertyResolver - Could not find key 'spring.application.name:application' in any property source
11469 [main] DEBUG o.s.c.e.PropertySourcesPropertyResolver - Could not find key 'spring.application.name' in any property source
11469 [main] DEBUG o.s.c.e.PropertySourcesPropertyResolver - Could not find key 'spring.application.name' in any property source
11470 [main] DEBUG o.s.c.e.PropertySourcesPropertyResolver - Found key 'random.value:0000' in [random] with type [String]
11470 [main] DEBUG o.s.c.e.PropertySourcesPropertyResolver - Found key 'random.value:0000' in [environmentProperties] with type [String]
11470 [main] DEBUG o.s.b.f.s.DefaultListableBeanFactory - Finished creating instance of bean 'org.springframework.boot.actuate.autoconfigure.MetricExportAutoConfiguration$MetricExportPropertiesConfiguration'
11470 [main] DEBUG o.s.b.f.s.DefaultListableBeanFactory - Creating shared instance of singleton bean 'spring.metrics.export-org.springframework.boot.actuate.metrics.export.MetricExportProperties'
11470 [main] DEBUG o.s.b.f.s.DefaultListableBeanFactory - Creating instance of bean 'spring.metrics.export-org.springframework.boot.actuate.metrics.export.MetricExportProperties'
11470 [main] DEBUG o.s.b.f.s.DefaultListableBeanFactory - Returning cached instance of singleton bean 'org.springframework.boot.actuate.autoconfigure.MetricExportAutoConfiguration$MetricExportPropertiesConfiguration'
11474 [main] DEBUG o.s.c.a.CommonAnnotationBeanPostProcessor - Found init method on class [org.springframework.boot.actuate.metrics.export.MetricExportProperties]: public void org.springframework.boot.actuate.metrics.export.MetricExportProperties.setUpDefaults()
11475 [main] DEBUG o.s.c.a.CommonAnnotationBeanPostProcessor - Registered init method on class [org.springframework.boot.actuate.metrics.export.MetricExportProperties]: org.springframework.beans.factory.annotation.InitDestroyAnnotationBeanPostProcessor$LifecycleElement@ca27a00f
11475 [main] DEBUG o.s.b.f.s.DefaultListableBeanFactory - Eagerly caching bean 'spring.metrics.export-org.springframework.boot.actuate.metrics.export.MetricExportProperties' to allow for resolving potential circular references
11477 [main] DEBUG o.s.core.env.MutablePropertySources - Adding [servletConfigInitParams] PropertySource with lowest search precedence
11477 [main] DEBUG o.s.core.env.MutablePropertySources - Adding [servletContextInitParams] PropertySource with lowest search precedence
11477 [main] DEBUG o.s.core.env.MutablePropertySources - Adding [systemProperties] PropertySource with lowest search precedence
11477 [main] DEBUG o.s.core.env.MutablePropertySources - Adding [systemEnvironment] PropertySource with lowest search precedence
11477 [main] DEBUG o.s.core.env.MutablePropertySources - Adding [random] PropertySource with lowest search precedence
11477 [main] DEBUG o.s.core.env.MutablePropertySources - Adding [applicationConfig: [classpath:/application.properties]] PropertySource with lowest search precedence
11477 [main] DEBUG o.s.core.env.MutablePropertySources - Adding [springCloudClientHostInfo] PropertySource with lowest search precedence
11477 [main] DEBUG o.s.core.env.MutablePropertySources - Adding [class path resource [eureka/server.properties]] PropertySource with lowest search precedence
11477 [main] DEBUG o.s.core.env.MutablePropertySources - Adding [defaultProperties] PropertySource with lowest search precedence
11477 [main] DEBUG o.s.core.env.MutablePropertySources - Adding [localProperties] PropertySource with lowest search precedence
11480 [main] DEBUG o.s.c.a.CommonAnnotationBeanPostProcessor - Invoking init method on bean 'spring.metrics.export-org.springframework.boot.actuate.metrics.export.MetricExportProperties': public void org.springframework.boot.actuate.metrics.export.MetricExportProperties.setUpDefaults()
11481 [main] DEBUG o.s.b.f.s.DefaultListableBeanFactory - Finished creating instance of bean 'spring.metrics.export-org.springframework.boot.actuate.metrics.export.MetricExportProperties'
11481 [main] DEBUG o.s.b.f.s.DefaultListableBeanFactory - Creating shared instance of singleton bean 'org.springframework.boot.actuate.autoconfigure.MetricExportAutoConfiguration$StatsdConfiguration'
11481 [main] DEBUG o.s.b.f.s.DefaultListableBeanFactory - Creating instance of bean 'org.springframework.boot.actuate.autoconfigure.MetricExportAutoConfiguration$StatsdConfiguration'
11481 [main] DEBUG o.s.b.f.s.DefaultListableBeanFactory - Eagerly caching bean 'org.springframework.boot.actuate.autoconfigure.MetricExportAutoConfiguration$StatsdConfiguration' to allow for resolving potential circular references
11484 [main] DEBUG o.s.b.f.s.DefaultListableBeanFactory - Finished creating instance of bean 'org.springframework.boot.actuate.autoconfigure.MetricExportAutoConfiguration$StatsdConfiguration'
11484 [main] DEBUG o.s.b.f.s.DefaultListableBeanFactory - Returning cached instance of singleton bean 'org.springframework.scheduling.annotation.SchedulingConfiguration'
11484 [main] DEBUG o.s.b.f.s.DefaultListableBeanFactory - Returning cached instance of singleton bean 'org.springframework.context.annotation.internalScheduledAnnotationProcessor'
11484 [main] DEBUG o.s.b.f.s.DefaultListableBeanFactory - Creating shared instance of singleton bean 'org.springframework.boot.actuate.autoconfigure.MetricExportAutoConfiguration'
11484 [main] DEBUG o.s.b.f.s.DefaultListableBeanFactory - Creating instance of bean 'org.springframework.boot.actuate.autoconfigure.MetricExportAutoConfiguration'
11484 [main] DEBUG o.s.c.LocalVariableTableParameterNameDiscoverer - Cannot find '.class' file for class [class org.springframework.boot.actuate.autoconfigure.MetricExportAutoConfiguration$$EnhancerBySpringCGLIB$$5c1edb07] - unable to determine constructor/method parameter names
11486 [main] DEBUG o.s.b.f.s.DefaultListableBeanFactory - Returning cached instance of singleton bean 'spring.metrics.export-org.springframework.boot.actuate.metrics.export.MetricExportProperties'
11486 [main] DEBUG o.s.b.f.s.DefaultListableBeanFactory - Autowiring by type from bean name 'org.springframework.boot.actuate.autoconfigure.MetricExportAutoConfiguration' via constructor to bean named 'spring.metrics.export-org.springframework.boot.actuate.metrics.export.MetricExportProperties'
11487 [main] DEBUG o.s.b.f.s.DefaultListableBeanFactory - Returning cached instance of singleton bean 'servoMetricReader'
11490 [main] DEBUG o.s.b.f.s.DefaultListableBeanFactory - Eagerly caching bean 'org.springframework.boot.actuate.autoconfigure.MetricExportAutoConfiguration' to allow for resolving potential circular references
11492 [main] DEBUG o.s.b.f.s.DefaultListableBeanFactory - Finished creating instance of bean 'org.springframework.boot.actuate.autoconfigure.MetricExportAutoConfiguration'
11492 [main] DEBUG o.s.b.f.s.DefaultListableBeanFactory - Creating shared instance of singleton bean 'metricWritersMetricExporter'
11492 [main] DEBUG o.s.b.f.s.DefaultListableBeanFactory - Creating instance of bean 'metricWritersMetricExporter'
11493 [main] DEBUG o.s.b.f.s.DefaultListableBeanFactory - Returning cached instance of singleton bean 'org.springframework.boot.actuate.autoconfigure.MetricExportAutoConfiguration'
11493 [main] DEBUG o.s.b.f.s.DefaultListableBeanFactory - Returning cached instance of singleton bean 'spring.metrics.export-org.springframework.boot.actuate.metrics.export.MetricExportProperties'
11493 [main] DEBUG o.s.b.f.s.DefaultListableBeanFactory - Autowiring by type from bean name 'metricWritersMetricExporter' via factory method to bean named 'spring.metrics.export-org.springframework.boot.actuate.metrics.export.MetricExportProperties'
11498 [main] DEBUG o.s.b.f.s.DefaultListableBeanFactory - Eagerly caching bean 'metricWritersMetricExporter' to allow for resolving potential circular references
11500 [main] DEBUG o.s.b.f.s.DefaultListableBeanFactory - Finished creating instance of bean 'metricWritersMetricExporter'
11501 [main] DEBUG o.s.b.f.s.DefaultListableBeanFactory - Returning cached instance of singleton bean 'org.springframework.boot.actuate.autoconfigure.MetricFilterAutoConfiguration'
11501 [main] DEBUG o.s.b.f.s.DefaultListableBeanFactory - Returning cached instance of singleton bean 'metricsFilter'
11501 [main] DEBUG o.s.b.f.s.DefaultListableBeanFactory - Returning cached instance of singleton bean 'endpoints.metrics.filter-org.springframework.boot.actuate.autoconfigure.MetricFilterProperties'
11501 [main] DEBUG o.s.b.f.s.DefaultListableBeanFactory - Returning cached instance of singleton bean 'org.springframework.boot.actuate.autoconfigure.TraceRepositoryAutoConfiguration'
11501 [main] DEBUG o.s.b.f.s.DefaultListableBeanFactory - Returning cached instance of singleton bean 'traceRepository'
11501 [main] DEBUG o.s.b.f.s.DefaultListableBeanFactory - Returning cached instance of singleton bean 'org.springframework.boot.actuate.autoconfigure.TraceWebFilterAutoConfiguration'
11501 [main] DEBUG o.s.b.f.s.DefaultListableBeanFactory - Returning cached instance of singleton bean 'webRequestLoggingFilter'
11501 [main] DEBUG o.s.b.f.s.DefaultListableBeanFactory - Returning cached instance of singleton bean 'management.trace-org.springframework.boot.actuate.trace.TraceProperties'
11501 [main] DEBUG o.s.b.f.s.DefaultListableBeanFactory - Creating shared instance of singleton bean 'org.springframework.boot.autoconfigure.context.ConfigurationPropertiesAutoConfiguration'
11501 [main] DEBUG o.s.b.f.s.DefaultListableBeanFactory - Creating instance of bean 'org.springframework.boot.autoconfigure.context.ConfigurationPropertiesAutoConfiguration'
11501 [main] DEBUG o.s.b.f.s.DefaultListableBeanFactory - Eagerly caching bean 'org.springframework.boot.autoconfigure.context.ConfigurationPropertiesAutoConfiguration' to allow for resolving potential circular references
11503 [main] DEBUG o.s.b.f.s.DefaultListableBeanFactory - Finished creating instance of bean 'org.springframework.boot.autoconfigure.context.ConfigurationPropertiesAutoConfiguration'
11503 [main] DEBUG o.s.b.f.s.DefaultListableBeanFactory - Returning cached instance of singleton bean 'org.springframework.boot.autoconfigure.freemarker.FreeMarkerAutoConfiguration$FreeMarkerWebConfiguration'
11503 [main] DEBUG o.s.b.f.s.DefaultListableBeanFactory - Creating shared instance of singleton bean 'freeMarkerConfigurer'
11503 [main] DEBUG o.s.b.f.s.DefaultListableBeanFactory - Creating instance of bean 'freeMarkerConfigurer'
11503 [main] DEBUG o.s.b.f.s.DefaultListableBeanFactory - Returning cached instance of singleton bean 'org.springframework.boot.autoconfigure.freemarker.FreeMarkerAutoConfiguration$FreeMarkerWebConfiguration'
11508 [main] DEBUG o.s.b.f.s.DefaultListableBeanFactory - Eagerly caching bean 'freeMarkerConfigurer' to allow for resolving potential circular references
11526 [main] DEBUG o.s.b.f.s.DefaultListableBeanFactory - Invoking afterPropertiesSet() on bean with name 'freeMarkerConfigurer'
11584 [main] DEBUG o.s.w.s.v.f.FreeMarkerConfigurer - Cannot resolve template loader path [classpath:/templates/] to [File]: using SpringTemplateLoader as fallback
FileNotFoundException: class path resource [templates/] cannot be resolved to absolute file path because it does not reside in the file system: jar:file:/D:/mavenHome/org/springframework/cloud/spring-cloud-netflix-eureka-server/1.1.0.RELEASE/spring-cloud-netflix-eureka-server-1.1.0.RELEASE.jar!/templates/
	at org.springframework.util.ResourceUtils.getFile(ResourceUtils.java:218)
	at org.springframework.core.io.AbstractFileResolvingResource.getFile(AbstractFileResolvingResource.java:52)
	at org.springframework.ui.freemarker.FreeMarkerConfigurationFactory.getTemplateLoaderForPath(FreeMarkerConfigurationFactory.java:338)
	at org.springframework.ui.freemarker.FreeMarkerConfigurationFactory.createConfiguration(FreeMarkerConfigurationFactory.java:290)
	at org.springframework.web.servlet.view.freemarker.FreeMarkerConfigurer.afterPropertiesSet(FreeMarkerConfigurer.java:116)
	at org.springframework.beans.factory.support.AbstractAutowireCapableBeanFactory.invokeInitMethods(AbstractAutowireCapableBeanFactory.java:1687)
	at org.springframework.beans.factory.support.AbstractAutowireCapableBeanFactory.initializeBean(AbstractAutowireCapableBeanFactory.java:1624)
	at org.springframework.beans.factory.support.AbstractAutowireCapableBeanFactory.doCreateBean(AbstractAutowireCapableBeanFactory.java:555)
	at org.springframework.beans.factory.support.AbstractAutowireCapableBeanFactory.createBean(AbstractAutowireCapableBeanFactory.java:483)
	at org.springframework.beans.factory.support.AbstractBeanFactory$1.getObject(AbstractBeanFactory.java:306)
	at org.springframework.beans.factory.support.DefaultSingletonBeanRegistry.getSingleton(DefaultSingletonBeanRegistry.java:230)
	at org.springframework.beans.factory.support.AbstractBeanFactory.doGetBean(AbstractBeanFactory.java:302)
	at org.springframework.beans.factory.support.AbstractBeanFactory.getBean(AbstractBeanFactory.java:197)
	at org.springframework.beans.factory.support.DefaultListableBeanFactory.preInstantiateSingletons(DefaultListableBeanFactory.java:761)
	at org.springframework.context.support.AbstractApplicationContext.finishBeanFactoryInitialization(AbstractApplicationContext.java:866)
	at org.springframework.context.support.AbstractApplicationContext.refresh(AbstractApplicationContext.java:542)
	at org.springframework.boot.context.embedded.EmbeddedWebApplicationContext.refresh(EmbeddedWebApplicationContext.java:122)
	at org.springframework.boot.SpringApplication.refresh(SpringApplication.java:762)
	at org.springframework.boot.SpringApplication.refreshContext(SpringApplication.java:372)
	at org.springframework.boot.SpringApplication.run(SpringApplication.java:316)
	at org.springframework.boot.builder.SpringApplicationBuilder.run(SpringApplicationBuilder.java:134)
	at com.yd.Application.main(Application.java:22)
	at sun.reflect.NativeMethodAccessorImpl.invoke0(Native Method)
	at sun.reflect.NativeMethodAccessorImpl.invoke(NativeMethodAccessorImpl.java:62)
	at sun.reflect.DelegatingMethodAccessorImpl.invoke(DelegatingMethodAccessorImpl.java:43)
	at java.lang.reflect.Method.invoke(Method.java:498)
	at com.intellij.rt.execution.application.AppMain.main(AppMain.java:147)
11585 [main] INFO  o.s.u.f.SpringTemplateLoader - SpringTemplateLoader for FreeMarker: using resource loader [org.springframework.boot.context.embedded.AnnotationConfigEmbeddedWebApplicationContext@189aa67a: startup date [Mon Mar 06 18:59:34 CST 2017]; parent: org.springframework.context.annotation.AnnotationConfigApplicationContext@61386958] and template loader path [classpath:/templates/]
11586 [main] INFO  o.s.w.s.v.f.FreeMarkerConfigurer - ClassTemplateLoader for Spring macros added to FreeMarker configuration
11587 [main] DEBUG o.s.b.f.s.DefaultListableBeanFactory - Finished creating instance of bean 'freeMarkerConfigurer'
11587 [main] DEBUG o.s.b.f.s.DefaultListableBeanFactory - Creating shared instance of singleton bean 'freeMarkerConfiguration'
11587 [main] DEBUG o.s.b.f.s.DefaultListableBeanFactory - Creating instance of bean 'freeMarkerConfiguration'
11587 [main] DEBUG o.s.b.f.s.DefaultListableBeanFactory - Returning cached instance of singleton bean 'org.springframework.boot.autoconfigure.freemarker.FreeMarkerAutoConfiguration$FreeMarkerWebConfiguration'
11588 [main] DEBUG o.s.b.f.s.DefaultListableBeanFactory - Returning cached instance of singleton bean 'freeMarkerConfigurer'
11588 [main] DEBUG o.s.b.f.s.DefaultListableBeanFactory - Autowiring by type from bean name 'freeMarkerConfiguration' via factory method to bean named 'freeMarkerConfigurer'
11597 [main] DEBUG o.s.b.f.s.DefaultListableBeanFactory - Eagerly caching bean 'freeMarkerConfiguration' to allow for resolving potential circular references
11607 [main] DEBUG o.s.b.f.s.DefaultListableBeanFactory - Finished creating instance of bean 'freeMarkerConfiguration'
11607 [main] DEBUG o.s.b.f.s.DefaultListableBeanFactory - Returning cached instance of singleton bean 'freeMarkerViewResolver'
11607 [main] DEBUG o.s.b.f.s.DefaultListableBeanFactory - Creating shared instance of singleton bean 'org.springframework.boot.autoconfigure.freemarker.FreeMarkerAutoConfiguration'
11607 [main] DEBUG o.s.b.f.s.DefaultListableBeanFactory - Creating instance of bean 'org.springframework.boot.autoconfigure.freemarker.FreeMarkerAutoConfiguration'
11607 [main] DEBUG o.s.c.LocalVariableTableParameterNameDiscoverer - Cannot find '.class' file for class [class org.springframework.boot.autoconfigure.freemarker.FreeMarkerAutoConfiguration$$EnhancerBySpringCGLIB$$9ab6ccd4] - unable to determine constructor/method parameter names
11608 [main] DEBUG o.s.b.f.s.DefaultListableBeanFactory - Returning cached instance of singleton bean 'spring.freemarker-org.springframework.boot.autoconfigure.freemarker.FreeMarkerProperties'
11608 [main] DEBUG o.s.b.f.s.DefaultListableBeanFactory - Autowiring by type from bean name 'org.springframework.boot.autoconfigure.freemarker.FreeMarkerAutoConfiguration' via constructor to bean named 'org.springframework.boot.context.embedded.AnnotationConfigEmbeddedWebApplicationContext@189aa67a'
11608 [main] DEBUG o.s.b.f.s.DefaultListableBeanFactory - Autowiring by type from bean name 'org.springframework.boot.autoconfigure.freemarker.FreeMarkerAutoConfiguration' via constructor to bean named 'spring.freemarker-org.springframework.boot.autoconfigure.freemarker.FreeMarkerProperties'
11608 [main] DEBUG o.s.c.a.CommonAnnotationBeanPostProcessor - Found init method on class [org.springframework.boot.autoconfigure.freemarker.FreeMarkerAutoConfiguration$$EnhancerBySpringCGLIB$$9ab6ccd4]: public void org.springframework.boot.autoconfigure.freemarker.FreeMarkerAutoConfiguration.checkTemplateLocationExists()
11608 [main] DEBUG o.s.c.a.CommonAnnotationBeanPostProcessor - Registered init method on class [org.springframework.boot.autoconfigure.freemarker.FreeMarkerAutoConfiguration$$EnhancerBySpringCGLIB$$9ab6ccd4]: org.springframework.beans.factory.annotation.InitDestroyAnnotationBeanPostProcessor$LifecycleElement@7bbfab3
11608 [main] DEBUG o.s.b.f.s.DefaultListableBeanFactory - Eagerly caching bean 'org.springframework.boot.autoconfigure.freemarker.FreeMarkerAutoConfiguration' to allow for resolving potential circular references
11610 [main] DEBUG o.s.c.a.CommonAnnotationBeanPostProcessor - Invoking init method on bean 'org.springframework.boot.autoconfigure.freemarker.FreeMarkerAutoConfiguration': public void org.springframework.boot.autoconfigure.freemarker.FreeMarkerAutoConfiguration.checkTemplateLocationExists()
11611 [main] DEBUG o.s.b.f.s.DefaultListableBeanFactory - Finished creating instance of bean 'org.springframework.boot.autoconfigure.freemarker.FreeMarkerAutoConfiguration'
11612 [main] DEBUG o.s.b.f.s.DefaultListableBeanFactory - Returning cached instance of singleton bean 'spring.freemarker-org.springframework.boot.autoconfigure.freemarker.FreeMarkerProperties'
11612 [main] DEBUG o.s.b.f.s.DefaultListableBeanFactory - Returning cached instance of singleton bean 'org.springframework.boot.autoconfigure.web.HttpEncodingAutoConfiguration'
11612 [main] DEBUG o.s.b.f.s.DefaultListableBeanFactory - Returning cached instance of singleton bean 'characterEncodingFilter'
11612 [main] DEBUG o.s.b.f.s.DefaultListableBeanFactory - Returning cached instance of singleton bean 'localeCharsetMappingsCustomizer'
11612 [main] DEBUG o.s.b.f.s.DefaultListableBeanFactory - Returning cached instance of singleton bean 'org.springframework.boot.autoconfigure.web.MultipartAutoConfiguration'
11612 [main] DEBUG o.s.b.f.s.DefaultListableBeanFactory - Returning cached instance of singleton bean 'multipartConfigElement'
11612 [main] DEBUG o.s.b.f.s.DefaultListableBeanFactory - Creating shared instance of singleton bean 'multipartResolver'
11612 [main] DEBUG o.s.b.f.s.DefaultListableBeanFactory - Creating instance of bean 'multipartResolver'
11612 [main] DEBUG o.s.b.f.s.DefaultListableBeanFactory - Returning cached instance of singleton bean 'org.springframework.boot.autoconfigure.web.MultipartAutoConfiguration'
11613 [main] DEBUG o.s.b.f.s.DefaultListableBeanFactory - Eagerly caching bean 'multipartResolver' to allow for resolving potential circular references
11615 [main] DEBUG o.s.b.f.s.DefaultListableBeanFactory - Finished creating instance of bean 'multipartResolver'
11615 [main] DEBUG o.s.b.f.s.DefaultListableBeanFactory - Returning cached instance of singleton bean 'spring.http.multipart-org.springframework.boot.autoconfigure.web.MultipartProperties'
11615 [main] DEBUG o.s.b.f.s.DefaultListableBeanFactory - Creating shared instance of singleton bean 'org.springframework.boot.autoconfigure.web.WebClientAutoConfiguration$RestTemplateConfiguration'
11615 [main] DEBUG o.s.b.f.s.DefaultListableBeanFactory - Creating instance of bean 'org.springframework.boot.autoconfigure.web.WebClientAutoConfiguration$RestTemplateConfiguration'
11615 [main] DEBUG o.s.c.LocalVariableTableParameterNameDiscoverer - Cannot find '.class' file for class [class org.springframework.boot.autoconfigure.web.WebClientAutoConfiguration$RestTemplateConfiguration$$EnhancerBySpringCGLIB$$1b651161] - unable to determine constructor/method parameter names
11616 [main] DEBUG o.s.b.f.s.DefaultListableBeanFactory - Eagerly caching bean 'org.springframework.boot.autoconfigure.web.WebClientAutoConfiguration$RestTemplateConfiguration' to allow for resolving potential circular references
11618 [main] DEBUG o.s.b.f.s.DefaultListableBeanFactory - Finished creating instance of bean 'org.springframework.boot.autoconfigure.web.WebClientAutoConfiguration$RestTemplateConfiguration'
11618 [main] DEBUG o.s.b.f.s.DefaultListableBeanFactory - Creating shared instance of singleton bean 'restTemplateBuilder'
11618 [main] DEBUG o.s.b.f.s.DefaultListableBeanFactory - Creating instance of bean 'restTemplateBuilder'
11618 [main] DEBUG o.s.b.f.s.DefaultListableBeanFactory - Returning cached instance of singleton bean 'org.springframework.boot.autoconfigure.web.WebClientAutoConfiguration$RestTemplateConfiguration'
11622 [main] DEBUG o.s.b.f.s.DefaultListableBeanFactory - Returning cached instance of singleton bean 'messageConverters'
11624 [main] DEBUG o.s.b.f.s.DefaultListableBeanFactory - Eagerly caching bean 'restTemplateBuilder' to allow for resolving potential circular references
11626 [main] DEBUG o.s.b.f.s.DefaultListableBeanFactory - Finished creating instance of bean 'restTemplateBuilder'
11626 [main] DEBUG o.s.b.f.s.DefaultListableBeanFactory - Creating shared instance of singleton bean 'org.springframework.boot.autoconfigure.web.WebClientAutoConfiguration'
11626 [main] DEBUG o.s.b.f.s.DefaultListableBeanFactory - Creating instance of bean 'org.springframework.boot.autoconfigure.web.WebClientAutoConfiguration'
11626 [main] DEBUG o.s.b.f.s.DefaultListableBeanFactory - Eagerly caching bean 'org.springframework.boot.autoconfigure.web.WebClientAutoConfiguration' to allow for resolving potential circular references
11629 [main] DEBUG o.s.b.f.s.DefaultListableBeanFactory - Finished creating instance of bean 'org.springframework.boot.autoconfigure.web.WebClientAutoConfiguration'
11629 [main] DEBUG o.s.b.f.s.DefaultListableBeanFactory - Returning cached instance of singleton bean 'org.springframework.cloud.autoconfigure.ConfigurationPropertiesRebinderAutoConfiguration'
11629 [main] DEBUG o.s.b.f.s.DefaultListableBeanFactory - Returning cached instance of singleton bean 'configurationPropertiesBeans'
11629 [main] DEBUG o.s.b.f.s.DefaultListableBeanFactory - Returning cached instance of singleton bean 'configurationPropertiesRebinder'
11629 [main] DEBUG o.s.b.f.s.DefaultListableBeanFactory - Returning cached instance of singleton bean 'org.springframework.cloud.autoconfigure.RefreshEndpointAutoConfiguration$RefreshEndpointConfiguration'
11629 [main] DEBUG o.s.b.f.s.DefaultListableBeanFactory - Returning cached instance of singleton bean 'refreshEndpoint'
11629 [main] DEBUG o.s.b.f.s.DefaultListableBeanFactory - Creating shared instance of singleton bean 'refreshEventListener'
11629 [main] DEBUG o.s.b.f.s.DefaultListableBeanFactory - Creating instance of bean 'refreshEventListener'
11629 [main] DEBUG o.s.b.f.s.DefaultListableBeanFactory - Returning cached instance of singleton bean 'org.springframework.cloud.autoconfigure.RefreshEndpointAutoConfiguration$RefreshEndpointConfiguration'
11629 [main] DEBUG o.s.b.f.s.DefaultListableBeanFactory - Returning cached instance of singleton bean 'refreshEndpoint'
11629 [main] DEBUG o.s.b.f.s.DefaultListableBeanFactory - Autowiring by type from bean name 'refreshEventListener' via factory method to bean named 'refreshEndpoint'
11630 [main] DEBUG o.s.b.f.s.DefaultListableBeanFactory - Eagerly caching bean 'refreshEventListener' to allow for resolving potential circular references
11632 [main] DEBUG o.s.b.f.s.DefaultListableBeanFactory - Finished creating instance of bean 'refreshEventListener'
11632 [main] DEBUG o.s.b.f.s.DefaultListableBeanFactory - Returning cached instance of singleton bean 'org.springframework.cloud.autoconfigure.RefreshEndpointAutoConfiguration$RestartEndpointWithoutIntegration'
11632 [main] DEBUG o.s.b.f.s.DefaultListableBeanFactory - Returning cached instance of singleton bean 'restartEndpoint'
11632 [main] DEBUG o.s.b.f.s.DefaultListableBeanFactory - Returning cached instance of singleton bean 'org.springframework.cloud.autoconfigure.RefreshEndpointAutoConfiguration'
11632 [main] DEBUG o.s.b.f.s.DefaultListableBeanFactory - Returning cached instance of singleton bean 'refreshScopeHealthIndicator'
11632 [main] DEBUG o.s.b.f.s.DefaultListableBeanFactory - Returning cached instance of singleton bean 'pauseEndpoint'
11632 [main] DEBUG o.s.b.f.s.DefaultListableBeanFactory - Returning cached instance of singleton bean 'resumeEndpoint'
11632 [main] DEBUG o.s.b.f.s.DefaultListableBeanFactory - Returning cached instance of singleton bean 'org.springframework.cloud.autoconfigure.LifecycleMvcEndpointAutoConfiguration'
11632 [main] DEBUG o.s.b.f.s.DefaultListableBeanFactory - Returning cached instance of singleton bean 'environmentManagerEndpoint'
11632 [main] DEBUG o.s.b.f.s.DefaultListableBeanFactory - Returning cached instance of singleton bean 'refreshMvcEndpoint'
11632 [main] DEBUG o.s.b.f.s.DefaultListableBeanFactory - Returning cached instance of singleton bean 'restartMvcEndpoint'
11632 [main] DEBUG o.s.b.f.s.DefaultListableBeanFactory - Returning cached instance of singleton bean 'pauseMvcEndpoint'
11632 [main] DEBUG o.s.b.f.s.DefaultListableBeanFactory - Returning cached instance of singleton bean 'resumeMvcEndpoint'
11632 [main] DEBUG o.s.b.f.s.DefaultListableBeanFactory - Returning cached instance of singleton bean 'org.springframework.cloud.netflix.ribbon.RibbonAutoConfiguration'
11632 [main] DEBUG o.s.b.f.s.DefaultListableBeanFactory - Returning cached instance of singleton bean 'ribbonFeature'
11632 [main] DEBUG o.s.b.f.s.DefaultListableBeanFactory - Creating shared instance of singleton bean 'springClientFactory'
11632 [main] DEBUG o.s.b.f.s.DefaultListableBeanFactory - Creating instance of bean 'springClientFactory'
11632 [main] DEBUG o.s.b.f.s.DefaultListableBeanFactory - Returning cached instance of singleton bean 'org.springframework.cloud.netflix.ribbon.RibbonAutoConfiguration'
11635 [main] DEBUG o.s.b.f.s.DefaultListableBeanFactory - Eagerly caching bean 'springClientFactory' to allow for resolving potential circular references
11639 [main] DEBUG o.s.b.f.s.DefaultListableBeanFactory - Finished creating instance of bean 'springClientFactory'
11639 [main] DEBUG o.s.b.f.s.DefaultListableBeanFactory - Creating shared instance of singleton bean 'loadBalancerClient'
11639 [main] DEBUG o.s.b.f.s.DefaultListableBeanFactory - Creating instance of bean 'loadBalancerClient'
11639 [main] DEBUG o.s.b.f.s.DefaultListableBeanFactory - Returning cached instance of singleton bean 'org.springframework.cloud.netflix.ribbon.RibbonAutoConfiguration'
11640 [main] DEBUG o.s.b.f.s.DefaultListableBeanFactory - Returning cached instance of singleton bean 'springClientFactory'
11641 [main] DEBUG o.s.b.f.s.DefaultListableBeanFactory - Eagerly caching bean 'loadBalancerClient' to allow for resolving potential circular references
11643 [main] DEBUG o.s.b.f.s.DefaultListableBeanFactory - Finished creating instance of bean 'loadBalancerClient'
11643 [main] DEBUG o.s.b.f.s.DefaultListableBeanFactory - Returning cached instance of singleton bean 'default.org.springframework.cloud.netflix.ribbon.RibbonAutoConfiguration.RibbonClientSpecification'
11643 [main] DEBUG o.s.b.f.s.DefaultListableBeanFactory - Creating shared instance of singleton bean 'org.springframework.cloud.client.loadbalancer.LoadBalancerAutoConfiguration'
11643 [main] DEBUG o.s.b.f.s.DefaultListableBeanFactory - Creating instance of bean 'org.springframework.cloud.client.loadbalancer.LoadBalancerAutoConfiguration'
11645 [main] DEBUG o.s.b.f.a.InjectionMetadata - Registered injected element on class [org.springframework.cloud.client.loadbalancer.LoadBalancerAutoConfiguration$$EnhancerBySpringCGLIB$$f200ba8b]: AutowiredFieldElement for private java.util.List org.springframework.cloud.client.loadbalancer.LoadBalancerAutoConfiguration.restTemplates
11645 [main] DEBUG o.s.b.f.s.DefaultListableBeanFactory - Eagerly caching bean 'org.springframework.cloud.client.loadbalancer.LoadBalancerAutoConfiguration' to allow for resolving potential circular references
11647 [main] DEBUG o.s.b.f.a.InjectionMetadata - Processing injected element of bean 'org.springframework.cloud.client.loadbalancer.LoadBalancerAutoConfiguration': AutowiredFieldElement for private java.util.List org.springframework.cloud.client.loadbalancer.LoadBalancerAutoConfiguration.restTemplates
11648 [main] DEBUG o.s.b.f.s.DefaultListableBeanFactory - Finished creating instance of bean 'org.springframework.cloud.client.loadbalancer.LoadBalancerAutoConfiguration'
11649 [main] DEBUG o.s.b.f.s.DefaultListableBeanFactory - Creating shared instance of singleton bean 'loadBalancedRestTemplateInitializer'
11649 [main] DEBUG o.s.b.f.s.DefaultListableBeanFactory - Creating instance of bean 'loadBalancedRestTemplateInitializer'
11649 [main] DEBUG o.s.b.f.s.DefaultListableBeanFactory - Returning cached instance of singleton bean 'org.springframework.cloud.client.loadbalancer.LoadBalancerAutoConfiguration'
11650 [main] DEBUG o.s.b.f.s.DefaultListableBeanFactory - Creating shared instance of singleton bean 'restTemplateCustomizer'
11650 [main] DEBUG o.s.b.f.s.DefaultListableBeanFactory - Creating instance of bean 'restTemplateCustomizer'
11650 [main] DEBUG o.s.b.f.s.DefaultListableBeanFactory - Returning cached instance of singleton bean 'org.springframework.cloud.client.loadbalancer.LoadBalancerAutoConfiguration'
11651 [main] DEBUG o.s.b.f.s.DefaultListableBeanFactory - Creating shared instance of singleton bean 'ribbonInterceptor'
11651 [main] DEBUG o.s.b.f.s.DefaultListableBeanFactory - Creating instance of bean 'ribbonInterceptor'
11651 [main] DEBUG o.s.b.f.s.DefaultListableBeanFactory - Returning cached instance of singleton bean 'org.springframework.cloud.client.loadbalancer.LoadBalancerAutoConfiguration'
11651 [main] DEBUG o.s.b.f.s.DefaultListableBeanFactory - Returning cached instance of singleton bean 'loadBalancerClient'
11651 [main] DEBUG o.s.b.f.s.DefaultListableBeanFactory - Autowiring by type from bean name 'ribbonInterceptor' via factory method to bean named 'loadBalancerClient'
11655 [main] DEBUG o.s.b.f.s.DefaultListableBeanFactory - Eagerly caching bean 'ribbonInterceptor' to allow for resolving potential circular references
11657 [main] DEBUG o.s.b.f.s.DefaultListableBeanFactory - Finished creating instance of bean 'ribbonInterceptor'
11657 [main] DEBUG o.s.b.f.s.DefaultListableBeanFactory - Autowiring by type from bean name 'restTemplateCustomizer' via factory method to bean named 'ribbonInterceptor'
11658 [main] DEBUG o.s.b.f.s.DefaultListableBeanFactory - Eagerly caching bean 'restTemplateCustomizer' to allow for resolving potential circular references
11660 [main] DEBUG o.s.b.f.s.DefaultListableBeanFactory - Finished creating instance of bean 'restTemplateCustomizer'
11660 [main] DEBUG o.s.b.f.s.DefaultListableBeanFactory - Autowiring by type from bean name 'loadBalancedRestTemplateInitializer' via factory method to bean named 'restTemplateCustomizer'
11660 [main] DEBUG o.s.b.f.s.DefaultListableBeanFactory - Eagerly caching bean 'loadBalancedRestTemplateInitializer' to allow for resolving potential circular references
11662 [main] DEBUG o.s.b.f.s.DefaultListableBeanFactory - Finished creating instance of bean 'loadBalancedRestTemplateInitializer'
11663 [main] DEBUG o.s.b.f.s.DefaultListableBeanFactory - Returning cached instance of singleton bean 'restTemplateCustomizer'
11663 [main] DEBUG o.s.b.f.s.DefaultListableBeanFactory - Returning cached instance of singleton bean 'ribbonInterceptor'
11663 [main] DEBUG o.s.b.f.s.DefaultListableBeanFactory - Creating shared instance of singleton bean 'org.springframework.cloud.netflix.archaius.ArchaiusAutoConfiguration$PropagateEventsConfiguration'
11663 [main] DEBUG o.s.b.f.s.DefaultListableBeanFactory - Creating instance of bean 'org.springframework.cloud.netflix.archaius.ArchaiusAutoConfiguration$PropagateEventsConfiguration'
11663 [main] DEBUG o.s.b.f.a.InjectionMetadata - Registered injected element on class [org.springframework.cloud.netflix.archaius.ArchaiusAutoConfiguration$PropagateEventsConfiguration$$EnhancerBySpringCGLIB$$73bf7fd2]: AutowiredFieldElement for private org.springframework.core.env.Environment org.springframework.cloud.netflix.archaius.ArchaiusAutoConfiguration$PropagateEventsConfiguration.env
11663 [main] DEBUG o.s.b.f.s.DefaultListableBeanFactory - Eagerly caching bean 'org.springframework.cloud.netflix.archaius.ArchaiusAutoConfiguration$PropagateEventsConfiguration' to allow for resolving potential circular references
11666 [main] DEBUG o.s.b.f.a.InjectionMetadata - Processing injected element of bean 'org.springframework.cloud.netflix.archaius.ArchaiusAutoConfiguration$PropagateEventsConfiguration': AutowiredFieldElement for private org.springframework.core.env.Environment org.springframework.cloud.netflix.archaius.ArchaiusAutoConfiguration$PropagateEventsConfiguration.env
11667 [main] DEBUG o.s.b.f.s.DefaultListableBeanFactory - Returning cached instance of singleton bean 'environment'
11667 [main] DEBUG o.s.b.f.a.AutowiredAnnotationBeanPostProcessor - Autowiring by type from bean name 'org.springframework.cloud.netflix.archaius.ArchaiusAutoConfiguration$PropagateEventsConfiguration' to bean named 'environment'
11667 [main] DEBUG o.s.b.f.s.DefaultListableBeanFactory - Finished creating instance of bean 'org.springframework.cloud.netflix.archaius.ArchaiusAutoConfiguration$PropagateEventsConfiguration'
11667 [main] DEBUG o.s.b.f.s.DefaultListableBeanFactory - Returning cached instance of singleton bean 'org.springframework.cloud.netflix.archaius.ArchaiusAutoConfiguration$ArchaiusEndpointConfiguration'
11667 [main] DEBUG o.s.b.f.s.DefaultListableBeanFactory - Returning cached instance of singleton bean 'archaiusEndpoint'
11667 [main] DEBUG o.s.b.f.s.DefaultListableBeanFactory - Creating shared instance of singleton bean 'org.springframework.cloud.netflix.archaius.ArchaiusAutoConfiguration'
11667 [main] DEBUG o.s.b.f.s.DefaultListableBeanFactory - Creating instance of bean 'org.springframework.cloud.netflix.archaius.ArchaiusAutoConfiguration'
11667 [main] DEBUG o.s.c.a.CommonAnnotationBeanPostProcessor - Found destroy method on class [org.springframework.cloud.netflix.archaius.ArchaiusAutoConfiguration$$EnhancerBySpringCGLIB$$fd7db64]: public void org.springframework.cloud.netflix.archaius.ArchaiusAutoConfiguration.close()
11667 [main] DEBUG o.s.c.a.CommonAnnotationBeanPostProcessor - Registered destroy method on class [org.springframework.cloud.netflix.archaius.ArchaiusAutoConfiguration$$EnhancerBySpringCGLIB$$fd7db64]: org.springframework.beans.factory.annotation.InitDestroyAnnotationBeanPostProcessor$LifecycleElement@5a5ddf8
11668 [main] DEBUG o.s.b.f.a.InjectionMetadata - Registered injected element on class [org.springframework.cloud.netflix.archaius.ArchaiusAutoConfiguration$$EnhancerBySpringCGLIB$$fd7db64]: AutowiredFieldElement for private org.springframework.core.env.ConfigurableEnvironment org.springframework.cloud.netflix.archaius.ArchaiusAutoConfiguration.env
11668 [main] DEBUG o.s.b.f.a.InjectionMetadata - Registered injected element on class [org.springframework.cloud.netflix.archaius.ArchaiusAutoConfiguration$$EnhancerBySpringCGLIB$$fd7db64]: AutowiredFieldElement for private java.util.List org.springframework.cloud.netflix.archaius.ArchaiusAutoConfiguration.externalConfigurations
11668 [main] DEBUG o.s.b.f.s.DefaultListableBeanFactory - Eagerly caching bean 'org.springframework.cloud.netflix.archaius.ArchaiusAutoConfiguration' to allow for resolving potential circular references
11670 [main] DEBUG o.s.b.f.a.InjectionMetadata - Processing injected element of bean 'org.springframework.cloud.netflix.archaius.ArchaiusAutoConfiguration': AutowiredFieldElement for private org.springframework.core.env.ConfigurableEnvironment org.springframework.cloud.netflix.archaius.ArchaiusAutoConfiguration.env
11670 [main] DEBUG o.s.b.f.s.DefaultListableBeanFactory - Returning cached instance of singleton bean 'environment'
11670 [main] DEBUG o.s.b.f.a.AutowiredAnnotationBeanPostProcessor - Autowiring by type from bean name 'org.springframework.cloud.netflix.archaius.ArchaiusAutoConfiguration' to bean named 'environment'
11670 [main] DEBUG o.s.b.f.a.InjectionMetadata - Processing injected element of bean 'org.springframework.cloud.netflix.archaius.ArchaiusAutoConfiguration': AutowiredFieldElement for private java.util.List org.springframework.cloud.netflix.archaius.ArchaiusAutoConfiguration.externalConfigurations
11671 [main] DEBUG o.s.b.f.s.DefaultListableBeanFactory - Creating shared instance of singleton bean 'configurableEnvironmentConfiguration'
11671 [main] DEBUG o.s.b.f.s.DefaultListableBeanFactory - Creating instance of bean 'configurableEnvironmentConfiguration'
11671 [main] DEBUG o.s.b.f.s.DefaultListableBeanFactory - Returning eagerly cached instance of singleton bean 'org.springframework.cloud.netflix.archaius.ArchaiusAutoConfiguration' that is not fully initialized yet - a consequence of a circular reference
11679 [main] DEBUG o.s.c.e.PropertySourcesPropertyResolver - Could not find key 'spring.application.name' in any property source
11679 [main] WARN  o.s.c.n.a.ArchaiusAutoConfiguration - No spring.application.name found, defaulting to 'application'
11685 [main] WARN  c.n.c.s.URLConfigurationSource - No URLs will be polled as dynamic configuration sources.
11685 [main] INFO  c.n.c.s.URLConfigurationSource - To enable URLs as dynamic configuration sources, define System property archaius.configurationSource.additionalUrls or make config.properties available on classpath.
11694 [main] WARN  c.n.c.s.URLConfigurationSource - No URLs will be polled as dynamic configuration sources.
11694 [main] INFO  c.n.c.s.URLConfigurationSource - To enable URLs as dynamic configuration sources, define System property archaius.configurationSource.additionalUrls or make config.properties available on classpath.
11712 [main] DEBUG o.s.b.f.s.DefaultListableBeanFactory - Eagerly caching bean 'configurableEnvironmentConfiguration' to allow for resolving potential circular references
11718 [main] DEBUG o.s.b.f.s.DefaultListableBeanFactory - Finished creating instance of bean 'configurableEnvironmentConfiguration'
11718 [main] DEBUG o.s.b.f.a.AutowiredAnnotationBeanPostProcessor - Autowiring by type from bean name 'org.springframework.cloud.netflix.archaius.ArchaiusAutoConfiguration' to bean named 'configurableEnvironmentConfiguration'
11719 [main] DEBUG o.s.b.f.s.DefaultListableBeanFactory - Finished creating instance of bean 'org.springframework.cloud.netflix.archaius.ArchaiusAutoConfiguration'
11719 [main] DEBUG o.s.b.f.s.DefaultListableBeanFactory - Returning cached instance of singleton bean 'configurableEnvironmentConfiguration'
11719 [main] DEBUG o.s.b.f.s.DefaultListableBeanFactory - Returning cached instance of singleton bean 'org.springframework.cloud.netflix.hystrix.HystrixAutoConfiguration'
11719 [main] DEBUG o.s.b.f.s.DefaultListableBeanFactory - Returning cached instance of singleton bean 'hystrixHealthIndicator'
11719 [main] DEBUG o.s.b.f.s.DefaultListableBeanFactory - Creating shared instance of singleton bean 'org.springframework.cloud.netflix.ribbon.eureka.RibbonEurekaAutoConfiguration'
11719 [main] DEBUG o.s.b.f.s.DefaultListableBeanFactory - Creating instance of bean 'org.springframework.cloud.netflix.ribbon.eureka.RibbonEurekaAutoConfiguration'
11719 [main] DEBUG o.s.b.f.s.DefaultListableBeanFactory - Eagerly caching bean 'org.springframework.cloud.netflix.ribbon.eureka.RibbonEurekaAutoConfiguration' to allow for resolving potential circular references
11722 [main] DEBUG o.s.b.f.s.DefaultListableBeanFactory - Finished creating instance of bean 'org.springframework.cloud.netflix.ribbon.eureka.RibbonEurekaAutoConfiguration'
11722 [main] DEBUG o.s.b.f.s.DefaultListableBeanFactory - Returning cached instance of singleton bean 'default.org.springframework.cloud.netflix.ribbon.eureka.RibbonEurekaAutoConfiguration.RibbonClientSpecification'
11722 [main] DEBUG o.s.b.f.s.DefaultListableBeanFactory - Returning cached instance of singleton bean 'org.springframework.cloud.netflix.rx.RxJavaAutoConfiguration$RxJavaReturnValueHandlerConfig'
11722 [main] DEBUG o.s.b.f.s.DefaultListableBeanFactory - Returning cached instance of singleton bean 'singleReturnValueHandler'
11722 [main] DEBUG o.s.b.f.s.DefaultListableBeanFactory - Returning cached instance of singleton bean 'observableMVCConfiguration'
11722 [main] DEBUG o.s.b.f.s.DefaultListableBeanFactory - Returning cached instance of singleton bean 'rxFeature'
11722 [main] DEBUG o.s.b.f.s.DefaultListableBeanFactory - Creating shared instance of singleton bean 'org.springframework.cloud.netflix.rx.RxJavaAutoConfiguration'
11722 [main] DEBUG o.s.b.f.s.DefaultListableBeanFactory - Creating instance of bean 'org.springframework.cloud.netflix.rx.RxJavaAutoConfiguration'
11722 [main] DEBUG o.s.b.f.s.DefaultListableBeanFactory - Eagerly caching bean 'org.springframework.cloud.netflix.rx.RxJavaAutoConfiguration' to allow for resolving potential circular references
11724 [main] DEBUG o.s.b.f.s.DefaultListableBeanFactory - Finished creating instance of bean 'org.springframework.cloud.netflix.rx.RxJavaAutoConfiguration'
11725 [main] DEBUG o.s.b.f.s.DefaultListableBeanFactory - Returning cached instance of singleton bean 'org.springframework.context.event.internalEventListenerFactory'
11735 [main] DEBUG o.s.c.e.EventListenerMethodProcessor - 1 @EventListener methods processed on bean 'org.springframework.cloud.netflix.eureka.EurekaDiscoveryClientConfiguration$EurekaClientConfigurationRefresher': {public void org.springframework.cloud.netflix.eureka.EurekaDiscoveryClientConfiguration$EurekaClientConfigurationRefresher.onApplicationEvent(org.springframework.cloud.context.scope.refresh.RefreshScopeRefreshedEvent)=@org.springframework.context.event.EventListener(value=[class org.springframework.cloud.context.scope.refresh.RefreshScopeRefreshedEvent], classes=[class org.springframework.cloud.context.scope.refresh.RefreshScopeRefreshedEvent], condition=)}
11735 [main] DEBUG o.s.c.e.EventListenerMethodProcessor - 2 @EventListener methods processed on bean 'org.springframework.cloud.netflix.eureka.EurekaDiscoveryClientConfiguration': {public void org.springframework.cloud.netflix.eureka.EurekaDiscoveryClientConfiguration.onApplicationEvent(org.springframework.boot.context.embedded.EmbeddedServletContainerInitializedEvent)=@org.springframework.context.event.EventListener(value=[class org.springframework.boot.context.embedded.EmbeddedServletContainerInitializedEvent], classes=[class org.springframework.boot.context.embedded.EmbeddedServletContainerInitializedEvent], condition=), public void org.springframework.cloud.netflix.eureka.EurekaDiscoveryClientConfiguration.onApplicationEvent(org.springframework.context.event.ContextClosedEvent)=@org.springframework.context.event.EventListener(value=[class org.springframework.context.event.ContextClosedEvent], classes=[class org.springframework.context.event.ContextClosedEvent], condition=)}
11755 [main] DEBUG o.s.c.e.EventListenerMethodProcessor - 1 @EventListener methods processed on bean 'refreshScope': {public void org.springframework.cloud.context.scope.refresh.RefreshScope.start(org.springframework.context.event.ContextRefreshedEvent)=@org.springframework.context.event.EventListener(value=[], classes=[], condition=)}
11780 [main] DEBUG o.s.c.e.EventListenerMethodProcessor - 2 @EventListener methods processed on bean 'refreshEventListener': {public void org.springframework.cloud.endpoint.event.RefreshEventListener.handle(org.springframework.cloud.endpoint.event.RefreshEvent)=@org.springframework.context.event.EventListener(value=[], classes=[], condition=), public void org.springframework.cloud.endpoint.event.RefreshEventListener.handle(org.springframework.boot.context.event.ApplicationReadyEvent)=@org.springframework.context.event.EventListener(value=[], classes=[], condition=)}
11788 [main] INFO  o.s.j.e.a.AnnotationMBeanExporter - Registering beans for JMX exposure on startup
11788 [main] DEBUG o.s.j.e.a.AnnotationMBeanExporter - Autodetecting user-defined JMX MBeans
11797 [main] DEBUG o.s.b.f.s.DefaultListableBeanFactory - Returning cached instance of singleton bean 'refreshScope'
11797 [main] INFO  o.s.j.e.a.AnnotationMBeanExporter - Bean with name 'refreshScope' has been autodetected for JMX exposure
11798 [main] DEBUG o.s.b.f.s.DefaultListableBeanFactory - Returning cached instance of singleton bean 'environmentManager'
11798 [main] INFO  o.s.j.e.a.AnnotationMBeanExporter - Bean with name 'environmentManager' has been autodetected for JMX exposure
11800 [main] DEBUG o.s.b.f.s.DefaultListableBeanFactory - Returning cached instance of singleton bean 'configurationPropertiesRebinder'
11800 [main] INFO  o.s.j.e.a.AnnotationMBeanExporter - Bean with name 'configurationPropertiesRebinder' has been autodetected for JMX exposure
11800 [main] DEBUG o.s.b.f.s.DefaultListableBeanFactory - Returning cached instance of singleton bean 'refreshEndpoint'
11801 [main] INFO  o.s.j.e.a.AnnotationMBeanExporter - Bean with name 'refreshEndpoint' has been autodetected for JMX exposure
11801 [main] DEBUG o.s.b.f.s.DefaultListableBeanFactory - Returning cached instance of singleton bean 'restartEndpoint'
11801 [main] INFO  o.s.j.e.a.AnnotationMBeanExporter - Bean with name 'restartEndpoint' has been autodetected for JMX exposure
11802 [main] DEBUG o.s.b.f.s.DefaultListableBeanFactory - Returning cached instance of singleton bean 'environmentManager'
11804 [main] INFO  o.s.j.e.a.AnnotationMBeanExporter - Located managed bean 'environmentManager': registering with JMX server as MBean [org.springframework.cloud.context.environment:name=environmentManager,type=EnvironmentManager]
11817 [main] DEBUG o.s.b.f.s.DefaultListableBeanFactory - Returning cached instance of singleton bean 'restartEndpoint'
11817 [main] INFO  o.s.j.e.a.AnnotationMBeanExporter - Located managed bean 'restartEndpoint': registering with JMX server as MBean [org.springframework.cloud.context.restart:name=restartEndpoint,type=RestartEndpoint]
11830 [main] DEBUG o.s.b.f.s.DefaultListableBeanFactory - Returning cached instance of singleton bean 'refreshScope'
11831 [main] INFO  o.s.j.e.a.AnnotationMBeanExporter - Located managed bean 'refreshScope': registering with JMX server as MBean [org.springframework.cloud.context.scope.refresh:name=refreshScope,type=RefreshScope]
11841 [main] DEBUG o.s.b.f.s.DefaultListableBeanFactory - Returning cached instance of singleton bean 'configurationPropertiesRebinder'
11842 [main] DEBUG o.s.b.f.s.DefaultListableBeanFactory - Returning cached instance of singleton bean 'configurationPropertiesRebinder'
11842 [main] INFO  o.s.j.e.a.AnnotationMBeanExporter - Located managed bean 'configurationPropertiesRebinder': registering with JMX server as MBean [org.springframework.cloud.context.properties:name=configurationPropertiesRebinder,context=189aa67a,type=ConfigurationPropertiesRebinder]
11849 [main] DEBUG o.s.b.f.s.DefaultListableBeanFactory - Returning cached instance of singleton bean 'refreshEndpoint'
11850 [main] INFO  o.s.j.e.a.AnnotationMBeanExporter - Located managed bean 'refreshEndpoint': registering with JMX server as MBean [org.springframework.cloud.endpoint:name=refreshEndpoint,type=RefreshEndpoint]
11851 [main] INFO  o.s.b.a.e.jmx.EndpointMBeanExporter - Registering beans for JMX exposure on startup
11851 [main] DEBUG o.s.c.e.PropertySourcesPropertyResolver - Found key 'server.port' in [applicationConfig: [classpath:/application.properties]] with type [String]
11852 [main] DEBUG o.s.w.c.s.StandardServletEnvironment - Adding [Management Server] PropertySource with lowest search precedence
11853 [main] DEBUG o.s.b.f.s.DefaultListableBeanFactory - Returning cached instance of singleton bean 'loggingRebinder'
11853 [main] DEBUG o.s.b.f.s.DefaultListableBeanFactory - Returning cached instance of singleton bean 'configurationPropertiesRebinder'
11853 [main] DEBUG o.s.b.f.s.DefaultListableBeanFactory - Returning cached instance of singleton bean 'org.springframework.cloud.netflix.archaius.ArchaiusAutoConfiguration$PropagateEventsConfiguration'
11855 [main] DEBUG o.s.b.f.s.DefaultListableBeanFactory - Returning cached instance of singleton bean 'endpoints-org.springframework.boot.actuate.endpoint.EndpointProperties'
11855 [main] DEBUG o.s.core.env.MutablePropertySources - Adding [servletConfigInitParams] PropertySource with lowest search precedence
11855 [main] DEBUG o.s.core.env.MutablePropertySources - Adding [servletContextInitParams] PropertySource with lowest search precedence
11855 [main] DEBUG o.s.core.env.MutablePropertySources - Adding [systemProperties] PropertySource with lowest search precedence
11855 [main] DEBUG o.s.core.env.MutablePropertySources - Adding [systemEnvironment] PropertySource with lowest search precedence
11855 [main] DEBUG o.s.core.env.MutablePropertySources - Adding [random] PropertySource with lowest search precedence
11855 [main] DEBUG o.s.core.env.MutablePropertySources - Adding [applicationConfig: [classpath:/application.properties]] PropertySource with lowest search precedence
11855 [main] DEBUG o.s.core.env.MutablePropertySources - Adding [springCloudClientHostInfo] PropertySource with lowest search precedence
11855 [main] DEBUG o.s.core.env.MutablePropertySources - Adding [class path resource [eureka/server.properties]] PropertySource with lowest search precedence
11855 [main] DEBUG o.s.core.env.MutablePropertySources - Adding [defaultProperties] PropertySource with lowest search precedence
11855 [main] DEBUG o.s.core.env.MutablePropertySources - Adding [Management Server] PropertySource with lowest search precedence
11855 [main] DEBUG o.s.core.env.MutablePropertySources - Adding [localProperties] PropertySource with lowest search precedence
11856 [main] DEBUG o.s.core.env.MutablePropertySources - Adding [servletConfigInitParams] PropertySource with lowest search precedence
11856 [main] DEBUG o.s.core.env.MutablePropertySources - Adding [servletContextInitParams] PropertySource with lowest search precedence
11856 [main] DEBUG o.s.core.env.MutablePropertySources - Adding [systemProperties] PropertySource with lowest search precedence
11856 [main] DEBUG o.s.core.env.MutablePropertySources - Adding [systemEnvironment] PropertySource with lowest search precedence
11856 [main] DEBUG o.s.core.env.MutablePropertySources - Adding [random] PropertySource with lowest search precedence
11856 [main] DEBUG o.s.core.env.MutablePropertySources - Adding [applicationConfig: [classpath:/application.properties]] PropertySource with lowest search precedence
11856 [main] DEBUG o.s.core.env.MutablePropertySources - Adding [springCloudClientHostInfo] PropertySource with lowest search precedence
11856 [main] DEBUG o.s.core.env.MutablePropertySources - Adding [class path resource [eureka/server.properties]] PropertySource with lowest search precedence
11856 [main] DEBUG o.s.core.env.MutablePropertySources - Adding [defaultProperties] PropertySource with lowest search precedence
11856 [main] DEBUG o.s.core.env.MutablePropertySources - Adding [Management Server] PropertySource with lowest search precedence
11856 [main] DEBUG o.s.core.env.MutablePropertySources - Adding [localProperties] PropertySource with lowest search precedence
11856 [main] DEBUG o.s.b.f.s.DefaultListableBeanFactory - Returning cached instance of singleton bean 'management.info-org.springframework.boot.actuate.autoconfigure.InfoContributorProperties'
11856 [main] DEBUG o.s.core.env.MutablePropertySources - Adding [servletConfigInitParams] PropertySource with lowest search precedence
11856 [main] DEBUG o.s.core.env.MutablePropertySources - Adding [servletContextInitParams] PropertySource with lowest search precedence
11856 [main] DEBUG o.s.core.env.MutablePropertySources - Adding [systemProperties] PropertySource with lowest search precedence
11856 [main] DEBUG o.s.core.env.MutablePropertySources - Adding [systemEnvironment] PropertySource with lowest search precedence
11856 [main] DEBUG o.s.core.env.MutablePropertySources - Adding [random] PropertySource with lowest search precedence
11857 [main] DEBUG o.s.core.env.MutablePropertySources - Adding [applicationConfig: [classpath:/application.properties]] PropertySource with lowest search precedence
11857 [main] DEBUG o.s.core.env.MutablePropertySources - Adding [springCloudClientHostInfo] PropertySource with lowest search precedence
11857 [main] DEBUG o.s.core.env.MutablePropertySources - Adding [class path resource [eureka/server.properties]] PropertySource with lowest search precedence
11857 [main] DEBUG o.s.core.env.MutablePropertySources - Adding [defaultProperties] PropertySource with lowest search precedence
11857 [main] DEBUG o.s.core.env.MutablePropertySources - Adding [Management Server] PropertySource with lowest search precedence
11857 [main] DEBUG o.s.core.env.MutablePropertySources - Adding [localProperties] PropertySource with lowest search precedence
11857 [main] DEBUG o.s.core.env.MutablePropertySources - Adding [servletConfigInitParams] PropertySource with lowest search precedence
11857 [main] DEBUG o.s.core.env.MutablePropertySources - Adding [servletContextInitParams] PropertySource with lowest search precedence
11857 [main] DEBUG o.s.core.env.MutablePropertySources - Adding [systemProperties] PropertySource with lowest search precedence
11857 [main] DEBUG o.s.core.env.MutablePropertySources - Adding [systemEnvironment] PropertySource with lowest search precedence
11857 [main] DEBUG o.s.core.env.MutablePropertySources - Adding [random] PropertySource with lowest search precedence
11857 [main] DEBUG o.s.core.env.MutablePropertySources - Adding [applicationConfig: [classpath:/application.properties]] PropertySource with lowest search precedence
11857 [main] DEBUG o.s.core.env.MutablePropertySources - Adding [springCloudClientHostInfo] PropertySource with lowest search precedence
11857 [main] DEBUG o.s.core.env.MutablePropertySources - Adding [class path resource [eureka/server.properties]] PropertySource with lowest search precedence
11857 [main] DEBUG o.s.core.env.MutablePropertySources - Adding [defaultProperties] PropertySource with lowest search precedence
11857 [main] DEBUG o.s.core.env.MutablePropertySources - Adding [Management Server] PropertySource with lowest search precedence
11857 [main] DEBUG o.s.core.env.MutablePropertySources - Adding [localProperties] PropertySource with lowest search precedence
11858 [main] DEBUG o.s.b.f.s.DefaultListableBeanFactory - Returning cached instance of singleton bean 'metricsEndpoint'
11858 [main] DEBUG o.s.core.env.MutablePropertySources - Adding [servletConfigInitParams] PropertySource with lowest search precedence
11858 [main] DEBUG o.s.core.env.MutablePropertySources - Adding [servletContextInitParams] PropertySource with lowest search precedence
11858 [main] DEBUG o.s.core.env.MutablePropertySources - Adding [systemProperties] PropertySource with lowest search precedence
11858 [main] DEBUG o.s.core.env.MutablePropertySources - Adding [systemEnvironment] PropertySource with lowest search precedence
11858 [main] DEBUG o.s.core.env.MutablePropertySources - Adding [random] PropertySource with lowest search precedence
11858 [main] DEBUG o.s.core.env.MutablePropertySources - Adding [applicationConfig: [classpath:/application.properties]] PropertySource with lowest search precedence
11858 [main] DEBUG o.s.core.env.MutablePropertySources - Adding [springCloudClientHostInfo] PropertySource with lowest search precedence
11858 [main] DEBUG o.s.core.env.MutablePropertySources - Adding [class path resource [eureka/server.properties]] PropertySource with lowest search precedence
11858 [main] DEBUG o.s.core.env.MutablePropertySources - Adding [defaultProperties] PropertySource with lowest search precedence
11858 [main] DEBUG o.s.core.env.MutablePropertySources - Adding [Management Server] PropertySource with lowest search precedence
11858 [main] DEBUG o.s.core.env.MutablePropertySources - Adding [localProperties] PropertySource with lowest search precedence
11859 [main] DEBUG o.s.core.env.MutablePropertySources - Adding [servletConfigInitParams] PropertySource with lowest search precedence
11860 [main] DEBUG o.s.core.env.MutablePropertySources - Adding [servletContextInitParams] PropertySource with lowest search precedence
11860 [main] DEBUG o.s.core.env.MutablePropertySources - Adding [systemProperties] PropertySource with lowest search precedence
11860 [main] DEBUG o.s.core.env.MutablePropertySources - Adding [systemEnvironment] PropertySource with lowest search precedence
11860 [main] DEBUG o.s.core.env.MutablePropertySources - Adding [random] PropertySource with lowest search precedence
11860 [main] DEBUG o.s.core.env.MutablePropertySources - Adding [applicationConfig: [classpath:/application.properties]] PropertySource with lowest search precedence
11860 [main] DEBUG o.s.core.env.MutablePropertySources - Adding [springCloudClientHostInfo] PropertySource with lowest search precedence
11860 [main] DEBUG o.s.core.env.MutablePropertySources - Adding [class path resource [eureka/server.properties]] PropertySource with lowest search precedence
11860 [main] DEBUG o.s.core.env.MutablePropertySources - Adding [defaultProperties] PropertySource with lowest search precedence
11860 [main] DEBUG o.s.core.env.MutablePropertySources - Adding [Management Server] PropertySource with lowest search precedence
11860 [main] DEBUG o.s.core.env.MutablePropertySources - Adding [localProperties] PropertySource with lowest search precedence
11861 [main] DEBUG o.s.b.f.s.DefaultListableBeanFactory - Returning cached instance of singleton bean 'inetUtilsProperties'
11861 [main] DEBUG o.s.core.env.MutablePropertySources - Adding [servletConfigInitParams] PropertySource with lowest search precedence
11861 [main] DEBUG o.s.core.env.MutablePropertySources - Adding [servletContextInitParams] PropertySource with lowest search precedence
11861 [main] DEBUG o.s.core.env.MutablePropertySources - Adding [systemProperties] PropertySource with lowest search precedence
11861 [main] DEBUG o.s.core.env.MutablePropertySources - Adding [systemEnvironment] PropertySource with lowest search precedence
11861 [main] DEBUG o.s.core.env.MutablePropertySources - Adding [random] PropertySource with lowest search precedence
11861 [main] DEBUG o.s.core.env.MutablePropertySources - Adding [applicationConfig: [classpath:/application.properties]] PropertySource with lowest search precedence
11861 [main] DEBUG o.s.core.env.MutablePropertySources - Adding [springCloudClientHostInfo] PropertySource with lowest search precedence
11861 [main] DEBUG o.s.core.env.MutablePropertySources - Adding [class path resource [eureka/server.properties]] PropertySource with lowest search precedence
11861 [main] DEBUG o.s.core.env.MutablePropertySources - Adding [defaultProperties] PropertySource with lowest search precedence
11861 [main] DEBUG o.s.core.env.MutablePropertySources - Adding [Management Server] PropertySource with lowest search precedence
11861 [main] DEBUG o.s.core.env.MutablePropertySources - Adding [localProperties] PropertySource with lowest search precedence
11862 [main] DEBUG o.s.core.env.MutablePropertySources - Adding [servletConfigInitParams] PropertySource with lowest search precedence
11862 [main] DEBUG o.s.core.env.MutablePropertySources - Adding [servletContextInitParams] PropertySource with lowest search precedence
11862 [main] DEBUG o.s.core.env.MutablePropertySources - Adding [systemProperties] PropertySource with lowest search precedence
11862 [main] DEBUG o.s.core.env.MutablePropertySources - Adding [systemEnvironment] PropertySource with lowest search precedence
11862 [main] DEBUG o.s.core.env.MutablePropertySources - Adding [random] PropertySource with lowest search precedence
11862 [main] DEBUG o.s.core.env.MutablePropertySources - Adding [applicationConfig: [classpath:/application.properties]] PropertySource with lowest search precedence
11862 [main] DEBUG o.s.core.env.MutablePropertySources - Adding [springCloudClientHostInfo] PropertySource with lowest search precedence
11863 [main] DEBUG o.s.core.env.MutablePropertySources - Adding [class path resource [eureka/server.properties]] PropertySource with lowest search precedence
11863 [main] DEBUG o.s.core.env.MutablePropertySources - Adding [defaultProperties] PropertySource with lowest search precedence
11863 [main] DEBUG o.s.core.env.MutablePropertySources - Adding [Management Server] PropertySource with lowest search precedence
11863 [main] DEBUG o.s.core.env.MutablePropertySources - Adding [localProperties] PropertySource with lowest search precedence
11863 [main] DEBUG o.s.b.f.s.DefaultListableBeanFactory - Returning cached instance of singleton bean 'spring.freemarker-org.springframework.boot.autoconfigure.freemarker.FreeMarkerProperties'
11865 [main] DEBUG o.s.core.env.MutablePropertySources - Adding [servletConfigInitParams] PropertySource with lowest search precedence
11865 [main] DEBUG o.s.core.env.MutablePropertySources - Adding [servletContextInitParams] PropertySource with lowest search precedence
11865 [main] DEBUG o.s.core.env.MutablePropertySources - Adding [systemProperties] PropertySource with lowest search precedence
11865 [main] DEBUG o.s.core.env.MutablePropertySources - Adding [systemEnvironment] PropertySource with lowest search precedence
11865 [main] DEBUG o.s.core.env.MutablePropertySources - Adding [random] PropertySource with lowest search precedence
11865 [main] DEBUG o.s.core.env.MutablePropertySources - Adding [applicationConfig: [classpath:/application.properties]] PropertySource with lowest search precedence
11865 [main] DEBUG o.s.core.env.MutablePropertySources - Adding [springCloudClientHostInfo] PropertySource with lowest search precedence
11865 [main] DEBUG o.s.core.env.MutablePropertySources - Adding [class path resource [eureka/server.properties]] PropertySource with lowest search precedence
11865 [main] DEBUG o.s.core.env.MutablePropertySources - Adding [defaultProperties] PropertySource with lowest search precedence
11865 [main] DEBUG o.s.core.env.MutablePropertySources - Adding [Management Server] PropertySource with lowest search precedence
11865 [main] DEBUG o.s.core.env.MutablePropertySources - Adding [localProperties] PropertySource with lowest search precedence
11869 [main] DEBUG o.s.core.env.MutablePropertySources - Adding [servletConfigInitParams] PropertySource with lowest search precedence
11869 [main] DEBUG o.s.core.env.MutablePropertySources - Adding [servletContextInitParams] PropertySource with lowest search precedence
11869 [main] DEBUG o.s.core.env.MutablePropertySources - Adding [systemProperties] PropertySource with lowest search precedence
11869 [main] DEBUG o.s.core.env.MutablePropertySources - Adding [systemEnvironment] PropertySource with lowest search precedence
11869 [main] DEBUG o.s.core.env.MutablePropertySources - Adding [random] PropertySource with lowest search precedence
11869 [main] DEBUG o.s.core.env.MutablePropertySources - Adding [applicationConfig: [classpath:/application.properties]] PropertySource with lowest search precedence
11869 [main] DEBUG o.s.core.env.MutablePropertySources - Adding [springCloudClientHostInfo] PropertySource with lowest search precedence
11869 [main] DEBUG o.s.core.env.MutablePropertySources - Adding [class path resource [eureka/server.properties]] PropertySource with lowest search precedence
11869 [main] DEBUG o.s.core.env.MutablePropertySources - Adding [defaultProperties] PropertySource with lowest search precedence
11869 [main] DEBUG o.s.core.env.MutablePropertySources - Adding [Management Server] PropertySource with lowest search precedence
11869 [main] DEBUG o.s.core.env.MutablePropertySources - Adding [localProperties] PropertySource with lowest search precedence
11873 [main] DEBUG o.s.b.f.s.DefaultListableBeanFactory - Returning cached instance of singleton bean 'spring.jackson-org.springframework.boot.autoconfigure.jackson.JacksonProperties'
11873 [main] DEBUG o.s.core.env.MutablePropertySources - Adding [servletConfigInitParams] PropertySource with lowest search precedence
11874 [main] DEBUG o.s.core.env.MutablePropertySources - Adding [servletContextInitParams] PropertySource with lowest search precedence
11874 [main] DEBUG o.s.core.env.MutablePropertySources - Adding [systemProperties] PropertySource with lowest search precedence
11874 [main] DEBUG o.s.core.env.MutablePropertySources - Adding [systemEnvironment] PropertySource with lowest search precedence
11874 [main] DEBUG o.s.core.env.MutablePropertySources - Adding [random] PropertySource with lowest search precedence
11874 [main] DEBUG o.s.core.env.MutablePropertySources - Adding [applicationConfig: [classpath:/application.properties]] PropertySource with lowest search precedence
11874 [main] DEBUG o.s.core.env.MutablePropertySources - Adding [springCloudClientHostInfo] PropertySource with lowest search precedence
11874 [main] DEBUG o.s.core.env.MutablePropertySources - Adding [class path resource [eureka/server.properties]] PropertySource with lowest search precedence
11874 [main] DEBUG o.s.core.env.MutablePropertySources - Adding [defaultProperties] PropertySource with lowest search precedence
11874 [main] DEBUG o.s.core.env.MutablePropertySources - Adding [Management Server] PropertySource with lowest search precedence
11874 [main] DEBUG o.s.core.env.MutablePropertySources - Adding [localProperties] PropertySource with lowest search precedence
11877 [main] DEBUG o.s.core.env.MutablePropertySources - Adding [servletConfigInitParams] PropertySource with lowest search precedence
11877 [main] DEBUG o.s.core.env.MutablePropertySources - Adding [servletContextInitParams] PropertySource with lowest search precedence
11877 [main] DEBUG o.s.core.env.MutablePropertySources - Adding [systemProperties] PropertySource with lowest search precedence
11877 [main] DEBUG o.s.core.env.MutablePropertySources - Adding [systemEnvironment] PropertySource with lowest search precedence
11877 [main] DEBUG o.s.core.env.MutablePropertySources - Adding [random] PropertySource with lowest search precedence
11877 [main] DEBUG o.s.core.env.MutablePropertySources - Adding [applicationConfig: [classpath:/application.properties]] PropertySource with lowest search precedence
11877 [main] DEBUG o.s.core.env.MutablePropertySources - Adding [springCloudClientHostInfo] PropertySource with lowest search precedence
11877 [main] DEBUG o.s.core.env.MutablePropertySources - Adding [class path resource [eureka/server.properties]] PropertySource with lowest search precedence
11877 [main] DEBUG o.s.core.env.MutablePropertySources - Adding [defaultProperties] PropertySource with lowest search precedence
11877 [main] DEBUG o.s.core.env.MutablePropertySources - Adding [Management Server] PropertySource with lowest search precedence
11877 [main] DEBUG o.s.core.env.MutablePropertySources - Adding [localProperties] PropertySource with lowest search precedence
11878 [main] DEBUG o.s.b.f.s.DefaultListableBeanFactory - Returning cached instance of singleton bean 'endpoints.cors-org.springframework.boot.actuate.autoconfigure.EndpointCorsProperties'
11879 [main] DEBUG o.s.core.env.MutablePropertySources - Adding [servletConfigInitParams] PropertySource with lowest search precedence
11879 [main] DEBUG o.s.core.env.MutablePropertySources - Adding [servletContextInitParams] PropertySource with lowest search precedence
11879 [main] DEBUG o.s.core.env.MutablePropertySources - Adding [systemProperties] PropertySource with lowest search precedence
11879 [main] DEBUG o.s.core.env.MutablePropertySources - Adding [systemEnvironment] PropertySource with lowest search precedence
11879 [main] DEBUG o.s.core.env.MutablePropertySources - Adding [random] PropertySource with lowest search precedence
11879 [main] DEBUG o.s.core.env.MutablePropertySources - Adding [applicationConfig: [classpath:/application.properties]] PropertySource with lowest search precedence
11879 [main] DEBUG o.s.core.env.MutablePropertySources - Adding [springCloudClientHostInfo] PropertySource with lowest search precedence
11879 [main] DEBUG o.s.core.env.MutablePropertySources - Adding [class path resource [eureka/server.properties]] PropertySource with lowest search precedence
11879 [main] DEBUG o.s.core.env.MutablePropertySources - Adding [defaultProperties] PropertySource with lowest search precedence
11879 [main] DEBUG o.s.core.env.MutablePropertySources - Adding [Management Server] PropertySource with lowest search precedence
11879 [main] DEBUG o.s.core.env.MutablePropertySources - Adding [localProperties] PropertySource with lowest search precedence
11880 [main] DEBUG o.s.core.env.MutablePropertySources - Adding [servletConfigInitParams] PropertySource with lowest search precedence
11880 [main] DEBUG o.s.core.env.MutablePropertySources - Adding [servletContextInitParams] PropertySource with lowest search precedence
11880 [main] DEBUG o.s.core.env.MutablePropertySources - Adding [systemProperties] PropertySource with lowest search precedence
11880 [main] DEBUG o.s.core.env.MutablePropertySources - Adding [systemEnvironment] PropertySource with lowest search precedence
11880 [main] DEBUG o.s.core.env.MutablePropertySources - Adding [random] PropertySource with lowest search precedence
11880 [main] DEBUG o.s.core.env.MutablePropertySources - Adding [applicationConfig: [classpath:/application.properties]] PropertySource with lowest search precedence
11880 [main] DEBUG o.s.core.env.MutablePropertySources - Adding [springCloudClientHostInfo] PropertySource with lowest search precedence
11880 [main] DEBUG o.s.core.env.MutablePropertySources - Adding [class path resource [eureka/server.properties]] PropertySource with lowest search precedence
11880 [main] DEBUG o.s.core.env.MutablePropertySources - Adding [defaultProperties] PropertySource with lowest search precedence
11880 [main] DEBUG o.s.core.env.MutablePropertySources - Adding [Management Server] PropertySource with lowest search precedence
11880 [main] DEBUG o.s.core.env.MutablePropertySources - Adding [localProperties] PropertySource with lowest search precedence
11881 [main] DEBUG o.s.b.f.s.DefaultListableBeanFactory - Returning cached instance of singleton bean 'heapdumpMvcEndpoint'
11882 [main] DEBUG o.s.core.env.MutablePropertySources - Adding [servletConfigInitParams] PropertySource with lowest search precedence
11882 [main] DEBUG o.s.core.env.MutablePropertySources - Adding [servletContextInitParams] PropertySource with lowest search precedence
11882 [main] DEBUG o.s.core.env.MutablePropertySources - Adding [systemProperties] PropertySource with lowest search precedence
11882 [main] DEBUG o.s.core.env.MutablePropertySources - Adding [systemEnvironment] PropertySource with lowest search precedence
11882 [main] DEBUG o.s.core.env.MutablePropertySources - Adding [random] PropertySource with lowest search precedence
11882 [main] DEBUG o.s.core.env.MutablePropertySources - Adding [applicationConfig: [classpath:/application.properties]] PropertySource with lowest search precedence
11882 [main] DEBUG o.s.core.env.MutablePropertySources - Adding [springCloudClientHostInfo] PropertySource with lowest search precedence
11882 [main] DEBUG o.s.core.env.MutablePropertySources - Adding [class path resource [eureka/server.properties]] PropertySource with lowest search precedence
11882 [main] DEBUG o.s.core.env.MutablePropertySources - Adding [defaultProperties] PropertySource with lowest search precedence
11882 [main] DEBUG o.s.core.env.MutablePropertySources - Adding [Management Server] PropertySource with lowest search precedence
11882 [main] DEBUG o.s.core.env.MutablePropertySources - Adding [localProperties] PropertySource with lowest search precedence
11883 [main] DEBUG o.s.core.env.MutablePropertySources - Adding [servletConfigInitParams] PropertySource with lowest search precedence
11883 [main] DEBUG o.s.core.env.MutablePropertySources - Adding [servletContextInitParams] PropertySource with lowest search precedence
11883 [main] DEBUG o.s.core.env.MutablePropertySources - Adding [systemProperties] PropertySource with lowest search precedence
11883 [main] DEBUG o.s.core.env.MutablePropertySources - Adding [systemEnvironment] PropertySource with lowest search precedence
11883 [main] DEBUG o.s.core.env.MutablePropertySources - Adding [random] PropertySource with lowest search precedence
11883 [main] DEBUG o.s.core.env.MutablePropertySources - Adding [applicationConfig: [classpath:/application.properties]] PropertySource with lowest search precedence
11883 [main] DEBUG o.s.core.env.MutablePropertySources - Adding [springCloudClientHostInfo] PropertySource with lowest search precedence
11883 [main] DEBUG o.s.core.env.MutablePropertySources - Adding [class path resource [eureka/server.properties]] PropertySource with lowest search precedence
11883 [main] DEBUG o.s.core.env.MutablePropertySources - Adding [defaultProperties] PropertySource with lowest search precedence
11883 [main] DEBUG o.s.core.env.MutablePropertySources - Adding [Management Server] PropertySource with lowest search precedence
11883 [main] DEBUG o.s.core.env.MutablePropertySources - Adding [localProperties] PropertySource with lowest search precedence
11885 [main] DEBUG o.s.b.f.s.DefaultListableBeanFactory - Returning cached instance of singleton bean 'featuresEndpoint'
11885 [main] DEBUG o.s.core.env.MutablePropertySources - Adding [servletConfigInitParams] PropertySource with lowest search precedence
11885 [main] DEBUG o.s.core.env.MutablePropertySources - Adding [servletContextInitParams] PropertySource with lowest search precedence
11885 [main] DEBUG o.s.core.env.MutablePropertySources - Adding [systemProperties] PropertySource with lowest search precedence
11885 [main] DEBUG o.s.core.env.MutablePropertySources - Adding [systemEnvironment] PropertySource with lowest search precedence
11885 [main] DEBUG o.s.core.env.MutablePropertySources - Adding [random] PropertySource with lowest search precedence
11885 [main] DEBUG o.s.core.env.MutablePropertySources - Adding [applicationConfig: [classpath:/application.properties]] PropertySource with lowest search precedence
11885 [main] DEBUG o.s.core.env.MutablePropertySources - Adding [springCloudClientHostInfo] PropertySource with lowest search precedence
11885 [main] DEBUG o.s.core.env.MutablePropertySources - Adding [class path resource [eureka/server.properties]] PropertySource with lowest search precedence
11885 [main] DEBUG o.s.core.env.MutablePropertySources - Adding [defaultProperties] PropertySource with lowest search precedence
11885 [main] DEBUG o.s.core.env.MutablePropertySources - Adding [Management Server] PropertySource with lowest search precedence
11885 [main] DEBUG o.s.core.env.MutablePropertySources - Adding [localProperties] PropertySource with lowest search precedence
11886 [main] DEBUG o.s.core.env.MutablePropertySources - Adding [servletConfigInitParams] PropertySource with lowest search precedence
11886 [main] DEBUG o.s.core.env.MutablePropertySources - Adding [servletContextInitParams] PropertySource with lowest search precedence
11886 [main] DEBUG o.s.core.env.MutablePropertySources - Adding [systemProperties] PropertySource with lowest search precedence
11886 [main] DEBUG o.s.core.env.MutablePropertySources - Adding [systemEnvironment] PropertySource with lowest search precedence
11886 [main] DEBUG o.s.core.env.MutablePropertySources - Adding [random] PropertySource with lowest search precedence
11887 [main] DEBUG o.s.core.env.MutablePropertySources - Adding [applicationConfig: [classpath:/application.properties]] PropertySource with lowest search precedence
11887 [main] DEBUG o.s.core.env.MutablePropertySources - Adding [springCloudClientHostInfo] PropertySource with lowest search precedence
11887 [main] DEBUG o.s.core.env.MutablePropertySources - Adding [class path resource [eureka/server.properties]] PropertySource with lowest search precedence
11887 [main] DEBUG o.s.core.env.MutablePropertySources - Adding [defaultProperties] PropertySource with lowest search precedence
11887 [main] DEBUG o.s.core.env.MutablePropertySources - Adding [Management Server] PropertySource with lowest search precedence
11887 [main] DEBUG o.s.core.env.MutablePropertySources - Adding [localProperties] PropertySource with lowest search precedence
11887 [main] DEBUG o.s.b.f.s.DefaultListableBeanFactory - Returning cached instance of singleton bean 'environmentMvcEndpoint'
11888 [main] DEBUG o.s.core.env.MutablePropertySources - Adding [servletConfigInitParams] PropertySource with lowest search precedence
11888 [main] DEBUG o.s.core.env.MutablePropertySources - Adding [servletContextInitParams] PropertySource with lowest search precedence
11888 [main] DEBUG o.s.core.env.MutablePropertySources - Adding [systemProperties] PropertySource with lowest search precedence
11888 [main] DEBUG o.s.core.env.MutablePropertySources - Adding [systemEnvironment] PropertySource with lowest search precedence
11888 [main] DEBUG o.s.core.env.MutablePropertySources - Adding [random] PropertySource with lowest search precedence
11888 [main] DEBUG o.s.core.env.MutablePropertySources - Adding [applicationConfig: [classpath:/application.properties]] PropertySource with lowest search precedence
11888 [main] DEBUG o.s.core.env.MutablePropertySources - Adding [springCloudClientHostInfo] PropertySource with lowest search precedence
11888 [main] DEBUG o.s.core.env.MutablePropertySources - Adding [class path resource [eureka/server.properties]] PropertySource with lowest search precedence
11888 [main] DEBUG o.s.core.env.MutablePropertySources - Adding [defaultProperties] PropertySource with lowest search precedence
11888 [main] DEBUG o.s.core.env.MutablePropertySources - Adding [Management Server] PropertySource with lowest search precedence
11888 [main] DEBUG o.s.core.env.MutablePropertySources - Adding [localProperties] PropertySource with lowest search precedence
11889 [main] DEBUG o.s.core.env.MutablePropertySources - Adding [servletConfigInitParams] PropertySource with lowest search precedence
11889 [main] DEBUG o.s.core.env.MutablePropertySources - Adding [servletContextInitParams] PropertySource with lowest search precedence
11889 [main] DEBUG o.s.core.env.MutablePropertySources - Adding [systemProperties] PropertySource with lowest search precedence
11889 [main] DEBUG o.s.core.env.MutablePropertySources - Adding [systemEnvironment] PropertySource with lowest search precedence
11889 [main] DEBUG o.s.core.env.MutablePropertySources - Adding [random] PropertySource with lowest search precedence
11889 [main] DEBUG o.s.core.env.MutablePropertySources - Adding [applicationConfig: [classpath:/application.properties]] PropertySource with lowest search precedence
11889 [main] DEBUG o.s.core.env.MutablePropertySources - Adding [springCloudClientHostInfo] PropertySource with lowest search precedence
11889 [main] DEBUG o.s.core.env.MutablePropertySources - Adding [class path resource [eureka/server.properties]] PropertySource with lowest search precedence
11889 [main] DEBUG o.s.core.env.MutablePropertySources - Adding [defaultProperties] PropertySource with lowest search precedence
11889 [main] DEBUG o.s.core.env.MutablePropertySources - Adding [Management Server] PropertySource with lowest search precedence
11889 [main] DEBUG o.s.core.env.MutablePropertySources - Adding [localProperties] PropertySource with lowest search precedence
11891 [main] DEBUG o.s.b.f.s.DefaultListableBeanFactory - Returning cached instance of singleton bean 'spring.http.multipart-org.springframework.boot.autoconfigure.web.MultipartProperties'
11891 [main] DEBUG o.s.core.env.MutablePropertySources - Adding [servletConfigInitParams] PropertySource with lowest search precedence
11891 [main] DEBUG o.s.core.env.MutablePropertySources - Adding [servletContextInitParams] PropertySource with lowest search precedence
11891 [main] DEBUG o.s.core.env.MutablePropertySources - Adding [systemProperties] PropertySource with lowest search precedence
11891 [main] DEBUG o.s.core.env.MutablePropertySources - Adding [systemEnvironment] PropertySource with lowest search precedence
11891 [main] DEBUG o.s.core.env.MutablePropertySources - Adding [random] PropertySource with lowest search precedence
11891 [main] DEBUG o.s.core.env.MutablePropertySources - Adding [applicationConfig: [classpath:/application.properties]] PropertySource with lowest search precedence
11891 [main] DEBUG o.s.core.env.MutablePropertySources - Adding [springCloudClientHostInfo] PropertySource with lowest search precedence
11891 [main] DEBUG o.s.core.env.MutablePropertySources - Adding [class path resource [eureka/server.properties]] PropertySource with lowest search precedence
11891 [main] DEBUG o.s.core.env.MutablePropertySources - Adding [defaultProperties] PropertySource with lowest search precedence
11891 [main] DEBUG o.s.core.env.MutablePropertySources - Adding [Management Server] PropertySource with lowest search precedence
11891 [main] DEBUG o.s.core.env.MutablePropertySources - Adding [localProperties] PropertySource with lowest search precedence
11892 [main] DEBUG o.s.core.env.MutablePropertySources - Adding [servletConfigInitParams] PropertySource with lowest search precedence
11892 [main] DEBUG o.s.core.env.MutablePropertySources - Adding [servletContextInitParams] PropertySource with lowest search precedence
11892 [main] DEBUG o.s.core.env.MutablePropertySources - Adding [systemProperties] PropertySource with lowest search precedence
11892 [main] DEBUG o.s.core.env.MutablePropertySources - Adding [systemEnvironment] PropertySource with lowest search precedence
11892 [main] DEBUG o.s.core.env.MutablePropertySources - Adding [random] PropertySource with lowest search precedence
11892 [main] DEBUG o.s.core.env.MutablePropertySources - Adding [applicationConfig: [classpath:/application.properties]] PropertySource with lowest search precedence
11892 [main] DEBUG o.s.core.env.MutablePropertySources - Adding [springCloudClientHostInfo] PropertySource with lowest search precedence
11892 [main] DEBUG o.s.core.env.MutablePropertySources - Adding [class path resource [eureka/server.properties]] PropertySource with lowest search precedence
11892 [main] DEBUG o.s.core.env.MutablePropertySources - Adding [defaultProperties] PropertySource with lowest search precedence
11892 [main] DEBUG o.s.core.env.MutablePropertySources - Adding [Management Server] PropertySource with lowest search precedence
11893 [main] DEBUG o.s.core.env.MutablePropertySources - Adding [localProperties] PropertySource with lowest search precedence
11893 [main] DEBUG o.s.b.f.s.DefaultListableBeanFactory - Returning cached instance of singleton bean 'environmentEndpoint'
11893 [main] DEBUG o.s.core.env.MutablePropertySources - Adding [servletConfigInitParams] PropertySource with lowest search precedence
11893 [main] DEBUG o.s.core.env.MutablePropertySources - Adding [servletContextInitParams] PropertySource with lowest search precedence
11893 [main] DEBUG o.s.core.env.MutablePropertySources - Adding [systemProperties] PropertySource with lowest search precedence
11893 [main] DEBUG o.s.core.env.MutablePropertySources - Adding [systemEnvironment] PropertySource with lowest search precedence
11893 [main] DEBUG o.s.core.env.MutablePropertySources - Adding [random] PropertySource with lowest search precedence
11893 [main] DEBUG o.s.core.env.MutablePropertySources - Adding [applicationConfig: [classpath:/application.properties]] PropertySource with lowest search precedence
11894 [main] DEBUG o.s.core.env.MutablePropertySources - Adding [springCloudClientHostInfo] PropertySource with lowest search precedence
11894 [main] DEBUG o.s.core.env.MutablePropertySources - Adding [class path resource [eureka/server.properties]] PropertySource with lowest search precedence
11894 [main] DEBUG o.s.core.env.MutablePropertySources - Adding [defaultProperties] PropertySource with lowest search precedence
11894 [main] DEBUG o.s.core.env.MutablePropertySources - Adding [Management Server] PropertySource with lowest search precedence
11894 [main] DEBUG o.s.core.env.MutablePropertySources - Adding [localProperties] PropertySource with lowest search precedence
11895 [main] DEBUG o.s.core.env.MutablePropertySources - Adding [servletConfigInitParams] PropertySource with lowest search precedence
11895 [main] DEBUG o.s.core.env.MutablePropertySources - Adding [servletContextInitParams] PropertySource with lowest search precedence
11895 [main] DEBUG o.s.core.env.MutablePropertySources - Adding [systemProperties] PropertySource with lowest search precedence
11895 [main] DEBUG o.s.core.env.MutablePropertySources - Adding [systemEnvironment] PropertySource with lowest search precedence
11895 [main] DEBUG o.s.core.env.MutablePropertySources - Adding [random] PropertySource with lowest search precedence
11895 [main] DEBUG o.s.core.env.MutablePropertySources - Adding [applicationConfig: [classpath:/application.properties]] PropertySource with lowest search precedence
11895 [main] DEBUG o.s.core.env.MutablePropertySources - Adding [springCloudClientHostInfo] PropertySource with lowest search precedence
11895 [main] DEBUG o.s.core.env.MutablePropertySources - Adding [class path resource [eureka/server.properties]] PropertySource with lowest search precedence
11895 [main] DEBUG o.s.core.env.MutablePropertySources - Adding [defaultProperties] PropertySource with lowest search precedence
11895 [main] DEBUG o.s.core.env.MutablePropertySources - Adding [Management Server] PropertySource with lowest search precedence
11895 [main] DEBUG o.s.core.env.MutablePropertySources - Adding [localProperties] PropertySource with lowest search precedence
11897 [main] DEBUG o.s.b.f.s.DefaultListableBeanFactory - Returning cached instance of singleton bean 'resumeEndpoint'
11897 [main] DEBUG o.s.core.env.MutablePropertySources - Adding [servletConfigInitParams] PropertySource with lowest search precedence
11897 [main] DEBUG o.s.core.env.MutablePropertySources - Adding [servletContextInitParams] PropertySource with lowest search precedence
11897 [main] DEBUG o.s.core.env.MutablePropertySources - Adding [systemProperties] PropertySource with lowest search precedence
11897 [main] DEBUG o.s.core.env.MutablePropertySources - Adding [systemEnvironment] PropertySource with lowest search precedence
11897 [main] DEBUG o.s.core.env.MutablePropertySources - Adding [random] PropertySource with lowest search precedence
11897 [main] DEBUG o.s.core.env.MutablePropertySources - Adding [applicationConfig: [classpath:/application.properties]] PropertySource with lowest search precedence
11897 [main] DEBUG o.s.core.env.MutablePropertySources - Adding [springCloudClientHostInfo] PropertySource with lowest search precedence
11898 [main] DEBUG o.s.core.env.MutablePropertySources - Adding [class path resource [eureka/server.properties]] PropertySource with lowest search precedence
11898 [main] DEBUG o.s.core.env.MutablePropertySources - Adding [defaultProperties] PropertySource with lowest search precedence
11898 [main] DEBUG o.s.core.env.MutablePropertySources - Adding [Management Server] PropertySource with lowest search precedence
11898 [main] DEBUG o.s.core.env.MutablePropertySources - Adding [localProperties] PropertySource with lowest search precedence
11899 [main] DEBUG o.s.core.env.MutablePropertySources - Adding [servletConfigInitParams] PropertySource with lowest search precedence
11899 [main] DEBUG o.s.core.env.MutablePropertySources - Adding [servletContextInitParams] PropertySource with lowest search precedence
11899 [main] DEBUG o.s.core.env.MutablePropertySources - Adding [systemProperties] PropertySource with lowest search precedence
11899 [main] DEBUG o.s.core.env.MutablePropertySources - Adding [systemEnvironment] PropertySource with lowest search precedence
11899 [main] DEBUG o.s.core.env.MutablePropertySources - Adding [random] PropertySource with lowest search precedence
11899 [main] DEBUG o.s.core.env.MutablePropertySources - Adding [applicationConfig: [classpath:/application.properties]] PropertySource with lowest search precedence
11899 [main] DEBUG o.s.core.env.MutablePropertySources - Adding [springCloudClientHostInfo] PropertySource with lowest search precedence
11899 [main] DEBUG o.s.core.env.MutablePropertySources - Adding [class path resource [eureka/server.properties]] PropertySource with lowest search precedence
11899 [main] DEBUG o.s.core.env.MutablePropertySources - Adding [defaultProperties] PropertySource with lowest search precedence
11899 [main] DEBUG o.s.core.env.MutablePropertySources - Adding [Management Server] PropertySource with lowest search precedence
11899 [main] DEBUG o.s.core.env.MutablePropertySources - Adding [localProperties] PropertySource with lowest search precedence
11900 [main] DEBUG o.s.b.f.s.DefaultListableBeanFactory - Returning cached instance of singleton bean 'spring.info-org.springframework.boot.autoconfigure.info.ProjectInfoProperties'
11900 [main] DEBUG o.s.core.env.MutablePropertySources - Adding [servletConfigInitParams] PropertySource with lowest search precedence
11900 [main] DEBUG o.s.core.env.MutablePropertySources - Adding [servletContextInitParams] PropertySource with lowest search precedence
11900 [main] DEBUG o.s.core.env.MutablePropertySources - Adding [systemProperties] PropertySource with lowest search precedence
11900 [main] DEBUG o.s.core.env.MutablePropertySources - Adding [systemEnvironment] PropertySource with lowest search precedence
11900 [main] DEBUG o.s.core.env.MutablePropertySources - Adding [random] PropertySource with lowest search precedence
11900 [main] DEBUG o.s.core.env.MutablePropertySources - Adding [applicationConfig: [classpath:/application.properties]] PropertySource with lowest search precedence
11900 [main] DEBUG o.s.core.env.MutablePropertySources - Adding [springCloudClientHostInfo] PropertySource with lowest search precedence
11900 [main] DEBUG o.s.core.env.MutablePropertySources - Adding [class path resource [eureka/server.properties]] PropertySource with lowest search precedence
11900 [main] DEBUG o.s.core.env.MutablePropertySources - Adding [defaultProperties] PropertySource with lowest search precedence
11900 [main] DEBUG o.s.core.env.MutablePropertySources - Adding [Management Server] PropertySource with lowest search precedence
11900 [main] DEBUG o.s.core.env.MutablePropertySources - Adding [localProperties] PropertySource with lowest search precedence
11901 [main] DEBUG o.s.core.env.MutablePropertySources - Adding [servletConfigInitParams] PropertySource with lowest search precedence
11901 [main] DEBUG o.s.core.env.MutablePropertySources - Adding [servletContextInitParams] PropertySource with lowest search precedence
11901 [main] DEBUG o.s.core.env.MutablePropertySources - Adding [systemProperties] PropertySource with lowest search precedence
11901 [main] DEBUG o.s.core.env.MutablePropertySources - Adding [systemEnvironment] PropertySource with lowest search precedence
11901 [main] DEBUG o.s.core.env.MutablePropertySources - Adding [random] PropertySource with lowest search precedence
11901 [main] DEBUG o.s.core.env.MutablePropertySources - Adding [applicationConfig: [classpath:/application.properties]] PropertySource with lowest search precedence
11901 [main] DEBUG o.s.core.env.MutablePropertySources - Adding [springCloudClientHostInfo] PropertySource with lowest search precedence
11901 [main] DEBUG o.s.core.env.MutablePropertySources - Adding [class path resource [eureka/server.properties]] PropertySource with lowest search precedence
11901 [main] DEBUG o.s.core.env.MutablePropertySources - Adding [defaultProperties] PropertySource with lowest search precedence
11901 [main] DEBUG o.s.core.env.MutablePropertySources - Adding [Management Server] PropertySource with lowest search precedence
11901 [main] DEBUG o.s.core.env.MutablePropertySources - Adding [localProperties] PropertySource with lowest search precedence
11902 [main] DEBUG o.s.b.f.s.DefaultListableBeanFactory - Returning cached instance of singleton bean 'traceEndpoint'
11902 [main] DEBUG o.s.core.env.MutablePropertySources - Adding [servletConfigInitParams] PropertySource with lowest search precedence
11902 [main] DEBUG o.s.core.env.MutablePropertySources - Adding [servletContextInitParams] PropertySource with lowest search precedence
11902 [main] DEBUG o.s.core.env.MutablePropertySources - Adding [systemProperties] PropertySource with lowest search precedence
11902 [main] DEBUG o.s.core.env.MutablePropertySources - Adding [systemEnvironment] PropertySource with lowest search precedence
11902 [main] DEBUG o.s.core.env.MutablePropertySources - Adding [random] PropertySource with lowest search precedence
11902 [main] DEBUG o.s.core.env.MutablePropertySources - Adding [applicationConfig: [classpath:/application.properties]] PropertySource with lowest search precedence
11902 [main] DEBUG o.s.core.env.MutablePropertySources - Adding [springCloudClientHostInfo] PropertySource with lowest search precedence
11902 [main] DEBUG o.s.core.env.MutablePropertySources - Adding [class path resource [eureka/server.properties]] PropertySource with lowest search precedence
11902 [main] DEBUG o.s.core.env.MutablePropertySources - Adding [defaultProperties] PropertySource with lowest search precedence
11902 [main] DEBUG o.s.core.env.MutablePropertySources - Adding [Management Server] PropertySource with lowest search precedence
11902 [main] DEBUG o.s.core.env.MutablePropertySources - Adding [localProperties] PropertySource with lowest search precedence
11903 [main] DEBUG o.s.core.env.MutablePropertySources - Adding [servletConfigInitParams] PropertySource with lowest search precedence
11903 [main] DEBUG o.s.core.env.MutablePropertySources - Adding [servletContextInitParams] PropertySource with lowest search precedence
11903 [main] DEBUG o.s.core.env.MutablePropertySources - Adding [systemProperties] PropertySource with lowest search precedence
11903 [main] DEBUG o.s.core.env.MutablePropertySources - Adding [systemEnvironment] PropertySource with lowest search precedence
11903 [main] DEBUG o.s.core.env.MutablePropertySources - Adding [random] PropertySource with lowest search precedence
11903 [main] DEBUG o.s.core.env.MutablePropertySources - Adding [applicationConfig: [classpath:/application.properties]] PropertySource with lowest search precedence
11903 [main] DEBUG o.s.core.env.MutablePropertySources - Adding [springCloudClientHostInfo] PropertySource with lowest search precedence
11903 [main] DEBUG o.s.core.env.MutablePropertySources - Adding [class path resource [eureka/server.properties]] PropertySource with lowest search precedence
11903 [main] DEBUG o.s.core.env.MutablePropertySources - Adding [defaultProperties] PropertySource with lowest search precedence
11903 [main] DEBUG o.s.core.env.MutablePropertySources - Adding [Management Server] PropertySource with lowest search precedence
11903 [main] DEBUG o.s.core.env.MutablePropertySources - Adding [localProperties] PropertySource with lowest search precedence
11904 [main] DEBUG o.s.b.f.s.DefaultListableBeanFactory - Returning cached instance of singleton bean 'metricsMvcEndpoint'
11904 [main] DEBUG o.s.core.env.MutablePropertySources - Adding [servletConfigInitParams] PropertySource with lowest search precedence
11905 [main] DEBUG o.s.core.env.MutablePropertySources - Adding [servletContextInitParams] PropertySource with lowest search precedence
11905 [main] DEBUG o.s.core.env.MutablePropertySources - Adding [systemProperties] PropertySource with lowest search precedence
11905 [main] DEBUG o.s.core.env.MutablePropertySources - Adding [systemEnvironment] PropertySource with lowest search precedence
11905 [main] DEBUG o.s.core.env.MutablePropertySources - Adding [random] PropertySource with lowest search precedence
11905 [main] DEBUG o.s.core.env.MutablePropertySources - Adding [applicationConfig: [classpath:/application.properties]] PropertySource with lowest search precedence
11905 [main] DEBUG o.s.core.env.MutablePropertySources - Adding [springCloudClientHostInfo] PropertySource with lowest search precedence
11905 [main] DEBUG o.s.core.env.MutablePropertySources - Adding [class path resource [eureka/server.properties]] PropertySource with lowest search precedence
11905 [main] DEBUG o.s.core.env.MutablePropertySources - Adding [defaultProperties] PropertySource with lowest search precedence
11905 [main] DEBUG o.s.core.env.MutablePropertySources - Adding [Management Server] PropertySource with lowest search precedence
11905 [main] DEBUG o.s.core.env.MutablePropertySources - Adding [localProperties] PropertySource with lowest search precedence
11906 [main] DEBUG o.s.core.env.MutablePropertySources - Adding [servletConfigInitParams] PropertySource with lowest search precedence
11906 [main] DEBUG o.s.core.env.MutablePropertySources - Adding [servletContextInitParams] PropertySource with lowest search precedence
11906 [main] DEBUG o.s.core.env.MutablePropertySources - Adding [systemProperties] PropertySource with lowest search precedence
11906 [main] DEBUG o.s.core.env.MutablePropertySources - Adding [systemEnvironment] PropertySource with lowest search precedence
11906 [main] DEBUG o.s.core.env.MutablePropertySources - Adding [random] PropertySource with lowest search precedence
11906 [main] DEBUG o.s.core.env.MutablePropertySources - Adding [applicationConfig: [classpath:/application.properties]] PropertySource with lowest search precedence
11906 [main] DEBUG o.s.core.env.MutablePropertySources - Adding [springCloudClientHostInfo] PropertySource with lowest search precedence
11906 [main] DEBUG o.s.core.env.MutablePropertySources - Adding [class path resource [eureka/server.properties]] PropertySource with lowest search precedence
11906 [main] DEBUG o.s.core.env.MutablePropertySources - Adding [defaultProperties] PropertySource with lowest search precedence
11906 [main] DEBUG o.s.core.env.MutablePropertySources - Adding [Management Server] PropertySource with lowest search precedence
11906 [main] DEBUG o.s.core.env.MutablePropertySources - Adding [localProperties] PropertySource with lowest search precedence
11907 [main] DEBUG o.s.b.f.s.DefaultListableBeanFactory - Returning cached instance of singleton bean 'infoEndpoint'
11907 [main] DEBUG o.s.core.env.MutablePropertySources - Adding [servletConfigInitParams] PropertySource with lowest search precedence
11907 [main] DEBUG o.s.core.env.MutablePropertySources - Adding [servletContextInitParams] PropertySource with lowest search precedence
11907 [main] DEBUG o.s.core.env.MutablePropertySources - Adding [systemProperties] PropertySource with lowest search precedence
11908 [main] DEBUG o.s.core.env.MutablePropertySources - Adding [systemEnvironment] PropertySource with lowest search precedence
11908 [main] DEBUG o.s.core.env.MutablePropertySources - Adding [random] PropertySource with lowest search precedence
11908 [main] DEBUG o.s.core.env.MutablePropertySources - Adding [applicationConfig: [classpath:/application.properties]] PropertySource with lowest search precedence
11908 [main] DEBUG o.s.core.env.MutablePropertySources - Adding [springCloudClientHostInfo] PropertySource with lowest search precedence
11908 [main] DEBUG o.s.core.env.MutablePropertySources - Adding [class path resource [eureka/server.properties]] PropertySource with lowest search precedence
11908 [main] DEBUG o.s.core.env.MutablePropertySources - Adding [defaultProperties] PropertySource with lowest search precedence
11908 [main] DEBUG o.s.core.env.MutablePropertySources - Adding [Management Server] PropertySource with lowest search precedence
11908 [main] DEBUG o.s.core.env.MutablePropertySources - Adding [localProperties] PropertySource with lowest search precedence
11909 [main] DEBUG o.s.core.env.MutablePropertySources - Adding [servletConfigInitParams] PropertySource with lowest search precedence
11909 [main] DEBUG o.s.core.env.MutablePropertySources - Adding [servletContextInitParams] PropertySource with lowest search precedence
11909 [main] DEBUG o.s.core.env.MutablePropertySources - Adding [systemProperties] PropertySource with lowest search precedence
11909 [main] DEBUG o.s.core.env.MutablePropertySources - Adding [systemEnvironment] PropertySource with lowest search precedence
11909 [main] DEBUG o.s.core.env.MutablePropertySources - Adding [random] PropertySource with lowest search precedence
11909 [main] DEBUG o.s.core.env.MutablePropertySources - Adding [applicationConfig: [classpath:/application.properties]] PropertySource with lowest search precedence
11909 [main] DEBUG o.s.core.env.MutablePropertySources - Adding [springCloudClientHostInfo] PropertySource with lowest search precedence
11909 [main] DEBUG o.s.core.env.MutablePropertySources - Adding [class path resource [eureka/server.properties]] PropertySource with lowest search precedence
11909 [main] DEBUG o.s.core.env.MutablePropertySources - Adding [defaultProperties] PropertySource with lowest search precedence
11909 [main] DEBUG o.s.core.env.MutablePropertySources - Adding [Management Server] PropertySource with lowest search precedence
11909 [main] DEBUG o.s.core.env.MutablePropertySources - Adding [localProperties] PropertySource with lowest search precedence
11910 [main] DEBUG o.s.b.f.s.DefaultListableBeanFactory - Returning cached instance of singleton bean 'eurekaClientConfigBean'
11914 [main] DEBUG o.s.core.env.MutablePropertySources - Adding [servletConfigInitParams] PropertySource with lowest search precedence
11914 [main] DEBUG o.s.core.env.MutablePropertySources - Adding [servletContextInitParams] PropertySource with lowest search precedence
11914 [main] DEBUG o.s.core.env.MutablePropertySources - Adding [systemProperties] PropertySource with lowest search precedence
11914 [main] DEBUG o.s.core.env.MutablePropertySources - Adding [systemEnvironment] PropertySource with lowest search precedence
11914 [main] DEBUG o.s.core.env.MutablePropertySources - Adding [random] PropertySource with lowest search precedence
11914 [main] DEBUG o.s.core.env.MutablePropertySources - Adding [applicationConfig: [classpath:/application.properties]] PropertySource with lowest search precedence
11914 [main] DEBUG o.s.core.env.MutablePropertySources - Adding [springCloudClientHostInfo] PropertySource with lowest search precedence
11914 [main] DEBUG o.s.core.env.MutablePropertySources - Adding [class path resource [eureka/server.properties]] PropertySource with lowest search precedence
11914 [main] DEBUG o.s.core.env.MutablePropertySources - Adding [defaultProperties] PropertySource with lowest search precedence
11914 [main] DEBUG o.s.core.env.MutablePropertySources - Adding [Management Server] PropertySource with lowest search precedence
11914 [main] DEBUG o.s.core.env.MutablePropertySources - Adding [localProperties] PropertySource with lowest search precedence
11923 [main] DEBUG o.s.core.env.MutablePropertySources - Adding [servletConfigInitParams] PropertySource with lowest search precedence
11923 [main] DEBUG o.s.core.env.MutablePropertySources - Adding [servletContextInitParams] PropertySource with lowest search precedence
11923 [main] DEBUG o.s.core.env.MutablePropertySources - Adding [systemProperties] PropertySource with lowest search precedence
11923 [main] DEBUG o.s.core.env.MutablePropertySources - Adding [systemEnvironment] PropertySource with lowest search precedence
11923 [main] DEBUG o.s.core.env.MutablePropertySources - Adding [random] PropertySource with lowest search precedence
11923 [main] DEBUG o.s.core.env.MutablePropertySources - Adding [applicationConfig: [classpath:/application.properties]] PropertySource with lowest search precedence
11923 [main] DEBUG o.s.core.env.MutablePropertySources - Adding [springCloudClientHostInfo] PropertySource with lowest search precedence
11923 [main] DEBUG o.s.core.env.MutablePropertySources - Adding [class path resource [eureka/server.properties]] PropertySource with lowest search precedence
11923 [main] DEBUG o.s.core.env.MutablePropertySources - Adding [defaultProperties] PropertySource with lowest search precedence
11923 [main] DEBUG o.s.core.env.MutablePropertySources - Adding [Management Server] PropertySource with lowest search precedence
11923 [main] DEBUG o.s.core.env.MutablePropertySources - Adding [localProperties] PropertySource with lowest search precedence
11923 [main] DEBUG o.s.core.env.MutablePropertySources - Adding [servletConfigInitParams] PropertySource with lowest search precedence
11923 [main] DEBUG o.s.core.env.MutablePropertySources - Adding [servletContextInitParams] PropertySource with lowest search precedence
11923 [main] DEBUG o.s.core.env.MutablePropertySources - Adding [systemProperties] PropertySource with lowest search precedence
11924 [main] DEBUG o.s.core.env.MutablePropertySources - Adding [systemEnvironment] PropertySource with lowest search precedence
11924 [main] DEBUG o.s.core.env.MutablePropertySources - Adding [random] PropertySource with lowest search precedence
11924 [main] DEBUG o.s.core.env.MutablePropertySources - Adding [applicationConfig: [classpath:/application.properties]] PropertySource with lowest search precedence
11924 [main] DEBUG o.s.core.env.MutablePropertySources - Adding [springCloudClientHostInfo] PropertySource with lowest search precedence
11924 [main] DEBUG o.s.core.env.MutablePropertySources - Adding [class path resource [eureka/server.properties]] PropertySource with lowest search precedence
11924 [main] DEBUG o.s.core.env.MutablePropertySources - Adding [defaultProperties] PropertySource with lowest search precedence
11924 [main] DEBUG o.s.core.env.MutablePropertySources - Adding [Management Server] PropertySource with lowest search precedence
11924 [main] DEBUG o.s.core.env.MutablePropertySources - Adding [localProperties] PropertySource with lowest search precedence
11924 [main] DEBUG o.s.c.e.PropertySourcesPropertyResolver - Found key 'server.port' in [applicationConfig: [classpath:/application.properties]] with type [String]
11924 [main] DEBUG o.s.c.e.PropertySourcesPropertyResolver - Found key 'eureka.client.serviceUrl.defaultZone' in [applicationConfig: [classpath:/application.properties]] with type [String]
11925 [main] DEBUG o.s.core.env.MutablePropertySources - Adding [servletConfigInitParams] PropertySource with lowest search precedence
11925 [main] DEBUG o.s.core.env.MutablePropertySources - Adding [servletContextInitParams] PropertySource with lowest search precedence
11925 [main] DEBUG o.s.core.env.MutablePropertySources - Adding [systemProperties] PropertySource with lowest search precedence
11925 [main] DEBUG o.s.core.env.MutablePropertySources - Adding [systemEnvironment] PropertySource with lowest search precedence
11925 [main] DEBUG o.s.core.env.MutablePropertySources - Adding [random] PropertySource with lowest search precedence
11925 [main] DEBUG o.s.core.env.MutablePropertySources - Adding [applicationConfig: [classpath:/application.properties]] PropertySource with lowest search precedence
11925 [main] DEBUG o.s.core.env.MutablePropertySources - Adding [springCloudClientHostInfo] PropertySource with lowest search precedence
11925 [main] DEBUG o.s.core.env.MutablePropertySources - Adding [class path resource [eureka/server.properties]] PropertySource with lowest search precedence
11925 [main] DEBUG o.s.core.env.MutablePropertySources - Adding [defaultProperties] PropertySource with lowest search precedence
11925 [main] DEBUG o.s.core.env.MutablePropertySources - Adding [Management Server] PropertySource with lowest search precedence
11925 [main] DEBUG o.s.core.env.MutablePropertySources - Adding [localProperties] PropertySource with lowest search precedence
11925 [main] DEBUG o.s.c.e.PropertySourcesPropertyResolver - Found key 'eureka.client.register-with-eureka' in [applicationConfig: [classpath:/application.properties]] with type [String]
11927 [main] DEBUG o.s.core.env.MutablePropertySources - Adding [servletConfigInitParams] PropertySource with lowest search precedence
11927 [main] DEBUG o.s.core.env.MutablePropertySources - Adding [servletContextInitParams] PropertySource with lowest search precedence
11927 [main] DEBUG o.s.core.env.MutablePropertySources - Adding [systemProperties] PropertySource with lowest search precedence
11927 [main] DEBUG o.s.core.env.MutablePropertySources - Adding [systemEnvironment] PropertySource with lowest search precedence
11927 [main] DEBUG o.s.core.env.MutablePropertySources - Adding [random] PropertySource with lowest search precedence
11927 [main] DEBUG o.s.core.env.MutablePropertySources - Adding [applicationConfig: [classpath:/application.properties]] PropertySource with lowest search precedence
11927 [main] DEBUG o.s.core.env.MutablePropertySources - Adding [springCloudClientHostInfo] PropertySource with lowest search precedence
11927 [main] DEBUG o.s.core.env.MutablePropertySources - Adding [class path resource [eureka/server.properties]] PropertySource with lowest search precedence
11927 [main] DEBUG o.s.core.env.MutablePropertySources - Adding [defaultProperties] PropertySource with lowest search precedence
11927 [main] DEBUG o.s.core.env.MutablePropertySources - Adding [Management Server] PropertySource with lowest search precedence
11927 [main] DEBUG o.s.core.env.MutablePropertySources - Adding [localProperties] PropertySource with lowest search precedence
11927 [main] DEBUG o.s.c.e.PropertySourcesPropertyResolver - Found key 'eureka.client.fetch-registry' in [applicationConfig: [classpath:/application.properties]] with type [String]
11932 [main] DEBUG o.s.core.env.MutablePropertySources - Adding [servletConfigInitParams] PropertySource with lowest search precedence
11932 [main] DEBUG o.s.core.env.MutablePropertySources - Adding [servletContextInitParams] PropertySource with lowest search precedence
11932 [main] DEBUG o.s.core.env.MutablePropertySources - Adding [systemProperties] PropertySource with lowest search precedence
11932 [main] DEBUG o.s.core.env.MutablePropertySources - Adding [systemEnvironment] PropertySource with lowest search precedence
11932 [main] DEBUG o.s.core.env.MutablePropertySources - Adding [random] PropertySource with lowest search precedence
11932 [main] DEBUG o.s.core.env.MutablePropertySources - Adding [applicationConfig: [classpath:/application.properties]] PropertySource with lowest search precedence
11932 [main] DEBUG o.s.core.env.MutablePropertySources - Adding [springCloudClientHostInfo] PropertySource with lowest search precedence
11932 [main] DEBUG o.s.core.env.MutablePropertySources - Adding [class path resource [eureka/server.properties]] PropertySource with lowest search precedence
11932 [main] DEBUG o.s.core.env.MutablePropertySources - Adding [defaultProperties] PropertySource with lowest search precedence
11932 [main] DEBUG o.s.core.env.MutablePropertySources - Adding [Management Server] PropertySource with lowest search precedence
11932 [main] DEBUG o.s.core.env.MutablePropertySources - Adding [localProperties] PropertySource with lowest search precedence
11939 [main] DEBUG o.s.core.env.MutablePropertySources - Adding [servletConfigInitParams] PropertySource with lowest search precedence
11939 [main] DEBUG o.s.core.env.MutablePropertySources - Adding [servletContextInitParams] PropertySource with lowest search precedence
11939 [main] DEBUG o.s.core.env.MutablePropertySources - Adding [systemProperties] PropertySource with lowest search precedence
11939 [main] DEBUG o.s.core.env.MutablePropertySources - Adding [systemEnvironment] PropertySource with lowest search precedence
11939 [main] DEBUG o.s.core.env.MutablePropertySources - Adding [random] PropertySource with lowest search precedence
11939 [main] DEBUG o.s.core.env.MutablePropertySources - Adding [applicationConfig: [classpath:/application.properties]] PropertySource with lowest search precedence
11939 [main] DEBUG o.s.core.env.MutablePropertySources - Adding [springCloudClientHostInfo] PropertySource with lowest search precedence
11939 [main] DEBUG o.s.core.env.MutablePropertySources - Adding [class path resource [eureka/server.properties]] PropertySource with lowest search precedence
11939 [main] DEBUG o.s.core.env.MutablePropertySources - Adding [defaultProperties] PropertySource with lowest search precedence
11939 [main] DEBUG o.s.core.env.MutablePropertySources - Adding [Management Server] PropertySource with lowest search precedence
11939 [main] DEBUG o.s.core.env.MutablePropertySources - Adding [localProperties] PropertySource with lowest search precedence
11939 [main] DEBUG o.s.core.env.MutablePropertySources - Adding [servletConfigInitParams] PropertySource with lowest search precedence
11939 [main] DEBUG o.s.core.env.MutablePropertySources - Adding [servletContextInitParams] PropertySource with lowest search precedence
11939 [main] DEBUG o.s.core.env.MutablePropertySources - Adding [systemProperties] PropertySource with lowest search precedence
11939 [main] DEBUG o.s.core.env.MutablePropertySources - Adding [systemEnvironment] PropertySource with lowest search precedence
11939 [main] DEBUG o.s.core.env.MutablePropertySources - Adding [random] PropertySource with lowest search precedence
11939 [main] DEBUG o.s.core.env.MutablePropertySources - Adding [applicationConfig: [classpath:/application.properties]] PropertySource with lowest search precedence
11939 [main] DEBUG o.s.core.env.MutablePropertySources - Adding [springCloudClientHostInfo] PropertySource with lowest search precedence
11939 [main] DEBUG o.s.core.env.MutablePropertySources - Adding [class path resource [eureka/server.properties]] PropertySource with lowest search precedence
11939 [main] DEBUG o.s.core.env.MutablePropertySources - Adding [defaultProperties] PropertySource with lowest search precedence
11939 [main] DEBUG o.s.core.env.MutablePropertySources - Adding [Management Server] PropertySource with lowest search precedence
11939 [main] DEBUG o.s.core.env.MutablePropertySources - Adding [localProperties] PropertySource with lowest search precedence
11939 [main] DEBUG o.s.c.e.PropertySourcesPropertyResolver - Found key 'server.port' in [applicationConfig: [classpath:/application.properties]] with type [String]
11939 [main] DEBUG o.s.c.e.PropertySourcesPropertyResolver - Found key 'eureka.client.serviceUrl.defaultZone' in [applicationConfig: [classpath:/application.properties]] with type [String]
11940 [main] DEBUG o.s.core.env.MutablePropertySources - Adding [servletConfigInitParams] PropertySource with lowest search precedence
11940 [main] DEBUG o.s.core.env.MutablePropertySources - Adding [servletContextInitParams] PropertySource with lowest search precedence
11940 [main] DEBUG o.s.core.env.MutablePropertySources - Adding [systemProperties] PropertySource with lowest search precedence
11940 [main] DEBUG o.s.core.env.MutablePropertySources - Adding [systemEnvironment] PropertySource with lowest search precedence
11940 [main] DEBUG o.s.core.env.MutablePropertySources - Adding [random] PropertySource with lowest search precedence
11940 [main] DEBUG o.s.core.env.MutablePropertySources - Adding [applicationConfig: [classpath:/application.properties]] PropertySource with lowest search precedence
11940 [main] DEBUG o.s.core.env.MutablePropertySources - Adding [springCloudClientHostInfo] PropertySource with lowest search precedence
11940 [main] DEBUG o.s.core.env.MutablePropertySources - Adding [class path resource [eureka/server.properties]] PropertySource with lowest search precedence
11940 [main] DEBUG o.s.core.env.MutablePropertySources - Adding [defaultProperties] PropertySource with lowest search precedence
11940 [main] DEBUG o.s.core.env.MutablePropertySources - Adding [Management Server] PropertySource with lowest search precedence
11940 [main] DEBUG o.s.core.env.MutablePropertySources - Adding [localProperties] PropertySource with lowest search precedence
11940 [main] DEBUG o.s.c.e.PropertySourcesPropertyResolver - Found key 'eureka.client.register-with-eureka' in [applicationConfig: [classpath:/application.properties]] with type [String]
11941 [main] DEBUG o.s.core.env.MutablePropertySources - Adding [servletConfigInitParams] PropertySource with lowest search precedence
11941 [main] DEBUG o.s.core.env.MutablePropertySources - Adding [servletContextInitParams] PropertySource with lowest search precedence
11941 [main] DEBUG o.s.core.env.MutablePropertySources - Adding [systemProperties] PropertySource with lowest search precedence
11941 [main] DEBUG o.s.core.env.MutablePropertySources - Adding [systemEnvironment] PropertySource with lowest search precedence
11941 [main] DEBUG o.s.core.env.MutablePropertySources - Adding [random] PropertySource with lowest search precedence
11941 [main] DEBUG o.s.core.env.MutablePropertySources - Adding [applicationConfig: [classpath:/application.properties]] PropertySource with lowest search precedence
11941 [main] DEBUG o.s.core.env.MutablePropertySources - Adding [springCloudClientHostInfo] PropertySource with lowest search precedence
11941 [main] DEBUG o.s.core.env.MutablePropertySources - Adding [class path resource [eureka/server.properties]] PropertySource with lowest search precedence
11941 [main] DEBUG o.s.core.env.MutablePropertySources - Adding [defaultProperties] PropertySource with lowest search precedence
11941 [main] DEBUG o.s.core.env.MutablePropertySources - Adding [Management Server] PropertySource with lowest search precedence
11941 [main] DEBUG o.s.core.env.MutablePropertySources - Adding [localProperties] PropertySource with lowest search precedence
11941 [main] DEBUG o.s.c.e.PropertySourcesPropertyResolver - Found key 'eureka.client.fetch-registry' in [applicationConfig: [classpath:/application.properties]] with type [String]
11943 [main] DEBUG o.s.b.f.s.DefaultListableBeanFactory - Returning cached instance of singleton bean 'restartEndpoint'
11943 [main] DEBUG o.s.core.env.MutablePropertySources - Adding [servletConfigInitParams] PropertySource with lowest search precedence
11943 [main] DEBUG o.s.core.env.MutablePropertySources - Adding [servletContextInitParams] PropertySource with lowest search precedence
11943 [main] DEBUG o.s.core.env.MutablePropertySources - Adding [systemProperties] PropertySource with lowest search precedence
11943 [main] DEBUG o.s.core.env.MutablePropertySources - Adding [systemEnvironment] PropertySource with lowest search precedence
11943 [main] DEBUG o.s.core.env.MutablePropertySources - Adding [random] PropertySource with lowest search precedence
11943 [main] DEBUG o.s.core.env.MutablePropertySources - Adding [applicationConfig: [classpath:/application.properties]] PropertySource with lowest search precedence
11943 [main] DEBUG o.s.core.env.MutablePropertySources - Adding [springCloudClientHostInfo] PropertySource with lowest search precedence
11943 [main] DEBUG o.s.core.env.MutablePropertySources - Adding [class path resource [eureka/server.properties]] PropertySource with lowest search precedence
11943 [main] DEBUG o.s.core.env.MutablePropertySources - Adding [defaultProperties] PropertySource with lowest search precedence
11943 [main] DEBUG o.s.core.env.MutablePropertySources - Adding [Management Server] PropertySource with lowest search precedence
11943 [main] DEBUG o.s.core.env.MutablePropertySources - Adding [localProperties] PropertySource with lowest search precedence
11945 [main] DEBUG o.s.core.env.MutablePropertySources - Adding [servletConfigInitParams] PropertySource with lowest search precedence
11945 [main] DEBUG o.s.core.env.MutablePropertySources - Adding [servletContextInitParams] PropertySource with lowest search precedence
11945 [main] DEBUG o.s.core.env.MutablePropertySources - Adding [systemProperties] PropertySource with lowest search precedence
11945 [main] DEBUG o.s.core.env.MutablePropertySources - Adding [systemEnvironment] PropertySource with lowest search precedence
11945 [main] DEBUG o.s.core.env.MutablePropertySources - Adding [random] PropertySource with lowest search precedence
11945 [main] DEBUG o.s.core.env.MutablePropertySources - Adding [applicationConfig: [classpath:/application.properties]] PropertySource with lowest search precedence
11945 [main] DEBUG o.s.core.env.MutablePropertySources - Adding [springCloudClientHostInfo] PropertySource with lowest search precedence
11945 [main] DEBUG o.s.core.env.MutablePropertySources - Adding [class path resource [eureka/server.properties]] PropertySource with lowest search precedence
11945 [main] DEBUG o.s.core.env.MutablePropertySources - Adding [defaultProperties] PropertySource with lowest search precedence
11945 [main] DEBUG o.s.core.env.MutablePropertySources - Adding [Management Server] PropertySource with lowest search precedence
11945 [main] DEBUG o.s.core.env.MutablePropertySources - Adding [localProperties] PropertySource with lowest search precedence
11947 [main] DEBUG o.s.b.f.s.DefaultListableBeanFactory - Returning cached instance of singleton bean 'management.trace-org.springframework.boot.actuate.trace.TraceProperties'
11947 [main] DEBUG o.s.core.env.MutablePropertySources - Adding [servletConfigInitParams] PropertySource with lowest search precedence
11947 [main] DEBUG o.s.core.env.MutablePropertySources - Adding [servletContextInitParams] PropertySource with lowest search precedence
11947 [main] DEBUG o.s.core.env.MutablePropertySources - Adding [systemProperties] PropertySource with lowest search precedence
11947 [main] DEBUG o.s.core.env.MutablePropertySources - Adding [systemEnvironment] PropertySource with lowest search precedence
11947 [main] DEBUG o.s.core.env.MutablePropertySources - Adding [random] PropertySource with lowest search precedence
11947 [main] DEBUG o.s.core.env.MutablePropertySources - Adding [applicationConfig: [classpath:/application.properties]] PropertySource with lowest search precedence
11947 [main] DEBUG o.s.core.env.MutablePropertySources - Adding [springCloudClientHostInfo] PropertySource with lowest search precedence
11947 [main] DEBUG o.s.core.env.MutablePropertySources - Adding [class path resource [eureka/server.properties]] PropertySource with lowest search precedence
11947 [main] DEBUG o.s.core.env.MutablePropertySources - Adding [defaultProperties] PropertySource with lowest search precedence
11947 [main] DEBUG o.s.core.env.MutablePropertySources - Adding [Management Server] PropertySource with lowest search precedence
11947 [main] DEBUG o.s.core.env.MutablePropertySources - Adding [localProperties] PropertySource with lowest search precedence
11947 [main] DEBUG o.s.core.env.MutablePropertySources - Adding [servletConfigInitParams] PropertySource with lowest search precedence
11947 [main] DEBUG o.s.core.env.MutablePropertySources - Adding [servletContextInitParams] PropertySource with lowest search precedence
11947 [main] DEBUG o.s.core.env.MutablePropertySources - Adding [systemProperties] PropertySource with lowest search precedence
11947 [main] DEBUG o.s.core.env.MutablePropertySources - Adding [systemEnvironment] PropertySource with lowest search precedence
11947 [main] DEBUG o.s.core.env.MutablePropertySources - Adding [random] PropertySource with lowest search precedence
11947 [main] DEBUG o.s.core.env.MutablePropertySources - Adding [applicationConfig: [classpath:/application.properties]] PropertySource with lowest search precedence
11947 [main] DEBUG o.s.core.env.MutablePropertySources - Adding [springCloudClientHostInfo] PropertySource with lowest search precedence
11947 [main] DEBUG o.s.core.env.MutablePropertySources - Adding [class path resource [eureka/server.properties]] PropertySource with lowest search precedence
11947 [main] DEBUG o.s.core.env.MutablePropertySources - Adding [defaultProperties] PropertySource with lowest search precedence
11947 [main] DEBUG o.s.core.env.MutablePropertySources - Adding [Management Server] PropertySource with lowest search precedence
11947 [main] DEBUG o.s.core.env.MutablePropertySources - Adding [localProperties] PropertySource with lowest search precedence
11948 [main] DEBUG o.s.b.f.s.DefaultListableBeanFactory - Returning cached instance of singleton bean 'spring.resources-org.springframework.boot.autoconfigure.web.ResourceProperties'
11948 [main] DEBUG o.s.core.env.MutablePropertySources - Adding [servletConfigInitParams] PropertySource with lowest search precedence
11948 [main] DEBUG o.s.core.env.MutablePropertySources - Adding [servletContextInitParams] PropertySource with lowest search precedence
11948 [main] DEBUG o.s.core.env.MutablePropertySources - Adding [systemProperties] PropertySource with lowest search precedence
11948 [main] DEBUG o.s.core.env.MutablePropertySources - Adding [systemEnvironment] PropertySource with lowest search precedence
11948 [main] DEBUG o.s.core.env.MutablePropertySources - Adding [random] PropertySource with lowest search precedence
11948 [main] DEBUG o.s.core.env.MutablePropertySources - Adding [applicationConfig: [classpath:/application.properties]] PropertySource with lowest search precedence
11948 [main] DEBUG o.s.core.env.MutablePropertySources - Adding [springCloudClientHostInfo] PropertySource with lowest search precedence
11948 [main] DEBUG o.s.core.env.MutablePropertySources - Adding [class path resource [eureka/server.properties]] PropertySource with lowest search precedence
11948 [main] DEBUG o.s.core.env.MutablePropertySources - Adding [defaultProperties] PropertySource with lowest search precedence
11948 [main] DEBUG o.s.core.env.MutablePropertySources - Adding [Management Server] PropertySource with lowest search precedence
11948 [main] DEBUG o.s.core.env.MutablePropertySources - Adding [localProperties] PropertySource with lowest search precedence
11949 [main] DEBUG o.s.core.env.MutablePropertySources - Adding [servletConfigInitParams] PropertySource with lowest search precedence
11949 [main] DEBUG o.s.core.env.MutablePropertySources - Adding [servletContextInitParams] PropertySource with lowest search precedence
11949 [main] DEBUG o.s.core.env.MutablePropertySources - Adding [systemProperties] PropertySource with lowest search precedence
11949 [main] DEBUG o.s.core.env.MutablePropertySources - Adding [systemEnvironment] PropertySource with lowest search precedence
11949 [main] DEBUG o.s.core.env.MutablePropertySources - Adding [random] PropertySource with lowest search precedence
11949 [main] DEBUG o.s.core.env.MutablePropertySources - Adding [applicationConfig: [classpath:/application.properties]] PropertySource with lowest search precedence
11949 [main] DEBUG o.s.core.env.MutablePropertySources - Adding [springCloudClientHostInfo] PropertySource with lowest search precedence
11949 [main] DEBUG o.s.core.env.MutablePropertySources - Adding [class path resource [eureka/server.properties]] PropertySource with lowest search precedence
11949 [main] DEBUG o.s.core.env.MutablePropertySources - Adding [defaultProperties] PropertySource with lowest search precedence
11949 [main] DEBUG o.s.core.env.MutablePropertySources - Adding [Management Server] PropertySource with lowest search precedence
11949 [main] DEBUG o.s.core.env.MutablePropertySources - Adding [localProperties] PropertySource with lowest search precedence
11949 [main] DEBUG o.s.b.f.s.DefaultListableBeanFactory - Returning cached instance of singleton bean 'servoMetricsConfig'
11949 [main] DEBUG o.s.core.env.MutablePropertySources - Adding [servletConfigInitParams] PropertySource with lowest search precedence
11949 [main] DEBUG o.s.core.env.MutablePropertySources - Adding [servletContextInitParams] PropertySource with lowest search precedence
11949 [main] DEBUG o.s.core.env.MutablePropertySources - Adding [systemProperties] PropertySource with lowest search precedence
11949 [main] DEBUG o.s.core.env.MutablePropertySources - Adding [systemEnvironment] PropertySource with lowest search precedence
11949 [main] DEBUG o.s.core.env.MutablePropertySources - Adding [random] PropertySource with lowest search precedence
11949 [main] DEBUG o.s.core.env.MutablePropertySources - Adding [applicationConfig: [classpath:/application.properties]] PropertySource with lowest search precedence
11949 [main] DEBUG o.s.core.env.MutablePropertySources - Adding [springCloudClientHostInfo] PropertySource with lowest search precedence
11949 [main] DEBUG o.s.core.env.MutablePropertySources - Adding [class path resource [eureka/server.properties]] PropertySource with lowest search precedence
11949 [main] DEBUG o.s.core.env.MutablePropertySources - Adding [defaultProperties] PropertySource with lowest search precedence
11949 [main] DEBUG o.s.core.env.MutablePropertySources - Adding [Management Server] PropertySource with lowest search precedence
11949 [main] DEBUG o.s.core.env.MutablePropertySources - Adding [localProperties] PropertySource with lowest search precedence
11950 [main] DEBUG o.s.core.env.MutablePropertySources - Adding [servletConfigInitParams] PropertySource with lowest search precedence
11950 [main] DEBUG o.s.core.env.MutablePropertySources - Adding [servletContextInitParams] PropertySource with lowest search precedence
11950 [main] DEBUG o.s.core.env.MutablePropertySources - Adding [systemProperties] PropertySource with lowest search precedence
11950 [main] DEBUG o.s.core.env.MutablePropertySources - Adding [systemEnvironment] PropertySource with lowest search precedence
11950 [main] DEBUG o.s.core.env.MutablePropertySources - Adding [random] PropertySource with lowest search precedence
11951 [main] DEBUG o.s.core.env.MutablePropertySources - Adding [applicationConfig: [classpath:/application.properties]] PropertySource with lowest search precedence
11951 [main] DEBUG o.s.core.env.MutablePropertySources - Adding [springCloudClientHostInfo] PropertySource with lowest search precedence
11951 [main] DEBUG o.s.core.env.MutablePropertySources - Adding [class path resource [eureka/server.properties]] PropertySource with lowest search precedence
11951 [main] DEBUG o.s.core.env.MutablePropertySources - Adding [defaultProperties] PropertySource with lowest search precedence
11951 [main] DEBUG o.s.core.env.MutablePropertySources - Adding [Management Server] PropertySource with lowest search precedence
11951 [main] DEBUG o.s.core.env.MutablePropertySources - Adding [localProperties] PropertySource with lowest search precedence
11951 [main] DEBUG o.s.b.f.s.DefaultListableBeanFactory - Returning cached instance of singleton bean 'management.health.status-org.springframework.boot.actuate.autoconfigure.HealthIndicatorProperties'
11951 [main] DEBUG o.s.core.env.MutablePropertySources - Adding [servletConfigInitParams] PropertySource with lowest search precedence
11951 [main] DEBUG o.s.core.env.MutablePropertySources - Adding [servletContextInitParams] PropertySource with lowest search precedence
11951 [main] DEBUG o.s.core.env.MutablePropertySources - Adding [systemProperties] PropertySource with lowest search precedence
11951 [main] DEBUG o.s.core.env.MutablePropertySources - Adding [systemEnvironment] PropertySource with lowest search precedence
11951 [main] DEBUG o.s.core.env.MutablePropertySources - Adding [random] PropertySource with lowest search precedence
11951 [main] DEBUG o.s.core.env.MutablePropertySources - Adding [applicationConfig: [classpath:/application.properties]] PropertySource with lowest search precedence
11951 [main] DEBUG o.s.core.env.MutablePropertySources - Adding [springCloudClientHostInfo] PropertySource with lowest search precedence
11951 [main] DEBUG o.s.core.env.MutablePropertySources - Adding [class path resource [eureka/server.properties]] PropertySource with lowest search precedence
11951 [main] DEBUG o.s.core.env.MutablePropertySources - Adding [defaultProperties] PropertySource with lowest search precedence
11951 [main] DEBUG o.s.core.env.MutablePropertySources - Adding [Management Server] PropertySource with lowest search precedence
11951 [main] DEBUG o.s.core.env.MutablePropertySources - Adding [localProperties] PropertySource with lowest search precedence
11952 [main] DEBUG o.s.core.env.MutablePropertySources - Adding [servletConfigInitParams] PropertySource with lowest search precedence
11952 [main] DEBUG o.s.core.env.MutablePropertySources - Adding [servletContextInitParams] PropertySource with lowest search precedence
11952 [main] DEBUG o.s.core.env.MutablePropertySources - Adding [systemProperties] PropertySource with lowest search precedence
11952 [main] DEBUG o.s.core.env.MutablePropertySources - Adding [systemEnvironment] PropertySource with lowest search precedence
11952 [main] DEBUG o.s.core.env.MutablePropertySources - Adding [random] PropertySource with lowest search precedence
11952 [main] DEBUG o.s.core.env.MutablePropertySources - Adding [applicationConfig: [classpath:/application.properties]] PropertySource with lowest search precedence
11952 [main] DEBUG o.s.core.env.MutablePropertySources - Adding [springCloudClientHostInfo] PropertySource with lowest search precedence
11952 [main] DEBUG o.s.core.env.MutablePropertySources - Adding [class path resource [eureka/server.properties]] PropertySource with lowest search precedence
11952 [main] DEBUG o.s.core.env.MutablePropertySources - Adding [defaultProperties] PropertySource with lowest search precedence
11952 [main] DEBUG o.s.core.env.MutablePropertySources - Adding [Management Server] PropertySource with lowest search precedence
11952 [main] DEBUG o.s.core.env.MutablePropertySources - Adding [localProperties] PropertySource with lowest search precedence
11952 [main] DEBUG o.s.b.f.s.DefaultListableBeanFactory - Returning cached instance of singleton bean 'healthMvcEndpoint'
11952 [main] DEBUG o.s.core.env.MutablePropertySources - Adding [servletConfigInitParams] PropertySource with lowest search precedence
11952 [main] DEBUG o.s.core.env.MutablePropertySources - Adding [servletContextInitParams] PropertySource with lowest search precedence
11952 [main] DEBUG o.s.core.env.MutablePropertySources - Adding [systemProperties] PropertySource with lowest search precedence
11952 [main] DEBUG o.s.core.env.MutablePropertySources - Adding [systemEnvironment] PropertySource with lowest search precedence
11952 [main] DEBUG o.s.core.env.MutablePropertySources - Adding [random] PropertySource with lowest search precedence
11952 [main] DEBUG o.s.core.env.MutablePropertySources - Adding [applicationConfig: [classpath:/application.properties]] PropertySource with lowest search precedence
11952 [main] DEBUG o.s.core.env.MutablePropertySources - Adding [springCloudClientHostInfo] PropertySource with lowest search precedence
11952 [main] DEBUG o.s.core.env.MutablePropertySources - Adding [class path resource [eureka/server.properties]] PropertySource with lowest search precedence
11952 [main] DEBUG o.s.core.env.MutablePropertySources - Adding [defaultProperties] PropertySource with lowest search precedence
11952 [main] DEBUG o.s.core.env.MutablePropertySources - Adding [Management Server] PropertySource with lowest search precedence
11952 [main] DEBUG o.s.core.env.MutablePropertySources - Adding [localProperties] PropertySource with lowest search precedence
11953 [main] DEBUG o.s.core.env.MutablePropertySources - Adding [servletConfigInitParams] PropertySource with lowest search precedence
11953 [main] DEBUG o.s.core.env.MutablePropertySources - Adding [servletContextInitParams] PropertySource with lowest search precedence
11953 [main] DEBUG o.s.core.env.MutablePropertySources - Adding [systemProperties] PropertySource with lowest search precedence
11953 [main] DEBUG o.s.core.env.MutablePropertySources - Adding [systemEnvironment] PropertySource with lowest search precedence
11953 [main] DEBUG o.s.core.env.MutablePropertySources - Adding [random] PropertySource with lowest search precedence
11953 [main] DEBUG o.s.core.env.MutablePropertySources - Adding [applicationConfig: [classpath:/application.properties]] PropertySource with lowest search precedence
11953 [main] DEBUG o.s.core.env.MutablePropertySources - Adding [springCloudClientHostInfo] PropertySource with lowest search precedence
11953 [main] DEBUG o.s.core.env.MutablePropertySources - Adding [class path resource [eureka/server.properties]] PropertySource with lowest search precedence
11953 [main] DEBUG o.s.core.env.MutablePropertySources - Adding [defaultProperties] PropertySource with lowest search precedence
11953 [main] DEBUG o.s.core.env.MutablePropertySources - Adding [Management Server] PropertySource with lowest search precedence
11953 [main] DEBUG o.s.core.env.MutablePropertySources - Adding [localProperties] PropertySource with lowest search precedence
11955 [main] DEBUG o.s.b.f.s.DefaultListableBeanFactory - Returning cached instance of singleton bean 'serverProperties'
11956 [main] DEBUG o.s.core.env.MutablePropertySources - Adding [servletConfigInitParams] PropertySource with lowest search precedence
11956 [main] DEBUG o.s.core.env.MutablePropertySources - Adding [servletContextInitParams] PropertySource with lowest search precedence
11956 [main] DEBUG o.s.core.env.MutablePropertySources - Adding [systemProperties] PropertySource with lowest search precedence
11956 [main] DEBUG o.s.core.env.MutablePropertySources - Adding [systemEnvironment] PropertySource with lowest search precedence
11956 [main] DEBUG o.s.core.env.MutablePropertySources - Adding [random] PropertySource with lowest search precedence
11956 [main] DEBUG o.s.core.env.MutablePropertySources - Adding [applicationConfig: [classpath:/application.properties]] PropertySource with lowest search precedence
11956 [main] DEBUG o.s.core.env.MutablePropertySources - Adding [springCloudClientHostInfo] PropertySource with lowest search precedence
11956 [main] DEBUG o.s.core.env.MutablePropertySources - Adding [class path resource [eureka/server.properties]] PropertySource with lowest search precedence
11956 [main] DEBUG o.s.core.env.MutablePropertySources - Adding [defaultProperties] PropertySource with lowest search precedence
11956 [main] DEBUG o.s.core.env.MutablePropertySources - Adding [Management Server] PropertySource with lowest search precedence
11956 [main] DEBUG o.s.core.env.MutablePropertySources - Adding [localProperties] PropertySource with lowest search precedence
11957 [main] DEBUG o.s.core.env.MutablePropertySources - Adding [servletConfigInitParams] PropertySource with lowest search precedence
11957 [main] DEBUG o.s.core.env.MutablePropertySources - Adding [servletContextInitParams] PropertySource with lowest search precedence
11957 [main] DEBUG o.s.core.env.MutablePropertySources - Adding [systemProperties] PropertySource with lowest search precedence
11957 [main] DEBUG o.s.core.env.MutablePropertySources - Adding [systemEnvironment] PropertySource with lowest search precedence
11957 [main] DEBUG o.s.core.env.MutablePropertySources - Adding [random] PropertySource with lowest search precedence
11957 [main] DEBUG o.s.core.env.MutablePropertySources - Adding [applicationConfig: [classpath:/application.properties]] PropertySource with lowest search precedence
11957 [main] DEBUG o.s.core.env.MutablePropertySources - Adding [springCloudClientHostInfo] PropertySource with lowest search precedence
11957 [main] DEBUG o.s.core.env.MutablePropertySources - Adding [class path resource [eureka/server.properties]] PropertySource with lowest search precedence
11957 [main] DEBUG o.s.core.env.MutablePropertySources - Adding [defaultProperties] PropertySource with lowest search precedence
11957 [main] DEBUG o.s.core.env.MutablePropertySources - Adding [Management Server] PropertySource with lowest search precedence
11957 [main] DEBUG o.s.core.env.MutablePropertySources - Adding [localProperties] PropertySource with lowest search precedence
11957 [main] DEBUG o.s.c.e.PropertySourcesPropertyResolver - Found key 'server.port' in [applicationConfig: [classpath:/application.properties]] with type [String]
11959 [main] DEBUG o.s.core.env.MutablePropertySources - Adding [servletConfigInitParams] PropertySource with lowest search precedence
11959 [main] DEBUG o.s.core.env.MutablePropertySources - Adding [servletContextInitParams] PropertySource with lowest search precedence
11959 [main] DEBUG o.s.core.env.MutablePropertySources - Adding [systemProperties] PropertySource with lowest search precedence
11959 [main] DEBUG o.s.core.env.MutablePropertySources - Adding [systemEnvironment] PropertySource with lowest search precedence
11959 [main] DEBUG o.s.core.env.MutablePropertySources - Adding [random] PropertySource with lowest search precedence
11959 [main] DEBUG o.s.core.env.MutablePropertySources - Adding [applicationConfig: [classpath:/application.properties]] PropertySource with lowest search precedence
11959 [main] DEBUG o.s.core.env.MutablePropertySources - Adding [springCloudClientHostInfo] PropertySource with lowest search precedence
11959 [main] DEBUG o.s.core.env.MutablePropertySources - Adding [class path resource [eureka/server.properties]] PropertySource with lowest search precedence
11959 [main] DEBUG o.s.core.env.MutablePropertySources - Adding [defaultProperties] PropertySource with lowest search precedence
11959 [main] DEBUG o.s.core.env.MutablePropertySources - Adding [Management Server] PropertySource with lowest search precedence
11959 [main] DEBUG o.s.core.env.MutablePropertySources - Adding [localProperties] PropertySource with lowest search precedence
11960 [main] DEBUG o.s.core.env.MutablePropertySources - Adding [servletConfigInitParams] PropertySource with lowest search precedence
11960 [main] DEBUG o.s.core.env.MutablePropertySources - Adding [servletContextInitParams] PropertySource with lowest search precedence
11960 [main] DEBUG o.s.core.env.MutablePropertySources - Adding [systemProperties] PropertySource with lowest search precedence
11960 [main] DEBUG o.s.core.env.MutablePropertySources - Adding [systemEnvironment] PropertySource with lowest search precedence
11960 [main] DEBUG o.s.core.env.MutablePropertySources - Adding [random] PropertySource with lowest search precedence
11960 [main] DEBUG o.s.core.env.MutablePropertySources - Adding [applicationConfig: [classpath:/application.properties]] PropertySource with lowest search precedence
11960 [main] DEBUG o.s.core.env.MutablePropertySources - Adding [springCloudClientHostInfo] PropertySource with lowest search precedence
11960 [main] DEBUG o.s.core.env.MutablePropertySources - Adding [class path resource [eureka/server.properties]] PropertySource with lowest search precedence
11960 [main] DEBUG o.s.core.env.MutablePropertySources - Adding [defaultProperties] PropertySource with lowest search precedence
11960 [main] DEBUG o.s.core.env.MutablePropertySources - Adding [Management Server] PropertySource with lowest search precedence
11960 [main] DEBUG o.s.core.env.MutablePropertySources - Adding [localProperties] PropertySource with lowest search precedence
11960 [main] DEBUG o.s.c.e.PropertySourcesPropertyResolver - Found key 'server.port' in [applicationConfig: [classpath:/application.properties]] with type [String]
11961 [main] DEBUG o.s.b.f.s.DefaultListableBeanFactory - Returning cached instance of singleton bean 'spring.metrics.export-org.springframework.boot.actuate.metrics.export.MetricExportProperties'
11961 [main] DEBUG o.s.core.env.MutablePropertySources - Adding [servletConfigInitParams] PropertySource with lowest search precedence
11961 [main] DEBUG o.s.core.env.MutablePropertySources - Adding [servletContextInitParams] PropertySource with lowest search precedence
11961 [main] DEBUG o.s.core.env.MutablePropertySources - Adding [systemProperties] PropertySource with lowest search precedence
11961 [main] DEBUG o.s.core.env.MutablePropertySources - Adding [systemEnvironment] PropertySource with lowest search precedence
11961 [main] DEBUG o.s.core.env.MutablePropertySources - Adding [random] PropertySource with lowest search precedence
11961 [main] DEBUG o.s.core.env.MutablePropertySources - Adding [applicationConfig: [classpath:/application.properties]] PropertySource with lowest search precedence
11961 [main] DEBUG o.s.core.env.MutablePropertySources - Adding [springCloudClientHostInfo] PropertySource with lowest search precedence
11961 [main] DEBUG o.s.core.env.MutablePropertySources - Adding [class path resource [eureka/server.properties]] PropertySource with lowest search precedence
11961 [main] DEBUG o.s.core.env.MutablePropertySources - Adding [defaultProperties] PropertySource with lowest search precedence
11961 [main] DEBUG o.s.core.env.MutablePropertySources - Adding [Management Server] PropertySource with lowest search precedence
11961 [main] DEBUG o.s.core.env.MutablePropertySources - Adding [localProperties] PropertySource with lowest search precedence
11962 [main] DEBUG o.s.core.env.MutablePropertySources - Adding [servletConfigInitParams] PropertySource with lowest search precedence
11962 [main] DEBUG o.s.core.env.MutablePropertySources - Adding [servletContextInitParams] PropertySource with lowest search precedence
11962 [main] DEBUG o.s.core.env.MutablePropertySources - Adding [systemProperties] PropertySource with lowest search precedence
11962 [main] DEBUG o.s.core.env.MutablePropertySources - Adding [systemEnvironment] PropertySource with lowest search precedence
11962 [main] DEBUG o.s.core.env.MutablePropertySources - Adding [random] PropertySource with lowest search precedence
11962 [main] DEBUG o.s.core.env.MutablePropertySources - Adding [applicationConfig: [classpath:/application.properties]] PropertySource with lowest search precedence
11962 [main] DEBUG o.s.core.env.MutablePropertySources - Adding [springCloudClientHostInfo] PropertySource with lowest search precedence
11962 [main] DEBUG o.s.core.env.MutablePropertySources - Adding [class path resource [eureka/server.properties]] PropertySource with lowest search precedence
11962 [main] DEBUG o.s.core.env.MutablePropertySources - Adding [defaultProperties] PropertySource with lowest search precedence
11962 [main] DEBUG o.s.core.env.MutablePropertySources - Adding [Management Server] PropertySource with lowest search precedence
11962 [main] DEBUG o.s.core.env.MutablePropertySources - Adding [localProperties] PropertySource with lowest search precedence
11963 [main] DEBUG o.s.c.a.CommonAnnotationBeanPostProcessor - Invoking init method on bean 'spring.metrics.export-org.springframework.boot.actuate.metrics.export.MetricExportProperties': public void org.springframework.boot.actuate.metrics.export.MetricExportProperties.setUpDefaults()
11963 [main] DEBUG o.s.b.f.s.DefaultListableBeanFactory - Returning cached instance of singleton bean 'configurationPropertiesReportEndpoint'
11964 [main] DEBUG o.s.core.env.MutablePropertySources - Adding [servletConfigInitParams] PropertySource with lowest search precedence
11964 [main] DEBUG o.s.core.env.MutablePropertySources - Adding [servletContextInitParams] PropertySource with lowest search precedence
11964 [main] DEBUG o.s.core.env.MutablePropertySources - Adding [systemProperties] PropertySource with lowest search precedence
11964 [main] DEBUG o.s.core.env.MutablePropertySources - Adding [systemEnvironment] PropertySource with lowest search precedence
11964 [main] DEBUG o.s.core.env.MutablePropertySources - Adding [random] PropertySource with lowest search precedence
11964 [main] DEBUG o.s.core.env.MutablePropertySources - Adding [applicationConfig: [classpath:/application.properties]] PropertySource with lowest search precedence
11964 [main] DEBUG o.s.core.env.MutablePropertySources - Adding [springCloudClientHostInfo] PropertySource with lowest search precedence
11964 [main] DEBUG o.s.core.env.MutablePropertySources - Adding [class path resource [eureka/server.properties]] PropertySource with lowest search precedence
11964 [main] DEBUG o.s.core.env.MutablePropertySources - Adding [defaultProperties] PropertySource with lowest search precedence
11964 [main] DEBUG o.s.core.env.MutablePropertySources - Adding [Management Server] PropertySource with lowest search precedence
11964 [main] DEBUG o.s.core.env.MutablePropertySources - Adding [localProperties] PropertySource with lowest search precedence
11965 [main] DEBUG o.s.core.env.MutablePropertySources - Adding [servletConfigInitParams] PropertySource with lowest search precedence
11966 [main] DEBUG o.s.core.env.MutablePropertySources - Adding [servletContextInitParams] PropertySource with lowest search precedence
11966 [main] DEBUG o.s.core.env.MutablePropertySources - Adding [systemProperties] PropertySource with lowest search precedence
11966 [main] DEBUG o.s.core.env.MutablePropertySources - Adding [systemEnvironment] PropertySource with lowest search precedence
11966 [main] DEBUG o.s.core.env.MutablePropertySources - Adding [random] PropertySource with lowest search precedence
11966 [main] DEBUG o.s.core.env.MutablePropertySources - Adding [applicationConfig: [classpath:/application.properties]] PropertySource with lowest search precedence
11966 [main] DEBUG o.s.core.env.MutablePropertySources - Adding [springCloudClientHostInfo] PropertySource with lowest search precedence
11966 [main] DEBUG o.s.core.env.MutablePropertySources - Adding [class path resource [eureka/server.properties]] PropertySource with lowest search precedence
11966 [main] DEBUG o.s.core.env.MutablePropertySources - Adding [defaultProperties] PropertySource with lowest search precedence
11966 [main] DEBUG o.s.core.env.MutablePropertySources - Adding [Management Server] PropertySource with lowest search precedence
11966 [main] DEBUG o.s.core.env.MutablePropertySources - Adding [localProperties] PropertySource with lowest search precedence
11967 [main] DEBUG o.s.b.f.s.DefaultListableBeanFactory - Returning cached instance of singleton bean 'eurekaServerConfig'
11972 [main] DEBUG o.s.core.env.MutablePropertySources - Adding [servletConfigInitParams] PropertySource with lowest search precedence
11972 [main] DEBUG o.s.core.env.MutablePropertySources - Adding [servletContextInitParams] PropertySource with lowest search precedence
11972 [main] DEBUG o.s.core.env.MutablePropertySources - Adding [systemProperties] PropertySource with lowest search precedence
11972 [main] DEBUG o.s.core.env.MutablePropertySources - Adding [systemEnvironment] PropertySource with lowest search precedence
11972 [main] DEBUG o.s.core.env.MutablePropertySources - Adding [random] PropertySource with lowest search precedence
11972 [main] DEBUG o.s.core.env.MutablePropertySources - Adding [applicationConfig: [classpath:/application.properties]] PropertySource with lowest search precedence
11972 [main] DEBUG o.s.core.env.MutablePropertySources - Adding [springCloudClientHostInfo] PropertySource with lowest search precedence
11972 [main] DEBUG o.s.core.env.MutablePropertySources - Adding [class path resource [eureka/server.properties]] PropertySource with lowest search precedence
11972 [main] DEBUG o.s.core.env.MutablePropertySources - Adding [defaultProperties] PropertySource with lowest search precedence
11972 [main] DEBUG o.s.core.env.MutablePropertySources - Adding [Management Server] PropertySource with lowest search precedence
11972 [main] DEBUG o.s.core.env.MutablePropertySources - Adding [localProperties] PropertySource with lowest search precedence
11980 [main] DEBUG o.s.core.env.MutablePropertySources - Adding [servletConfigInitParams] PropertySource with lowest search precedence
11980 [main] DEBUG o.s.core.env.MutablePropertySources - Adding [servletContextInitParams] PropertySource with lowest search precedence
11980 [main] DEBUG o.s.core.env.MutablePropertySources - Adding [systemProperties] PropertySource with lowest search precedence
11980 [main] DEBUG o.s.core.env.MutablePropertySources - Adding [systemEnvironment] PropertySource with lowest search precedence
11980 [main] DEBUG o.s.core.env.MutablePropertySources - Adding [random] PropertySource with lowest search precedence
11980 [main] DEBUG o.s.core.env.MutablePropertySources - Adding [applicationConfig: [classpath:/application.properties]] PropertySource with lowest search precedence
11980 [main] DEBUG o.s.core.env.MutablePropertySources - Adding [springCloudClientHostInfo] PropertySource with lowest search precedence
11980 [main] DEBUG o.s.core.env.MutablePropertySources - Adding [class path resource [eureka/server.properties]] PropertySource with lowest search precedence
11980 [main] DEBUG o.s.core.env.MutablePropertySources - Adding [defaultProperties] PropertySource with lowest search precedence
11980 [main] DEBUG o.s.core.env.MutablePropertySources - Adding [Management Server] PropertySource with lowest search precedence
11980 [main] DEBUG o.s.core.env.MutablePropertySources - Adding [localProperties] PropertySource with lowest search precedence
11980 [main] DEBUG o.s.c.e.PropertySourcesPropertyResolver - Found key 'eureka.server.enable-self-preservation' in [applicationConfig: [classpath:/application.properties]] with type [String]
11981 [main] DEBUG o.s.core.env.MutablePropertySources - Adding [servletConfigInitParams] PropertySource with lowest search precedence
11981 [main] DEBUG o.s.core.env.MutablePropertySources - Adding [servletContextInitParams] PropertySource with lowest search precedence
11981 [main] DEBUG o.s.core.env.MutablePropertySources - Adding [systemProperties] PropertySource with lowest search precedence
11981 [main] DEBUG o.s.core.env.MutablePropertySources - Adding [systemEnvironment] PropertySource with lowest search precedence
11981 [main] DEBUG o.s.core.env.MutablePropertySources - Adding [random] PropertySource with lowest search precedence
11981 [main] DEBUG o.s.core.env.MutablePropertySources - Adding [applicationConfig: [classpath:/application.properties]] PropertySource with lowest search precedence
11981 [main] DEBUG o.s.core.env.MutablePropertySources - Adding [springCloudClientHostInfo] PropertySource with lowest search precedence
11981 [main] DEBUG o.s.core.env.MutablePropertySources - Adding [class path resource [eureka/server.properties]] PropertySource with lowest search precedence
11982 [main] DEBUG o.s.core.env.MutablePropertySources - Adding [defaultProperties] PropertySource with lowest search precedence
11982 [main] DEBUG o.s.core.env.MutablePropertySources - Adding [Management Server] PropertySource with lowest search precedence
11982 [main] DEBUG o.s.core.env.MutablePropertySources - Adding [localProperties] PropertySource with lowest search precedence
11982 [main] DEBUG o.s.c.e.PropertySourcesPropertyResolver - Found key 'eureka.server.eviction-interval-timer-in-ms' in [applicationConfig: [classpath:/application.properties]] with type [String]
11990 [main] DEBUG o.s.core.env.MutablePropertySources - Adding [servletConfigInitParams] PropertySource with lowest search precedence
11990 [main] DEBUG o.s.core.env.MutablePropertySources - Adding [servletContextInitParams] PropertySource with lowest search precedence
11990 [main] DEBUG o.s.core.env.MutablePropertySources - Adding [systemProperties] PropertySource with lowest search precedence
11990 [main] DEBUG o.s.core.env.MutablePropertySources - Adding [systemEnvironment] PropertySource with lowest search precedence
11990 [main] DEBUG o.s.core.env.MutablePropertySources - Adding [random] PropertySource with lowest search precedence
11990 [main] DEBUG o.s.core.env.MutablePropertySources - Adding [applicationConfig: [classpath:/application.properties]] PropertySource with lowest search precedence
11990 [main] DEBUG o.s.core.env.MutablePropertySources - Adding [springCloudClientHostInfo] PropertySource with lowest search precedence
11990 [main] DEBUG o.s.core.env.MutablePropertySources - Adding [class path resource [eureka/server.properties]] PropertySource with lowest search precedence
11990 [main] DEBUG o.s.core.env.MutablePropertySources - Adding [defaultProperties] PropertySource with lowest search precedence
11990 [main] DEBUG o.s.core.env.MutablePropertySources - Adding [Management Server] PropertySource with lowest search precedence
11990 [main] DEBUG o.s.core.env.MutablePropertySources - Adding [localProperties] PropertySource with lowest search precedence
12002 [main] DEBUG o.s.core.env.MutablePropertySources - Adding [servletConfigInitParams] PropertySource with lowest search precedence
12002 [main] DEBUG o.s.core.env.MutablePropertySources - Adding [servletContextInitParams] PropertySource with lowest search precedence
12002 [main] DEBUG o.s.core.env.MutablePropertySources - Adding [systemProperties] PropertySource with lowest search precedence
12002 [main] DEBUG o.s.core.env.MutablePropertySources - Adding [systemEnvironment] PropertySource with lowest search precedence
12002 [main] DEBUG o.s.core.env.MutablePropertySources - Adding [random] PropertySource with lowest search precedence
12002 [main] DEBUG o.s.core.env.MutablePropertySources - Adding [applicationConfig: [classpath:/application.properties]] PropertySource with lowest search precedence
12002 [main] DEBUG o.s.core.env.MutablePropertySources - Adding [springCloudClientHostInfo] PropertySource with lowest search precedence
12002 [main] DEBUG o.s.core.env.MutablePropertySources - Adding [class path resource [eureka/server.properties]] PropertySource with lowest search precedence
12002 [main] DEBUG o.s.core.env.MutablePropertySources - Adding [defaultProperties] PropertySource with lowest search precedence
12002 [main] DEBUG o.s.core.env.MutablePropertySources - Adding [Management Server] PropertySource with lowest search precedence
12002 [main] DEBUG o.s.core.env.MutablePropertySources - Adding [localProperties] PropertySource with lowest search precedence
12002 [main] DEBUG o.s.c.e.PropertySourcesPropertyResolver - Found key 'eureka.server.enable-self-preservation' in [applicationConfig: [classpath:/application.properties]] with type [String]
12004 [main] DEBUG o.s.core.env.MutablePropertySources - Adding [servletConfigInitParams] PropertySource with lowest search precedence
12004 [main] DEBUG o.s.core.env.MutablePropertySources - Adding [servletContextInitParams] PropertySource with lowest search precedence
12004 [main] DEBUG o.s.core.env.MutablePropertySources - Adding [systemProperties] PropertySource with lowest search precedence
12004 [main] DEBUG o.s.core.env.MutablePropertySources - Adding [systemEnvironment] PropertySource with lowest search precedence
12004 [main] DEBUG o.s.core.env.MutablePropertySources - Adding [random] PropertySource with lowest search precedence
12004 [main] DEBUG o.s.core.env.MutablePropertySources - Adding [applicationConfig: [classpath:/application.properties]] PropertySource with lowest search precedence
12004 [main] DEBUG o.s.core.env.MutablePropertySources - Adding [springCloudClientHostInfo] PropertySource with lowest search precedence
12004 [main] DEBUG o.s.core.env.MutablePropertySources - Adding [class path resource [eureka/server.properties]] PropertySource with lowest search precedence
12004 [main] DEBUG o.s.core.env.MutablePropertySources - Adding [defaultProperties] PropertySource with lowest search precedence
12004 [main] DEBUG o.s.core.env.MutablePropertySources - Adding [Management Server] PropertySource with lowest search precedence
12004 [main] DEBUG o.s.core.env.MutablePropertySources - Adding [localProperties] PropertySource with lowest search precedence
12004 [main] DEBUG o.s.c.e.PropertySourcesPropertyResolver - Found key 'eureka.server.eviction-interval-timer-in-ms' in [applicationConfig: [classpath:/application.properties]] with type [String]
12007 [main] DEBUG o.s.b.f.s.DefaultListableBeanFactory - Returning cached instance of singleton bean 'healthEndpoint'
12007 [main] DEBUG o.s.core.env.MutablePropertySources - Adding [servletConfigInitParams] PropertySource with lowest search precedence
12007 [main] DEBUG o.s.core.env.MutablePropertySources - Adding [servletContextInitParams] PropertySource with lowest search precedence
12007 [main] DEBUG o.s.core.env.MutablePropertySources - Adding [systemProperties] PropertySource with lowest search precedence
12007 [main] DEBUG o.s.core.env.MutablePropertySources - Adding [systemEnvironment] PropertySource with lowest search precedence
12007 [main] DEBUG o.s.core.env.MutablePropertySources - Adding [random] PropertySource with lowest search precedence
12007 [main] DEBUG o.s.core.env.MutablePropertySources - Adding [applicationConfig: [classpath:/application.properties]] PropertySource with lowest search precedence
12007 [main] DEBUG o.s.core.env.MutablePropertySources - Adding [springCloudClientHostInfo] PropertySource with lowest search precedence
12007 [main] DEBUG o.s.core.env.MutablePropertySources - Adding [class path resource [eureka/server.properties]] PropertySource with lowest search precedence
12007 [main] DEBUG o.s.core.env.MutablePropertySources - Adding [defaultProperties] PropertySource with lowest search precedence
12007 [main] DEBUG o.s.core.env.MutablePropertySources - Adding [Management Server] PropertySource with lowest search precedence
12007 [main] DEBUG o.s.core.env.MutablePropertySources - Adding [localProperties] PropertySource with lowest search precedence
12008 [main] DEBUG o.s.core.env.MutablePropertySources - Adding [servletConfigInitParams] PropertySource with lowest search precedence
12008 [main] DEBUG o.s.core.env.MutablePropertySources - Adding [servletContextInitParams] PropertySource with lowest search precedence
12008 [main] DEBUG o.s.core.env.MutablePropertySources - Adding [systemProperties] PropertySource with lowest search precedence
12008 [main] DEBUG o.s.core.env.MutablePropertySources - Adding [systemEnvironment] PropertySource with lowest search precedence
12008 [main] DEBUG o.s.core.env.MutablePropertySources - Adding [random] PropertySource with lowest search precedence
12008 [main] DEBUG o.s.core.env.MutablePropertySources - Adding [applicationConfig: [classpath:/application.properties]] PropertySource with lowest search precedence
12008 [main] DEBUG o.s.core.env.MutablePropertySources - Adding [springCloudClientHostInfo] PropertySource with lowest search precedence
12008 [main] DEBUG o.s.core.env.MutablePropertySources - Adding [class path resource [eureka/server.properties]] PropertySource with lowest search precedence
12008 [main] DEBUG o.s.core.env.MutablePropertySources - Adding [defaultProperties] PropertySource with lowest search precedence
12008 [main] DEBUG o.s.core.env.MutablePropertySources - Adding [Management Server] PropertySource with lowest search precedence
12008 [main] DEBUG o.s.core.env.MutablePropertySources - Adding [localProperties] PropertySource with lowest search precedence
12009 [main] DEBUG o.s.b.f.s.DefaultListableBeanFactory - Returning cached instance of singleton bean 'spring.cloud.config-org.springframework.cloud.bootstrap.config.PropertySourceBootstrapProperties'
12010 [main] DEBUG o.s.core.env.MutablePropertySources - Adding [servletConfigInitParams] PropertySource with lowest search precedence
12010 [main] DEBUG o.s.core.env.MutablePropertySources - Adding [servletContextInitParams] PropertySource with lowest search precedence
12010 [main] DEBUG o.s.core.env.MutablePropertySources - Adding [systemProperties] PropertySource with lowest search precedence
12010 [main] DEBUG o.s.core.env.MutablePropertySources - Adding [systemEnvironment] PropertySource with lowest search precedence
12010 [main] DEBUG o.s.core.env.MutablePropertySources - Adding [random] PropertySource with lowest search precedence
12010 [main] DEBUG o.s.core.env.MutablePropertySources - Adding [applicationConfig: [classpath:/application.properties]] PropertySource with lowest search precedence
12010 [main] DEBUG o.s.core.env.MutablePropertySources - Adding [springCloudClientHostInfo] PropertySource with lowest search precedence
12010 [main] DEBUG o.s.core.env.MutablePropertySources - Adding [class path resource [eureka/server.properties]] PropertySource with lowest search precedence
12010 [main] DEBUG o.s.core.env.MutablePropertySources - Adding [defaultProperties] PropertySource with lowest search precedence
12010 [main] DEBUG o.s.core.env.MutablePropertySources - Adding [Management Server] PropertySource with lowest search precedence
12010 [main] DEBUG o.s.core.env.MutablePropertySources - Adding [localProperties] PropertySource with lowest search precedence
12012 [main] DEBUG o.s.core.env.MutablePropertySources - Adding [servletConfigInitParams] PropertySource with lowest search precedence
12012 [main] DEBUG o.s.core.env.MutablePropertySources - Adding [servletContextInitParams] PropertySource with lowest search precedence
12012 [main] DEBUG o.s.core.env.MutablePropertySources - Adding [systemProperties] PropertySource with lowest search precedence
12012 [main] DEBUG o.s.core.env.MutablePropertySources - Adding [systemEnvironment] PropertySource with lowest search precedence
12012 [main] DEBUG o.s.core.env.MutablePropertySources - Adding [random] PropertySource with lowest search precedence
12012 [main] DEBUG o.s.core.env.MutablePropertySources - Adding [applicationConfig: [classpath:/application.properties]] PropertySource with lowest search precedence
12012 [main] DEBUG o.s.core.env.MutablePropertySources - Adding [springCloudClientHostInfo] PropertySource with lowest search precedence
12012 [main] DEBUG o.s.core.env.MutablePropertySources - Adding [class path resource [eureka/server.properties]] PropertySource with lowest search precedence
12012 [main] DEBUG o.s.core.env.MutablePropertySources - Adding [defaultProperties] PropertySource with lowest search precedence
12012 [main] DEBUG o.s.core.env.MutablePropertySources - Adding [Management Server] PropertySource with lowest search precedence
12012 [main] DEBUG o.s.core.env.MutablePropertySources - Adding [localProperties] PropertySource with lowest search precedence
12013 [main] DEBUG o.s.b.f.s.DefaultListableBeanFactory - Returning cached instance of singleton bean 'endpoints.metrics.filter-org.springframework.boot.actuate.autoconfigure.MetricFilterProperties'
12013 [main] DEBUG o.s.core.env.MutablePropertySources - Adding [servletConfigInitParams] PropertySource with lowest search precedence
12013 [main] DEBUG o.s.core.env.MutablePropertySources - Adding [servletContextInitParams] PropertySource with lowest search precedence
12013 [main] DEBUG o.s.core.env.MutablePropertySources - Adding [systemProperties] PropertySource with lowest search precedence
12013 [main] DEBUG o.s.core.env.MutablePropertySources - Adding [systemEnvironment] PropertySource with lowest search precedence
12013 [main] DEBUG o.s.core.env.MutablePropertySources - Adding [random] PropertySource with lowest search precedence
12013 [main] DEBUG o.s.core.env.MutablePropertySources - Adding [applicationConfig: [classpath:/application.properties]] PropertySource with lowest search precedence
12013 [main] DEBUG o.s.core.env.MutablePropertySources - Adding [springCloudClientHostInfo] PropertySource with lowest search precedence
12013 [main] DEBUG o.s.core.env.MutablePropertySources - Adding [class path resource [eureka/server.properties]] PropertySource with lowest search precedence
12013 [main] DEBUG o.s.core.env.MutablePropertySources - Adding [defaultProperties] PropertySource with lowest search precedence
12013 [main] DEBUG o.s.core.env.MutablePropertySources - Adding [Management Server] PropertySource with lowest search precedence
12013 [main] DEBUG o.s.core.env.MutablePropertySources - Adding [localProperties] PropertySource with lowest search precedence
12014 [main] DEBUG o.s.core.env.MutablePropertySources - Adding [servletConfigInitParams] PropertySource with lowest search precedence
12014 [main] DEBUG o.s.core.env.MutablePropertySources - Adding [servletContextInitParams] PropertySource with lowest search precedence
12014 [main] DEBUG o.s.core.env.MutablePropertySources - Adding [systemProperties] PropertySource with lowest search precedence
12014 [main] DEBUG o.s.core.env.MutablePropertySources - Adding [systemEnvironment] PropertySource with lowest search precedence
12014 [main] DEBUG o.s.core.env.MutablePropertySources - Adding [random] PropertySource with lowest search precedence
12014 [main] DEBUG o.s.core.env.MutablePropertySources - Adding [applicationConfig: [classpath:/application.properties]] PropertySource with lowest search precedence
12014 [main] DEBUG o.s.core.env.MutablePropertySources - Adding [springCloudClientHostInfo] PropertySource with lowest search precedence
12014 [main] DEBUG o.s.core.env.MutablePropertySources - Adding [class path resource [eureka/server.properties]] PropertySource with lowest search precedence
12014 [main] DEBUG o.s.core.env.MutablePropertySources - Adding [defaultProperties] PropertySource with lowest search precedence
12014 [main] DEBUG o.s.core.env.MutablePropertySources - Adding [Management Server] PropertySource with lowest search precedence
12014 [main] DEBUG o.s.core.env.MutablePropertySources - Adding [localProperties] PropertySource with lowest search precedence
12015 [main] DEBUG o.s.b.f.s.DefaultListableBeanFactory - Returning cached instance of singleton bean 'eureka.dashboard-org.springframework.cloud.netflix.eureka.server.EurekaDashboardProperties'
12015 [main] DEBUG o.s.core.env.MutablePropertySources - Adding [servletConfigInitParams] PropertySource with lowest search precedence
12015 [main] DEBUG o.s.core.env.MutablePropertySources - Adding [servletContextInitParams] PropertySource with lowest search precedence
12015 [main] DEBUG o.s.core.env.MutablePropertySources - Adding [systemProperties] PropertySource with lowest search precedence
12015 [main] DEBUG o.s.core.env.MutablePropertySources - Adding [systemEnvironment] PropertySource with lowest search precedence
12015 [main] DEBUG o.s.core.env.MutablePropertySources - Adding [random] PropertySource with lowest search precedence
12015 [main] DEBUG o.s.core.env.MutablePropertySources - Adding [applicationConfig: [classpath:/application.properties]] PropertySource with lowest search precedence
12015 [main] DEBUG o.s.core.env.MutablePropertySources - Adding [springCloudClientHostInfo] PropertySource with lowest search precedence
12015 [main] DEBUG o.s.core.env.MutablePropertySources - Adding [class path resource [eureka/server.properties]] PropertySource with lowest search precedence
12015 [main] DEBUG o.s.core.env.MutablePropertySources - Adding [defaultProperties] PropertySource with lowest search precedence
12015 [main] DEBUG o.s.core.env.MutablePropertySources - Adding [Management Server] PropertySource with lowest search precedence
12015 [main] DEBUG o.s.core.env.MutablePropertySources - Adding [localProperties] PropertySource with lowest search precedence
12016 [main] DEBUG o.s.core.env.MutablePropertySources - Adding [servletConfigInitParams] PropertySource with lowest search precedence
12016 [main] DEBUG o.s.core.env.MutablePropertySources - Adding [servletContextInitParams] PropertySource with lowest search precedence
12016 [main] DEBUG o.s.core.env.MutablePropertySources - Adding [systemProperties] PropertySource with lowest search precedence
12016 [main] DEBUG o.s.core.env.MutablePropertySources - Adding [systemEnvironment] PropertySource with lowest search precedence
12016 [main] DEBUG o.s.core.env.MutablePropertySources - Adding [random] PropertySource with lowest search precedence
12016 [main] DEBUG o.s.core.env.MutablePropertySources - Adding [applicationConfig: [classpath:/application.properties]] PropertySource with lowest search precedence
12016 [main] DEBUG o.s.core.env.MutablePropertySources - Adding [springCloudClientHostInfo] PropertySource with lowest search precedence
12016 [main] DEBUG o.s.core.env.MutablePropertySources - Adding [class path resource [eureka/server.properties]] PropertySource with lowest search precedence
12016 [main] DEBUG o.s.core.env.MutablePropertySources - Adding [defaultProperties] PropertySource with lowest search precedence
12016 [main] DEBUG o.s.core.env.MutablePropertySources - Adding [Management Server] PropertySource with lowest search precedence
12016 [main] DEBUG o.s.core.env.MutablePropertySources - Adding [localProperties] PropertySource with lowest search precedence
12016 [main] DEBUG o.s.b.f.s.DefaultListableBeanFactory - Returning cached instance of singleton bean 'eurekaInstanceConfigBean'
12018 [main] DEBUG o.s.core.env.MutablePropertySources - Adding [servletConfigInitParams] PropertySource with lowest search precedence
12018 [main] DEBUG o.s.core.env.MutablePropertySources - Adding [servletContextInitParams] PropertySource with lowest search precedence
12018 [main] DEBUG o.s.core.env.MutablePropertySources - Adding [systemProperties] PropertySource with lowest search precedence
12018 [main] DEBUG o.s.core.env.MutablePropertySources - Adding [systemEnvironment] PropertySource with lowest search precedence
12018 [main] DEBUG o.s.core.env.MutablePropertySources - Adding [random] PropertySource with lowest search precedence
12018 [main] DEBUG o.s.core.env.MutablePropertySources - Adding [applicationConfig: [classpath:/application.properties]] PropertySource with lowest search precedence
12018 [main] DEBUG o.s.core.env.MutablePropertySources - Adding [springCloudClientHostInfo] PropertySource with lowest search precedence
12018 [main] DEBUG o.s.core.env.MutablePropertySources - Adding [class path resource [eureka/server.properties]] PropertySource with lowest search precedence
12018 [main] DEBUG o.s.core.env.MutablePropertySources - Adding [defaultProperties] PropertySource with lowest search precedence
12018 [main] DEBUG o.s.core.env.MutablePropertySources - Adding [Management Server] PropertySource with lowest search precedence
12018 [main] DEBUG o.s.core.env.MutablePropertySources - Adding [localProperties] PropertySource with lowest search precedence
12027 [main] DEBUG o.s.core.env.MutablePropertySources - Adding [servletConfigInitParams] PropertySource with lowest search precedence
12027 [main] DEBUG o.s.core.env.MutablePropertySources - Adding [servletContextInitParams] PropertySource with lowest search precedence
12027 [main] DEBUG o.s.core.env.MutablePropertySources - Adding [systemProperties] PropertySource with lowest search precedence
12027 [main] DEBUG o.s.core.env.MutablePropertySources - Adding [systemEnvironment] PropertySource with lowest search precedence
12027 [main] DEBUG o.s.core.env.MutablePropertySources - Adding [random] PropertySource with lowest search precedence
12027 [main] DEBUG o.s.core.env.MutablePropertySources - Adding [applicationConfig: [classpath:/application.properties]] PropertySource with lowest search precedence
12027 [main] DEBUG o.s.core.env.MutablePropertySources - Adding [springCloudClientHostInfo] PropertySource with lowest search precedence
12027 [main] DEBUG o.s.core.env.MutablePropertySources - Adding [class path resource [eureka/server.properties]] PropertySource with lowest search precedence
12027 [main] DEBUG o.s.core.env.MutablePropertySources - Adding [defaultProperties] PropertySource with lowest search precedence
12027 [main] DEBUG o.s.core.env.MutablePropertySources - Adding [Management Server] PropertySource with lowest search precedence
12027 [main] DEBUG o.s.core.env.MutablePropertySources - Adding [localProperties] PropertySource with lowest search precedence
12034 [main] DEBUG o.s.b.f.s.DefaultListableBeanFactory - Returning cached instance of singleton bean 'dumpEndpoint'
12035 [main] DEBUG o.s.core.env.MutablePropertySources - Adding [servletConfigInitParams] PropertySource with lowest search precedence
12035 [main] DEBUG o.s.core.env.MutablePropertySources - Adding [servletContextInitParams] PropertySource with lowest search precedence
12035 [main] DEBUG o.s.core.env.MutablePropertySources - Adding [systemProperties] PropertySource with lowest search precedence
12035 [main] DEBUG o.s.core.env.MutablePropertySources - Adding [systemEnvironment] PropertySource with lowest search precedence
12035 [main] DEBUG o.s.core.env.MutablePropertySources - Adding [random] PropertySource with lowest search precedence
12035 [main] DEBUG o.s.core.env.MutablePropertySources - Adding [applicationConfig: [classpath:/application.properties]] PropertySource with lowest search precedence
12035 [main] DEBUG o.s.core.env.MutablePropertySources - Adding [springCloudClientHostInfo] PropertySource with lowest search precedence
12035 [main] DEBUG o.s.core.env.MutablePropertySources - Adding [class path resource [eureka/server.properties]] PropertySource with lowest search precedence
12035 [main] DEBUG o.s.core.env.MutablePropertySources - Adding [defaultProperties] PropertySource with lowest search precedence
12035 [main] DEBUG o.s.core.env.MutablePropertySources - Adding [Management Server] PropertySource with lowest search precedence
12035 [main] DEBUG o.s.core.env.MutablePropertySources - Adding [localProperties] PropertySource with lowest search precedence
12036 [main] DEBUG o.s.core.env.MutablePropertySources - Adding [servletConfigInitParams] PropertySource with lowest search precedence
12036 [main] DEBUG o.s.core.env.MutablePropertySources - Adding [servletContextInitParams] PropertySource with lowest search precedence
12036 [main] DEBUG o.s.core.env.MutablePropertySources - Adding [systemProperties] PropertySource with lowest search precedence
12036 [main] DEBUG o.s.core.env.MutablePropertySources - Adding [systemEnvironment] PropertySource with lowest search precedence
12036 [main] DEBUG o.s.core.env.MutablePropertySources - Adding [random] PropertySource with lowest search precedence
12036 [main] DEBUG o.s.core.env.MutablePropertySources - Adding [applicationConfig: [classpath:/application.properties]] PropertySource with lowest search precedence
12036 [main] DEBUG o.s.core.env.MutablePropertySources - Adding [springCloudClientHostInfo] PropertySource with lowest search precedence
12036 [main] DEBUG o.s.core.env.MutablePropertySources - Adding [class path resource [eureka/server.properties]] PropertySource with lowest search precedence
12036 [main] DEBUG o.s.core.env.MutablePropertySources - Adding [defaultProperties] PropertySource with lowest search precedence
12036 [main] DEBUG o.s.core.env.MutablePropertySources - Adding [Management Server] PropertySource with lowest search precedence
12036 [main] DEBUG o.s.core.env.MutablePropertySources - Adding [localProperties] PropertySource with lowest search precedence
12037 [main] DEBUG o.s.b.f.s.DefaultListableBeanFactory - Returning cached instance of singleton bean 'autoConfigurationReportEndpoint'
12037 [main] DEBUG o.s.core.env.MutablePropertySources - Adding [servletConfigInitParams] PropertySource with lowest search precedence
12037 [main] DEBUG o.s.core.env.MutablePropertySources - Adding [servletContextInitParams] PropertySource with lowest search precedence
12037 [main] DEBUG o.s.core.env.MutablePropertySources - Adding [systemProperties] PropertySource with lowest search precedence
12037 [main] DEBUG o.s.core.env.MutablePropertySources - Adding [systemEnvironment] PropertySource with lowest search precedence
12037 [main] DEBUG o.s.core.env.MutablePropertySources - Adding [random] PropertySource with lowest search precedence
12037 [main] DEBUG o.s.core.env.MutablePropertySources - Adding [applicationConfig: [classpath:/application.properties]] PropertySource with lowest search precedence
12037 [main] DEBUG o.s.core.env.MutablePropertySources - Adding [springCloudClientHostInfo] PropertySource with lowest search precedence
12037 [main] DEBUG o.s.core.env.MutablePropertySources - Adding [class path resource [eureka/server.properties]] PropertySource with lowest search precedence
12037 [main] DEBUG o.s.core.env.MutablePropertySources - Adding [defaultProperties] PropertySource with lowest search precedence
12037 [main] DEBUG o.s.core.env.MutablePropertySources - Adding [Management Server] PropertySource with lowest search precedence
12037 [main] DEBUG o.s.core.env.MutablePropertySources - Adding [localProperties] PropertySource with lowest search precedence
12038 [main] DEBUG o.s.core.env.MutablePropertySources - Adding [servletConfigInitParams] PropertySource with lowest search precedence
12038 [main] DEBUG o.s.core.env.MutablePropertySources - Adding [servletContextInitParams] PropertySource with lowest search precedence
12038 [main] DEBUG o.s.core.env.MutablePropertySources - Adding [systemProperties] PropertySource with lowest search precedence
12038 [main] DEBUG o.s.core.env.MutablePropertySources - Adding [systemEnvironment] PropertySource with lowest search precedence
12038 [main] DEBUG o.s.core.env.MutablePropertySources - Adding [random] PropertySource with lowest search precedence
12039 [main] DEBUG o.s.core.env.MutablePropertySources - Adding [applicationConfig: [classpath:/application.properties]] PropertySource with lowest search precedence
12039 [main] DEBUG o.s.core.env.MutablePropertySources - Adding [springCloudClientHostInfo] PropertySource with lowest search precedence
12039 [main] DEBUG o.s.core.env.MutablePropertySources - Adding [class path resource [eureka/server.properties]] PropertySource with lowest search precedence
12039 [main] DEBUG o.s.core.env.MutablePropertySources - Adding [defaultProperties] PropertySource with lowest search precedence
12039 [main] DEBUG o.s.core.env.MutablePropertySources - Adding [Management Server] PropertySource with lowest search precedence
12039 [main] DEBUG o.s.core.env.MutablePropertySources - Adding [localProperties] PropertySource with lowest search precedence
12039 [main] DEBUG o.s.b.f.s.DefaultListableBeanFactory - Returning cached instance of singleton bean 'endpoints.jmx-org.springframework.boot.actuate.autoconfigure.EndpointMBeanExportProperties'
12040 [main] DEBUG o.s.core.env.MutablePropertySources - Adding [servletConfigInitParams] PropertySource with lowest search precedence
12040 [main] DEBUG o.s.core.env.MutablePropertySources - Adding [servletContextInitParams] PropertySource with lowest search precedence
12040 [main] DEBUG o.s.core.env.MutablePropertySources - Adding [systemProperties] PropertySource with lowest search precedence
12040 [main] DEBUG o.s.core.env.MutablePropertySources - Adding [systemEnvironment] PropertySource with lowest search precedence
12040 [main] DEBUG o.s.core.env.MutablePropertySources - Adding [random] PropertySource with lowest search precedence
12040 [main] DEBUG o.s.core.env.MutablePropertySources - Adding [applicationConfig: [classpath:/application.properties]] PropertySource with lowest search precedence
12040 [main] DEBUG o.s.core.env.MutablePropertySources - Adding [springCloudClientHostInfo] PropertySource with lowest search precedence
12040 [main] DEBUG o.s.core.env.MutablePropertySources - Adding [class path resource [eureka/server.properties]] PropertySource with lowest search precedence
12040 [main] DEBUG o.s.core.env.MutablePropertySources - Adding [defaultProperties] PropertySource with lowest search precedence
12040 [main] DEBUG o.s.core.env.MutablePropertySources - Adding [Management Server] PropertySource with lowest search precedence
12040 [main] DEBUG o.s.core.env.MutablePropertySources - Adding [localProperties] PropertySource with lowest search precedence
12041 [main] DEBUG o.s.core.env.MutablePropertySources - Adding [servletConfigInitParams] PropertySource with lowest search precedence
12041 [main] DEBUG o.s.core.env.MutablePropertySources - Adding [servletContextInitParams] PropertySource with lowest search precedence
12041 [main] DEBUG o.s.core.env.MutablePropertySources - Adding [systemProperties] PropertySource with lowest search precedence
12041 [main] DEBUG o.s.core.env.MutablePropertySources - Adding [systemEnvironment] PropertySource with lowest search precedence
12041 [main] DEBUG o.s.core.env.MutablePropertySources - Adding [random] PropertySource with lowest search precedence
12041 [main] DEBUG o.s.core.env.MutablePropertySources - Adding [applicationConfig: [classpath:/application.properties]] PropertySource with lowest search precedence
12041 [main] DEBUG o.s.core.env.MutablePropertySources - Adding [springCloudClientHostInfo] PropertySource with lowest search precedence
12041 [main] DEBUG o.s.core.env.MutablePropertySources - Adding [class path resource [eureka/server.properties]] PropertySource with lowest search precedence
12041 [main] DEBUG o.s.core.env.MutablePropertySources - Adding [defaultProperties] PropertySource with lowest search precedence
12041 [main] DEBUG o.s.core.env.MutablePropertySources - Adding [Management Server] PropertySource with lowest search precedence
12041 [main] DEBUG o.s.core.env.MutablePropertySources - Adding [localProperties] PropertySource with lowest search precedence
12042 [main] DEBUG o.s.b.f.s.DefaultListableBeanFactory - Returning cached instance of singleton bean 'encrypt-org.springframework.cloud.bootstrap.encrypt.KeyProperties'
12044 [main] DEBUG o.s.core.env.MutablePropertySources - Adding [servletConfigInitParams] PropertySource with lowest search precedence
12044 [main] DEBUG o.s.core.env.MutablePropertySources - Adding [servletContextInitParams] PropertySource with lowest search precedence
12044 [main] DEBUG o.s.core.env.MutablePropertySources - Adding [systemProperties] PropertySource with lowest search precedence
12044 [main] DEBUG o.s.core.env.MutablePropertySources - Adding [systemEnvironment] PropertySource with lowest search precedence
12044 [main] DEBUG o.s.core.env.MutablePropertySources - Adding [random] PropertySource with lowest search precedence
12044 [main] DEBUG o.s.core.env.MutablePropertySources - Adding [applicationConfig: [classpath:/application.properties]] PropertySource with lowest search precedence
12044 [main] DEBUG o.s.core.env.MutablePropertySources - Adding [springCloudClientHostInfo] PropertySource with lowest search precedence
12044 [main] DEBUG o.s.core.env.MutablePropertySources - Adding [class path resource [eureka/server.properties]] PropertySource with lowest search precedence
12044 [main] DEBUG o.s.core.env.MutablePropertySources - Adding [defaultProperties] PropertySource with lowest search precedence
12044 [main] DEBUG o.s.core.env.MutablePropertySources - Adding [Management Server] PropertySource with lowest search precedence
12044 [main] DEBUG o.s.core.env.MutablePropertySources - Adding [localProperties] PropertySource with lowest search precedence
12046 [main] DEBUG o.s.core.env.MutablePropertySources - Adding [servletConfigInitParams] PropertySource with lowest search precedence
12046 [main] DEBUG o.s.core.env.MutablePropertySources - Adding [servletContextInitParams] PropertySource with lowest search precedence
12046 [main] DEBUG o.s.core.env.MutablePropertySources - Adding [systemProperties] PropertySource with lowest search precedence
12046 [main] DEBUG o.s.core.env.MutablePropertySources - Adding [systemEnvironment] PropertySource with lowest search precedence
12046 [main] DEBUG o.s.core.env.MutablePropertySources - Adding [random] PropertySource with lowest search precedence
12046 [main] DEBUG o.s.core.env.MutablePropertySources - Adding [applicationConfig: [classpath:/application.properties]] PropertySource with lowest search precedence
12046 [main] DEBUG o.s.core.env.MutablePropertySources - Adding [springCloudClientHostInfo] PropertySource with lowest search precedence
12046 [main] DEBUG o.s.core.env.MutablePropertySources - Adding [class path resource [eureka/server.properties]] PropertySource with lowest search precedence
12046 [main] DEBUG o.s.core.env.MutablePropertySources - Adding [defaultProperties] PropertySource with lowest search precedence
12046 [main] DEBUG o.s.core.env.MutablePropertySources - Adding [Management Server] PropertySource with lowest search precedence
12046 [main] DEBUG o.s.core.env.MutablePropertySources - Adding [localProperties] PropertySource with lowest search precedence
12047 [main] DEBUG o.s.b.f.s.DefaultListableBeanFactory - Returning cached instance of singleton bean 'spring.http.encoding-org.springframework.boot.autoconfigure.web.HttpEncodingProperties'
12047 [main] DEBUG o.s.core.env.MutablePropertySources - Adding [servletConfigInitParams] PropertySource with lowest search precedence
12047 [main] DEBUG o.s.core.env.MutablePropertySources - Adding [servletContextInitParams] PropertySource with lowest search precedence
12047 [main] DEBUG o.s.core.env.MutablePropertySources - Adding [systemProperties] PropertySource with lowest search precedence
12047 [main] DEBUG o.s.core.env.MutablePropertySources - Adding [systemEnvironment] PropertySource with lowest search precedence
12047 [main] DEBUG o.s.core.env.MutablePropertySources - Adding [random] PropertySource with lowest search precedence
12047 [main] DEBUG o.s.core.env.MutablePropertySources - Adding [applicationConfig: [classpath:/application.properties]] PropertySource with lowest search precedence
12047 [main] DEBUG o.s.core.env.MutablePropertySources - Adding [springCloudClientHostInfo] PropertySource with lowest search precedence
12047 [main] DEBUG o.s.core.env.MutablePropertySources - Adding [class path resource [eureka/server.properties]] PropertySource with lowest search precedence
12047 [main] DEBUG o.s.core.env.MutablePropertySources - Adding [defaultProperties] PropertySource with lowest search precedence
12047 [main] DEBUG o.s.core.env.MutablePropertySources - Adding [Management Server] PropertySource with lowest search precedence
12047 [main] DEBUG o.s.core.env.MutablePropertySources - Adding [localProperties] PropertySource with lowest search precedence
12048 [main] DEBUG o.s.core.env.MutablePropertySources - Adding [servletConfigInitParams] PropertySource with lowest search precedence
12048 [main] DEBUG o.s.core.env.MutablePropertySources - Adding [servletContextInitParams] PropertySource with lowest search precedence
12048 [main] DEBUG o.s.core.env.MutablePropertySources - Adding [systemProperties] PropertySource with lowest search precedence
12048 [main] DEBUG o.s.core.env.MutablePropertySources - Adding [systemEnvironment] PropertySource with lowest search precedence
12048 [main] DEBUG o.s.core.env.MutablePropertySources - Adding [random] PropertySource with lowest search precedence
12048 [main] DEBUG o.s.core.env.MutablePropertySources - Adding [applicationConfig: [classpath:/application.properties]] PropertySource with lowest search precedence
12048 [main] DEBUG o.s.core.env.MutablePropertySources - Adding [springCloudClientHostInfo] PropertySource with lowest search precedence
12048 [main] DEBUG o.s.core.env.MutablePropertySources - Adding [class path resource [eureka/server.properties]] PropertySource with lowest search precedence
12048 [main] DEBUG o.s.core.env.MutablePropertySources - Adding [defaultProperties] PropertySource with lowest search precedence
12048 [main] DEBUG o.s.core.env.MutablePropertySources - Adding [Management Server] PropertySource with lowest search precedence
12048 [main] DEBUG o.s.core.env.MutablePropertySources - Adding [localProperties] PropertySource with lowest search precedence
12048 [main] DEBUG o.s.c.e.PropertySourcesPropertyResolver - Found key 'spring.http.encoding.force' in [class path resource [eureka/server.properties]] with type [String]
12049 [main] DEBUG o.s.core.env.MutablePropertySources - Adding [servletConfigInitParams] PropertySource with lowest search precedence
12049 [main] DEBUG o.s.core.env.MutablePropertySources - Adding [servletContextInitParams] PropertySource with lowest search precedence
12049 [main] DEBUG o.s.core.env.MutablePropertySources - Adding [systemProperties] PropertySource with lowest search precedence
12049 [main] DEBUG o.s.core.env.MutablePropertySources - Adding [systemEnvironment] PropertySource with lowest search precedence
12049 [main] DEBUG o.s.core.env.MutablePropertySources - Adding [random] PropertySource with lowest search precedence
12049 [main] DEBUG o.s.core.env.MutablePropertySources - Adding [applicationConfig: [classpath:/application.properties]] PropertySource with lowest search precedence
12049 [main] DEBUG o.s.core.env.MutablePropertySources - Adding [springCloudClientHostInfo] PropertySource with lowest search precedence
12049 [main] DEBUG o.s.core.env.MutablePropertySources - Adding [class path resource [eureka/server.properties]] PropertySource with lowest search precedence
12049 [main] DEBUG o.s.core.env.MutablePropertySources - Adding [defaultProperties] PropertySource with lowest search precedence
12049 [main] DEBUG o.s.core.env.MutablePropertySources - Adding [Management Server] PropertySource with lowest search precedence
12049 [main] DEBUG o.s.core.env.MutablePropertySources - Adding [localProperties] PropertySource with lowest search precedence
12050 [main] DEBUG o.s.core.env.MutablePropertySources - Adding [servletConfigInitParams] PropertySource with lowest search precedence
12050 [main] DEBUG o.s.core.env.MutablePropertySources - Adding [servletContextInitParams] PropertySource with lowest search precedence
12050 [main] DEBUG o.s.core.env.MutablePropertySources - Adding [systemProperties] PropertySource with lowest search precedence
12050 [main] DEBUG o.s.core.env.MutablePropertySources - Adding [systemEnvironment] PropertySource with lowest search precedence
12050 [main] DEBUG o.s.core.env.MutablePropertySources - Adding [random] PropertySource with lowest search precedence
12050 [main] DEBUG o.s.core.env.MutablePropertySources - Adding [applicationConfig: [classpath:/application.properties]] PropertySource with lowest search precedence
12050 [main] DEBUG o.s.core.env.MutablePropertySources - Adding [springCloudClientHostInfo] PropertySource with lowest search precedence
12050 [main] DEBUG o.s.core.env.MutablePropertySources - Adding [class path resource [eureka/server.properties]] PropertySource with lowest search precedence
12050 [main] DEBUG o.s.core.env.MutablePropertySources - Adding [defaultProperties] PropertySource with lowest search precedence
12050 [main] DEBUG o.s.core.env.MutablePropertySources - Adding [Management Server] PropertySource with lowest search precedence
12050 [main] DEBUG o.s.core.env.MutablePropertySources - Adding [localProperties] PropertySource with lowest search precedence
12050 [main] DEBUG o.s.c.e.PropertySourcesPropertyResolver - Found key 'spring.http.encoding.force' in [class path resource [eureka/server.properties]] with type [String]
12051 [main] DEBUG o.s.b.f.s.DefaultListableBeanFactory - Returning cached instance of singleton bean 'shutdownEndpoint'
12051 [main] DEBUG o.s.core.env.MutablePropertySources - Adding [servletConfigInitParams] PropertySource with lowest search precedence
12051 [main] DEBUG o.s.core.env.MutablePropertySources - Adding [servletContextInitParams] PropertySource with lowest search precedence
12051 [main] DEBUG o.s.core.env.MutablePropertySources - Adding [systemProperties] PropertySource with lowest search precedence
12051 [main] DEBUG o.s.core.env.MutablePropertySources - Adding [systemEnvironment] PropertySource with lowest search precedence
12051 [main] DEBUG o.s.core.env.MutablePropertySources - Adding [random] PropertySource with lowest search precedence
12051 [main] DEBUG o.s.core.env.MutablePropertySources - Adding [applicationConfig: [classpath:/application.properties]] PropertySource with lowest search precedence
12051 [main] DEBUG o.s.core.env.MutablePropertySources - Adding [springCloudClientHostInfo] PropertySource with lowest search precedence
12051 [main] DEBUG o.s.core.env.MutablePropertySources - Adding [class path resource [eureka/server.properties]] PropertySource with lowest search precedence
12051 [main] DEBUG o.s.core.env.MutablePropertySources - Adding [defaultProperties] PropertySource with lowest search precedence
12051 [main] DEBUG o.s.core.env.MutablePropertySources - Adding [Management Server] PropertySource with lowest search precedence
12051 [main] DEBUG o.s.core.env.MutablePropertySources - Adding [localProperties] PropertySource with lowest search precedence
12053 [main] DEBUG o.s.core.env.MutablePropertySources - Adding [servletConfigInitParams] PropertySource with lowest search precedence
12053 [main] DEBUG o.s.core.env.MutablePropertySources - Adding [servletContextInitParams] PropertySource with lowest search precedence
12053 [main] DEBUG o.s.core.env.MutablePropertySources - Adding [systemProperties] PropertySource with lowest search precedence
12053 [main] DEBUG o.s.core.env.MutablePropertySources - Adding [systemEnvironment] PropertySource with lowest search precedence
12053 [main] DEBUG o.s.core.env.MutablePropertySources - Adding [random] PropertySource with lowest search precedence
12053 [main] DEBUG o.s.core.env.MutablePropertySources - Adding [applicationConfig: [classpath:/application.properties]] PropertySource with lowest search precedence
12053 [main] DEBUG o.s.core.env.MutablePropertySources - Adding [springCloudClientHostInfo] PropertySource with lowest search precedence
12053 [main] DEBUG o.s.core.env.MutablePropertySources - Adding [class path resource [eureka/server.properties]] PropertySource with lowest search precedence
12053 [main] DEBUG o.s.core.env.MutablePropertySources - Adding [defaultProperties] PropertySource with lowest search precedence
12053 [main] DEBUG o.s.core.env.MutablePropertySources - Adding [Management Server] PropertySource with lowest search precedence
12053 [main] DEBUG o.s.core.env.MutablePropertySources - Adding [localProperties] PropertySource with lowest search precedence
12054 [main] DEBUG o.s.b.f.s.DefaultListableBeanFactory - Returning cached instance of singleton bean 'beansEndpoint'
12054 [main] DEBUG o.s.core.env.MutablePropertySources - Adding [servletConfigInitParams] PropertySource with lowest search precedence
12054 [main] DEBUG o.s.core.env.MutablePropertySources - Adding [servletContextInitParams] PropertySource with lowest search precedence
12054 [main] DEBUG o.s.core.env.MutablePropertySources - Adding [systemProperties] PropertySource with lowest search precedence
12054 [main] DEBUG o.s.core.env.MutablePropertySources - Adding [systemEnvironment] PropertySource with lowest search precedence
12055 [main] DEBUG o.s.core.env.MutablePropertySources - Adding [random] PropertySource with lowest search precedence
12055 [main] DEBUG o.s.core.env.MutablePropertySources - Adding [applicationConfig: [classpath:/application.properties]] PropertySource with lowest search precedence
12055 [main] DEBUG o.s.core.env.MutablePropertySources - Adding [springCloudClientHostInfo] PropertySource with lowest search precedence
12055 [main] DEBUG o.s.core.env.MutablePropertySources - Adding [class path resource [eureka/server.properties]] PropertySource with lowest search precedence
12055 [main] DEBUG o.s.core.env.MutablePropertySources - Adding [defaultProperties] PropertySource with lowest search precedence
12055 [main] DEBUG o.s.core.env.MutablePropertySources - Adding [Management Server] PropertySource with lowest search precedence
12055 [main] DEBUG o.s.core.env.MutablePropertySources - Adding [localProperties] PropertySource with lowest search precedence
12056 [main] DEBUG o.s.c.e.PropertySourcesPropertyResolver - Could not find key 'spring.liveBeansView.mbeanDomain' in any property source
12056 [main] DEBUG o.s.core.env.MutablePropertySources - Adding [servletConfigInitParams] PropertySource with lowest search precedence
12056 [main] DEBUG o.s.core.env.MutablePropertySources - Adding [servletContextInitParams] PropertySource with lowest search precedence
12056 [main] DEBUG o.s.core.env.MutablePropertySources - Adding [systemProperties] PropertySource with lowest search precedence
12056 [main] DEBUG o.s.core.env.MutablePropertySources - Adding [systemEnvironment] PropertySource with lowest search precedence
12056 [main] DEBUG o.s.core.env.MutablePropertySources - Adding [random] PropertySource with lowest search precedence
12056 [main] DEBUG o.s.core.env.MutablePropertySources - Adding [applicationConfig: [classpath:/application.properties]] PropertySource with lowest search precedence
12056 [main] DEBUG o.s.core.env.MutablePropertySources - Adding [springCloudClientHostInfo] PropertySource with lowest search precedence
12056 [main] DEBUG o.s.core.env.MutablePropertySources - Adding [class path resource [eureka/server.properties]] PropertySource with lowest search precedence
12056 [main] DEBUG o.s.core.env.MutablePropertySources - Adding [defaultProperties] PropertySource with lowest search precedence
12056 [main] DEBUG o.s.core.env.MutablePropertySources - Adding [Management Server] PropertySource with lowest search precedence
12056 [main] DEBUG o.s.core.env.MutablePropertySources - Adding [localProperties] PropertySource with lowest search precedence
12058 [main] DEBUG o.s.b.f.s.DefaultListableBeanFactory - Returning cached instance of singleton bean 'pauseEndpoint'
12058 [main] DEBUG o.s.core.env.MutablePropertySources - Adding [servletConfigInitParams] PropertySource with lowest search precedence
12058 [main] DEBUG o.s.core.env.MutablePropertySources - Adding [servletContextInitParams] PropertySource with lowest search precedence
12058 [main] DEBUG o.s.core.env.MutablePropertySources - Adding [systemProperties] PropertySource with lowest search precedence
12058 [main] DEBUG o.s.core.env.MutablePropertySources - Adding [systemEnvironment] PropertySource with lowest search precedence
12058 [main] DEBUG o.s.core.env.MutablePropertySources - Adding [random] PropertySource with lowest search precedence
12058 [main] DEBUG o.s.core.env.MutablePropertySources - Adding [applicationConfig: [classpath:/application.properties]] PropertySource with lowest search precedence
12058 [main] DEBUG o.s.core.env.MutablePropertySources - Adding [springCloudClientHostInfo] PropertySource with lowest search precedence
12058 [main] DEBUG o.s.core.env.MutablePropertySources - Adding [class path resource [eureka/server.properties]] PropertySource with lowest search precedence
12058 [main] DEBUG o.s.core.env.MutablePropertySources - Adding [defaultProperties] PropertySource with lowest search precedence
12058 [main] DEBUG o.s.core.env.MutablePropertySources - Adding [Management Server] PropertySource with lowest search precedence
12058 [main] DEBUG o.s.core.env.MutablePropertySources - Adding [localProperties] PropertySource with lowest search precedence
12059 [main] DEBUG o.s.core.env.MutablePropertySources - Adding [servletConfigInitParams] PropertySource with lowest search precedence
12059 [main] DEBUG o.s.core.env.MutablePropertySources - Adding [servletContextInitParams] PropertySource with lowest search precedence
12059 [main] DEBUG o.s.core.env.MutablePropertySources - Adding [systemProperties] PropertySource with lowest search precedence
12059 [main] DEBUG o.s.core.env.MutablePropertySources - Adding [systemEnvironment] PropertySource with lowest search precedence
12059 [main] DEBUG o.s.core.env.MutablePropertySources - Adding [random] PropertySource with lowest search precedence
12059 [main] DEBUG o.s.core.env.MutablePropertySources - Adding [applicationConfig: [classpath:/application.properties]] PropertySource with lowest search precedence
12059 [main] DEBUG o.s.core.env.MutablePropertySources - Adding [springCloudClientHostInfo] PropertySource with lowest search precedence
12059 [main] DEBUG o.s.core.env.MutablePropertySources - Adding [class path resource [eureka/server.properties]] PropertySource with lowest search precedence
12059 [main] DEBUG o.s.core.env.MutablePropertySources - Adding [defaultProperties] PropertySource with lowest search precedence
12059 [main] DEBUG o.s.core.env.MutablePropertySources - Adding [Management Server] PropertySource with lowest search precedence
12059 [main] DEBUG o.s.core.env.MutablePropertySources - Adding [localProperties] PropertySource with lowest search precedence
12060 [main] DEBUG o.s.b.f.s.DefaultListableBeanFactory - Returning cached instance of singleton bean 'managementServerProperties'
12061 [main] DEBUG o.s.core.env.MutablePropertySources - Adding [servletConfigInitParams] PropertySource with lowest search precedence
12061 [main] DEBUG o.s.core.env.MutablePropertySources - Adding [servletContextInitParams] PropertySource with lowest search precedence
12061 [main] DEBUG o.s.core.env.MutablePropertySources - Adding [systemProperties] PropertySource with lowest search precedence
12061 [main] DEBUG o.s.core.env.MutablePropertySources - Adding [systemEnvironment] PropertySource with lowest search precedence
12061 [main] DEBUG o.s.core.env.MutablePropertySources - Adding [random] PropertySource with lowest search precedence
12061 [main] DEBUG o.s.core.env.MutablePropertySources - Adding [applicationConfig: [classpath:/application.properties]] PropertySource with lowest search precedence
12061 [main] DEBUG o.s.core.env.MutablePropertySources - Adding [springCloudClientHostInfo] PropertySource with lowest search precedence
12061 [main] DEBUG o.s.core.env.MutablePropertySources - Adding [class path resource [eureka/server.properties]] PropertySource with lowest search precedence
12061 [main] DEBUG o.s.core.env.MutablePropertySources - Adding [defaultProperties] PropertySource with lowest search precedence
12061 [main] DEBUG o.s.core.env.MutablePropertySources - Adding [Management Server] PropertySource with lowest search precedence
12061 [main] DEBUG o.s.core.env.MutablePropertySources - Adding [localProperties] PropertySource with lowest search precedence
12062 [main] DEBUG o.s.core.env.MutablePropertySources - Adding [servletConfigInitParams] PropertySource with lowest search precedence
12062 [main] DEBUG o.s.core.env.MutablePropertySources - Adding [servletContextInitParams] PropertySource with lowest search precedence
12062 [main] DEBUG o.s.core.env.MutablePropertySources - Adding [systemProperties] PropertySource with lowest search precedence
12062 [main] DEBUG o.s.core.env.MutablePropertySources - Adding [systemEnvironment] PropertySource with lowest search precedence
12062 [main] DEBUG o.s.core.env.MutablePropertySources - Adding [random] PropertySource with lowest search precedence
12062 [main] DEBUG o.s.core.env.MutablePropertySources - Adding [applicationConfig: [classpath:/application.properties]] PropertySource with lowest search precedence
12062 [main] DEBUG o.s.core.env.MutablePropertySources - Adding [springCloudClientHostInfo] PropertySource with lowest search precedence
12062 [main] DEBUG o.s.core.env.MutablePropertySources - Adding [class path resource [eureka/server.properties]] PropertySource with lowest search precedence
12062 [main] DEBUG o.s.core.env.MutablePropertySources - Adding [defaultProperties] PropertySource with lowest search precedence
12062 [main] DEBUG o.s.core.env.MutablePropertySources - Adding [Management Server] PropertySource with lowest search precedence
12062 [main] DEBUG o.s.core.env.MutablePropertySources - Adding [localProperties] PropertySource with lowest search precedence
12062 [main] DEBUG o.s.b.f.s.DefaultListableBeanFactory - Returning cached instance of singleton bean 'requestMappingEndpoint'
12063 [main] DEBUG o.s.core.env.MutablePropertySources - Adding [servletConfigInitParams] PropertySource with lowest search precedence
12063 [main] DEBUG o.s.core.env.MutablePropertySources - Adding [servletContextInitParams] PropertySource with lowest search precedence
12063 [main] DEBUG o.s.core.env.MutablePropertySources - Adding [systemProperties] PropertySource with lowest search precedence
12063 [main] DEBUG o.s.core.env.MutablePropertySources - Adding [systemEnvironment] PropertySource with lowest search precedence
12063 [main] DEBUG o.s.core.env.MutablePropertySources - Adding [random] PropertySource with lowest search precedence
12063 [main] DEBUG o.s.core.env.MutablePropertySources - Adding [applicationConfig: [classpath:/application.properties]] PropertySource with lowest search precedence
12063 [main] DEBUG o.s.core.env.MutablePropertySources - Adding [springCloudClientHostInfo] PropertySource with lowest search precedence
12063 [main] DEBUG o.s.core.env.MutablePropertySources - Adding [class path resource [eureka/server.properties]] PropertySource with lowest search precedence
12063 [main] DEBUG o.s.core.env.MutablePropertySources - Adding [defaultProperties] PropertySource with lowest search precedence
12063 [main] DEBUG o.s.core.env.MutablePropertySources - Adding [Management Server] PropertySource with lowest search precedence
12063 [main] DEBUG o.s.core.env.MutablePropertySources - Adding [localProperties] PropertySource with lowest search precedence
12065 [main] DEBUG o.s.core.env.MutablePropertySources - Adding [servletConfigInitParams] PropertySource with lowest search precedence
12065 [main] DEBUG o.s.core.env.MutablePropertySources - Adding [servletContextInitParams] PropertySource with lowest search precedence
12065 [main] DEBUG o.s.core.env.MutablePropertySources - Adding [systemProperties] PropertySource with lowest search precedence
12065 [main] DEBUG o.s.core.env.MutablePropertySources - Adding [systemEnvironment] PropertySource with lowest search precedence
12065 [main] DEBUG o.s.core.env.MutablePropertySources - Adding [random] PropertySource with lowest search precedence
12065 [main] DEBUG o.s.core.env.MutablePropertySources - Adding [applicationConfig: [classpath:/application.properties]] PropertySource with lowest search precedence
12065 [main] DEBUG o.s.core.env.MutablePropertySources - Adding [springCloudClientHostInfo] PropertySource with lowest search precedence
12065 [main] DEBUG o.s.core.env.MutablePropertySources - Adding [class path resource [eureka/server.properties]] PropertySource with lowest search precedence
12065 [main] DEBUG o.s.core.env.MutablePropertySources - Adding [defaultProperties] PropertySource with lowest search precedence
12065 [main] DEBUG o.s.core.env.MutablePropertySources - Adding [Management Server] PropertySource with lowest search precedence
12065 [main] DEBUG o.s.core.env.MutablePropertySources - Adding [localProperties] PropertySource with lowest search precedence
12066 [main] DEBUG o.s.b.f.s.DefaultListableBeanFactory - Returning cached instance of singleton bean 'endpoints.health-org.springframework.boot.actuate.autoconfigure.HealthMvcEndpointProperties'
12067 [main] DEBUG o.s.core.env.MutablePropertySources - Adding [servletConfigInitParams] PropertySource with lowest search precedence
12067 [main] DEBUG o.s.core.env.MutablePropertySources - Adding [servletContextInitParams] PropertySource with lowest search precedence
12067 [main] DEBUG o.s.core.env.MutablePropertySources - Adding [systemProperties] PropertySource with lowest search precedence
12067 [main] DEBUG o.s.core.env.MutablePropertySources - Adding [systemEnvironment] PropertySource with lowest search precedence
12067 [main] DEBUG o.s.core.env.MutablePropertySources - Adding [random] PropertySource with lowest search precedence
12067 [main] DEBUG o.s.core.env.MutablePropertySources - Adding [applicationConfig: [classpath:/application.properties]] PropertySource with lowest search precedence
12067 [main] DEBUG o.s.core.env.MutablePropertySources - Adding [springCloudClientHostInfo] PropertySource with lowest search precedence
12067 [main] DEBUG o.s.core.env.MutablePropertySources - Adding [class path resource [eureka/server.properties]] PropertySource with lowest search precedence
12067 [main] DEBUG o.s.core.env.MutablePropertySources - Adding [defaultProperties] PropertySource with lowest search precedence
12067 [main] DEBUG o.s.core.env.MutablePropertySources - Adding [Management Server] PropertySource with lowest search precedence
12067 [main] DEBUG o.s.core.env.MutablePropertySources - Adding [localProperties] PropertySource with lowest search precedence
12067 [main] DEBUG o.s.core.env.MutablePropertySources - Adding [servletConfigInitParams] PropertySource with lowest search precedence
12067 [main] DEBUG o.s.core.env.MutablePropertySources - Adding [servletContextInitParams] PropertySource with lowest search precedence
12067 [main] DEBUG o.s.core.env.MutablePropertySources - Adding [systemProperties] PropertySource with lowest search precedence
12067 [main] DEBUG o.s.core.env.MutablePropertySources - Adding [systemEnvironment] PropertySource with lowest search precedence
12067 [main] DEBUG o.s.core.env.MutablePropertySources - Adding [random] PropertySource with lowest search precedence
12067 [main] DEBUG o.s.core.env.MutablePropertySources - Adding [applicationConfig: [classpath:/application.properties]] PropertySource with lowest search precedence
12067 [main] DEBUG o.s.core.env.MutablePropertySources - Adding [springCloudClientHostInfo] PropertySource with lowest search precedence
12067 [main] DEBUG o.s.core.env.MutablePropertySources - Adding [class path resource [eureka/server.properties]] PropertySource with lowest search precedence
12067 [main] DEBUG o.s.core.env.MutablePropertySources - Adding [defaultProperties] PropertySource with lowest search precedence
12067 [main] DEBUG o.s.core.env.MutablePropertySources - Adding [Management Server] PropertySource with lowest search precedence
12067 [main] DEBUG o.s.core.env.MutablePropertySources - Adding [localProperties] PropertySource with lowest search precedence
12068 [main] DEBUG o.s.b.f.s.DefaultListableBeanFactory - Returning cached instance of singleton bean 'refreshEndpoint'
12068 [main] DEBUG o.s.core.env.MutablePropertySources - Adding [servletConfigInitParams] PropertySource with lowest search precedence
12068 [main] DEBUG o.s.core.env.MutablePropertySources - Adding [servletContextInitParams] PropertySource with lowest search precedence
12068 [main] DEBUG o.s.core.env.MutablePropertySources - Adding [systemProperties] PropertySource with lowest search precedence
12068 [main] DEBUG o.s.core.env.MutablePropertySources - Adding [systemEnvironment] PropertySource with lowest search precedence
12068 [main] DEBUG o.s.core.env.MutablePropertySources - Adding [random] PropertySource with lowest search precedence
12068 [main] DEBUG o.s.core.env.MutablePropertySources - Adding [applicationConfig: [classpath:/application.properties]] PropertySource with lowest search precedence
12068 [main] DEBUG o.s.core.env.MutablePropertySources - Adding [springCloudClientHostInfo] PropertySource with lowest search precedence
12068 [main] DEBUG o.s.core.env.MutablePropertySources - Adding [class path resource [eureka/server.properties]] PropertySource with lowest search precedence
12068 [main] DEBUG o.s.core.env.MutablePropertySources - Adding [defaultProperties] PropertySource with lowest search precedence
12068 [main] DEBUG o.s.core.env.MutablePropertySources - Adding [Management Server] PropertySource with lowest search precedence
12068 [main] DEBUG o.s.core.env.MutablePropertySources - Adding [localProperties] PropertySource with lowest search precedence
12069 [main] DEBUG o.s.core.env.MutablePropertySources - Adding [servletConfigInitParams] PropertySource with lowest search precedence
12069 [main] DEBUG o.s.core.env.MutablePropertySources - Adding [servletContextInitParams] PropertySource with lowest search precedence
12069 [main] DEBUG o.s.core.env.MutablePropertySources - Adding [systemProperties] PropertySource with lowest search precedence
12069 [main] DEBUG o.s.core.env.MutablePropertySources - Adding [systemEnvironment] PropertySource with lowest search precedence
12069 [main] DEBUG o.s.core.env.MutablePropertySources - Adding [random] PropertySource with lowest search precedence
12069 [main] DEBUG o.s.core.env.MutablePropertySources - Adding [applicationConfig: [classpath:/application.properties]] PropertySource with lowest search precedence
12069 [main] DEBUG o.s.core.env.MutablePropertySources - Adding [springCloudClientHostInfo] PropertySource with lowest search precedence
12069 [main] DEBUG o.s.core.env.MutablePropertySources - Adding [class path resource [eureka/server.properties]] PropertySource with lowest search precedence
12069 [main] DEBUG o.s.core.env.MutablePropertySources - Adding [defaultProperties] PropertySource with lowest search precedence
12069 [main] DEBUG o.s.core.env.MutablePropertySources - Adding [Management Server] PropertySource with lowest search precedence
12069 [main] DEBUG o.s.core.env.MutablePropertySources - Adding [localProperties] PropertySource with lowest search precedence
12070 [main] DEBUG o.s.b.f.s.DefaultListableBeanFactory - Returning cached instance of singleton bean 'spring.mvc-org.springframework.boot.autoconfigure.web.WebMvcProperties'
12071 [main] DEBUG o.s.core.env.MutablePropertySources - Adding [servletConfigInitParams] PropertySource with lowest search precedence
12071 [main] DEBUG o.s.core.env.MutablePropertySources - Adding [servletContextInitParams] PropertySource with lowest search precedence
12071 [main] DEBUG o.s.core.env.MutablePropertySources - Adding [systemProperties] PropertySource with lowest search precedence
12071 [main] DEBUG o.s.core.env.MutablePropertySources - Adding [systemEnvironment] PropertySource with lowest search precedence
12071 [main] DEBUG o.s.core.env.MutablePropertySources - Adding [random] PropertySource with lowest search precedence
12071 [main] DEBUG o.s.core.env.MutablePropertySources - Adding [applicationConfig: [classpath:/application.properties]] PropertySource with lowest search precedence
12071 [main] DEBUG o.s.core.env.MutablePropertySources - Adding [springCloudClientHostInfo] PropertySource with lowest search precedence
12071 [main] DEBUG o.s.core.env.MutablePropertySources - Adding [class path resource [eureka/server.properties]] PropertySource with lowest search precedence
12071 [main] DEBUG o.s.core.env.MutablePropertySources - Adding [defaultProperties] PropertySource with lowest search precedence
12071 [main] DEBUG o.s.core.env.MutablePropertySources - Adding [Management Server] PropertySource with lowest search precedence
12071 [main] DEBUG o.s.core.env.MutablePropertySources - Adding [localProperties] PropertySource with lowest search precedence
12077 [main] DEBUG o.s.core.env.MutablePropertySources - Adding [servletConfigInitParams] PropertySource with lowest search precedence
12077 [main] DEBUG o.s.core.env.MutablePropertySources - Adding [servletContextInitParams] PropertySource with lowest search precedence
12077 [main] DEBUG o.s.core.env.MutablePropertySources - Adding [systemProperties] PropertySource with lowest search precedence
12077 [main] DEBUG o.s.core.env.MutablePropertySources - Adding [systemEnvironment] PropertySource with lowest search precedence
12077 [main] DEBUG o.s.core.env.MutablePropertySources - Adding [random] PropertySource with lowest search precedence
12077 [main] DEBUG o.s.core.env.MutablePropertySources - Adding [applicationConfig: [classpath:/application.properties]] PropertySource with lowest search precedence
12077 [main] DEBUG o.s.core.env.MutablePropertySources - Adding [springCloudClientHostInfo] PropertySource with lowest search precedence
12077 [main] DEBUG o.s.core.env.MutablePropertySources - Adding [class path resource [eureka/server.properties]] PropertySource with lowest search precedence
12077 [main] DEBUG o.s.core.env.MutablePropertySources - Adding [defaultProperties] PropertySource with lowest search precedence
12077 [main] DEBUG o.s.core.env.MutablePropertySources - Adding [Management Server] PropertySource with lowest search precedence
12077 [main] DEBUG o.s.core.env.MutablePropertySources - Adding [localProperties] PropertySource with lowest search precedence
12081 [main] DEBUG o.s.b.f.s.DefaultListableBeanFactory - Returning cached instance of singleton bean 'diskSpaceHealthIndicatorProperties'
12081 [main] DEBUG o.s.core.env.MutablePropertySources - Adding [servletConfigInitParams] PropertySource with lowest search precedence
12081 [main] DEBUG o.s.core.env.MutablePropertySources - Adding [servletContextInitParams] PropertySource with lowest search precedence
12081 [main] DEBUG o.s.core.env.MutablePropertySources - Adding [systemProperties] PropertySource with lowest search precedence
12081 [main] DEBUG o.s.core.env.MutablePropertySources - Adding [systemEnvironment] PropertySource with lowest search precedence
12081 [main] DEBUG o.s.core.env.MutablePropertySources - Adding [random] PropertySource with lowest search precedence
12081 [main] DEBUG o.s.core.env.MutablePropertySources - Adding [applicationConfig: [classpath:/application.properties]] PropertySource with lowest search precedence
12081 [main] DEBUG o.s.core.env.MutablePropertySources - Adding [springCloudClientHostInfo] PropertySource with lowest search precedence
12081 [main] DEBUG o.s.core.env.MutablePropertySources - Adding [class path resource [eureka/server.properties]] PropertySource with lowest search precedence
12081 [main] DEBUG o.s.core.env.MutablePropertySources - Adding [defaultProperties] PropertySource with lowest search precedence
12081 [main] DEBUG o.s.core.env.MutablePropertySources - Adding [Management Server] PropertySource with lowest search precedence
12082 [main] DEBUG o.s.core.env.MutablePropertySources - Adding [localProperties] PropertySource with lowest search precedence
12082 [main] DEBUG o.s.core.env.MutablePropertySources - Adding [servletConfigInitParams] PropertySource with lowest search precedence
12082 [main] DEBUG o.s.core.env.MutablePropertySources - Adding [servletContextInitParams] PropertySource with lowest search precedence
12082 [main] DEBUG o.s.core.env.MutablePropertySources - Adding [systemProperties] PropertySource with lowest search precedence
12082 [main] DEBUG o.s.core.env.MutablePropertySources - Adding [systemEnvironment] PropertySource with lowest search precedence
12082 [main] DEBUG o.s.core.env.MutablePropertySources - Adding [random] PropertySource with lowest search precedence
12082 [main] DEBUG o.s.core.env.MutablePropertySources - Adding [applicationConfig: [classpath:/application.properties]] PropertySource with lowest search precedence
12082 [main] DEBUG o.s.core.env.MutablePropertySources - Adding [springCloudClientHostInfo] PropertySource with lowest search precedence
12082 [main] DEBUG o.s.core.env.MutablePropertySources - Adding [class path resource [eureka/server.properties]] PropertySource with lowest search precedence
12082 [main] DEBUG o.s.core.env.MutablePropertySources - Adding [defaultProperties] PropertySource with lowest search precedence
12082 [main] DEBUG o.s.core.env.MutablePropertySources - Adding [Management Server] PropertySource with lowest search precedence
12082 [main] DEBUG o.s.core.env.MutablePropertySources - Adding [localProperties] PropertySource with lowest search precedence
12083 [main] DEBUG o.s.b.f.s.DefaultListableBeanFactory - Returning cached instance of singleton bean 'spring.cloud.config-org.springframework.cloud.bootstrap.config.PropertySourceBootstrapProperties'
12084 [main] DEBUG o.h.v.i.e.r.DefaultTraversableResolver - Cannot find javax.persistence.Persistence on classpath. Assuming non JPA 2 environment. All properties will per default be traversable.
12084 [main] DEBUG o.h.v.i.engine.ConfigurationImpl - Setting custom MessageInterpolator of type org.springframework.validation.beanvalidation.LocaleContextMessageInterpolator
12084 [main] DEBUG o.h.v.i.engine.ConfigurationImpl - Setting custom ConstraintValidatorFactory of type org.springframework.validation.beanvalidation.SpringConstraintValidatorFactory
12084 [main] DEBUG o.h.v.i.engine.ConfigurationImpl - Setting custom ParameterNameProvider of type com.sun.proxy.$Proxy29
12084 [main] DEBUG o.h.v.i.xml.ValidationXmlParser - Trying to load META-INF/validation.xml for XML based Validator configuration.
12084 [main] DEBUG o.h.v.i.xml.ResourceLoaderHelper - Trying to load META-INF/validation.xml via user class loader
12084 [main] DEBUG o.h.v.i.xml.ResourceLoaderHelper - Trying to load META-INF/validation.xml via TCCL
12084 [main] DEBUG o.h.v.i.xml.ResourceLoaderHelper - Trying to load META-INF/validation.xml via Hibernate Validator's class loader
12085 [main] DEBUG o.h.v.i.xml.ValidationXmlParser - No META-INF/validation.xml found. Using annotation based configuration only.
12087 [main] DEBUG o.s.core.env.MutablePropertySources - Adding [servletConfigInitParams] PropertySource with lowest search precedence
12087 [main] DEBUG o.s.core.env.MutablePropertySources - Adding [servletContextInitParams] PropertySource with lowest search precedence
12087 [main] DEBUG o.s.core.env.MutablePropertySources - Adding [systemProperties] PropertySource with lowest search precedence
12087 [main] DEBUG o.s.core.env.MutablePropertySources - Adding [systemEnvironment] PropertySource with lowest search precedence
12087 [main] DEBUG o.s.core.env.MutablePropertySources - Adding [random] PropertySource with lowest search precedence
12087 [main] DEBUG o.s.core.env.MutablePropertySources - Adding [defaultProperties] PropertySource with lowest search precedence
12087 [main] DEBUG o.s.core.env.MutablePropertySources - Adding [localProperties] PropertySource with lowest search precedence
12089 [main] DEBUG o.s.core.env.MutablePropertySources - Adding [servletConfigInitParams] PropertySource with lowest search precedence
12089 [main] DEBUG o.s.core.env.MutablePropertySources - Adding [servletContextInitParams] PropertySource with lowest search precedence
12089 [main] DEBUG o.s.core.env.MutablePropertySources - Adding [systemProperties] PropertySource with lowest search precedence
12089 [main] DEBUG o.s.core.env.MutablePropertySources - Adding [systemEnvironment] PropertySource with lowest search precedence
12089 [main] DEBUG o.s.core.env.MutablePropertySources - Adding [random] PropertySource with lowest search precedence
12089 [main] DEBUG o.s.core.env.MutablePropertySources - Adding [defaultProperties] PropertySource with lowest search precedence
12089 [main] DEBUG o.s.core.env.MutablePropertySources - Adding [localProperties] PropertySource with lowest search precedence
12090 [main] DEBUG o.s.b.f.s.DefaultListableBeanFactory - Returning cached instance of singleton bean 'encrypt-org.springframework.cloud.bootstrap.encrypt.KeyProperties'
12090 [main] DEBUG o.s.core.env.MutablePropertySources - Adding [servletConfigInitParams] PropertySource with lowest search precedence
12090 [main] DEBUG o.s.core.env.MutablePropertySources - Adding [servletContextInitParams] PropertySource with lowest search precedence
12090 [main] DEBUG o.s.core.env.MutablePropertySources - Adding [systemProperties] PropertySource with lowest search precedence
12090 [main] DEBUG o.s.core.env.MutablePropertySources - Adding [systemEnvironment] PropertySource with lowest search precedence
12090 [main] DEBUG o.s.core.env.MutablePropertySources - Adding [random] PropertySource with lowest search precedence
12090 [main] DEBUG o.s.core.env.MutablePropertySources - Adding [defaultProperties] PropertySource with lowest search precedence
12090 [main] DEBUG o.s.core.env.MutablePropertySources - Adding [localProperties] PropertySource with lowest search precedence
12092 [main] DEBUG o.s.core.env.MutablePropertySources - Adding [servletConfigInitParams] PropertySource with lowest search precedence
12092 [main] DEBUG o.s.core.env.MutablePropertySources - Adding [servletContextInitParams] PropertySource with lowest search precedence
12092 [main] DEBUG o.s.core.env.MutablePropertySources - Adding [systemProperties] PropertySource with lowest search precedence
12092 [main] DEBUG o.s.core.env.MutablePropertySources - Adding [systemEnvironment] PropertySource with lowest search precedence
12092 [main] DEBUG o.s.core.env.MutablePropertySources - Adding [random] PropertySource with lowest search precedence
12092 [main] DEBUG o.s.core.env.MutablePropertySources - Adding [defaultProperties] PropertySource with lowest search precedence
12092 [main] DEBUG o.s.core.env.MutablePropertySources - Adding [localProperties] PropertySource with lowest search precedence
12093 [main] DEBUG o.s.b.c.e.AnnotationConfigEmbeddedWebApplicationContext - Unable to locate LifecycleProcessor with name 'lifecycleProcessor': using default [org.springframework.context.support.DefaultLifecycleProcessor@4451f60c]
12094 [main] DEBUG o.s.b.f.s.DefaultListableBeanFactory - Returning cached instance of singleton bean 'org.springframework.cloud.netflix.eureka.server.EurekaServerInitializerConfiguration'
12094 [main] DEBUG o.s.b.f.s.DefaultListableBeanFactory - Returning cached instance of singleton bean 'org.springframework.cloud.netflix.eureka.EurekaDiscoveryClientConfiguration'
12094 [main] DEBUG o.s.b.f.s.DefaultListableBeanFactory - Returning cached instance of singleton bean 'endpointMBeanExporter'
12094 [main] DEBUG o.s.b.f.s.DefaultListableBeanFactory - Returning cached instance of singleton bean 'lifecycleProcessor'
12095 [main] INFO  o.s.c.s.DefaultLifecycleProcessor - Starting beans in phase 0
12095 [main] DEBUG o.s.c.s.DefaultLifecycleProcessor - Starting bean 'org.springframework.cloud.netflix.eureka.server.EurekaServerInitializerConfiguration' of type [class org.springframework.cloud.netflix.eureka.server.EurekaServerInitializerConfiguration$$EnhancerBySpringCGLIB$$a1eabb11]
12097 [main] DEBUG o.s.c.s.DefaultLifecycleProcessor - Successfully started bean 'org.springframework.cloud.netflix.eureka.server.EurekaServerInitializerConfiguration'
12097 [main] DEBUG o.s.c.s.DefaultLifecycleProcessor - Starting bean 'org.springframework.cloud.netflix.eureka.EurekaDiscoveryClientConfiguration' of type [class org.springframework.cloud.netflix.eureka.EurekaDiscoveryClientConfiguration$$EnhancerBySpringCGLIB$$31c787fc]
12097 [Thread-7] INFO  o.s.c.n.e.s.EurekaServerBootstrap - Setting the eureka configuration..
12097 [Thread-7] INFO  o.s.c.n.e.s.EurekaServerBootstrap - Eureka data center value eureka.datacenter is not set, defaulting to default
12097 [main] INFO  o.s.c.n.e.EurekaDiscoveryClientConfiguration - Registering application unknown with eureka with status UP
12097 [Thread-7] INFO  o.s.c.n.e.s.EurekaServerBootstrap - Eureka environment value eureka.environment is not set, defaulting to test
12098 [main] DEBUG o.s.b.f.s.DefaultListableBeanFactory - Returning cached instance of singleton bean 'discoveryClientHealthIndicator'
12099 [main] DEBUG o.s.c.c.d.h.DiscoveryClientHealthIndicator - Discovery Client has been initialized
12099 [main] DEBUG o.s.c.s.DefaultLifecycleProcessor - Successfully started bean 'org.springframework.cloud.netflix.eureka.EurekaDiscoveryClientConfiguration'
12099 [main] DEBUG o.s.c.s.DefaultLifecycleProcessor - Starting bean 'endpointMBeanExporter' of type [class org.springframework.boot.actuate.endpoint.jmx.EndpointMBeanExporter]
12100 [main] DEBUG o.s.b.f.s.DefaultListableBeanFactory - Returning cached instance of singleton bean 'featuresEndpoint'
12100 [main] DEBUG o.s.b.f.s.DefaultListableBeanFactory - Returning cached instance of singleton bean 'requestMappingEndpoint'
12100 [main] DEBUG o.s.b.f.s.DefaultListableBeanFactory - Returning cached instance of singleton bean 'environmentEndpoint'
12100 [main] DEBUG o.s.b.f.s.DefaultListableBeanFactory - Returning cached instance of singleton bean 'healthEndpoint'
12100 [main] DEBUG o.s.b.f.s.DefaultListableBeanFactory - Returning cached instance of singleton bean 'beansEndpoint'
12100 [main] DEBUG o.s.b.f.s.DefaultListableBeanFactory - Returning cached instance of singleton bean 'infoEndpoint'
12100 [main] DEBUG o.s.b.f.s.DefaultListableBeanFactory - Returning cached instance of singleton bean 'metricsEndpoint'
12100 [main] DEBUG o.s.b.f.s.DefaultListableBeanFactory - Returning cached instance of singleton bean 'traceEndpoint'
12100 [main] DEBUG o.s.b.f.s.DefaultListableBeanFactory - Returning cached instance of singleton bean 'dumpEndpoint'
12100 [main] DEBUG o.s.b.f.s.DefaultListableBeanFactory - Returning cached instance of singleton bean 'autoConfigurationReportEndpoint'
12100 [main] DEBUG o.s.b.f.s.DefaultListableBeanFactory - Returning cached instance of singleton bean 'shutdownEndpoint'
12100 [main] DEBUG o.s.b.f.s.DefaultListableBeanFactory - Returning cached instance of singleton bean 'configurationPropertiesReportEndpoint'
12100 [main] DEBUG o.s.b.f.s.DefaultListableBeanFactory - Returning cached instance of singleton bean 'refreshEndpoint'
12100 [main] DEBUG o.s.b.f.s.DefaultListableBeanFactory - Returning cached instance of singleton bean 'restartEndpoint'
12100 [main] DEBUG o.s.b.f.s.DefaultListableBeanFactory - Returning cached instance of singleton bean 'pauseEndpoint'
12100 [main] DEBUG o.s.b.f.s.DefaultListableBeanFactory - Returning cached instance of singleton bean 'resumeEndpoint'
12100 [main] DEBUG o.s.b.f.s.DefaultListableBeanFactory - Returning cached instance of singleton bean 'archaiusEndpoint'
12104 [main] INFO  o.s.b.a.e.jmx.EndpointMBeanExporter - Located managed bean 'featuresEndpoint': registering with JMX server as MBean [org.springframework.boot:type=Endpoint,name=featuresEndpoint]
12113 [main] INFO  o.s.b.a.e.jmx.EndpointMBeanExporter - Located managed bean 'requestMappingEndpoint': registering with JMX server as MBean [org.springframework.boot:type=Endpoint,name=requestMappingEndpoint]
12116 [main] INFO  o.s.b.a.e.jmx.EndpointMBeanExporter - Located managed bean 'environmentEndpoint': registering with JMX server as MBean [org.springframework.boot:type=Endpoint,name=environmentEndpoint]
12119 [main] INFO  o.s.b.a.e.jmx.EndpointMBeanExporter - Located managed bean 'healthEndpoint': registering with JMX server as MBean [org.springframework.boot:type=Endpoint,name=healthEndpoint]
12122 [main] INFO  o.s.b.a.e.jmx.EndpointMBeanExporter - Located managed bean 'beansEndpoint': registering with JMX server as MBean [org.springframework.boot:type=Endpoint,name=beansEndpoint]
12124 [main] INFO  o.s.b.a.e.jmx.EndpointMBeanExporter - Located managed bean 'infoEndpoint': registering with JMX server as MBean [org.springframework.boot:type=Endpoint,name=infoEndpoint]
12127 [main] INFO  o.s.b.a.e.jmx.EndpointMBeanExporter - Located managed bean 'metricsEndpoint': registering with JMX server as MBean [org.springframework.boot:type=Endpoint,name=metricsEndpoint]
12130 [main] INFO  o.s.b.a.e.jmx.EndpointMBeanExporter - Located managed bean 'traceEndpoint': registering with JMX server as MBean [org.springframework.boot:type=Endpoint,name=traceEndpoint]
12132 [main] INFO  o.s.b.a.e.jmx.EndpointMBeanExporter - Located managed bean 'dumpEndpoint': registering with JMX server as MBean [org.springframework.boot:type=Endpoint,name=dumpEndpoint]
12136 [main] INFO  o.s.b.a.e.jmx.EndpointMBeanExporter - Located managed bean 'autoConfigurationReportEndpoint': registering with JMX server as MBean [org.springframework.boot:type=Endpoint,name=autoConfigurationReportEndpoint]
12139 [main] INFO  o.s.b.a.e.jmx.EndpointMBeanExporter - Located managed bean 'configurationPropertiesReportEndpoint': registering with JMX server as MBean [org.springframework.boot:type=Endpoint,name=configurationPropertiesReportEndpoint]
12141 [main] INFO  o.s.b.a.e.jmx.EndpointMBeanExporter - Located managed bean 'archaiusEndpoint': registering with JMX server as MBean [org.springframework.boot:type=Endpoint,name=archaiusEndpoint]
12143 [main] DEBUG o.s.c.s.DefaultLifecycleProcessor - Successfully started bean 'endpointMBeanExporter'
12143 [main] DEBUG o.s.b.f.s.DefaultListableBeanFactory - Returning cached instance of singleton bean 'org.springframework.boot.autoconfigure.internalCachingMetadataReaderFactory'
12143 [main] DEBUG o.s.b.f.s.DefaultListableBeanFactory - Returning cached instance of singleton bean 'org.springframework.boot.context.properties.ConfigurationPropertiesBindingPostProcessor'
12143 [main] DEBUG o.s.b.f.s.DefaultListableBeanFactory - Returning cached instance of singleton bean 'mvcResourceUrlProvider'
12143 [main] DEBUG o.s.b.f.s.DefaultListableBeanFactory - Returning cached instance of singleton bean 'org.springframework.context.annotation.internalScheduledAnnotationProcessor'
12146 [main] DEBUG o.s.b.f.s.DefaultListableBeanFactory - Returning cached instance of singleton bean 'restartEndpoint'
12146 [main] DEBUG o.s.b.f.s.DefaultListableBeanFactory - Returning cached instance of singleton bean 'refreshScope'
12147 [Thread-7] INFO  o.s.c.n.e.s.EurekaServerBootstrap - isAws returned false
12148 [Thread-7] INFO  o.s.c.n.e.s.EurekaServerBootstrap - Initialized server context
12148 [Thread-7] INFO  c.n.e.r.PeerAwareInstanceRegistryImpl - Got 1 instances from neighboring DS node
12148 [Thread-7] INFO  c.n.e.r.PeerAwareInstanceRegistryImpl - Renew threshold is: 1
12148 [Thread-7] INFO  c.n.e.r.PeerAwareInstanceRegistryImpl - Changing status to UP
12154 [Thread-7] INFO  o.s.c.n.e.s.EurekaServerInitializerConfiguration - Started Eureka Server
12167 [main] DEBUG o.s.b.a.l.AutoConfigurationReportLoggingInitializer - 


=========================
AUTO-CONFIGURATION REPORT
=========================


Positive matches:
-----------------

   ArchaiusAutoConfiguration matched:
      - @ConditionalOnClass found required classes 'com.netflix.config.ConcurrentCompositeConfiguration', 'org.apache.commons.configuration.ConfigurationBuilder' (OnClassCondition)

   ArchaiusAutoConfiguration.ArchaiusEndpointConfiguration matched:
      - @ConditionalOnClass found required class 'org.springframework.boot.actuate.endpoint.Endpoint' (OnClassCondition)

   ArchaiusAutoConfiguration.PropagateEventsConfiguration matched:
      - @ConditionalOnClass found required class 'org.springframework.cloud.context.environment.EnvironmentChangeEvent' (OnClassCondition)
      - @ConditionalOnProperty (archaius.propagate.environmentChangedEvent) matched (OnPropertyCondition)

   AuditAutoConfiguration#auditListener matched:
      - @ConditionalOnMissingBean (types: org.springframework.boot.actuate.audit.listener.AbstractAuditListener; SearchStrategy: all) did not find any beans (OnBeanCondition)

   AuditAutoConfiguration.AuditEventRepositoryConfiguration matched:
      - @ConditionalOnMissingBean (types: org.springframework.boot.actuate.audit.AuditEventRepository; SearchStrategy: all) did not find any beans (OnBeanCondition)

   CommonsClientAutoConfiguration matched:
      - @ConditionalOnClass found required class 'org.springframework.boot.actuate.health.HealthIndicator' (OnClassCondition)
      - @ConditionalOnProperty (spring.cloud.discovery.enabled) matched (OnPropertyCondition)
      - @ConditionalOnBean (types: org.springframework.cloud.client.discovery.DiscoveryClient; SearchStrategy: all) found bean 'discoveryClient' (OnBeanCondition)

   CommonsClientAutoConfiguration#discoveryClientHealthIndicator matched:
      - @ConditionalOnProperty (spring.cloud.discovery.client.health-indicator.enabled) matched (OnPropertyCondition)

   CommonsClientAutoConfiguration#discoveryCompositeHealthIndicator matched:
      - @ConditionalOnProperty (spring.cloud.discovery.client.composite-indicator.enabled) matched (OnPropertyCondition)

   CommonsClientAutoConfiguration.ActuatorConfiguration matched:
      - @ConditionalOnClass found required class 'org.springframework.boot.actuate.endpoint.Endpoint' (OnClassCondition)
      - @ConditionalOnProperty (spring.cloud.features.enabled) matched (OnPropertyCondition)

   ConfigurationPropertiesRebinderAutoConfiguration matched:
      - @ConditionalOnBean (types: org.springframework.boot.context.properties.ConfigurationPropertiesBindingPostProcessor; SearchStrategy: all) found bean 'org.springframework.boot.context.properties.ConfigurationPropertiesBindingPostProcessor' (OnBeanCondition)

   ConfigurationPropertiesRebinderAutoConfiguration#configurationPropertiesBeans matched:
      - @ConditionalOnMissingBean (types: org.springframework.cloud.context.properties.ConfigurationPropertiesBeans; SearchStrategy: current) did not find any beans (OnBeanCondition)

   ConfigurationPropertiesRebinderAutoConfiguration#configurationPropertiesRebinder matched:
      - @ConditionalOnMissingBean (types: org.springframework.cloud.context.properties.ConfigurationPropertiesRebinder; SearchStrategy: current) did not find any beans (OnBeanCondition)

   DispatcherServletAutoConfiguration matched:
      - @ConditionalOnClass found required class 'org.springframework.web.servlet.DispatcherServlet' (OnClassCondition)
      - @ConditionalOnWebApplication (required) found StandardServletEnvironment (OnWebApplicationCondition)

   DispatcherServletAutoConfiguration.DispatcherServletConfiguration matched:
      - @ConditionalOnClass found required class 'javax.servlet.ServletRegistration' (OnClassCondition)
      - Default DispatcherServlet did not find dispatcher servlet beans (DispatcherServletAutoConfiguration.DefaultDispatcherServletCondition)

   DispatcherServletAutoConfiguration.DispatcherServletRegistrationConfiguration matched:
      - @ConditionalOnClass found required class 'javax.servlet.ServletRegistration' (OnClassCondition)
      - DispatcherServlet Registration did not find servlet registration bean (DispatcherServletAutoConfiguration.DispatcherServletRegistrationCondition)

   DispatcherServletAutoConfiguration.DispatcherServletRegistrationConfiguration#dispatcherServletRegistration matched:
      - @ConditionalOnBean (names: dispatcherServlet; types: org.springframework.web.servlet.DispatcherServlet; SearchStrategy: all) found beans 'dispatcherServlet', 'dispatcherServlet' (OnBeanCondition)

   EmbeddedServletContainerAutoConfiguration matched:
      - @ConditionalOnWebApplication (required) found StandardServletEnvironment (OnWebApplicationCondition)

   EmbeddedServletContainerAutoConfiguration.EmbeddedTomcat matched:
      - @ConditionalOnClass found required classes 'javax.servlet.Servlet', 'org.apache.catalina.startup.Tomcat' (OnClassCondition)
      - @ConditionalOnMissingBean (types: org.springframework.boot.context.embedded.EmbeddedServletContainerFactory; SearchStrategy: current) did not find any beans (OnBeanCondition)

   EndpointAutoConfiguration#autoConfigurationReportEndpoint matched:
      - @ConditionalOnBean (types: org.springframework.boot.autoconfigure.condition.ConditionEvaluationReport; SearchStrategy: all) found bean 'autoConfigurationReport'; @ConditionalOnMissingBean (types: org.springframework.boot.actuate.endpoint.AutoConfigurationReportEndpoint; SearchStrategy: current) did not find any beans (OnBeanCondition)

   EndpointAutoConfiguration#beansEndpoint matched:
      - @ConditionalOnMissingBean (types: org.springframework.boot.actuate.endpoint.BeansEndpoint; SearchStrategy: all) did not find any beans (OnBeanCondition)

   EndpointAutoConfiguration#configurationPropertiesReportEndpoint matched:
      - @ConditionalOnMissingBean (types: org.springframework.boot.actuate.endpoint.ConfigurationPropertiesReportEndpoint; SearchStrategy: all) did not find any beans (OnBeanCondition)

   EndpointAutoConfiguration#dumpEndpoint matched:
      - @ConditionalOnMissingBean (types: org.springframework.boot.actuate.endpoint.DumpEndpoint; SearchStrategy: all) did not find any beans (OnBeanCondition)

   EndpointAutoConfiguration#environmentEndpoint matched:
      - @ConditionalOnMissingBean (types: org.springframework.boot.actuate.endpoint.EnvironmentEndpoint; SearchStrategy: all) did not find any beans (OnBeanCondition)

   EndpointAutoConfiguration#healthEndpoint matched:
      - @ConditionalOnMissingBean (types: org.springframework.boot.actuate.endpoint.HealthEndpoint; SearchStrategy: all) did not find any beans (OnBeanCondition)

   EndpointAutoConfiguration#infoEndpoint matched:
      - @ConditionalOnMissingBean (types: org.springframework.boot.actuate.endpoint.InfoEndpoint; SearchStrategy: all) did not find any beans (OnBeanCondition)

   EndpointAutoConfiguration#metricsEndpoint matched:
      - @ConditionalOnMissingBean (types: org.springframework.boot.actuate.endpoint.MetricsEndpoint; SearchStrategy: all) did not find any beans (OnBeanCondition)

   EndpointAutoConfiguration#shutdownEndpoint matched:
      - @ConditionalOnMissingBean (types: org.springframework.boot.actuate.endpoint.ShutdownEndpoint; SearchStrategy: all) did not find any beans (OnBeanCondition)

   EndpointAutoConfiguration#traceEndpoint matched:
      - @ConditionalOnMissingBean (types: org.springframework.boot.actuate.endpoint.TraceEndpoint; SearchStrategy: all) did not find any beans (OnBeanCondition)

   EndpointAutoConfiguration.RequestMappingEndpointConfiguration matched:
      - @ConditionalOnClass found required class 'org.springframework.web.servlet.handler.AbstractHandlerMethodMapping' (OnClassCondition)

   EndpointAutoConfiguration.RequestMappingEndpointConfiguration#requestMappingEndpoint matched:
      - @ConditionalOnMissingBean (types: org.springframework.boot.actuate.endpoint.RequestMappingEndpoint; SearchStrategy: all) did not find any beans (OnBeanCondition)

   EndpointMBeanExportAutoConfiguration matched:
      - JMX Enabled found properties spring.jmx.enabled, endpoints.jmx.enabled (EndpointMBeanExportAutoConfiguration.JmxEnabledCondition)

   EndpointWebMvcAutoConfiguration matched:
      - @ConditionalOnClass found required classes 'javax.servlet.Servlet', 'org.springframework.web.servlet.DispatcherServlet' (OnClassCondition)
      - @ConditionalOnWebApplication (required) found StandardServletEnvironment (OnWebApplicationCondition)

   EndpointWebMvcAutoConfiguration.ApplicationContextFilterConfiguration matched:
      - @ConditionalOnProperty (management.add-application-context-header=true) matched (OnPropertyCondition)

   EndpointWebMvcAutoConfiguration.EndpointWebMvcConfiguration matched:
      - Management Server MVC port is same (EndpointWebMvcAutoConfiguration.OnManagementMvcCondition)

   EndpointWebMvcManagementContextConfiguration#endpointHandlerMapping matched:
      - @ConditionalOnMissingBean (types: org.springframework.boot.actuate.endpoint.mvc.EndpointHandlerMapping; SearchStrategy: all) did not find any beans (OnBeanCondition)

   EndpointWebMvcManagementContextConfiguration#environmentMvcEndpoint matched:
      - @ConditionalOnBean (types: org.springframework.boot.actuate.endpoint.EnvironmentEndpoint; SearchStrategy: all) found bean 'environmentEndpoint' (OnBeanCondition)
      - @ConditionalOnEnabledEndpoint All endpoints are enabled by default (OnEnabledEndpointCondition)

   EndpointWebMvcManagementContextConfiguration#healthMvcEndpoint matched:
      - @ConditionalOnBean (types: org.springframework.boot.actuate.endpoint.HealthEndpoint; SearchStrategy: all) found bean 'healthEndpoint' (OnBeanCondition)
      - @ConditionalOnEnabledEndpoint All endpoints are enabled by default (OnEnabledEndpointCondition)

   EndpointWebMvcManagementContextConfiguration#heapdumpMvcEndpoint matched:
      - @ConditionalOnMissingBean (types: org.springframework.boot.actuate.endpoint.mvc.HeapdumpMvcEndpoint; SearchStrategy: all) did not find any beans (OnBeanCondition)
      - @ConditionalOnEnabledEndpoint All endpoints are enabled by default (OnEnabledEndpointCondition)

   EndpointWebMvcManagementContextConfiguration#metricsMvcEndpoint matched:
      - @ConditionalOnBean (types: org.springframework.boot.actuate.endpoint.MetricsEndpoint; SearchStrategy: all) found bean 'metricsEndpoint' (OnBeanCondition)
      - @ConditionalOnEnabledEndpoint All endpoints are enabled by default (OnEnabledEndpointCondition)

   EndpointWebMvcManagementContextConfiguration#mvcEndpoints matched:
      - @ConditionalOnMissingBean (types: org.springframework.boot.actuate.endpoint.mvc.MvcEndpoints; SearchStrategy: all) did not find any beans (OnBeanCondition)

   ErrorMvcAutoConfiguration matched:
      - @ConditionalOnClass found required classes 'javax.servlet.Servlet', 'org.springframework.web.servlet.DispatcherServlet' (OnClassCondition)
      - @ConditionalOnWebApplication (required) found StandardServletEnvironment (OnWebApplicationCondition)

   ErrorMvcAutoConfiguration#basicErrorController matched:
      - @ConditionalOnMissingBean (types: org.springframework.boot.autoconfigure.web.ErrorController; SearchStrategy: current) did not find any beans (OnBeanCondition)

   ErrorMvcAutoConfiguration#conventionErrorViewResolver matched:
      - @ConditionalOnBean (types: org.springframework.web.servlet.DispatcherServlet; SearchStrategy: all) found bean 'dispatcherServlet'; @ConditionalOnMissingBean (types: org.springframework.boot.autoconfigure.web.DefaultErrorViewResolver; SearchStrategy: all) did not find any beans (OnBeanCondition)

   ErrorMvcAutoConfiguration#errorAttributes matched:
      - @ConditionalOnMissingBean (types: org.springframework.boot.autoconfigure.web.ErrorAttributes; SearchStrategy: current) did not find any beans (OnBeanCondition)

   ErrorMvcAutoConfiguration.WhitelabelErrorViewConfiguration matched:
      - @ConditionalOnProperty (server.error.whitelabel.enabled) matched (OnPropertyCondition)
      - ErrorTemplate Missing did not find error template view (ErrorMvcAutoConfiguration.ErrorTemplateMissingCondition)

   ErrorMvcAutoConfiguration.WhitelabelErrorViewConfiguration#beanNameViewResolver matched:
      - @ConditionalOnMissingBean (types: org.springframework.web.servlet.view.BeanNameViewResolver; SearchStrategy: all) did not find any beans (OnBeanCondition)

   ErrorMvcAutoConfiguration.WhitelabelErrorViewConfiguration#defaultErrorView matched:
      - @ConditionalOnMissingBean (names: error; SearchStrategy: all) did not find any beans (OnBeanCondition)

   EurekaClientAutoConfiguration matched:
      - @ConditionalOnClass found required class 'com.netflix.discovery.EurekaClientConfig' (OnClassCondition)
      - @ConditionalOnProperty (eureka.client.enabled) matched (OnPropertyCondition)

   EurekaClientAutoConfiguration#discoveryClientOptionalArgs matched:
      - @ConditionalOnMissingBean (types: com.netflix.discovery.DiscoveryClient$DiscoveryClientOptionalArgs; SearchStrategy: current) did not find any beans (OnBeanCondition)

   EurekaClientAutoConfiguration#eurekaClientConfigBean matched:
      - @ConditionalOnMissingBean (types: com.netflix.discovery.EurekaClientConfig; SearchStrategy: current) did not find any beans (OnBeanCondition)

   EurekaClientAutoConfiguration#eurekaInstanceConfigBean matched:
      - @ConditionalOnMissingBean (types: com.netflix.appinfo.EurekaInstanceConfig; SearchStrategy: current) did not find any beans (OnBeanCondition)

   EurekaClientAutoConfiguration.RefreshableEurekaClientConfiguration matched:
      - AllNestedConditions 1 matched 0 did not; NestedCondition on EurekaClientAutoConfiguration.OnRefreshScopeCondition.FoundScope found matching nested conditions @ConditionalOnClass found required class 'org.springframework.cloud.context.scope.refresh.RefreshScope', @ConditionalOnBean (types: org.springframework.cloud.autoconfigure.RefreshAutoConfiguration; SearchStrategy: all) found bean 'org.springframework.cloud.autoconfigure.RefreshAutoConfiguration' (EurekaClientAutoConfiguration.OnRefreshScopeCondition)

   EurekaClientAutoConfiguration.RefreshableEurekaClientConfiguration#eurekaApplicationInfoManager matched:
      - @ConditionalOnMissingBean (types: com.netflix.appinfo.ApplicationInfoManager; SearchStrategy: current) did not find any beans (OnBeanCondition)

   EurekaClientAutoConfiguration.RefreshableEurekaClientConfiguration#eurekaClient matched:
      - @ConditionalOnMissingBean (types: com.netflix.discovery.EurekaClient; SearchStrategy: current) did not find any beans (OnBeanCondition)

   EurekaDiscoveryClientConfiguration matched:
      - @ConditionalOnClass found required class 'com.netflix.discovery.EurekaClientConfig' (OnClassCondition)
      - @ConditionalOnProperty (eureka.client.enabled) matched (OnPropertyCondition)

   EurekaDiscoveryClientConfiguration.EurekaClientConfigurationRefresher matched:
      - @ConditionalOnClass found required class 'org.springframework.cloud.context.scope.refresh.RefreshScopeRefreshedEvent' (OnClassCondition)

   EurekaDiscoveryClientConfiguration.EurekaHealthIndicatorConfiguration matched:
      - @ConditionalOnClass found required class 'org.springframework.boot.actuate.endpoint.Endpoint' (OnClassCondition)

   EurekaDiscoveryClientConfiguration.EurekaHealthIndicatorConfiguration#eurekaHealthIndicator matched:
      - @ConditionalOnMissingBean (types: org.springframework.cloud.netflix.eureka.EurekaHealthIndicator; SearchStrategy: all) did not find any beans (OnBeanCondition)

   EurekaServerConfiguration#eurekaController matched:
      - @ConditionalOnProperty (eureka.dashboard.enabled) matched (OnPropertyCondition)

   EurekaServerConfiguration.EurekaServerConfigBeanConfiguration#eurekaServerConfig matched:
      - @ConditionalOnMissingBean (types: com.netflix.eureka.EurekaServerConfig; SearchStrategy: all) did not find any beans (OnBeanCondition)

   FreeMarkerAutoConfiguration matched:
      - @ConditionalOnClass found required classes 'freemarker.template.Configuration', 'org.springframework.ui.freemarker.FreeMarkerConfigurationFactory' (OnClassCondition)

   FreeMarkerAutoConfiguration.FreeMarkerWebConfiguration matched:
      - @ConditionalOnClass found required class 'javax.servlet.Servlet' (OnClassCondition)
      - @ConditionalOnWebApplication (required) found StandardServletEnvironment (OnWebApplicationCondition)

   FreeMarkerAutoConfiguration.FreeMarkerWebConfiguration#freeMarkerConfigurer matched:
      - @ConditionalOnMissingBean (types: org.springframework.web.servlet.view.freemarker.FreeMarkerConfig; SearchStrategy: all) did not find any beans (OnBeanCondition)

   FreeMarkerAutoConfiguration.FreeMarkerWebConfiguration#freeMarkerViewResolver matched:
      - @ConditionalOnProperty (spring.freemarker.enabled) matched (OnPropertyCondition)
      - @ConditionalOnMissingBean (names: freeMarkerViewResolver; SearchStrategy: all) did not find any beans (OnBeanCondition)

   GenericCacheConfiguration matched:
      - Cache org.springframework.boot.autoconfigure.cache.GenericCacheConfiguration automatic cache type (CacheCondition)

   GuavaCacheConfiguration matched:
      - @ConditionalOnClass found required classes 'com.google.common.cache.CacheBuilder', 'org.springframework.cache.guava.GuavaCacheManager' (OnClassCondition)
      - Cache org.springframework.boot.autoconfigure.cache.GuavaCacheConfiguration automatic cache type (CacheCondition)

   HealthIndicatorAutoConfiguration#healthAggregator matched:
      - @ConditionalOnMissingBean (types: org.springframework.boot.actuate.health.HealthAggregator; SearchStrategy: all) did not find any beans (OnBeanCondition)

   HealthIndicatorAutoConfiguration.DiskSpaceHealthIndicatorConfiguration matched:
      - @ConditionalOnEnabledHealthIndicator management.health.defaults.enabled is considered true (OnEnabledHealthIndicatorCondition)

   HealthIndicatorAutoConfiguration.DiskSpaceHealthIndicatorConfiguration#diskSpaceHealthIndicator matched:
      - @ConditionalOnMissingBean (names: diskSpaceHealthIndicator; SearchStrategy: all) did not find any beans (OnBeanCondition)

   HttpEncodingAutoConfiguration matched:
      - @ConditionalOnClass found required class 'org.springframework.web.filter.CharacterEncodingFilter' (OnClassCondition)
      - @ConditionalOnWebApplication (required) found StandardServletEnvironment (OnWebApplicationCondition)
      - @ConditionalOnProperty (spring.http.encoding.enabled) matched (OnPropertyCondition)

   HttpEncodingAutoConfiguration#characterEncodingFilter matched:
      - @ConditionalOnMissingBean (types: org.springframework.web.filter.CharacterEncodingFilter; SearchStrategy: all) did not find any beans (OnBeanCondition)

   HttpMessageConvertersAutoConfiguration matched:
      - @ConditionalOnClass found required class 'org.springframework.http.converter.HttpMessageConverter' (OnClassCondition)

   HttpMessageConvertersAutoConfiguration#messageConverters matched:
      - @ConditionalOnMissingBean (types: org.springframework.boot.autoconfigure.web.HttpMessageConverters; SearchStrategy: all) did not find any beans (OnBeanCondition)

   HttpMessageConvertersAutoConfiguration.StringHttpMessageConverterConfiguration matched:
      - @ConditionalOnClass found required class 'org.springframework.http.converter.StringHttpMessageConverter' (OnClassCondition)

   HttpMessageConvertersAutoConfiguration.StringHttpMessageConverterConfiguration#stringHttpMessageConverter matched:
      - @ConditionalOnMissingBean (types: org.springframework.http.converter.StringHttpMessageConverter; SearchStrategy: all) did not find any beans (OnBeanCondition)

   HystrixAutoConfiguration matched:
      - @ConditionalOnClass found required classes 'com.netflix.hystrix.Hystrix', 'org.springframework.boot.actuate.health.HealthIndicator' (OnClassCondition)

   HystrixAutoConfiguration#hystrixHealthIndicator matched:
      - @ConditionalOnEnabledHealthIndicator management.health.defaults.enabled is considered true (OnEnabledHealthIndicatorCondition)

   InfoContributorAutoConfiguration#envInfoContributor matched:
      - @ConditionalOnEnabledInfoContributor management.info.defaults.enabled is considered true (OnEnabledInfoContributorCondition)

   JacksonAutoConfiguration matched:
      - @ConditionalOnClass found required class 'com.fasterxml.jackson.databind.ObjectMapper' (OnClassCondition)

   JacksonAutoConfiguration.Jackson2ObjectMapperBuilderCustomizerConfiguration matched:
      - @ConditionalOnClass found required classes 'com.fasterxml.jackson.databind.ObjectMapper', 'org.springframework.http.converter.json.Jackson2ObjectMapperBuilder' (OnClassCondition)

   JacksonAutoConfiguration.JacksonObjectMapperBuilderConfiguration matched:
      - @ConditionalOnClass found required classes 'com.fasterxml.jackson.databind.ObjectMapper', 'org.springframework.http.converter.json.Jackson2ObjectMapperBuilder' (OnClassCondition)

   JacksonAutoConfiguration.JacksonObjectMapperBuilderConfiguration#jacksonObjectMapperBuilder matched:
      - @ConditionalOnMissingBean (types: org.springframework.http.converter.json.Jackson2ObjectMapperBuilder; SearchStrategy: all) did not find any beans (OnBeanCondition)

   JacksonAutoConfiguration.JacksonObjectMapperConfiguration matched:
      - @ConditionalOnClass found required classes 'com.fasterxml.jackson.databind.ObjectMapper', 'org.springframework.http.converter.json.Jackson2ObjectMapperBuilder' (OnClassCondition)

   JacksonAutoConfiguration.JacksonObjectMapperConfiguration#jacksonObjectMapper matched:
      - @ConditionalOnMissingBean (types: com.fasterxml.jackson.databind.ObjectMapper; SearchStrategy: all) did not find any beans (OnBeanCondition)

   JacksonHttpMessageConvertersConfiguration.MappingJackson2HttpMessageConverterConfiguration matched:
      - @ConditionalOnClass found required class 'com.fasterxml.jackson.databind.ObjectMapper' (OnClassCondition)
      - @ConditionalOnProperty (spring.http.converters.preferred-json-mapper=jackson) matched (OnPropertyCondition)
      - @ConditionalOnBean (types: com.fasterxml.jackson.databind.ObjectMapper; SearchStrategy: all) found bean 'jacksonObjectMapper' (OnBeanCondition)

   JacksonHttpMessageConvertersConfiguration.MappingJackson2HttpMessageConverterConfiguration#mappingJackson2HttpMessageConverter matched:
      - @ConditionalOnMissingBean (types: org.springframework.http.converter.json.MappingJackson2HttpMessageConverter; SearchStrategy: all) did not find any beans (OnBeanCondition)

   JacksonHttpMessageConvertersConfiguration.MappingJackson2XmlHttpMessageConverterConfiguration matched:
      - @ConditionalOnClass found required class 'com.fasterxml.jackson.dataformat.xml.XmlMapper' (OnClassCondition)
      - @ConditionalOnBean (types: org.springframework.http.converter.json.Jackson2ObjectMapperBuilder; SearchStrategy: all) found bean 'jacksonObjectMapperBuilder' (OnBeanCondition)

   JacksonHttpMessageConvertersConfiguration.MappingJackson2XmlHttpMessageConverterConfiguration#mappingJackson2XmlHttpMessageConverter matched:
      - @ConditionalOnMissingBean (types: org.springframework.http.converter.xml.MappingJackson2XmlHttpMessageConverter; SearchStrategy: all) did not find any beans (OnBeanCondition)

   JmxAutoConfiguration matched:
      - @ConditionalOnClass found required class 'org.springframework.jmx.export.MBeanExporter' (OnClassCondition)
      - @ConditionalOnProperty (spring.jmx.enabled=true) matched (OnPropertyCondition)

   JmxAutoConfiguration#mbeanExporter matched:
      - @ConditionalOnMissingBean (types: org.springframework.jmx.export.MBeanExporter; SearchStrategy: current) did not find any beans (OnBeanCondition)

   JmxAutoConfiguration#mbeanServer matched:
      - @ConditionalOnMissingBean (types: javax.management.MBeanServer; SearchStrategy: all) did not find any beans (OnBeanCondition)

   JmxAutoConfiguration#objectNamingStrategy matched:
      - @ConditionalOnMissingBean (types: org.springframework.jmx.export.naming.ObjectNamingStrategy; SearchStrategy: current) did not find any beans (OnBeanCondition)

   LifecycleMvcEndpointAutoConfiguration matched:
      - @ConditionalOnClass found required class 'org.springframework.boot.actuate.endpoint.EnvironmentEndpoint' (OnClassCondition)
      - @ConditionalOnWebApplication (required) found StandardServletEnvironment (OnWebApplicationCondition)
      - @ConditionalOnBean (types: org.springframework.cloud.context.restart.RestartEndpoint; SearchStrategy: all) found bean 'restartEndpoint' (OnBeanCondition)

   LifecycleMvcEndpointAutoConfiguration#environmentManagerEndpoint matched:
      - @ConditionalOnProperty (endpoints.env.post.enabled) matched (OnPropertyCondition)
      - @ConditionalOnBean (types: org.springframework.boot.actuate.endpoint.EnvironmentEndpoint; SearchStrategy: all) found bean 'environmentEndpoint' (OnBeanCondition)

   LifecycleMvcEndpointAutoConfiguration#pauseMvcEndpoint matched:
      - @ConditionalOnBean (types: org.springframework.cloud.context.restart.RestartEndpoint$PauseEndpoint; SearchStrategy: all) found bean 'pauseEndpoint' (OnBeanCondition)

   LifecycleMvcEndpointAutoConfiguration#refreshMvcEndpoint matched:
      - @ConditionalOnBean (types: org.springframework.cloud.endpoint.RefreshEndpoint; SearchStrategy: all) found bean 'refreshEndpoint' (OnBeanCondition)

   LifecycleMvcEndpointAutoConfiguration#resumeMvcEndpoint matched:
      - @ConditionalOnBean (types: org.springframework.cloud.context.restart.RestartEndpoint$ResumeEndpoint; SearchStrategy: all) found bean 'resumeEndpoint' (OnBeanCondition)

   LoadBalancerAutoConfiguration matched:
      - @ConditionalOnClass found required class 'org.springframework.web.client.RestTemplate' (OnClassCondition)
      - @ConditionalOnBean (types: org.springframework.cloud.client.loadbalancer.LoadBalancerClient; SearchStrategy: all) found bean 'loadBalancerClient' (OnBeanCondition)

   LoadBalancerAutoConfiguration#restTemplateCustomizer matched:
      - @ConditionalOnMissingBean (types: org.springframework.cloud.client.loadbalancer.RestTemplateCustomizer; SearchStrategy: all) did not find any beans (OnBeanCondition)

   ManagementServerPropertiesAutoConfiguration#managementServerProperties matched:
      - @ConditionalOnMissingBean (types: org.springframework.boot.actuate.autoconfigure.ManagementServerProperties; SearchStrategy: all) did not find any beans (OnBeanCondition)

   MetricExportAutoConfiguration matched:
      - @ConditionalOnProperty (spring.metrics.export.enabled) matched (OnPropertyCondition)

   MetricExportAutoConfiguration#metricWritersMetricExporter matched:
      - @ConditionalOnMissingBean (names: metricWritersMetricExporter; SearchStrategy: all) did not find any beans (OnBeanCondition)

   MetricExportAutoConfiguration.MetricExportPropertiesConfiguration#metricExportProperties matched:
      - @ConditionalOnMissingBean (types: org.springframework.boot.actuate.metrics.export.MetricExportProperties; SearchStrategy: all) did not find any beans (OnBeanCondition)

   MetricFilterAutoConfiguration matched:
      - @ConditionalOnClass found required classes 'javax.servlet.Servlet', 'javax.servlet.ServletRegistration', 'org.springframework.web.filter.OncePerRequestFilter', 'org.springframework.web.servlet.HandlerMapping' (OnClassCondition)
      - @ConditionalOnProperty (endpoints.metrics.filter.enabled) matched (OnPropertyCondition)
      - @ConditionalOnBean (types: org.springframework.boot.actuate.metrics.CounterService,org.springframework.boot.actuate.metrics.GaugeService; SearchStrategy: all) found beans 'servoMetricServices', 'servoMetricServices' (OnBeanCondition)

   MetricsInterceptorConfiguration matched:
      - @ConditionalOnClass found required classes 'com.netflix.servo.monitor.Monitors', 'org.springframework.boot.actuate.metrics.reader.MetricReader' (OnClassCondition)
      - @ConditionalOnProperty (spring.cloud.netflix.metrics.enabled=true) matched (OnPropertyCondition)

   MetricsInterceptorConfiguration.MetricsWebResourceConfiguration matched:
      - @ConditionalOnWebApplication (required) found StandardServletEnvironment (OnWebApplicationCondition)

   MultipartAutoConfiguration matched:
      - @ConditionalOnClass found required classes 'javax.servlet.Servlet', 'org.springframework.web.multipart.support.StandardServletMultipartResolver', 'javax.servlet.MultipartConfigElement' (OnClassCondition)
      - @ConditionalOnProperty (spring.http.multipart.enabled) matched (OnPropertyCondition)

   MultipartAutoConfiguration#multipartConfigElement matched:
      - @ConditionalOnMissingBean (types: javax.servlet.MultipartConfigElement; SearchStrategy: all) did not find any beans (OnBeanCondition)

   MultipartAutoConfiguration#multipartResolver matched:
      - @ConditionalOnMissingBean (types: org.springframework.web.multipart.MultipartResolver; SearchStrategy: all) did not find any beans (OnBeanCondition)

   NoOpCacheConfiguration matched:
      - Cache org.springframework.boot.autoconfigure.cache.NoOpCacheConfiguration automatic cache type (CacheCondition)

   PropertyPlaceholderAutoConfiguration#propertySourcesPlaceholderConfigurer matched:
      - @ConditionalOnMissingBean (types: org.springframework.context.support.PropertySourcesPlaceholderConfigurer; SearchStrategy: current) did not find any beans (OnBeanCondition)

   PublicMetricsAutoConfiguration.TomcatMetricsConfiguration matched:
      - @ConditionalOnClass found required classes 'javax.servlet.Servlet', 'org.apache.catalina.startup.Tomcat' (OnClassCondition)
      - @ConditionalOnWebApplication (required) found StandardServletEnvironment (OnWebApplicationCondition)

   PublicMetricsAutoConfiguration.TomcatMetricsConfiguration#tomcatPublicMetrics matched:
      - @ConditionalOnMissingBean (types: org.springframework.boot.actuate.endpoint.TomcatPublicMetrics; SearchStrategy: all) did not find any beans (OnBeanCondition)

   RedisCacheConfiguration matched:
      - Cache org.springframework.boot.autoconfigure.cache.RedisCacheConfiguration automatic cache type (CacheCondition)

   RefreshAutoConfiguration matched:
      - @ConditionalOnClass found required class 'org.springframework.cloud.context.scope.refresh.RefreshScope' (OnClassCondition)

   RefreshAutoConfiguration#contextRefresher matched:
      - @ConditionalOnMissingBean (types: org.springframework.cloud.context.refresh.ContextRefresher; SearchStrategy: all) did not find any beans (OnBeanCondition)

   RefreshAutoConfiguration#environmentManager matched:
      - @ConditionalOnMissingBean (types: org.springframework.cloud.context.environment.EnvironmentManager; SearchStrategy: all) did not find any beans (OnBeanCondition)

   RefreshAutoConfiguration#loggingRebinder matched:
      - @ConditionalOnMissingBean (types: org.springframework.cloud.logging.LoggingRebinder; SearchStrategy: all) did not find any beans (OnBeanCondition)

   RefreshAutoConfiguration#refreshScope matched:
      - @ConditionalOnMissingBean (types: org.springframework.cloud.context.scope.refresh.RefreshScope; SearchStrategy: all) did not find any beans (OnBeanCondition)

   RefreshEndpointAutoConfiguration matched:
      - @ConditionalOnClass found required class 'org.springframework.boot.actuate.endpoint.Endpoint' (OnClassCondition)

   RefreshEndpointAutoConfiguration#refreshScopeHealthIndicator matched:
      - @ConditionalOnMissingBean (types: org.springframework.cloud.health.RefreshScopeHealthIndicator; SearchStrategy: all) did not find any beans (OnBeanCondition)
      - @ConditionalOnEnabledHealthIndicator management.health.defaults.enabled is considered true (OnEnabledHealthIndicatorCondition)

   RefreshEndpointAutoConfiguration.RefreshEndpointConfiguration matched:
      - @ConditionalOnProperty (endpoints.refresh.enabled) matched (OnPropertyCondition)
      - @ConditionalOnBean (types: org.springframework.cloud.bootstrap.config.PropertySourceBootstrapConfiguration; SearchStrategy: all) found bean 'propertySourceBootstrapConfiguration' (OnBeanCondition)

   RefreshEndpointAutoConfiguration.RefreshEndpointConfiguration#refreshEndpoint matched:
      - @ConditionalOnMissingBean (types: org.springframework.cloud.endpoint.RefreshEndpoint; SearchStrategy: all) did not find any beans (OnBeanCondition)

   RefreshEndpointAutoConfiguration.RestartEndpointWithoutIntegration matched:
      - @ConditionalOnMissingClass did not find unwanted class 'org.springframework.integration.monitor.IntegrationMBeanExporter' (OnClassCondition)

   RefreshEndpointAutoConfiguration.RestartEndpointWithoutIntegration#restartEndpoint matched:
      - @ConditionalOnMissingBean (types: org.springframework.cloud.context.restart.RestartEndpoint; SearchStrategy: all) did not find any beans (OnBeanCondition)

   RibbonAutoConfiguration matched:
      - @ConditionalOnClass found required classes 'com.netflix.client.IClient', 'org.springframework.web.client.RestTemplate' (OnClassCondition)

   RibbonAutoConfiguration#loadBalancerClient matched:
      - @ConditionalOnMissingBean (types: org.springframework.cloud.client.loadbalancer.LoadBalancerClient; SearchStrategy: all) did not find any beans (OnBeanCondition)

   RibbonEurekaAutoConfiguration matched:
      - @ConditionalOnClass found required class 'com.netflix.niws.loadbalancer.DiscoveryEnabledNIWSServerList' (OnClassCondition)
      - @ConditionalOnProperty (ribbon.eureka.enabled) matched (OnPropertyCondition)
      - @ConditionalOnBean (types: org.springframework.cloud.netflix.ribbon.SpringClientFactory; SearchStrategy: all) found bean 'springClientFactory' (OnBeanCondition)

   RxJavaAutoConfiguration matched:
      - @ConditionalOnClass found required class 'rx.Observable' (OnClassCondition)
      - @ConditionalOnWebApplication (required) found StandardServletEnvironment (OnWebApplicationCondition)

   RxJavaAutoConfiguration.RxJavaReturnValueHandlerConfig matched:
      - @ConditionalOnClass found required class 'org.springframework.web.method.support.AsyncHandlerMethodReturnValueHandler' (OnClassCondition)

   ServerPropertiesAutoConfiguration matched:
      - @ConditionalOnWebApplication (required) found StandardServletEnvironment (OnWebApplicationCondition)

   ServerPropertiesAutoConfiguration#serverProperties matched:
      - @ConditionalOnMissingBean (types: org.springframework.boot.autoconfigure.web.ServerProperties; SearchStrategy: current) did not find any beans (OnBeanCondition)

   ServoMetricsAutoConfiguration matched:
      - @ConditionalOnClass found required classes 'com.netflix.servo.monitor.Monitors', 'org.springframework.boot.actuate.metrics.reader.MetricReader'; @ConditionalOnMissingClass did not find unwanted class 'com.netflix.spectator.api.Registry' (OnClassCondition)
      - @ConditionalOnProperty (spring.metrics.servo.enabled) matched (OnPropertyCondition)

   ServoMetricsAutoConfiguration#monitorRegistry matched:
      - @ConditionalOnMissingBean (types: com.netflix.servo.MonitorRegistry; SearchStrategy: all) did not find any beans (OnBeanCondition)

   ServoMetricsAutoConfiguration#servoMetricNaming matched:
      - @ConditionalOnMissingBean (types: org.springframework.cloud.netflix.metrics.servo.ServoMetricNaming; SearchStrategy: all) did not find any beans (OnBeanCondition)

   ServoMetricsAutoConfiguration#servoMetricServices matched:
      - @ConditionalOnMissingBean (types: org.springframework.boot.actuate.metrics.CounterService,org.springframework.boot.actuate.metrics.GaugeService; SearchStrategy: all) did not find any beans (OnBeanCondition)

   ServoMetricsAutoConfiguration#servoMetricsConfig matched:
      - @ConditionalOnMissingBean (types: org.springframework.cloud.netflix.metrics.servo.ServoMetricsConfigBean; SearchStrategy: all) did not find any beans (OnBeanCondition)

   SimpleCacheConfiguration matched:
      - Cache org.springframework.boot.autoconfigure.cache.SimpleCacheConfiguration automatic cache type (CacheCondition)

   TraceRepositoryAutoConfiguration#traceRepository matched:
      - @ConditionalOnMissingBean (types: org.springframework.boot.actuate.trace.TraceRepository; SearchStrategy: all) did not find any beans (OnBeanCondition)

   TraceWebFilterAutoConfiguration matched:
      - @ConditionalOnClass found required classes 'javax.servlet.Servlet', 'org.springframework.web.servlet.DispatcherServlet', 'javax.servlet.ServletRegistration' (OnClassCondition)

   TraceWebFilterAutoConfiguration#webRequestLoggingFilter matched:
      - @ConditionalOnMissingBean (types: org.springframework.boot.actuate.trace.WebRequestTraceFilter; SearchStrategy: all) did not find any beans (OnBeanCondition)

   UtilAutoConfiguration matched:
      - @ConditionalOnProperty (spring.cloud.util.enabled) matched (OnPropertyCondition)

   UtilAutoConfiguration#inetUtils matched:
      - @ConditionalOnMissingBean (types: org.springframework.cloud.commons.util.InetUtils; SearchStrategy: all) did not find any beans (OnBeanCondition)

   WebClientAutoConfiguration.RestTemplateConfiguration matched:
      - @ConditionalOnClass found required class 'org.springframework.web.client.RestTemplate' (OnClassCondition)

   WebClientAutoConfiguration.RestTemplateConfiguration#restTemplateBuilder matched:
      - @ConditionalOnMissingBean (types: org.springframework.boot.web.client.RestTemplateBuilder; SearchStrategy: all) did not find any beans (OnBeanCondition)

   WebMvcAutoConfiguration matched:
      - @ConditionalOnClass found required classes 'javax.servlet.Servlet', 'org.springframework.web.servlet.DispatcherServlet', 'org.springframework.web.servlet.config.annotation.WebMvcConfigurerAdapter' (OnClassCondition)
      - @ConditionalOnWebApplication (required) found StandardServletEnvironment (OnWebApplicationCondition)
      - @ConditionalOnMissingBean (types: org.springframework.web.servlet.config.annotation.WebMvcConfigurationSupport; SearchStrategy: all) did not find any beans (OnBeanCondition)

   WebMvcAutoConfiguration#hiddenHttpMethodFilter matched:
      - @ConditionalOnMissingBean (types: org.springframework.web.filter.HiddenHttpMethodFilter; SearchStrategy: all) did not find any beans (OnBeanCondition)

   WebMvcAutoConfiguration#httpPutFormContentFilter matched:
      - @ConditionalOnProperty (spring.mvc.formcontent.putfilter.enabled) matched (OnPropertyCondition)
      - @ConditionalOnMissingBean (types: org.springframework.web.filter.HttpPutFormContentFilter; SearchStrategy: all) did not find any beans (OnBeanCondition)

   WebMvcAutoConfiguration.WebMvcAutoConfigurationAdapter#defaultViewResolver matched:
      - @ConditionalOnMissingBean (types: org.springframework.web.servlet.view.InternalResourceViewResolver; SearchStrategy: all) did not find any beans (OnBeanCondition)

   WebMvcAutoConfiguration.WebMvcAutoConfigurationAdapter#requestContextFilter matched:
      - @ConditionalOnMissingBean (types: org.springframework.web.context.request.RequestContextListener,org.springframework.web.filter.RequestContextFilter; SearchStrategy: all) did not find any beans (OnBeanCondition)

   WebMvcAutoConfiguration.WebMvcAutoConfigurationAdapter#viewResolver matched:
      - @ConditionalOnBean (types: org.springframework.web.servlet.ViewResolver; SearchStrategy: all) found beans 'defaultViewResolver', 'beanNameViewResolver', 'mvcViewResolver'; @ConditionalOnMissingBean (names: viewResolver; types: org.springframework.web.servlet.view.ContentNegotiatingViewResolver; SearchStrategy: all) did not find any beans (OnBeanCondition)

   WebMvcAutoConfiguration.WebMvcAutoConfigurationAdapter.FaviconConfiguration matched:
      - @ConditionalOnProperty (spring.mvc.favicon.enabled) matched (OnPropertyCondition)

   WebSocketAutoConfiguration matched:
      - @ConditionalOnClass found required classes 'javax.servlet.Servlet', 'javax.websocket.server.ServerContainer' (OnClassCondition)
      - @ConditionalOnWebApplication (required) found StandardServletEnvironment (OnWebApplicationCondition)

   WebSocketAutoConfiguration.TomcatWebSocketConfiguration matched:
      - @ConditionalOnClass found required classes 'org.apache.catalina.startup.Tomcat', 'org.apache.tomcat.websocket.server.WsSci' (OnClassCondition)

   WebSocketAutoConfiguration.TomcatWebSocketConfiguration#websocketContainerCustomizer matched:
      - @ConditionalOnJava (1.7 or newer) found 1.8 (OnJavaCondition)
      - @ConditionalOnMissingBean (names: websocketContainerCustomizer; SearchStrategy: all) did not find any beans (OnBeanCondition)


Negative matches:
-----------------

   ActiveMQAutoConfiguration:
      Did not match:
         - @ConditionalOnClass did not find required classes 'javax.jms.ConnectionFactory', 'org.apache.activemq.ActiveMQConnectionFactory' (OnClassCondition)

   AopAutoConfiguration:
      Did not match:
         - @ConditionalOnClass did not find required classes 'org.aspectj.lang.annotation.Aspect', 'org.aspectj.lang.reflect.Advice' (OnClassCondition)

   ArtemisAutoConfiguration:
      Did not match:
         - @ConditionalOnClass did not find required classes 'javax.jms.ConnectionFactory', 'org.apache.activemq.artemis.jms.client.ActiveMQConnectionFactory' (OnClassCondition)

   AuditAutoConfiguration#authenticationAuditListener:
      Did not match:
         - @ConditionalOnClass did not find required class 'org.springframework.security.authentication.event.AbstractAuthenticationEvent' (OnClassCondition)

   AuditAutoConfiguration#authorizationAuditListener:
      Did not match:
         - @ConditionalOnClass did not find required class 'org.springframework.security.access.event.AbstractAuthorizationEvent' (OnClassCondition)

   BatchAutoConfiguration:
      Did not match:
         - @ConditionalOnClass did not find required classes 'org.springframework.batch.core.launch.JobLauncher', 'org.springframework.jdbc.core.JdbcOperations' (OnClassCondition)

   CacheAutoConfiguration:
      Did not match:
         - @ConditionalOnBean (types: org.springframework.cache.interceptor.CacheAspectSupport; SearchStrategy: all) did not find any beans (OnBeanCondition)
      Matched:
         - @ConditionalOnClass found required class 'org.springframework.cache.CacheManager' (OnClassCondition)

   CacheAutoConfiguration.CacheManagerJpaDependencyConfiguration:
      Did not match:
         - @ConditionalOnClass did not find required class 'org.springframework.orm.jpa.LocalContainerEntityManagerFactoryBean' (OnClassCondition)
         - Ancestor org.springframework.boot.autoconfigure.cache.CacheAutoConfiguration did not match (ConditionEvaluationReport.AncestorsMatchedCondition)

   CacheStatisticsAutoConfiguration:
      Did not match:
         - @ConditionalOnBean (types: org.springframework.cache.CacheManager; SearchStrategy: all) did not find any beans (OnBeanCondition)

   CacheStatisticsAutoConfiguration.CaffeineCacheStatisticsProviderConfiguration:
      Did not match:
         - @ConditionalOnClass did not find required class 'com.github.benmanes.caffeine.cache.Caffeine' (OnClassCondition)
         - Ancestor org.springframework.boot.actuate.autoconfigure.CacheStatisticsAutoConfiguration did not match (ConditionEvaluationReport.AncestorsMatchedCondition)

   CacheStatisticsAutoConfiguration.ConcurrentMapCacheStatisticsConfiguration:
      Did not match:
         - Ancestor org.springframework.boot.actuate.autoconfigure.CacheStatisticsAutoConfiguration did not match (ConditionEvaluationReport.AncestorsMatchedCondition)
      Matched:
         - @ConditionalOnClass found required class 'org.springframework.cache.concurrent.ConcurrentMapCache' (OnClassCondition)

   CacheStatisticsAutoConfiguration.EhCacheCacheStatisticsProviderConfiguration:
      Did not match:
         - @ConditionalOnClass did not find required classes 'net.sf.ehcache.Ehcache', 'net.sf.ehcache.statistics.StatisticsGateway' (OnClassCondition)
         - Ancestor org.springframework.boot.actuate.autoconfigure.CacheStatisticsAutoConfiguration did not match (ConditionEvaluationReport.AncestorsMatchedCondition)

   CacheStatisticsAutoConfiguration.GuavaCacheStatisticsConfiguration:
      Did not match:
         - Ancestor org.springframework.boot.actuate.autoconfigure.CacheStatisticsAutoConfiguration did not match (ConditionEvaluationReport.AncestorsMatchedCondition)
      Matched:
         - @ConditionalOnClass found required classes 'com.google.common.cache.Cache', 'org.springframework.cache.guava.GuavaCache' (OnClassCondition)

   CacheStatisticsAutoConfiguration.HazelcastCacheStatisticsConfiguration:
      Did not match:
         - @ConditionalOnClass did not find required classes 'com.hazelcast.core.IMap', 'com.hazelcast.spring.cache.HazelcastCache' (OnClassCondition)
         - Ancestor org.springframework.boot.actuate.autoconfigure.CacheStatisticsAutoConfiguration did not match (ConditionEvaluationReport.AncestorsMatchedCondition)

   CacheStatisticsAutoConfiguration.InfinispanCacheStatisticsProviderConfiguration:
      Did not match:
         - @ConditionalOnClass did not find required class 'org.infinispan.spring.provider.SpringCache' (OnClassCondition)
         - Ancestor org.springframework.boot.actuate.autoconfigure.CacheStatisticsAutoConfiguration did not match (ConditionEvaluationReport.AncestorsMatchedCondition)

   CacheStatisticsAutoConfiguration.JCacheCacheStatisticsProviderConfiguration:
      Did not match:
         - @ConditionalOnClass did not find required class 'javax.cache.Caching' (OnClassCondition)
         - Ancestor org.springframework.boot.actuate.autoconfigure.CacheStatisticsAutoConfiguration did not match (ConditionEvaluationReport.AncestorsMatchedCondition)

   CacheStatisticsAutoConfiguration.NoOpCacheStatisticsConfiguration:
      Did not match:
         - Ancestor org.springframework.boot.actuate.autoconfigure.CacheStatisticsAutoConfiguration did not match (ConditionEvaluationReport.AncestorsMatchedCondition)
      Matched:
         - @ConditionalOnClass found required class 'org.springframework.cache.support.NoOpCacheManager' (OnClassCondition)

   CaffeineCacheConfiguration:
      Did not match:
         - @ConditionalOnClass did not find required class 'com.github.benmanes.caffeine.cache.Caffeine' (OnClassCondition)

   CassandraAutoConfiguration:
      Did not match:
         - @ConditionalOnClass did not find required class 'com.datastax.driver.core.Cluster' (OnClassCondition)

   CassandraDataAutoConfiguration:
      Did not match:
         - @ConditionalOnClass did not find required classes 'com.datastax.driver.core.Cluster', 'org.springframework.data.cassandra.core.CassandraAdminOperations' (OnClassCondition)

   CassandraRepositoriesAutoConfiguration:
      Did not match:
         - @ConditionalOnClass did not find required classes 'com.datastax.driver.core.Session', 'org.springframework.data.cassandra.repository.CassandraRepository' (OnClassCondition)

   CloudAutoConfiguration:
      Did not match:
         - @ConditionalOnClass did not find required class 'org.springframework.cloud.config.java.CloudScanConfiguration' (OnClassCondition)

   CloudHypermediaAutoConfiguration:
      Did not match:
         - @ConditionalOnBean (types: org.springframework.cloud.client.hypermedia.RemoteResource; SearchStrategy: all) did not find any beans (OnBeanCondition)

   CouchbaseAutoConfiguration:
      Did not match:
         - @ConditionalOnClass did not find required classes 'com.couchbase.client.java.CouchbaseBucket', 'com.couchbase.client.java.Cluster' (OnClassCondition)

   CouchbaseCacheConfiguration:
      Did not match:
         - @ConditionalOnClass did not find required classes 'com.couchbase.client.java.Bucket', 'com.couchbase.client.spring.cache.CouchbaseCacheManager' (OnClassCondition)

   CouchbaseDataAutoConfiguration:
      Did not match:
         - @ConditionalOnClass did not find required classes 'com.couchbase.client.java.Bucket', 'org.springframework.data.couchbase.repository.CouchbaseRepository' (OnClassCondition)

   CouchbaseRepositoriesAutoConfiguration:
      Did not match:
         - @ConditionalOnClass did not find required classes 'com.couchbase.client.java.Bucket', 'org.springframework.data.couchbase.repository.CouchbaseRepository' (OnClassCondition)

   CrshAutoConfiguration:
      Did not match:
         - @ConditionalOnClass did not find required class 'org.crsh.plugin.PluginLifeCycle' (OnClassCondition)

   DataSourceAutoConfiguration:
      Did not match:
         - @ConditionalOnClass did not find required class 'org.springframework.jdbc.datasource.embedded.EmbeddedDatabaseType' (OnClassCondition)

   DataSourceTransactionManagerAutoConfiguration:
      Did not match:
         - @ConditionalOnClass did not find required classes 'org.springframework.jdbc.core.JdbcTemplate', 'org.springframework.transaction.PlatformTransactionManager' (OnClassCondition)

   DeviceDelegatingViewResolverAutoConfiguration:
      Did not match:
         - @ConditionalOnClass did not find required class 'org.springframework.mobile.device.view.LiteDeviceDelegatingViewResolver' (OnClassCondition)

   DeviceResolverAutoConfiguration:
      Did not match:
         - @ConditionalOnClass did not find required classes 'org.springframework.mobile.device.DeviceResolverHandlerInterceptor', 'org.springframework.mobile.device.DeviceHandlerMethodArgumentResolver' (OnClassCondition)

   DispatcherServletAutoConfiguration.DispatcherServletConfiguration#multipartResolver:
      Did not match:
         - @ConditionalOnBean (types: org.springframework.web.multipart.MultipartResolver; SearchStrategy: all) did not find any beans (OnBeanCondition)

   EhCacheCacheConfiguration:
      Did not match:
         - @ConditionalOnClass did not find required class 'net.sf.ehcache.Cache' (OnClassCondition)

   ElasticsearchAutoConfiguration:
      Did not match:
         - @ConditionalOnClass did not find required classes 'org.elasticsearch.client.Client', 'org.springframework.data.elasticsearch.client.TransportClientFactoryBean', 'org.springframework.data.elasticsearch.client.NodeClientFactoryBean' (OnClassCondition)

   ElasticsearchDataAutoConfiguration:
      Did not match:
         - @ConditionalOnClass did not find required classes 'org.elasticsearch.client.Client', 'org.springframework.data.elasticsearch.core.ElasticsearchTemplate' (OnClassCondition)

   ElasticsearchHealthIndicatorConfiguration.ElasticsearchClientHealthIndicatorConfiguration:
      Did not match:
         - @ConditionalOnBean (types: org.elasticsearch.client.Client; SearchStrategy: all) did not find any beans (OnBeanCondition)
      Matched:
         - @ConditionalOnEnabledHealthIndicator management.health.defaults.enabled is considered true (OnEnabledHealthIndicatorCondition)

   ElasticsearchHealthIndicatorConfiguration.ElasticsearchJestHealthIndicatorConfiguration:
      Did not match:
         - @ConditionalOnBean (types: io.searchbox.client.JestClient; SearchStrategy: all) did not find any beans (OnBeanCondition)
      Matched:
         - @ConditionalOnEnabledHealthIndicator management.health.defaults.enabled is considered true (OnEnabledHealthIndicatorCondition)

   ElasticsearchRepositoriesAutoConfiguration:
      Did not match:
         - @ConditionalOnClass did not find required classes 'org.elasticsearch.client.Client', 'org.springframework.data.elasticsearch.repository.ElasticsearchRepository' (OnClassCondition)

   EmbeddedMongoAutoConfiguration:
      Did not match:
         - @ConditionalOnClass did not find required classes 'com.mongodb.Mongo', 'de.flapdoodle.embed.mongo.MongodStarter' (OnClassCondition)

   EmbeddedServletContainerAutoConfiguration.EmbeddedJetty:
      Did not match:
         - @ConditionalOnClass did not find required classes 'org.eclipse.jetty.server.Server', 'org.eclipse.jetty.util.Loader', 'org.eclipse.jetty.webapp.WebAppContext' (OnClassCondition)

   EmbeddedServletContainerAutoConfiguration.EmbeddedUndertow:
      Did not match:
         - @ConditionalOnClass did not find required classes 'io.undertow.Undertow', 'org.xnio.SslClientAuthMode' (OnClassCondition)

   EndpointAutoConfiguration.FlywayEndpointConfiguration:
      Did not match:
         - @ConditionalOnClass did not find required class 'org.flywaydb.core.Flyway' (OnClassCondition)

   EndpointAutoConfiguration.LiquibaseEndpointConfiguration:
      Did not match:
         - @ConditionalOnClass did not find required class 'liquibase.integration.spring.SpringLiquibase' (OnClassCondition)

   EndpointMBeanExportAutoConfiguration#mbeanServer:
      Did not match:
         - @ConditionalOnMissingBean (types: javax.management.MBeanServer; SearchStrategy: all) found bean 'mbeanServer' (OnBeanCondition)

   EndpointWebMvcHypermediaManagementContextConfiguration:
      Did not match:
         - @ConditionalOnClass did not find required class 'org.springframework.hateoas.Link' (OnClassCondition)

   EndpointWebMvcManagementContextConfiguration#logfileMvcEndpoint:
      Did not match:
         - Log File did not find logging file (EndpointWebMvcManagementContextConfiguration.LogFileCondition)

   EndpointWebMvcManagementContextConfiguration#shutdownMvcEndpoint:
      Did not match:
         - @ConditionalOnEnabledEndpoint (shutdown) disabled (OnEnabledEndpointCondition)
      Matched:
         - @ConditionalOnBean (types: org.springframework.boot.actuate.endpoint.ShutdownEndpoint; SearchStrategy: all) found bean 'shutdownEndpoint' (OnBeanCondition)

   EurekaClientAutoConfiguration.EurekaClientConfiguration:
      Did not match:
         - AnyNestedCondition 0 matched 2 did not; NestedCondition on EurekaClientAutoConfiguration.OnMissingRefreshScopeCondition.MissingScope @ConditionalOnMissingBean (types: org.springframework.cloud.autoconfigure.RefreshAutoConfiguration; SearchStrategy: all) found bean 'org.springframework.cloud.autoconfigure.RefreshAutoConfiguration'; NestedCondition on EurekaClientAutoConfiguration.OnMissingRefreshScopeCondition.MissingClass @ConditionalOnMissingClass found unwanted class 'org.springframework.cloud.context.scope.refresh.RefreshScope' (EurekaClientAutoConfiguration.OnMissingRefreshScopeCondition)

   EurekaClientConfigServerAutoConfiguration:
      Did not match:
         - @ConditionalOnClass did not find required class 'org.springframework.cloud.config.server.config.ConfigServerProperties' (OnClassCondition)

   EurekaDiscoveryClientConfigServiceAutoConfiguration:
      Did not match:
         - @ConditionalOnProperty (spring.cloud.config.discovery.enabled) did not find property 'spring.cloud.config.discovery.enabled' (OnPropertyCondition)

   EurekaDiscoveryClientConfiguration.EurekaHealthCheckHandlerConfiguration:
      Did not match:
         - @ConditionalOnProperty (eureka.client.healthcheck.enabled) did not find property 'eureka.client.healthcheck.enabled' (OnPropertyCondition)

   FacebookAutoConfiguration:
      Did not match:
         - @ConditionalOnClass did not find required classes 'org.springframework.social.config.annotation.SocialConfigurerAdapter', 'org.springframework.social.facebook.connect.FacebookConnectionFactory' (OnClassCondition)

   FallbackWebSecurityAutoConfiguration:
      Did not match:
         - @ConditionalOnClass did not find required class 'org.springframework.security.config.annotation.web.configuration.EnableWebSecurity' (OnClassCondition)

   FeignAcceptGzipEncodingAutoConfiguration:
      Did not match:
         - @ConditionalOnClass did not find required class 'feign.Feign' (OnClassCondition)

   FeignAutoConfiguration:
      Did not match:
         - @ConditionalOnClass did not find required class 'feign.Feign' (OnClassCondition)

   FeignContentGzipEncodingAutoConfiguration:
      Did not match:
         - @ConditionalOnClass did not find required class 'feign.Feign' (OnClassCondition)

   FeignRibbonClientAutoConfiguration:
      Did not match:
         - @ConditionalOnClass did not find required class 'feign.Feign' (OnClassCondition)

   FlywayAutoConfiguration:
      Did not match:
         - @ConditionalOnClass did not find required class 'org.flywaydb.core.Flyway' (OnClassCondition)

   FreeMarkerAutoConfiguration.FreeMarkerNonWebConfiguration:
      Did not match:
         - @ConditionalOnWebApplication found StandardServletEnvironment (OnWebApplicationCondition)

   FreeMarkerAutoConfiguration.FreeMarkerWebConfiguration#resourceUrlEncodingFilter:
      Did not match:
         - @ConditionalOnEnabledResourceChain did not find class org.webjars.WebJarAssetLocator (OnEnabledResourceChainCondition)
      Matched:
         - @ConditionalOnMissingBean (types: org.springframework.web.servlet.resource.ResourceUrlEncodingFilter; SearchStrategy: all) did not find any beans (OnBeanCondition)

   GroovyTemplateAutoConfiguration:
      Did not match:
         - @ConditionalOnClass did not find required class 'groovy.text.markup.MarkupTemplateEngine' (OnClassCondition)

   GsonAutoConfiguration:
      Did not match:
         - @ConditionalOnClass did not find required class 'com.google.gson.Gson' (OnClassCondition)

   GsonHttpMessageConvertersConfiguration:
      Did not match:
         - @ConditionalOnClass did not find required class 'com.google.gson.Gson' (OnClassCondition)

   H2ConsoleAutoConfiguration:
      Did not match:
         - @ConditionalOnClass did not find required class 'org.h2.server.web.WebServlet' (OnClassCondition)

   HazelcastAutoConfiguration:
      Did not match:
         - @ConditionalOnClass did not find required class 'com.hazelcast.core.HazelcastInstance' (OnClassCondition)

   HazelcastCacheConfiguration:
      Did not match:
         - @ConditionalOnClass did not find required classes 'com.hazelcast.core.HazelcastInstance', 'com.hazelcast.spring.cache.HazelcastCacheManager' (OnClassCondition)

   HazelcastJpaDependencyAutoConfiguration:
      Did not match:
         - @ConditionalOnClass did not find required classes 'com.hazelcast.core.HazelcastInstance', 'org.springframework.orm.jpa.LocalContainerEntityManagerFactoryBean' (OnClassCondition)

   HealthIndicatorAutoConfiguration#applicationHealthIndicator:
      Did not match:
         - @ConditionalOnMissingBean (types: org.springframework.boot.actuate.health.HealthIndicator; SearchStrategy: all) found beans 'discoveryCompositeHealthIndicator', 'diskSpaceHealthIndicator' (OnBeanCondition)

   HealthIndicatorAutoConfiguration.CassandraHealthIndicatorConfiguration:
      Did not match:
         - @ConditionalOnClass did not find required classes 'org.springframework.data.cassandra.core.CassandraOperations', 'com.datastax.driver.core.Cluster' (OnClassCondition)

   HealthIndicatorAutoConfiguration.CouchbaseHealthIndicatorConfiguration:
      Did not match:
         - @ConditionalOnClass did not find required classes 'org.springframework.data.couchbase.core.CouchbaseOperations', 'com.couchbase.client.java.Bucket' (OnClassCondition)

   HealthIndicatorAutoConfiguration.DataSourcesHealthIndicatorConfiguration:
      Did not match:
         - @ConditionalOnClass did not find required class 'org.springframework.jdbc.core.JdbcTemplate' (OnClassCondition)

   HealthIndicatorAutoConfiguration.JmsHealthIndicatorConfiguration:
      Did not match:
         - @ConditionalOnBean (types: javax.jms.ConnectionFactory; SearchStrategy: all) did not find any beans (OnBeanCondition)
      Matched:
         - @ConditionalOnEnabledHealthIndicator management.health.defaults.enabled is considered true (OnEnabledHealthIndicatorCondition)

   HealthIndicatorAutoConfiguration.MailHealthIndicatorConfiguration:
      Did not match:
         - @ConditionalOnBean (types: org.springframework.mail.javamail.JavaMailSenderImpl; SearchStrategy: all) did not find any beans (OnBeanCondition)
      Matched:
         - @ConditionalOnEnabledHealthIndicator management.health.defaults.enabled is considered true (OnEnabledHealthIndicatorCondition)

   HealthIndicatorAutoConfiguration.MongoHealthIndicatorConfiguration:
      Did not match:
         - @ConditionalOnBean (types: org.springframework.data.mongodb.core.MongoTemplate; SearchStrategy: all) did not find any beans (OnBeanCondition)
      Matched:
         - @ConditionalOnEnabledHealthIndicator management.health.defaults.enabled is considered true (OnEnabledHealthIndicatorCondition)

   HealthIndicatorAutoConfiguration.RabbitHealthIndicatorConfiguration:
      Did not match:
         - @ConditionalOnBean (types: org.springframework.amqp.rabbit.core.RabbitTemplate; SearchStrategy: all) did not find any beans (OnBeanCondition)
      Matched:
         - @ConditionalOnEnabledHealthIndicator management.health.defaults.enabled is considered true (OnEnabledHealthIndicatorCondition)

   HealthIndicatorAutoConfiguration.RedisHealthIndicatorConfiguration:
      Did not match:
         - @ConditionalOnBean (types: org.springframework.data.redis.connection.RedisConnectionFactory; SearchStrategy: all) did not find any beans (OnBeanCondition)
      Matched:
         - @ConditionalOnEnabledHealthIndicator management.health.defaults.enabled is considered true (OnEnabledHealthIndicatorCondition)

   HealthIndicatorAutoConfiguration.SolrHealthIndicatorConfiguration:
      Did not match:
         - @ConditionalOnBean (types: org.apache.solr.client.solrj.SolrClient; SearchStrategy: all) did not find any beans (OnBeanCondition)
      Matched:
         - @ConditionalOnEnabledHealthIndicator management.health.defaults.enabled is considered true (OnEnabledHealthIndicatorCondition)

   HibernateJpaAutoConfiguration:
      Did not match:
         - @ConditionalOnClass did not find required classes 'org.springframework.orm.jpa.LocalContainerEntityManagerFactoryBean', 'org.springframework.transaction.annotation.EnableTransactionManagement', 'javax.persistence.EntityManager' (OnClassCondition)

   HornetQAutoConfiguration:
      Did not match:
         - @ConditionalOnClass did not find required classes 'javax.jms.ConnectionFactory', 'org.hornetq.api.jms.HornetQJMSClient' (OnClassCondition)

   HypermediaAutoConfiguration:
      Did not match:
         - @ConditionalOnClass did not find required classes 'org.springframework.hateoas.Resource', 'org.springframework.plugin.core.Plugin' (OnClassCondition)

   InfinispanCacheConfiguration:
      Did not match:
         - @ConditionalOnClass did not find required class 'org.infinispan.spring.provider.SpringEmbeddedCacheManager' (OnClassCondition)

   InfoContributorAutoConfiguration#buildInfoContributor:
      Did not match:
         - @ConditionalOnSingleCandidate (types: org.springframework.boot.info.BuildProperties; SearchStrategy: all) did not find any beans (OnBeanCondition)
      Matched:
         - @ConditionalOnEnabledInfoContributor management.info.defaults.enabled is considered true (OnEnabledInfoContributorCondition)

   InfoContributorAutoConfiguration#gitInfoContributor:
      Did not match:
         - @ConditionalOnSingleCandidate (types: org.springframework.boot.info.GitProperties; SearchStrategy: all) did not find any beans (OnBeanCondition)
      Matched:
         - @ConditionalOnEnabledInfoContributor management.info.defaults.enabled is considered true (OnEnabledInfoContributorCondition)

   IntegrationAutoConfiguration:
      Did not match:
         - @ConditionalOnClass did not find required class 'org.springframework.integration.config.EnableIntegration' (OnClassCondition)

   JCacheCacheConfiguration:
      Did not match:
         - @ConditionalOnClass did not find required class 'javax.cache.Caching' (OnClassCondition)

   JacksonAutoConfiguration.JodaDateTimeJacksonConfiguration:
      Did not match:
         - @ConditionalOnClass did not find required classes 'org.joda.time.DateTime', 'com.fasterxml.jackson.datatype.joda.ser.DateTimeSerializer', 'com.fasterxml.jackson.datatype.joda.cfg.JacksonJodaDateFormat' (OnClassCondition)

   JacksonAutoConfiguration.ParameterNamesModuleConfiguration:
      Did not match:
         - @ConditionalOnClass did not find required class 'com.fasterxml.jackson.module.paramnames.ParameterNamesModule' (OnClassCondition)

   JdbcTemplateAutoConfiguration:
      Did not match:
         - @ConditionalOnClass did not find required class 'org.springframework.jdbc.core.JdbcTemplate' (OnClassCondition)

   JerseyAutoConfiguration:
      Did not match:
         - @ConditionalOnClass did not find required class 'org.glassfish.jersey.server.spring.SpringComponentProvider' (OnClassCondition)

   JestAutoConfiguration:
      Did not match:
         - @ConditionalOnClass did not find required class 'io.searchbox.client.JestClient' (OnClassCondition)

   JmsAutoConfiguration:
      Did not match:
         - @ConditionalOnClass did not find required class 'org.springframework.jms.core.JmsTemplate' (OnClassCondition)

   JndiConnectionFactoryAutoConfiguration:
      Did not match:
         - @ConditionalOnClass did not find required class 'org.springframework.jms.core.JmsTemplate' (OnClassCondition)

   JndiDataSourceAutoConfiguration:
      Did not match:
         - @ConditionalOnClass did not find required class 'org.springframework.jdbc.datasource.embedded.EmbeddedDatabaseType' (OnClassCondition)

   JolokiaAutoConfiguration:
      Did not match:
         - @ConditionalOnClass did not find required class 'org.jolokia.http.AgentServlet' (OnClassCondition)

   JooqAutoConfiguration:
      Did not match:
         - @ConditionalOnClass did not find required class 'org.jooq.DSLContext' (OnClassCondition)

   JpaRepositoriesAutoConfiguration:
      Did not match:
         - @ConditionalOnClass did not find required class 'org.springframework.data.jpa.repository.JpaRepository' (OnClassCondition)

   JtaAutoConfiguration:
      Did not match:
         - @ConditionalOnClass did not find required class 'javax.transaction.Transaction' (OnClassCondition)

   LinkedInAutoConfiguration:
      Did not match:
         - @ConditionalOnClass did not find required classes 'org.springframework.social.config.annotation.SocialConfigurerAdapter', 'org.springframework.social.linkedin.connect.LinkedInConnectionFactory' (OnClassCondition)

   LiquibaseAutoConfiguration:
      Did not match:
         - @ConditionalOnClass did not find required class 'liquibase.integration.spring.SpringLiquibase' (OnClassCondition)

   MailSenderAutoConfiguration:
      Did not match:
         - @ConditionalOnClass did not find required class 'javax.mail.internet.MimeMessage' (OnClassCondition)

   MailSenderValidatorAutoConfiguration:
      Did not match:
         - @ConditionalOnProperty (spring.mail.test-connection) did not find property 'test-connection' (OnPropertyCondition)

   ManagementServerPropertiesAutoConfiguration#securityProperties:
      Did not match:
         - @ConditionalOnClass did not find required class 'org.springframework.security.config.annotation.web.configuration.EnableWebSecurity' (OnClassCondition)

   ManagementServerPropertiesAutoConfiguration#serverProperties:
      Did not match:
         - @ConditionalOnMissingBean (types: org.springframework.boot.autoconfigure.web.ServerProperties; SearchStrategy: all) found bean 'serverProperties' (OnBeanCondition)
      Matched:
         - @ConditionalOnWebApplication (required) found StandardServletEnvironment (OnWebApplicationCondition)

   ManagementWebSecurityAutoConfiguration:
      Did not match:
         - @ConditionalOnClass did not find required class 'org.springframework.security.config.annotation.web.configuration.EnableWebSecurity' (OnClassCondition)

   MessageSourceAutoConfiguration:
      Did not match:
         - ResourceBundle did not find bundle with basename messages (MessageSourceAutoConfiguration.ResourceBundleCondition)

   MetricExportAutoConfiguration.StatsdConfiguration#statsdMetricWriter:
      Did not match:
         - @ConditionalOnProperty (spring.metrics.export.statsd.host) did not find property 'host' (OnPropertyCondition)

   MetricRepositoryAutoConfiguration.FastMetricServicesConfiguration:
      Did not match:
         - @ConditionalOnMissingBean (types: org.springframework.boot.actuate.metrics.GaugeService; SearchStrategy: all) found bean 'servoMetricServices' (OnBeanCondition)
      Matched:
         - @ConditionalOnJava (1.8 or newer) found 1.8 (OnJavaCondition)

   MetricRepositoryAutoConfiguration.LegacyMetricRepositoryConfiguration:
      Did not match:
         - @ConditionalOnJava (older than 1.8) found 1.8 (OnJavaCondition)

   MetricRepositoryAutoConfiguration.LegacyMetricServicesConfiguration:
      Did not match:
         - @ConditionalOnJava (older than 1.8) found 1.8 (OnJavaCondition)

   MetricsChannelAutoConfiguration:
      Did not match:
         - @ConditionalOnClass did not find required class 'org.springframework.messaging.MessageChannel' (OnClassCondition)

   MetricsDropwizardAutoConfiguration:
      Did not match:
         - @ConditionalOnClass did not find required class 'com.codahale.metrics.MetricRegistry' (OnClassCondition)

   MetricsInterceptorConfiguration.MetricsRestTemplateAspectConfiguration:
      Did not match:
         - @ConditionalOnClass did not find required class 'org.aspectj.lang.JoinPoint' (OnClassCondition)

   MetricsInterceptorConfiguration.MetricsRestTemplateConfiguration:
      Did not match:
         - @ConditionalOnBean (types: org.springframework.web.client.RestTemplate; SearchStrategy: all) did not find any beans (OnBeanCondition)

   MongoAutoConfiguration:
      Did not match:
         - @ConditionalOnClass did not find required class 'com.mongodb.MongoClient' (OnClassCondition)

   MongoDataAutoConfiguration:
      Did not match:
         - @ConditionalOnClass did not find required classes 'com.mongodb.Mongo', 'org.springframework.data.mongodb.core.MongoTemplate' (OnClassCondition)

   MongoRepositoriesAutoConfiguration:
      Did not match:
         - @ConditionalOnClass did not find required classes 'com.mongodb.Mongo', 'org.springframework.data.mongodb.repository.MongoRepository' (OnClassCondition)

   MustacheAutoConfiguration:
      Did not match:
         - @ConditionalOnClass did not find required class 'com.samskivert.mustache.Mustache' (OnClassCondition)

   Neo4jDataAutoConfiguration:
      Did not match:
         - @ConditionalOnClass did not find required classes 'org.neo4j.ogm.session.Neo4jSession', 'org.springframework.data.neo4j.template.Neo4jOperations' (OnClassCondition)

   Neo4jRepositoriesAutoConfiguration:
      Did not match:
         - @ConditionalOnClass did not find required classes 'org.neo4j.ogm.session.Neo4jSession', 'org.springframework.data.neo4j.repository.GraphRepository' (OnClassCondition)

   NoopDiscoveryClientAutoConfiguration:
      Did not match:
         - @ConditionalOnMissingBean (types: org.springframework.cloud.client.discovery.DiscoveryClient; SearchStrategy: all) found bean 'discoveryClient' (OnBeanCondition)

   OAuth2AutoConfiguration:
      Did not match:
         - @ConditionalOnClass did not find required class 'org.springframework.security.oauth2.common.OAuth2AccessToken' (OnClassCondition)

   PersistenceExceptionTranslationAutoConfiguration:
      Did not match:
         - @ConditionalOnClass did not find required class 'org.springframework.dao.annotation.PersistenceExceptionTranslationPostProcessor' (OnClassCondition)

   ProjectInfoAutoConfiguration#buildProperties:
      Did not match:
         - @ConditionalOnResource did not find resource '${spring.info.build.location:classpath:META-INF/build-info.properties}' (OnResourceCondition)

   ProjectInfoAutoConfiguration#gitProperties:
      Did not match:
         - GitResource did not find git info at classpath:git.properties (ProjectInfoAutoConfiguration.GitResourceAvailableCondition)

   PublicMetricsAutoConfiguration#richGaugePublicMetrics:
      Did not match:
         - @ConditionalOnBean (types: org.springframework.boot.actuate.metrics.rich.RichGaugeReader; SearchStrategy: all) did not find any beans (OnBeanCondition)

   PublicMetricsAutoConfiguration.CacheStatisticsConfiguration:
      Did not match:
         - @ConditionalOnBean (types: org.springframework.cache.CacheManager; SearchStrategy: all) did not find any beans (OnBeanCondition)
      Matched:
         - @ConditionalOnClass found required class 'org.springframework.cache.CacheManager' (OnClassCondition)

   PublicMetricsAutoConfiguration.DataSourceMetricsConfiguration:
      Did not match:
         - @ConditionalOnBean (types: javax.sql.DataSource; SearchStrategy: all) did not find any beans (OnBeanCondition)
      Matched:
         - @ConditionalOnClass found required class 'javax.sql.DataSource' (OnClassCondition)

   PublicMetricsAutoConfiguration.IntegrationMetricsConfiguration:
      Did not match:
         - @ConditionalOnClass did not find required class 'org.springframework.integration.monitor.IntegrationMBeanExporter' (OnClassCondition)

   RabbitAutoConfiguration:
      Did not match:
         - @ConditionalOnClass did not find required classes 'org.springframework.amqp.rabbit.core.RabbitTemplate', 'com.rabbitmq.client.Channel' (OnClassCondition)

   ReactorAutoConfiguration:
      Did not match:
         - @ConditionalOnClass did not find required classes 'reactor.spring.context.config.EnableReactor', 'reactor.Environment' (OnClassCondition)

   RedisAutoConfiguration:
      Did not match:
         - @ConditionalOnClass did not find required classes 'org.springframework.data.redis.connection.jedis.JedisConnection', 'org.springframework.data.redis.core.RedisOperations', 'redis.clients.jedis.Jedis' (OnClassCondition)

   RedisRepositoriesAutoConfiguration:
      Did not match:
         - @ConditionalOnClass did not find required classes 'redis.clients.jedis.Jedis', 'org.springframework.data.redis.repository.configuration.EnableRedisRepositories' (OnClassCondition)

   RefreshEndpointAutoConfiguration#infoEndpointRebinderConfiguration:
      Did not match:
         - @ConditionalOnMissingClass found unwanted class 'org.springframework.boot.actuate.info.InfoContributor' (OnClassCondition)

   RefreshEndpointAutoConfiguration.RestartEndpointWithIntegration:
      Did not match:
         - @ConditionalOnClass did not find required class 'org.springframework.integration.monitor.IntegrationMBeanExporter' (OnClassCondition)

   RepositoryRestMvcAutoConfiguration:
      Did not match:
         - @ConditionalOnClass did not find required class 'org.springframework.data.rest.webmvc.config.RepositoryRestMvcConfiguration' (OnClassCondition)

   RibbonAutoConfiguration.RibbonClientConfig:
      Did not match:
         - @ConditionalOnProperty (ribbon.http.client.enabled) did not find property 'ribbon.http.client.enabled' (OnPropertyCondition)
      Matched:
         - @ConditionalOnClass found required class 'com.netflix.client.http.HttpRequest' (OnClassCondition)

   SecurityAutoConfiguration:
      Did not match:
         - @ConditionalOnClass did not find required classes 'org.springframework.security.authentication.AuthenticationManager', 'org.springframework.security.config.annotation.authentication.configurers.GlobalAuthenticationConfigurerAdapter' (OnClassCondition)

   SecurityFilterAutoConfiguration:
      Did not match:
         - @ConditionalOnClass did not find required classes 'org.springframework.security.web.context.AbstractSecurityWebApplicationInitializer', 'org.springframework.security.config.http.SessionCreationPolicy' (OnClassCondition)

   SendGridAutoConfiguration:
      Did not match:
         - @ConditionalOnClass did not find required class 'com.sendgrid.SendGrid' (OnClassCondition)

   SessionAutoConfiguration:
      Did not match:
         - @ConditionalOnClass did not find required class 'org.springframework.session.Session' (OnClassCondition)

   SitePreferenceAutoConfiguration:
      Did not match:
         - @ConditionalOnClass did not find required classes 'org.springframework.mobile.device.site.SitePreferenceHandlerInterceptor', 'org.springframework.mobile.device.site.SitePreferenceHandlerMethodArgumentResolver' (OnClassCondition)

   SocialWebAutoConfiguration:
      Did not match:
         - @ConditionalOnClass did not find required classes 'org.springframework.social.connect.web.ConnectController', 'org.springframework.social.config.annotation.SocialConfigurerAdapter' (OnClassCondition)

   SolrAutoConfiguration:
      Did not match:
         - @ConditionalOnClass did not find required classes 'org.apache.solr.client.solrj.impl.HttpSolrClient', 'org.apache.solr.client.solrj.impl.CloudSolrClient' (OnClassCondition)

   SolrRepositoriesAutoConfiguration:
      Did not match:
         - @ConditionalOnClass did not find required classes 'org.apache.solr.client.solrj.SolrClient', 'org.springframework.data.solr.repository.SolrRepository' (OnClassCondition)

   SpringApplicationAdminJmxAutoConfiguration:
      Did not match:
         - @ConditionalOnProperty (spring.application.admin.enabled=true) did not find property 'enabled' (OnPropertyCondition)

   SpringDataWebAutoConfiguration:
      Did not match:
         - @ConditionalOnClass did not find required class 'org.springframework.data.web.PageableHandlerMethodArgumentResolver' (OnClassCondition)

   ThymeleafAutoConfiguration:
      Did not match:
         - @ConditionalOnClass did not find required class 'org.thymeleaf.spring4.SpringTemplateEngine' (OnClassCondition)

   TransactionAutoConfiguration:
      Did not match:
         - @ConditionalOnClass did not find required classes 'org.springframework.transaction.support.TransactionTemplate', 'org.springframework.transaction.PlatformTransactionManager' (OnClassCondition)

   TwitterAutoConfiguration:
      Did not match:
         - @ConditionalOnClass did not find required classes 'org.springframework.social.config.annotation.SocialConfigurerAdapter', 'org.springframework.social.twitter.connect.TwitterConnectionFactory' (OnClassCondition)

   VelocityAutoConfiguration:
      Did not match:
         - @ConditionalOnClass did not find required class 'org.apache.velocity.app.VelocityEngine' (OnClassCondition)

   WebMvcAutoConfiguration.ResourceChainCustomizerConfiguration:
      Did not match:
         - @ConditionalOnEnabledResourceChain did not find class org.webjars.WebJarAssetLocator (OnEnabledResourceChainCondition)

   WebMvcAutoConfiguration.WebMvcAutoConfigurationAdapter#beanNameViewResolver:
      Did not match:
         - @ConditionalOnMissingBean (types: org.springframework.web.servlet.view.BeanNameViewResolver; SearchStrategy: all) found bean 'beanNameViewResolver' (OnBeanCondition)

   WebMvcAutoConfiguration.WebMvcAutoConfigurationAdapter#dateFormatter:
      Did not match:
         - @ConditionalOnProperty (spring.mvc.date-format) did not find property 'date-format' (OnPropertyCondition)

   WebMvcAutoConfiguration.WebMvcAutoConfigurationAdapter#localeResolver:
      Did not match:
         - @ConditionalOnProperty (spring.mvc.locale) did not find property 'locale' (OnPropertyCondition)

   WebServicesAutoConfiguration:
      Did not match:
         - @ConditionalOnClass did not find required class 'org.springframework.ws.transport.http.MessageDispatcherServlet' (OnClassCondition)

   WebSocketAutoConfiguration.JettyWebSocketConfiguration:
      Did not match:
         - @ConditionalOnClass did not find required class 'org.eclipse.jetty.websocket.jsr356.server.deploy.WebSocketServerContainerInitializer' (OnClassCondition)

   WebSocketAutoConfiguration.UndertowWebSocketConfiguration:
      Did not match:
         - @ConditionalOnClass did not find required class 'io.undertow.websockets.jsr.Bootstrap' (OnClassCondition)

   WebSocketMessagingAutoConfiguration:
      Did not match:
         - @ConditionalOnClass did not find required class 'org.springframework.web.socket.config.annotation.WebSocketMessageBrokerConfigurer' (OnClassCondition)

   XADataSourceAutoConfiguration:
      Did not match:
         - @ConditionalOnClass did not find required classes 'javax.transaction.TransactionManager', 'org.springframework.jdbc.datasource.embedded.EmbeddedDatabaseType' (OnClassCondition)


Exclusions:
-----------

    None


Unconditional classes:
----------------------

    org.springframework.boot.actuate.autoconfigure.InfoContributorAutoConfiguration

    org.springframework.boot.actuate.autoconfigure.HealthIndicatorAutoConfiguration

    org.springframework.boot.actuate.autoconfigure.PublicMetricsAutoConfiguration

    org.springframework.boot.autoconfigure.PropertyPlaceholderAutoConfiguration

    org.springframework.boot.actuate.autoconfigure.ManagementServerPropertiesAutoConfiguration

    org.springframework.boot.actuate.autoconfigure.AuditAutoConfiguration

    org.springframework.boot.autoconfigure.web.WebClientAutoConfiguration

    org.springframework.boot.actuate.autoconfigure.EndpointAutoConfiguration

    org.springframework.boot.autoconfigure.context.ConfigurationPropertiesAutoConfiguration

    org.springframework.boot.actuate.autoconfigure.TraceRepositoryAutoConfiguration

    org.springframework.boot.actuate.autoconfigure.MetricRepositoryAutoConfiguration

    org.springframework.boot.autoconfigure.info.ProjectInfoAutoConfiguration



12168 [main] DEBUG o.s.b.f.s.DefaultListableBeanFactory - Returning cached instance of singleton bean 'metricWritersMetricExporter'
12171 [main] DEBUG o.s.w.s.r.ResourceUrlProvider - Looking for resource handler mappings
12172 [main] DEBUG o.s.b.f.s.DefaultListableBeanFactory - Returning cached instance of singleton bean 'resourceHandlerMapping'
12172 [main] DEBUG o.s.b.f.s.DefaultListableBeanFactory - Returning cached instance of singleton bean 'faviconHandlerMapping'
12172 [main] DEBUG o.s.w.s.r.ResourceUrlProvider - Found resource handler mapping: URL pattern="/**/favicon.ico", locations=[ServletContext resource [/], class path resource [META-INF/resources/], class path resource [resources/], class path resource [static/], class path resource [public/], class path resource []], resolvers=[org.springframework.web.servlet.resource.PathResourceResolver@5d878b25]
12172 [main] DEBUG o.s.w.s.r.ResourceUrlProvider - Found resource handler mapping: URL pattern="/webjars/**", locations=[class path resource [META-INF/resources/webjars/]], resolvers=[org.springframework.web.servlet.resource.PathResourceResolver@28279a49]
12172 [main] DEBUG o.s.w.s.r.ResourceUrlProvider - Found resource handler mapping: URL pattern="/**", locations=[ServletContext resource [/], class path resource [META-INF/resources/], class path resource [resources/], class path resource [static/], class path resource [public/]], resolvers=[org.springframework.web.servlet.resource.PathResourceResolver@384fda47]
12172 [main] DEBUG o.s.b.f.s.DefaultListableBeanFactory - Returning cached instance of singleton bean 'org.springframework.boot.autoconfigure.internalCachingMetadataReaderFactory'
12173 [main] DEBUG o.s.b.f.s.DefaultListableBeanFactory - Returning cached instance of singleton bean 'org.springframework.boot.context.properties.ConfigurationPropertiesBindingPostProcessor'
12173 [main] DEBUG o.s.c.e.PropertySourcesPropertyResolver - Could not find key 'spring.liveBeansView.mbeanDomain' in any property source
12178 [main] INFO  o.a.coyote.http11.Http11NioProtocol - Initializing ProtocolHandler ["http-nio-1111"]
12191 [main] INFO  o.a.coyote.http11.Http11NioProtocol - Starting ProtocolHandler [http-nio-1111]
12204 [main] INFO  o.a.tomcat.util.net.NioSelectorPool - Using a shared selector for servlet write/read
12223 [main] INFO  o.s.b.c.e.t.TomcatEmbeddedServletContainer - Tomcat started on port(s): 1111 (http)
12223 [main] DEBUG o.s.b.f.s.DefaultListableBeanFactory - Returning cached instance of singleton bean 'org.springframework.cloud.netflix.eureka.EurekaDiscoveryClientConfiguration'
12224 [main] INFO  o.s.c.n.e.EurekaDiscoveryClientConfiguration - Updating port to 1111
12224 [main] DEBUG o.s.w.c.s.StandardServletEnvironment - Adding [server.ports] PropertySource with highest search precedence
12224 [main] DEBUG o.s.core.env.StandardEnvironment - Adding [server.ports] PropertySource with highest search precedence
12226 [main] DEBUG o.s.b.f.s.DefaultListableBeanFactory - Returning cached instance of singleton bean 'refreshEventListener'
12227 [main] INFO  com.yd.Application - Started Application in 11.712 seconds (JVM running for 12.576)
12227 [main] INFO  com.yd.Application - logback 成功了
12227 [main] ERROR com.yd.Application - logback 成功了
12227 [main] DEBUG com.yd.Application - logback 成功了
16149 [Eureka-EvictionTimer] DEBUG o.s.c.e.PropertySourcesPropertyResolver - Could not find key 'eureka.server.experimental.evict.compensateForDelays' in any property source
16149 [Eureka-EvictionTimer] DEBUG c.n.e.r.AbstractInstanceRegistry - Running the evict task
16149 [Eureka-EvictionTimer] DEBUG o.s.c.e.PropertySourcesPropertyResolver - Could not find key 'eureka.server.experimental.evict.cancel.disabled' in any property source
20149 [Eureka-EvictionTimer] DEBUG o.s.c.e.PropertySourcesPropertyResolver - Could not find key 'eureka.server.experimental.evict.compensateForDelays' in any property source
20149 [Eureka-EvictionTimer] DEBUG c.n.e.r.AbstractInstanceRegistry - Running the evict task
20149 [Eureka-EvictionTimer] DEBUG o.s.c.e.PropertySourcesPropertyResolver - Could not find key 'eureka.server.experimental.evict.cancel.disabled' in any property source
24149 [Eureka-EvictionTimer] DEBUG o.s.c.e.PropertySourcesPropertyResolver - Could not find key 'eureka.server.experimental.evict.compensateForDelays' in any property source
24149 [Eureka-EvictionTimer] DEBUG c.n.e.r.AbstractInstanceRegistry - Running the evict task
24149 [Eureka-EvictionTimer] DEBUG o.s.c.e.PropertySourcesPropertyResolver - Could not find key 'eureka.server.experimental.evict.cancel.disabled' in any property source
28149 [Eureka-EvictionTimer] DEBUG o.s.c.e.PropertySourcesPropertyResolver - Could not find key 'eureka.server.experimental.evict.compensateForDelays' in any property source
28149 [Eureka-EvictionTimer] DEBUG c.n.e.r.AbstractInstanceRegistry - Running the evict task
28149 [Eureka-EvictionTimer] DEBUG o.s.c.e.PropertySourcesPropertyResolver - Could not find key 'eureka.server.experimental.evict.cancel.disabled' in any property source
29585 [Eureka-CacheFillTimer] DEBUG c.n.e.registry.ResponseCacheImpl - Updating the client cache from response cache
32149 [Eureka-EvictionTimer] DEBUG o.s.c.e.PropertySourcesPropertyResolver - Could not find key 'eureka.server.experimental.evict.compensateForDelays' in any property source
32149 [Eureka-EvictionTimer] DEBUG c.n.e.r.AbstractInstanceRegistry - Running the evict task
32149 [Eureka-EvictionTimer] DEBUG o.s.c.e.PropertySourcesPropertyResolver - Could not find key 'eureka.server.experimental.evict.cancel.disabled' in any property source
36149 [Eureka-EvictionTimer] DEBUG o.s.c.e.PropertySourcesPropertyResolver - Could not find key 'eureka.server.experimental.evict.compensateForDelays' in any property source
36149 [Eureka-EvictionTimer] DEBUG c.n.e.r.AbstractInstanceRegistry - Running the evict task
36149 [Eureka-EvictionTimer] DEBUG o.s.c.e.PropertySourcesPropertyResolver - Could not find key 'eureka.server.experimental.evict.cancel.disabled' in any property source
40144 [Eureka-JerseyClient-Conn-Cleaner2] DEBUG c.n.d.s.MonitoredConnectionManager - Closing connections idle longer than 30 SECONDS
40144 [Eureka-JerseyClient-Conn-Cleaner2] DEBUG c.n.d.shared.NamedConnectionPool - Closing connections idle longer than 30 SECONDS
40149 [Eureka-EvictionTimer] DEBUG o.s.c.e.PropertySourcesPropertyResolver - Could not find key 'eureka.server.experimental.evict.compensateForDelays' in any property source
40149 [Eureka-EvictionTimer] DEBUG c.n.e.r.AbstractInstanceRegistry - Running the evict task
40149 [Eureka-EvictionTimer] DEBUG o.s.c.e.PropertySourcesPropertyResolver - Could not find key 'eureka.server.experimental.evict.cancel.disabled' in any property source
44149 [Eureka-EvictionTimer] DEBUG o.s.c.e.PropertySourcesPropertyResolver - Could not find key 'eureka.server.experimental.evict.compensateForDelays' in any property source
44149 [Eureka-EvictionTimer] DEBUG c.n.e.r.AbstractInstanceRegistry - Running the evict task
44149 [Eureka-EvictionTimer] DEBUG o.s.c.e.PropertySourcesPropertyResolver - Could not find key 'eureka.server.experimental.evict.cancel.disabled' in any property source
48149 [Eureka-EvictionTimer] DEBUG o.s.c.e.PropertySourcesPropertyResolver - Could not find key 'eureka.server.experimental.evict.compensateForDelays' in any property source
48150 [Eureka-EvictionTimer] DEBUG c.n.e.r.AbstractInstanceRegistry - Running the evict task
48150 [Eureka-EvictionTimer] DEBUG o.s.c.e.PropertySourcesPropertyResolver - Could not find key 'eureka.server.experimental.evict.cancel.disabled' in any property source
52149 [Eureka-EvictionTimer] DEBUG o.s.c.e.PropertySourcesPropertyResolver - Could not find key 'eureka.server.experimental.evict.compensateForDelays' in any property source
52149 [Eureka-EvictionTimer] DEBUG c.n.e.r.AbstractInstanceRegistry - Running the evict task
52149 [Eureka-EvictionTimer] DEBUG o.s.c.e.PropertySourcesPropertyResolver - Could not find key 'eureka.server.experimental.evict.cancel.disabled' in any property source
56149 [Eureka-EvictionTimer] DEBUG o.s.c.e.PropertySourcesPropertyResolver - Could not find key 'eureka.server.experimental.evict.compensateForDelays' in any property source
56149 [Eureka-EvictionTimer] DEBUG c.n.e.r.AbstractInstanceRegistry - Running the evict task
56149 [Eureka-EvictionTimer] DEBUG o.s.c.e.PropertySourcesPropertyResolver - Could not find key 'eureka.server.experimental.evict.cancel.disabled' in any property source
59585 [Eureka-CacheFillTimer] DEBUG c.n.e.registry.ResponseCacheImpl - Updating the client cache from response cache
60149 [Eureka-EvictionTimer] DEBUG o.s.c.e.PropertySourcesPropertyResolver - Could not find key 'eureka.server.experimental.evict.compensateForDelays' in any property source
60149 [Eureka-EvictionTimer] DEBUG c.n.e.r.AbstractInstanceRegistry - Running the evict task
60149 [Eureka-EvictionTimer] DEBUG o.s.c.e.PropertySourcesPropertyResolver - Could not find key 'eureka.server.experimental.evict.cancel.disabled' in any property source
64149 [Eureka-EvictionTimer] DEBUG o.s.c.e.PropertySourcesPropertyResolver - Could not find key 'eureka.server.experimental.evict.compensateForDelays' in any property source
64149 [Eureka-EvictionTimer] DEBUG c.n.e.r.AbstractInstanceRegistry - Running the evict task
64149 [Eureka-EvictionTimer] DEBUG o.s.c.e.PropertySourcesPropertyResolver - Could not find key 'eureka.server.experimental.evict.cancel.disabled' in any property source
68149 [Eureka-EvictionTimer] DEBUG o.s.c.e.PropertySourcesPropertyResolver - Could not find key 'eureka.server.experimental.evict.compensateForDelays' in any property source
68149 [Eureka-EvictionTimer] DEBUG c.n.e.r.AbstractInstanceRegistry - Running the evict task
68149 [Eureka-EvictionTimer] DEBUG o.s.c.e.PropertySourcesPropertyResolver - Could not find key 'eureka.server.experimental.evict.cancel.disabled' in any property source
70148 [Eureka-JerseyClient-Conn-Cleaner2] DEBUG c.n.d.s.MonitoredConnectionManager - Closing connections idle longer than 30 SECONDS
70148 [Eureka-JerseyClient-Conn-Cleaner2] DEBUG c.n.d.shared.NamedConnectionPool - Closing connections idle longer than 30 SECONDS
72149 [Eureka-EvictionTimer] DEBUG o.s.c.e.PropertySourcesPropertyResolver - Could not find key 'eureka.server.experimental.evict.compensateForDelays' in any property source
72149 [Eureka-EvictionTimer] DEBUG c.n.e.r.AbstractInstanceRegistry - Running the evict task
72149 [Eureka-EvictionTimer] DEBUG o.s.c.e.PropertySourcesPropertyResolver - Could not find key 'eureka.server.experimental.evict.cancel.disabled' in any property source
76149 [Eureka-EvictionTimer] DEBUG o.s.c.e.PropertySourcesPropertyResolver - Could not find key 'eureka.server.experimental.evict.compensateForDelays' in any property source
76149 [Eureka-EvictionTimer] DEBUG c.n.e.r.AbstractInstanceRegistry - Running the evict task
76149 [Eureka-EvictionTimer] DEBUG o.s.c.e.PropertySourcesPropertyResolver - Could not find key 'eureka.server.experimental.evict.cancel.disabled' in any property source
80149 [Eureka-EvictionTimer] DEBUG o.s.c.e.PropertySourcesPropertyResolver - Could not find key 'eureka.server.experimental.evict.compensateForDelays' in any property source
80150 [Eureka-EvictionTimer] DEBUG c.n.e.r.AbstractInstanceRegistry - Running the evict task
80150 [Eureka-EvictionTimer] DEBUG o.s.c.e.PropertySourcesPropertyResolver - Could not find key 'eureka.server.experimental.evict.cancel.disabled' in any property source
84150 [Eureka-EvictionTimer] DEBUG o.s.c.e.PropertySourcesPropertyResolver - Could not find key 'eureka.server.experimental.evict.compensateForDelays' in any property source
84150 [Eureka-EvictionTimer] DEBUG c.n.e.r.AbstractInstanceRegistry - Running the evict task
84150 [Eureka-EvictionTimer] DEBUG o.s.c.e.PropertySourcesPropertyResolver - Could not find key 'eureka.server.experimental.evict.cancel.disabled' in any property source
88150 [Eureka-EvictionTimer] DEBUG o.s.c.e.PropertySourcesPropertyResolver - Could not find key 'eureka.server.experimental.evict.compensateForDelays' in any property source
88150 [Eureka-EvictionTimer] DEBUG c.n.e.r.AbstractInstanceRegistry - Running the evict task
88150 [Eureka-EvictionTimer] DEBUG o.s.c.e.PropertySourcesPropertyResolver - Could not find key 'eureka.server.experimental.evict.cancel.disabled' in any property source
89585 [Eureka-CacheFillTimer] DEBUG c.n.e.registry.ResponseCacheImpl - Updating the client cache from response cache
92150 [Eureka-EvictionTimer] DEBUG o.s.c.e.PropertySourcesPropertyResolver - Could not find key 'eureka.server.experimental.evict.compensateForDelays' in any property source
92150 [Eureka-EvictionTimer] DEBUG c.n.e.r.AbstractInstanceRegistry - Running the evict task
92150 [Eureka-EvictionTimer] DEBUG o.s.c.e.PropertySourcesPropertyResolver - Could not find key 'eureka.server.experimental.evict.cancel.disabled' in any property source
96150 [Eureka-EvictionTimer] DEBUG o.s.c.e.PropertySourcesPropertyResolver - Could not find key 'eureka.server.experimental.evict.compensateForDelays' in any property source
96150 [Eureka-EvictionTimer] DEBUG c.n.e.r.AbstractInstanceRegistry - Running the evict task
96150 [Eureka-EvictionTimer] DEBUG o.s.c.e.PropertySourcesPropertyResolver - Could not find key 'eureka.server.experimental.evict.cancel.disabled' in any property source
100150 [Eureka-EvictionTimer] DEBUG o.s.c.e.PropertySourcesPropertyResolver - Could not find key 'eureka.server.experimental.evict.compensateForDelays' in any property source
100150 [Eureka-EvictionTimer] DEBUG c.n.e.r.AbstractInstanceRegistry - Running the evict task
100150 [Eureka-EvictionTimer] DEBUG o.s.c.e.PropertySourcesPropertyResolver - Could not find key 'eureka.server.experimental.evict.cancel.disabled' in any property source
100151 [Eureka-JerseyClient-Conn-Cleaner2] DEBUG c.n.d.s.MonitoredConnectionManager - Closing connections idle longer than 30 SECONDS
100151 [Eureka-JerseyClient-Conn-Cleaner2] DEBUG c.n.d.shared.NamedConnectionPool - Closing connections idle longer than 30 SECONDS
104150 [Eureka-EvictionTimer] DEBUG o.s.c.e.PropertySourcesPropertyResolver - Could not find key 'eureka.server.experimental.evict.compensateForDelays' in any property source
104150 [Eureka-EvictionTimer] DEBUG c.n.e.r.AbstractInstanceRegistry - Running the evict task
104150 [Eureka-EvictionTimer] DEBUG o.s.c.e.PropertySourcesPropertyResolver - Could not find key 'eureka.server.experimental.evict.cancel.disabled' in any property source
108150 [Eureka-EvictionTimer] DEBUG o.s.c.e.PropertySourcesPropertyResolver - Could not find key 'eureka.server.experimental.evict.compensateForDelays' in any property source
108150 [Eureka-EvictionTimer] DEBUG c.n.e.r.AbstractInstanceRegistry - Running the evict task
108150 [Eureka-EvictionTimer] DEBUG o.s.c.e.PropertySourcesPropertyResolver - Could not find key 'eureka.server.experimental.evict.cancel.disabled' in any property source
